
> laravel-react-reactions@1.0.0 test:e2e
> playwright test


Running 40 tests using 8 workers

[1A[2K[1/40] [chromium] › tests/Browser/comments.spec.js:196:5 › Comments System › shows character counter
[1A[2K[2/40] [chromium] › tests/Browser/comments.spec.js:63:5 › Comments System › can edit a comment
[1A[2K[3/40] [chromium] › tests/Browser/comments.spec.js:26:5 › Comments System › can add a new comment
[1A[2K[4/40] [chromium] › tests/Browser/comments.spec.js:214:5 › Comments System › shows validation error for empty comment
[1A[2K[5/40] [chromium] › tests/Browser/comments.spec.js:13:5 › Comments System › can view comments section
[1A[2K[6/40] [chromium] › tests/Browser/comments.spec.js:106:5 › Comments System › can reply to a comment
[1A[2K[7/40] [chromium] › tests/Browser/comments.spec.js:177:5 › Comments System › can react to a comment
[1A[2K[8/40] [chromium] › tests/Browser/comments.spec.js:138:5 › Comments System › can delete a comment
[1A[2K[9/40] [chromium] › tests/Browser/comments.spec.js:232:5 › Comments System › can cancel comment editing
[1A[2K  1) [chromium] › tests/Browser/comments.spec.js:26:5 › Comments System › can add a new comment ────

    Error: [2mexpect([22m[31mlocator[39m[2m).[22mtoBeVisible[2m([22m[2m)[22m failed

    Locator: locator('text=Success')
    Expected: visible
    Error: strict mode violation: locator('text=Success') resolved to 2 elements:
        1) <h2 class="text-xl font-bold text-gray-900 mb-3">User Success Stories</h2> aka getByRole('heading', { name: 'User Success Stories' })
        2) <p class="text-gray-600 leading-relaxed mb-6">We love hearing from our users! Today we are shar…</p> aka getByText('We love hearing from our')

    Call log:
    [2m  - Expect "toBeVisible" with timeout 5000ms[22m
    [2m  - waiting for locator('text=Success')[22m


      51 |         
      52 |         // Wait for success toast
    > 53 |         await expect(page.locator('text=Success')).toBeVisible({ timeout: 5000 });
         |                                                    ^
      54 |         await expect(page.locator(`text=${commentText}`)).toBeVisible();
      55 |         
      56 |         // Take screenshot of new comment
        at /Users/vahan/Herd/laravel-react-reactions/packages/truefans/laravel-react-reactions/tests/Browser/comments.spec.js:53:52

    attachment #1: screenshot (image/png) ──────────────────────────────────────────────────────────
    test-results/comments-Comments-System-can-add-a-new-comment-chromium/test-failed-1.png
    ────────────────────────────────────────────────────────────────────────────────────────────────

    Error Context: test-results/comments-Comments-System-can-add-a-new-comment-chromium/error-context.md


[1A[2K  2) [chromium] › tests/Browser/comments.spec.js:106:5 › Comments System › can reply to a comment ──

    Error: [2mexpect([22m[31mlocator[39m[2m).[22mtoBeVisible[2m([22m[2m)[22m failed

    Locator: locator('text=Success')
    Expected: visible
    Error: strict mode violation: locator('text=Success') resolved to 2 elements:
        1) <h2 class="text-xl font-bold text-gray-900 mb-3">User Success Stories</h2> aka getByRole('heading', { name: 'User Success Stories' })
        2) <p class="text-gray-600 leading-relaxed mb-6">We love hearing from our users! Today we are shar…</p> aka getByText('We love hearing from our')

    Call log:
    [2m  - Expect "toBeVisible" with timeout 5000ms[22m
    [2m  - waiting for locator('text=Success')[22m


      126 |         
      127 |         // Wait for success
    > 128 |         await expect(page.locator('text=Success')).toBeVisible({ timeout: 5000 });
          |                                                    ^
      129 |         await expect(page.locator(`text=${replyText}`)).toBeVisible();
      130 |         
      131 |         // Take screenshot of nested reply
        at /Users/vahan/Herd/laravel-react-reactions/packages/truefans/laravel-react-reactions/tests/Browser/comments.spec.js:128:52

    attachment #1: screenshot (image/png) ──────────────────────────────────────────────────────────
    test-results/comments-Comments-System-can-reply-to-a-comment-chromium/test-failed-1.png
    ────────────────────────────────────────────────────────────────────────────────────────────────

    Error Context: test-results/comments-Comments-System-can-reply-to-a-comment-chromium/error-context.md


[1A[2K  3) [chromium] › tests/Browser/comments.spec.js:13:5 › Comments System › can view comments section 

    Error: [2mexpect([22m[31mlocator[39m[2m).[22mtoBeVisible[2m([22m[2m)[22m failed

    Locator: locator('text=Comments')
    Expected: visible
    Error: strict mode violation: locator('text=Comments') resolved to 80 elements:
        1) <h3 class="text-base font-semibold text-gray-900">Comments (35)</h3> aka getByRole('heading', { name: 'Comments (35)' })
        2) <button class="px-4 py-2 text-sm font-medium text-gray-700 bg-white border border-gray-300 rounded-md hover:bg-gray-50 transition-colors disabled:opacity-50 disabled:cursor-not-allowed flex items-center gap-2">Show More Comments</button> aka getByRole('button', { name: 'Show More Comments' })
        3) <h3 class="text-base font-semibold text-gray-900">Comments (3)</h3> aka getByRole('article').filter({ hasText: 'Amazing New Features' }).locator('h3')
        4) <h3 class="text-base font-semibold text-gray-900">Comments (2)</h3> aka getByRole('article').filter({ hasText: 'Community Guidelines UpdateWe' }).locator('h3')
        5) <h3 class="text-base font-semibold text-gray-900">Comments (5)</h3> aka getByRole('article').filter({ hasText: 'Behind the Scenes:' }).locator('h3')
        6) <h3 class="text-base font-semibold text-gray-900">Comments (3)</h3> aka getByRole('article').filter({ hasText: 'User Success StoriesWe love' }).locator('h3')
        7) <h3 class="text-base font-semibold text-gray-900">Comments (4)</h3> aka getByRole('heading', { name: 'Comments (4)' })
        8) <h3 class="text-base font-semibold text-gray-900">Comments (5)</h3> aka getByRole('heading', { name: 'Comments (5)' }).nth(1)
        9) <h3 class="text-base font-semibold text-gray-900">Comments (2)</h3> aka getByRole('heading', { name: 'Comments (2)' }).nth(1)
        10) <h3 class="text-base font-semibold text-gray-900">Comments (5)</h3> aka getByRole('heading', { name: 'Comments (5)' }).nth(2)
        ...

    Call log:
    [2m  - Expect "toBeVisible" with timeout 5000ms[22m
    [2m  - waiting for locator('text=Comments')[22m


      15 |         
      16 |         // Wait for comments section to load
    > 17 |         await expect(page.locator('text=Comments')).toBeVisible();
         |                                                     ^
      18 |         
      19 |         // Take screenshot of comments section
      20 |         await page.screenshot({ 
        at /Users/vahan/Herd/laravel-react-reactions/packages/truefans/laravel-react-reactions/tests/Browser/comments.spec.js:17:53

    attachment #1: screenshot (image/png) ──────────────────────────────────────────────────────────
    test-results/comments-Comments-System-can-view-comments-section-chromium/test-failed-1.png
    ────────────────────────────────────────────────────────────────────────────────────────────────

    Error Context: test-results/comments-Comments-System-can-view-comments-section-chromium/error-context.md


[1A[2K[10/40] [chromium] › tests/Browser/comments.spec.js:254:5 › Comments System › displays user avatars and names
[1A[2K[11/40] [chromium] › tests/Browser/comments.spec.js:270:5 › Comments System › shows edited indicator
[1A[2K[12/40] [chromium] › tests/Browser/integration.spec.js:16:5 › Reactions and Comments Integration › can react to comments
[1A[2K[13/40] [chromium] › tests/Browser/integration.spec.js:29:5 › Reactions and Comments Integration › comment reactions update independently from post reactions
[1A[2K  4) [chromium] › tests/Browser/comments.spec.js:254:5 › Comments System › displays user avatars and names 

    Error: [2mexpect([22m[31mlocator[39m[2m).[22mtoBeVisible[2m([22m[2m)[22m failed

    Locator: locator('[class*="comment"]').first().locator('[class*="rounded-full"]')
    Expected: visible
    Timeout: 5000ms
    Error: element(s) not found

    Call log:
    [2m  - Expect "toBeVisible" with timeout 5000ms[22m
    [2m  - waiting for locator('[class*="comment"]').first().locator('[class*="rounded-full"]')[22m


      257 |         // Check for user avatar
      258 |         const commentItem = page.locator('[class*="comment"]').first();
    > 259 |         await expect(commentItem.locator('[class*="rounded-full"]')).toBeVisible();
          |                                                                      ^
      260 |         
      261 |         // Check for user name
      262 |         await expect(commentItem.locator('text=/Test User|User/')).toBeVisible();
        at /Users/vahan/Herd/laravel-react-reactions/packages/truefans/laravel-react-reactions/tests/Browser/comments.spec.js:259:70

    attachment #1: screenshot (image/png) ──────────────────────────────────────────────────────────
    test-results/comments-Comments-System-displays-user-avatars-and-names-chromium/test-failed-1.png
    ────────────────────────────────────────────────────────────────────────────────────────────────

    Error Context: test-results/comments-Comments-System-displays-user-avatars-and-names-chromium/error-context.md


[1A[2K[14/40] [chromium] › tests/Browser/reactions-modal.spec.js:16:5 › ReactionsModal › opens modal when clicking reaction count
[1A[2K  5) [chromium] › tests/Browser/reactions-modal.spec.js:16:5 › ReactionsModal › opens modal when clicking reaction count 

    Error: [2mexpect([22m[31mlocator[39m[2m).[22mtoBeVisible[2m([22m[2m)[22m failed

    Locator: locator('[role="dialog"]')
    Expected: visible
    Timeout: 5000ms
    Error: element(s) not found

    Call log:
    [2m  - Expect "toBeVisible" with timeout 5000ms[22m
    [2m  - waiting for locator('[role="dialog"]')[22m


      23 |         
      24 |         // Modal should be visible
    > 25 |         await expect(page.locator('[role="dialog"]')).toBeVisible();
         |                                                       ^
      26 |         await expect(page.locator('text=Reactions')).toBeVisible();
      27 |     });
      28 |
        at /Users/vahan/Herd/laravel-react-reactions/packages/truefans/laravel-react-reactions/tests/Browser/reactions-modal.spec.js:25:55

    attachment #1: screenshot (image/png) ──────────────────────────────────────────────────────────
    test-results/reactions-modal-ReactionsM-748d6-hen-clicking-reaction-count-chromium/test-failed-1.png
    ────────────────────────────────────────────────────────────────────────────────────────────────

    Error Context: test-results/reactions-modal-ReactionsM-748d6-hen-clicking-reaction-count-chromium/error-context.md


[1A[2K[15/40] [chromium] › tests/Browser/reactions-modal.spec.js:29:5 › ReactionsModal › displays tabs for different reaction types
[1A[2K  6) [chromium] › tests/Browser/reactions-modal.spec.js:29:5 › ReactionsModal › displays tabs for different reaction types 

    Error: [2mexpect([22m[31mlocator[39m[2m).[22mtoBeVisible[2m([22m[2m)[22m failed

    Locator: locator('text=All')
    Expected: visible
    Error: strict mode violation: locator('text=All') resolved to 13 elements:
        1) <p class="text-gray-600 leading-relaxed mb-6">This is a demonstration of our Facebook-like reac…</p> aka getByText('This is a demonstration of')
        2) <p class="text-gray-600 leading-relaxed mb-6">Ever wondered how we built this reaction system? …</p> aka getByText('Ever wondered how we built')
        3) <p class="text-sm text-gray-800 whitespace-pre-wrap mb-2">This is really helpful, thank you!</p> aka getByText('This is really helpful, thank').first()
        4) <p class="text-sm text-gray-800 whitespace-pre-wrap mb-2">This is really helpful, thank you!</p> aka getByText('This is really helpful, thank').nth(1)
        5) <p class="text-sm text-gray-800 whitespace-pre-wrap mb-2">I totally agree with this.</p> aka getByText('I totally agree with this.').first()
        6) <p class="text-gray-600 leading-relaxed mb-6">We have reached an incredible milestone - 10,000 …</p> aka getByText('We have reached an incredible')
        7) <p class="text-sm text-gray-800 whitespace-pre-wrap mb-2">This is really helpful, thank you!</p> aka getByText('This is really helpful, thank').nth(2)
        8) <p class="text-sm text-gray-800 whitespace-pre-wrap mb-2">I totally agree with this.</p> aka getByText('I totally agree with this.').nth(1)
        9) <p class="text-gray-600 leading-relaxed mb-6">It is the weekend! Time to relax and unwind. What…</p> aka getByText('It is the weekend! Time to')
        10) <label>…</label> aka getByText('Automatically show new')
        ...

    Call log:
    [2m  - Expect "toBeVisible" with timeout 5000ms[22m
    [2m  - waiting for locator('text=All')[22m


      40 |         
      41 |         // Check tabs exist
    > 42 |         await expect(page.locator('text=All')).toBeVisible();
         |                                                ^
      43 |         await expect(page.locator('[data-testid="reaction-tab-love"]')).toBeVisible();
      44 |     });
      45 |
        at /Users/vahan/Herd/laravel-react-reactions/packages/truefans/laravel-react-reactions/tests/Browser/reactions-modal.spec.js:42:48

    attachment #1: screenshot (image/png) ──────────────────────────────────────────────────────────
    test-results/reactions-modal-ReactionsM-e7236-or-different-reaction-types-chromium/test-failed-1.png
    ────────────────────────────────────────────────────────────────────────────────────────────────

    Error Context: test-results/reactions-modal-ReactionsM-e7236-or-different-reaction-types-chromium/error-context.md


[1A[2K[16/40] [chromium] › tests/Browser/reactions-modal.spec.js:46:5 › ReactionsModal › filters users by reaction type when clicking tab
[1A[2K  7) [chromium] › tests/Browser/comments.spec.js:177:5 › Comments System › can react to a comment ──

    [31mTest timeout of 30000ms exceeded.[39m

    Error: locator.click: Test timeout of 30000ms exceeded.
    Call log:
    [2m  - waiting for locator('[class*="comment"]').first().locator('button').filter({ hasText: /👍|Like/ }).first()[22m


      183 |         
      184 |         // Click reaction
    > 185 |         await reactionButton.click();
          |                              ^
      186 |         
      187 |         // Wait for reaction to register
      188 |         await page.waitForTimeout(500);
        at /Users/vahan/Herd/laravel-react-reactions/packages/truefans/laravel-react-reactions/tests/Browser/comments.spec.js:185:30

    attachment #1: screenshot (image/png) ──────────────────────────────────────────────────────────
    test-results/comments-Comments-System-can-react-to-a-comment-chromium/test-failed-1.png
    ────────────────────────────────────────────────────────────────────────────────────────────────

    Error Context: test-results/comments-Comments-System-can-react-to-a-comment-chromium/error-context.md


[1A[2K  8) [chromium] › tests/Browser/comments.spec.js:63:5 › Comments System › can edit a comment ───────

    [31mTest timeout of 30000ms exceeded.[39m

    Error: locator.click: Test timeout of 30000ms exceeded.
    Call log:
    [2m  - waiting for locator('[class*="comment"]').first().locator('button').first()[22m


      68 |         
      69 |         // Click more options menu
    > 70 |         await commentItem.locator('button').first().click();
         |                                                     ^
      71 |         
      72 |         // Take screenshot of dropdown menu
      73 |         await page.screenshot({ 
        at /Users/vahan/Herd/laravel-react-reactions/packages/truefans/laravel-react-reactions/tests/Browser/comments.spec.js:70:53

    attachment #1: screenshot (image/png) ──────────────────────────────────────────────────────────
    test-results/comments-Comments-System-can-edit-a-comment-chromium/test-failed-1.png
    ────────────────────────────────────────────────────────────────────────────────────────────────

    Error Context: test-results/comments-Comments-System-can-edit-a-comment-chromium/error-context.md


[1A[2K  9) [chromium] › tests/Browser/comments.spec.js:214:5 › Comments System › shows validation error for empty comment 

    [31mTest timeout of 30000ms exceeded.[39m

    Error: page.click: Test timeout of 30000ms exceeded.
    Call log:
    [2m  - waiting for locator('button:has-text("Post")')[22m
    [2m    - locator resolved to <button disabled type="submit" data-testid="submit-comment" class="flex items-center gap-2 px-4 py-2 text-sm font-medium text-white bg-gray-900 rounded-lg hover:bg-gray-800 transition-colors disabled:opacity-50 disabled:cursor-not-allowed">…</button>[22m
    [2m  - attempting click action[22m
    [2m    2 × waiting for element to be visible, enabled and stable[22m
    [2m      - element is not enabled[22m
    [2m    - retrying click action[22m
    [2m    - waiting 20ms[22m
    [2m    2 × waiting for element to be visible, enabled and stable[22m
    [2m      - element is not enabled[22m
    [2m    - retrying click action[22m
    [2m      - waiting 100ms[22m
    [2m    45 × waiting for element to be visible, enabled and stable[22m
    [2m       - element is not enabled[22m
    [2m     - retrying click action[22m
    [2m       - waiting 500ms[22m


      219 |         
      220 |         // Try to submit empty comment
    > 221 |         await page.click('button:has-text("Post")');
          |                    ^
      222 |         
      223 |         // Check for error message
      224 |         await expect(page.locator('text=/cannot be empty/i')).toBeVisible();
        at /Users/vahan/Herd/laravel-react-reactions/packages/truefans/laravel-react-reactions/tests/Browser/comments.spec.js:221:20

    attachment #1: screenshot (image/png) ──────────────────────────────────────────────────────────
    test-results/comments-Comments-System-s-0f6ea-ion-error-for-empty-comment-chromium/test-failed-1.png
    ────────────────────────────────────────────────────────────────────────────────────────────────

    Error Context: test-results/comments-Comments-System-s-0f6ea-ion-error-for-empty-comment-chromium/error-context.md


[1A[2K  10) [chromium] › tests/Browser/comments.spec.js:138:5 › Comments System › can delete a comment ───

    [31mTest timeout of 30000ms exceeded.[39m

    Error: locator.click: Test timeout of 30000ms exceeded.
    Call log:
    [2m  - waiting for locator('[class*="comment"]').first().locator('button').first()[22m


      143 |         
      144 |         // Click more options on first comment
    > 145 |         await page.locator('[class*="comment"]').first().locator('button').first().click();
          |                                                                                    ^
      146 |         
      147 |         // Click delete
      148 |         await page.click('text=Delete');
        at /Users/vahan/Herd/laravel-react-reactions/packages/truefans/laravel-react-reactions/tests/Browser/comments.spec.js:145:84

    attachment #1: screenshot (image/png) ──────────────────────────────────────────────────────────
    test-results/comments-Comments-System-can-delete-a-comment-chromium/test-failed-1.png
    ────────────────────────────────────────────────────────────────────────────────────────────────

    Error Context: test-results/comments-Comments-System-can-delete-a-comment-chromium/error-context.md


[1A[2K[17/40] [chromium] › tests/Browser/reactions-modal.spec.js:88:5 › ReactionsModal › closes modal when clicking outside
[1A[2K[18/40] [chromium] › tests/Browser/reactions-modal.spec.js:61:5 › ReactionsModal › shows user name and reaction type in list
[1A[2K[19/40] [chromium] › tests/Browser/reactions-modal.spec.js:74:5 › ReactionsModal › closes modal when clicking close button
[1A[2K[20/40] [chromium] › tests/Browser/reactions-modal.spec.js:102:5 › ReactionsModal › loads more users when scrolling
[1A[2K[21/40] [chromium] › tests/Browser/reactions-modal.spec.js:108:5 › ReactionsModal › shows empty state when no reactions
[1A[2K  11) [chromium] › tests/Browser/comments.spec.js:232:5 › Comments System › can cancel comment editing 

    [31mTest timeout of 30000ms exceeded.[39m

    Error: locator.click: Test timeout of 30000ms exceeded.
    Call log:
    [2m  - waiting for locator('[class*="comment"]').first().locator('button').first()[22m


      234 |         
      235 |         // Start editing
    > 236 |         await page.locator('[class*="comment"]').first().locator('button').first().click();
          |                                                                                    ^
      237 |         await page.click('text=Edit');
      238 |         
      239 |         // Change text
        at /Users/vahan/Herd/laravel-react-reactions/packages/truefans/laravel-react-reactions/tests/Browser/comments.spec.js:236:84

    attachment #1: screenshot (image/png) ──────────────────────────────────────────────────────────
    test-results/comments-Comments-System-can-cancel-comment-editing-chromium/test-failed-1.png
    ────────────────────────────────────────────────────────────────────────────────────────────────

    Error Context: test-results/comments-Comments-System-can-cancel-comment-editing-chromium/error-context.md


[1A[2K[22/40] [chromium] › tests/Browser/reactions-modal.spec.js:114:5 › ReactionsModal › updates in real-time when reactions change
[1A[2K[23/40] [chromium] › tests/Browser/reactions.spec.js:23:5 › Reactions Component › should display the Like button
[1A[2K  12) [chromium] › tests/Browser/reactions-modal.spec.js:61:5 › ReactionsModal › shows user name and reaction type in list 

    Error: [2mexpect([22m[31mlocator[39m[2m).[22mtoBeVisible[2m([22m[2m)[22m failed

    Locator: locator('text=Test User')
    Expected: visible
    Error: strict mode violation: locator('text=Test User') resolved to 9 elements:
        1) <span class="text-sm font-semibold text-gray-900 cursor-pointer hover:underline">Test User</span> aka getByText('Test User').first()
        2) <span class="text-sm font-semibold text-gray-900 cursor-pointer hover:underline">Test User</span> aka getByText('Test User').nth(1)
        3) <span class="text-sm font-semibold text-gray-900 cursor-pointer hover:underline">Test User</span> aka getByText('Test User').nth(2)
        4) <span class="text-sm font-semibold text-gray-900 cursor-pointer hover:underline">Test User</span> aka getByText('Test User').nth(3)
        5) <span class="text-sm font-semibold text-gray-900 cursor-pointer hover:underline">Test User</span> aka getByText('Test User').nth(4)
        6) <span class="text-sm font-semibold text-gray-900 cursor-pointer hover:underline">Test User</span> aka getByText('Test User').nth(5)
        7) <span class="text-sm font-semibold text-gray-900 cursor-pointer hover:underline">Test User</span> aka locator('div:nth-child(4) > .mt-2 > div > .bg-white.rounded-md.border.border-gray-200 > .flex.items-start > .flex.items-center.gap-2 > div:nth-child(2) > .flex > .text-sm').first()
        8) <span class="text-sm font-semibold text-gray-900 cursor-pointer hover:underline">Test User</span> aka locator('.mt-2 > div:nth-child(2) > .bg-white.rounded-md.border.border-gray-200 > .flex.items-start > .flex.items-center.gap-2 > div:nth-child(2) > .flex > .text-sm').first()
        9) <span class="text-sm font-semibold text-gray-900 cursor-pointer hover:underline">Test User</span> aka locator('div:nth-child(5) > .bg-white.rounded-md.border.border-gray-200 > .flex.items-start > .flex.items-center.gap-2 > div:nth-child(2) > .flex > .text-sm').first()

    Call log:
    [2m  - Expect "toBeVisible" with timeout 5000ms[22m
    [2m  - waiting for locator('text=Test User')[22m


      68 |         
      69 |         // Check user info is displayed
    > 70 |         await expect(page.locator('text=Test User')).toBeVisible();
         |                                                      ^
      71 |         await expect(page.locator('[data-testid="user-reaction-type"]')).toContainText('👍');
      72 |     });
      73 |
        at /Users/vahan/Herd/laravel-react-reactions/packages/truefans/laravel-react-reactions/tests/Browser/reactions-modal.spec.js:70:54

    attachment #1: screenshot (image/png) ──────────────────────────────────────────────────────────
    test-results/reactions-modal-ReactionsM-e6220-e-and-reaction-type-in-list-chromium/test-failed-1.png
    ────────────────────────────────────────────────────────────────────────────────────────────────

    Error Context: test-results/reactions-modal-ReactionsM-e6220-e-and-reaction-type-in-list-chromium/error-context.md


[1A[2K[chromium] › tests/Browser/reactions.spec.js:23:5 › Reactions Component › should display the Like button
BROWSER LOG: [vite] connecting...

[1A[2KBROWSER LOG: %cDownload the React DevTools for a better development experience: https://react.dev/link/react-devtools font-weight:bold

[1A[2KBROWSER LOG: [vite] connected.

[1A[2K[24/40] [chromium] › tests/Browser/reactions.spec.js:31:5 › Reactions Component › should show reaction picker on hover
[1A[2K[chromium] › tests/Browser/reactions.spec.js:31:5 › Reactions Component › should show reaction picker on hover
BROWSER LOG: [vite] connecting...

[1A[2K[chromium] › tests/Browser/reactions.spec.js:23:5 › Reactions Component › should display the Like button
BROWSER LOG: Comments initialized: {initialCount: 5, totalComments: 36, hasMore: true}

[1A[2KBROWSER LOG: Comments initialized: {initialCount: 3, totalComments: 3, hasMore: false}

[1A[2KBROWSER LOG: Comments initialized: {initialCount: 2, totalComments: 2, hasMore: false}

[1A[2KBROWSER LOG: Comments initialized: {initialCount: 5, totalComments: 5, hasMore: false}

[1A[2KBROWSER LOG: Comments initialized: {initialCount: 3, totalComments: 3, hasMore: false}

[1A[2KBROWSER LOG: Comments initialized: {initialCount: 4, totalComments: 4, hasMore: false}

[1A[2KBROWSER LOG: Comments initialized: {initialCount: 5, totalComments: 5, hasMore: false}

[1A[2KBROWSER LOG: Comments initialized: {initialCount: 2, totalComments: 2, hasMore: false}

[1A[2KBROWSER LOG: Comments initialized: {initialCount: 5, totalComments: 5, hasMore: false}

[1A[2KBROWSER LOG: Comments initialized: {initialCount: 5, totalComments: 5, hasMore: false}

[1A[2KBROWSER LOG: All props: {posts: Array(10), flash: Object, errors: Array(0)}

[1A[2KBROWSER LOG: Flash: {success: null} Errors: []

[1A[2K[chromium] › tests/Browser/reactions.spec.js:31:5 › Reactions Component › should show reaction picker on hover
BROWSER LOG: %cDownload the React DevTools for a better development experience: https://react.dev/link/react-devtools font-weight:bold

[1A[2KBROWSER LOG: [vite] connected.

[1A[2K[chromium] › tests/Browser/reactions.spec.js:23:5 › Reactions Component › should display the Like button
PAGE CONTENT: <!DOCTYPE html><html lang="en" class="sf-js-enabled nprogress-busy"><head>
    <meta charset="utf-8">
    <meta name="viewport" content="width=device-width, initial-scale=1">
    <meta name="csrf-token" content="ffFqRZQMtOWHYekrdcbOri7SmLKxeQrv6XuiBlkB">

    <title inertia="">Login - Laravel</title>

    <script type="module">
    import RefreshRuntime from 'http://localhost:5174/@react-refresh'
    RefreshRuntime.injectIntoGlobalHook(window)
    window.$RefreshReg$ = () => {}
    window.$RefreshSig$ = () => (type) => type
    window.__vite_plugin_react_preamble_installed__ = true
</script>    <script type="module" src="http://localhost:5174/@vite/client"></script><link rel="stylesheet" href="http://localhost:5174/workbench/resources/css/app.css"><script type="module" src="http://localhost:5174/workbench/resources/js/app.jsx"></script>    <link rel="stylesheet" type="text/css" property="stylesheet" href="/_debugbar/assets/stylesheets?v=1763541085" data-turbolinks-eval="false" data-turbo-eval="false"><script src="/_debugbar/assets/javascript?v=1763541085" data-turbolinks-eval="false" data-turbo-eval="false"></script><script data-turbo-eval="false">jQuery.noConflict(true);</script>
<script> Sfdump = window.Sfdump || (function (doc) { doc.documentElement.classList.add('sf-js-enabled'); var rxEsc = /([.*+?^${}()|\[\]\/\\])/g, idRx = /\bsf-dump-\d+-ref[012]\w+\b/, keyHint = 0 <= navigator.platform.toUpperCase().indexOf('MAC') ? 'Cmd' : 'Ctrl', addEventListener = function (e, n, cb) { e.addEventListener(n, cb, false); }; if (!doc.addEventListener) { addEventListener = function (element, eventName, callback) { element.attachEvent('on' + eventName, function (e) { e.preventDefault = function () {e.returnValue = false;}; e.target = e.srcElement; callback(e); }); }; } function toggle(a, recursive) { var s = a.nextSibling || {}, oldClass = s.className, arrow, newClass; if (/\bsf-dump-compact\b/.test(oldClass)) { arrow = '▼'; newClass = 'sf-dump-expanded'; } else if (/\bsf-dump-expanded\b/.test(oldClass)) { arrow = '▶'; newClass = 'sf-dump-compact'; } else { return false; } if (doc.createEvent && s.dispatchEvent) { var event = doc.createEvent('Event'); event.initEvent('sf-dump-expanded' === newClass ? 'sfbeforedumpexpand' : 'sfbeforedumpcollapse', true, false); s.dispatchEvent(event); } a.lastChild.innerHTML = arrow; s.className = s.className.replace(/\bsf-dump-(compact|expanded)\b/, newClass); if (recursive) { try { a = s.querySelectorAll('.'+oldClass); for (s = 0; s < a.length; ++s) { if (-1 == a[s].className.indexOf(newClass)) { a[s].className = newClass; a[s].previousSibling.lastChild.innerHTML = arrow; } } } catch (e) { } } return true; }; function collapse(a, recursive) { var s = a.nextSibling || {}, oldClass = s.className; if (/\bsf-dump-expanded\b/.test(oldClass)) { toggle(a, recursive); return true; } return false; }; function expand(a, recursive) { var s = a.nextSibling || {}, oldClass = s.className; if (/\bsf-dump-compact\b/.test(oldClass)) { toggle(a, recursive); return true; } return false; }; function collapseAll(root) { var a = root.querySelector('a.sf-dump-toggle'); if (a) { collapse(a, true); expand(a); return true; } return false; } function reveal(node) { var previous, parents = []; while ((node = node.parentNode || {}) && (previous = node.previousSibling) && 'A' === previous.tagName) { parents.push(previous); } if (0 !== parents.length) { parents.forEach(function (parent) { expand(parent); }); return true; } return false; } function highlight(root, activeNode, nodes) { resetHighlightedNodes(root); Array.from(nodes||[]).forEach(function (node) { if (!/\bsf-dump-highlight\b/.test(node.className)) { node.className = node.className + ' sf-dump-highlight'; } }); if (!/\bsf-dump-highlight-active\b/.test(activeNode.className)) { activeNode.className = activeNode.className + ' sf-dump-highlight-active'; } } function resetHighlightedNodes(root) { Array.from(root.querySelectorAll('.sf-dump-str, .sf-dump-key, .sf-dump-public, .sf-dump-protected, .sf-dump-private')).forEach(function (strNode) { strNode.className = strNode.className.replace(/\bsf-dump-highlight\b/, ''); strNode.className = strNode.className.replace(/\bsf-dump-highlight-active\b/, ''); }); } return function (root, x) { root = doc.getElementById(root); var indentRx = new RegExp('^('+(root.getAttribute('data-indent-pad') || ' ').replace(rxEsc, '\\$1')+')+', 'm'), options = {"maxDepth":1,"maxStringLength":160,"fileLinkFormat":false}, elt = root.getElementsByTagName('A'), len = elt.length, i = 0, s, h, t = []; while (i < len) t.push(elt[i++]); for (i in x) { options[i] = x[i]; } function a(e, f) { addEventListener(root, e, function (e, n) { if ('A' == e.target.tagName) { f(e.target, e); } else if ('A' == e.target.parentNode.tagName) { f(e.target.parentNode, e); } else { n = /\bsf-dump-ellipsis\b/.test(e.target.className) ? e.target.parentNode : e.target; if ((n = n.nextElementSibling) && 'A' == n.tagName) { if (!/\bsf-dump-toggle\b/.test(n.className)) { n = n.nextElementSibling || n; } f(n, e, true); } } }); }; function isCtrlKey(e) { return e.ctrlKey || e.metaKey; } function xpathString(str) { var parts = str.match(/[^'"]+|['"]/g).map(function (part) { if ("'" == part) { return '"\'"'; } if ('"' == part) { return "'\"'"; } return "'" + part + "'"; }); return "concat(" + parts.join(",") + ", '')"; } function xpathHasClass(className) { return "contains(concat(' ', normalize-space(@class), ' '), ' " + className +" ')"; } a('mouseover', function (a, e, c) { if (c) { e.target.style.cursor = "pointer"; } }); a('click', function (a, e, c) { if (/\bsf-dump-toggle\b/.test(a.className)) { e.preventDefault(); if (!toggle(a, isCtrlKey(e))) { var r = doc.getElementById(a.getAttribute('href').slice(1)), s = r.previousSibling, f = r.parentNode, t = a.parentNode; t.replaceChild(r, a); f.replaceChild(a, s); t.insertBefore(s, r); f = f.firstChild.nodeValue.match(indentRx); t = t.firstChild.nodeValue.match(indentRx); if (f && t && f[0] !== t[0]) { r.innerHTML = r.innerHTML.replace(new RegExp('^'+f[0].replace(rxEsc, '\\$1'), 'mg'), t[0]); } if (/\bsf-dump-compact\b/.test(r.className)) { toggle(s, isCtrlKey(e)); } } if (c) { } else if (doc.getSelection) { try { doc.getSelection().removeAllRanges(); } catch (e) { doc.getSelection().empty(); } } else { doc.selection.empty(); } } else if (/\bsf-dump-str-toggle\b/.test(a.className)) { e.preventDefault(); e = a.parentNode.parentNode; e.className = e.className.replace(/\bsf-dump-str-(expand|collapse)\b/, a.parentNode.className); } }); elt = root.getElementsByTagName('SAMP'); len = elt.length; i = 0; while (i < len) t.push(elt[i++]); len = t.length; for (i = 0; i < len; ++i) { elt = t[i]; if ('SAMP' == elt.tagName) { a = elt.previousSibling || {}; if ('A' != a.tagName) { a = doc.createElement('A'); a.className = 'sf-dump-ref'; elt.parentNode.insertBefore(a, elt); } else { a.innerHTML += ' '; } a.title = (a.title ? a.title+'\n[' : '[')+keyHint+'+click] Expand all children'; a.innerHTML += elt.className == 'sf-dump-compact' ? '<span>▶</span>' : '<span>▼</span>'; a.className += ' sf-dump-toggle'; x = 1; if ('sf-dump' != elt.parentNode.className) { x += elt.parentNode.getAttribute('data-depth')/1; } } else if (/\bsf-dump-ref\b/.test(elt.className) && (a = elt.getAttribute('href'))) { a = a.slice(1); elt.className += ' sf-dump-hover'; elt.className += ' '+a; if (/[\[{]$/.test(elt.previousSibling.nodeValue)) { a = a != elt.nextSibling.id && doc.getElementById(a); try { s = a.nextSibling; elt.appendChild(a); s.parentNode.insertBefore(a, s); if (/^[@#]/.test(elt.innerHTML)) { elt.innerHTML += ' <span>▶</span>'; } else { elt.innerHTML = '<span>▶</span>'; elt.className = 'sf-dump-ref'; } elt.className += ' sf-dump-toggle'; } catch (e) { if ('&' == elt.innerHTML.charAt(0)) { elt.innerHTML = '…'; elt.className = 'sf-dump-ref'; } } } } } if (doc.evaluate && Array.from && root.children.length > 1) { root.setAttribute('tabindex', 0); SearchState = function () { this.nodes = []; this.idx = 0; }; SearchState.prototype = { next: function () { if (this.isEmpty()) { return this.current(); } this.idx = this.idx < (this.nodes.length - 1) ? this.idx + 1 : 0; return this.current(); }, previous: function () { if (this.isEmpty()) { return this.current(); } this.idx = this.idx > 0 ? this.idx - 1 : (this.nodes.length - 1); return this.current(); }, isEmpty: function () { return 0 === this.count(); }, current: function () { if (this.isEmpty()) { return null; } return this.nodes[this.idx]; }, reset: function () { this.nodes = []; this.idx = 0; }, count: function () { return this.nodes.length; }, }; function showCurrent(state) { var currentNode = state.current(), currentRect, searchRect; if (currentNode) { reveal(currentNode); highlight(root, currentNode, state.nodes); if ('scrollIntoView' in currentNode) { currentNode.scrollIntoView(true); currentRect = currentNode.getBoundingClientRect(); searchRect = search.getBoundingClientRect(); if (currentRect.top < (searchRect.top + searchRect.height)) { window.scrollBy(0, -(searchRect.top + searchRect.height + 5)); } } } counter.textContent = (state.isEmpty() ? 0 : state.idx + 1) + ' of ' + state.count(); } var search = doc.createElement('div'); search.className = 'sf-dump-search-wrapper sf-dump-search-hidden'; search.innerHTML = ' <input type="text" class="sf-dump-search-input"> <span class="sf-dump-search-count">0 of 0<\/span> <button type="button" class="sf-dump-search-input-previous" tabindex="-1"> <svg viewBox="0 0 1792 1792" xmlns="http://www.w3.org/2000/svg"><path d="M1683 1331l-166 165q-19 19-45 19t-45-19L896 965l-531 531q-19 19-45 19t-45-19l-166-165q-19-19-19-45.5t19-45.5l742-741q19-19 45-19t45 19l742 741q19 19 19 45.5t-19 45.5z"\/><\/svg> <\/button> <button type="button" class="sf-dump-search-input-next" tabindex="-1"> <svg viewBox="0 0 1792 1792" xmlns="http://www.w3.org/2000/svg"><path d="M1683 808l-742 741q-19 19-45 19t-45-19L109 808q-19-19-19-45.5t19-45.5l166-165q19-19 45-19t45 19l531 531 531-531q19-19 45-19t45 19l166 165q19 19 19 45.5t-19 45.5z"\/><\/svg> <\/button> '; root.insertBefore(search, root.firstChild); var state = new SearchState(); var searchInput = search.querySelector('.sf-dump-search-input'); var counter = search.querySelector('.sf-dump-search-count'); var searchInputTimer = 0; var previousSearchQuery = ''; addEventListener(searchInput, 'keyup', function (e) { var searchQuery = e.target.value; /* Don't perform anything if the pressed key didn't change the query */ if (searchQuery === previousSearchQuery) { return; } previousSearchQuery = searchQuery; clearTimeout(searchInputTimer); searchInputTimer = setTimeout(function () { state.reset(); collapseAll(root); resetHighlightedNodes(root); if ('' === searchQuery) { counter.textContent = '0 of 0'; return; } var classMatches = [ "sf-dump-str", "sf-dump-key", "sf-dump-public", "sf-dump-protected", "sf-dump-private", ].map(xpathHasClass).join(' or '); var xpathResult = doc.evaluate('.//span[' + classMatches + '][contains(translate(child::text(), ' + xpathString(searchQuery.toUpperCase()) + ', ' + xpathString(searchQuery.toLowerCase()) + '), ' + xpathString(searchQuery.toLowerCase()) + ')]', root, null, XPathResult.ORDERED_NODE_ITERATOR_TYPE, null); while (node = xpathResult.iterateNext()) state.nodes.push(node); showCurrent(state); }, 400); }); Array.from(search.querySelectorAll('.sf-dump-search-input-next, .sf-dump-search-input-previous')).forEach(function (btn) { addEventListener(btn, 'click', function (e) { e.preventDefault(); -1 !== e.target.className.indexOf('next') ? state.next() : state.previous(); searchInput.focus(); collapseAll(root); showCurrent(state); }) }); addEventListener(root, 'keydown', function (e) { var isSearchActive = !/\bsf-dump-search-hidden\b/.test(search.className); if ((114 === e.keyCode && !isSearchActive) || (isCtrlKey(e) && 70 === e.keyCode)) { /* F3 or CMD/CTRL + F */ if (70 === e.keyCode && document.activeElement === searchInput) { /* * If CMD/CTRL + F is hit while having focus on search input, * the user probably meant to trigger browser search instead. * Let the browser execute its behavior: */ return; } e.preventDefault(); search.className = search.className.replace(/\bsf-dump-search-hidden\b/, ''); searchInput.focus(); } else if (isSearchActive) { if (27 === e.keyCode) { /* ESC key */ search.className += ' sf-dump-search-hidden'; e.preventDefault(); resetHighlightedNodes(root); searchInput.value = ''; } else if ( (isCtrlKey(e) && 71 === e.keyCode) /* CMD/CTRL + G */ || 13 === e.keyCode /* Enter */ || 114 === e.keyCode /* F3 */ ) { e.preventDefault(); e.shiftKey ? state.previous() : state.next(); collapseAll(root); showCurrent(state); } } }); } if (0 >= options.maxStringLength) { return; } try { elt = root.querySelectorAll('.sf-dump-str'); len = elt.length; i = 0; t = []; while (i < len) t.push(elt[i++]); len = t.length; for (i = 0; i < len; ++i) { elt = t[i]; s = elt.innerText || elt.textContent; x = s.length - options.maxStringLength; if (0 < x) { h = elt.innerHTML; elt[elt.innerText ? 'innerText' : 'textContent'] = s.substring(0, options.maxStringLength); elt.className += ' sf-dump-str-collapse'; elt.innerHTML = '<span class=sf-dump-str-collapse>'+h+'<a class="sf-dump-ref sf-dump-str-toggle" title="Collapse"> ◀</a></span>'+ '<span class=sf-dump-str-expand>'+elt.innerHTML+'<a class="sf-dump-ref sf-dump-str-toggle" title="'+x+' remaining characters"> ▶</a></span>'; } } } catch (e) { } }; })(document); </script><style> .sf-js-enabled .phpdebugbar pre.sf-dump .sf-dump-compact, .sf-js-enabled .sf-dump-str-collapse .sf-dump-str-collapse, .sf-js-enabled .sf-dump-str-expand .sf-dump-str-expand { display: none; } .sf-dump-hover:hover { background-color: #B729D9; color: #FFF !important; border-radius: 2px; } .phpdebugbar pre.sf-dump { display: block; white-space: pre; padding: 5px; overflow: initial !important; } .phpdebugbar pre.sf-dump:after { content: ""; visibility: hidden; display: block; height: 0; clear: both; } .phpdebugbar pre.sf-dump .sf-dump-ellipsization { display: inline-flex; } .phpdebugbar pre.sf-dump a { text-decoration: none; cursor: pointer; border: 0; outline: none; color: inherit; } .phpdebugbar pre.sf-dump img { max-width: 50em; max-height: 50em; margin: .5em 0 0 0; padding: 0; background: url(data:image/png;base64,iVBORw0KGgoAAAANSUhEUgAAABAAAAAQCAAAAAA6mKC9AAAAHUlEQVQY02O8zAABilCaiQEN0EeA8QuUcX9g3QEAAjcC5piyhyEAAAAASUVORK5CYII=) #D3D3D3; } .phpdebugbar pre.sf-dump .sf-dump-ellipsis { text-overflow: ellipsis; white-space: nowrap; overflow: hidden; } .phpdebugbar pre.sf-dump .sf-dump-ellipsis-tail { flex-shrink: 0; } .phpdebugbar pre.sf-dump code { display:inline; padding:0; background:none; } .sf-dump-public.sf-dump-highlight, .sf-dump-protected.sf-dump-highlight, .sf-dump-private.sf-dump-highlight, .sf-dump-str.sf-dump-highlight, .sf-dump-key.sf-dump-highlight { background: rgba(111, 172, 204, 0.3); border: 1px solid #7DA0B1; border-radius: 3px; } .sf-dump-public.sf-dump-highlight-active, .sf-dump-protected.sf-dump-highlight-active, .sf-dump-private.sf-dump-highlight-active, .sf-dump-str.sf-dump-highlight-active, .sf-dump-key.sf-dump-highlight-active { background: rgba(253, 175, 0, 0.4); border: 1px solid #ffa500; border-radius: 3px; } .phpdebugbar pre.sf-dump .sf-dump-search-hidden { display: none !important; } .phpdebugbar pre.sf-dump .sf-dump-search-wrapper { font-size: 0; white-space: nowrap; margin-bottom: 5px; display: flex; position: -webkit-sticky; position: sticky; top: 5px; } .phpdebugbar pre.sf-dump .sf-dump-search-wrapper > * { vertical-align: top; box-sizing: border-box; height: 21px; font-weight: normal; border-radius: 0; background: #FFF; color: #757575; border: 1px solid #BBB; } .phpdebugbar pre.sf-dump .sf-dump-search-wrapper > input.sf-dump-search-input { padding: 3px; height: 21px; font-size: 12px; border-right: none; border-top-left-radius: 3px; border-bottom-left-radius: 3px; color: #000; min-width: 15px; width: 100%; } .phpdebugbar pre.sf-dump .sf-dump-search-wrapper > .sf-dump-search-input-next, .phpdebugbar pre.sf-dump .sf-dump-search-wrapper > .sf-dump-search-input-previous { background: #F2F2F2; outline: none; border-left: none; font-size: 0; line-height: 0; } .phpdebugbar pre.sf-dump .sf-dump-search-wrapper > .sf-dump-search-input-next { border-top-right-radius: 3px; border-bottom-right-radius: 3px; } .phpdebugbar pre.sf-dump .sf-dump-search-wrapper > .sf-dump-search-input-next > svg, .phpdebugbar pre.sf-dump .sf-dump-search-wrapper > .sf-dump-search-input-previous > svg { pointer-events: none; width: 12px; height: 12px; } .phpdebugbar pre.sf-dump .sf-dump-search-wrapper > .sf-dump-search-count { display: inline-block; padding: 0 5px; margin: 0; border-left: none; line-height: 21px; font-size: 12px; }.phpdebugbar pre.sf-dump, .phpdebugbar pre.sf-dump .sf-dump-default{word-wrap: break-word; white-space: pre-wrap; word-break: normal}.phpdebugbar pre.sf-dump .sf-dump-num{font-weight:bold; color:#1299DA}.phpdebugbar pre.sf-dump .sf-dump-const{font-weight:bold}.phpdebugbar pre.sf-dump .sf-dump-str{font-weight:bold; color:#3A9B26}.phpdebugbar pre.sf-dump .sf-dump-note{color:#1299DA}.phpdebugbar pre.sf-dump .sf-dump-ref{color:#7B7B7B}.phpdebugbar pre.sf-dump .sf-dump-public{color:#000000}.phpdebugbar pre.sf-dump .sf-dump-protected{color:#000000}.phpdebugbar pre.sf-dump .sf-dump-private{color:#000000}.phpdebugbar pre.sf-dump .sf-dump-meta{color:#B729D9}.phpdebugbar pre.sf-dump .sf-dump-key{color:#3A9B26}.phpdebugbar pre.sf-dump .sf-dump-index{color:#1299DA}.phpdebugbar pre.sf-dump .sf-dump-ellipsis{color:#A0A000}.phpdebugbar pre.sf-dump .sf-dump-virtual{font-style:italic}.phpdebugbar pre.sf-dump .sf-dump-ns{user-select:none;}.phpdebugbar pre.sf-dump .sf-dump-ellipsis-note{color:#1299DA}.phpdebugbar[data-theme='dark'] pre.sf-dump, pre.sf-dump .sf-dump-default{background-color:#18171B; color:#FF8400; line-height:1.2em; font:12px Menlo, Monaco, Consolas, monospace; word-wrap: break-word; white-space: pre-wrap; position:relative; z-index:99999; word-break: break-all}.phpdebugbar[data-theme='dark'] pre.sf-dump .sf-dump-num{font-weight:bold; color:#1299DA}.phpdebugbar[data-theme='dark'] pre.sf-dump .sf-dump-const{font-weight:bold}.phpdebugbar[data-theme='dark'] pre.sf-dump .sf-dump-virtual{font-style:italic}.phpdebugbar[data-theme='dark'] pre.sf-dump .sf-dump-str{font-weight:bold; color:#56DB3A}.phpdebugbar[data-theme='dark'] pre.sf-dump .sf-dump-note{color:#1299DA}.phpdebugbar[data-theme='dark'] pre.sf-dump .sf-dump-ref{color:#A0A0A0}.phpdebugbar[data-theme='dark'] pre.sf-dump .sf-dump-public{color:#FFFFFF}.phpdebugbar[data-theme='dark'] pre.sf-dump .sf-dump-protected{color:#FFFFFF}.phpdebugbar[data-theme='dark'] pre.sf-dump .sf-dump-private{color:#FFFFFF}.phpdebugbar[data-theme='dark'] pre.sf-dump .sf-dump-meta{color:#B729D9}.phpdebugbar[data-theme='dark'] pre.sf-dump .sf-dump-key{color:#56DB3A}.phpdebugbar[data-theme='dark'] pre.sf-dump .sf-dump-index{color:#1299DA}.phpdebugbar[data-theme='dark'] pre.sf-dump .sf-dump-ellipsis{color:#FF8400}.phpdebugbar[data-theme='dark'] pre.sf-dump .sf-dump-ns{user-select:none;}.phpdebugbar[data-theme='dark'] pre.sf-dump .sf-dump-ellipsis-note{color:#1299DA}</style>
<style type="text/css" data-vite-dev-id="/Users/vahan/Herd/laravel-react-reactions/packages/truefans/laravel-react-reactions/workbench/resources/css/app.css">/*! tailwindcss v4.1.17 | MIT License | https://tailwindcss.com */
@layer properties;
@layer theme, base, components, utilities;
@layer theme {
  :root, :host {
    --font-sans: ui-sans-serif, system-ui, sans-serif, "Apple Color Emoji",
      "Segoe UI Emoji", "Segoe UI Symbol", "Noto Color Emoji";
    --font-mono: ui-monospace, SFMono-Regular, Menlo, Monaco, Consolas, "Liberation Mono",
      "Courier New", monospace;
    --color-red-500: oklch(63.7% 0.237 25.331);
    --color-red-600: oklch(57.7% 0.245 27.325);
    --color-red-700: oklch(50.5% 0.213 27.518);
    --color-amber-50: oklch(98.7% 0.022 95.277);
    --color-amber-100: oklch(96.2% 0.059 95.617);
    --color-amber-200: oklch(92.4% 0.12 95.746);
    --color-amber-800: oklch(47.3% 0.137 46.201);
    --color-amber-900: oklch(41.4% 0.112 45.904);
    --color-yellow-50: oklch(98.7% 0.026 102.212);
    --color-green-500: oklch(72.3% 0.219 149.579);
    --color-blue-100: oklch(93.2% 0.032 255.585);
    --color-blue-600: oklch(54.6% 0.245 262.881);
    --color-indigo-500: oklch(58.5% 0.233 277.117);
    --color-indigo-600: oklch(51.1% 0.262 276.966);
    --color-indigo-700: oklch(45.7% 0.24 277.023);
    --color-gray-50: oklch(98.5% 0.002 247.839);
    --color-gray-100: oklch(96.7% 0.003 264.542);
    --color-gray-200: oklch(92.8% 0.006 264.531);
    --color-gray-300: oklch(87.2% 0.01 258.338);
    --color-gray-400: oklch(70.7% 0.022 261.325);
    --color-gray-500: oklch(55.1% 0.027 264.364);
    --color-gray-600: oklch(44.6% 0.03 256.802);
    --color-gray-700: oklch(37.3% 0.034 259.733);
    --color-gray-800: oklch(27.8% 0.033 256.848);
    --color-gray-900: oklch(21% 0.034 264.665);
    --color-black: #000;
    --color-white: #fff;
    --spacing: 0.25rem;
    --container-md: 28rem;
    --container-lg: 32rem;
    --container-4xl: 56rem;
    --container-5xl: 64rem;
    --text-xs: 0.75rem;
    --text-xs--line-height: calc(1 / 0.75);
    --text-sm: 0.875rem;
    --text-sm--line-height: calc(1.25 / 0.875);
    --text-base: 1rem;
    --text-base--line-height: calc(1.5 / 1);
    --text-lg: 1.125rem;
    --text-lg--line-height: calc(1.75 / 1.125);
    --text-xl: 1.25rem;
    --text-xl--line-height: calc(1.75 / 1.25);
    --text-2xl: 1.5rem;
    --text-2xl--line-height: calc(2 / 1.5);
    --text-3xl: 1.875rem;
    --text-3xl--line-height: calc(2.25 / 1.875);
    --text-4xl: 2.25rem;
    --text-4xl--line-height: calc(2.5 / 2.25);
    --text-6xl: 3.75rem;
    --text-6xl--line-height: 1;
    --font-weight-medium: 500;
    --font-weight-semibold: 600;
    --font-weight-bold: 700;
    --font-weight-extrabold: 800;
    --tracking-tight: -0.025em;
    --leading-relaxed: 1.625;
    --radius-sm: 0.25rem;
    --radius-md: 0.375rem;
    --radius-lg: 0.5rem;
    --radius-xl: 0.75rem;
    --ease-out: cubic-bezier(0, 0, 0.2, 1);
    --animate-spin: spin 1s linear infinite;
    --animate-pulse: pulse 2s cubic-bezier(0.4, 0, 0.6, 1) infinite;
    --default-transition-duration: 150ms;
    --default-transition-timing-function: cubic-bezier(0.4, 0, 0.2, 1);
    --default-font-family: var(--font-sans);
    --default-mono-font-family: var(--font-mono);
  }
}
@layer base {
  *, ::after, ::before, ::backdrop, ::file-selector-button {
    box-sizing: border-box;
    margin: 0;
    padding: 0;
    border: 0 solid;
  }
  html, :host {
    line-height: 1.5;
    -webkit-text-size-adjust: 100%;
    tab-size: 4;
    font-family: var(--default-font-family, ui-sans-serif, system-ui, sans-serif, "Apple Color Emoji", "Segoe UI Emoji", "Segoe UI Symbol", "Noto Color Emoji");
    font-feature-settings: var(--default-font-feature-settings, normal);
    font-variation-settings: var(--default-font-variation-settings, normal);
    -webkit-tap-highlight-color: transparent;
  }
  hr {
    height: 0;
    color: inherit;
    border-top-width: 1px;
  }
  abbr:where([title]) {
    -webkit-text-decoration: underline dotted;
    text-decoration: underline dotted;
  }
  h1, h2, h3, h4, h5, h6 {
    font-size: inherit;
    font-weight: inherit;
  }
  a {
    color: inherit;
    -webkit-text-decoration: inherit;
    text-decoration: inherit;
  }
  b, strong {
    font-weight: bolder;
  }
  code, kbd, samp, pre {
    font-family: var(--default-mono-font-family, ui-monospace, SFMono-Regular, Menlo, Monaco, Consolas, "Liberation Mono", "Courier New", monospace);
    font-feature-settings: var(--default-mono-font-feature-settings, normal);
    font-variation-settings: var(--default-mono-font-variation-settings, normal);
    font-size: 1em;
  }
  small {
    font-size: 80%;
  }
  sub, sup {
    font-size: 75%;
    line-height: 0;
    position: relative;
    vertical-align: baseline;
  }
  sub {
    bottom: -0.25em;
  }
  sup {
    top: -0.5em;
  }
  table {
    text-indent: 0;
    border-color: inherit;
    border-collapse: collapse;
  }
  :-moz-focusring {
    outline: auto;
  }
  progress {
    vertical-align: baseline;
  }
  summary {
    display: list-item;
  }
  ol, ul, menu {
    list-style: none;
  }
  img, svg, video, canvas, audio, iframe, embed, object {
    display: block;
    vertical-align: middle;
  }
  img, video {
    max-width: 100%;
    height: auto;
  }
  button, input, select, optgroup, textarea, ::file-selector-button {
    font: inherit;
    font-feature-settings: inherit;
    font-variation-settings: inherit;
    letter-spacing: inherit;
    color: inherit;
    border-radius: 0;
    background-color: transparent;
    opacity: 1;
  }
  :where(select:is([multiple], [size])) optgroup {
    font-weight: bolder;
  }
  :where(select:is([multiple], [size])) optgroup option {
    padding-inline-start: 20px;
  }
  ::file-selector-button {
    margin-inline-end: 4px;
  }
  ::placeholder {
    opacity: 1;
  }
  @supports (not (-webkit-appearance: -apple-pay-button))  or (contain-intrinsic-size: 1px) {
    ::placeholder {
      color: currentcolor;
      @supports (color: color-mix(in lab, red, red)) {
        color: color-mix(in oklab, currentcolor 50%, transparent);
      }
    }
  }
  textarea {
    resize: vertical;
  }
  ::-webkit-search-decoration {
    -webkit-appearance: none;
  }
  ::-webkit-date-and-time-value {
    min-height: 1lh;
    text-align: inherit;
  }
  ::-webkit-datetime-edit {
    display: inline-flex;
  }
  ::-webkit-datetime-edit-fields-wrapper {
    padding: 0;
  }
  ::-webkit-datetime-edit, ::-webkit-datetime-edit-year-field, ::-webkit-datetime-edit-month-field, ::-webkit-datetime-edit-day-field, ::-webkit-datetime-edit-hour-field, ::-webkit-datetime-edit-minute-field, ::-webkit-datetime-edit-second-field, ::-webkit-datetime-edit-millisecond-field, ::-webkit-datetime-edit-meridiem-field {
    padding-block: 0;
  }
  ::-webkit-calendar-picker-indicator {
    line-height: 1;
  }
  :-moz-ui-invalid {
    box-shadow: none;
  }
  button, input:where([type="button"], [type="reset"], [type="submit"]), ::file-selector-button {
    appearance: button;
  }
  ::-webkit-inner-spin-button, ::-webkit-outer-spin-button {
    height: auto;
  }
  [hidden]:where(:not([hidden="until-found"])) {
    display: none !important;
  }
}
@layer utilities {
  .pointer-events-auto {
    pointer-events: auto;
  }
  .collapse {
    visibility: collapse;
  }
  .visible {
    visibility: visible;
  }
  .absolute {
    position: absolute;
  }
  .fixed {
    position: fixed;
  }
  .relative {
    position: relative;
  }
  .static {
    position: static;
  }
  .sticky {
    position: sticky;
  }
  .inset-0 {
    inset: calc(var(--spacing) * 0);
  }
  .top-0 {
    top: calc(var(--spacing) * 0);
  }
  .top-2 {
    top: calc(var(--spacing) * 2);
  }
  .top-\[50\%\] {
    top: 50%;
  }
  .right-2 {
    right: calc(var(--spacing) * 2);
  }
  .right-3 {
    right: calc(var(--spacing) * 3);
  }
  .right-4 {
    right: calc(var(--spacing) * 4);
  }
  .bottom-3 {
    bottom: calc(var(--spacing) * 3);
  }
  .bottom-4 {
    bottom: calc(var(--spacing) * 4);
  }
  .bottom-full {
    bottom: 100%;
  }
  .left-0 {
    left: calc(var(--spacing) * 0);
  }
  .left-\[50\%\] {
    left: 50%;
  }
  .z-10 {
    z-index: 10;
  }
  .z-50 {
    z-index: 50;
  }
  .z-\[100\] {
    z-index: 100;
  }
  .col-1 {
    grid-column: 1;
  }
  .col-11 {
    grid-column: 11;
  }
  .container {
    width: 100%;
    @media (width >= 40rem) {
      max-width: 40rem;
    }
    @media (width >= 48rem) {
      max-width: 48rem;
    }
    @media (width >= 64rem) {
      max-width: 64rem;
    }
    @media (width >= 80rem) {
      max-width: 80rem;
    }
    @media (width >= 96rem) {
      max-width: 96rem;
    }
  }
  .m-5 {
    margin: calc(var(--spacing) * 5);
  }
  .mx-auto {
    margin-inline: auto;
  }
  .mt-1 {
    margin-top: calc(var(--spacing) * 1);
  }
  .mt-2 {
    margin-top: calc(var(--spacing) * 2);
  }
  .mt-3 {
    margin-top: calc(var(--spacing) * 3);
  }
  .mt-4 {
    margin-top: calc(var(--spacing) * 4);
  }
  .mt-6 {
    margin-top: calc(var(--spacing) * 6);
  }
  .mt-8 {
    margin-top: calc(var(--spacing) * 8);
  }
  .mt-16 {
    margin-top: calc(var(--spacing) * 16);
  }
  .mr-2 {
    margin-right: calc(var(--spacing) * 2);
  }
  .mb-1 {
    margin-bottom: calc(var(--spacing) * 1);
  }
  .mb-2 {
    margin-bottom: calc(var(--spacing) * 2);
  }
  .mb-3 {
    margin-bottom: calc(var(--spacing) * 3);
  }
  .mb-4 {
    margin-bottom: calc(var(--spacing) * 4);
  }
  .mb-6 {
    margin-bottom: calc(var(--spacing) * 6);
  }
  .mb-8 {
    margin-bottom: calc(var(--spacing) * 8);
  }
  .ml-2 {
    margin-left: calc(var(--spacing) * 2);
  }
  .ml-10 {
    margin-left: calc(var(--spacing) * 10);
  }
  .ml-12 {
    margin-left: calc(var(--spacing) * 12);
  }
  .block {
    display: block;
  }
  .contents {
    display: contents;
  }
  .flex {
    display: flex;
  }
  .grid {
    display: grid;
  }
  .hidden {
    display: none;
  }
  .inline {
    display: inline;
  }
  .inline-block {
    display: inline-block;
  }
  .inline-flex {
    display: inline-flex;
  }
  .table {
    display: table;
  }
  .h-2\.5 {
    height: calc(var(--spacing) * 2.5);
  }
  .h-3 {
    height: calc(var(--spacing) * 3);
  }
  .h-4 {
    height: calc(var(--spacing) * 4);
  }
  .h-5 {
    height: calc(var(--spacing) * 5);
  }
  .h-8 {
    height: calc(var(--spacing) * 8);
  }
  .h-9 {
    height: calc(var(--spacing) * 9);
  }
  .h-10 {
    height: calc(var(--spacing) * 10);
  }
  .h-12 {
    height: calc(var(--spacing) * 12);
  }
  .h-16 {
    height: calc(var(--spacing) * 16);
  }
  .h-\[600px\] {
    height: 600px;
  }
  .max-h-48 {
    max-height: calc(var(--spacing) * 48);
  }
  .max-h-96 {
    max-height: calc(var(--spacing) * 96);
  }
  .max-h-\[600px\] {
    max-height: 600px;
  }
  .max-h-screen {
    max-height: 100vh;
  }
  .min-h-screen {
    min-height: 100vh;
  }
  .w-2\.5 {
    width: calc(var(--spacing) * 2.5);
  }
  .w-3 {
    width: calc(var(--spacing) * 3);
  }
  .w-4 {
    width: calc(var(--spacing) * 4);
  }
  .w-5 {
    width: calc(var(--spacing) * 5);
  }
  .w-8 {
    width: calc(var(--spacing) * 8);
  }
  .w-9 {
    width: calc(var(--spacing) * 9);
  }
  .w-10 {
    width: calc(var(--spacing) * 10);
  }
  .w-12 {
    width: calc(var(--spacing) * 12);
  }
  .w-16 {
    width: calc(var(--spacing) * 16);
  }
  .w-32 {
    width: calc(var(--spacing) * 32);
  }
  .w-48 {
    width: calc(var(--spacing) * 48);
  }
  .w-96 {
    width: calc(var(--spacing) * 96);
  }
  .w-full {
    width: 100%;
  }
  .max-w-4xl {
    max-width: var(--container-4xl);
  }
  .max-w-5xl {
    max-width: var(--container-5xl);
  }
  .max-w-lg {
    max-width: var(--container-lg);
  }
  .max-w-md {
    max-width: var(--container-md);
  }
  .max-w-none {
    max-width: none;
  }
  .min-w-0 {
    min-width: calc(var(--spacing) * 0);
  }
  .min-w-\[8rem\] {
    min-width: 8rem;
  }
  .flex-1 {
    flex: 1;
  }
  .flex-shrink-0 {
    flex-shrink: 0;
  }
  .shrink-0 {
    flex-shrink: 0;
  }
  .translate-x-\[-50\%\] {
    --tw-translate-x: -50%;
    translate: var(--tw-translate-x) var(--tw-translate-y);
  }
  .translate-y-\[-50\%\] {
    --tw-translate-y: -50%;
    translate: var(--tw-translate-x) var(--tw-translate-y);
  }
  .scale-95 {
    --tw-scale-x: 95%;
    --tw-scale-y: 95%;
    --tw-scale-z: 95%;
    scale: var(--tw-scale-x) var(--tw-scale-y);
  }
  .scale-100 {
    --tw-scale-x: 100%;
    --tw-scale-y: 100%;
    --tw-scale-z: 100%;
    scale: var(--tw-scale-x) var(--tw-scale-y);
  }
  .scale-110 {
    --tw-scale-x: 110%;
    --tw-scale-y: 110%;
    --tw-scale-z: 110%;
    scale: var(--tw-scale-x) var(--tw-scale-y);
  }
  .transform {
    transform: var(--tw-rotate-x,) var(--tw-rotate-y,) var(--tw-rotate-z,) var(--tw-skew-x,) var(--tw-skew-y,);
  }
  .animate-pulse {
    animation: var(--animate-pulse);
  }
  .animate-spin {
    animation: var(--animate-spin);
  }
  .cursor-not-allowed {
    cursor: not-allowed;
  }
  .cursor-pointer {
    cursor: pointer;
  }
  .resize {
    resize: both;
  }
  .resize-none {
    resize: none;
  }
  .appearance-none {
    appearance: none;
  }
  .flex-col {
    flex-direction: column;
  }
  .flex-col-reverse {
    flex-direction: column-reverse;
  }
  .items-center {
    align-items: center;
  }
  .items-start {
    align-items: flex-start;
  }
  .justify-between {
    justify-content: space-between;
  }
  .justify-center {
    justify-content: center;
  }
  .gap-0\.5 {
    gap: calc(var(--spacing) * 0.5);
  }
  .gap-1 {
    gap: calc(var(--spacing) * 1);
  }
  .gap-1\.5 {
    gap: calc(var(--spacing) * 1.5);
  }
  .gap-2 {
    gap: calc(var(--spacing) * 2);
  }
  .gap-3 {
    gap: calc(var(--spacing) * 3);
  }
  .gap-4 {
    gap: calc(var(--spacing) * 4);
  }
  .-space-y-px {
    :where(& > :not(:last-child)) {
      --tw-space-y-reverse: 0;
      margin-block-start: calc(-1px * var(--tw-space-y-reverse));
      margin-block-end: calc(-1px * calc(1 - var(--tw-space-y-reverse)));
    }
  }
  .space-y-1 {
    :where(& > :not(:last-child)) {
      --tw-space-y-reverse: 0;
      margin-block-start: calc(calc(var(--spacing) * 1) * var(--tw-space-y-reverse));
      margin-block-end: calc(calc(var(--spacing) * 1) * calc(1 - var(--tw-space-y-reverse)));
    }
  }
  .space-y-1\.5 {
    :where(& > :not(:last-child)) {
      --tw-space-y-reverse: 0;
      margin-block-start: calc(calc(var(--spacing) * 1.5) * var(--tw-space-y-reverse));
      margin-block-end: calc(calc(var(--spacing) * 1.5) * calc(1 - var(--tw-space-y-reverse)));
    }
  }
  .space-y-2 {
    :where(& > :not(:last-child)) {
      --tw-space-y-reverse: 0;
      margin-block-start: calc(calc(var(--spacing) * 2) * var(--tw-space-y-reverse));
      margin-block-end: calc(calc(var(--spacing) * 2) * calc(1 - var(--tw-space-y-reverse)));
    }
  }
  .space-y-3 {
    :where(& > :not(:last-child)) {
      --tw-space-y-reverse: 0;
      margin-block-start: calc(calc(var(--spacing) * 3) * var(--tw-space-y-reverse));
      margin-block-end: calc(calc(var(--spacing) * 3) * calc(1 - var(--tw-space-y-reverse)));
    }
  }
  .space-y-4 {
    :where(& > :not(:last-child)) {
      --tw-space-y-reverse: 0;
      margin-block-start: calc(calc(var(--spacing) * 4) * var(--tw-space-y-reverse));
      margin-block-end: calc(calc(var(--spacing) * 4) * calc(1 - var(--tw-space-y-reverse)));
    }
  }
  .space-y-6 {
    :where(& > :not(:last-child)) {
      --tw-space-y-reverse: 0;
      margin-block-start: calc(calc(var(--spacing) * 6) * var(--tw-space-y-reverse));
      margin-block-end: calc(calc(var(--spacing) * 6) * calc(1 - var(--tw-space-y-reverse)));
    }
  }
  .space-y-8 {
    :where(& > :not(:last-child)) {
      --tw-space-y-reverse: 0;
      margin-block-start: calc(calc(var(--spacing) * 8) * var(--tw-space-y-reverse));
      margin-block-end: calc(calc(var(--spacing) * 8) * calc(1 - var(--tw-space-y-reverse)));
    }
  }
  .space-x-4 {
    :where(& > :not(:last-child)) {
      --tw-space-x-reverse: 0;
      margin-inline-start: calc(calc(var(--spacing) * 4) * var(--tw-space-x-reverse));
      margin-inline-end: calc(calc(var(--spacing) * 4) * calc(1 - var(--tw-space-x-reverse)));
    }
  }
  .truncate {
    overflow: hidden;
    text-overflow: ellipsis;
    white-space: nowrap;
  }
  .overflow-auto {
    overflow: auto;
  }
  .overflow-hidden {
    overflow: hidden;
  }
  .overflow-x-auto {
    overflow-x: auto;
  }
  .overflow-y-auto {
    overflow-y: auto;
  }
  .rounded {
    border-radius: 0.25rem;
  }
  .rounded-full {
    border-radius: calc(infinity * 1px);
  }
  .rounded-lg {
    border-radius: var(--radius-lg);
  }
  .rounded-md {
    border-radius: var(--radius-md);
  }
  .rounded-sm {
    border-radius: var(--radius-sm);
  }
  .rounded-xl {
    border-radius: var(--radius-xl);
  }
  .border {
    border-style: var(--tw-border-style);
    border-width: 1px;
  }
  .border-2 {
    border-style: var(--tw-border-style);
    border-width: 2px;
  }
  .border-t {
    border-top-style: var(--tw-border-style);
    border-top-width: 1px;
  }
  .border-b {
    border-bottom-style: var(--tw-border-style);
    border-bottom-width: 1px;
  }
  .border-amber-200 {
    border-color: var(--color-amber-200);
  }
  .border-gray-100 {
    border-color: var(--color-gray-100);
  }
  .border-gray-200 {
    border-color: var(--color-gray-200);
  }
  .border-gray-300 {
    border-color: var(--color-gray-300);
  }
  .border-green-500 {
    border-color: var(--color-green-500);
  }
  .border-red-500 {
    border-color: var(--color-red-500);
  }
  .border-transparent {
    border-color: transparent;
  }
  .border-white {
    border-color: var(--color-white);
  }
  .border-t-transparent {
    border-top-color: transparent;
  }
  .bg-amber-100 {
    background-color: var(--color-amber-100);
  }
  .bg-black\/0 {
    background-color: color-mix(in srgb, #000 0%, transparent);
    @supports (color: color-mix(in lab, red, red)) {
      background-color: color-mix(in oklab, var(--color-black) 0%, transparent);
    }
  }
  .bg-black\/50 {
    background-color: color-mix(in srgb, #000 50%, transparent);
    @supports (color: color-mix(in lab, red, red)) {
      background-color: color-mix(in oklab, var(--color-black) 50%, transparent);
    }
  }
  .bg-black\/80 {
    background-color: color-mix(in srgb, #000 80%, transparent);
    @supports (color: color-mix(in lab, red, red)) {
      background-color: color-mix(in oklab, var(--color-black) 80%, transparent);
    }
  }
  .bg-blue-100 {
    background-color: var(--color-blue-100);
  }
  .bg-gray-50 {
    background-color: var(--color-gray-50);
  }
  .bg-gray-100 {
    background-color: var(--color-gray-100);
  }
  .bg-gray-200 {
    background-color: var(--color-gray-200);
  }
  .bg-gray-900 {
    background-color: var(--color-gray-900);
  }
  .bg-green-500 {
    background-color: var(--color-green-500);
  }
  .bg-indigo-600 {
    background-color: var(--color-indigo-600);
  }
  .bg-red-500 {
    background-color: var(--color-red-500);
  }
  .bg-red-600 {
    background-color: var(--color-red-600);
  }
  .bg-transparent {
    background-color: transparent;
  }
  .bg-white {
    background-color: var(--color-white);
  }
  .bg-gradient-to-br {
    --tw-gradient-position: to bottom right in oklab;
    background-image: linear-gradient(var(--tw-gradient-stops));
  }
  .bg-gradient-to-r {
    --tw-gradient-position: to right in oklab;
    background-image: linear-gradient(var(--tw-gradient-stops));
  }
  .from-amber-50 {
    --tw-gradient-from: var(--color-amber-50);
    --tw-gradient-stops: var(--tw-gradient-via-stops, var(--tw-gradient-position), var(--tw-gradient-from) var(--tw-gradient-from-position), var(--tw-gradient-to) var(--tw-gradient-to-position));
  }
  .from-gray-50 {
    --tw-gradient-from: var(--color-gray-50);
    --tw-gradient-stops: var(--tw-gradient-via-stops, var(--tw-gradient-position), var(--tw-gradient-from) var(--tw-gradient-from-position), var(--tw-gradient-to) var(--tw-gradient-to-position));
  }
  .from-gray-700 {
    --tw-gradient-from: var(--color-gray-700);
    --tw-gradient-stops: var(--tw-gradient-via-stops, var(--tw-gradient-position), var(--tw-gradient-from) var(--tw-gradient-from-position), var(--tw-gradient-to) var(--tw-gradient-to-position));
  }
  .to-gray-100 {
    --tw-gradient-to: var(--color-gray-100);
    --tw-gradient-stops: var(--tw-gradient-via-stops, var(--tw-gradient-position), var(--tw-gradient-from) var(--tw-gradient-from-position), var(--tw-gradient-to) var(--tw-gradient-to-position));
  }
  .to-gray-900 {
    --tw-gradient-to: var(--color-gray-900);
    --tw-gradient-stops: var(--tw-gradient-via-stops, var(--tw-gradient-position), var(--tw-gradient-from) var(--tw-gradient-from-position), var(--tw-gradient-to) var(--tw-gradient-to-position));
  }
  .to-yellow-50 {
    --tw-gradient-to: var(--color-yellow-50);
    --tw-gradient-stops: var(--tw-gradient-via-stops, var(--tw-gradient-position), var(--tw-gradient-from) var(--tw-gradient-from-position), var(--tw-gradient-to) var(--tw-gradient-to-position));
  }
  .p-1 {
    padding: calc(var(--spacing) * 1);
  }
  .p-1\.5 {
    padding: calc(var(--spacing) * 1.5);
  }
  .p-2 {
    padding: calc(var(--spacing) * 2);
  }
  .p-2\.5 {
    padding: calc(var(--spacing) * 2.5);
  }
  .p-3 {
    padding: calc(var(--spacing) * 3);
  }
  .p-4 {
    padding: calc(var(--spacing) * 4);
  }
  .p-6 {
    padding: calc(var(--spacing) * 6);
  }
  .p-8 {
    padding: calc(var(--spacing) * 8);
  }
  .px-2 {
    padding-inline: calc(var(--spacing) * 2);
  }
  .px-3 {
    padding-inline: calc(var(--spacing) * 3);
  }
  .px-4 {
    padding-inline: calc(var(--spacing) * 4);
  }
  .px-6 {
    padding-inline: calc(var(--spacing) * 6);
  }
  .px-8 {
    padding-inline: calc(var(--spacing) * 8);
  }
  .py-1 {
    padding-block: calc(var(--spacing) * 1);
  }
  .py-1\.5 {
    padding-block: calc(var(--spacing) * 1.5);
  }
  .py-2 {
    padding-block: calc(var(--spacing) * 2);
  }
  .py-2\.5 {
    padding-block: calc(var(--spacing) * 2.5);
  }
  .py-3 {
    padding-block: calc(var(--spacing) * 3);
  }
  .py-4 {
    padding-block: calc(var(--spacing) * 4);
  }
  .py-8 {
    padding-block: calc(var(--spacing) * 8);
  }
  .py-12 {
    padding-block: calc(var(--spacing) * 12);
  }
  .py-16 {
    padding-block: calc(var(--spacing) * 16);
  }
  .pt-0 {
    padding-top: calc(var(--spacing) * 0);
  }
  .pt-4 {
    padding-top: calc(var(--spacing) * 4);
  }
  .pt-6 {
    padding-top: calc(var(--spacing) * 6);
  }
  .pr-8 {
    padding-right: calc(var(--spacing) * 8);
  }
  .pr-12 {
    padding-right: calc(var(--spacing) * 12);
  }
  .pl-8 {
    padding-left: calc(var(--spacing) * 8);
  }
  .text-center {
    text-align: center;
  }
  .text-end {
    text-align: end;
  }
  .text-left {
    text-align: left;
  }
  .text-right {
    text-align: right;
  }
  .font-mono {
    font-family: var(--font-mono);
  }
  .font-sans {
    font-family: var(--font-sans);
  }
  .text-2xl {
    font-size: var(--text-2xl);
    line-height: var(--tw-leading, var(--text-2xl--line-height));
  }
  .text-3xl {
    font-size: var(--text-3xl);
    line-height: var(--tw-leading, var(--text-3xl--line-height));
  }
  .text-4xl {
    font-size: var(--text-4xl);
    line-height: var(--tw-leading, var(--text-4xl--line-height));
  }
  .text-6xl {
    font-size: var(--text-6xl);
    line-height: var(--tw-leading, var(--text-6xl--line-height));
  }
  .text-base {
    font-size: var(--text-base);
    line-height: var(--tw-leading, var(--text-base--line-height));
  }
  .text-lg {
    font-size: var(--text-lg);
    line-height: var(--tw-leading, var(--text-lg--line-height));
  }
  .text-sm {
    font-size: var(--text-sm);
    line-height: var(--tw-leading, var(--text-sm--line-height));
  }
  .text-xl {
    font-size: var(--text-xl);
    line-height: var(--tw-leading, var(--text-xl--line-height));
  }
  .text-xs {
    font-size: var(--text-xs);
    line-height: var(--tw-leading, var(--text-xs--line-height));
  }
  .leading-none {
    --tw-leading: 1;
    line-height: 1;
  }
  .leading-relaxed {
    --tw-leading: var(--leading-relaxed);
    line-height: var(--leading-relaxed);
  }
  .font-bold {
    --tw-font-weight: var(--font-weight-bold);
    font-weight: var(--font-weight-bold);
  }
  .font-extrabold {
    --tw-font-weight: var(--font-weight-extrabold);
    font-weight: var(--font-weight-extrabold);
  }
  .font-medium {
    --tw-font-weight: var(--font-weight-medium);
    font-weight: var(--font-weight-medium);
  }
  .font-semibold {
    --tw-font-weight: var(--font-weight-semibold);
    font-weight: var(--font-weight-semibold);
  }
  .tracking-tight {
    --tw-tracking: var(--tracking-tight);
    letter-spacing: var(--tracking-tight);
  }
  .whitespace-nowrap {
    white-space: nowrap;
  }
  .whitespace-pre-wrap {
    white-space: pre-wrap;
  }
  .text-amber-800 {
    color: var(--color-amber-800);
  }
  .text-amber-900 {
    color: var(--color-amber-900);
  }
  .text-blue-600 {
    color: var(--color-blue-600);
  }
  .text-gray-300 {
    color: var(--color-gray-300);
  }
  .text-gray-400 {
    color: var(--color-gray-400);
  }
  .text-gray-500 {
    color: var(--color-gray-500);
  }
  .text-gray-600 {
    color: var(--color-gray-600);
  }
  .text-gray-700 {
    color: var(--color-gray-700);
  }
  .text-gray-800 {
    color: var(--color-gray-800);
  }
  .text-gray-900 {
    color: var(--color-gray-900);
  }
  .text-indigo-600 {
    color: var(--color-indigo-600);
  }
  .text-red-500 {
    color: var(--color-red-500);
  }
  .text-red-600 {
    color: var(--color-red-600);
  }
  .text-white {
    color: var(--color-white);
  }
  .text-white\/50 {
    color: color-mix(in srgb, #fff 50%, transparent);
    @supports (color: color-mix(in lab, red, red)) {
      color: color-mix(in oklab, var(--color-white) 50%, transparent);
    }
  }
  .underline {
    text-decoration-line: underline;
  }
  .underline-offset-4 {
    text-underline-offset: 4px;
  }
  .antialiased {
    -webkit-font-smoothing: antialiased;
    -moz-osx-font-smoothing: grayscale;
  }
  .placeholder-gray-500 {
    &::placeholder {
      color: var(--color-gray-500);
    }
  }
  .opacity-0 {
    opacity: 0%;
  }
  .opacity-50 {
    opacity: 50%;
  }
  .opacity-90 {
    opacity: 90%;
  }
  .opacity-100 {
    opacity: 100%;
  }
  .shadow {
    --tw-shadow: 0 1px 3px 0 var(--tw-shadow-color, rgb(0 0 0 / 0.1)), 0 1px 2px -1px var(--tw-shadow-color, rgb(0 0 0 / 0.1));
    box-shadow: var(--tw-inset-shadow), var(--tw-inset-ring-shadow), var(--tw-ring-offset-shadow), var(--tw-ring-shadow), var(--tw-shadow);
  }
  .shadow-lg {
    --tw-shadow: 0 10px 15px -3px var(--tw-shadow-color, rgb(0 0 0 / 0.1)), 0 4px 6px -4px var(--tw-shadow-color, rgb(0 0 0 / 0.1));
    box-shadow: var(--tw-inset-shadow), var(--tw-inset-ring-shadow), var(--tw-ring-offset-shadow), var(--tw-ring-shadow), var(--tw-shadow);
  }
  .shadow-md {
    --tw-shadow: 0 4px 6px -1px var(--tw-shadow-color, rgb(0 0 0 / 0.1)), 0 2px 4px -2px var(--tw-shadow-color, rgb(0 0 0 / 0.1));
    box-shadow: var(--tw-inset-shadow), var(--tw-inset-ring-shadow), var(--tw-ring-offset-shadow), var(--tw-ring-shadow), var(--tw-shadow);
  }
  .shadow-sm {
    --tw-shadow: 0 1px 3px 0 var(--tw-shadow-color, rgb(0 0 0 / 0.1)), 0 1px 2px -1px var(--tw-shadow-color, rgb(0 0 0 / 0.1));
    box-shadow: var(--tw-inset-shadow), var(--tw-inset-ring-shadow), var(--tw-ring-offset-shadow), var(--tw-ring-shadow), var(--tw-shadow);
  }
  .shadow-xl {
    --tw-shadow: 0 20px 25px -5px var(--tw-shadow-color, rgb(0 0 0 / 0.1)), 0 8px 10px -6px var(--tw-shadow-color, rgb(0 0 0 / 0.1));
    box-shadow: var(--tw-inset-shadow), var(--tw-inset-ring-shadow), var(--tw-ring-offset-shadow), var(--tw-ring-shadow), var(--tw-shadow);
  }
  .ring-offset-white {
    --tw-ring-offset-color: var(--color-white);
  }
  .outline {
    outline-style: var(--tw-outline-style);
    outline-width: 1px;
  }
  .blur {
    --tw-blur: blur(8px);
    filter: var(--tw-blur,) var(--tw-brightness,) var(--tw-contrast,) var(--tw-grayscale,) var(--tw-hue-rotate,) var(--tw-invert,) var(--tw-saturate,) var(--tw-sepia,) var(--tw-drop-shadow,);
  }
  .invert {
    --tw-invert: invert(100%);
    filter: var(--tw-blur,) var(--tw-brightness,) var(--tw-contrast,) var(--tw-grayscale,) var(--tw-hue-rotate,) var(--tw-invert,) var(--tw-saturate,) var(--tw-sepia,) var(--tw-drop-shadow,);
  }
  .filter {
    filter: var(--tw-blur,) var(--tw-brightness,) var(--tw-contrast,) var(--tw-grayscale,) var(--tw-hue-rotate,) var(--tw-invert,) var(--tw-saturate,) var(--tw-sepia,) var(--tw-drop-shadow,);
  }
  .transition {
    transition-property: color, background-color, border-color, outline-color, text-decoration-color, fill, stroke, --tw-gradient-from, --tw-gradient-via, --tw-gradient-to, opacity, box-shadow, transform, translate, scale, rotate, filter, -webkit-backdrop-filter, backdrop-filter, display, content-visibility, overlay, pointer-events;
    transition-timing-function: var(--tw-ease, var(--default-transition-timing-function));
    transition-duration: var(--tw-duration, var(--default-transition-duration));
  }
  .transition-all {
    transition-property: all;
    transition-timing-function: var(--tw-ease, var(--default-transition-timing-function));
    transition-duration: var(--tw-duration, var(--default-transition-duration));
  }
  .transition-colors {
    transition-property: color, background-color, border-color, outline-color, text-decoration-color, fill, stroke, --tw-gradient-from, --tw-gradient-via, --tw-gradient-to;
    transition-timing-function: var(--tw-ease, var(--default-transition-timing-function));
    transition-duration: var(--tw-duration, var(--default-transition-duration));
  }
  .transition-opacity {
    transition-property: opacity;
    transition-timing-function: var(--tw-ease, var(--default-transition-timing-function));
    transition-duration: var(--tw-duration, var(--default-transition-duration));
  }
  .transition-shadow {
    transition-property: box-shadow;
    transition-timing-function: var(--tw-ease, var(--default-transition-timing-function));
    transition-duration: var(--tw-duration, var(--default-transition-duration));
  }
  .duration-200 {
    --tw-duration: 200ms;
    transition-duration: 200ms;
  }
  .ease-out {
    --tw-ease: var(--ease-out);
    transition-timing-function: var(--ease-out);
  }
  .outline-none {
    --tw-outline-style: none;
    outline-style: none;
  }
  .select-none {
    -webkit-user-select: none;
    user-select: none;
  }
  .\[program\:laravel-worker\] {
    program: laravel-worker;
  }
  .group-hover\:opacity-100 {
    &:is(:where(.group):hover *) {
      @media (hover: hover) {
        opacity: 100%;
      }
    }
  }
  .hover\:scale-105 {
    &:hover {
      @media (hover: hover) {
        --tw-scale-x: 105%;
        --tw-scale-y: 105%;
        --tw-scale-z: 105%;
        scale: var(--tw-scale-x) var(--tw-scale-y);
      }
    }
  }
  .hover\:scale-125 {
    &:hover {
      @media (hover: hover) {
        --tw-scale-x: 125%;
        --tw-scale-y: 125%;
        --tw-scale-z: 125%;
        scale: var(--tw-scale-x) var(--tw-scale-y);
      }
    }
  }
  .hover\:bg-gray-50 {
    &:hover {
      @media (hover: hover) {
        background-color: var(--color-gray-50);
      }
    }
  }
  .hover\:bg-gray-100 {
    &:hover {
      @media (hover: hover) {
        background-color: var(--color-gray-100);
      }
    }
  }
  .hover\:bg-gray-200 {
    &:hover {
      @media (hover: hover) {
        background-color: var(--color-gray-200);
      }
    }
  }
  .hover\:bg-gray-800 {
    &:hover {
      @media (hover: hover) {
        background-color: var(--color-gray-800);
      }
    }
  }
  .hover\:bg-indigo-700 {
    &:hover {
      @media (hover: hover) {
        background-color: var(--color-indigo-700);
      }
    }
  }
  .hover\:bg-red-700 {
    &:hover {
      @media (hover: hover) {
        background-color: var(--color-red-700);
      }
    }
  }
  .hover\:text-amber-900 {
    &:hover {
      @media (hover: hover) {
        color: var(--color-amber-900);
      }
    }
  }
  .hover\:text-blue-600 {
    &:hover {
      @media (hover: hover) {
        color: var(--color-blue-600);
      }
    }
  }
  .hover\:text-gray-900 {
    &:hover {
      @media (hover: hover) {
        color: var(--color-gray-900);
      }
    }
  }
  .hover\:text-white {
    &:hover {
      @media (hover: hover) {
        color: var(--color-white);
      }
    }
  }
  .hover\:underline {
    &:hover {
      @media (hover: hover) {
        text-decoration-line: underline;
      }
    }
  }
  .hover\:shadow-md {
    &:hover {
      @media (hover: hover) {
        --tw-shadow: 0 4px 6px -1px var(--tw-shadow-color, rgb(0 0 0 / 0.1)), 0 2px 4px -2px var(--tw-shadow-color, rgb(0 0 0 / 0.1));
        box-shadow: var(--tw-inset-shadow), var(--tw-inset-ring-shadow), var(--tw-ring-offset-shadow), var(--tw-ring-shadow), var(--tw-shadow);
      }
    }
  }
  .hover\:ring-2 {
    &:hover {
      @media (hover: hover) {
        --tw-ring-shadow: var(--tw-ring-inset,) 0 0 0 calc(2px + var(--tw-ring-offset-width)) var(--tw-ring-color, currentcolor);
        box-shadow: var(--tw-inset-shadow), var(--tw-inset-ring-shadow), var(--tw-ring-offset-shadow), var(--tw-ring-shadow), var(--tw-shadow);
      }
    }
  }
  .hover\:ring-gray-900 {
    &:hover {
      @media (hover: hover) {
        --tw-ring-color: var(--color-gray-900);
      }
    }
  }
  .hover\:ring-offset-1 {
    &:hover {
      @media (hover: hover) {
        --tw-ring-offset-width: 1px;
        --tw-ring-offset-shadow: var(--tw-ring-inset,) 0 0 0 var(--tw-ring-offset-width) var(--tw-ring-offset-color);
      }
    }
  }
  .hover\:ring-offset-2 {
    &:hover {
      @media (hover: hover) {
        --tw-ring-offset-width: 2px;
        --tw-ring-offset-shadow: var(--tw-ring-inset,) 0 0 0 var(--tw-ring-offset-width) var(--tw-ring-offset-color);
      }
    }
  }
  .focus\:z-10 {
    &:focus {
      z-index: 10;
    }
  }
  .focus\:border-indigo-500 {
    &:focus {
      border-color: var(--color-indigo-500);
    }
  }
  .focus\:border-transparent {
    &:focus {
      border-color: transparent;
    }
  }
  .focus\:opacity-100 {
    &:focus {
      opacity: 100%;
    }
  }
  .focus\:ring-2 {
    &:focus {
      --tw-ring-shadow: var(--tw-ring-inset,) 0 0 0 calc(2px + var(--tw-ring-offset-width)) var(--tw-ring-color, currentcolor);
      box-shadow: var(--tw-inset-shadow), var(--tw-inset-ring-shadow), var(--tw-ring-offset-shadow), var(--tw-ring-shadow), var(--tw-shadow);
    }
  }
  .focus\:ring-gray-900 {
    &:focus {
      --tw-ring-color: var(--color-gray-900);
    }
  }
  .focus\:ring-indigo-500 {
    &:focus {
      --tw-ring-color: var(--color-indigo-500);
    }
  }
  .focus\:ring-offset-2 {
    &:focus {
      --tw-ring-offset-width: 2px;
      --tw-ring-offset-shadow: var(--tw-ring-inset,) 0 0 0 var(--tw-ring-offset-width) var(--tw-ring-offset-color);
    }
  }
  .focus\:outline-none {
    &:focus {
      --tw-outline-style: none;
      outline-style: none;
    }
  }
  .focus-visible\:ring-1 {
    &:focus-visible {
      --tw-ring-shadow: var(--tw-ring-inset,) 0 0 0 calc(1px + var(--tw-ring-offset-width)) var(--tw-ring-color, currentcolor);
      box-shadow: var(--tw-inset-shadow), var(--tw-inset-ring-shadow), var(--tw-ring-offset-shadow), var(--tw-ring-shadow), var(--tw-shadow);
    }
  }
  .focus-visible\:outline-none {
    &:focus-visible {
      --tw-outline-style: none;
      outline-style: none;
    }
  }
  .active\:bg-gray-200 {
    &:active {
      background-color: var(--color-gray-200);
    }
  }
  .disabled\:pointer-events-none {
    &:disabled {
      pointer-events: none;
    }
  }
  .disabled\:cursor-not-allowed {
    &:disabled {
      cursor: not-allowed;
    }
  }
  .disabled\:opacity-50 {
    &:disabled {
      opacity: 50%;
    }
  }
  .data-\[disabled\]\:pointer-events-none {
    &[data-disabled] {
      pointer-events: none;
    }
  }
  .data-\[disabled\]\:opacity-50 {
    &[data-disabled] {
      opacity: 50%;
    }
  }
  .data-\[swipe\=cancel\]\:translate-x-0 {
    &[data-swipe="cancel"] {
      --tw-translate-x: calc(var(--spacing) * 0);
      translate: var(--tw-translate-x) var(--tw-translate-y);
    }
  }
  .data-\[swipe\=end\]\:translate-x-\[var\(--radix-toast-swipe-end-x\)\] {
    &[data-swipe="end"] {
      --tw-translate-x: var(--radix-toast-swipe-end-x);
      translate: var(--tw-translate-x) var(--tw-translate-y);
    }
  }
  .data-\[swipe\=move\]\:translate-x-\[var\(--radix-toast-swipe-move-x\)\] {
    &[data-swipe="move"] {
      --tw-translate-x: var(--radix-toast-swipe-move-x);
      translate: var(--tw-translate-x) var(--tw-translate-y);
    }
  }
  .data-\[swipe\=move\]\:transition-none {
    &[data-swipe="move"] {
      transition-property: none;
    }
  }
  .sm\:top-auto {
    @media (width >= 40rem) {
      top: auto;
    }
  }
  .sm\:right-0 {
    @media (width >= 40rem) {
      right: calc(var(--spacing) * 0);
    }
  }
  .sm\:bottom-0 {
    @media (width >= 40rem) {
      bottom: calc(var(--spacing) * 0);
    }
  }
  .sm\:mt-0 {
    @media (width >= 40rem) {
      margin-top: calc(var(--spacing) * 0);
    }
  }
  .sm\:flex-col {
    @media (width >= 40rem) {
      flex-direction: column;
    }
  }
  .sm\:flex-row {
    @media (width >= 40rem) {
      flex-direction: row;
    }
  }
  .sm\:justify-end {
    @media (width >= 40rem) {
      justify-content: flex-end;
    }
  }
  .sm\:space-x-2 {
    @media (width >= 40rem) {
      :where(& > :not(:last-child)) {
        --tw-space-x-reverse: 0;
        margin-inline-start: calc(calc(var(--spacing) * 2) * var(--tw-space-x-reverse));
        margin-inline-end: calc(calc(var(--spacing) * 2) * calc(1 - var(--tw-space-x-reverse)));
      }
    }
  }
  .sm\:rounded-lg {
    @media (width >= 40rem) {
      border-radius: var(--radius-lg);
    }
  }
  .sm\:px-6 {
    @media (width >= 40rem) {
      padding-inline: calc(var(--spacing) * 6);
    }
  }
  .sm\:text-left {
    @media (width >= 40rem) {
      text-align: left;
    }
  }
  .sm\:text-sm {
    @media (width >= 40rem) {
      font-size: var(--text-sm);
      line-height: var(--tw-leading, var(--text-sm--line-height));
    }
  }
  .md\:max-w-\[420px\] {
    @media (width >= 48rem) {
      max-width: 420px;
    }
  }
  .lg\:px-8 {
    @media (width >= 64rem) {
      padding-inline: calc(var(--spacing) * 8);
    }
  }
  .\[\&_svg\]\:pointer-events-none {
    & svg {
      pointer-events: none;
    }
  }
  .\[\&_svg\]\:size-4 {
    & svg {
      width: calc(var(--spacing) * 4);
      height: calc(var(--spacing) * 4);
    }
  }
  .\[\&_svg\]\:shrink-0 {
    & svg {
      flex-shrink: 0;
    }
  }
}
@property --tw-translate-x {
  syntax: "*";
  inherits: false;
  initial-value: 0;
}
@property --tw-translate-y {
  syntax: "*";
  inherits: false;
  initial-value: 0;
}
@property --tw-translate-z {
  syntax: "*";
  inherits: false;
  initial-value: 0;
}
@property --tw-scale-x {
  syntax: "*";
  inherits: false;
  initial-value: 1;
}
@property --tw-scale-y {
  syntax: "*";
  inherits: false;
  initial-value: 1;
}
@property --tw-scale-z {
  syntax: "*";
  inherits: false;
  initial-value: 1;
}
@property --tw-rotate-x {
  syntax: "*";
  inherits: false;
}
@property --tw-rotate-y {
  syntax: "*";
  inherits: false;
}
@property --tw-rotate-z {
  syntax: "*";
  inherits: false;
}
@property --tw-skew-x {
  syntax: "*";
  inherits: false;
}
@property --tw-skew-y {
  syntax: "*";
  inherits: false;
}
@property --tw-space-y-reverse {
  syntax: "*";
  inherits: false;
  initial-value: 0;
}
@property --tw-space-x-reverse {
  syntax: "*";
  inherits: false;
  initial-value: 0;
}
@property --tw-border-style {
  syntax: "*";
  inherits: false;
  initial-value: solid;
}
@property --tw-gradient-position {
  syntax: "*";
  inherits: false;
}
@property --tw-gradient-from {
  syntax: "<color>";
  inherits: false;
  initial-value: #0000;
}
@property --tw-gradient-via {
  syntax: "<color>";
  inherits: false;
  initial-value: #0000;
}
@property --tw-gradient-to {
  syntax: "<color>";
  inherits: false;
  initial-value: #0000;
}
@property --tw-gradient-stops {
  syntax: "*";
  inherits: false;
}
@property --tw-gradient-via-stops {
  syntax: "*";
  inherits: false;
}
@property --tw-gradient-from-position {
  syntax: "<length-percentage>";
  inherits: false;
  initial-value: 0%;
}
@property --tw-gradient-via-position {
  syntax: "<length-percentage>";
  inherits: false;
  initial-value: 50%;
}
@property --tw-gradient-to-position {
  syntax: "<length-percentage>";
  inherits: false;
  initial-value: 100%;
}
@property --tw-leading {
  syntax: "*";
  inherits: false;
}
@property --tw-font-weight {
  syntax: "*";
  inherits: false;
}
@property --tw-tracking {
  syntax: "*";
  inherits: false;
}
@property --tw-shadow {
  syntax: "*";
  inherits: false;
  initial-value: 0 0 #0000;
}
@property --tw-shadow-color {
  syntax: "*";
  inherits: false;
}
@property --tw-shadow-alpha {
  syntax: "<percentage>";
  inherits: false;
  initial-value: 100%;
}
@property --tw-inset-shadow {
  syntax: "*";
  inherits: false;
  initial-value: 0 0 #0000;
}
@property --tw-inset-shadow-color {
  syntax: "*";
  inherits: false;
}
@property --tw-inset-shadow-alpha {
  syntax: "<percentage>";
  inherits: false;
  initial-value: 100%;
}
@property --tw-ring-color {
  syntax: "*";
  inherits: false;
}
@property --tw-ring-shadow {
  syntax: "*";
  inherits: false;
  initial-value: 0 0 #0000;
}
@property --tw-inset-ring-color {
  syntax: "*";
  inherits: false;
}
@property --tw-inset-ring-shadow {
  syntax: "*";
  inherits: false;
  initial-value: 0 0 #0000;
}
@property --tw-ring-inset {
  syntax: "*";
  inherits: false;
}
@property --tw-ring-offset-width {
  syntax: "<length>";
  inherits: false;
  initial-value: 0px;
}
@property --tw-ring-offset-color {
  syntax: "*";
  inherits: false;
  initial-value: #fff;
}
@property --tw-ring-offset-shadow {
  syntax: "*";
  inherits: false;
  initial-value: 0 0 #0000;
}
@property --tw-outline-style {
  syntax: "*";
  inherits: false;
  initial-value: solid;
}
@property --tw-blur {
  syntax: "*";
  inherits: false;
}
@property --tw-brightness {
  syntax: "*";
  inherits: false;
}
@property --tw-contrast {
  syntax: "*";
  inherits: false;
}
@property --tw-grayscale {
  syntax: "*";
  inherits: false;
}
@property --tw-hue-rotate {
  syntax: "*";
  inherits: false;
}
@property --tw-invert {
  syntax: "*";
  inherits: false;
}
@property --tw-opacity {
  syntax: "*";
  inherits: false;
}
@property --tw-saturate {
  syntax: "*";
  inherits: false;
}
@property --tw-sepia {
  syntax: "*";
  inherits: false;
}
@property --tw-drop-shadow {
  syntax: "*";
  inherits: false;
}
@property --tw-drop-shadow-color {
  syntax: "*";
  inherits: false;
}
@property --tw-drop-shadow-alpha {
  syntax: "<percentage>";
  inherits: false;
  initial-value: 100%;
}
@property --tw-drop-shadow-size {
  syntax: "*";
  inherits: false;
}
@property --tw-duration {
  syntax: "*";
  inherits: false;
}
@property --tw-ease {
  syntax: "*";
  inherits: false;
}
@keyframes spin {
  to {
    transform: rotate(360deg);
  }
}
@keyframes pulse {
  50% {
    opacity: 0.5;
  }
}
@layer properties {
  @supports ((-webkit-hyphens: none) and (not (margin-trim: inline))) or ((-moz-orient: inline) and (not (color:rgb(from red r g b)))) {
    *, ::before, ::after, ::backdrop {
      --tw-translate-x: 0;
      --tw-translate-y: 0;
      --tw-translate-z: 0;
      --tw-scale-x: 1;
      --tw-scale-y: 1;
      --tw-scale-z: 1;
      --tw-rotate-x: initial;
      --tw-rotate-y: initial;
      --tw-rotate-z: initial;
      --tw-skew-x: initial;
      --tw-skew-y: initial;
      --tw-space-y-reverse: 0;
      --tw-space-x-reverse: 0;
      --tw-border-style: solid;
      --tw-gradient-position: initial;
      --tw-gradient-from: #0000;
      --tw-gradient-via: #0000;
      --tw-gradient-to: #0000;
      --tw-gradient-stops: initial;
      --tw-gradient-via-stops: initial;
      --tw-gradient-from-position: 0%;
      --tw-gradient-via-position: 50%;
      --tw-gradient-to-position: 100%;
      --tw-leading: initial;
      --tw-font-weight: initial;
      --tw-tracking: initial;
      --tw-shadow: 0 0 #0000;
      --tw-shadow-color: initial;
      --tw-shadow-alpha: 100%;
      --tw-inset-shadow: 0 0 #0000;
      --tw-inset-shadow-color: initial;
      --tw-inset-shadow-alpha: 100%;
      --tw-ring-color: initial;
      --tw-ring-shadow: 0 0 #0000;
      --tw-inset-ring-color: initial;
      --tw-inset-ring-shadow: 0 0 #0000;
      --tw-ring-inset: initial;
      --tw-ring-offset-width: 0px;
      --tw-ring-offset-color: #fff;
      --tw-ring-offset-shadow: 0 0 #0000;
      --tw-outline-style: solid;
      --tw-blur: initial;
      --tw-brightness: initial;
      --tw-contrast: initial;
      --tw-grayscale: initial;
      --tw-hue-rotate: initial;
      --tw-invert: initial;
      --tw-opacity: initial;
      --tw-saturate: initial;
      --tw-sepia: initial;
      --tw-drop-shadow: initial;
      --tw-drop-shadow-color: initial;
      --tw-drop-shadow-alpha: 100%;
      --tw-drop-shadow-size: initial;
      --tw-duration: initial;
      --tw-ease: initial;
    }
  }
}
</style><style>
    #nprogress {
      pointer-events: none;
    }

    #nprogress .bar {
      background: #4B5563;

      position: fixed;
      z-index: 1031;
      top: 0;
      left: 0;

      width: 100%;
      height: 2px;
    }

    #nprogress .peg {
      display: block;
      position: absolute;
      right: 0px;
      width: 100px;
      height: 100%;
      box-shadow: 0 0 10px #4B5563, 0 0 5px #4B5563;
      opacity: 1.0;

      transform: rotate(3deg) translate(0px, -4px);
    }

    #nprogress .spinner {
      display: block;
      position: fixed;
      z-index: 1031;
      top: 15px;
      right: 15px;
    }

    #nprogress .spinner-icon {
      width: 18px;
      height: 18px;
      box-sizing: border-box;

      border: solid 2px transparent;
      border-top-color: #4B5563;
      border-left-color: #4B5563;
      border-radius: 50%;

      animation: nprogress-spinner 400ms linear infinite;
    }

    .nprogress-custom-parent {
      overflow: hidden;
      position: relative;
    }

    .nprogress-custom-parent #nprogress .spinner,
    .nprogress-custom-parent #nprogress .bar {
      position: absolute;
    }

    @keyframes nprogress-spinner {
      0%   { transform: rotate(0deg); }
      100% { transform: rotate(360deg); }
    }
  </style></head>

<body class="font-sans antialiased" style="margin-bottom: 32px;">
    <div id="app" data-page="{&quot;component&quot;:&quot;Auth\/Login&quot;,&quot;props&quot;:[],&quot;url&quot;:&quot;\/login&quot;,&quot;version&quot;:&quot;&quot;,&quot;clearHistory&quot;:false,&quot;encryptHistory&quot;:false}"><div class="min-h-screen bg-gradient-to-br from-gray-50 to-gray-100"><header class="bg-white border-b border-gray-200 sticky top-0 z-10 shadow-sm"><div class="max-w-5xl mx-auto px-4 py-4"><div class="flex items-center justify-between"><div><h1 class="text-2xl font-bold text-gray-900">Reactions Demo</h1><p class="text-sm text-gray-500 mt-1">Facebook-like reaction system</p></div><a class="inline-flex items-center gap-2 px-6 py-2.5 text-sm font-medium text-white bg-gray-900 hover:bg-gray-800 rounded-lg transition-colors shadow-sm" href="/login"><svg xmlns="http://www.w3.org/2000/svg" width="24" height="24" viewBox="0 0 24 24" fill="none" stroke="currentColor" stroke-width="2" stroke-linecap="round" stroke-linejoin="round" class="lucide lucide-user w-4 h-4" aria-hidden="true"><path d="M19 21v-2a4 4 0 0 0-4-4H9a4 4 0 0 0-4 4v2"></path><circle cx="12" cy="7" r="4"></circle></svg>Login to React</a></div></div></header><main class="max-w-5xl mx-auto px-4 py-8"><div class="mb-8 p-6 bg-gradient-to-r from-amber-50 to-yellow-50 border border-amber-200 rounded-xl shadow-sm"><div class="flex items-start gap-4"><div class="flex-shrink-0 w-10 h-10 bg-amber-100 rounded-full flex items-center justify-center"><span class="text-xl">💡</span></div><div><h3 class="text-sm font-semibold text-amber-900 mb-1">Login Required</h3><p class="text-sm text-amber-800">You need to be logged in to add reactions to posts. <a class="underline font-medium hover:text-amber-900" href="/login">Click here to login</a></p></div></div></div><div class="space-y-6"><article class="bg-white rounded-xl shadow-sm border border-gray-200 overflow-hidden hover:shadow-md transition-shadow"><div class="p-6"><h2 class="text-xl font-bold text-gray-900 mb-3">Welcome to Our Reaction System!</h2><p class="text-gray-600 leading-relaxed mb-6">This is a demonstration of our Facebook-like reaction system. Hover over the Like button to see all available reactions! You can express yourself with 👍 Like, ❤️ Love, 😂 Haha, 😮 Wow, 😢 Sad, or 😠 Angry.</p><div class="pt-4 border-t border-gray-100"><div class="flex items-center gap-3"><button data-testid="reaction-button-like" class="
                            group inline-flex items-center gap-1.5 px-3 py-1.5 rounded-md font-medium text-sm transition-all duration-200
                            bg-white text-gray-700 hover:bg-gray-50 border border-gray-300
                            cursor-pointer hover:scale-105
                        " type="button" id="radix-_r_0_" aria-haspopup="menu" aria-expanded="false" data-state="closed"><span class="text-base">👍</span><span class="font-medium text-sm">Like</span></button><div class="flex items-center gap-1.5"><button data-testid="reaction-count-haha" class="
                                    inline-flex items-center gap-1 px-2 py-1 rounded-full text-xs font-medium transition-all
                                    bg-gray-100 text-gray-700 hover:bg-gray-200
                                    cursor-pointer hover:scale-105
                                "><span class="text-base">😂</span><span>13</span></button><button data-testid="reaction-count-love" class="
                                    inline-flex items-center gap-1 px-2 py-1 rounded-full text-xs font-medium transition-all
                                    bg-gray-100 text-gray-700 hover:bg-gray-200
                                    cursor-pointer hover:scale-105
                                "><span class="text-base">❤️</span><span>11</span></button><button data-testid="reaction-count-angry" class="
                                    inline-flex items-center gap-1 px-2 py-1 rounded-full text-xs font-medium transition-all
                                    bg-gray-100 text-gray-700 hover:bg-gray-200
                                    cursor-pointer hover:scale-105
                                "><span class="text-base">😠</span><span>8</span></button><button data-testid="reaction-count-like" class="
                                    inline-flex items-center gap-1 px-2 py-1 rounded-full text-xs font-medium transition-all
                                    bg-gray-100 text-gray-700 hover:bg-gray-200
                                    cursor-pointer hover:scale-105
                                "><span class="text-base">👍</span><span>6</span></button><button data-testid="reaction-count-sad" class="
                                    inline-flex items-center gap-1 px-2 py-1 rounded-full text-xs font-medium transition-all
                                    bg-gray-100 text-gray-700 hover:bg-gray-200
                                    cursor-pointer hover:scale-105
                                "><span class="text-base">😢</span><span>6</span></button><button data-testid="reaction-count-wow" class="
                                    inline-flex items-center gap-1 px-2 py-1 rounded-full text-xs font-medium transition-all
                                    bg-gray-100 text-gray-700 hover:bg-gray-200
                                    cursor-pointer hover:scale-105
                                "><span class="text-base">😮</span><span>5</span></button><button class="p-1.5 hover:bg-gray-100 rounded-full transition-colors" title="See who reacted"><svg xmlns="http://www.w3.org/2000/svg" width="24" height="24" viewBox="0 0 24 24" fill="none" stroke="currentColor" stroke-width="2" stroke-linecap="round" stroke-linejoin="round" class="lucide lucide-chevron-down w-4 h-4 text-gray-600" aria-hidden="true"><path d="m6 9 6 6 6-6"></path></svg></button></div></div></div><div class="pt-6 border-t border-gray-100 mt-6"><div class="space-y-3"><div class="flex items-center justify-between"><div class="flex items-center gap-2"><svg xmlns="http://www.w3.org/2000/svg" width="24" height="24" viewBox="0 0 24 24" fill="none" stroke="currentColor" stroke-width="2" stroke-linecap="round" stroke-linejoin="round" class="lucide lucide-message-square w-4 h-4 text-gray-600" aria-hidden="true"><path d="M22 17a2 2 0 0 1-2 2H6.828a2 2 0 0 0-1.414.586l-2.202 2.202A.71.71 0 0 1 2 21.286V5a2 2 0 0 1 2-2h16a2 2 0 0 1 2 2z"></path></svg><h3 class="text-base font-semibold text-gray-900">Comments (36)</h3></div><button data-testid="add-comment-button" class="px-3 py-1.5 text-sm font-medium text-white bg-gray-900 rounded-md hover:bg-gray-800 transition-colors">Add Comment</button></div><div class="space-y-2"><div class=""><div class="bg-white rounded-md border border-gray-200 p-3"><div class="flex items-start justify-between mb-2"><div class="flex items-center gap-2"><div class="w-8 h-8 bg-gradient-to-br from-gray-700 to-gray-900 rounded-full flex items-center justify-center text-white font-semibold text-sm flex-shrink-0 cursor-pointer hover:ring-2 hover:ring-gray-900 hover:ring-offset-1 transition-all">T</div><div><div class="flex items-center gap-1.5"><span class="text-sm font-semibold text-gray-900 cursor-pointer hover:underline">Test User</span></div><span class="text-xs text-gray-500">Nov 30, 2025, 07:57 PM</span></div></div><button class="p-1 hover:bg-gray-100 rounded-full transition-colors" type="button" id="radix-_r_2_" aria-haspopup="menu" aria-expanded="false" data-state="closed"><svg xmlns="http://www.w3.org/2000/svg" width="24" height="24" viewBox="0 0 24 24" fill="none" stroke="currentColor" stroke-width="2" stroke-linecap="round" stroke-linejoin="round" class="lucide lucide-ellipsis-vertical w-4 h-4 text-gray-600" aria-hidden="true"><circle cx="12" cy="12" r="1"></circle><circle cx="12" cy="5" r="1"></circle><circle cx="12" cy="19" r="1"></circle></svg></button></div><p class="text-sm text-gray-800 whitespace-pre-wrap mb-2">Test comment 1764518241645</p><div class="flex items-center gap-3"><div class="flex items-center gap-3"><button data-testid="reaction-button-like" class="
                            group inline-flex items-center gap-1.5 px-3 py-1.5 rounded-md font-medium text-sm transition-all duration-200
                            bg-white text-gray-700 hover:bg-gray-50 border border-gray-300
                            cursor-pointer hover:scale-105
                        " type="button" id="radix-_r_4_" aria-haspopup="menu" aria-expanded="false" data-state="closed"><span class="text-base">👍</span><span class="font-medium text-sm">Like</span></button></div><button data-testid="reply-button" class="flex items-center gap-1 text-sm text-gray-600 hover:text-gray-900 transition-colors"><svg xmlns="http://www.w3.org/2000/svg" width="24" height="24" viewBox="0 0 24 24" fill="none" stroke="currentColor" stroke-width="2" stroke-linecap="round" stroke-linejoin="round" class="lucide lucide-reply w-4 h-4" aria-hidden="true"><path d="M20 18v-2a4 4 0 0 0-4-4H4"></path><path d="m9 17-5-5 5-5"></path></svg>Reply</button></div></div></div><div class=""><div class="bg-white rounded-md border border-gray-200 p-3"><div class="flex items-start justify-between mb-2"><div class="flex items-center gap-2"><div class="w-8 h-8 bg-gradient-to-br from-gray-700 to-gray-900 rounded-full flex items-center justify-center text-white font-semibold text-sm flex-shrink-0 cursor-pointer hover:ring-2 hover:ring-gray-900 hover:ring-offset-1 transition-all">T</div><div><div class="flex items-center gap-1.5"><span class="text-sm font-semibold text-gray-900 cursor-pointer hover:underline">Test User</span></div><span class="text-xs text-gray-500">Nov 30, 2025, 07:54 PM</span></div></div><button class="p-1 hover:bg-gray-100 rounded-full transition-colors" type="button" id="radix-_r_9_" aria-haspopup="menu" aria-expanded="false" data-state="closed"><svg xmlns="http://www.w3.org/2000/svg" width="24" height="24" viewBox="0 0 24 24" fill="none" stroke="currentColor" stroke-width="2" stroke-linecap="round" stroke-linejoin="round" class="lucide lucide-ellipsis-vertical w-4 h-4 text-gray-600" aria-hidden="true"><circle cx="12" cy="12" r="1"></circle><circle cx="12" cy="5" r="1"></circle><circle cx="12" cy="19" r="1"></circle></svg></button></div><p class="text-sm text-gray-800 whitespace-pre-wrap mb-2">Test comment 1764518097186</p><div class="flex items-center gap-3"><div class="flex items-center gap-3"><button data-testid="reaction-button-like" class="
                            group inline-flex items-center gap-1.5 px-3 py-1.5 rounded-md font-medium text-sm transition-all duration-200
                            bg-white text-gray-700 hover:bg-gray-50 border border-gray-300
                            cursor-pointer hover:scale-105
                        " type="button" id="radix-_r_b_" aria-haspopup="menu" aria-expanded="false" data-state="closed"><span class="text-base">👍</span><span class="font-medium text-sm">Like</span></button></div><button data-testid="reply-button" class="flex items-center gap-1 text-sm text-gray-600 hover:text-gray-900 transition-colors"><svg xmlns="http://www.w3.org/2000/svg" width="24" height="24" viewBox="0 0 24 24" fill="none" stroke="currentColor" stroke-width="2" stroke-linecap="round" stroke-linejoin="round" class="lucide lucide-reply w-4 h-4" aria-hidden="true"><path d="M20 18v-2a4 4 0 0 0-4-4H4"></path><path d="m9 17-5-5 5-5"></path></svg>Reply</button></div></div><div class="mt-2 space-y-2"><div class="ml-10"><div class="bg-white rounded-md border border-gray-200 p-3"><div class="flex items-start justify-between mb-2"><div class="flex items-center gap-2"><div class="w-8 h-8 bg-gradient-to-br from-gray-700 to-gray-900 rounded-full flex items-center justify-center text-white font-semibold text-sm flex-shrink-0 cursor-pointer hover:ring-2 hover:ring-gray-900 hover:ring-offset-1 transition-all">T</div><div><div class="flex items-center gap-1.5"><span class="text-sm font-semibold text-gray-900 cursor-pointer hover:underline">Test User</span></div><span class="text-xs text-gray-500">Nov 30, 2025, 07:57 PM</span></div></div><button class="p-1 hover:bg-gray-100 rounded-full transition-colors" type="button" id="radix-_r_d_" aria-haspopup="menu" aria-expanded="false" data-state="closed"><svg xmlns="http://www.w3.org/2000/svg" width="24" height="24" viewBox="0 0 24 24" fill="none" stroke="currentColor" stroke-width="2" stroke-linecap="round" stroke-linejoin="round" class="lucide lucide-ellipsis-vertical w-4 h-4 text-gray-600" aria-hidden="true"><circle cx="12" cy="12" r="1"></circle><circle cx="12" cy="5" r="1"></circle><circle cx="12" cy="19" r="1"></circle></svg></button></div><p class="text-sm text-gray-800 whitespace-pre-wrap mb-2">Test reply 1764518242023</p><div class="flex items-center gap-3"><div class="flex items-center gap-3"><button data-testid="reaction-button-like" class="
                            group inline-flex items-center gap-1.5 px-3 py-1.5 rounded-md font-medium text-sm transition-all duration-200
                            bg-white text-gray-700 hover:bg-gray-50 border border-gray-300
                            cursor-pointer hover:scale-105
                        " type="button" id="radix-_r_f_" aria-haspopup="menu" aria-expanded="false" data-state="closed"><span class="text-base">👍</span><span class="font-medium text-sm">Like</span></button></div></div></div></div></div></div><div class=""><div class="bg-white rounded-md border border-gray-200 p-3"><div class="flex items-start justify-between mb-2"><div class="flex items-center gap-2"><div class="w-8 h-8 bg-gradient-to-br from-gray-700 to-gray-900 rounded-full flex items-center justify-center text-white font-semibold text-sm flex-shrink-0 cursor-pointer hover:ring-2 hover:ring-gray-900 hover:ring-offset-1 transition-all">T</div><div><div class="flex items-center gap-1.5"><span class="text-sm font-semibold text-gray-900 cursor-pointer hover:underline">Test User</span></div><span class="text-xs text-gray-500">Nov 30, 2025, 07:52 PM</span></div></div><button class="p-1 hover:bg-gray-100 rounded-full transition-colors" type="button" id="radix-_r_n_" aria-haspopup="menu" aria-expanded="false" data-state="closed"><svg xmlns="http://www.w3.org/2000/svg" width="24" height="24" viewBox="0 0 24 24" fill="none" stroke="currentColor" stroke-width="2" stroke-linecap="round" stroke-linejoin="round" class="lucide lucide-ellipsis-vertical w-4 h-4 text-gray-600" aria-hidden="true"><circle cx="12" cy="12" r="1"></circle><circle cx="12" cy="5" r="1"></circle><circle cx="12" cy="19" r="1"></circle></svg></button></div><p class="text-sm text-gray-800 whitespace-pre-wrap mb-2">Test comment 1764517923365</p><div class="flex items-center gap-3"><div class="flex items-center gap-3"><button data-testid="reaction-button-like" class="
                            group inline-flex items-center gap-1.5 px-3 py-1.5 rounded-md font-medium text-sm transition-all duration-200
                            bg-white text-gray-700 hover:bg-gray-50 border border-gray-300
                            cursor-pointer hover:scale-105
                        " type="button" id="radix-_r_p_" aria-haspopup="menu" aria-expanded="false" data-state="closed"><span class="text-base">👍</span><span class="font-medium text-sm">Like</span></button></div><button data-testid="reply-button" class="flex items-center gap-1 text-sm text-gray-600 hover:text-gray-900 transition-colors"><svg xmlns="http://www.w3.org/2000/svg" width="24" height="24" viewBox="0 0 24 24" fill="none" stroke="currentColor" stroke-width="2" stroke-linecap="round" stroke-linejoin="round" class="lucide lucide-reply w-4 h-4" aria-hidden="true"><path d="M20 18v-2a4 4 0 0 0-4-4H4"></path><path d="m9 17-5-5 5-5"></path></svg>Reply</button></div></div><div class="mt-2 space-y-2"><div class="ml-10"><div class="bg-white rounded-md border border-gray-200 p-3"><div class="flex items-start justify-between mb-2"><div class="flex items-center gap-2"><div class="w-8 h-8 bg-gradient-to-br from-gray-700 to-gray-900 rounded-full flex items-center justify-center text-white font-semibold text-sm flex-shrink-0 cursor-pointer hover:ring-2 hover:ring-gray-900 hover:ring-offset-1 transition-all">T</div><div><div class="flex items-center gap-1.5"><span class="text-sm font-semibold text-gray-900 cursor-pointer hover:underline">Test User</span></div><span class="text-xs text-gray-500">Nov 30, 2025, 07:54 PM</span></div></div><button class="p-1 hover:bg-gray-100 rounded-full transition-colors" type="button" id="radix-_r_r_" aria-haspopup="menu" aria-expanded="false" data-state="closed"><svg xmlns="http://www.w3.org/2000/svg" width="24" height="24" viewBox="0 0 24 24" fill="none" stroke="currentColor" stroke-width="2" stroke-linecap="round" stroke-linejoin="round" class="lucide lucide-ellipsis-vertical w-4 h-4 text-gray-600" aria-hidden="true"><circle cx="12" cy="12" r="1"></circle><circle cx="12" cy="5" r="1"></circle><circle cx="12" cy="19" r="1"></circle></svg></button></div><p class="text-sm text-gray-800 whitespace-pre-wrap mb-2">Test reply 1764518096026</p><div class="flex items-center gap-3"><div class="flex items-center gap-3"><button data-testid="reaction-button-like" class="
                            group inline-flex items-center gap-1.5 px-3 py-1.5 rounded-md font-medium text-sm transition-all duration-200
                            bg-white text-gray-700 hover:bg-gray-50 border border-gray-300
                            cursor-pointer hover:scale-105
                        " type="button" id="radix-_r_t_" aria-haspopup="menu" aria-expanded="false" data-state="closed"><span class="text-base">👍</span><span class="font-medium text-sm">Like</span></button></div></div></div></div></div></div><div class=""><div class="bg-white rounded-md border border-gray-200 p-3"><div class="flex items-start justify-between mb-2"><div class="flex items-center gap-2"><div class="w-8 h-8 bg-gradient-to-br from-gray-700 to-gray-900 rounded-full flex items-center justify-center text-white font-semibold text-sm flex-shrink-0 cursor-pointer hover:ring-2 hover:ring-gray-900 hover:ring-offset-1 transition-all">T</div><div><div class="flex items-center gap-1.5"><span class="text-sm font-semibold text-gray-900 cursor-pointer hover:underline">Test User</span></div><span class="text-xs text-gray-500">Nov 30, 2025, 07:28 PM</span></div></div><button class="p-1 hover:bg-gray-100 rounded-full transition-colors" type="button" id="radix-_r_15_" aria-haspopup="menu" aria-expanded="false" data-state="closed"><svg xmlns="http://www.w3.org/2000/svg" width="24" height="24" viewBox="0 0 24 24" fill="none" stroke="currentColor" stroke-width="2" stroke-linecap="round" stroke-linejoin="round" class="lucide lucide-ellipsis-vertical w-4 h-4 text-gray-600" aria-hidden="true"><circle cx="12" cy="12" r="1"></circle><circle cx="12" cy="5" r="1"></circle><circle cx="12" cy="19" r="1"></circle></svg></button></div><p class="text-sm text-gray-800 whitespace-pre-wrap mb-2">sgsgs</p><div class="flex items-center gap-3"><div class="flex items-center gap-3"><button data-testid="reaction-button-like" class="
                            group inline-flex items-center gap-1.5 px-3 py-1.5 rounded-md font-medium text-sm transition-all duration-200
                            bg-white text-gray-700 hover:bg-gray-50 border border-gray-300
                            cursor-pointer hover:scale-105
                        " type="button" id="radix-_r_17_" aria-haspopup="menu" aria-expanded="false" data-state="closed"><span class="text-base">👍</span><span class="font-medium text-sm">Like</span></button></div><button data-testid="reply-button" class="flex items-center gap-1 text-sm text-gray-600 hover:text-gray-900 transition-colors"><svg xmlns="http://www.w3.org/2000/svg" width="24" height="24" viewBox="0 0 24 24" fill="none" stroke="currentColor" stroke-width="2" stroke-linecap="round" stroke-linejoin="round" class="lucide lucide-reply w-4 h-4" aria-hidden="true"><path d="M20 18v-2a4 4 0 0 0-4-4H4"></path><path d="m9 17-5-5 5-5"></path></svg>Reply</button></div></div><div class="mt-2 space-y-2"><div class="ml-10"><div class="bg-white rounded-md border border-gray-200 p-3"><div class="flex items-start justify-between mb-2"><div class="flex items-center gap-2"><div class="w-8 h-8 bg-gradient-to-br from-gray-700 to-gray-900 rounded-full flex items-center justify-center text-white font-semibold text-sm flex-shrink-0 cursor-pointer hover:ring-2 hover:ring-gray-900 hover:ring-offset-1 transition-all">T</div><div><div class="flex items-center gap-1.5"><span class="text-sm font-semibold text-gray-900 cursor-pointer hover:underline">Test User</span></div><span class="text-xs text-gray-500">Nov 30, 2025, 07:52 PM</span></div></div><button class="p-1 hover:bg-gray-100 rounded-full transition-colors" type="button" id="radix-_r_19_" aria-haspopup="menu" aria-expanded="false" data-state="closed"><svg xmlns="http://www.w3.org/2000/svg" width="24" height="24" viewBox="0 0 24 24" fill="none" stroke="currentColor" stroke-width="2" stroke-linecap="round" stroke-linejoin="round" class="lucide lucide-ellipsis-vertical w-4 h-4 text-gray-600" aria-hidden="true"><circle cx="12" cy="12" r="1"></circle><circle cx="12" cy="5" r="1"></circle><circle cx="12" cy="19" r="1"></circle></svg></button></div><p class="text-sm text-gray-800 whitespace-pre-wrap mb-2">Test reply 1764517923381</p><div class="flex items-center gap-3"><div class="flex items-center gap-3"><button data-testid="reaction-button-like" class="
                            group inline-flex items-center gap-1.5 px-3 py-1.5 rounded-md font-medium text-sm transition-all duration-200
                            bg-white text-gray-700 hover:bg-gray-50 border border-gray-300
                            cursor-pointer hover:scale-105
                        " type="button" id="radix-_r_1b_" aria-haspopup="menu" aria-expanded="false" data-state="closed"><span class="text-base">👍</span><span class="font-medium text-sm">Like</span></button></div></div></div></div><div class="ml-10"><div class="bg-white rounded-md border border-gray-200 p-3"><div class="flex items-start justify-between mb-2"><div class="flex items-center gap-2"><div class="w-8 h-8 bg-gradient-to-br from-gray-700 to-gray-900 rounded-full flex items-center justify-center text-white font-semibold text-sm flex-shrink-0 cursor-pointer hover:ring-2 hover:ring-gray-900 hover:ring-offset-1 transition-all">T</div><div><div class="flex items-center gap-1.5"><span class="text-sm font-semibold text-gray-900 cursor-pointer hover:underline">Test User</span></div><span class="text-xs text-gray-500">Nov 30, 2025, 07:28 PM</span></div></div><button class="p-1 hover:bg-gray-100 rounded-full transition-colors" type="button" id="radix-_r_1g_" aria-haspopup="menu" aria-expanded="false" data-state="closed"><svg xmlns="http://www.w3.org/2000/svg" width="24" height="24" viewBox="0 0 24 24" fill="none" stroke="currentColor" stroke-width="2" stroke-linecap="round" stroke-linejoin="round" class="lucide lucide-ellipsis-vertical w-4 h-4 text-gray-600" aria-hidden="true"><circle cx="12" cy="12" r="1"></circle><circle cx="12" cy="5" r="1"></circle><circle cx="12" cy="19" r="1"></circle></svg></button></div><p class="text-sm text-gray-800 whitespace-pre-wrap mb-2">sfgsgfs</p><div class="flex items-center gap-3"><div class="flex items-center gap-3"><button data-testid="reaction-button-like" class="
                            group inline-flex items-center gap-1.5 px-3 py-1.5 rounded-md font-medium text-sm transition-all duration-200
                            bg-white text-gray-700 hover:bg-gray-50 border border-gray-300
                            cursor-pointer hover:scale-105
                        " type="button" id="radix-_r_1i_" aria-haspopup="menu" aria-expanded="false" data-state="closed"><span class="text-base">👍</span><span class="font-medium text-sm">Like</span></button></div></div></div></div></div></div><div class=""><div class="bg-white rounded-md border border-gray-200 p-3"><div class="flex items-start justify-between mb-2"><div class="flex items-center gap-2"><div class="w-8 h-8 bg-gradient-to-br from-gray-700 to-gray-900 rounded-full flex items-center justify-center text-white font-semibold text-sm flex-shrink-0 cursor-pointer hover:ring-2 hover:ring-gray-900 hover:ring-offset-1 transition-all">T</div><div><div class="flex items-center gap-1.5"><span class="text-sm font-semibold text-gray-900 cursor-pointer hover:underline">Test User</span></div><span class="text-xs text-gray-500">Nov 30, 2025, 07:24 PM</span></div></div><button class="p-1 hover:bg-gray-100 rounded-full transition-colors" type="button" id="radix-_r_1q_" aria-haspopup="menu" aria-expanded="false" data-state="closed"><svg xmlns="http://www.w3.org/2000/svg" width="24" height="24" viewBox="0 0 24 24" fill="none" stroke="currentColor" stroke-width="2" stroke-linecap="round" stroke-linejoin="round" class="lucide lucide-ellipsis-vertical w-4 h-4 text-gray-600" aria-hidden="true"><circle cx="12" cy="12" r="1"></circle><circle cx="12" cy="5" r="1"></circle><circle cx="12" cy="19" r="1"></circle></svg></button></div><p class="text-sm text-gray-800 whitespace-pre-wrap mb-2">Test comment 1764516258855</p><div class="flex items-center gap-3"><div class="flex items-center gap-3"><button data-testid="reaction-button-like" class="
                            group inline-flex items-center gap-1.5 px-3 py-1.5 rounded-md font-medium text-sm transition-all duration-200
                            bg-white text-gray-700 hover:bg-gray-50 border border-gray-300
                            cursor-pointer hover:scale-105
                        " type="button" id="radix-_r_1s_" aria-haspopup="menu" aria-expanded="false" data-state="closed"><span class="text-base">👍</span><span class="font-medium text-sm">Like</span></button></div><button data-testid="reply-button" class="flex items-center gap-1 text-sm text-gray-600 hover:text-gray-900 transition-colors"><svg xmlns="http://www.w3.org/2000/svg" width="24" height="24" viewBox="0 0 24 24" fill="none" stroke="currentColor" stroke-width="2" stroke-linecap="round" stroke-linejoin="round" class="lucide lucide-reply w-4 h-4" aria-hidden="true"><path d="M20 18v-2a4 4 0 0 0-4-4H4"></path><path d="m9 17-5-5 5-5"></path></svg>Reply</button></div></div></div><div class="pt-4 flex justify-center gap-3"><button class="px-4 py-2 text-sm font-medium text-gray-700 bg-white border border-gray-300 rounded-md hover:bg-gray-50 transition-colors disabled:opacity-50 disabled:cursor-not-allowed flex items-center gap-2">Show More Comments</button></div></div></div></div></div></article><article class="bg-white rounded-xl shadow-sm border border-gray-200 overflow-hidden hover:shadow-md transition-shadow"><div class="p-6"><h2 class="text-xl font-bold text-gray-900 mb-3">Amazing New Features Released</h2><p class="text-gray-600 leading-relaxed mb-6">We are excited to announce the release of our new features! The reaction system now supports real-time updates and beautiful animations. Try it out and let us know what you think!</p><div class="pt-4 border-t border-gray-100"><div class="flex items-center gap-3"><button data-testid="reaction-button-like" class="
                            group inline-flex items-center gap-1.5 px-3 py-1.5 rounded-md font-medium text-sm transition-all duration-200
                            bg-white text-gray-700 hover:bg-gray-50 border border-gray-300
                            cursor-pointer hover:scale-105
                        " type="button" id="radix-_r_21_" aria-haspopup="menu" aria-expanded="false" data-state="closed"><span class="text-base">👍</span><span class="font-medium text-sm">Like</span></button><div class="flex items-center gap-1.5"><button data-testid="reaction-count-angry" class="
                                    inline-flex items-center gap-1 px-2 py-1 rounded-full text-xs font-medium transition-all
                                    bg-gray-100 text-gray-700 hover:bg-gray-200
                                    cursor-pointer hover:scale-105
                                "><span class="text-base">😠</span><span>3</span></button><button data-testid="reaction-count-like" class="
                                    inline-flex items-center gap-1 px-2 py-1 rounded-full text-xs font-medium transition-all
                                    bg-gray-100 text-gray-700 hover:bg-gray-200
                                    cursor-pointer hover:scale-105
                                "><span class="text-base">👍</span><span>1</span></button><button data-testid="reaction-count-wow" class="
                                    inline-flex items-center gap-1 px-2 py-1 rounded-full text-xs font-medium transition-all
                                    bg-gray-100 text-gray-700 hover:bg-gray-200
                                    cursor-pointer hover:scale-105
                                "><span class="text-base">😮</span><span>1</span></button><button class="p-1.5 hover:bg-gray-100 rounded-full transition-colors" title="See who reacted"><svg xmlns="http://www.w3.org/2000/svg" width="24" height="24" viewBox="0 0 24 24" fill="none" stroke="currentColor" stroke-width="2" stroke-linecap="round" stroke-linejoin="round" class="lucide lucide-chevron-down w-4 h-4 text-gray-600" aria-hidden="true"><path d="m6 9 6 6 6-6"></path></svg></button></div></div></div><div class="pt-6 border-t border-gray-100 mt-6"><div class="space-y-3"><div class="flex items-center justify-between"><div class="flex items-center gap-2"><svg xmlns="http://www.w3.org/2000/svg" width="24" height="24" viewBox="0 0 24 24" fill="none" stroke="currentColor" stroke-width="2" stroke-linecap="round" stroke-linejoin="round" class="lucide lucide-message-square w-4 h-4 text-gray-600" aria-hidden="true"><path d="M22 17a2 2 0 0 1-2 2H6.828a2 2 0 0 0-1.414.586l-2.202 2.202A.71.71 0 0 1 2 21.286V5a2 2 0 0 1 2-2h16a2 2 0 0 1 2 2z"></path></svg><h3 class="text-base font-semibold text-gray-900">Comments (3)</h3></div><button data-testid="add-comment-button" class="px-3 py-1.5 text-sm font-medium text-white bg-gray-900 rounded-md hover:bg-gray-800 transition-colors">Add Comment</button></div><div class="space-y-2"><div class=""><div class="bg-white rounded-md border border-gray-200 p-3"><div class="flex items-start justify-between mb-2"><div class="flex items-center gap-2"><div class="w-8 h-8 bg-gradient-to-br from-gray-700 to-gray-900 rounded-full flex items-center justify-center text-white font-semibold text-sm flex-shrink-0 cursor-pointer hover:ring-2 hover:ring-gray-900 hover:ring-offset-1 transition-all">D</div><div><div class="flex items-center gap-1.5"><span class="text-sm font-semibold text-gray-900 cursor-pointer hover:underline">David Taylor</span></div><span class="text-xs text-gray-500">Nov 30, 2025, 06:17 PM</span></div></div><button class="p-1 hover:bg-gray-100 rounded-full transition-colors" type="button" id="radix-_r_23_" aria-haspopup="menu" aria-expanded="false" data-state="closed"><svg xmlns="http://www.w3.org/2000/svg" width="24" height="24" viewBox="0 0 24 24" fill="none" stroke="currentColor" stroke-width="2" stroke-linecap="round" stroke-linejoin="round" class="lucide lucide-ellipsis-vertical w-4 h-4 text-gray-600" aria-hidden="true"><circle cx="12" cy="12" r="1"></circle><circle cx="12" cy="5" r="1"></circle><circle cx="12" cy="19" r="1"></circle></svg></button></div><p class="text-sm text-gray-800 whitespace-pre-wrap mb-2">Fantastic post! Keep it up!</p><div class="flex items-center gap-3"><div class="flex items-center gap-3"><button data-testid="reaction-button-like" class="
                            group inline-flex items-center gap-1.5 px-3 py-1.5 rounded-md font-medium text-sm transition-all duration-200
                            bg-white text-gray-700 hover:bg-gray-50 border border-gray-300
                            cursor-pointer hover:scale-105
                        " type="button" id="radix-_r_25_" aria-haspopup="menu" aria-expanded="false" data-state="closed"><span class="text-base">👍</span><span class="font-medium text-sm">Like</span></button></div><button data-testid="reply-button" class="flex items-center gap-1 text-sm text-gray-600 hover:text-gray-900 transition-colors"><svg xmlns="http://www.w3.org/2000/svg" width="24" height="24" viewBox="0 0 24 24" fill="none" stroke="currentColor" stroke-width="2" stroke-linecap="round" stroke-linejoin="round" class="lucide lucide-reply w-4 h-4" aria-hidden="true"><path d="M20 18v-2a4 4 0 0 0-4-4H4"></path><path d="m9 17-5-5 5-5"></path></svg>Reply</button></div></div></div><div class=""><div class="bg-white rounded-md border border-gray-200 p-3"><div class="flex items-start justify-between mb-2"><div class="flex items-center gap-2"><div class="w-8 h-8 bg-gradient-to-br from-gray-700 to-gray-900 rounded-full flex items-center justify-center text-white font-semibold text-sm flex-shrink-0 cursor-pointer hover:ring-2 hover:ring-gray-900 hover:ring-offset-1 transition-all">I</div><div><div class="flex items-center gap-1.5"><span class="text-sm font-semibold text-gray-900 cursor-pointer hover:underline">Isabella Jones</span></div><span class="text-xs text-gray-500">Nov 30, 2025, 06:17 PM</span></div></div><button class="p-1 hover:bg-gray-100 rounded-full transition-colors" type="button" id="radix-_r_2a_" aria-haspopup="menu" aria-expanded="false" data-state="closed"><svg xmlns="http://www.w3.org/2000/svg" width="24" height="24" viewBox="0 0 24 24" fill="none" stroke="currentColor" stroke-width="2" stroke-linecap="round" stroke-linejoin="round" class="lucide lucide-ellipsis-vertical w-4 h-4 text-gray-600" aria-hidden="true"><circle cx="12" cy="12" r="1"></circle><circle cx="12" cy="5" r="1"></circle><circle cx="12" cy="19" r="1"></circle></svg></button></div><p class="text-sm text-gray-800 whitespace-pre-wrap mb-2">Very interesting perspective.</p><div class="flex items-center gap-3"><div class="flex items-center gap-3"><button data-testid="reaction-button-like" class="
                            group inline-flex items-center gap-1.5 px-3 py-1.5 rounded-md font-medium text-sm transition-all duration-200
                            bg-white text-gray-700 hover:bg-gray-50 border border-gray-300
                            cursor-pointer hover:scale-105
                        " type="button" id="radix-_r_2c_" aria-haspopup="menu" aria-expanded="false" data-state="closed"><span class="text-base">👍</span><span class="font-medium text-sm">Like</span></button></div><button data-testid="reply-button" class="flex items-center gap-1 text-sm text-gray-600 hover:text-gray-900 transition-colors"><svg xmlns="http://www.w3.org/2000/svg" width="24" height="24" viewBox="0 0 24 24" fill="none" stroke="currentColor" stroke-width="2" stroke-linecap="round" stroke-linejoin="round" class="lucide lucide-reply w-4 h-4" aria-hidden="true"><path d="M20 18v-2a4 4 0 0 0-4-4H4"></path><path d="m9 17-5-5 5-5"></path></svg>Reply</button></div></div></div><div class=""><div class="bg-white rounded-md border border-gray-200 p-3"><div class="flex items-start justify-between mb-2"><div class="flex items-center gap-2"><div class="w-8 h-8 bg-gradient-to-br from-gray-700 to-gray-900 rounded-full flex items-center justify-center text-white font-semibold text-sm flex-shrink-0 cursor-pointer hover:ring-2 hover:ring-gray-900 hover:ring-offset-1 transition-all">E</div><div><div class="flex items-center gap-1.5"><span class="text-sm font-semibold text-gray-900 cursor-pointer hover:underline">Ethan Lopez</span></div><span class="text-xs text-gray-500">Nov 30, 2025, 06:17 PM</span></div></div><button class="p-1 hover:bg-gray-100 rounded-full transition-colors" type="button" id="radix-_r_2h_" aria-haspopup="menu" aria-expanded="false" data-state="closed"><svg xmlns="http://www.w3.org/2000/svg" width="24" height="24" viewBox="0 0 24 24" fill="none" stroke="currentColor" stroke-width="2" stroke-linecap="round" stroke-linejoin="round" class="lucide lucide-ellipsis-vertical w-4 h-4 text-gray-600" aria-hidden="true"><circle cx="12" cy="12" r="1"></circle><circle cx="12" cy="5" r="1"></circle><circle cx="12" cy="19" r="1"></circle></svg></button></div><p class="text-sm text-gray-800 whitespace-pre-wrap mb-2">Well said! Couldn't agree more.</p><div class="flex items-center gap-3"><div class="flex items-center gap-3"><button data-testid="reaction-button-like" class="
                            group inline-flex items-center gap-1.5 px-3 py-1.5 rounded-md font-medium text-sm transition-all duration-200
                            bg-white text-gray-700 hover:bg-gray-50 border border-gray-300
                            cursor-pointer hover:scale-105
                        " type="button" id="radix-_r_2j_" aria-haspopup="menu" aria-expanded="false" data-state="closed"><span class="text-base">👍</span><span class="font-medium text-sm">Like</span></button></div><button data-testid="reply-button" class="flex items-center gap-1 text-sm text-gray-600 hover:text-gray-900 transition-colors"><svg xmlns="http://www.w3.org/2000/svg" width="24" height="24" viewBox="0 0 24 24" fill="none" stroke="currentColor" stroke-width="2" stroke-linecap="round" stroke-linejoin="round" class="lucide lucide-reply w-4 h-4" aria-hidden="true"><path d="M20 18v-2a4 4 0 0 0-4-4H4"></path><path d="m9 17-5-5 5-5"></path></svg>Reply</button></div></div></div></div></div></div></div></article><article class="bg-white rounded-xl shadow-sm border border-gray-200 overflow-hidden hover:shadow-md transition-shadow"><div class="p-6"><h2 class="text-xl font-bold text-gray-900 mb-3">Community Guidelines Update</h2><p class="text-gray-600 leading-relaxed mb-6">We have updated our community guidelines to ensure a safe and welcoming environment for everyone. Please take a moment to review the changes and react to show your acknowledgment.</p><div class="pt-4 border-t border-gray-100"><div class="flex items-center gap-3"><button data-testid="reaction-button-like" class="
                            group inline-flex items-center gap-1.5 px-3 py-1.5 rounded-md font-medium text-sm transition-all duration-200
                            bg-white text-gray-700 hover:bg-gray-50 border border-gray-300
                            cursor-pointer hover:scale-105
                        " type="button" id="radix-_r_2o_" aria-haspopup="menu" aria-expanded="false" data-state="closed"><span class="text-base">👍</span><span class="font-medium text-sm">Like</span></button><div class="flex items-center gap-1.5"><button data-testid="reaction-count-sad" class="
                                    inline-flex items-center gap-1 px-2 py-1 rounded-full text-xs font-medium transition-all
                                    bg-gray-100 text-gray-700 hover:bg-gray-200
                                    cursor-pointer hover:scale-105
                                "><span class="text-base">😢</span><span>2</span></button><button data-testid="reaction-count-angry" class="
                                    inline-flex items-center gap-1 px-2 py-1 rounded-full text-xs font-medium transition-all
                                    bg-gray-100 text-gray-700 hover:bg-gray-200
                                    cursor-pointer hover:scale-105
                                "><span class="text-base">😠</span><span>2</span></button><button data-testid="reaction-count-like" class="
                                    inline-flex items-center gap-1 px-2 py-1 rounded-full text-xs font-medium transition-all
                                    bg-gray-100 text-gray-700 hover:bg-gray-200
                                    cursor-pointer hover:scale-105
                                "><span class="text-base">👍</span><span>1</span></button><button data-testid="reaction-count-love" class="
                                    inline-flex items-center gap-1 px-2 py-1 rounded-full text-xs font-medium transition-all
                                    bg-gray-100 text-gray-700 hover:bg-gray-200
                                    cursor-pointer hover:scale-105
                                "><span class="text-base">❤️</span><span>1</span></button><button data-testid="reaction-count-haha" class="
                                    inline-flex items-center gap-1 px-2 py-1 rounded-full text-xs font-medium transition-all
                                    bg-gray-100 text-gray-700 hover:bg-gray-200
                                    cursor-pointer hover:scale-105
                                "><span class="text-base">😂</span><span>1</span></button><button class="p-1.5 hover:bg-gray-100 rounded-full transition-colors" title="See who reacted"><svg xmlns="http://www.w3.org/2000/svg" width="24" height="24" viewBox="0 0 24 24" fill="none" stroke="currentColor" stroke-width="2" stroke-linecap="round" stroke-linejoin="round" class="lucide lucide-chevron-down w-4 h-4 text-gray-600" aria-hidden="true"><path d="m6 9 6 6 6-6"></path></svg></button></div></div></div><div class="pt-6 border-t border-gray-100 mt-6"><div class="space-y-3"><div class="flex items-center justify-between"><div class="flex items-center gap-2"><svg xmlns="http://www.w3.org/2000/svg" width="24" height="24" viewBox="0 0 24 24" fill="none" stroke="currentColor" stroke-width="2" stroke-linecap="round" stroke-linejoin="round" class="lucide lucide-message-square w-4 h-4 text-gray-600" aria-hidden="true"><path d="M22 17a2 2 0 0 1-2 2H6.828a2 2 0 0 0-1.414.586l-2.202 2.202A.71.71 0 0 1 2 21.286V5a2 2 0 0 1 2-2h16a2 2 0 0 1 2 2z"></path></svg><h3 class="text-base font-semibold text-gray-900">Comments (2)</h3></div><button data-testid="add-comment-button" class="px-3 py-1.5 text-sm font-medium text-white bg-gray-900 rounded-md hover:bg-gray-800 transition-colors">Add Comment</button></div><div class="space-y-2"><div class=""><div class="bg-white rounded-md border border-gray-200 p-3"><div class="flex items-start justify-between mb-2"><div class="flex items-center gap-2"><div class="w-8 h-8 bg-gradient-to-br from-gray-700 to-gray-900 rounded-full flex items-center justify-center text-white font-semibold text-sm flex-shrink-0 cursor-pointer hover:ring-2 hover:ring-gray-900 hover:ring-offset-1 transition-all">L</div><div><div class="flex items-center gap-1.5"><span class="text-sm font-semibold text-gray-900 cursor-pointer hover:underline">Liam Garcia</span></div><span class="text-xs text-gray-500">Nov 30, 2025, 06:17 PM</span></div></div><button class="p-1 hover:bg-gray-100 rounded-full transition-colors" type="button" id="radix-_r_2q_" aria-haspopup="menu" aria-expanded="false" data-state="closed"><svg xmlns="http://www.w3.org/2000/svg" width="24" height="24" viewBox="0 0 24 24" fill="none" stroke="currentColor" stroke-width="2" stroke-linecap="round" stroke-linejoin="round" class="lucide lucide-ellipsis-vertical w-4 h-4 text-gray-600" aria-hidden="true"><circle cx="12" cy="12" r="1"></circle><circle cx="12" cy="5" r="1"></circle><circle cx="12" cy="19" r="1"></circle></svg></button></div><p class="text-sm text-gray-800 whitespace-pre-wrap mb-2">Thanks for sharing this information.</p><div class="flex items-center gap-3"><div class="flex items-center gap-3"><button data-testid="reaction-button-like" class="
                            group inline-flex items-center gap-1.5 px-3 py-1.5 rounded-md font-medium text-sm transition-all duration-200
                            bg-white text-gray-700 hover:bg-gray-50 border border-gray-300
                            cursor-pointer hover:scale-105
                        " type="button" id="radix-_r_2s_" aria-haspopup="menu" aria-expanded="false" data-state="closed"><span class="text-base">👍</span><span class="font-medium text-sm">Like</span></button></div><button data-testid="reply-button" class="flex items-center gap-1 text-sm text-gray-600 hover:text-gray-900 transition-colors"><svg xmlns="http://www.w3.org/2000/svg" width="24" height="24" viewBox="0 0 24 24" fill="none" stroke="currentColor" stroke-width="2" stroke-linecap="round" stroke-linejoin="round" class="lucide lucide-reply w-4 h-4" aria-hidden="true"><path d="M20 18v-2a4 4 0 0 0-4-4H4"></path><path d="m9 17-5-5 5-5"></path></svg>Reply</button></div></div></div><div class=""><div class="bg-white rounded-md border border-gray-200 p-3"><div class="flex items-start justify-between mb-2"><div class="flex items-center gap-2"><div class="w-8 h-8 bg-gradient-to-br from-gray-700 to-gray-900 rounded-full flex items-center justify-center text-white font-semibold text-sm flex-shrink-0 cursor-pointer hover:ring-2 hover:ring-gray-900 hover:ring-offset-1 transition-all">S</div><div><div class="flex items-center gap-1.5"><span class="text-sm font-semibold text-gray-900 cursor-pointer hover:underline">Sebastian Thomas</span></div><span class="text-xs text-gray-500">Nov 30, 2025, 06:17 PM</span></div></div><button class="p-1 hover:bg-gray-100 rounded-full transition-colors" type="button" id="radix-_r_31_" aria-haspopup="menu" aria-expanded="false" data-state="closed"><svg xmlns="http://www.w3.org/2000/svg" width="24" height="24" viewBox="0 0 24 24" fill="none" stroke="currentColor" stroke-width="2" stroke-linecap="round" stroke-linejoin="round" class="lucide lucide-ellipsis-vertical w-4 h-4 text-gray-600" aria-hidden="true"><circle cx="12" cy="12" r="1"></circle><circle cx="12" cy="5" r="1"></circle><circle cx="12" cy="19" r="1"></circle></svg></button></div><p class="text-sm text-gray-800 whitespace-pre-wrap mb-2">Could you elaborate more on this?</p><div class="flex items-center gap-3"><div class="flex items-center gap-3"><button data-testid="reaction-button-like" class="
                            group inline-flex items-center gap-1.5 px-3 py-1.5 rounded-md font-medium text-sm transition-all duration-200
                            bg-white text-gray-700 hover:bg-gray-50 border border-gray-300
                            cursor-pointer hover:scale-105
                        " type="button" id="radix-_r_33_" aria-haspopup="menu" aria-expanded="false" data-state="closed"><span class="text-base">👍</span><span class="font-medium text-sm">Like</span></button></div><button data-testid="reply-button" class="flex items-center gap-1 text-sm text-gray-600 hover:text-gray-900 transition-colors"><svg xmlns="http://www.w3.org/2000/svg" width="24" height="24" viewBox="0 0 24 24" fill="none" stroke="currentColor" stroke-width="2" stroke-linecap="round" stroke-linejoin="round" class="lucide lucide-reply w-4 h-4" aria-hidden="true"><path d="M20 18v-2a4 4 0 0 0-4-4H4"></path><path d="m9 17-5-5 5-5"></path></svg>Reply</button></div></div><div class="mt-2 space-y-2"><div class="ml-10"><div class="bg-white rounded-md border border-gray-200 p-3"><div class="flex items-start justify-between mb-2"><div class="flex items-center gap-2"><div class="w-8 h-8 bg-gradient-to-br from-gray-700 to-gray-900 rounded-full flex items-center justify-center text-white font-semibold text-sm flex-shrink-0 cursor-pointer hover:ring-2 hover:ring-gray-900 hover:ring-offset-1 transition-all">L</div><div><div class="flex items-center gap-1.5"><span class="text-sm font-semibold text-gray-900 cursor-pointer hover:underline">Liam Garcia</span></div><span class="text-xs text-gray-500">Nov 30, 2025, 06:17 PM</span></div></div><button class="p-1 hover:bg-gray-100 rounded-full transition-colors" type="button" id="radix-_r_35_" aria-haspopup="menu" aria-expanded="false" data-state="closed"><svg xmlns="http://www.w3.org/2000/svg" width="24" height="24" viewBox="0 0 24 24" fill="none" stroke="currentColor" stroke-width="2" stroke-linecap="round" stroke-linejoin="round" class="lucide lucide-ellipsis-vertical w-4 h-4 text-gray-600" aria-hidden="true"><circle cx="12" cy="12" r="1"></circle><circle cx="12" cy="5" r="1"></circle><circle cx="12" cy="19" r="1"></circle></svg></button></div><p class="text-sm text-gray-800 whitespace-pre-wrap mb-2">Interesting perspective!</p><div class="flex items-center gap-3"><div class="flex items-center gap-3"><button data-testid="reaction-button-like" class="
                            group inline-flex items-center gap-1.5 px-3 py-1.5 rounded-md font-medium text-sm transition-all duration-200
                            bg-white text-gray-700 hover:bg-gray-50 border border-gray-300
                            cursor-pointer hover:scale-105
                        " type="button" id="radix-_r_37_" aria-haspopup="menu" aria-expanded="false" data-state="closed"><span class="text-base">👍</span><span class="font-medium text-sm">Like</span></button></div></div></div></div><div class="ml-10"><div class="bg-white rounded-md border border-gray-200 p-3"><div class="flex items-start justify-between mb-2"><div class="flex items-center gap-2"><div class="w-8 h-8 bg-gradient-to-br from-gray-700 to-gray-900 rounded-full flex items-center justify-center text-white font-semibold text-sm flex-shrink-0 cursor-pointer hover:ring-2 hover:ring-gray-900 hover:ring-offset-1 transition-all">V</div><div><div class="flex items-center gap-1.5"><span class="text-sm font-semibold text-gray-900 cursor-pointer hover:underline">Victoria White</span></div><span class="text-xs text-gray-500">Nov 30, 2025, 06:17 PM</span></div></div><button class="p-1 hover:bg-gray-100 rounded-full transition-colors" type="button" id="radix-_r_3c_" aria-haspopup="menu" aria-expanded="false" data-state="closed"><svg xmlns="http://www.w3.org/2000/svg" width="24" height="24" viewBox="0 0 24 24" fill="none" stroke="currentColor" stroke-width="2" stroke-linecap="round" stroke-linejoin="round" class="lucide lucide-ellipsis-vertical w-4 h-4 text-gray-600" aria-hidden="true"><circle cx="12" cy="12" r="1"></circle><circle cx="12" cy="5" r="1"></circle><circle cx="12" cy="19" r="1"></circle></svg></button></div><p class="text-sm text-gray-800 whitespace-pre-wrap mb-2">I hadn't thought of it that way.</p><div class="flex items-center gap-3"><div class="flex items-center gap-3"><button data-testid="reaction-button-like" class="
                            group inline-flex items-center gap-1.5 px-3 py-1.5 rounded-md font-medium text-sm transition-all duration-200
                            bg-white text-gray-700 hover:bg-gray-50 border border-gray-300
                            cursor-pointer hover:scale-105
                        " type="button" id="radix-_r_3e_" aria-haspopup="menu" aria-expanded="false" data-state="closed"><span class="text-base">👍</span><span class="font-medium text-sm">Like</span></button></div></div></div></div></div></div></div></div></div></div></article><article class="bg-white rounded-xl shadow-sm border border-gray-200 overflow-hidden hover:shadow-md transition-shadow"><div class="p-6"><h2 class="text-xl font-bold text-gray-900 mb-3">Behind the Scenes: Development Journey</h2><p class="text-gray-600 leading-relaxed mb-6">Ever wondered how we built this reaction system? In this post, we share our development journey, the challenges we faced, and the solutions we implemented. It has been an amazing ride!</p><div class="pt-4 border-t border-gray-100"><div class="flex items-center gap-3"><button data-testid="reaction-button-like" class="
                            group inline-flex items-center gap-1.5 px-3 py-1.5 rounded-md font-medium text-sm transition-all duration-200
                            bg-white text-gray-700 hover:bg-gray-50 border border-gray-300
                            cursor-pointer hover:scale-105
                        " type="button" id="radix-_r_3m_" aria-haspopup="menu" aria-expanded="false" data-state="closed"><span class="text-base">👍</span><span class="font-medium text-sm">Like</span></button><div class="flex items-center gap-1.5"><button data-testid="reaction-count-haha" class="
                                    inline-flex items-center gap-1 px-2 py-1 rounded-full text-xs font-medium transition-all
                                    bg-gray-100 text-gray-700 hover:bg-gray-200
                                    cursor-pointer hover:scale-105
                                "><span class="text-base">😂</span><span>3</span></button><button data-testid="reaction-count-sad" class="
                                    inline-flex items-center gap-1 px-2 py-1 rounded-full text-xs font-medium transition-all
                                    bg-gray-100 text-gray-700 hover:bg-gray-200
                                    cursor-pointer hover:scale-105
                                "><span class="text-base">😢</span><span>2</span></button><button data-testid="reaction-count-like" class="
                                    inline-flex items-center gap-1 px-2 py-1 rounded-full text-xs font-medium transition-all
                                    bg-gray-100 text-gray-700 hover:bg-gray-200
                                    cursor-pointer hover:scale-105
                                "><span class="text-base">👍</span><span>1</span></button><button data-testid="reaction-count-love" class="
                                    inline-flex items-center gap-1 px-2 py-1 rounded-full text-xs font-medium transition-all
                                    bg-gray-100 text-gray-700 hover:bg-gray-200
                                    cursor-pointer hover:scale-105
                                "><span class="text-base">❤️</span><span>1</span></button><button data-testid="reaction-count-wow" class="
                                    inline-flex items-center gap-1 px-2 py-1 rounded-full text-xs font-medium transition-all
                                    bg-gray-100 text-gray-700 hover:bg-gray-200
                                    cursor-pointer hover:scale-105
                                "><span class="text-base">😮</span><span>1</span></button><button class="p-1.5 hover:bg-gray-100 rounded-full transition-colors" title="See who reacted"><svg xmlns="http://www.w3.org/2000/svg" width="24" height="24" viewBox="0 0 24 24" fill="none" stroke="currentColor" stroke-width="2" stroke-linecap="round" stroke-linejoin="round" class="lucide lucide-chevron-down w-4 h-4 text-gray-600" aria-hidden="true"><path d="m6 9 6 6 6-6"></path></svg></button></div></div></div><div class="pt-6 border-t border-gray-100 mt-6"><div class="space-y-3"><div class="flex items-center justify-between"><div class="flex items-center gap-2"><svg xmlns="http://www.w3.org/2000/svg" width="24" height="24" viewBox="0 0 24 24" fill="none" stroke="currentColor" stroke-width="2" stroke-linecap="round" stroke-linejoin="round" class="lucide lucide-message-square w-4 h-4 text-gray-600" aria-hidden="true"><path d="M22 17a2 2 0 0 1-2 2H6.828a2 2 0 0 0-1.414.586l-2.202 2.202A.71.71 0 0 1 2 21.286V5a2 2 0 0 1 2-2h16a2 2 0 0 1 2 2z"></path></svg><h3 class="text-base font-semibold text-gray-900">Comments (5)</h3></div><button data-testid="add-comment-button" class="px-3 py-1.5 text-sm font-medium text-white bg-gray-900 rounded-md hover:bg-gray-800 transition-colors">Add Comment</button></div><div class="space-y-2"><div class=""><div class="bg-white rounded-md border border-gray-200 p-3"><div class="flex items-start justify-between mb-2"><div class="flex items-center gap-2"><div class="w-8 h-8 bg-gradient-to-br from-gray-700 to-gray-900 rounded-full flex items-center justify-center text-white font-semibold text-sm flex-shrink-0 cursor-pointer hover:ring-2 hover:ring-gray-900 hover:ring-offset-1 transition-all">A</div><div><div class="flex items-center gap-1.5"><span class="text-sm font-semibold text-gray-900 cursor-pointer hover:underline">Amelia Anderson</span></div><span class="text-xs text-gray-500">Nov 30, 2025, 06:17 PM</span></div></div><button class="p-1 hover:bg-gray-100 rounded-full transition-colors" type="button" id="radix-_r_3o_" aria-haspopup="menu" aria-expanded="false" data-state="closed"><svg xmlns="http://www.w3.org/2000/svg" width="24" height="24" viewBox="0 0 24 24" fill="none" stroke="currentColor" stroke-width="2" stroke-linecap="round" stroke-linejoin="round" class="lucide lucide-ellipsis-vertical w-4 h-4 text-gray-600" aria-hidden="true"><circle cx="12" cy="12" r="1"></circle><circle cx="12" cy="5" r="1"></circle><circle cx="12" cy="19" r="1"></circle></svg></button></div><p class="text-sm text-gray-800 whitespace-pre-wrap mb-2">Interesting take on this topic.</p><div class="flex items-center gap-3"><div class="flex items-center gap-3"><button data-testid="reaction-button-like" class="
                            group inline-flex items-center gap-1.5 px-3 py-1.5 rounded-md font-medium text-sm transition-all duration-200
                            bg-white text-gray-700 hover:bg-gray-50 border border-gray-300
                            cursor-pointer hover:scale-105
                        " type="button" id="radix-_r_3q_" aria-haspopup="menu" aria-expanded="false" data-state="closed"><span class="text-base">👍</span><span class="font-medium text-sm">Like</span></button></div><button data-testid="reply-button" class="flex items-center gap-1 text-sm text-gray-600 hover:text-gray-900 transition-colors"><svg xmlns="http://www.w3.org/2000/svg" width="24" height="24" viewBox="0 0 24 24" fill="none" stroke="currentColor" stroke-width="2" stroke-linecap="round" stroke-linejoin="round" class="lucide lucide-reply w-4 h-4" aria-hidden="true"><path d="M20 18v-2a4 4 0 0 0-4-4H4"></path><path d="m9 17-5-5 5-5"></path></svg>Reply</button></div></div><div class="mt-2 space-y-2"><div class="ml-10"><div class="bg-white rounded-md border border-gray-200 p-3"><div class="flex items-start justify-between mb-2"><div class="flex items-center gap-2"><div class="w-8 h-8 bg-gradient-to-br from-gray-700 to-gray-900 rounded-full flex items-center justify-center text-white font-semibold text-sm flex-shrink-0 cursor-pointer hover:ring-2 hover:ring-gray-900 hover:ring-offset-1 transition-all">W</div><div><div class="flex items-center gap-1.5"><span class="text-sm font-semibold text-gray-900 cursor-pointer hover:underline">Wyatt Wilson</span></div><span class="text-xs text-gray-500">Nov 30, 2025, 06:17 PM</span></div></div><button class="p-1 hover:bg-gray-100 rounded-full transition-colors" type="button" id="radix-_r_3s_" aria-haspopup="menu" aria-expanded="false" data-state="closed"><svg xmlns="http://www.w3.org/2000/svg" width="24" height="24" viewBox="0 0 24 24" fill="none" stroke="currentColor" stroke-width="2" stroke-linecap="round" stroke-linejoin="round" class="lucide lucide-ellipsis-vertical w-4 h-4 text-gray-600" aria-hidden="true"><circle cx="12" cy="12" r="1"></circle><circle cx="12" cy="5" r="1"></circle><circle cx="12" cy="19" r="1"></circle></svg></button></div><p class="text-sm text-gray-800 whitespace-pre-wrap mb-2">That's a good point.</p><div class="flex items-center gap-3"><div class="flex items-center gap-3"><button data-testid="reaction-button-like" class="
                            group inline-flex items-center gap-1.5 px-3 py-1.5 rounded-md font-medium text-sm transition-all duration-200
                            bg-white text-gray-700 hover:bg-gray-50 border border-gray-300
                            cursor-pointer hover:scale-105
                        " type="button" id="radix-_r_3u_" aria-haspopup="menu" aria-expanded="false" data-state="closed"><span class="text-base">👍</span><span class="font-medium text-sm">Like</span></button></div></div></div></div></div></div><div class=""><div class="bg-white rounded-md border border-gray-200 p-3"><div class="flex items-start justify-between mb-2"><div class="flex items-center gap-2"><div class="w-8 h-8 bg-gradient-to-br from-gray-700 to-gray-900 rounded-full flex items-center justify-center text-white font-semibold text-sm flex-shrink-0 cursor-pointer hover:ring-2 hover:ring-gray-900 hover:ring-offset-1 transition-all">O</div><div><div class="flex items-center gap-1.5"><span class="text-sm font-semibold text-gray-900 cursor-pointer hover:underline">Owen Miller</span></div><span class="text-xs text-gray-500">Nov 30, 2025, 06:17 PM</span></div></div><button class="p-1 hover:bg-gray-100 rounded-full transition-colors" type="button" id="radix-_r_46_" aria-haspopup="menu" aria-expanded="false" data-state="closed"><svg xmlns="http://www.w3.org/2000/svg" width="24" height="24" viewBox="0 0 24 24" fill="none" stroke="currentColor" stroke-width="2" stroke-linecap="round" stroke-linejoin="round" class="lucide lucide-ellipsis-vertical w-4 h-4 text-gray-600" aria-hidden="true"><circle cx="12" cy="12" r="1"></circle><circle cx="12" cy="5" r="1"></circle><circle cx="12" cy="19" r="1"></circle></svg></button></div><p class="text-sm text-gray-800 whitespace-pre-wrap mb-2">This is really helpful, thank you!</p><div class="flex items-center gap-3"><div class="flex items-center gap-3"><button data-testid="reaction-button-like" class="
                            group inline-flex items-center gap-1.5 px-3 py-1.5 rounded-md font-medium text-sm transition-all duration-200
                            bg-white text-gray-700 hover:bg-gray-50 border border-gray-300
                            cursor-pointer hover:scale-105
                        " type="button" id="radix-_r_48_" aria-haspopup="menu" aria-expanded="false" data-state="closed"><span class="text-base">👍</span><span class="font-medium text-sm">Like</span></button></div><button data-testid="reply-button" class="flex items-center gap-1 text-sm text-gray-600 hover:text-gray-900 transition-colors"><svg xmlns="http://www.w3.org/2000/svg" width="24" height="24" viewBox="0 0 24 24" fill="none" stroke="currentColor" stroke-width="2" stroke-linecap="round" stroke-linejoin="round" class="lucide lucide-reply w-4 h-4" aria-hidden="true"><path d="M20 18v-2a4 4 0 0 0-4-4H4"></path><path d="m9 17-5-5 5-5"></path></svg>Reply</button></div></div></div><div class=""><div class="bg-white rounded-md border border-gray-200 p-3"><div class="flex items-start justify-between mb-2"><div class="flex items-center gap-2"><div class="w-8 h-8 bg-gradient-to-br from-gray-700 to-gray-900 rounded-full flex items-center justify-center text-white font-semibold text-sm flex-shrink-0 cursor-pointer hover:ring-2 hover:ring-gray-900 hover:ring-offset-1 transition-all">J</div><div><div class="flex items-center gap-1.5"><span class="text-sm font-semibold text-gray-900 cursor-pointer hover:underline">Jackson Taylor</span></div><span class="text-xs text-gray-500">Nov 30, 2025, 06:17 PM</span></div></div><button class="p-1 hover:bg-gray-100 rounded-full transition-colors" type="button" id="radix-_r_4d_" aria-haspopup="menu" aria-expanded="false" data-state="closed"><svg xmlns="http://www.w3.org/2000/svg" width="24" height="24" viewBox="0 0 24 24" fill="none" stroke="currentColor" stroke-width="2" stroke-linecap="round" stroke-linejoin="round" class="lucide lucide-ellipsis-vertical w-4 h-4 text-gray-600" aria-hidden="true"><circle cx="12" cy="12" r="1"></circle><circle cx="12" cy="5" r="1"></circle><circle cx="12" cy="19" r="1"></circle></svg></button></div><p class="text-sm text-gray-800 whitespace-pre-wrap mb-2">I learned something new today!</p><div class="flex items-center gap-3"><div class="flex items-center gap-3"><button data-testid="reaction-button-like" class="
                            group inline-flex items-center gap-1.5 px-3 py-1.5 rounded-md font-medium text-sm transition-all duration-200
                            bg-white text-gray-700 hover:bg-gray-50 border border-gray-300
                            cursor-pointer hover:scale-105
                        " type="button" id="radix-_r_4f_" aria-haspopup="menu" aria-expanded="false" data-state="closed"><span class="text-base">👍</span><span class="font-medium text-sm">Like</span></button></div><button data-testid="reply-button" class="flex items-center gap-1 text-sm text-gray-600 hover:text-gray-900 transition-colors"><svg xmlns="http://www.w3.org/2000/svg" width="24" height="24" viewBox="0 0 24 24" fill="none" stroke="currentColor" stroke-width="2" stroke-linecap="round" stroke-linejoin="round" class="lucide lucide-reply w-4 h-4" aria-hidden="true"><path d="M20 18v-2a4 4 0 0 0-4-4H4"></path><path d="m9 17-5-5 5-5"></path></svg>Reply</button></div></div><div class="mt-2 space-y-2"><div class="ml-10"><div class="bg-white rounded-md border border-gray-200 p-3"><div class="flex items-start justify-between mb-2"><div class="flex items-center gap-2"><div class="w-8 h-8 bg-gradient-to-br from-gray-700 to-gray-900 rounded-full flex items-center justify-center text-white font-semibold text-sm flex-shrink-0 cursor-pointer hover:ring-2 hover:ring-gray-900 hover:ring-offset-1 transition-all">L</div><div><div class="flex items-center gap-1.5"><span class="text-sm font-semibold text-gray-900 cursor-pointer hover:underline">Luke Wilson</span></div><span class="text-xs text-gray-500">Nov 30, 2025, 06:17 PM</span></div></div><button class="p-1 hover:bg-gray-100 rounded-full transition-colors" type="button" id="radix-_r_4h_" aria-haspopup="menu" aria-expanded="false" data-state="closed"><svg xmlns="http://www.w3.org/2000/svg" width="24" height="24" viewBox="0 0 24 24" fill="none" stroke="currentColor" stroke-width="2" stroke-linecap="round" stroke-linejoin="round" class="lucide lucide-ellipsis-vertical w-4 h-4 text-gray-600" aria-hidden="true"><circle cx="12" cy="12" r="1"></circle><circle cx="12" cy="5" r="1"></circle><circle cx="12" cy="19" r="1"></circle></svg></button></div><p class="text-sm text-gray-800 whitespace-pre-wrap mb-2">Great addition to the discussion!</p><div class="flex items-center gap-3"><div class="flex items-center gap-3"><button data-testid="reaction-button-like" class="
                            group inline-flex items-center gap-1.5 px-3 py-1.5 rounded-md font-medium text-sm transition-all duration-200
                            bg-white text-gray-700 hover:bg-gray-50 border border-gray-300
                            cursor-pointer hover:scale-105
                        " type="button" id="radix-_r_4j_" aria-haspopup="menu" aria-expanded="false" data-state="closed"><span class="text-base">👍</span><span class="font-medium text-sm">Like</span></button></div></div></div></div><div class="ml-10"><div class="bg-white rounded-md border border-gray-200 p-3"><div class="flex items-start justify-between mb-2"><div class="flex items-center gap-2"><div class="w-8 h-8 bg-gradient-to-br from-gray-700 to-gray-900 rounded-full flex items-center justify-center text-white font-semibold text-sm flex-shrink-0 cursor-pointer hover:ring-2 hover:ring-gray-900 hover:ring-offset-1 transition-all">R</div><div><div class="flex items-center gap-1.5"><span class="text-sm font-semibold text-gray-900 cursor-pointer hover:underline">Riley Williams</span></div><span class="text-xs text-gray-500">Nov 30, 2025, 06:17 PM</span></div></div><button class="p-1 hover:bg-gray-100 rounded-full transition-colors" type="button" id="radix-_r_4o_" aria-haspopup="menu" aria-expanded="false" data-state="closed"><svg xmlns="http://www.w3.org/2000/svg" width="24" height="24" viewBox="0 0 24 24" fill="none" stroke="currentColor" stroke-width="2" stroke-linecap="round" stroke-linejoin="round" class="lucide lucide-ellipsis-vertical w-4 h-4 text-gray-600" aria-hidden="true"><circle cx="12" cy="12" r="1"></circle><circle cx="12" cy="5" r="1"></circle><circle cx="12" cy="19" r="1"></circle></svg></button></div><p class="text-sm text-gray-800 whitespace-pre-wrap mb-2">Well put!</p><div class="flex items-center gap-3"><div class="flex items-center gap-3"><button data-testid="reaction-button-like" class="
                            group inline-flex items-center gap-1.5 px-3 py-1.5 rounded-md font-medium text-sm transition-all duration-200
                            bg-white text-gray-700 hover:bg-gray-50 border border-gray-300
                            cursor-pointer hover:scale-105
                        " type="button" id="radix-_r_4q_" aria-haspopup="menu" aria-expanded="false" data-state="closed"><span class="text-base">👍</span><span class="font-medium text-sm">Like</span></button></div></div></div></div></div></div><div class=""><div class="bg-white rounded-md border border-gray-200 p-3"><div class="flex items-start justify-between mb-2"><div class="flex items-center gap-2"><div class="w-8 h-8 bg-gradient-to-br from-gray-700 to-gray-900 rounded-full flex items-center justify-center text-white font-semibold text-sm flex-shrink-0 cursor-pointer hover:ring-2 hover:ring-gray-900 hover:ring-offset-1 transition-all">C</div><div><div class="flex items-center gap-1.5"><span class="text-sm font-semibold text-gray-900 cursor-pointer hover:underline">Charlotte Johnson</span></div><span class="text-xs text-gray-500">Nov 30, 2025, 06:17 PM</span></div></div><button class="p-1 hover:bg-gray-100 rounded-full transition-colors" type="button" id="radix-_r_52_" aria-haspopup="menu" aria-expanded="false" data-state="closed"><svg xmlns="http://www.w3.org/2000/svg" width="24" height="24" viewBox="0 0 24 24" fill="none" stroke="currentColor" stroke-width="2" stroke-linecap="round" stroke-linejoin="round" class="lucide lucide-ellipsis-vertical w-4 h-4 text-gray-600" aria-hidden="true"><circle cx="12" cy="12" r="1"></circle><circle cx="12" cy="5" r="1"></circle><circle cx="12" cy="19" r="1"></circle></svg></button></div><p class="text-sm text-gray-800 whitespace-pre-wrap mb-2">Could you elaborate more on this?</p><div class="flex items-center gap-3"><div class="flex items-center gap-3"><button data-testid="reaction-button-like" class="
                            group inline-flex items-center gap-1.5 px-3 py-1.5 rounded-md font-medium text-sm transition-all duration-200
                            bg-white text-gray-700 hover:bg-gray-50 border border-gray-300
                            cursor-pointer hover:scale-105
                        " type="button" id="radix-_r_54_" aria-haspopup="menu" aria-expanded="false" data-state="closed"><span class="text-base">👍</span><span class="font-medium text-sm">Like</span></button></div><button data-testid="reply-button" class="flex items-center gap-1 text-sm text-gray-600 hover:text-gray-900 transition-colors"><svg xmlns="http://www.w3.org/2000/svg" width="24" height="24" viewBox="0 0 24 24" fill="none" stroke="currentColor" stroke-width="2" stroke-linecap="round" stroke-linejoin="round" class="lucide lucide-reply w-4 h-4" aria-hidden="true"><path d="M20 18v-2a4 4 0 0 0-4-4H4"></path><path d="m9 17-5-5 5-5"></path></svg>Reply</button></div></div></div><div class=""><div class="bg-white rounded-md border border-gray-200 p-3"><div class="flex items-start justify-between mb-2"><div class="flex items-center gap-2"><div class="w-8 h-8 bg-gradient-to-br from-gray-700 to-gray-900 rounded-full flex items-center justify-center text-white font-semibold text-sm flex-shrink-0 cursor-pointer hover:ring-2 hover:ring-gray-900 hover:ring-offset-1 transition-all">S</div><div><div class="flex items-center gap-1.5"><span class="text-sm font-semibold text-gray-900 cursor-pointer hover:underline">Samuel Rodriguez</span></div><span class="text-xs text-gray-500">Nov 30, 2025, 06:17 PM</span></div></div><button class="p-1 hover:bg-gray-100 rounded-full transition-colors" type="button" id="radix-_r_59_" aria-haspopup="menu" aria-expanded="false" data-state="closed"><svg xmlns="http://www.w3.org/2000/svg" width="24" height="24" viewBox="0 0 24 24" fill="none" stroke="currentColor" stroke-width="2" stroke-linecap="round" stroke-linejoin="round" class="lucide lucide-ellipsis-vertical w-4 h-4 text-gray-600" aria-hidden="true"><circle cx="12" cy="12" r="1"></circle><circle cx="12" cy="5" r="1"></circle><circle cx="12" cy="19" r="1"></circle></svg></button></div><p class="text-sm text-gray-800 whitespace-pre-wrap mb-2">This resonates with me so much.</p><div class="flex items-center gap-3"><div class="flex items-center gap-3"><button data-testid="reaction-button-like" class="
                            group inline-flex items-center gap-1.5 px-3 py-1.5 rounded-md font-medium text-sm transition-all duration-200
                            bg-white text-gray-700 hover:bg-gray-50 border border-gray-300
                            cursor-pointer hover:scale-105
                        " type="button" id="radix-_r_5b_" aria-haspopup="menu" aria-expanded="false" data-state="closed"><span class="text-base">👍</span><span class="font-medium text-sm">Like</span></button></div><button data-testid="reply-button" class="flex items-center gap-1 text-sm text-gray-600 hover:text-gray-900 transition-colors"><svg xmlns="http://www.w3.org/2000/svg" width="24" height="24" viewBox="0 0 24 24" fill="none" stroke="currentColor" stroke-width="2" stroke-linecap="round" stroke-linejoin="round" class="lucide lucide-reply w-4 h-4" aria-hidden="true"><path d="M20 18v-2a4 4 0 0 0-4-4H4"></path><path d="m9 17-5-5 5-5"></path></svg>Reply</button></div></div></div></div></div></div></div></article><article class="bg-white rounded-xl shadow-sm border border-gray-200 overflow-hidden hover:shadow-md transition-shadow"><div class="p-6"><h2 class="text-xl font-bold text-gray-900 mb-3">User Success Stories</h2><p class="text-gray-600 leading-relaxed mb-6">We love hearing from our users! Today we are sharing some incredible success stories from our community. Your feedback and reactions mean the world to us. Keep them coming!</p><div class="pt-4 border-t border-gray-100"><div class="flex items-center gap-3"><button data-testid="reaction-button-like" class="
                            group inline-flex items-center gap-1.5 px-3 py-1.5 rounded-md font-medium text-sm transition-all duration-200
                            bg-white text-gray-700 hover:bg-gray-50 border border-gray-300
                            cursor-pointer hover:scale-105
                        " type="button" id="radix-_r_5g_" aria-haspopup="menu" aria-expanded="false" data-state="closed"><span class="text-base">👍</span><span class="font-medium text-sm">Like</span></button><div class="flex items-center gap-1.5"><button data-testid="reaction-count-love" class="
                                    inline-flex items-center gap-1 px-2 py-1 rounded-full text-xs font-medium transition-all
                                    bg-gray-100 text-gray-700 hover:bg-gray-200
                                    cursor-pointer hover:scale-105
                                "><span class="text-base">❤️</span><span>3</span></button><button data-testid="reaction-count-sad" class="
                                    inline-flex items-center gap-1 px-2 py-1 rounded-full text-xs font-medium transition-all
                                    bg-gray-100 text-gray-700 hover:bg-gray-200
                                    cursor-pointer hover:scale-105
                                "><span class="text-base">😢</span><span>2</span></button><button data-testid="reaction-count-like" class="
                                    inline-flex items-center gap-1 px-2 py-1 rounded-full text-xs font-medium transition-all
                                    bg-gray-100 text-gray-700 hover:bg-gray-200
                                    cursor-pointer hover:scale-105
                                "><span class="text-base">👍</span><span>1</span></button><button data-testid="reaction-count-wow" class="
                                    inline-flex items-center gap-1 px-2 py-1 rounded-full text-xs font-medium transition-all
                                    bg-gray-100 text-gray-700 hover:bg-gray-200
                                    cursor-pointer hover:scale-105
                                "><span class="text-base">😮</span><span>1</span></button><button data-testid="reaction-count-angry" class="
                                    inline-flex items-center gap-1 px-2 py-1 rounded-full text-xs font-medium transition-all
                                    bg-gray-100 text-gray-700 hover:bg-gray-200
                                    cursor-pointer hover:scale-105
                                "><span class="text-base">😠</span><span>1</span></button><button class="p-1.5 hover:bg-gray-100 rounded-full transition-colors" title="See who reacted"><svg xmlns="http://www.w3.org/2000/svg" width="24" height="24" viewBox="0 0 24 24" fill="none" stroke="currentColor" stroke-width="2" stroke-linecap="round" stroke-linejoin="round" class="lucide lucide-chevron-down w-4 h-4 text-gray-600" aria-hidden="true"><path d="m6 9 6 6 6-6"></path></svg></button></div></div></div><div class="pt-6 border-t border-gray-100 mt-6"><div class="space-y-3"><div class="flex items-center justify-between"><div class="flex items-center gap-2"><svg xmlns="http://www.w3.org/2000/svg" width="24" height="24" viewBox="0 0 24 24" fill="none" stroke="currentColor" stroke-width="2" stroke-linecap="round" stroke-linejoin="round" class="lucide lucide-message-square w-4 h-4 text-gray-600" aria-hidden="true"><path d="M22 17a2 2 0 0 1-2 2H6.828a2 2 0 0 0-1.414.586l-2.202 2.202A.71.71 0 0 1 2 21.286V5a2 2 0 0 1 2-2h16a2 2 0 0 1 2 2z"></path></svg><h3 class="text-base font-semibold text-gray-900">Comments (3)</h3></div><button data-testid="add-comment-button" class="px-3 py-1.5 text-sm font-medium text-white bg-gray-900 rounded-md hover:bg-gray-800 transition-colors">Add Comment</button></div><div class="space-y-2"><div class=""><div class="bg-white rounded-md border border-gray-200 p-3"><div class="flex items-start justify-between mb-2"><div class="flex items-center gap-2"><div class="w-8 h-8 bg-gradient-to-br from-gray-700 to-gray-900 rounded-full flex items-center justify-center text-white font-semibold text-sm flex-shrink-0 cursor-pointer hover:ring-2 hover:ring-gray-900 hover:ring-offset-1 transition-all">L</div><div><div class="flex items-center gap-1.5"><span class="text-sm font-semibold text-gray-900 cursor-pointer hover:underline">Lillian Gonzalez</span></div><span class="text-xs text-gray-500">Nov 30, 2025, 06:17 PM</span></div></div><button class="p-1 hover:bg-gray-100 rounded-full transition-colors" type="button" id="radix-_r_5i_" aria-haspopup="menu" aria-expanded="false" data-state="closed"><svg xmlns="http://www.w3.org/2000/svg" width="24" height="24" viewBox="0 0 24 24" fill="none" stroke="currentColor" stroke-width="2" stroke-linecap="round" stroke-linejoin="round" class="lucide lucide-ellipsis-vertical w-4 h-4 text-gray-600" aria-hidden="true"><circle cx="12" cy="12" r="1"></circle><circle cx="12" cy="5" r="1"></circle><circle cx="12" cy="19" r="1"></circle></svg></button></div><p class="text-sm text-gray-800 whitespace-pre-wrap mb-2">This is really helpful, thank you!</p><div class="flex items-center gap-3"><div class="flex items-center gap-3"><button data-testid="reaction-button-like" class="
                            group inline-flex items-center gap-1.5 px-3 py-1.5 rounded-md font-medium text-sm transition-all duration-200
                            bg-white text-gray-700 hover:bg-gray-50 border border-gray-300
                            cursor-pointer hover:scale-105
                        " type="button" id="radix-_r_5k_" aria-haspopup="menu" aria-expanded="false" data-state="closed"><span class="text-base">👍</span><span class="font-medium text-sm">Like</span></button></div><button data-testid="reply-button" class="flex items-center gap-1 text-sm text-gray-600 hover:text-gray-900 transition-colors"><svg xmlns="http://www.w3.org/2000/svg" width="24" height="24" viewBox="0 0 24 24" fill="none" stroke="currentColor" stroke-width="2" stroke-linecap="round" stroke-linejoin="round" class="lucide lucide-reply w-4 h-4" aria-hidden="true"><path d="M20 18v-2a4 4 0 0 0-4-4H4"></path><path d="m9 17-5-5 5-5"></path></svg>Reply</button></div></div></div><div class=""><div class="bg-white rounded-md border border-gray-200 p-3"><div class="flex items-start justify-between mb-2"><div class="flex items-center gap-2"><div class="w-8 h-8 bg-gradient-to-br from-gray-700 to-gray-900 rounded-full flex items-center justify-center text-white font-semibold text-sm flex-shrink-0 cursor-pointer hover:ring-2 hover:ring-gray-900 hover:ring-offset-1 transition-all">M</div><div><div class="flex items-center gap-1.5"><span class="text-sm font-semibold text-gray-900 cursor-pointer hover:underline">Mason Miller</span></div><span class="text-xs text-gray-500">Nov 30, 2025, 06:17 PM</span></div></div><button class="p-1 hover:bg-gray-100 rounded-full transition-colors" type="button" id="radix-_r_5p_" aria-haspopup="menu" aria-expanded="false" data-state="closed"><svg xmlns="http://www.w3.org/2000/svg" width="24" height="24" viewBox="0 0 24 24" fill="none" stroke="currentColor" stroke-width="2" stroke-linecap="round" stroke-linejoin="round" class="lucide lucide-ellipsis-vertical w-4 h-4 text-gray-600" aria-hidden="true"><circle cx="12" cy="12" r="1"></circle><circle cx="12" cy="5" r="1"></circle><circle cx="12" cy="19" r="1"></circle></svg></button></div><p class="text-sm text-gray-800 whitespace-pre-wrap mb-2">Thanks for sharing this information.</p><div class="flex items-center gap-3"><div class="flex items-center gap-3"><button data-testid="reaction-button-like" class="
                            group inline-flex items-center gap-1.5 px-3 py-1.5 rounded-md font-medium text-sm transition-all duration-200
                            bg-white text-gray-700 hover:bg-gray-50 border border-gray-300
                            cursor-pointer hover:scale-105
                        " type="button" id="radix-_r_5r_" aria-haspopup="menu" aria-expanded="false" data-state="closed"><span class="text-base">👍</span><span class="font-medium text-sm">Like</span></button></div><button data-testid="reply-button" class="flex items-center gap-1 text-sm text-gray-600 hover:text-gray-900 transition-colors"><svg xmlns="http://www.w3.org/2000/svg" width="24" height="24" viewBox="0 0 24 24" fill="none" stroke="currentColor" stroke-width="2" stroke-linecap="round" stroke-linejoin="round" class="lucide lucide-reply w-4 h-4" aria-hidden="true"><path d="M20 18v-2a4 4 0 0 0-4-4H4"></path><path d="m9 17-5-5 5-5"></path></svg>Reply</button></div></div></div><div class=""><div class="bg-white rounded-md border border-gray-200 p-3"><div class="flex items-start justify-between mb-2"><div class="flex items-center gap-2"><div class="w-8 h-8 bg-gradient-to-br from-gray-700 to-gray-900 rounded-full flex items-center justify-center text-white font-semibold text-sm flex-shrink-0 cursor-pointer hover:ring-2 hover:ring-gray-900 hover:ring-offset-1 transition-all">S</div><div><div class="flex items-center gap-1.5"><span class="text-sm font-semibold text-gray-900 cursor-pointer hover:underline">Sebastian Thomas</span></div><span class="text-xs text-gray-500">Nov 30, 2025, 06:17 PM</span></div></div><button class="p-1 hover:bg-gray-100 rounded-full transition-colors" type="button" id="radix-_r_60_" aria-haspopup="menu" aria-expanded="false" data-state="closed"><svg xmlns="http://www.w3.org/2000/svg" width="24" height="24" viewBox="0 0 24 24" fill="none" stroke="currentColor" stroke-width="2" stroke-linecap="round" stroke-linejoin="round" class="lucide lucide-ellipsis-vertical w-4 h-4 text-gray-600" aria-hidden="true"><circle cx="12" cy="12" r="1"></circle><circle cx="12" cy="5" r="1"></circle><circle cx="12" cy="19" r="1"></circle></svg></button></div><p class="text-sm text-gray-800 whitespace-pre-wrap mb-2">This is amazing! Great work!</p><div class="flex items-center gap-3"><div class="flex items-center gap-3"><button data-testid="reaction-button-like" class="
                            group inline-flex items-center gap-1.5 px-3 py-1.5 rounded-md font-medium text-sm transition-all duration-200
                            bg-white text-gray-700 hover:bg-gray-50 border border-gray-300
                            cursor-pointer hover:scale-105
                        " type="button" id="radix-_r_62_" aria-haspopup="menu" aria-expanded="false" data-state="closed"><span class="text-base">👍</span><span class="font-medium text-sm">Like</span></button></div><button data-testid="reply-button" class="flex items-center gap-1 text-sm text-gray-600 hover:text-gray-900 transition-colors"><svg xmlns="http://www.w3.org/2000/svg" width="24" height="24" viewBox="0 0 24 24" fill="none" stroke="currentColor" stroke-width="2" stroke-linecap="round" stroke-linejoin="round" class="lucide lucide-reply w-4 h-4" aria-hidden="true"><path d="M20 18v-2a4 4 0 0 0-4-4H4"></path><path d="m9 17-5-5 5-5"></path></svg>Reply</button></div></div><div class="mt-2 space-y-2"><div class="ml-10"><div class="bg-white rounded-md border border-gray-200 p-3"><div class="flex items-start justify-between mb-2"><div class="flex items-center gap-2"><div class="w-8 h-8 bg-gradient-to-br from-gray-700 to-gray-900 rounded-full flex items-center justify-center text-white font-semibold text-sm flex-shrink-0 cursor-pointer hover:ring-2 hover:ring-gray-900 hover:ring-offset-1 transition-all">L</div><div><div class="flex items-center gap-1.5"><span class="text-sm font-semibold text-gray-900 cursor-pointer hover:underline">Liam Brown</span></div><span class="text-xs text-gray-500">Nov 30, 2025, 06:17 PM</span></div></div><button class="p-1 hover:bg-gray-100 rounded-full transition-colors" type="button" id="radix-_r_64_" aria-haspopup="menu" aria-expanded="false" data-state="closed"><svg xmlns="http://www.w3.org/2000/svg" width="24" height="24" viewBox="0 0 24 24" fill="none" stroke="currentColor" stroke-width="2" stroke-linecap="round" stroke-linejoin="round" class="lucide lucide-ellipsis-vertical w-4 h-4 text-gray-600" aria-hidden="true"><circle cx="12" cy="12" r="1"></circle><circle cx="12" cy="5" r="1"></circle><circle cx="12" cy="19" r="1"></circle></svg></button></div><p class="text-sm text-gray-800 whitespace-pre-wrap mb-2">I agree with you!</p><div class="flex items-center gap-3"><div class="flex items-center gap-3"><button data-testid="reaction-button-like" class="
                            group inline-flex items-center gap-1.5 px-3 py-1.5 rounded-md font-medium text-sm transition-all duration-200
                            bg-white text-gray-700 hover:bg-gray-50 border border-gray-300
                            cursor-pointer hover:scale-105
                        " type="button" id="radix-_r_66_" aria-haspopup="menu" aria-expanded="false" data-state="closed"><span class="text-base">👍</span><span class="font-medium text-sm">Like</span></button></div></div></div></div><div class="ml-10"><div class="bg-white rounded-md border border-gray-200 p-3"><div class="flex items-start justify-between mb-2"><div class="flex items-center gap-2"><div class="w-8 h-8 bg-gradient-to-br from-gray-700 to-gray-900 rounded-full flex items-center justify-center text-white font-semibold text-sm flex-shrink-0 cursor-pointer hover:ring-2 hover:ring-gray-900 hover:ring-offset-1 transition-all">S</div><div><div class="flex items-center gap-1.5"><span class="text-sm font-semibold text-gray-900 cursor-pointer hover:underline">Sebastian Thomas</span></div><span class="text-xs text-gray-500">Nov 30, 2025, 06:17 PM</span></div></div><button class="p-1 hover:bg-gray-100 rounded-full transition-colors" type="button" id="radix-_r_6b_" aria-haspopup="menu" aria-expanded="false" data-state="closed"><svg xmlns="http://www.w3.org/2000/svg" width="24" height="24" viewBox="0 0 24 24" fill="none" stroke="currentColor" stroke-width="2" stroke-linecap="round" stroke-linejoin="round" class="lucide lucide-ellipsis-vertical w-4 h-4 text-gray-600" aria-hidden="true"><circle cx="12" cy="12" r="1"></circle><circle cx="12" cy="5" r="1"></circle><circle cx="12" cy="19" r="1"></circle></svg></button></div><p class="text-sm text-gray-800 whitespace-pre-wrap mb-2">Thanks for your comment!</p><div class="flex items-center gap-3"><div class="flex items-center gap-3"><button data-testid="reaction-button-like" class="
                            group inline-flex items-center gap-1.5 px-3 py-1.5 rounded-md font-medium text-sm transition-all duration-200
                            bg-white text-gray-700 hover:bg-gray-50 border border-gray-300
                            cursor-pointer hover:scale-105
                        " type="button" id="radix-_r_6d_" aria-haspopup="menu" aria-expanded="false" data-state="closed"><span class="text-base">👍</span><span class="font-medium text-sm">Like</span></button></div></div></div></div></div></div></div></div></div></div></article><article class="bg-white rounded-xl shadow-sm border border-gray-200 overflow-hidden hover:shadow-md transition-shadow"><div class="p-6"><h2 class="text-xl font-bold text-gray-900 mb-3">Tips and Tricks for Power Users</h2><p class="text-gray-600 leading-relaxed mb-6">Did you know you can quickly react by hovering over the button? Here are some tips and tricks to get the most out of our platform. Become a power user today!</p><div class="pt-4 border-t border-gray-100"><div class="flex items-center gap-3"><button data-testid="reaction-button-like" class="
                            group inline-flex items-center gap-1.5 px-3 py-1.5 rounded-md font-medium text-sm transition-all duration-200
                            bg-white text-gray-700 hover:bg-gray-50 border border-gray-300
                            cursor-pointer hover:scale-105
                        " type="button" id="radix-_r_6l_" aria-haspopup="menu" aria-expanded="false" data-state="closed"><span class="text-base">👍</span><span class="font-medium text-sm">Like</span></button><div class="flex items-center gap-1.5"><button data-testid="reaction-count-love" class="
                                    inline-flex items-center gap-1 px-2 py-1 rounded-full text-xs font-medium transition-all
                                    bg-gray-100 text-gray-700 hover:bg-gray-200
                                    cursor-pointer hover:scale-105
                                "><span class="text-base">❤️</span><span>2</span></button><button data-testid="reaction-count-like" class="
                                    inline-flex items-center gap-1 px-2 py-1 rounded-full text-xs font-medium transition-all
                                    bg-gray-100 text-gray-700 hover:bg-gray-200
                                    cursor-pointer hover:scale-105
                                "><span class="text-base">👍</span><span>1</span></button><button data-testid="reaction-count-wow" class="
                                    inline-flex items-center gap-1 px-2 py-1 rounded-full text-xs font-medium transition-all
                                    bg-gray-100 text-gray-700 hover:bg-gray-200
                                    cursor-pointer hover:scale-105
                                "><span class="text-base">😮</span><span>1</span></button><button class="p-1.5 hover:bg-gray-100 rounded-full transition-colors" title="See who reacted"><svg xmlns="http://www.w3.org/2000/svg" width="24" height="24" viewBox="0 0 24 24" fill="none" stroke="currentColor" stroke-width="2" stroke-linecap="round" stroke-linejoin="round" class="lucide lucide-chevron-down w-4 h-4 text-gray-600" aria-hidden="true"><path d="m6 9 6 6 6-6"></path></svg></button></div></div></div><div class="pt-6 border-t border-gray-100 mt-6"><div class="space-y-3"><div class="flex items-center justify-between"><div class="flex items-center gap-2"><svg xmlns="http://www.w3.org/2000/svg" width="24" height="24" viewBox="0 0 24 24" fill="none" stroke="currentColor" stroke-width="2" stroke-linecap="round" stroke-linejoin="round" class="lucide lucide-message-square w-4 h-4 text-gray-600" aria-hidden="true"><path d="M22 17a2 2 0 0 1-2 2H6.828a2 2 0 0 0-1.414.586l-2.202 2.202A.71.71 0 0 1 2 21.286V5a2 2 0 0 1 2-2h16a2 2 0 0 1 2 2z"></path></svg><h3 class="text-base font-semibold text-gray-900">Comments (4)</h3></div><button data-testid="add-comment-button" class="px-3 py-1.5 text-sm font-medium text-white bg-gray-900 rounded-md hover:bg-gray-800 transition-colors">Add Comment</button></div><div class="space-y-2"><div class=""><div class="bg-white rounded-md border border-gray-200 p-3"><div class="flex items-start justify-between mb-2"><div class="flex items-center gap-2"><div class="w-8 h-8 bg-gradient-to-br from-gray-700 to-gray-900 rounded-full flex items-center justify-center text-white font-semibold text-sm flex-shrink-0 cursor-pointer hover:ring-2 hover:ring-gray-900 hover:ring-offset-1 transition-all">V</div><div><div class="flex items-center gap-1.5"><span class="text-sm font-semibold text-gray-900 cursor-pointer hover:underline">Victoria Thomas</span></div><span class="text-xs text-gray-500">Nov 30, 2025, 06:17 PM</span></div></div><button class="p-1 hover:bg-gray-100 rounded-full transition-colors" type="button" id="radix-_r_6n_" aria-haspopup="menu" aria-expanded="false" data-state="closed"><svg xmlns="http://www.w3.org/2000/svg" width="24" height="24" viewBox="0 0 24 24" fill="none" stroke="currentColor" stroke-width="2" stroke-linecap="round" stroke-linejoin="round" class="lucide lucide-ellipsis-vertical w-4 h-4 text-gray-600" aria-hidden="true"><circle cx="12" cy="12" r="1"></circle><circle cx="12" cy="5" r="1"></circle><circle cx="12" cy="19" r="1"></circle></svg></button></div><p class="text-sm text-gray-800 whitespace-pre-wrap mb-2">Fantastic post! Keep it up!</p><div class="flex items-center gap-3"><div class="flex items-center gap-3"><button data-testid="reaction-button-like" class="
                            group inline-flex items-center gap-1.5 px-3 py-1.5 rounded-md font-medium text-sm transition-all duration-200
                            bg-white text-gray-700 hover:bg-gray-50 border border-gray-300
                            cursor-pointer hover:scale-105
                        " type="button" id="radix-_r_6p_" aria-haspopup="menu" aria-expanded="false" data-state="closed"><span class="text-base">👍</span><span class="font-medium text-sm">Like</span></button></div><button data-testid="reply-button" class="flex items-center gap-1 text-sm text-gray-600 hover:text-gray-900 transition-colors"><svg xmlns="http://www.w3.org/2000/svg" width="24" height="24" viewBox="0 0 24 24" fill="none" stroke="currentColor" stroke-width="2" stroke-linecap="round" stroke-linejoin="round" class="lucide lucide-reply w-4 h-4" aria-hidden="true"><path d="M20 18v-2a4 4 0 0 0-4-4H4"></path><path d="m9 17-5-5 5-5"></path></svg>Reply</button></div></div><div class="mt-2 space-y-2"><div class="ml-10"><div class="bg-white rounded-md border border-gray-200 p-3"><div class="flex items-start justify-between mb-2"><div class="flex items-center gap-2"><div class="w-8 h-8 bg-gradient-to-br from-gray-700 to-gray-900 rounded-full flex items-center justify-center text-white font-semibold text-sm flex-shrink-0 cursor-pointer hover:ring-2 hover:ring-gray-900 hover:ring-offset-1 transition-all">M</div><div><div class="flex items-center gap-1.5"><span class="text-sm font-semibold text-gray-900 cursor-pointer hover:underline">Mason Jones</span></div><span class="text-xs text-gray-500">Nov 30, 2025, 06:17 PM</span></div></div><button class="p-1 hover:bg-gray-100 rounded-full transition-colors" type="button" id="radix-_r_6r_" aria-haspopup="menu" aria-expanded="false" data-state="closed"><svg xmlns="http://www.w3.org/2000/svg" width="24" height="24" viewBox="0 0 24 24" fill="none" stroke="currentColor" stroke-width="2" stroke-linecap="round" stroke-linejoin="round" class="lucide lucide-ellipsis-vertical w-4 h-4 text-gray-600" aria-hidden="true"><circle cx="12" cy="12" r="1"></circle><circle cx="12" cy="5" r="1"></circle><circle cx="12" cy="19" r="1"></circle></svg></button></div><p class="text-sm text-gray-800 whitespace-pre-wrap mb-2">Interesting perspective!</p><div class="flex items-center gap-3"><div class="flex items-center gap-3"><button data-testid="reaction-button-like" class="
                            group inline-flex items-center gap-1.5 px-3 py-1.5 rounded-md font-medium text-sm transition-all duration-200
                            bg-white text-gray-700 hover:bg-gray-50 border border-gray-300
                            cursor-pointer hover:scale-105
                        " type="button" id="radix-_r_6t_" aria-haspopup="menu" aria-expanded="false" data-state="closed"><span class="text-base">👍</span><span class="font-medium text-sm">Like</span></button></div></div></div></div></div></div><div class=""><div class="bg-white rounded-md border border-gray-200 p-3"><div class="flex items-start justify-between mb-2"><div class="flex items-center gap-2"><div class="w-8 h-8 bg-gradient-to-br from-gray-700 to-gray-900 rounded-full flex items-center justify-center text-white font-semibold text-sm flex-shrink-0 cursor-pointer hover:ring-2 hover:ring-gray-900 hover:ring-offset-1 transition-all">B</div><div><div class="flex items-center gap-1.5"><span class="text-sm font-semibold text-gray-900 cursor-pointer hover:underline">Benjamin Moore</span></div><span class="text-xs text-gray-500">Nov 30, 2025, 06:17 PM</span></div></div><button class="p-1 hover:bg-gray-100 rounded-full transition-colors" type="button" id="radix-_r_75_" aria-haspopup="menu" aria-expanded="false" data-state="closed"><svg xmlns="http://www.w3.org/2000/svg" width="24" height="24" viewBox="0 0 24 24" fill="none" stroke="currentColor" stroke-width="2" stroke-linecap="round" stroke-linejoin="round" class="lucide lucide-ellipsis-vertical w-4 h-4 text-gray-600" aria-hidden="true"><circle cx="12" cy="12" r="1"></circle><circle cx="12" cy="5" r="1"></circle><circle cx="12" cy="19" r="1"></circle></svg></button></div><p class="text-sm text-gray-800 whitespace-pre-wrap mb-2">This resonates with me so much.</p><div class="flex items-center gap-3"><div class="flex items-center gap-3"><button data-testid="reaction-button-like" class="
                            group inline-flex items-center gap-1.5 px-3 py-1.5 rounded-md font-medium text-sm transition-all duration-200
                            bg-white text-gray-700 hover:bg-gray-50 border border-gray-300
                            cursor-pointer hover:scale-105
                        " type="button" id="radix-_r_77_" aria-haspopup="menu" aria-expanded="false" data-state="closed"><span class="text-base">👍</span><span class="font-medium text-sm">Like</span></button></div><button data-testid="reply-button" class="flex items-center gap-1 text-sm text-gray-600 hover:text-gray-900 transition-colors"><svg xmlns="http://www.w3.org/2000/svg" width="24" height="24" viewBox="0 0 24 24" fill="none" stroke="currentColor" stroke-width="2" stroke-linecap="round" stroke-linejoin="round" class="lucide lucide-reply w-4 h-4" aria-hidden="true"><path d="M20 18v-2a4 4 0 0 0-4-4H4"></path><path d="m9 17-5-5 5-5"></path></svg>Reply</button></div></div><div class="mt-2 space-y-2"><div class="ml-10"><div class="bg-white rounded-md border border-gray-200 p-3"><div class="flex items-start justify-between mb-2"><div class="flex items-center gap-2"><div class="w-8 h-8 bg-gradient-to-br from-gray-700 to-gray-900 rounded-full flex items-center justify-center text-white font-semibold text-sm flex-shrink-0 cursor-pointer hover:ring-2 hover:ring-gray-900 hover:ring-offset-1 transition-all">L</div><div><div class="flex items-center gap-1.5"><span class="text-sm font-semibold text-gray-900 cursor-pointer hover:underline">Liam Brown</span></div><span class="text-xs text-gray-500">Nov 30, 2025, 06:17 PM</span></div></div><button class="p-1 hover:bg-gray-100 rounded-full transition-colors" type="button" id="radix-_r_79_" aria-haspopup="menu" aria-expanded="false" data-state="closed"><svg xmlns="http://www.w3.org/2000/svg" width="24" height="24" viewBox="0 0 24 24" fill="none" stroke="currentColor" stroke-width="2" stroke-linecap="round" stroke-linejoin="round" class="lucide lucide-ellipsis-vertical w-4 h-4 text-gray-600" aria-hidden="true"><circle cx="12" cy="12" r="1"></circle><circle cx="12" cy="5" r="1"></circle><circle cx="12" cy="19" r="1"></circle></svg></button></div><p class="text-sm text-gray-800 whitespace-pre-wrap mb-2">I agree with you!</p><div class="flex items-center gap-3"><div class="flex items-center gap-3"><button data-testid="reaction-button-like" class="
                            group inline-flex items-center gap-1.5 px-3 py-1.5 rounded-md font-medium text-sm transition-all duration-200
                            bg-white text-gray-700 hover:bg-gray-50 border border-gray-300
                            cursor-pointer hover:scale-105
                        " type="button" id="radix-_r_7b_" aria-haspopup="menu" aria-expanded="false" data-state="closed"><span class="text-base">👍</span><span class="font-medium text-sm">Like</span></button></div></div></div></div><div class="ml-10"><div class="bg-white rounded-md border border-gray-200 p-3"><div class="flex items-start justify-between mb-2"><div class="flex items-center gap-2"><div class="w-8 h-8 bg-gradient-to-br from-gray-700 to-gray-900 rounded-full flex items-center justify-center text-white font-semibold text-sm flex-shrink-0 cursor-pointer hover:ring-2 hover:ring-gray-900 hover:ring-offset-1 transition-all">O</div><div><div class="flex items-center gap-1.5"><span class="text-sm font-semibold text-gray-900 cursor-pointer hover:underline">Owen Anderson</span></div><span class="text-xs text-gray-500">Nov 30, 2025, 06:17 PM</span></div></div><button class="p-1 hover:bg-gray-100 rounded-full transition-colors" type="button" id="radix-_r_7g_" aria-haspopup="menu" aria-expanded="false" data-state="closed"><svg xmlns="http://www.w3.org/2000/svg" width="24" height="24" viewBox="0 0 24 24" fill="none" stroke="currentColor" stroke-width="2" stroke-linecap="round" stroke-linejoin="round" class="lucide lucide-ellipsis-vertical w-4 h-4 text-gray-600" aria-hidden="true"><circle cx="12" cy="12" r="1"></circle><circle cx="12" cy="5" r="1"></circle><circle cx="12" cy="19" r="1"></circle></svg></button></div><p class="text-sm text-gray-800 whitespace-pre-wrap mb-2">Thanks for your comment!</p><div class="flex items-center gap-3"><div class="flex items-center gap-3"><button data-testid="reaction-button-like" class="
                            group inline-flex items-center gap-1.5 px-3 py-1.5 rounded-md font-medium text-sm transition-all duration-200
                            bg-white text-gray-700 hover:bg-gray-50 border border-gray-300
                            cursor-pointer hover:scale-105
                        " type="button" id="radix-_r_7i_" aria-haspopup="menu" aria-expanded="false" data-state="closed"><span class="text-base">👍</span><span class="font-medium text-sm">Like</span></button></div></div></div></div></div></div><div class=""><div class="bg-white rounded-md border border-gray-200 p-3"><div class="flex items-start justify-between mb-2"><div class="flex items-center gap-2"><div class="w-8 h-8 bg-gradient-to-br from-gray-700 to-gray-900 rounded-full flex items-center justify-center text-white font-semibold text-sm flex-shrink-0 cursor-pointer hover:ring-2 hover:ring-gray-900 hover:ring-offset-1 transition-all">E</div><div><div class="flex items-center gap-1.5"><span class="text-sm font-semibold text-gray-900 cursor-pointer hover:underline">Ethan Clark</span></div><span class="text-xs text-gray-500">Nov 30, 2025, 06:17 PM</span></div></div><button class="p-1 hover:bg-gray-100 rounded-full transition-colors" type="button" id="radix-_r_7q_" aria-haspopup="menu" aria-expanded="false" data-state="closed"><svg xmlns="http://www.w3.org/2000/svg" width="24" height="24" viewBox="0 0 24 24" fill="none" stroke="currentColor" stroke-width="2" stroke-linecap="round" stroke-linejoin="round" class="lucide lucide-ellipsis-vertical w-4 h-4 text-gray-600" aria-hidden="true"><circle cx="12" cy="12" r="1"></circle><circle cx="12" cy="5" r="1"></circle><circle cx="12" cy="19" r="1"></circle></svg></button></div><p class="text-sm text-gray-800 whitespace-pre-wrap mb-2">Well said! Couldn't agree more.</p><div class="flex items-center gap-3"><div class="flex items-center gap-3"><button data-testid="reaction-button-like" class="
                            group inline-flex items-center gap-1.5 px-3 py-1.5 rounded-md font-medium text-sm transition-all duration-200
                            bg-white text-gray-700 hover:bg-gray-50 border border-gray-300
                            cursor-pointer hover:scale-105
                        " type="button" id="radix-_r_7s_" aria-haspopup="menu" aria-expanded="false" data-state="closed"><span class="text-base">👍</span><span class="font-medium text-sm">Like</span></button></div><button data-testid="reply-button" class="flex items-center gap-1 text-sm text-gray-600 hover:text-gray-900 transition-colors"><svg xmlns="http://www.w3.org/2000/svg" width="24" height="24" viewBox="0 0 24 24" fill="none" stroke="currentColor" stroke-width="2" stroke-linecap="round" stroke-linejoin="round" class="lucide lucide-reply w-4 h-4" aria-hidden="true"><path d="M20 18v-2a4 4 0 0 0-4-4H4"></path><path d="m9 17-5-5 5-5"></path></svg>Reply</button></div></div></div><div class=""><div class="bg-white rounded-md border border-gray-200 p-3"><div class="flex items-start justify-between mb-2"><div class="flex items-center gap-2"><div class="w-8 h-8 bg-gradient-to-br from-gray-700 to-gray-900 rounded-full flex items-center justify-center text-white font-semibold text-sm flex-shrink-0 cursor-pointer hover:ring-2 hover:ring-gray-900 hover:ring-offset-1 transition-all">L</div><div><div class="flex items-center gap-1.5"><span class="text-sm font-semibold text-gray-900 cursor-pointer hover:underline">Luke Wilson</span></div><span class="text-xs text-gray-500">Nov 30, 2025, 06:17 PM</span></div></div><button class="p-1 hover:bg-gray-100 rounded-full transition-colors" type="button" id="radix-_r_81_" aria-haspopup="menu" aria-expanded="false" data-state="closed"><svg xmlns="http://www.w3.org/2000/svg" width="24" height="24" viewBox="0 0 24 24" fill="none" stroke="currentColor" stroke-width="2" stroke-linecap="round" stroke-linejoin="round" class="lucide lucide-ellipsis-vertical w-4 h-4 text-gray-600" aria-hidden="true"><circle cx="12" cy="12" r="1"></circle><circle cx="12" cy="5" r="1"></circle><circle cx="12" cy="19" r="1"></circle></svg></button></div><p class="text-sm text-gray-800 whitespace-pre-wrap mb-2">Fantastic post! Keep it up!</p><div class="flex items-center gap-3"><div class="flex items-center gap-3"><button data-testid="reaction-button-like" class="
                            group inline-flex items-center gap-1.5 px-3 py-1.5 rounded-md font-medium text-sm transition-all duration-200
                            bg-white text-gray-700 hover:bg-gray-50 border border-gray-300
                            cursor-pointer hover:scale-105
                        " type="button" id="radix-_r_83_" aria-haspopup="menu" aria-expanded="false" data-state="closed"><span class="text-base">👍</span><span class="font-medium text-sm">Like</span></button></div><button data-testid="reply-button" class="flex items-center gap-1 text-sm text-gray-600 hover:text-gray-900 transition-colors"><svg xmlns="http://www.w3.org/2000/svg" width="24" height="24" viewBox="0 0 24 24" fill="none" stroke="currentColor" stroke-width="2" stroke-linecap="round" stroke-linejoin="round" class="lucide lucide-reply w-4 h-4" aria-hidden="true"><path d="M20 18v-2a4 4 0 0 0-4-4H4"></path><path d="m9 17-5-5 5-5"></path></svg>Reply</button></div></div></div></div></div></div></div></article><article class="bg-white rounded-xl shadow-sm border border-gray-200 overflow-hidden hover:shadow-md transition-shadow"><div class="p-6"><h2 class="text-xl font-bold text-gray-900 mb-3">Upcoming Events and Webinars</h2><p class="text-gray-600 leading-relaxed mb-6">Join us for our upcoming webinar series where we will dive deep into advanced features and best practices. React to this post if you are interested in attending!</p><div class="pt-4 border-t border-gray-100"><div class="flex items-center gap-3"><button data-testid="reaction-button-like" class="
                            group inline-flex items-center gap-1.5 px-3 py-1.5 rounded-md font-medium text-sm transition-all duration-200
                            bg-white text-gray-700 hover:bg-gray-50 border border-gray-300
                            cursor-pointer hover:scale-105
                        " type="button" id="radix-_r_88_" aria-haspopup="menu" aria-expanded="false" data-state="closed"><span class="text-base">👍</span><span class="font-medium text-sm">Like</span></button><div class="flex items-center gap-1.5"><button data-testid="reaction-count-like" class="
                                    inline-flex items-center gap-1 px-2 py-1 rounded-full text-xs font-medium transition-all
                                    bg-gray-100 text-gray-700 hover:bg-gray-200
                                    cursor-pointer hover:scale-105
                                "><span class="text-base">👍</span><span>1</span></button><button data-testid="reaction-count-haha" class="
                                    inline-flex items-center gap-1 px-2 py-1 rounded-full text-xs font-medium transition-all
                                    bg-gray-100 text-gray-700 hover:bg-gray-200
                                    cursor-pointer hover:scale-105
                                "><span class="text-base">😂</span><span>1</span></button><button data-testid="reaction-count-angry" class="
                                    inline-flex items-center gap-1 px-2 py-1 rounded-full text-xs font-medium transition-all
                                    bg-gray-100 text-gray-700 hover:bg-gray-200
                                    cursor-pointer hover:scale-105
                                "><span class="text-base">😠</span><span>1</span></button><button class="p-1.5 hover:bg-gray-100 rounded-full transition-colors" title="See who reacted"><svg xmlns="http://www.w3.org/2000/svg" width="24" height="24" viewBox="0 0 24 24" fill="none" stroke="currentColor" stroke-width="2" stroke-linecap="round" stroke-linejoin="round" class="lucide lucide-chevron-down w-4 h-4 text-gray-600" aria-hidden="true"><path d="m6 9 6 6 6-6"></path></svg></button></div></div></div><div class="pt-6 border-t border-gray-100 mt-6"><div class="space-y-3"><div class="flex items-center justify-between"><div class="flex items-center gap-2"><svg xmlns="http://www.w3.org/2000/svg" width="24" height="24" viewBox="0 0 24 24" fill="none" stroke="currentColor" stroke-width="2" stroke-linecap="round" stroke-linejoin="round" class="lucide lucide-message-square w-4 h-4 text-gray-600" aria-hidden="true"><path d="M22 17a2 2 0 0 1-2 2H6.828a2 2 0 0 0-1.414.586l-2.202 2.202A.71.71 0 0 1 2 21.286V5a2 2 0 0 1 2-2h16a2 2 0 0 1 2 2z"></path></svg><h3 class="text-base font-semibold text-gray-900">Comments (5)</h3></div><button data-testid="add-comment-button" class="px-3 py-1.5 text-sm font-medium text-white bg-gray-900 rounded-md hover:bg-gray-800 transition-colors">Add Comment</button></div><div class="space-y-2"><div class=""><div class="bg-white rounded-md border border-gray-200 p-3"><div class="flex items-start justify-between mb-2"><div class="flex items-center gap-2"><div class="w-8 h-8 bg-gradient-to-br from-gray-700 to-gray-900 rounded-full flex items-center justify-center text-white font-semibold text-sm flex-shrink-0 cursor-pointer hover:ring-2 hover:ring-gray-900 hover:ring-offset-1 transition-all">N</div><div><div class="flex items-center gap-1.5"><span class="text-sm font-semibold text-gray-900 cursor-pointer hover:underline">Noah Moore</span></div><span class="text-xs text-gray-500">Nov 30, 2025, 06:17 PM</span></div></div><button class="p-1 hover:bg-gray-100 rounded-full transition-colors" type="button" id="radix-_r_8a_" aria-haspopup="menu" aria-expanded="false" data-state="closed"><svg xmlns="http://www.w3.org/2000/svg" width="24" height="24" viewBox="0 0 24 24" fill="none" stroke="currentColor" stroke-width="2" stroke-linecap="round" stroke-linejoin="round" class="lucide lucide-ellipsis-vertical w-4 h-4 text-gray-600" aria-hidden="true"><circle cx="12" cy="12" r="1"></circle><circle cx="12" cy="5" r="1"></circle><circle cx="12" cy="19" r="1"></circle></svg></button></div><p class="text-sm text-gray-800 whitespace-pre-wrap mb-2">This deserves more attention.</p><div class="flex items-center gap-3"><div class="flex items-center gap-3"><button data-testid="reaction-button-like" class="
                            group inline-flex items-center gap-1.5 px-3 py-1.5 rounded-md font-medium text-sm transition-all duration-200
                            bg-white text-gray-700 hover:bg-gray-50 border border-gray-300
                            cursor-pointer hover:scale-105
                        " type="button" id="radix-_r_8c_" aria-haspopup="menu" aria-expanded="false" data-state="closed"><span class="text-base">👍</span><span class="font-medium text-sm">Like</span></button></div><button data-testid="reply-button" class="flex items-center gap-1 text-sm text-gray-600 hover:text-gray-900 transition-colors"><svg xmlns="http://www.w3.org/2000/svg" width="24" height="24" viewBox="0 0 24 24" fill="none" stroke="currentColor" stroke-width="2" stroke-linecap="round" stroke-linejoin="round" class="lucide lucide-reply w-4 h-4" aria-hidden="true"><path d="M20 18v-2a4 4 0 0 0-4-4H4"></path><path d="m9 17-5-5 5-5"></path></svg>Reply</button></div></div></div><div class=""><div class="bg-white rounded-md border border-gray-200 p-3"><div class="flex items-start justify-between mb-2"><div class="flex items-center gap-2"><div class="w-8 h-8 bg-gradient-to-br from-gray-700 to-gray-900 rounded-full flex items-center justify-center text-white font-semibold text-sm flex-shrink-0 cursor-pointer hover:ring-2 hover:ring-gray-900 hover:ring-offset-1 transition-all">E</div><div><div class="flex items-center gap-1.5"><span class="text-sm font-semibold text-gray-900 cursor-pointer hover:underline">Emily Thomas</span></div><span class="text-xs text-gray-500">Nov 30, 2025, 06:17 PM</span></div></div><button class="p-1 hover:bg-gray-100 rounded-full transition-colors" type="button" id="radix-_r_8h_" aria-haspopup="menu" aria-expanded="false" data-state="closed"><svg xmlns="http://www.w3.org/2000/svg" width="24" height="24" viewBox="0 0 24 24" fill="none" stroke="currentColor" stroke-width="2" stroke-linecap="round" stroke-linejoin="round" class="lucide lucide-ellipsis-vertical w-4 h-4 text-gray-600" aria-hidden="true"><circle cx="12" cy="12" r="1"></circle><circle cx="12" cy="5" r="1"></circle><circle cx="12" cy="19" r="1"></circle></svg></button></div><p class="text-sm text-gray-800 whitespace-pre-wrap mb-2">Well said! Couldn't agree more.</p><div class="flex items-center gap-3"><div class="flex items-center gap-3"><button data-testid="reaction-button-like" class="
                            group inline-flex items-center gap-1.5 px-3 py-1.5 rounded-md font-medium text-sm transition-all duration-200
                            bg-white text-gray-700 hover:bg-gray-50 border border-gray-300
                            cursor-pointer hover:scale-105
                        " type="button" id="radix-_r_8j_" aria-haspopup="menu" aria-expanded="false" data-state="closed"><span class="text-base">👍</span><span class="font-medium text-sm">Like</span></button></div><button data-testid="reply-button" class="flex items-center gap-1 text-sm text-gray-600 hover:text-gray-900 transition-colors"><svg xmlns="http://www.w3.org/2000/svg" width="24" height="24" viewBox="0 0 24 24" fill="none" stroke="currentColor" stroke-width="2" stroke-linecap="round" stroke-linejoin="round" class="lucide lucide-reply w-4 h-4" aria-hidden="true"><path d="M20 18v-2a4 4 0 0 0-4-4H4"></path><path d="m9 17-5-5 5-5"></path></svg>Reply</button></div></div></div><div class=""><div class="bg-white rounded-md border border-gray-200 p-3"><div class="flex items-start justify-between mb-2"><div class="flex items-center gap-2"><div class="w-8 h-8 bg-gradient-to-br from-gray-700 to-gray-900 rounded-full flex items-center justify-center text-white font-semibold text-sm flex-shrink-0 cursor-pointer hover:ring-2 hover:ring-gray-900 hover:ring-offset-1 transition-all">J</div><div><div class="flex items-center gap-1.5"><span class="text-sm font-semibold text-gray-900 cursor-pointer hover:underline">Jackson Jackson</span></div><span class="text-xs text-gray-500">Nov 30, 2025, 06:17 PM</span></div></div><button class="p-1 hover:bg-gray-100 rounded-full transition-colors" type="button" id="radix-_r_8o_" aria-haspopup="menu" aria-expanded="false" data-state="closed"><svg xmlns="http://www.w3.org/2000/svg" width="24" height="24" viewBox="0 0 24 24" fill="none" stroke="currentColor" stroke-width="2" stroke-linecap="round" stroke-linejoin="round" class="lucide lucide-ellipsis-vertical w-4 h-4 text-gray-600" aria-hidden="true"><circle cx="12" cy="12" r="1"></circle><circle cx="12" cy="5" r="1"></circle><circle cx="12" cy="19" r="1"></circle></svg></button></div><p class="text-sm text-gray-800 whitespace-pre-wrap mb-2">Fantastic post! Keep it up!</p><div class="flex items-center gap-3"><div class="flex items-center gap-3"><button data-testid="reaction-button-like" class="
                            group inline-flex items-center gap-1.5 px-3 py-1.5 rounded-md font-medium text-sm transition-all duration-200
                            bg-white text-gray-700 hover:bg-gray-50 border border-gray-300
                            cursor-pointer hover:scale-105
                        " type="button" id="radix-_r_8q_" aria-haspopup="menu" aria-expanded="false" data-state="closed"><span class="text-base">👍</span><span class="font-medium text-sm">Like</span></button></div><button data-testid="reply-button" class="flex items-center gap-1 text-sm text-gray-600 hover:text-gray-900 transition-colors"><svg xmlns="http://www.w3.org/2000/svg" width="24" height="24" viewBox="0 0 24 24" fill="none" stroke="currentColor" stroke-width="2" stroke-linecap="round" stroke-linejoin="round" class="lucide lucide-reply w-4 h-4" aria-hidden="true"><path d="M20 18v-2a4 4 0 0 0-4-4H4"></path><path d="m9 17-5-5 5-5"></path></svg>Reply</button></div></div><div class="mt-2 space-y-2"><div class="ml-10"><div class="bg-white rounded-md border border-gray-200 p-3"><div class="flex items-start justify-between mb-2"><div class="flex items-center gap-2"><div class="w-8 h-8 bg-gradient-to-br from-gray-700 to-gray-900 rounded-full flex items-center justify-center text-white font-semibold text-sm flex-shrink-0 cursor-pointer hover:ring-2 hover:ring-gray-900 hover:ring-offset-1 transition-all">J</div><div><div class="flex items-center gap-1.5"><span class="text-sm font-semibold text-gray-900 cursor-pointer hover:underline">Jackson Jackson</span></div><span class="text-xs text-gray-500">Nov 30, 2025, 06:17 PM</span></div></div><button class="p-1 hover:bg-gray-100 rounded-full transition-colors" type="button" id="radix-_r_8s_" aria-haspopup="menu" aria-expanded="false" data-state="closed"><svg xmlns="http://www.w3.org/2000/svg" width="24" height="24" viewBox="0 0 24 24" fill="none" stroke="currentColor" stroke-width="2" stroke-linecap="round" stroke-linejoin="round" class="lucide lucide-ellipsis-vertical w-4 h-4 text-gray-600" aria-hidden="true"><circle cx="12" cy="12" r="1"></circle><circle cx="12" cy="5" r="1"></circle><circle cx="12" cy="19" r="1"></circle></svg></button></div><p class="text-sm text-gray-800 whitespace-pre-wrap mb-2">I agree with you!</p><div class="flex items-center gap-3"><div class="flex items-center gap-3"><button data-testid="reaction-button-like" class="
                            group inline-flex items-center gap-1.5 px-3 py-1.5 rounded-md font-medium text-sm transition-all duration-200
                            bg-white text-gray-700 hover:bg-gray-50 border border-gray-300
                            cursor-pointer hover:scale-105
                        " type="button" id="radix-_r_8u_" aria-haspopup="menu" aria-expanded="false" data-state="closed"><span class="text-base">👍</span><span class="font-medium text-sm">Like</span></button></div></div></div></div><div class="ml-10"><div class="bg-white rounded-md border border-gray-200 p-3"><div class="flex items-start justify-between mb-2"><div class="flex items-center gap-2"><div class="w-8 h-8 bg-gradient-to-br from-gray-700 to-gray-900 rounded-full flex items-center justify-center text-white font-semibold text-sm flex-shrink-0 cursor-pointer hover:ring-2 hover:ring-gray-900 hover:ring-offset-1 transition-all">S</div><div><div class="flex items-center gap-1.5"><span class="text-sm font-semibold text-gray-900 cursor-pointer hover:underline">Sebastian Thomas</span></div><span class="text-xs text-gray-500">Nov 30, 2025, 06:17 PM</span></div></div><button class="p-1 hover:bg-gray-100 rounded-full transition-colors" type="button" id="radix-_r_93_" aria-haspopup="menu" aria-expanded="false" data-state="closed"><svg xmlns="http://www.w3.org/2000/svg" width="24" height="24" viewBox="0 0 24 24" fill="none" stroke="currentColor" stroke-width="2" stroke-linecap="round" stroke-linejoin="round" class="lucide lucide-ellipsis-vertical w-4 h-4 text-gray-600" aria-hidden="true"><circle cx="12" cy="12" r="1"></circle><circle cx="12" cy="5" r="1"></circle><circle cx="12" cy="19" r="1"></circle></svg></button></div><p class="text-sm text-gray-800 whitespace-pre-wrap mb-2">Interesting perspective!</p><div class="flex items-center gap-3"><div class="flex items-center gap-3"><button data-testid="reaction-button-like" class="
                            group inline-flex items-center gap-1.5 px-3 py-1.5 rounded-md font-medium text-sm transition-all duration-200
                            bg-white text-gray-700 hover:bg-gray-50 border border-gray-300
                            cursor-pointer hover:scale-105
                        " type="button" id="radix-_r_95_" aria-haspopup="menu" aria-expanded="false" data-state="closed"><span class="text-base">👍</span><span class="font-medium text-sm">Like</span></button></div></div></div></div></div></div><div class=""><div class="bg-white rounded-md border border-gray-200 p-3"><div class="flex items-start justify-between mb-2"><div class="flex items-center gap-2"><div class="w-8 h-8 bg-gradient-to-br from-gray-700 to-gray-900 rounded-full flex items-center justify-center text-white font-semibold text-sm flex-shrink-0 cursor-pointer hover:ring-2 hover:ring-gray-900 hover:ring-offset-1 transition-all">M</div><div><div class="flex items-center gap-1.5"><span class="text-sm font-semibold text-gray-900 cursor-pointer hover:underline">Mason Jones</span></div><span class="text-xs text-gray-500">Nov 30, 2025, 06:17 PM</span></div></div><button class="p-1 hover:bg-gray-100 rounded-full transition-colors" type="button" id="radix-_r_9d_" aria-haspopup="menu" aria-expanded="false" data-state="closed"><svg xmlns="http://www.w3.org/2000/svg" width="24" height="24" viewBox="0 0 24 24" fill="none" stroke="currentColor" stroke-width="2" stroke-linecap="round" stroke-linejoin="round" class="lucide lucide-ellipsis-vertical w-4 h-4 text-gray-600" aria-hidden="true"><circle cx="12" cy="12" r="1"></circle><circle cx="12" cy="5" r="1"></circle><circle cx="12" cy="19" r="1"></circle></svg></button></div><p class="text-sm text-gray-800 whitespace-pre-wrap mb-2">Could you elaborate more on this?</p><div class="flex items-center gap-3"><div class="flex items-center gap-3"><button data-testid="reaction-button-like" class="
                            group inline-flex items-center gap-1.5 px-3 py-1.5 rounded-md font-medium text-sm transition-all duration-200
                            bg-white text-gray-700 hover:bg-gray-50 border border-gray-300
                            cursor-pointer hover:scale-105
                        " type="button" id="radix-_r_9f_" aria-haspopup="menu" aria-expanded="false" data-state="closed"><span class="text-base">👍</span><span class="font-medium text-sm">Like</span></button></div><button data-testid="reply-button" class="flex items-center gap-1 text-sm text-gray-600 hover:text-gray-900 transition-colors"><svg xmlns="http://www.w3.org/2000/svg" width="24" height="24" viewBox="0 0 24 24" fill="none" stroke="currentColor" stroke-width="2" stroke-linecap="round" stroke-linejoin="round" class="lucide lucide-reply w-4 h-4" aria-hidden="true"><path d="M20 18v-2a4 4 0 0 0-4-4H4"></path><path d="m9 17-5-5 5-5"></path></svg>Reply</button></div></div><div class="mt-2 space-y-2"><div class="ml-10"><div class="bg-white rounded-md border border-gray-200 p-3"><div class="flex items-start justify-between mb-2"><div class="flex items-center gap-2"><div class="w-8 h-8 bg-gradient-to-br from-gray-700 to-gray-900 rounded-full flex items-center justify-center text-white font-semibold text-sm flex-shrink-0 cursor-pointer hover:ring-2 hover:ring-gray-900 hover:ring-offset-1 transition-all">M</div><div><div class="flex items-center gap-1.5"><span class="text-sm font-semibold text-gray-900 cursor-pointer hover:underline">Mia Davis</span></div><span class="text-xs text-gray-500">Nov 30, 2025, 06:17 PM</span></div></div><button class="p-1 hover:bg-gray-100 rounded-full transition-colors" type="button" id="radix-_r_9h_" aria-haspopup="menu" aria-expanded="false" data-state="closed"><svg xmlns="http://www.w3.org/2000/svg" width="24" height="24" viewBox="0 0 24 24" fill="none" stroke="currentColor" stroke-width="2" stroke-linecap="round" stroke-linejoin="round" class="lucide lucide-ellipsis-vertical w-4 h-4 text-gray-600" aria-hidden="true"><circle cx="12" cy="12" r="1"></circle><circle cx="12" cy="5" r="1"></circle><circle cx="12" cy="19" r="1"></circle></svg></button></div><p class="text-sm text-gray-800 whitespace-pre-wrap mb-2">Interesting perspective!</p><div class="flex items-center gap-3"><div class="flex items-center gap-3"><button data-testid="reaction-button-like" class="
                            group inline-flex items-center gap-1.5 px-3 py-1.5 rounded-md font-medium text-sm transition-all duration-200
                            bg-white text-gray-700 hover:bg-gray-50 border border-gray-300
                            cursor-pointer hover:scale-105
                        " type="button" id="radix-_r_9j_" aria-haspopup="menu" aria-expanded="false" data-state="closed"><span class="text-base">👍</span><span class="font-medium text-sm">Like</span></button></div></div></div></div><div class="ml-10"><div class="bg-white rounded-md border border-gray-200 p-3"><div class="flex items-start justify-between mb-2"><div class="flex items-center gap-2"><div class="w-8 h-8 bg-gradient-to-br from-gray-700 to-gray-900 rounded-full flex items-center justify-center text-white font-semibold text-sm flex-shrink-0 cursor-pointer hover:ring-2 hover:ring-gray-900 hover:ring-offset-1 transition-all">L</div><div><div class="flex items-center gap-1.5"><span class="text-sm font-semibold text-gray-900 cursor-pointer hover:underline">Lily Martinez</span></div><span class="text-xs text-gray-500">Nov 30, 2025, 06:17 PM</span></div></div><button class="p-1 hover:bg-gray-100 rounded-full transition-colors" type="button" id="radix-_r_9o_" aria-haspopup="menu" aria-expanded="false" data-state="closed"><svg xmlns="http://www.w3.org/2000/svg" width="24" height="24" viewBox="0 0 24 24" fill="none" stroke="currentColor" stroke-width="2" stroke-linecap="round" stroke-linejoin="round" class="lucide lucide-ellipsis-vertical w-4 h-4 text-gray-600" aria-hidden="true"><circle cx="12" cy="12" r="1"></circle><circle cx="12" cy="5" r="1"></circle><circle cx="12" cy="19" r="1"></circle></svg></button></div><p class="text-sm text-gray-800 whitespace-pre-wrap mb-2">Thanks for your comment!</p><div class="flex items-center gap-3"><div class="flex items-center gap-3"><button data-testid="reaction-button-like" class="
                            group inline-flex items-center gap-1.5 px-3 py-1.5 rounded-md font-medium text-sm transition-all duration-200
                            bg-white text-gray-700 hover:bg-gray-50 border border-gray-300
                            cursor-pointer hover:scale-105
                        " type="button" id="radix-_r_9q_" aria-haspopup="menu" aria-expanded="false" data-state="closed"><span class="text-base">👍</span><span class="font-medium text-sm">Like</span></button></div></div></div></div></div></div><div class=""><div class="bg-white rounded-md border border-gray-200 p-3"><div class="flex items-start justify-between mb-2"><div class="flex items-center gap-2"><div class="w-8 h-8 bg-gradient-to-br from-gray-700 to-gray-900 rounded-full flex items-center justify-center text-white font-semibold text-sm flex-shrink-0 cursor-pointer hover:ring-2 hover:ring-gray-900 hover:ring-offset-1 transition-all">A</div><div><div class="flex items-center gap-1.5"><span class="text-sm font-semibold text-gray-900 cursor-pointer hover:underline">Amelia Anderson</span></div><span class="text-xs text-gray-500">Nov 30, 2025, 06:17 PM</span></div></div><button class="p-1 hover:bg-gray-100 rounded-full transition-colors" type="button" id="radix-_r_a2_" aria-haspopup="menu" aria-expanded="false" data-state="closed"><svg xmlns="http://www.w3.org/2000/svg" width="24" height="24" viewBox="0 0 24 24" fill="none" stroke="currentColor" stroke-width="2" stroke-linecap="round" stroke-linejoin="round" class="lucide lucide-ellipsis-vertical w-4 h-4 text-gray-600" aria-hidden="true"><circle cx="12" cy="12" r="1"></circle><circle cx="12" cy="5" r="1"></circle><circle cx="12" cy="19" r="1"></circle></svg></button></div><p class="text-sm text-gray-800 whitespace-pre-wrap mb-2">I totally agree with this.</p><div class="flex items-center gap-3"><div class="flex items-center gap-3"><button data-testid="reaction-button-like" class="
                            group inline-flex items-center gap-1.5 px-3 py-1.5 rounded-md font-medium text-sm transition-all duration-200
                            bg-white text-gray-700 hover:bg-gray-50 border border-gray-300
                            cursor-pointer hover:scale-105
                        " type="button" id="radix-_r_a4_" aria-haspopup="menu" aria-expanded="false" data-state="closed"><span class="text-base">👍</span><span class="font-medium text-sm">Like</span></button></div><button data-testid="reply-button" class="flex items-center gap-1 text-sm text-gray-600 hover:text-gray-900 transition-colors"><svg xmlns="http://www.w3.org/2000/svg" width="24" height="24" viewBox="0 0 24 24" fill="none" stroke="currentColor" stroke-width="2" stroke-linecap="round" stroke-linejoin="round" class="lucide lucide-reply w-4 h-4" aria-hidden="true"><path d="M20 18v-2a4 4 0 0 0-4-4H4"></path><path d="m9 17-5-5 5-5"></path></svg>Reply</button></div></div></div></div></div></div></div></article><article class="bg-white rounded-xl shadow-sm border border-gray-200 overflow-hidden hover:shadow-md transition-shadow"><div class="p-6"><h2 class="text-xl font-bold text-gray-900 mb-3">Thank You for 10K Users!</h2><p class="text-gray-600 leading-relaxed mb-6">We have reached an incredible milestone - 10,000 users! Thank you all for your support and engagement. We could not have done it without you. React with a ❤️ to celebrate with us!</p><div class="pt-4 border-t border-gray-100"><div class="flex items-center gap-3"><button data-testid="reaction-button-like" class="
                            group inline-flex items-center gap-1.5 px-3 py-1.5 rounded-md font-medium text-sm transition-all duration-200
                            bg-white text-gray-700 hover:bg-gray-50 border border-gray-300
                            cursor-pointer hover:scale-105
                        " type="button" id="radix-_r_a9_" aria-haspopup="menu" aria-expanded="false" data-state="closed"><span class="text-base">👍</span><span class="font-medium text-sm">Like</span></button><div class="flex items-center gap-1.5"><button data-testid="reaction-count-like" class="
                                    inline-flex items-center gap-1 px-2 py-1 rounded-full text-xs font-medium transition-all
                                    bg-gray-100 text-gray-700 hover:bg-gray-200
                                    cursor-pointer hover:scale-105
                                "><span class="text-base">👍</span><span>2</span></button><button data-testid="reaction-count-haha" class="
                                    inline-flex items-center gap-1 px-2 py-1 rounded-full text-xs font-medium transition-all
                                    bg-gray-100 text-gray-700 hover:bg-gray-200
                                    cursor-pointer hover:scale-105
                                "><span class="text-base">😂</span><span>1</span></button><button data-testid="reaction-count-wow" class="
                                    inline-flex items-center gap-1 px-2 py-1 rounded-full text-xs font-medium transition-all
                                    bg-gray-100 text-gray-700 hover:bg-gray-200
                                    cursor-pointer hover:scale-105
                                "><span class="text-base">😮</span><span>1</span></button><button data-testid="reaction-count-angry" class="
                                    inline-flex items-center gap-1 px-2 py-1 rounded-full text-xs font-medium transition-all
                                    bg-gray-100 text-gray-700 hover:bg-gray-200
                                    cursor-pointer hover:scale-105
                                "><span class="text-base">😠</span><span>1</span></button><button class="p-1.5 hover:bg-gray-100 rounded-full transition-colors" title="See who reacted"><svg xmlns="http://www.w3.org/2000/svg" width="24" height="24" viewBox="0 0 24 24" fill="none" stroke="currentColor" stroke-width="2" stroke-linecap="round" stroke-linejoin="round" class="lucide lucide-chevron-down w-4 h-4 text-gray-600" aria-hidden="true"><path d="m6 9 6 6 6-6"></path></svg></button></div></div></div><div class="pt-6 border-t border-gray-100 mt-6"><div class="space-y-3"><div class="flex items-center justify-between"><div class="flex items-center gap-2"><svg xmlns="http://www.w3.org/2000/svg" width="24" height="24" viewBox="0 0 24 24" fill="none" stroke="currentColor" stroke-width="2" stroke-linecap="round" stroke-linejoin="round" class="lucide lucide-message-square w-4 h-4 text-gray-600" aria-hidden="true"><path d="M22 17a2 2 0 0 1-2 2H6.828a2 2 0 0 0-1.414.586l-2.202 2.202A.71.71 0 0 1 2 21.286V5a2 2 0 0 1 2-2h16a2 2 0 0 1 2 2z"></path></svg><h3 class="text-base font-semibold text-gray-900">Comments (2)</h3></div><button data-testid="add-comment-button" class="px-3 py-1.5 text-sm font-medium text-white bg-gray-900 rounded-md hover:bg-gray-800 transition-colors">Add Comment</button></div><div class="space-y-2"><div class=""><div class="bg-white rounded-md border border-gray-200 p-3"><div class="flex items-start justify-between mb-2"><div class="flex items-center gap-2"><div class="w-8 h-8 bg-gradient-to-br from-gray-700 to-gray-900 rounded-full flex items-center justify-center text-white font-semibold text-sm flex-shrink-0 cursor-pointer hover:ring-2 hover:ring-gray-900 hover:ring-offset-1 transition-all">B</div><div><div class="flex items-center gap-1.5"><span class="text-sm font-semibold text-gray-900 cursor-pointer hover:underline">Benjamin Moore</span></div><span class="text-xs text-gray-500">Nov 30, 2025, 06:17 PM</span></div></div><button class="p-1 hover:bg-gray-100 rounded-full transition-colors" type="button" id="radix-_r_ab_" aria-haspopup="menu" aria-expanded="false" data-state="closed"><svg xmlns="http://www.w3.org/2000/svg" width="24" height="24" viewBox="0 0 24 24" fill="none" stroke="currentColor" stroke-width="2" stroke-linecap="round" stroke-linejoin="round" class="lucide lucide-ellipsis-vertical w-4 h-4 text-gray-600" aria-hidden="true"><circle cx="12" cy="12" r="1"></circle><circle cx="12" cy="5" r="1"></circle><circle cx="12" cy="19" r="1"></circle></svg></button></div><p class="text-sm text-gray-800 whitespace-pre-wrap mb-2">Brilliant insights here.</p><div class="flex items-center gap-3"><div class="flex items-center gap-3"><button data-testid="reaction-button-like" class="
                            group inline-flex items-center gap-1.5 px-3 py-1.5 rounded-md font-medium text-sm transition-all duration-200
                            bg-white text-gray-700 hover:bg-gray-50 border border-gray-300
                            cursor-pointer hover:scale-105
                        " type="button" id="radix-_r_ad_" aria-haspopup="menu" aria-expanded="false" data-state="closed"><span class="text-base">👍</span><span class="font-medium text-sm">Like</span></button></div><button data-testid="reply-button" class="flex items-center gap-1 text-sm text-gray-600 hover:text-gray-900 transition-colors"><svg xmlns="http://www.w3.org/2000/svg" width="24" height="24" viewBox="0 0 24 24" fill="none" stroke="currentColor" stroke-width="2" stroke-linecap="round" stroke-linejoin="round" class="lucide lucide-reply w-4 h-4" aria-hidden="true"><path d="M20 18v-2a4 4 0 0 0-4-4H4"></path><path d="m9 17-5-5 5-5"></path></svg>Reply</button></div></div></div><div class=""><div class="bg-white rounded-md border border-gray-200 p-3"><div class="flex items-start justify-between mb-2"><div class="flex items-center gap-2"><div class="w-8 h-8 bg-gradient-to-br from-gray-700 to-gray-900 rounded-full flex items-center justify-center text-white font-semibold text-sm flex-shrink-0 cursor-pointer hover:ring-2 hover:ring-gray-900 hover:ring-offset-1 transition-all">O</div><div><div class="flex items-center gap-1.5"><span class="text-sm font-semibold text-gray-900 cursor-pointer hover:underline">Olivia Lopez</span></div><span class="text-xs text-gray-500">Nov 30, 2025, 06:17 PM</span></div></div><button class="p-1 hover:bg-gray-100 rounded-full transition-colors" type="button" id="radix-_r_ai_" aria-haspopup="menu" aria-expanded="false" data-state="closed"><svg xmlns="http://www.w3.org/2000/svg" width="24" height="24" viewBox="0 0 24 24" fill="none" stroke="currentColor" stroke-width="2" stroke-linecap="round" stroke-linejoin="round" class="lucide lucide-ellipsis-vertical w-4 h-4 text-gray-600" aria-hidden="true"><circle cx="12" cy="12" r="1"></circle><circle cx="12" cy="5" r="1"></circle><circle cx="12" cy="19" r="1"></circle></svg></button></div><p class="text-sm text-gray-800 whitespace-pre-wrap mb-2">This is exactly what I needed to hear.</p><div class="flex items-center gap-3"><div class="flex items-center gap-3"><button data-testid="reaction-button-like" class="
                            group inline-flex items-center gap-1.5 px-3 py-1.5 rounded-md font-medium text-sm transition-all duration-200
                            bg-white text-gray-700 hover:bg-gray-50 border border-gray-300
                            cursor-pointer hover:scale-105
                        " type="button" id="radix-_r_ak_" aria-haspopup="menu" aria-expanded="false" data-state="closed"><span class="text-base">👍</span><span class="font-medium text-sm">Like</span></button></div><button data-testid="reply-button" class="flex items-center gap-1 text-sm text-gray-600 hover:text-gray-900 transition-colors"><svg xmlns="http://www.w3.org/2000/svg" width="24" height="24" viewBox="0 0 24 24" fill="none" stroke="currentColor" stroke-width="2" stroke-linecap="round" stroke-linejoin="round" class="lucide lucide-reply w-4 h-4" aria-hidden="true"><path d="M20 18v-2a4 4 0 0 0-4-4H4"></path><path d="m9 17-5-5 5-5"></path></svg>Reply</button></div></div></div></div></div></div></div></article><article class="bg-white rounded-xl shadow-sm border border-gray-200 overflow-hidden hover:shadow-md transition-shadow"><div class="p-6"><h2 class="text-xl font-bold text-gray-900 mb-3">Feature Request: What Do You Want Next?</h2><p class="text-gray-600 leading-relaxed mb-6">We are planning our next sprint and want to hear from you! What features would you like to see next? React and comment below with your ideas. Your input shapes our roadmap!</p><div class="pt-4 border-t border-gray-100"><div class="flex items-center gap-3"><button data-testid="reaction-button-like" class="
                            group inline-flex items-center gap-1.5 px-3 py-1.5 rounded-md font-medium text-sm transition-all duration-200
                            bg-white text-gray-700 hover:bg-gray-50 border border-gray-300
                            cursor-pointer hover:scale-105
                        " type="button" id="radix-_r_ap_" aria-haspopup="menu" aria-expanded="false" data-state="closed"><span class="text-base">👍</span><span class="font-medium text-sm">Like</span></button><div class="flex items-center gap-1.5"><button data-testid="reaction-count-love" class="
                                    inline-flex items-center gap-1 px-2 py-1 rounded-full text-xs font-medium transition-all
                                    bg-gray-100 text-gray-700 hover:bg-gray-200
                                    cursor-pointer hover:scale-105
                                "><span class="text-base">❤️</span><span>2</span></button><button data-testid="reaction-count-angry" class="
                                    inline-flex items-center gap-1 px-2 py-1 rounded-full text-xs font-medium transition-all
                                    bg-gray-100 text-gray-700 hover:bg-gray-200
                                    cursor-pointer hover:scale-105
                                "><span class="text-base">😠</span><span>2</span></button><button data-testid="reaction-count-like" class="
                                    inline-flex items-center gap-1 px-2 py-1 rounded-full text-xs font-medium transition-all
                                    bg-gray-100 text-gray-700 hover:bg-gray-200
                                    cursor-pointer hover:scale-105
                                "><span class="text-base">👍</span><span>1</span></button><button data-testid="reaction-count-haha" class="
                                    inline-flex items-center gap-1 px-2 py-1 rounded-full text-xs font-medium transition-all
                                    bg-gray-100 text-gray-700 hover:bg-gray-200
                                    cursor-pointer hover:scale-105
                                "><span class="text-base">😂</span><span>1</span></button><button data-testid="reaction-count-sad" class="
                                    inline-flex items-center gap-1 px-2 py-1 rounded-full text-xs font-medium transition-all
                                    bg-gray-100 text-gray-700 hover:bg-gray-200
                                    cursor-pointer hover:scale-105
                                "><span class="text-base">😢</span><span>1</span></button><button class="p-1.5 hover:bg-gray-100 rounded-full transition-colors" title="See who reacted"><svg xmlns="http://www.w3.org/2000/svg" width="24" height="24" viewBox="0 0 24 24" fill="none" stroke="currentColor" stroke-width="2" stroke-linecap="round" stroke-linejoin="round" class="lucide lucide-chevron-down w-4 h-4 text-gray-600" aria-hidden="true"><path d="m6 9 6 6 6-6"></path></svg></button></div></div></div><div class="pt-6 border-t border-gray-100 mt-6"><div class="space-y-3"><div class="flex items-center justify-between"><div class="flex items-center gap-2"><svg xmlns="http://www.w3.org/2000/svg" width="24" height="24" viewBox="0 0 24 24" fill="none" stroke="currentColor" stroke-width="2" stroke-linecap="round" stroke-linejoin="round" class="lucide lucide-message-square w-4 h-4 text-gray-600" aria-hidden="true"><path d="M22 17a2 2 0 0 1-2 2H6.828a2 2 0 0 0-1.414.586l-2.202 2.202A.71.71 0 0 1 2 21.286V5a2 2 0 0 1 2-2h16a2 2 0 0 1 2 2z"></path></svg><h3 class="text-base font-semibold text-gray-900">Comments (5)</h3></div><button data-testid="add-comment-button" class="px-3 py-1.5 text-sm font-medium text-white bg-gray-900 rounded-md hover:bg-gray-800 transition-colors">Add Comment</button></div><div class="space-y-2"><div class=""><div class="bg-white rounded-md border border-gray-200 p-3"><div class="flex items-start justify-between mb-2"><div class="flex items-center gap-2"><div class="w-8 h-8 bg-gradient-to-br from-gray-700 to-gray-900 rounded-full flex items-center justify-center text-white font-semibold text-sm flex-shrink-0 cursor-pointer hover:ring-2 hover:ring-gray-900 hover:ring-offset-1 transition-all">B</div><div><div class="flex items-center gap-1.5"><span class="text-sm font-semibold text-gray-900 cursor-pointer hover:underline">Bob Wilson</span></div><span class="text-xs text-gray-500">Nov 30, 2025, 06:17 PM</span></div></div><button class="p-1 hover:bg-gray-100 rounded-full transition-colors" type="button" id="radix-_r_ar_" aria-haspopup="menu" aria-expanded="false" data-state="closed"><svg xmlns="http://www.w3.org/2000/svg" width="24" height="24" viewBox="0 0 24 24" fill="none" stroke="currentColor" stroke-width="2" stroke-linecap="round" stroke-linejoin="round" class="lucide lucide-ellipsis-vertical w-4 h-4 text-gray-600" aria-hidden="true"><circle cx="12" cy="12" r="1"></circle><circle cx="12" cy="5" r="1"></circle><circle cx="12" cy="19" r="1"></circle></svg></button></div><p class="text-sm text-gray-800 whitespace-pre-wrap mb-2">Fantastic post! Keep it up!</p><div class="flex items-center gap-3"><div class="flex items-center gap-3"><button data-testid="reaction-button-like" class="
                            group inline-flex items-center gap-1.5 px-3 py-1.5 rounded-md font-medium text-sm transition-all duration-200
                            bg-white text-gray-700 hover:bg-gray-50 border border-gray-300
                            cursor-pointer hover:scale-105
                        " type="button" id="radix-_r_at_" aria-haspopup="menu" aria-expanded="false" data-state="closed"><span class="text-base">👍</span><span class="font-medium text-sm">Like</span></button></div><button data-testid="reply-button" class="flex items-center gap-1 text-sm text-gray-600 hover:text-gray-900 transition-colors"><svg xmlns="http://www.w3.org/2000/svg" width="24" height="24" viewBox="0 0 24 24" fill="none" stroke="currentColor" stroke-width="2" stroke-linecap="round" stroke-linejoin="round" class="lucide lucide-reply w-4 h-4" aria-hidden="true"><path d="M20 18v-2a4 4 0 0 0-4-4H4"></path><path d="m9 17-5-5 5-5"></path></svg>Reply</button></div></div></div><div class=""><div class="bg-white rounded-md border border-gray-200 p-3"><div class="flex items-start justify-between mb-2"><div class="flex items-center gap-2"><div class="w-8 h-8 bg-gradient-to-br from-gray-700 to-gray-900 rounded-full flex items-center justify-center text-white font-semibold text-sm flex-shrink-0 cursor-pointer hover:ring-2 hover:ring-gray-900 hover:ring-offset-1 transition-all">L</div><div><div class="flex items-center gap-1.5"><span class="text-sm font-semibold text-gray-900 cursor-pointer hover:underline">Luke Garcia</span></div><span class="text-xs text-gray-500">Nov 30, 2025, 06:17 PM</span></div></div><button class="p-1 hover:bg-gray-100 rounded-full transition-colors" type="button" id="radix-_r_b2_" aria-haspopup="menu" aria-expanded="false" data-state="closed"><svg xmlns="http://www.w3.org/2000/svg" width="24" height="24" viewBox="0 0 24 24" fill="none" stroke="currentColor" stroke-width="2" stroke-linecap="round" stroke-linejoin="round" class="lucide lucide-ellipsis-vertical w-4 h-4 text-gray-600" aria-hidden="true"><circle cx="12" cy="12" r="1"></circle><circle cx="12" cy="5" r="1"></circle><circle cx="12" cy="19" r="1"></circle></svg></button></div><p class="text-sm text-gray-800 whitespace-pre-wrap mb-2">Could you elaborate more on this?</p><div class="flex items-center gap-3"><div class="flex items-center gap-3"><button data-testid="reaction-button-like" class="
                            group inline-flex items-center gap-1.5 px-3 py-1.5 rounded-md font-medium text-sm transition-all duration-200
                            bg-white text-gray-700 hover:bg-gray-50 border border-gray-300
                            cursor-pointer hover:scale-105
                        " type="button" id="radix-_r_b4_" aria-haspopup="menu" aria-expanded="false" data-state="closed"><span class="text-base">👍</span><span class="font-medium text-sm">Like</span></button></div><button data-testid="reply-button" class="flex items-center gap-1 text-sm text-gray-600 hover:text-gray-900 transition-colors"><svg xmlns="http://www.w3.org/2000/svg" width="24" height="24" viewBox="0 0 24 24" fill="none" stroke="currentColor" stroke-width="2" stroke-linecap="round" stroke-linejoin="round" class="lucide lucide-reply w-4 h-4" aria-hidden="true"><path d="M20 18v-2a4 4 0 0 0-4-4H4"></path><path d="m9 17-5-5 5-5"></path></svg>Reply</button></div></div><div class="mt-2 space-y-2"><div class="ml-10"><div class="bg-white rounded-md border border-gray-200 p-3"><div class="flex items-start justify-between mb-2"><div class="flex items-center gap-2"><div class="w-8 h-8 bg-gradient-to-br from-gray-700 to-gray-900 rounded-full flex items-center justify-center text-white font-semibold text-sm flex-shrink-0 cursor-pointer hover:ring-2 hover:ring-gray-900 hover:ring-offset-1 transition-all">J</div><div><div class="flex items-center gap-1.5"><span class="text-sm font-semibold text-gray-900 cursor-pointer hover:underline">Jackson Wilson</span></div><span class="text-xs text-gray-500">Nov 30, 2025, 06:17 PM</span></div></div><button class="p-1 hover:bg-gray-100 rounded-full transition-colors" type="button" id="radix-_r_b6_" aria-haspopup="menu" aria-expanded="false" data-state="closed"><svg xmlns="http://www.w3.org/2000/svg" width="24" height="24" viewBox="0 0 24 24" fill="none" stroke="currentColor" stroke-width="2" stroke-linecap="round" stroke-linejoin="round" class="lucide lucide-ellipsis-vertical w-4 h-4 text-gray-600" aria-hidden="true"><circle cx="12" cy="12" r="1"></circle><circle cx="12" cy="5" r="1"></circle><circle cx="12" cy="19" r="1"></circle></svg></button></div><p class="text-sm text-gray-800 whitespace-pre-wrap mb-2">Great addition to the discussion!</p><div class="flex items-center gap-3"><div class="flex items-center gap-3"><button data-testid="reaction-button-like" class="
                            group inline-flex items-center gap-1.5 px-3 py-1.5 rounded-md font-medium text-sm transition-all duration-200
                            bg-white text-gray-700 hover:bg-gray-50 border border-gray-300
                            cursor-pointer hover:scale-105
                        " type="button" id="radix-_r_b8_" aria-haspopup="menu" aria-expanded="false" data-state="closed"><span class="text-base">👍</span><span class="font-medium text-sm">Like</span></button></div></div></div></div></div></div><div class=""><div class="bg-white rounded-md border border-gray-200 p-3"><div class="flex items-start justify-between mb-2"><div class="flex items-center gap-2"><div class="w-8 h-8 bg-gradient-to-br from-gray-700 to-gray-900 rounded-full flex items-center justify-center text-white font-semibold text-sm flex-shrink-0 cursor-pointer hover:ring-2 hover:ring-gray-900 hover:ring-offset-1 transition-all">L</div><div><div class="flex items-center gap-1.5"><span class="text-sm font-semibold text-gray-900 cursor-pointer hover:underline">Lily Martinez</span></div><span class="text-xs text-gray-500">Nov 30, 2025, 06:17 PM</span></div></div><button class="p-1 hover:bg-gray-100 rounded-full transition-colors" type="button" id="radix-_r_bg_" aria-haspopup="menu" aria-expanded="false" data-state="closed"><svg xmlns="http://www.w3.org/2000/svg" width="24" height="24" viewBox="0 0 24 24" fill="none" stroke="currentColor" stroke-width="2" stroke-linecap="round" stroke-linejoin="round" class="lucide lucide-ellipsis-vertical w-4 h-4 text-gray-600" aria-hidden="true"><circle cx="12" cy="12" r="1"></circle><circle cx="12" cy="5" r="1"></circle><circle cx="12" cy="19" r="1"></circle></svg></button></div><p class="text-sm text-gray-800 whitespace-pre-wrap mb-2">This is really helpful, thank you!</p><div class="flex items-center gap-3"><div class="flex items-center gap-3"><button data-testid="reaction-button-like" class="
                            group inline-flex items-center gap-1.5 px-3 py-1.5 rounded-md font-medium text-sm transition-all duration-200
                            bg-white text-gray-700 hover:bg-gray-50 border border-gray-300
                            cursor-pointer hover:scale-105
                        " type="button" id="radix-_r_bi_" aria-haspopup="menu" aria-expanded="false" data-state="closed"><span class="text-base">👍</span><span class="font-medium text-sm">Like</span></button></div><button data-testid="reply-button" class="flex items-center gap-1 text-sm text-gray-600 hover:text-gray-900 transition-colors"><svg xmlns="http://www.w3.org/2000/svg" width="24" height="24" viewBox="0 0 24 24" fill="none" stroke="currentColor" stroke-width="2" stroke-linecap="round" stroke-linejoin="round" class="lucide lucide-reply w-4 h-4" aria-hidden="true"><path d="M20 18v-2a4 4 0 0 0-4-4H4"></path><path d="m9 17-5-5 5-5"></path></svg>Reply</button></div></div></div><div class=""><div class="bg-white rounded-md border border-gray-200 p-3"><div class="flex items-start justify-between mb-2"><div class="flex items-center gap-2"><div class="w-8 h-8 bg-gradient-to-br from-gray-700 to-gray-900 rounded-full flex items-center justify-center text-white font-semibold text-sm flex-shrink-0 cursor-pointer hover:ring-2 hover:ring-gray-900 hover:ring-offset-1 transition-all">J</div><div><div class="flex items-center gap-1.5"><span class="text-sm font-semibold text-gray-900 cursor-pointer hover:underline">Jackson Jackson</span></div><span class="text-xs text-gray-500">Nov 30, 2025, 06:17 PM</span></div></div><button class="p-1 hover:bg-gray-100 rounded-full transition-colors" type="button" id="radix-_r_bn_" aria-haspopup="menu" aria-expanded="false" data-state="closed"><svg xmlns="http://www.w3.org/2000/svg" width="24" height="24" viewBox="0 0 24 24" fill="none" stroke="currentColor" stroke-width="2" stroke-linecap="round" stroke-linejoin="round" class="lucide lucide-ellipsis-vertical w-4 h-4 text-gray-600" aria-hidden="true"><circle cx="12" cy="12" r="1"></circle><circle cx="12" cy="5" r="1"></circle><circle cx="12" cy="19" r="1"></circle></svg></button></div><p class="text-sm text-gray-800 whitespace-pre-wrap mb-2">Very interesting perspective.</p><div class="flex items-center gap-3"><div class="flex items-center gap-3"><button data-testid="reaction-button-like" class="
                            group inline-flex items-center gap-1.5 px-3 py-1.5 rounded-md font-medium text-sm transition-all duration-200
                            bg-white text-gray-700 hover:bg-gray-50 border border-gray-300
                            cursor-pointer hover:scale-105
                        " type="button" id="radix-_r_bp_" aria-haspopup="menu" aria-expanded="false" data-state="closed"><span class="text-base">👍</span><span class="font-medium text-sm">Like</span></button></div><button data-testid="reply-button" class="flex items-center gap-1 text-sm text-gray-600 hover:text-gray-900 transition-colors"><svg xmlns="http://www.w3.org/2000/svg" width="24" height="24" viewBox="0 0 24 24" fill="none" stroke="currentColor" stroke-width="2" stroke-linecap="round" stroke-linejoin="round" class="lucide lucide-reply w-4 h-4" aria-hidden="true"><path d="M20 18v-2a4 4 0 0 0-4-4H4"></path><path d="m9 17-5-5 5-5"></path></svg>Reply</button></div></div></div><div class=""><div class="bg-white rounded-md border border-gray-200 p-3"><div class="flex items-start justify-between mb-2"><div class="flex items-center gap-2"><div class="w-8 h-8 bg-gradient-to-br from-gray-700 to-gray-900 rounded-full flex items-center justify-center text-white font-semibold text-sm flex-shrink-0 cursor-pointer hover:ring-2 hover:ring-gray-900 hover:ring-offset-1 transition-all">V</div><div><div class="flex items-center gap-1.5"><span class="text-sm font-semibold text-gray-900 cursor-pointer hover:underline">Victoria Thomas</span></div><span class="text-xs text-gray-500">Nov 30, 2025, 06:17 PM</span></div></div><button class="p-1 hover:bg-gray-100 rounded-full transition-colors" type="button" id="radix-_r_bu_" aria-haspopup="menu" aria-expanded="false" data-state="closed"><svg xmlns="http://www.w3.org/2000/svg" width="24" height="24" viewBox="0 0 24 24" fill="none" stroke="currentColor" stroke-width="2" stroke-linecap="round" stroke-linejoin="round" class="lucide lucide-ellipsis-vertical w-4 h-4 text-gray-600" aria-hidden="true"><circle cx="12" cy="12" r="1"></circle><circle cx="12" cy="5" r="1"></circle><circle cx="12" cy="19" r="1"></circle></svg></button></div><p class="text-sm text-gray-800 whitespace-pre-wrap mb-2">I totally agree with this.</p><div class="flex items-center gap-3"><div class="flex items-center gap-3"><button data-testid="reaction-button-like" class="
                            group inline-flex items-center gap-1.5 px-3 py-1.5 rounded-md font-medium text-sm transition-all duration-200
                            bg-white text-gray-700 hover:bg-gray-50 border border-gray-300
                            cursor-pointer hover:scale-105
                        " type="button" id="radix-_r_c0_" aria-haspopup="menu" aria-expanded="false" data-state="closed"><span class="text-base">👍</span><span class="font-medium text-sm">Like</span></button></div><button data-testid="reply-button" class="flex items-center gap-1 text-sm text-gray-600 hover:text-gray-900 transition-colors"><svg xmlns="http://www.w3.org/2000/svg" width="24" height="24" viewBox="0 0 24 24" fill="none" stroke="currentColor" stroke-width="2" stroke-linecap="round" stroke-linejoin="round" class="lucide lucide-reply w-4 h-4" aria-hidden="true"><path d="M20 18v-2a4 4 0 0 0-4-4H4"></path><path d="m9 17-5-5 5-5"></path></svg>Reply</button></div></div></div></div></div></div></div></article><article class="bg-white rounded-xl shadow-sm border border-gray-200 overflow-hidden hover:shadow-md transition-shadow"><div class="p-6"><h2 class="text-xl font-bold text-gray-900 mb-3">Weekend Vibes and Relaxation</h2><p class="text-gray-600 leading-relaxed mb-6">It is the weekend! Time to relax and unwind. What are your plans? Share your weekend vibes by reacting to this post. We hope you all have a wonderful time!</p><div class="pt-4 border-t border-gray-100"><div class="flex items-center gap-3"><button data-testid="reaction-button-like" class="
                            group inline-flex items-center gap-1.5 px-3 py-1.5 rounded-md font-medium text-sm transition-all duration-200
                            bg-white text-gray-700 hover:bg-gray-50 border border-gray-300
                            cursor-pointer hover:scale-105
                        " type="button" id="radix-_r_c5_" aria-haspopup="menu" aria-expanded="false" data-state="closed"><span class="text-base">👍</span><span class="font-medium text-sm">Like</span></button><div class="flex items-center gap-1.5"><button data-testid="reaction-count-sad" class="
                                    inline-flex items-center gap-1 px-2 py-1 rounded-full text-xs font-medium transition-all
                                    bg-gray-100 text-gray-700 hover:bg-gray-200
                                    cursor-pointer hover:scale-105
                                "><span class="text-base">😢</span><span>3</span></button><button data-testid="reaction-count-like" class="
                                    inline-flex items-center gap-1 px-2 py-1 rounded-full text-xs font-medium transition-all
                                    bg-gray-100 text-gray-700 hover:bg-gray-200
                                    cursor-pointer hover:scale-105
                                "><span class="text-base">👍</span><span>2</span></button><button data-testid="reaction-count-haha" class="
                                    inline-flex items-center gap-1 px-2 py-1 rounded-full text-xs font-medium transition-all
                                    bg-gray-100 text-gray-700 hover:bg-gray-200
                                    cursor-pointer hover:scale-105
                                "><span class="text-base">😂</span><span>2</span></button><button data-testid="reaction-count-wow" class="
                                    inline-flex items-center gap-1 px-2 py-1 rounded-full text-xs font-medium transition-all
                                    bg-gray-100 text-gray-700 hover:bg-gray-200
                                    cursor-pointer hover:scale-105
                                "><span class="text-base">😮</span><span>1</span></button><button class="p-1.5 hover:bg-gray-100 rounded-full transition-colors" title="See who reacted"><svg xmlns="http://www.w3.org/2000/svg" width="24" height="24" viewBox="0 0 24 24" fill="none" stroke="currentColor" stroke-width="2" stroke-linecap="round" stroke-linejoin="round" class="lucide lucide-chevron-down w-4 h-4 text-gray-600" aria-hidden="true"><path d="m6 9 6 6 6-6"></path></svg></button></div></div></div><div class="pt-6 border-t border-gray-100 mt-6"><div class="space-y-3"><div class="flex items-center justify-between"><div class="flex items-center gap-2"><svg xmlns="http://www.w3.org/2000/svg" width="24" height="24" viewBox="0 0 24 24" fill="none" stroke="currentColor" stroke-width="2" stroke-linecap="round" stroke-linejoin="round" class="lucide lucide-message-square w-4 h-4 text-gray-600" aria-hidden="true"><path d="M22 17a2 2 0 0 1-2 2H6.828a2 2 0 0 0-1.414.586l-2.202 2.202A.71.71 0 0 1 2 21.286V5a2 2 0 0 1 2-2h16a2 2 0 0 1 2 2z"></path></svg><h3 class="text-base font-semibold text-gray-900">Comments (5)</h3></div><button data-testid="add-comment-button" class="px-3 py-1.5 text-sm font-medium text-white bg-gray-900 rounded-md hover:bg-gray-800 transition-colors">Add Comment</button></div><div class="space-y-2"><div class=""><div class="bg-white rounded-md border border-gray-200 p-3"><div class="flex items-start justify-between mb-2"><div class="flex items-center gap-2"><div class="w-8 h-8 bg-gradient-to-br from-gray-700 to-gray-900 rounded-full flex items-center justify-center text-white font-semibold text-sm flex-shrink-0 cursor-pointer hover:ring-2 hover:ring-gray-900 hover:ring-offset-1 transition-all">J</div><div><div class="flex items-center gap-1.5"><span class="text-sm font-semibold text-gray-900 cursor-pointer hover:underline">John Doe</span></div><span class="text-xs text-gray-500">Nov 30, 2025, 06:17 PM</span></div></div><button class="p-1 hover:bg-gray-100 rounded-full transition-colors" type="button" id="radix-_r_c7_" aria-haspopup="menu" aria-expanded="false" data-state="closed"><svg xmlns="http://www.w3.org/2000/svg" width="24" height="24" viewBox="0 0 24 24" fill="none" stroke="currentColor" stroke-width="2" stroke-linecap="round" stroke-linejoin="round" class="lucide lucide-ellipsis-vertical w-4 h-4 text-gray-600" aria-hidden="true"><circle cx="12" cy="12" r="1"></circle><circle cx="12" cy="5" r="1"></circle><circle cx="12" cy="19" r="1"></circle></svg></button></div><p class="text-sm text-gray-800 whitespace-pre-wrap mb-2">This deserves more attention.</p><div class="flex items-center gap-3"><div class="flex items-center gap-3"><button data-testid="reaction-button-like" class="
                            group inline-flex items-center gap-1.5 px-3 py-1.5 rounded-md font-medium text-sm transition-all duration-200
                            bg-white text-gray-700 hover:bg-gray-50 border border-gray-300
                            cursor-pointer hover:scale-105
                        " type="button" id="radix-_r_c9_" aria-haspopup="menu" aria-expanded="false" data-state="closed"><span class="text-base">👍</span><span class="font-medium text-sm">Like</span></button></div><button data-testid="reply-button" class="flex items-center gap-1 text-sm text-gray-600 hover:text-gray-900 transition-colors"><svg xmlns="http://www.w3.org/2000/svg" width="24" height="24" viewBox="0 0 24 24" fill="none" stroke="currentColor" stroke-width="2" stroke-linecap="round" stroke-linejoin="round" class="lucide lucide-reply w-4 h-4" aria-hidden="true"><path d="M20 18v-2a4 4 0 0 0-4-4H4"></path><path d="m9 17-5-5 5-5"></path></svg>Reply</button></div></div><div class="mt-2 space-y-2"><div class="ml-10"><div class="bg-white rounded-md border border-gray-200 p-3"><div class="flex items-start justify-between mb-2"><div class="flex items-center gap-2"><div class="w-8 h-8 bg-gradient-to-br from-gray-700 to-gray-900 rounded-full flex items-center justify-center text-white font-semibold text-sm flex-shrink-0 cursor-pointer hover:ring-2 hover:ring-gray-900 hover:ring-offset-1 transition-all">L</div><div><div class="flex items-center gap-1.5"><span class="text-sm font-semibold text-gray-900 cursor-pointer hover:underline">Luke Garcia</span></div><span class="text-xs text-gray-500">Nov 30, 2025, 06:17 PM</span></div></div><button class="p-1 hover:bg-gray-100 rounded-full transition-colors" type="button" id="radix-_r_cb_" aria-haspopup="menu" aria-expanded="false" data-state="closed"><svg xmlns="http://www.w3.org/2000/svg" width="24" height="24" viewBox="0 0 24 24" fill="none" stroke="currentColor" stroke-width="2" stroke-linecap="round" stroke-linejoin="round" class="lucide lucide-ellipsis-vertical w-4 h-4 text-gray-600" aria-hidden="true"><circle cx="12" cy="12" r="1"></circle><circle cx="12" cy="5" r="1"></circle><circle cx="12" cy="19" r="1"></circle></svg></button></div><p class="text-sm text-gray-800 whitespace-pre-wrap mb-2">I agree with you!</p><div class="flex items-center gap-3"><div class="flex items-center gap-3"><button data-testid="reaction-button-like" class="
                            group inline-flex items-center gap-1.5 px-3 py-1.5 rounded-md font-medium text-sm transition-all duration-200
                            bg-white text-gray-700 hover:bg-gray-50 border border-gray-300
                            cursor-pointer hover:scale-105
                        " type="button" id="radix-_r_cd_" aria-haspopup="menu" aria-expanded="false" data-state="closed"><span class="text-base">👍</span><span class="font-medium text-sm">Like</span></button></div></div></div></div></div></div><div class=""><div class="bg-white rounded-md border border-gray-200 p-3"><div class="flex items-start justify-between mb-2"><div class="flex items-center gap-2"><div class="w-8 h-8 bg-gradient-to-br from-gray-700 to-gray-900 rounded-full flex items-center justify-center text-white font-semibold text-sm flex-shrink-0 cursor-pointer hover:ring-2 hover:ring-gray-900 hover:ring-offset-1 transition-all">A</div><div><div class="flex items-center gap-1.5"><span class="text-sm font-semibold text-gray-900 cursor-pointer hover:underline">Addison Martinez</span></div><span class="text-xs text-gray-500">Nov 30, 2025, 06:17 PM</span></div></div><button class="p-1 hover:bg-gray-100 rounded-full transition-colors" type="button" id="radix-_r_cl_" aria-haspopup="menu" aria-expanded="false" data-state="closed"><svg xmlns="http://www.w3.org/2000/svg" width="24" height="24" viewBox="0 0 24 24" fill="none" stroke="currentColor" stroke-width="2" stroke-linecap="round" stroke-linejoin="round" class="lucide lucide-ellipsis-vertical w-4 h-4 text-gray-600" aria-hidden="true"><circle cx="12" cy="12" r="1"></circle><circle cx="12" cy="5" r="1"></circle><circle cx="12" cy="19" r="1"></circle></svg></button></div><p class="text-sm text-gray-800 whitespace-pre-wrap mb-2">Brilliant insights here.</p><div class="flex items-center gap-3"><div class="flex items-center gap-3"><button data-testid="reaction-button-like" class="
                            group inline-flex items-center gap-1.5 px-3 py-1.5 rounded-md font-medium text-sm transition-all duration-200
                            bg-white text-gray-700 hover:bg-gray-50 border border-gray-300
                            cursor-pointer hover:scale-105
                        " type="button" id="radix-_r_cn_" aria-haspopup="menu" aria-expanded="false" data-state="closed"><span class="text-base">👍</span><span class="font-medium text-sm">Like</span></button></div><button data-testid="reply-button" class="flex items-center gap-1 text-sm text-gray-600 hover:text-gray-900 transition-colors"><svg xmlns="http://www.w3.org/2000/svg" width="24" height="24" viewBox="0 0 24 24" fill="none" stroke="currentColor" stroke-width="2" stroke-linecap="round" stroke-linejoin="round" class="lucide lucide-reply w-4 h-4" aria-hidden="true"><path d="M20 18v-2a4 4 0 0 0-4-4H4"></path><path d="m9 17-5-5 5-5"></path></svg>Reply</button></div></div><div class="mt-2 space-y-2"><div class="ml-10"><div class="bg-white rounded-md border border-gray-200 p-3"><div class="flex items-start justify-between mb-2"><div class="flex items-center gap-2"><div class="w-8 h-8 bg-gradient-to-br from-gray-700 to-gray-900 rounded-full flex items-center justify-center text-white font-semibold text-sm flex-shrink-0 cursor-pointer hover:ring-2 hover:ring-gray-900 hover:ring-offset-1 transition-all">M</div><div><div class="flex items-center gap-1.5"><span class="text-sm font-semibold text-gray-900 cursor-pointer hover:underline">Mia Davis</span></div><span class="text-xs text-gray-500">Nov 30, 2025, 06:17 PM</span></div></div><button class="p-1 hover:bg-gray-100 rounded-full transition-colors" type="button" id="radix-_r_cp_" aria-haspopup="menu" aria-expanded="false" data-state="closed"><svg xmlns="http://www.w3.org/2000/svg" width="24" height="24" viewBox="0 0 24 24" fill="none" stroke="currentColor" stroke-width="2" stroke-linecap="round" stroke-linejoin="round" class="lucide lucide-ellipsis-vertical w-4 h-4 text-gray-600" aria-hidden="true"><circle cx="12" cy="12" r="1"></circle><circle cx="12" cy="5" r="1"></circle><circle cx="12" cy="19" r="1"></circle></svg></button></div><p class="text-sm text-gray-800 whitespace-pre-wrap mb-2">Interesting perspective!</p><div class="flex items-center gap-3"><div class="flex items-center gap-3"><button data-testid="reaction-button-like" class="
                            group inline-flex items-center gap-1.5 px-3 py-1.5 rounded-md font-medium text-sm transition-all duration-200
                            bg-white text-gray-700 hover:bg-gray-50 border border-gray-300
                            cursor-pointer hover:scale-105
                        " type="button" id="radix-_r_cr_" aria-haspopup="menu" aria-expanded="false" data-state="closed"><span class="text-base">👍</span><span class="font-medium text-sm">Like</span></button></div></div></div></div><div class="ml-10"><div class="bg-white rounded-md border border-gray-200 p-3"><div class="flex items-start justify-between mb-2"><div class="flex items-center gap-2"><div class="w-8 h-8 bg-gradient-to-br from-gray-700 to-gray-900 rounded-full flex items-center justify-center text-white font-semibold text-sm flex-shrink-0 cursor-pointer hover:ring-2 hover:ring-gray-900 hover:ring-offset-1 transition-all">S</div><div><div class="flex items-center gap-1.5"><span class="text-sm font-semibold text-gray-900 cursor-pointer hover:underline">Sofia Anderson</span></div><span class="text-xs text-gray-500">Nov 30, 2025, 06:17 PM</span></div></div><button class="p-1 hover:bg-gray-100 rounded-full transition-colors" type="button" id="radix-_r_d0_" aria-haspopup="menu" aria-expanded="false" data-state="closed"><svg xmlns="http://www.w3.org/2000/svg" width="24" height="24" viewBox="0 0 24 24" fill="none" stroke="currentColor" stroke-width="2" stroke-linecap="round" stroke-linejoin="round" class="lucide lucide-ellipsis-vertical w-4 h-4 text-gray-600" aria-hidden="true"><circle cx="12" cy="12" r="1"></circle><circle cx="12" cy="5" r="1"></circle><circle cx="12" cy="19" r="1"></circle></svg></button></div><p class="text-sm text-gray-800 whitespace-pre-wrap mb-2">Thanks for your comment!</p><div class="flex items-center gap-3"><div class="flex items-center gap-3"><button data-testid="reaction-button-like" class="
                            group inline-flex items-center gap-1.5 px-3 py-1.5 rounded-md font-medium text-sm transition-all duration-200
                            bg-white text-gray-700 hover:bg-gray-50 border border-gray-300
                            cursor-pointer hover:scale-105
                        " type="button" id="radix-_r_d2_" aria-haspopup="menu" aria-expanded="false" data-state="closed"><span class="text-base">👍</span><span class="font-medium text-sm">Like</span></button></div></div></div></div></div></div><div class=""><div class="bg-white rounded-md border border-gray-200 p-3"><div class="flex items-start justify-between mb-2"><div class="flex items-center gap-2"><div class="w-8 h-8 bg-gradient-to-br from-gray-700 to-gray-900 rounded-full flex items-center justify-center text-white font-semibold text-sm flex-shrink-0 cursor-pointer hover:ring-2 hover:ring-gray-900 hover:ring-offset-1 transition-all">L</div><div><div class="flex items-center gap-1.5"><span class="text-sm font-semibold text-gray-900 cursor-pointer hover:underline">Lily Martinez</span></div><span class="text-xs text-gray-500">Nov 30, 2025, 06:17 PM</span></div></div><button class="p-1 hover:bg-gray-100 rounded-full transition-colors" type="button" id="radix-_r_da_" aria-haspopup="menu" aria-expanded="false" data-state="closed"><svg xmlns="http://www.w3.org/2000/svg" width="24" height="24" viewBox="0 0 24 24" fill="none" stroke="currentColor" stroke-width="2" stroke-linecap="round" stroke-linejoin="round" class="lucide lucide-ellipsis-vertical w-4 h-4 text-gray-600" aria-hidden="true"><circle cx="12" cy="12" r="1"></circle><circle cx="12" cy="5" r="1"></circle><circle cx="12" cy="19" r="1"></circle></svg></button></div><p class="text-sm text-gray-800 whitespace-pre-wrap mb-2">Could you elaborate more on this?</p><div class="flex items-center gap-3"><div class="flex items-center gap-3"><button data-testid="reaction-button-like" class="
                            group inline-flex items-center gap-1.5 px-3 py-1.5 rounded-md font-medium text-sm transition-all duration-200
                            bg-white text-gray-700 hover:bg-gray-50 border border-gray-300
                            cursor-pointer hover:scale-105
                        " type="button" id="radix-_r_dc_" aria-haspopup="menu" aria-expanded="false" data-state="closed"><span class="text-base">👍</span><span class="font-medium text-sm">Like</span></button></div><button data-testid="reply-button" class="flex items-center gap-1 text-sm text-gray-600 hover:text-gray-900 transition-colors"><svg xmlns="http://www.w3.org/2000/svg" width="24" height="24" viewBox="0 0 24 24" fill="none" stroke="currentColor" stroke-width="2" stroke-linecap="round" stroke-linejoin="round" class="lucide lucide-reply w-4 h-4" aria-hidden="true"><path d="M20 18v-2a4 4 0 0 0-4-4H4"></path><path d="m9 17-5-5 5-5"></path></svg>Reply</button></div></div><div class="mt-2 space-y-2"><div class="ml-10"><div class="bg-white rounded-md border border-gray-200 p-3"><div class="flex items-start justify-between mb-2"><div class="flex items-center gap-2"><div class="w-8 h-8 bg-gradient-to-br from-gray-700 to-gray-900 rounded-full flex items-center justify-center text-white font-semibold text-sm flex-shrink-0 cursor-pointer hover:ring-2 hover:ring-gray-900 hover:ring-offset-1 transition-all">O</div><div><div class="flex items-center gap-1.5"><span class="text-sm font-semibold text-gray-900 cursor-pointer hover:underline">Owen Anderson</span></div><span class="text-xs text-gray-500">Nov 30, 2025, 06:17 PM</span></div></div><button class="p-1 hover:bg-gray-100 rounded-full transition-colors" type="button" id="radix-_r_de_" aria-haspopup="menu" aria-expanded="false" data-state="closed"><svg xmlns="http://www.w3.org/2000/svg" width="24" height="24" viewBox="0 0 24 24" fill="none" stroke="currentColor" stroke-width="2" stroke-linecap="round" stroke-linejoin="round" class="lucide lucide-ellipsis-vertical w-4 h-4 text-gray-600" aria-hidden="true"><circle cx="12" cy="12" r="1"></circle><circle cx="12" cy="5" r="1"></circle><circle cx="12" cy="19" r="1"></circle></svg></button></div><p class="text-sm text-gray-800 whitespace-pre-wrap mb-2">Thanks for clarifying.</p><div class="flex items-center gap-3"><div class="flex items-center gap-3"><button data-testid="reaction-button-like" class="
                            group inline-flex items-center gap-1.5 px-3 py-1.5 rounded-md font-medium text-sm transition-all duration-200
                            bg-white text-gray-700 hover:bg-gray-50 border border-gray-300
                            cursor-pointer hover:scale-105
                        " type="button" id="radix-_r_dg_" aria-haspopup="menu" aria-expanded="false" data-state="closed"><span class="text-base">👍</span><span class="font-medium text-sm">Like</span></button></div></div></div></div></div></div><div class=""><div class="bg-white rounded-md border border-gray-200 p-3"><div class="flex items-start justify-between mb-2"><div class="flex items-center gap-2"><div class="w-8 h-8 bg-gradient-to-br from-gray-700 to-gray-900 rounded-full flex items-center justify-center text-white font-semibold text-sm flex-shrink-0 cursor-pointer hover:ring-2 hover:ring-gray-900 hover:ring-offset-1 transition-all">C</div><div><div class="flex items-center gap-1.5"><span class="text-sm font-semibold text-gray-900 cursor-pointer hover:underline">Charlotte Johnson</span></div><span class="text-xs text-gray-500">Nov 30, 2025, 06:17 PM</span></div></div><button class="p-1 hover:bg-gray-100 rounded-full transition-colors" type="button" id="radix-_r_do_" aria-haspopup="menu" aria-expanded="false" data-state="closed"><svg xmlns="http://www.w3.org/2000/svg" width="24" height="24" viewBox="0 0 24 24" fill="none" stroke="currentColor" stroke-width="2" stroke-linecap="round" stroke-linejoin="round" class="lucide lucide-ellipsis-vertical w-4 h-4 text-gray-600" aria-hidden="true"><circle cx="12" cy="12" r="1"></circle><circle cx="12" cy="5" r="1"></circle><circle cx="12" cy="19" r="1"></circle></svg></button></div><p class="text-sm text-gray-800 whitespace-pre-wrap mb-2">I have some thoughts on this...</p><div class="flex items-center gap-3"><div class="flex items-center gap-3"><button data-testid="reaction-button-like" class="
                            group inline-flex items-center gap-1.5 px-3 py-1.5 rounded-md font-medium text-sm transition-all duration-200
                            bg-white text-gray-700 hover:bg-gray-50 border border-gray-300
                            cursor-pointer hover:scale-105
                        " type="button" id="radix-_r_dq_" aria-haspopup="menu" aria-expanded="false" data-state="closed"><span class="text-base">👍</span><span class="font-medium text-sm">Like</span></button></div><button data-testid="reply-button" class="flex items-center gap-1 text-sm text-gray-600 hover:text-gray-900 transition-colors"><svg xmlns="http://www.w3.org/2000/svg" width="24" height="24" viewBox="0 0 24 24" fill="none" stroke="currentColor" stroke-width="2" stroke-linecap="round" stroke-linejoin="round" class="lucide lucide-reply w-4 h-4" aria-hidden="true"><path d="M20 18v-2a4 4 0 0 0-4-4H4"></path><path d="m9 17-5-5 5-5"></path></svg>Reply</button></div></div></div><div class=""><div class="bg-white rounded-md border border-gray-200 p-3"><div class="flex items-start justify-between mb-2"><div class="flex items-center gap-2"><div class="w-8 h-8 bg-gradient-to-br from-gray-700 to-gray-900 rounded-full flex items-center justify-center text-white font-semibold text-sm flex-shrink-0 cursor-pointer hover:ring-2 hover:ring-gray-900 hover:ring-offset-1 transition-all">L</div><div><div class="flex items-center gap-1.5"><span class="text-sm font-semibold text-gray-900 cursor-pointer hover:underline">Luke Wilson</span></div><span class="text-xs text-gray-500">Nov 30, 2025, 06:17 PM</span></div></div><button class="p-1 hover:bg-gray-100 rounded-full transition-colors" type="button" id="radix-_r_dv_" aria-haspopup="menu" aria-expanded="false" data-state="closed"><svg xmlns="http://www.w3.org/2000/svg" width="24" height="24" viewBox="0 0 24 24" fill="none" stroke="currentColor" stroke-width="2" stroke-linecap="round" stroke-linejoin="round" class="lucide lucide-ellipsis-vertical w-4 h-4 text-gray-600" aria-hidden="true"><circle cx="12" cy="12" r="1"></circle><circle cx="12" cy="5" r="1"></circle><circle cx="12" cy="19" r="1"></circle></svg></button></div><p class="text-sm text-gray-800 whitespace-pre-wrap mb-2">This is exactly what I needed to hear.</p><div class="flex items-center gap-3"><div class="flex items-center gap-3"><button data-testid="reaction-button-like" class="
                            group inline-flex items-center gap-1.5 px-3 py-1.5 rounded-md font-medium text-sm transition-all duration-200
                            bg-white text-gray-700 hover:bg-gray-50 border border-gray-300
                            cursor-pointer hover:scale-105
                        " type="button" id="radix-_r_e1_" aria-haspopup="menu" aria-expanded="false" data-state="closed"><span class="text-base">👍</span><span class="font-medium text-sm">Like</span></button></div><button data-testid="reply-button" class="flex items-center gap-1 text-sm text-gray-600 hover:text-gray-900 transition-colors"><svg xmlns="http://www.w3.org/2000/svg" width="24" height="24" viewBox="0 0 24 24" fill="none" stroke="currentColor" stroke-width="2" stroke-linecap="round" stroke-linejoin="round" class="lucide lucide-reply w-4 h-4" aria-hidden="true"><path d="M20 18v-2a4 4 0 0 0-4-4H4"></path><path d="m9 17-5-5 5-5"></path></svg>Reply</button></div></div><div class="mt-2 space-y-2"><div class="ml-10"><div class="bg-white rounded-md border border-gray-200 p-3"><div class="flex items-start justify-between mb-2"><div class="flex items-center gap-2"><div class="w-8 h-8 bg-gradient-to-br from-gray-700 to-gray-900 rounded-full flex items-center justify-center text-white font-semibold text-sm flex-shrink-0 cursor-pointer hover:ring-2 hover:ring-gray-900 hover:ring-offset-1 transition-all">L</div><div><div class="flex items-center gap-1.5"><span class="text-sm font-semibold text-gray-900 cursor-pointer hover:underline">Liam Garcia</span></div><span class="text-xs text-gray-500">Nov 30, 2025, 06:17 PM</span></div></div><button class="p-1 hover:bg-gray-100 rounded-full transition-colors" type="button" id="radix-_r_e3_" aria-haspopup="menu" aria-expanded="false" data-state="closed"><svg xmlns="http://www.w3.org/2000/svg" width="24" height="24" viewBox="0 0 24 24" fill="none" stroke="currentColor" stroke-width="2" stroke-linecap="round" stroke-linejoin="round" class="lucide lucide-ellipsis-vertical w-4 h-4 text-gray-600" aria-hidden="true"><circle cx="12" cy="12" r="1"></circle><circle cx="12" cy="5" r="1"></circle><circle cx="12" cy="19" r="1"></circle></svg></button></div><p class="text-sm text-gray-800 whitespace-pre-wrap mb-2">Great addition to the discussion!</p><div class="flex items-center gap-3"><div class="flex items-center gap-3"><button data-testid="reaction-button-like" class="
                            group inline-flex items-center gap-1.5 px-3 py-1.5 rounded-md font-medium text-sm transition-all duration-200
                            bg-white text-gray-700 hover:bg-gray-50 border border-gray-300
                            cursor-pointer hover:scale-105
                        " type="button" id="radix-_r_e5_" aria-haspopup="menu" aria-expanded="false" data-state="closed"><span class="text-base">👍</span><span class="font-medium text-sm">Like</span></button></div></div></div></div><div class="ml-10"><div class="bg-white rounded-md border border-gray-200 p-3"><div class="flex items-start justify-between mb-2"><div class="flex items-center gap-2"><div class="w-8 h-8 bg-gradient-to-br from-gray-700 to-gray-900 rounded-full flex items-center justify-center text-white font-semibold text-sm flex-shrink-0 cursor-pointer hover:ring-2 hover:ring-gray-900 hover:ring-offset-1 transition-all">A</div><div><div class="flex items-center gap-1.5"><span class="text-sm font-semibold text-gray-900 cursor-pointer hover:underline">Addison Garcia</span></div><span class="text-xs text-gray-500">Nov 30, 2025, 06:17 PM</span></div></div><button class="p-1 hover:bg-gray-100 rounded-full transition-colors" type="button" id="radix-_r_ea_" aria-haspopup="menu" aria-expanded="false" data-state="closed"><svg xmlns="http://www.w3.org/2000/svg" width="24" height="24" viewBox="0 0 24 24" fill="none" stroke="currentColor" stroke-width="2" stroke-linecap="round" stroke-linejoin="round" class="lucide lucide-ellipsis-vertical w-4 h-4 text-gray-600" aria-hidden="true"><circle cx="12" cy="12" r="1"></circle><circle cx="12" cy="5" r="1"></circle><circle cx="12" cy="19" r="1"></circle></svg></button></div><p class="text-sm text-gray-800 whitespace-pre-wrap mb-2">I see what you mean.</p><div class="flex items-center gap-3"><div class="flex items-center gap-3"><button data-testid="reaction-button-like" class="
                            group inline-flex items-center gap-1.5 px-3 py-1.5 rounded-md font-medium text-sm transition-all duration-200
                            bg-white text-gray-700 hover:bg-gray-50 border border-gray-300
                            cursor-pointer hover:scale-105
                        " type="button" id="radix-_r_ec_" aria-haspopup="menu" aria-expanded="false" data-state="closed"><span class="text-base">👍</span><span class="font-medium text-sm">Like</span></button></div></div></div></div></div></div></div></div></div></div></article></div></main><footer class="mt-16 py-8 border-t border-gray-200 bg-white"><div class="max-w-5xl mx-auto px-4 text-center text-sm text-gray-500"><p>Built with Laravel, Inertia.js, React &amp; shadcn/ui</p></div></footer></div><div role="region" aria-label="Notifications (F8)" tabindex="-1" style="pointer-events: none;"><ol tabindex="-1" class="fixed top-0 z-[100] flex max-h-screen w-full flex-col-reverse p-4 sm:bottom-0 sm:right-0 sm:top-auto sm:flex-col md:max-w-[420px]"></ol></div></div><script type="text/javascript">
var phpdebugbar = new PhpDebugBar.DebugBar({"theme":"auto","hideEmptyTabs":true});
phpdebugbar.addTab("request", new PhpDebugBar.DebugBar.Tab({"icon":"tags","order":-100,"title":"Request", "widget": new PhpDebugBar.Widgets.HtmlVariableListWidget()}));
phpdebugbar.addTab("messages", new PhpDebugBar.DebugBar.Tab({"icon":"list-alt","title":"Messages", "widget": new PhpDebugBar.Widgets.MessagesWidget()}));
phpdebugbar.addIndicator("time", new PhpDebugBar.DebugBar.Indicator({"icon":"clock-o","tooltip":"Request Duration","link":"timeline"}), "right");
phpdebugbar.addTab("timeline", new PhpDebugBar.DebugBar.Tab({"icon":"tasks","title":"Timeline", "widget": new PhpDebugBar.Widgets.TimelineWidget()}));
phpdebugbar.addIndicator("memory", new PhpDebugBar.DebugBar.Indicator({"icon":"cogs","tooltip":"Memory Usage"}), "right");
phpdebugbar.addTab("exceptions", new PhpDebugBar.DebugBar.Tab({"icon":"bug","title":"Exceptions", "widget": new PhpDebugBar.Widgets.ExceptionsWidget()}));
phpdebugbar.addIndicator("version", new PhpDebugBar.DebugBar.Indicator({"icon":"laravel phpdebugbar-fab"}), "right");
phpdebugbar.addTab("views", new PhpDebugBar.DebugBar.Tab({"icon":"leaf","title":"Views", "widget": new PhpDebugBar.Widgets.TemplatesWidget()}));
phpdebugbar.addTab("queries", new PhpDebugBar.DebugBar.Tab({"icon":"database","title":"Queries", "widget": new PhpDebugBar.Widgets.LaravelQueriesWidget()}));
phpdebugbar.addTab("models", new PhpDebugBar.DebugBar.Tab({"icon":"cubes","title":"Models", "widget": new PhpDebugBar.Widgets.TableVariableListWidget()}));
phpdebugbar.addTab("emails", new PhpDebugBar.DebugBar.Tab({"icon":"inbox","title":"Mails", "widget": new PhpDebugBar.Widgets.MailsWidget()}));
phpdebugbar.addTab("gate", new PhpDebugBar.DebugBar.Tab({"icon":"list-alt","title":"Gate", "widget": new PhpDebugBar.Widgets.MessagesWidget()}));
phpdebugbar.addIndicator("currentrequest", new PhpDebugBar.DebugBar.Indicator({"icon":"share","link":"request"}), "right");
phpdebugbar.setDataMap({
"request": ["request.data", {}],
"messages": ["messages.messages", []],
"messages:badge": ["messages.count", null],
"time": ["time.duration_str", '0ms'],
"timeline": ["time", {}],
"memory": ["memory.peak_usage_str", '0B'],
"exceptions": ["exceptions.exceptions", []],
"exceptions:badge": ["exceptions.count", null],
"version": ["laravel.version", ],
"version:tooltip": ["laravel.tooltip", {}],
"views": ["views", []],
"views:badge": ["views.nb_templates", 0],
"queries": ["queries", []],
"queries:badge": ["queries.nb_statements", 0],
"models": ["models", {}],
"models:badge": ["models.count", 0],
"emails": ["symfonymailer_mails.mails", []],
"emails:badge": ["symfonymailer_mails.count", null],
"gate": ["gate.messages", []],
"gate:badge": ["gate.count", null],
"request:badge": ["request.badge", null],
"currentrequest": ["request.data.uri", ],
"currentrequest:tooltip": ["request.tooltip", {}]
});
phpdebugbar.restoreState();
phpdebugbar.enableAjaxHandlerTab();
phpdebugbar.ajaxHandler = new PhpDebugBar.AjaxHandler(phpdebugbar, undefined, true);
phpdebugbar.ajaxHandler.bindToFetch();
phpdebugbar.ajaxHandler.bindToXHR();
phpdebugbar.setOpenHandler(new PhpDebugBar.OpenHandler({"url":"http:\/\/127.0.0.1:8000\/_debugbar\/open"}));
phpdebugbar.addDataSet({"__meta":{"id":"01KBAQR882VZ1G828J16X34SFP","datetime":"2025-11-30 15:57:53","utime":1764518273.282346,"method":"GET","uri":"\/login","ip":"127.0.0.1"},"messages":{"count":0,"messages":[]},"time":{"count":5,"start":1764518273.206231,"end":1764518273.282355,"duration":0.07612395286560059,"duration_str":"76.12ms","measures":[{"label":"Booting","start":1764518273.206231,"relative_start":0,"end":1764518273.275481,"relative_end":1764518273.275481,"duration":0.06924986839294434,"duration_str":"69.25ms","memory":0,"memory_str":"0B","params":[],"collector":"time","group":null},{"label":"Application","start":1764518273.275496,"relative_start":0.06926488876342773,"end":1764518273.282357,"relative_end":1.9073486328125e-6,"duration":0.006860971450805664,"duration_str":"6.86ms","memory":0,"memory_str":"0B","params":[],"collector":"time","group":null},{"label":"Routing","start":1764518273.278078,"relative_start":0.07184696197509766,"end":1764518273.278588,"relative_end":1764518273.278588,"duration":0.0005099773406982422,"duration_str":"510\u03bcs","memory":0,"memory_str":"0B","params":[],"collector":null,"group":null},{"label":"Preparing Response","start":1764518273.279445,"relative_start":0.07321381568908691,"end":1764518273.282187,"relative_end":1764518273.282187,"duration":0.0027420520782470703,"duration_str":"2.74ms","memory":0,"memory_str":"0B","params":[],"collector":null,"group":null},{"label":"View: Auth\/Login","start":1764518273.280157,"relative_start":0.07392597198486328,"end":1764518273.280157,"relative_end":1764518273.280157,"duration":0,"duration_str":"0\u03bcs","memory":0,"memory_str":"0B","params":[],"collector":"views","group":"View"}]},"memory":{"peak_usage":1761000,"peak_usage_str":"2MB"},"exceptions":{"count":0,"exceptions":[]},"laravel":{"version":"12.x","tooltip":{"Laravel Version":"12.40.2","PHP Version":"8.4.15","Environment":"local","Debug Mode":"Enabled","URL":"localhost","Timezone":"UTC","Locale":"en"}},"views":{"count":1,"nb_templates":1,"templates":[{"name":"Auth\/Login","param_count":null,"params":[],"start":1764518273.280145,"type":"blade","hash":"blade\/Users\/vahan\/Herd\/laravel-react-reactions\/packages\/truefans\/laravel-react-reactions\/workbench\/resources\/views\/app.blade.phpAuth\/Login","xdebug_link":{"url":"phpstorm:\/\/open?file=%2FUsers%2Fvahan%2FHerd%2Flaravel-react-reactions%2Fpackages%2Ftruefans%2Flaravel-react-reactions%2Fworkbench%2Fresources%2Fviews%2Fapp.blade.php\u0026line=1","ajax":false,"filename":"app.blade.php","line":"?"}}]},"queries":{"count":0,"nb_statements":0,"nb_visible_statements":0,"nb_excluded_statements":0,"nb_failed_statements":0,"accumulated_duration":0,"accumulated_duration_str":"0\u03bcs","memory_usage":0,"memory_usage_str":null,"statements":[]},"models":{"data":[],"count":0,"key_map":{"retrieved":"Retrieved","created":"Created","updated":"Updated","deleted":"Deleted"},"is_counter":true,"badges":[]},"symfonymailer_mails":{"count":0,"mails":[]},"gate":{"count":0,"messages":[]},"request":{"data":{"status":"200 OK","full_url":"http:\/\/127.0.0.1:8000\/login","action_name":"login","controller_action":"Workbench\\App\\Http\\Controllers\\AuthController@showLogin","uri":"GET login","controller":"Workbench\\App\\Http\\Controllers\\AuthController@showLogin\u003Ca href=\u0022phpstorm:\/\/open?file=%2FUsers%2Fvahan%2FHerd%2Flaravel-react-reactions%2Fpackages%2Ftruefans%2Flaravel-react-reactions%2Fworkbench%2Fapp%2FHttp%2FControllers%2FAuthController.php\u0026line=14\u0022 class=\u0022phpdebugbar-widgets-editor-link\u0022\u003E\u003C\/a\u003E","file":"\u003Ca href=\u0022phpstorm:\/\/open?file=%2FUsers%2Fvahan%2FHerd%2Flaravel-react-reactions%2Fpackages%2Ftruefans%2Flaravel-react-reactions%2Fworkbench%2Fapp%2FHttp%2FControllers%2FAuthController.php\u0026line=14\u0022 onclick=\u0022\u0022 class=\u0022phpdebugbar-widgets-editor-link\u0022\u003EUsers\/vahan\/Herd\/laravel-react-reactions\/packages\/truefans\/laravel-react-reactions\/workbench\/app\/Http\/Controllers\/AuthController.php:14-17\u003C\/a\u003E","middleware":"web","duration":"75.95ms","peak_memory":"4MB","response":"text\/html; charset=utf-8","request_format":"html","request_query":"\u003Cpre class=sf-dump id=sf-dump-405742044 data-indent-pad=\u0022  \u0022\u003E[]\n\u003C\/pre\u003E\u003Cscript\u003ESfdump(\u0022sf-dump-405742044\u0022, {\u0022maxDepth\u0022:0})\u003C\/script\u003E\n","request_request":"\u003Cpre class=sf-dump id=sf-dump-1038100505 data-indent-pad=\u0022  \u0022\u003E[]\n\u003C\/pre\u003E\u003Cscript\u003ESfdump(\u0022sf-dump-1038100505\u0022, {\u0022maxDepth\u0022:0})\u003C\/script\u003E\n","request_headers":"\u003Cpre class=sf-dump id=sf-dump-1246942517 data-indent-pad=\u0022  \u0022\u003E\u003Cspan class=sf-dump-note\u003Earray:14\u003C\/span\u003E [\u003Csamp data-depth=1 class=sf-dump-expanded\u003E\n  \u0022\u003Cspan class=sf-dump-key\u003Ehost\u003C\/span\u003E\u0022 =\u003E \u003Cspan class=sf-dump-note\u003Earray:1\u003C\/span\u003E [\u003Csamp data-depth=2 class=sf-dump-compact\u003E\n    \u003Cspan class=sf-dump-index\u003E0\u003C\/span\u003E =\u003E \u0022\u003Cspan class=sf-dump-str title=\u002214 characters\u0022\u003E127.0.0.1:8000\u003C\/span\u003E\u0022\n  \u003C\/samp\u003E]\n  \u0022\u003Cspan class=sf-dump-key\u003Econnection\u003C\/span\u003E\u0022 =\u003E \u003Cspan class=sf-dump-note\u003Earray:1\u003C\/span\u003E [\u003Csamp data-depth=2 class=sf-dump-compact\u003E\n    \u003Cspan class=sf-dump-index\u003E0\u003C\/span\u003E =\u003E \u0022\u003Cspan class=sf-dump-str title=\u002210 characters\u0022\u003Ekeep-alive\u003C\/span\u003E\u0022\n  \u003C\/samp\u003E]\n  \u0022\u003Cspan class=sf-dump-key\u003Esec-ch-ua\u003C\/span\u003E\u0022 =\u003E \u003Cspan class=sf-dump-note\u003Earray:1\u003C\/span\u003E [\u003Csamp data-depth=2 class=sf-dump-compact\u003E\n    \u003Cspan class=sf-dump-index\u003E0\u003C\/span\u003E =\u003E \u0022\u003Cspan class=sf-dump-str title=\u002266 characters\u0022\u003E\u0026quot;HeadlessChrome\u0026quot;;v=\u0026quot;143\u0026quot;, \u0026quot;Chromium\u0026quot;;v=\u0026quot;143\u0026quot;, \u0026quot;Not A(Brand\u0026quot;;v=\u0026quot;24\u0026quot;\u003C\/span\u003E\u0022\n  \u003C\/samp\u003E]\n  \u0022\u003Cspan class=sf-dump-key\u003Esec-ch-ua-mobile\u003C\/span\u003E\u0022 =\u003E \u003Cspan class=sf-dump-note\u003Earray:1\u003C\/span\u003E [\u003Csamp data-depth=2 class=sf-dump-compact\u003E\n    \u003Cspan class=sf-dump-index\u003E0\u003C\/span\u003E =\u003E \u0022\u003Cspan class=sf-dump-str title=\u00222 characters\u0022\u003E?0\u003C\/span\u003E\u0022\n  \u003C\/samp\u003E]\n  \u0022\u003Cspan class=sf-dump-key\u003Esec-ch-ua-platform\u003C\/span\u003E\u0022 =\u003E \u003Cspan class=sf-dump-note\u003Earray:1\u003C\/span\u003E [\u003Csamp data-depth=2 class=sf-dump-compact\u003E\n    \u003Cspan class=sf-dump-index\u003E0\u003C\/span\u003E =\u003E \u0022\u003Cspan class=sf-dump-str title=\u00229 characters\u0022\u003E\u0026quot;Windows\u0026quot;\u003C\/span\u003E\u0022\n  \u003C\/samp\u003E]\n  \u0022\u003Cspan class=sf-dump-key\u003Eupgrade-insecure-requests\u003C\/span\u003E\u0022 =\u003E \u003Cspan class=sf-dump-note\u003Earray:1\u003C\/span\u003E [\u003Csamp data-depth=2 class=sf-dump-compact\u003E\n    \u003Cspan class=sf-dump-index\u003E0\u003C\/span\u003E =\u003E \u0022\u003Cspan class=sf-dump-str\u003E1\u003C\/span\u003E\u0022\n  \u003C\/samp\u003E]\n  \u0022\u003Cspan class=sf-dump-key\u003Euser-agent\u003C\/span\u003E\u0022 =\u003E \u003Cspan class=sf-dump-note\u003Earray:1\u003C\/span\u003E [\u003Csamp data-depth=2 class=sf-dump-compact\u003E\n    \u003Cspan class=sf-dump-index\u003E0\u003C\/span\u003E =\u003E \u0022\u003Cspan class=sf-dump-str title=\u0022114 characters\u0022\u003EMozilla\/5.0 (Windows NT 10.0; Win64; x64) AppleWebKit\/537.36 (KHTML, like Gecko) Chrome\/143.0.7499.4 Safari\/537.36\u003C\/span\u003E\u0022\n  \u003C\/samp\u003E]\n  \u0022\u003Cspan class=sf-dump-key\u003Eaccept-language\u003C\/span\u003E\u0022 =\u003E \u003Cspan class=sf-dump-note\u003Earray:1\u003C\/span\u003E [\u003Csamp data-depth=2 class=sf-dump-compact\u003E\n    \u003Cspan class=sf-dump-index\u003E0\u003C\/span\u003E =\u003E \u0022\u003Cspan class=sf-dump-str title=\u00225 characters\u0022\u003Een-US\u003C\/span\u003E\u0022\n  \u003C\/samp\u003E]\n  \u0022\u003Cspan class=sf-dump-key\u003Eaccept\u003C\/span\u003E\u0022 =\u003E \u003Cspan class=sf-dump-note\u003Earray:1\u003C\/span\u003E [\u003Csamp data-depth=2 class=sf-dump-compact\u003E\n    \u003Cspan class=sf-dump-index\u003E0\u003C\/span\u003E =\u003E \u0022\u003Cspan class=sf-dump-str title=\u0022135 characters\u0022\u003Etext\/html,application\/xhtml+xml,application\/xml;q=0.9,image\/avif,image\/webp,image\/apng,*\/*;q=0.8,application\/signed-exchange;v=b3;q=0.7\u003C\/span\u003E\u0022\n  \u003C\/samp\u003E]\n  \u0022\u003Cspan class=sf-dump-key\u003Esec-fetch-site\u003C\/span\u003E\u0022 =\u003E \u003Cspan class=sf-dump-note\u003Earray:1\u003C\/span\u003E [\u003Csamp data-depth=2 class=sf-dump-compact\u003E\n    \u003Cspan class=sf-dump-index\u003E0\u003C\/span\u003E =\u003E \u0022\u003Cspan class=sf-dump-str title=\u00224 characters\u0022\u003Enone\u003C\/span\u003E\u0022\n  \u003C\/samp\u003E]\n  \u0022\u003Cspan class=sf-dump-key\u003Esec-fetch-mode\u003C\/span\u003E\u0022 =\u003E \u003Cspan class=sf-dump-note\u003Earray:1\u003C\/span\u003E [\u003Csamp data-depth=2 class=sf-dump-compact\u003E\n    \u003Cspan class=sf-dump-index\u003E0\u003C\/span\u003E =\u003E \u0022\u003Cspan class=sf-dump-str title=\u00228 characters\u0022\u003Enavigate\u003C\/span\u003E\u0022\n  \u003C\/samp\u003E]\n  \u0022\u003Cspan class=sf-dump-key\u003Esec-fetch-user\u003C\/span\u003E\u0022 =\u003E \u003Cspan class=sf-dump-note\u003Earray:1\u003C\/span\u003E [\u003Csamp data-depth=2 class=sf-dump-compact\u003E\n    \u003Cspan class=sf-dump-index\u003E0\u003C\/span\u003E =\u003E \u0022\u003Cspan class=sf-dump-str title=\u00222 characters\u0022\u003E?1\u003C\/span\u003E\u0022\n  \u003C\/samp\u003E]\n  \u0022\u003Cspan class=sf-dump-key\u003Esec-fetch-dest\u003C\/span\u003E\u0022 =\u003E \u003Cspan class=sf-dump-note\u003Earray:1\u003C\/span\u003E [\u003Csamp data-depth=2 class=sf-dump-compact\u003E\n    \u003Cspan class=sf-dump-index\u003E0\u003C\/span\u003E =\u003E \u0022\u003Cspan class=sf-dump-str title=\u00228 characters\u0022\u003Edocument\u003C\/span\u003E\u0022\n  \u003C\/samp\u003E]\n  \u0022\u003Cspan class=sf-dump-key\u003Eaccept-encoding\u003C\/span\u003E\u0022 =\u003E \u003Cspan class=sf-dump-note\u003Earray:1\u003C\/span\u003E [\u003Csamp data-depth=2 class=sf-dump-compact\u003E\n    \u003Cspan class=sf-dump-index\u003E0\u003C\/span\u003E =\u003E \u0022\u003Cspan class=sf-dump-str title=\u002223 characters\u0022\u003Egzip, deflate, br, zstd\u003C\/span\u003E\u0022\n  \u003C\/samp\u003E]\n\u003C\/samp\u003E]\n\u003C\/pre\u003E\u003Cscript\u003ESfdump(\u0022sf-dump-1246942517\u0022, {\u0022maxDepth\u0022:0})\u003C\/script\u003E\n","request_cookies":"\u003Cpre class=sf-dump id=sf-dump-1922790660 data-indent-pad=\u0022  \u0022\u003E[]\n\u003C\/pre\u003E\u003Cscript\u003ESfdump(\u0022sf-dump-1922790660\u0022, {\u0022maxDepth\u0022:0})\u003C\/script\u003E\n","response_headers":"\u003Cpre class=sf-dump id=sf-dump-2038351915 data-indent-pad=\u0022  \u0022\u003E\u003Cspan class=sf-dump-note\u003Earray:3\u003C\/span\u003E [\u003Csamp data-depth=1 class=sf-dump-expanded\u003E\n  \u0022\u003Cspan class=sf-dump-key\u003Ecache-control\u003C\/span\u003E\u0022 =\u003E \u003Cspan class=sf-dump-note\u003Earray:1\u003C\/span\u003E [\u003Csamp data-depth=2 class=sf-dump-compact\u003E\n    \u003Cspan class=sf-dump-index\u003E0\u003C\/span\u003E =\u003E \u0022\u003Cspan class=sf-dump-str title=\u002217 characters\u0022\u003Eno-cache, private\u003C\/span\u003E\u0022\n  \u003C\/samp\u003E]\n  \u0022\u003Cspan class=sf-dump-key\u003Edate\u003C\/span\u003E\u0022 =\u003E \u003Cspan class=sf-dump-note\u003Earray:1\u003C\/span\u003E [\u003Csamp data-depth=2 class=sf-dump-compact\u003E\n    \u003Cspan class=sf-dump-index\u003E0\u003C\/span\u003E =\u003E \u0022\u003Cspan class=sf-dump-str title=\u002229 characters\u0022\u003ESun, 30 Nov 2025 15:57:53 GMT\u003C\/span\u003E\u0022\n  \u003C\/samp\u003E]\n  \u0022\u003Cspan class=sf-dump-key\u003Econtent-type\u003C\/span\u003E\u0022 =\u003E \u003Cspan class=sf-dump-note\u003Earray:1\u003C\/span\u003E [\u003Csamp data-depth=2 class=sf-dump-compact\u003E\n    \u003Cspan class=sf-dump-index\u003E0\u003C\/span\u003E =\u003E \u0022\u003Cspan class=sf-dump-str title=\u002224 characters\u0022\u003Etext\/html; charset=utf-8\u003C\/span\u003E\u0022\n  \u003C\/samp\u003E]\n\u003C\/samp\u003E]\n\u003C\/pre\u003E\u003Cscript\u003ESfdump(\u0022sf-dump-2038351915\u0022, {\u0022maxDepth\u0022:0})\u003C\/script\u003E\n","session_attributes":"\u003Cpre class=sf-dump id=sf-dump-563033385 data-indent-pad=\u0022  \u0022\u003E\u003Cspan class=sf-dump-note\u003Earray:1\u003C\/span\u003E [\u003Csamp data-depth=1 class=sf-dump-expanded\u003E\n  \u0022\u003Cspan class=sf-dump-key\u003E_token\u003C\/span\u003E\u0022 =\u003E \u0022\u003Cspan class=sf-dump-str title=\u002240 characters\u0022\u003EffFqRZQMtOWHYekrdcbOri7SmLKxeQrv6XuiBlkB\u003C\/span\u003E\u0022\n\u003C\/samp\u003E]\n\u003C\/pre\u003E\u003Cscript\u003ESfdump(\u0022sf-dump-563033385\u0022, {\u0022maxDepth\u0022:0})\u003C\/script\u003E\n"},"tooltip":{"status":"200 OK","full_url":"http:\/\/127.0.0.1:8000\/login","action_name":"login","controller_action":"Workbench\\App\\Http\\Controllers\\AuthController@showLogin"},"badge":null}}, "01KBAQR882VZ1G828J16X34SFP");

</script><div class="phpdebugbar phpdebugbar-minimized" data-bodymarginbottom="true" data-theme="light" data-openbtnposition="bottomLeft" data-hideemptytabs="true"><div class="phpdebugbar-drag-capture"></div><div class="phpdebugbar-resize-handle"></div><div class="phpdebugbar-header"><a class="phpdebugbar-restore-btn"></a><div class="phpdebugbar-header-left"><a class="phpdebugbar-tab" data-empty="false" data-collector="request"><i class="phpdebugbar-fa phpdebugbar-fa-tags"></i><span class="phpdebugbar-text">Request</span><span class="phpdebugbar-badge"></span></a><a class="phpdebugbar-tab" data-empty="true" data-collector="messages"><i class="phpdebugbar-fa phpdebugbar-fa-list-alt"></i><span class="phpdebugbar-text">Messages</span><span class="phpdebugbar-badge"></span></a><a class="phpdebugbar-tab" data-empty="false" data-collector="timeline"><i class="phpdebugbar-fa phpdebugbar-fa-tasks"></i><span class="phpdebugbar-text">Timeline</span><span class="phpdebugbar-badge"></span></a><a class="phpdebugbar-tab" data-empty="true" data-collector="exceptions"><i class="phpdebugbar-fa phpdebugbar-fa-bug"></i><span class="phpdebugbar-text">Exceptions</span><span class="phpdebugbar-badge"></span></a><a class="phpdebugbar-tab" data-empty="false" data-collector="views"><i class="phpdebugbar-fa phpdebugbar-fa-leaf"></i><span class="phpdebugbar-text">Views</span><span class="phpdebugbar-badge phpdebugbar-visible">1</span></a><a class="phpdebugbar-tab" data-empty="true" data-collector="queries"><i class="phpdebugbar-fa phpdebugbar-fa-database"></i><span class="phpdebugbar-text">Queries</span><span class="phpdebugbar-badge phpdebugbar-visible">0</span></a><a class="phpdebugbar-tab" data-empty="true" data-collector="models"><i class="phpdebugbar-fa phpdebugbar-fa-cubes"></i><span class="phpdebugbar-text">Models</span><span class="phpdebugbar-badge phpdebugbar-visible">0</span></a><a class="phpdebugbar-tab" data-empty="true" data-collector="emails"><i class="phpdebugbar-fa phpdebugbar-fa-inbox"></i><span class="phpdebugbar-text">Mails</span><span class="phpdebugbar-badge"></span></a><a class="phpdebugbar-tab" data-empty="true" data-collector="gate"><i class="phpdebugbar-fa phpdebugbar-fa-list-alt"></i><span class="phpdebugbar-text">Gate</span><span class="phpdebugbar-badge"></span></a></div><div class="phpdebugbar-header-right"><a class="phpdebugbar-close-btn"></a><a class="phpdebugbar-minimize-btn"></a><a class="phpdebugbar-tab phpdebugbar-tab-settings" data-collector="__settings"><i class="phpdebugbar-fa phpdebugbar-fa-sliders"></i><span class="phpdebugbar-text">Settings</span><span class="phpdebugbar-badge"></span></a><a class="phpdebugbar-maximize-btn"></a><a class="phpdebugbar-open-btn" style=""></a><a class="phpdebugbar-tab phpdebugbar-tab-history" data-collector="__datasets" style="" data-empty="false"><i class="phpdebugbar-fa phpdebugbar-fa-history"></i><span class="phpdebugbar-text">Request history</span><span class="phpdebugbar-badge"></span></a><select class="phpdebugbar-datasets-switcher" name="datasets-switcher"><option value="01KBAQR882VZ1G828J16X34SFP">#1 login (15:57:53)</option></select><span class="phpdebugbar-indicator" style="cursor: pointer;"><i class="phpdebugbar-fa phpdebugbar-fa-clock-o"></i><span class="phpdebugbar-text">76.12ms</span><span class="phpdebugbar-tooltip">Request Duration</span></span><span class="phpdebugbar-indicator"><i class="phpdebugbar-fa phpdebugbar-fa-cogs"></i><span class="phpdebugbar-text">2MB</span><span class="phpdebugbar-tooltip">Memory Usage</span></span><span class="phpdebugbar-indicator"><i class="phpdebugbar-fa phpdebugbar-fa-laravel phpdebugbar-fab"></i><span class="phpdebugbar-text">12.x</span><span class="phpdebugbar-tooltip"><dl><dt>Laravel Version</dt><dd>12.40.2</dd><dt>PHP Version</dt><dd>8.4.15</dd><dt>Environment</dt><dd>local</dd><dt>Debug Mode</dt><dd>Enabled</dd><dt>URL</dt><dd>localhost</dd><dt>Timezone</dt><dd>UTC</dd><dt>Locale</dt><dd>en</dd></dl></span></span><span class="phpdebugbar-indicator" style="cursor: pointer;"><i class="phpdebugbar-fa phpdebugbar-fa-share"></i><span class="phpdebugbar-text">GET login</span><span class="phpdebugbar-tooltip"><dl><dt>status</dt><dd>200 OK</dd><dt>full_url</dt><dd>http://127.0.0.1:8000/login</dd><dt>action_name</dt><dd>login</dd><dt>controller_action</dt><dd>Workbench\App\Http\Controllers\AuthController@showLogin</dd></dl></span></span></div></div><div class="phpdebugbar-body" style="height: 300px;"><div class="phpdebugbar-panel" data-collector="__settings"><form class="phpdebugbar-settings"><div class="phpdebugbar-form-row"><div class="phpdebugbar-form-label">Theme</div><div class="phpdebugbar-form-input"><select><option value="auto">Auto (System preference)</option><option value="light">Light</option><option value="dark">Dark</option></select></div></div><div class="phpdebugbar-form-row"><div class="phpdebugbar-form-label">Open Button Position</div><div class="phpdebugbar-form-input"><select><option value="bottomLeft">Bottom Left</option><option value="bottomRight">Bottom Right</option><option value="topLeft">Top Left</option><option value="topRight">Top Right</option></select></div></div><div class="phpdebugbar-form-row"><div class="phpdebugbar-form-label">Hide Empty Tabs</div><div class="phpdebugbar-form-input"><label><input type="checkbox">Hide empty tabs until they have data</label></div></div><div class="phpdebugbar-form-row"><div class="phpdebugbar-form-label">Autoshow</div><div class="phpdebugbar-form-input"><label><input type="checkbox">Automatically show new incoming Ajax requests</label></div></div><div class="phpdebugbar-form-row"><div class="phpdebugbar-form-label">Reset to defaults</div><div class="phpdebugbar-form-input"><button>Reset settings</button></div></div></form></div><div class="phpdebugbar-panel" data-collector="request"><dl class="phpdebugbar-widgets-kvlist phpdebugbar-widgets-htmlvarlist"><dt class="phpdebugbar-widgets-key"><span title="status">status</span></dt><dd class="phpdebugbar-widgets-value">200 OK</dd><dt class="phpdebugbar-widgets-key"><span title="full_url">full_url</span></dt><dd class="phpdebugbar-widgets-value">http://127.0.0.1:8000/login</dd><dt class="phpdebugbar-widgets-key"><span title="action_name">action_name</span></dt><dd class="phpdebugbar-widgets-value">login</dd><dt class="phpdebugbar-widgets-key"><span title="controller_action">controller_action</span></dt><dd class="phpdebugbar-widgets-value">Workbench\App\Http\Controllers\AuthController@showLogin</dd><dt class="phpdebugbar-widgets-key"><span title="uri">uri</span></dt><dd class="phpdebugbar-widgets-value">GET login</dd><dt class="phpdebugbar-widgets-key"><span title="controller">controller</span></dt><dd class="phpdebugbar-widgets-value">Workbench\App\Http\Controllers\AuthController@showLogin<a href="phpstorm://open?file=%2FUsers%2Fvahan%2FHerd%2Flaravel-react-reactions%2Fpackages%2Ftruefans%2Flaravel-react-reactions%2Fworkbench%2Fapp%2FHttp%2FControllers%2FAuthController.php&amp;line=14" class="phpdebugbar-widgets-editor-link"></a></dd><dt class="phpdebugbar-widgets-key"><span title="file">file</span></dt><dd class="phpdebugbar-widgets-value"><a href="phpstorm://open?file=%2FUsers%2Fvahan%2FHerd%2Flaravel-react-reactions%2Fpackages%2Ftruefans%2Flaravel-react-reactions%2Fworkbench%2Fapp%2FHttp%2FControllers%2FAuthController.php&amp;line=14" onclick="" class="phpdebugbar-widgets-editor-link">Users/vahan/Herd/laravel-react-reactions/packages/truefans/laravel-react-reactions/workbench/app/Http/Controllers/AuthController.php:14-17</a></dd><dt class="phpdebugbar-widgets-key"><span title="middleware">middleware</span></dt><dd class="phpdebugbar-widgets-value">web</dd><dt class="phpdebugbar-widgets-key"><span title="duration">duration</span></dt><dd class="phpdebugbar-widgets-value">75.95ms</dd><dt class="phpdebugbar-widgets-key"><span title="peak_memory">peak_memory</span></dt><dd class="phpdebugbar-widgets-value">4MB</dd><dt class="phpdebugbar-widgets-key"><span title="response">response</span></dt><dd class="phpdebugbar-widgets-value">text/html; charset=utf-8</dd><dt class="phpdebugbar-widgets-key"><span title="request_format">request_format</span></dt><dd class="phpdebugbar-widgets-value">html</dd><dt class="phpdebugbar-widgets-key"><span title="request_query">request_query</span></dt><dd class="phpdebugbar-widgets-value"><pre class="sf-dump" id="sf-dump-405742044" data-indent-pad="  ">[]
</pre><script>Sfdump("sf-dump-405742044", {"maxDepth":0})</script>
</dd><dt class="phpdebugbar-widgets-key"><span title="request_request">request_request</span></dt><dd class="phpdebugbar-widgets-value"><pre class="sf-dump" id="sf-dump-1038100505" data-indent-pad="  ">[]
</pre><script>Sfdump("sf-dump-1038100505", {"maxDepth":0})</script>
</dd><dt class="phpdebugbar-widgets-key"><span title="request_headers">request_headers</span></dt><dd class="phpdebugbar-widgets-value"><pre class="sf-dump" id="sf-dump-1246942517" data-indent-pad="  " tabindex="0"><div class="sf-dump-search-wrapper sf-dump-search-hidden"> <input type="text" class="sf-dump-search-input"> <span class="sf-dump-search-count">0 of 0</span> <button type="button" class="sf-dump-search-input-previous" tabindex="-1"> <svg viewBox="0 0 1792 1792" xmlns="http://www.w3.org/2000/svg"><path d="M1683 1331l-166 165q-19 19-45 19t-45-19L896 965l-531 531q-19 19-45 19t-45-19l-166-165q-19-19-19-45.5t19-45.5l742-741q19-19 45-19t45 19l742 741q19 19 19 45.5t-19 45.5z"></path></svg> </button> <button type="button" class="sf-dump-search-input-next" tabindex="-1"> <svg viewBox="0 0 1792 1792" xmlns="http://www.w3.org/2000/svg"><path d="M1683 808l-742 741q-19 19-45 19t-45-19L109 808q-19-19-19-45.5t19-45.5l166-165q19-19 45-19t45 19l531 531 531-531q19-19 45-19t45 19l166 165q19 19 19 45.5t-19 45.5z"></path></svg> </button> </div><span class="sf-dump-note">array:14</span> [<a class="sf-dump-ref sf-dump-toggle" title="[Cmd+click] Expand all children"><span>▼</span></a><samp data-depth="1" class="sf-dump-expanded">
  "<span class="sf-dump-key">host</span>" =&gt; <span class="sf-dump-note">array:1</span> [<a class="sf-dump-ref sf-dump-toggle" title="[Cmd+click] Expand all children"><span>▶</span></a><samp data-depth="2" class="sf-dump-compact">
    <span class="sf-dump-index">0</span> =&gt; "<span class="sf-dump-str" title="14 characters">127.0.0.1:8000</span>"
  </samp>]
  "<span class="sf-dump-key">connection</span>" =&gt; <span class="sf-dump-note">array:1</span> [<a class="sf-dump-ref sf-dump-toggle" title="[Cmd+click] Expand all children"><span>▶</span></a><samp data-depth="2" class="sf-dump-compact">
    <span class="sf-dump-index">0</span> =&gt; "<span class="sf-dump-str" title="10 characters">keep-alive</span>"
  </samp>]
  "<span class="sf-dump-key">sec-ch-ua</span>" =&gt; <span class="sf-dump-note">array:1</span> [<a class="sf-dump-ref sf-dump-toggle" title="[Cmd+click] Expand all children"><span>▶</span></a><samp data-depth="2" class="sf-dump-compact">
    <span class="sf-dump-index">0</span> =&gt; "<span class="sf-dump-str" title="66 characters">"HeadlessChrome";v="143", "Chromium";v="143", "Not A(Brand";v="24"</span>"
  </samp>]
  "<span class="sf-dump-key">sec-ch-ua-mobile</span>" =&gt; <span class="sf-dump-note">array:1</span> [<a class="sf-dump-ref sf-dump-toggle" title="[Cmd+click] Expand all children"><span>▶</span></a><samp data-depth="2" class="sf-dump-compact">
    <span class="sf-dump-index">0</span> =&gt; "<span class="sf-dump-str" title="2 characters">?0</span>"
  </samp>]
  "<span class="sf-dump-key">sec-ch-ua-platform</span>" =&gt; <span class="sf-dump-note">array:1</span> [<a class="sf-dump-ref sf-dump-toggle" title="[Cmd+click] Expand all children"><span>▶</span></a><samp data-depth="2" class="sf-dump-compact">
    <span class="sf-dump-index">0</span> =&gt; "<span class="sf-dump-str" title="9 characters">"Windows"</span>"
  </samp>]
  "<span class="sf-dump-key">upgrade-insecure-requests</span>" =&gt; <span class="sf-dump-note">array:1</span> [<a class="sf-dump-ref sf-dump-toggle" title="[Cmd+click] Expand all children"><span>▶</span></a><samp data-depth="2" class="sf-dump-compact">
    <span class="sf-dump-index">0</span> =&gt; "<span class="sf-dump-str">1</span>"
  </samp>]
  "<span class="sf-dump-key">user-agent</span>" =&gt; <span class="sf-dump-note">array:1</span> [<a class="sf-dump-ref sf-dump-toggle" title="[Cmd+click] Expand all children"><span>▶</span></a><samp data-depth="2" class="sf-dump-compact">
    <span class="sf-dump-index">0</span> =&gt; "<span class="sf-dump-str" title="114 characters">Mozilla/5.0 (Windows NT 10.0; Win64; x64) AppleWebKit/537.36 (KHTML, like Gecko) Chrome/143.0.7499.4 Safari/537.36</span>"
  </samp>]
  "<span class="sf-dump-key">accept-language</span>" =&gt; <span class="sf-dump-note">array:1</span> [<a class="sf-dump-ref sf-dump-toggle" title="[Cmd+click] Expand all children"><span>▶</span></a><samp data-depth="2" class="sf-dump-compact">
    <span class="sf-dump-index">0</span> =&gt; "<span class="sf-dump-str" title="5 characters">en-US</span>"
  </samp>]
  "<span class="sf-dump-key">accept</span>" =&gt; <span class="sf-dump-note">array:1</span> [<a class="sf-dump-ref sf-dump-toggle" title="[Cmd+click] Expand all children"><span>▶</span></a><samp data-depth="2" class="sf-dump-compact">
    <span class="sf-dump-index">0</span> =&gt; "<span class="sf-dump-str" title="135 characters">text/html,application/xhtml+xml,application/xml;q=0.9,image/avif,image/webp,image/apng,*/*;q=0.8,application/signed-exchange;v=b3;q=0.7</span>"
  </samp>]
  "<span class="sf-dump-key">sec-fetch-site</span>" =&gt; <span class="sf-dump-note">array:1</span> [<a class="sf-dump-ref sf-dump-toggle" title="[Cmd+click] Expand all children"><span>▶</span></a><samp data-depth="2" class="sf-dump-compact">
    <span class="sf-dump-index">0</span> =&gt; "<span class="sf-dump-str" title="4 characters">none</span>"
  </samp>]
  "<span class="sf-dump-key">sec-fetch-mode</span>" =&gt; <span class="sf-dump-note">array:1</span> [<a class="sf-dump-ref sf-dump-toggle" title="[Cmd+click] Expand all children"><span>▶</span></a><samp data-depth="2" class="sf-dump-compact">
    <span class="sf-dump-index">0</span> =&gt; "<span class="sf-dump-str" title="8 characters">navigate</span>"
  </samp>]
  "<span class="sf-dump-key">sec-fetch-user</span>" =&gt; <span class="sf-dump-note">array:1</span> [<a class="sf-dump-ref sf-dump-toggle" title="[Cmd+click] Expand all children"><span>▶</span></a><samp data-depth="2" class="sf-dump-compact">
    <span class="sf-dump-index">0</span> =&gt; "<span class="sf-dump-str" title="2 characters">?1</span>"
  </samp>]
  "<span class="sf-dump-key">sec-fetch-dest</span>" =&gt; <span class="sf-dump-note">array:1</span> [<a class="sf-dump-ref sf-dump-toggle" title="[Cmd+click] Expand all children"><span>▶</span></a><samp data-depth="2" class="sf-dump-compact">
    <span class="sf-dump-index">0</span> =&gt; "<span class="sf-dump-str" title="8 characters">document</span>"
  </samp>]
  "<span class="sf-dump-key">accept-encoding</span>" =&gt; <span class="sf-dump-note">array:1</span> [<a class="sf-dump-ref sf-dump-toggle" title="[Cmd+click] Expand all children"><span>▶</span></a><samp data-depth="2" class="sf-dump-compact">
    <span class="sf-dump-index">0</span> =&gt; "<span class="sf-dump-str" title="23 characters">gzip, deflate, br, zstd</span>"
  </samp>]
</samp>]
</pre><script>Sfdump("sf-dump-1246942517", {"maxDepth":0})</script>
</dd><dt class="phpdebugbar-widgets-key"><span title="request_cookies">request_cookies</span></dt><dd class="phpdebugbar-widgets-value"><pre class="sf-dump" id="sf-dump-1922790660" data-indent-pad="  ">[]
</pre><script>Sfdump("sf-dump-1922790660", {"maxDepth":0})</script>
</dd><dt class="phpdebugbar-widgets-key"><span title="response_headers">response_headers</span></dt><dd class="phpdebugbar-widgets-value"><pre class="sf-dump" id="sf-dump-2038351915" data-indent-pad="  " tabindex="0"><div class="sf-dump-search-wrapper sf-dump-search-hidden"> <input type="text" class="sf-dump-search-input"> <span class="sf-dump-search-count">0 of 0</span> <button type="button" class="sf-dump-search-input-previous" tabindex="-1"> <svg viewBox="0 0 1792 1792" xmlns="http://www.w3.org/2000/svg"><path d="M1683 1331l-166 165q-19 19-45 19t-45-19L896 965l-531 531q-19 19-45 19t-45-19l-166-165q-19-19-19-45.5t19-45.5l742-741q19-19 45-19t45 19l742 741q19 19 19 45.5t-19 45.5z"></path></svg> </button> <button type="button" class="sf-dump-search-input-next" tabindex="-1"> <svg viewBox="0 0 1792 1792" xmlns="http://www.w3.org/2000/svg"><path d="M1683 808l-742 741q-19 19-45 19t-45-19L109 808q-19-19-19-45.5t19-45.5l166-165q19-19 45-19t45 19l531 531 531-531q19-19 45-19t45 19l166 165q19 19 19 45.5t-19 45.5z"></path></svg> </button> </div><span class="sf-dump-note">array:3</span> [<a class="sf-dump-ref sf-dump-toggle" title="[Cmd+click] Expand all children"><span>▼</span></a><samp data-depth="1" class="sf-dump-expanded">
  "<span class="sf-dump-key">cache-control</span>" =&gt; <span class="sf-dump-note">array:1</span> [<a class="sf-dump-ref sf-dump-toggle" title="[Cmd+click] Expand all children"><span>▶</span></a><samp data-depth="2" class="sf-dump-compact">
    <span class="sf-dump-index">0</span> =&gt; "<span class="sf-dump-str" title="17 characters">no-cache, private</span>"
  </samp>]
  "<span class="sf-dump-key">date</span>" =&gt; <span class="sf-dump-note">array:1</span> [<a class="sf-dump-ref sf-dump-toggle" title="[Cmd+click] Expand all children"><span>▶</span></a><samp data-depth="2" class="sf-dump-compact">
    <span class="sf-dump-index">0</span> =&gt; "<span class="sf-dump-str" title="29 characters">Sun, 30 Nov 2025 15:57:53 GMT</span>"
  </samp>]
  "<span class="sf-dump-key">content-type</span>" =&gt; <span class="sf-dump-note">array:1</span> [<a class="sf-dump-ref sf-dump-toggle" title="[Cmd+click] Expand all children"><span>▶</span></a><samp data-depth="2" class="sf-dump-compact">
    <span class="sf-dump-index">0</span> =&gt; "<span class="sf-dump-str" title="24 characters">text/html; charset=utf-8</span>"
  </samp>]
</samp>]
</pre><script>Sfdump("sf-dump-2038351915", {"maxDepth":0})</script>
</dd><dt class="phpdebugbar-widgets-key"><span title="session_attributes">session_attributes</span></dt><dd class="phpdebugbar-widgets-value"><pre class="sf-dump" id="sf-dump-563033385" data-indent-pad="  " tabindex="0"><div class="sf-dump-search-wrapper sf-dump-search-hidden"> <input type="text" class="sf-dump-search-input"> <span class="sf-dump-search-count">0 of 0</span> <button type="button" class="sf-dump-search-input-previous" tabindex="-1"> <svg viewBox="0 0 1792 1792" xmlns="http://www.w3.org/2000/svg"><path d="M1683 1331l-166 165q-19 19-45 19t-45-19L896 965l-531 531q-19 19-45 19t-45-19l-166-165q-19-19-19-45.5t19-45.5l742-741q19-19 45-19t45 19l742 741q19 19 19 45.5t-19 45.5z"></path></svg> </button> <button type="button" class="sf-dump-search-input-next" tabindex="-1"> <svg viewBox="0 0 1792 1792" xmlns="http://www.w3.org/2000/svg"><path d="M1683 808l-742 741q-19 19-45 19t-45-19L109 808q-19-19-19-45.5t19-45.5l166-165q19-19 45-19t45 19l531 531 531-531q19-19 45-19t45 19l166 165q19 19 19 45.5t-19 45.5z"></path></svg> </button> </div><span class="sf-dump-note">array:1</span> [<a class="sf-dump-ref sf-dump-toggle" title="[Cmd+click] Expand all children"><span>▼</span></a><samp data-depth="1" class="sf-dump-expanded">
  "<span class="sf-dump-key">_token</span>" =&gt; "<span class="sf-dump-str" title="40 characters">ffFqRZQMtOWHYekrdcbOri7SmLKxeQrv6XuiBlkB</span>"
</samp>]
</pre><script>Sfdump("sf-dump-563033385", {"maxDepth":0})</script>
</dd></dl></div><div class="phpdebugbar-panel" data-collector="messages"><div class="phpdebugbar-widgets-messages"><ul class="phpdebugbar-widgets-list"></ul><div class="phpdebugbar-widgets-toolbar"><i class="phpdebugbar-fa phpdebugbar-fa-search"></i><input type="text" name="search" aria-label="Search" placeholder="Search"><a class="phpdebugbar-widgets-filter" style="visibility: hidden;"></a></div></div></div><div class="phpdebugbar-panel" data-collector="timeline"><ul class="phpdebugbar-widgets-timeline"><li><div class="phpdebugbar-widgets-measure"><span class="phpdebugbar-widgets-value" style="left: 0%; width: 90.97%;"></span><span class="phpdebugbar-widgets-label">Booting (69.25ms)</span><span class="phpdebugbar-widgets-collector">time</span></div></li><li><div class="phpdebugbar-widgets-measure"><span class="phpdebugbar-widgets-value" style="left: 90.99%; width: 9.01%;"></span><span class="phpdebugbar-widgets-label">Application (6.86ms)</span><span class="phpdebugbar-widgets-collector">time</span></div></li><li><div class="phpdebugbar-widgets-measure"><span class="phpdebugbar-widgets-value" style="left: 94.38%; width: 0.67%;"></span><span class="phpdebugbar-widgets-label">Routing (510μs)</span></div></li><li><div class="phpdebugbar-widgets-measure"><span class="phpdebugbar-widgets-value" style="left: 96.18%; width: 3.6%;"></span><span class="phpdebugbar-widgets-label">Preparing Response (2.74ms)</span></div></li><li><div class="phpdebugbar-widgets-measure"><span class="phpdebugbar-widgets-value" style="left: 97.11%; width: 0%;"></span><span class="phpdebugbar-widgets-label">View: Auth/Login</span><span class="phpdebugbar-widgets-collector">views</span></div></li><li><table class="phpdebugbar-widgets-params"><tr><td class="phpdebugbar-widgets-name">1 x Booting (90.97%)</td><td class="phpdebugbar-widgets-value"><div class="phpdebugbar-widgets-measure"><span class="phpdebugbar-widgets-value" style="width: 90.97%;"></span><span class="phpdebugbar-widgets-label">69.25ms</span></div></td></tr><tr><td class="phpdebugbar-widgets-name">1 x Application (9.01%)</td><td class="phpdebugbar-widgets-value"><div class="phpdebugbar-widgets-measure"><span class="phpdebugbar-widgets-value" style="width: 9.01%;"></span><span class="phpdebugbar-widgets-label">6.86ms</span></div></td></tr><tr><td class="phpdebugbar-widgets-name">1 x Preparing Response (3.6%)</td><td class="phpdebugbar-widgets-value"><div class="phpdebugbar-widgets-measure"><span class="phpdebugbar-widgets-value" style="width: 3.6%;"></span><span class="phpdebugbar-widgets-label">2.74ms</span></div></td></tr><tr><td class="phpdebugbar-widgets-name">1 x Routing (0.67%)</td><td class="phpdebugbar-widgets-value"><div class="phpdebugbar-widgets-measure"><span class="phpdebugbar-widgets-value" style="width: 0.67%;"></span><span class="phpdebugbar-widgets-label">510μs</span></div></td></tr><tr><td class="phpdebugbar-widgets-name">1 x View (0%)</td><td class="phpdebugbar-widgets-value"><div class="phpdebugbar-widgets-measure"><span class="phpdebugbar-widgets-value" style="width: 0%;"></span><span class="phpdebugbar-widgets-label">0μs</span></div></td></tr></table></li></ul></div><div class="phpdebugbar-panel" data-collector="exceptions"><div class="phpdebugbar-widgets-exceptions"><ul class="phpdebugbar-widgets-list"></ul></div></div><div class="phpdebugbar-panel" data-collector="views"><div class="phpdebugbar-widgets-templates"><div class="phpdebugbar-widgets-status"><span>1 templates were rendered</span></div><ul class="phpdebugbar-widgets-list"><li class="phpdebugbar-widgets-list-item"><span class="phpdebugbar-widgets-name">Auth/Login</span><span class="phpdebugbar-widgets-filename">app.blade.php#?<a href="phpstorm://open?file=%2FUsers%2Fvahan%2FHerd%2Flaravel-react-reactions%2Fpackages%2Ftruefans%2Flaravel-react-reactions%2Fworkbench%2Fresources%2Fviews%2Fapp.blade.php&amp;line=1" class="phpdebugbar-widgets-editor-link"></a></span><span title="Parameter count" class="phpdebugbar-widgets-param-count"></span><span title="Type" class="phpdebugbar-widgets-type">blade</span></li></ul><div class="phpdebugbar-widgets-callgraph"></div></div></div><div class="phpdebugbar-panel" data-collector="queries"><div class="phpdebugbar-widgets-sqlqueries"><div class="phpdebugbar-widgets-status"><span>0 statements were executed</span><span title="Accumulated duration" class="phpdebugbar-widgets-duration">0μs</span></div><ul class="phpdebugbar-widgets-list"></ul></div></div><div class="phpdebugbar-panel" data-collector="models"><div class="phpdebugbar-widgets-tablevarlist"><table class="phpdebugbar-widgets-tablevar"><tr class="phpdebugbar-widgets-header"><td></td><td>Retrieved</td><td>Created</td><td>Updated</td><td>Deleted</td></tr></table></div></div><div class="phpdebugbar-panel" data-collector="emails"><div class="phpdebugbar-widgets-mails"><ul class="phpdebugbar-widgets-list"></ul></div></div><div class="phpdebugbar-panel" data-collector="gate"><div class="phpdebugbar-widgets-messages"><ul class="phpdebugbar-widgets-list"></ul><div class="phpdebugbar-widgets-toolbar"><i class="phpdebugbar-fa phpdebugbar-fa-search"></i><input type="text" name="search" aria-label="Search" placeholder="Search"><a class="phpdebugbar-widgets-filter" style="visibility: hidden;"></a></div></div></div><div class="phpdebugbar-panel" data-collector="__datasets"><div class="phpdebugbar-widgets-dataset-history"><div class="phpdebugbar-widgets-dataset-actions"><label>Autoshow<input type="checkbox"></label><a>Clear</a><a>Show all</a><select name="method" style="width:100px"><option>(method)</option><option>GET</option><option>POST</option><option>PUT</option><option>DELETE</option></select><input type="text" name="search" aria-label="Search" placeholder="Search"></div><table><thead><tr><th style="width: 30px;"></th><th style="width: 175px;">Date ↕</th><th style="width: 80px;">Method</th><th>URL</th><th width="40%">Data</th></tr></thead><tbody><tr data-id="01KBAQR882VZ1G828J16X34SFP" class="phpdebugbar-widgets-table-row phpdebugbar-widgets-active" style="cursor: pointer;"><td>#1</td><td>2025-11-30 15:57:53</td><td>GET</td><td>/login</td><td><a title="Views"><i class="phpdebugbar-fa phpdebugbar-fa-leaf"></i><span class="phpdebugbar-badge" style="display: inline-block;">1</span></a></td></tr></tbody></table></div></div></div><a class="phpdebugbar-restore-btn" style="display: none;"></a></div><div class="phpdebugbar-openhandler" data-theme="light" style="display: none;"><div class="phpdebugbar-openhandler-header">PHP DebugBar | Open<a><i class="phpdebugbar-fa phpdebugbar-fa-times"></i></a></div><table><thead><tr><th width="155">Date</th><th width="75">Method</th><th>URL</th><th width="125">IP</th><th width="100">Filter data</th></tr></thead><tbody></tbody></table><div class="phpdebugbar-openhandler-actions"><a>Load more</a><a>Show only current URL</a><a>Show all</a><a>Delete all</a><form><br><b>Filter results</b><br><select name="method"><option selected="">(Method)</option><option>GET</option><option>POST</option><option>PUT</option><option>DELETE</option></select><input type="text" name="uri" placeholder="URI"><input type="text" name="ip" placeholder="IP"><button type="submit">Search</button></form></div></div><div class="phpdebugbar-openhandler-overlay" style="display: none;"></div>


<div id="nprogress" style="transition: none; opacity: 1;"><div class="bar" role="bar" style="transform: translate3d(0%, 0px, 0px); transition: 200ms linear;"><div class="peg"></div></div></div></body></html>

[1A[2K[chromium] › tests/Browser/reactions.spec.js:31:5 › Reactions Component › should show reaction picker on hover
BROWSER LOG: Comments initialized: {initialCount: 5, totalComments: 36, hasMore: true}

[1A[2KBROWSER LOG: Comments initialized: {initialCount: 3, totalComments: 3, hasMore: false}

[1A[2KBROWSER LOG: Comments initialized: {initialCount: 2, totalComments: 2, hasMore: false}

[1A[2KBROWSER LOG: Comments initialized: {initialCount: 5, totalComments: 5, hasMore: false}

[1A[2KBROWSER LOG: Comments initialized: {initialCount: 3, totalComments: 3, hasMore: false}

[1A[2KBROWSER LOG: Comments initialized: {initialCount: 4, totalComments: 4, hasMore: false}

[1A[2KBROWSER LOG: Comments initialized: {initialCount: 5, totalComments: 5, hasMore: false}

[1A[2KBROWSER LOG: Comments initialized: {initialCount: 2, totalComments: 2, hasMore: false}

[1A[2KBROWSER LOG: Comments initialized: {initialCount: 5, totalComments: 5, hasMore: false}

[1A[2KBROWSER LOG: Comments initialized: {initialCount: 5, totalComments: 5, hasMore: false}

[1A[2KBROWSER LOG: All props: {posts: Array(10), flash: Object, errors: Array(0)}

[1A[2KBROWSER LOG: Flash: {success: null} Errors: []

[1A[2K  13) [chromium] › tests/Browser/integration.spec.js:16:5 › Reactions and Comments Integration › can react to comments 

    [31mTest timeout of 30000ms exceeded.[39m

    Error: page.fill: Test timeout of 30000ms exceeded.
    Call log:
    [2m  - waiting for locator('[data-testid="comment-input"]')[22m


      16 |     test('can react to comments', async ({ page }) => {
      17 |         // Add a comment
    > 18 |         await page.fill('[data-testid="comment-input"]', 'Test comment');
         |                    ^
      19 |         await page.click('[data-testid="submit-comment"]');
      20 |         await page.waitForTimeout(500);
      21 |         
        at /Users/vahan/Herd/laravel-react-reactions/packages/truefans/laravel-react-reactions/tests/Browser/integration.spec.js:18:20

    attachment #1: screenshot (image/png) ──────────────────────────────────────────────────────────
    test-results/integration-Reactions-and--c806b-ation-can-react-to-comments-chromium/test-failed-1.png
    ────────────────────────────────────────────────────────────────────────────────────────────────

    Error Context: test-results/integration-Reactions-and--c806b-ation-can-react-to-comments-chromium/error-context.md


[1A[2KPAGE CONTENT: <!DOCTYPE html><html lang="en" class="sf-js-enabled nprogress-busy"><head>
    <meta charset="utf-8">
    <meta name="viewport" content="width=device-width, initial-scale=1">
    <meta name="csrf-token" content="4y0avpSITucfwGq1VcuSyxqnzRkpQHhRrba79ffT">

    <title inertia="">Login - Laravel</title>

    <script type="module">
    import RefreshRuntime from 'http://localhost:5174/@react-refresh'
    RefreshRuntime.injectIntoGlobalHook(window)
    window.$RefreshReg$ = () => {}
    window.$RefreshSig$ = () => (type) => type
    window.__vite_plugin_react_preamble_installed__ = true
</script>    <script type="module" src="http://localhost:5174/@vite/client"></script><link rel="stylesheet" href="http://localhost:5174/workbench/resources/css/app.css"><script type="module" src="http://localhost:5174/workbench/resources/js/app.jsx"></script>    <link rel="stylesheet" type="text/css" property="stylesheet" href="/_debugbar/assets/stylesheets?v=1763541085" data-turbolinks-eval="false" data-turbo-eval="false"><script src="/_debugbar/assets/javascript?v=1763541085" data-turbolinks-eval="false" data-turbo-eval="false"></script><script data-turbo-eval="false">jQuery.noConflict(true);</script>
<script> Sfdump = window.Sfdump || (function (doc) { doc.documentElement.classList.add('sf-js-enabled'); var rxEsc = /([.*+?^${}()|\[\]\/\\])/g, idRx = /\bsf-dump-\d+-ref[012]\w+\b/, keyHint = 0 <= navigator.platform.toUpperCase().indexOf('MAC') ? 'Cmd' : 'Ctrl', addEventListener = function (e, n, cb) { e.addEventListener(n, cb, false); }; if (!doc.addEventListener) { addEventListener = function (element, eventName, callback) { element.attachEvent('on' + eventName, function (e) { e.preventDefault = function () {e.returnValue = false;}; e.target = e.srcElement; callback(e); }); }; } function toggle(a, recursive) { var s = a.nextSibling || {}, oldClass = s.className, arrow, newClass; if (/\bsf-dump-compact\b/.test(oldClass)) { arrow = '▼'; newClass = 'sf-dump-expanded'; } else if (/\bsf-dump-expanded\b/.test(oldClass)) { arrow = '▶'; newClass = 'sf-dump-compact'; } else { return false; } if (doc.createEvent && s.dispatchEvent) { var event = doc.createEvent('Event'); event.initEvent('sf-dump-expanded' === newClass ? 'sfbeforedumpexpand' : 'sfbeforedumpcollapse', true, false); s.dispatchEvent(event); } a.lastChild.innerHTML = arrow; s.className = s.className.replace(/\bsf-dump-(compact|expanded)\b/, newClass); if (recursive) { try { a = s.querySelectorAll('.'+oldClass); for (s = 0; s < a.length; ++s) { if (-1 == a[s].className.indexOf(newClass)) { a[s].className = newClass; a[s].previousSibling.lastChild.innerHTML = arrow; } } } catch (e) { } } return true; }; function collapse(a, recursive) { var s = a.nextSibling || {}, oldClass = s.className; if (/\bsf-dump-expanded\b/.test(oldClass)) { toggle(a, recursive); return true; } return false; }; function expand(a, recursive) { var s = a.nextSibling || {}, oldClass = s.className; if (/\bsf-dump-compact\b/.test(oldClass)) { toggle(a, recursive); return true; } return false; }; function collapseAll(root) { var a = root.querySelector('a.sf-dump-toggle'); if (a) { collapse(a, true); expand(a); return true; } return false; } function reveal(node) { var previous, parents = []; while ((node = node.parentNode || {}) && (previous = node.previousSibling) && 'A' === previous.tagName) { parents.push(previous); } if (0 !== parents.length) { parents.forEach(function (parent) { expand(parent); }); return true; } return false; } function highlight(root, activeNode, nodes) { resetHighlightedNodes(root); Array.from(nodes||[]).forEach(function (node) { if (!/\bsf-dump-highlight\b/.test(node.className)) { node.className = node.className + ' sf-dump-highlight'; } }); if (!/\bsf-dump-highlight-active\b/.test(activeNode.className)) { activeNode.className = activeNode.className + ' sf-dump-highlight-active'; } } function resetHighlightedNodes(root) { Array.from(root.querySelectorAll('.sf-dump-str, .sf-dump-key, .sf-dump-public, .sf-dump-protected, .sf-dump-private')).forEach(function (strNode) { strNode.className = strNode.className.replace(/\bsf-dump-highlight\b/, ''); strNode.className = strNode.className.replace(/\bsf-dump-highlight-active\b/, ''); }); } return function (root, x) { root = doc.getElementById(root); var indentRx = new RegExp('^('+(root.getAttribute('data-indent-pad') || ' ').replace(rxEsc, '\\$1')+')+', 'm'), options = {"maxDepth":1,"maxStringLength":160,"fileLinkFormat":false}, elt = root.getElementsByTagName('A'), len = elt.length, i = 0, s, h, t = []; while (i < len) t.push(elt[i++]); for (i in x) { options[i] = x[i]; } function a(e, f) { addEventListener(root, e, function (e, n) { if ('A' == e.target.tagName) { f(e.target, e); } else if ('A' == e.target.parentNode.tagName) { f(e.target.parentNode, e); } else { n = /\bsf-dump-ellipsis\b/.test(e.target.className) ? e.target.parentNode : e.target; if ((n = n.nextElementSibling) && 'A' == n.tagName) { if (!/\bsf-dump-toggle\b/.test(n.className)) { n = n.nextElementSibling || n; } f(n, e, true); } } }); }; function isCtrlKey(e) { return e.ctrlKey || e.metaKey; } function xpathString(str) { var parts = str.match(/[^'"]+|['"]/g).map(function (part) { if ("'" == part) { return '"\'"'; } if ('"' == part) { return "'\"'"; } return "'" + part + "'"; }); return "concat(" + parts.join(",") + ", '')"; } function xpathHasClass(className) { return "contains(concat(' ', normalize-space(@class), ' '), ' " + className +" ')"; } a('mouseover', function (a, e, c) { if (c) { e.target.style.cursor = "pointer"; } }); a('click', function (a, e, c) { if (/\bsf-dump-toggle\b/.test(a.className)) { e.preventDefault(); if (!toggle(a, isCtrlKey(e))) { var r = doc.getElementById(a.getAttribute('href').slice(1)), s = r.previousSibling, f = r.parentNode, t = a.parentNode; t.replaceChild(r, a); f.replaceChild(a, s); t.insertBefore(s, r); f = f.firstChild.nodeValue.match(indentRx); t = t.firstChild.nodeValue.match(indentRx); if (f && t && f[0] !== t[0]) { r.innerHTML = r.innerHTML.replace(new RegExp('^'+f[0].replace(rxEsc, '\\$1'), 'mg'), t[0]); } if (/\bsf-dump-compact\b/.test(r.className)) { toggle(s, isCtrlKey(e)); } } if (c) { } else if (doc.getSelection) { try { doc.getSelection().removeAllRanges(); } catch (e) { doc.getSelection().empty(); } } else { doc.selection.empty(); } } else if (/\bsf-dump-str-toggle\b/.test(a.className)) { e.preventDefault(); e = a.parentNode.parentNode; e.className = e.className.replace(/\bsf-dump-str-(expand|collapse)\b/, a.parentNode.className); } }); elt = root.getElementsByTagName('SAMP'); len = elt.length; i = 0; while (i < len) t.push(elt[i++]); len = t.length; for (i = 0; i < len; ++i) { elt = t[i]; if ('SAMP' == elt.tagName) { a = elt.previousSibling || {}; if ('A' != a.tagName) { a = doc.createElement('A'); a.className = 'sf-dump-ref'; elt.parentNode.insertBefore(a, elt); } else { a.innerHTML += ' '; } a.title = (a.title ? a.title+'\n[' : '[')+keyHint+'+click] Expand all children'; a.innerHTML += elt.className == 'sf-dump-compact' ? '<span>▶</span>' : '<span>▼</span>'; a.className += ' sf-dump-toggle'; x = 1; if ('sf-dump' != elt.parentNode.className) { x += elt.parentNode.getAttribute('data-depth')/1; } } else if (/\bsf-dump-ref\b/.test(elt.className) && (a = elt.getAttribute('href'))) { a = a.slice(1); elt.className += ' sf-dump-hover'; elt.className += ' '+a; if (/[\[{]$/.test(elt.previousSibling.nodeValue)) { a = a != elt.nextSibling.id && doc.getElementById(a); try { s = a.nextSibling; elt.appendChild(a); s.parentNode.insertBefore(a, s); if (/^[@#]/.test(elt.innerHTML)) { elt.innerHTML += ' <span>▶</span>'; } else { elt.innerHTML = '<span>▶</span>'; elt.className = 'sf-dump-ref'; } elt.className += ' sf-dump-toggle'; } catch (e) { if ('&' == elt.innerHTML.charAt(0)) { elt.innerHTML = '…'; elt.className = 'sf-dump-ref'; } } } } } if (doc.evaluate && Array.from && root.children.length > 1) { root.setAttribute('tabindex', 0); SearchState = function () { this.nodes = []; this.idx = 0; }; SearchState.prototype = { next: function () { if (this.isEmpty()) { return this.current(); } this.idx = this.idx < (this.nodes.length - 1) ? this.idx + 1 : 0; return this.current(); }, previous: function () { if (this.isEmpty()) { return this.current(); } this.idx = this.idx > 0 ? this.idx - 1 : (this.nodes.length - 1); return this.current(); }, isEmpty: function () { return 0 === this.count(); }, current: function () { if (this.isEmpty()) { return null; } return this.nodes[this.idx]; }, reset: function () { this.nodes = []; this.idx = 0; }, count: function () { return this.nodes.length; }, }; function showCurrent(state) { var currentNode = state.current(), currentRect, searchRect; if (currentNode) { reveal(currentNode); highlight(root, currentNode, state.nodes); if ('scrollIntoView' in currentNode) { currentNode.scrollIntoView(true); currentRect = currentNode.getBoundingClientRect(); searchRect = search.getBoundingClientRect(); if (currentRect.top < (searchRect.top + searchRect.height)) { window.scrollBy(0, -(searchRect.top + searchRect.height + 5)); } } } counter.textContent = (state.isEmpty() ? 0 : state.idx + 1) + ' of ' + state.count(); } var search = doc.createElement('div'); search.className = 'sf-dump-search-wrapper sf-dump-search-hidden'; search.innerHTML = ' <input type="text" class="sf-dump-search-input"> <span class="sf-dump-search-count">0 of 0<\/span> <button type="button" class="sf-dump-search-input-previous" tabindex="-1"> <svg viewBox="0 0 1792 1792" xmlns="http://www.w3.org/2000/svg"><path d="M1683 1331l-166 165q-19 19-45 19t-45-19L896 965l-531 531q-19 19-45 19t-45-19l-166-165q-19-19-19-45.5t19-45.5l742-741q19-19 45-19t45 19l742 741q19 19 19 45.5t-19 45.5z"\/><\/svg> <\/button> <button type="button" class="sf-dump-search-input-next" tabindex="-1"> <svg viewBox="0 0 1792 1792" xmlns="http://www.w3.org/2000/svg"><path d="M1683 808l-742 741q-19 19-45 19t-45-19L109 808q-19-19-19-45.5t19-45.5l166-165q19-19 45-19t45 19l531 531 531-531q19-19 45-19t45 19l166 165q19 19 19 45.5t-19 45.5z"\/><\/svg> <\/button> '; root.insertBefore(search, root.firstChild); var state = new SearchState(); var searchInput = search.querySelector('.sf-dump-search-input'); var counter = search.querySelector('.sf-dump-search-count'); var searchInputTimer = 0; var previousSearchQuery = ''; addEventListener(searchInput, 'keyup', function (e) { var searchQuery = e.target.value; /* Don't perform anything if the pressed key didn't change the query */ if (searchQuery === previousSearchQuery) { return; } previousSearchQuery = searchQuery; clearTimeout(searchInputTimer); searchInputTimer = setTimeout(function () { state.reset(); collapseAll(root); resetHighlightedNodes(root); if ('' === searchQuery) { counter.textContent = '0 of 0'; return; } var classMatches = [ "sf-dump-str", "sf-dump-key", "sf-dump-public", "sf-dump-protected", "sf-dump-private", ].map(xpathHasClass).join(' or '); var xpathResult = doc.evaluate('.//span[' + classMatches + '][contains(translate(child::text(), ' + xpathString(searchQuery.toUpperCase()) + ', ' + xpathString(searchQuery.toLowerCase()) + '), ' + xpathString(searchQuery.toLowerCase()) + ')]', root, null, XPathResult.ORDERED_NODE_ITERATOR_TYPE, null); while (node = xpathResult.iterateNext()) state.nodes.push(node); showCurrent(state); }, 400); }); Array.from(search.querySelectorAll('.sf-dump-search-input-next, .sf-dump-search-input-previous')).forEach(function (btn) { addEventListener(btn, 'click', function (e) { e.preventDefault(); -1 !== e.target.className.indexOf('next') ? state.next() : state.previous(); searchInput.focus(); collapseAll(root); showCurrent(state); }) }); addEventListener(root, 'keydown', function (e) { var isSearchActive = !/\bsf-dump-search-hidden\b/.test(search.className); if ((114 === e.keyCode && !isSearchActive) || (isCtrlKey(e) && 70 === e.keyCode)) { /* F3 or CMD/CTRL + F */ if (70 === e.keyCode && document.activeElement === searchInput) { /* * If CMD/CTRL + F is hit while having focus on search input, * the user probably meant to trigger browser search instead. * Let the browser execute its behavior: */ return; } e.preventDefault(); search.className = search.className.replace(/\bsf-dump-search-hidden\b/, ''); searchInput.focus(); } else if (isSearchActive) { if (27 === e.keyCode) { /* ESC key */ search.className += ' sf-dump-search-hidden'; e.preventDefault(); resetHighlightedNodes(root); searchInput.value = ''; } else if ( (isCtrlKey(e) && 71 === e.keyCode) /* CMD/CTRL + G */ || 13 === e.keyCode /* Enter */ || 114 === e.keyCode /* F3 */ ) { e.preventDefault(); e.shiftKey ? state.previous() : state.next(); collapseAll(root); showCurrent(state); } } }); } if (0 >= options.maxStringLength) { return; } try { elt = root.querySelectorAll('.sf-dump-str'); len = elt.length; i = 0; t = []; while (i < len) t.push(elt[i++]); len = t.length; for (i = 0; i < len; ++i) { elt = t[i]; s = elt.innerText || elt.textContent; x = s.length - options.maxStringLength; if (0 < x) { h = elt.innerHTML; elt[elt.innerText ? 'innerText' : 'textContent'] = s.substring(0, options.maxStringLength); elt.className += ' sf-dump-str-collapse'; elt.innerHTML = '<span class=sf-dump-str-collapse>'+h+'<a class="sf-dump-ref sf-dump-str-toggle" title="Collapse"> ◀</a></span>'+ '<span class=sf-dump-str-expand>'+elt.innerHTML+'<a class="sf-dump-ref sf-dump-str-toggle" title="'+x+' remaining characters"> ▶</a></span>'; } } } catch (e) { } }; })(document); </script><style> .sf-js-enabled .phpdebugbar pre.sf-dump .sf-dump-compact, .sf-js-enabled .sf-dump-str-collapse .sf-dump-str-collapse, .sf-js-enabled .sf-dump-str-expand .sf-dump-str-expand { display: none; } .sf-dump-hover:hover { background-color: #B729D9; color: #FFF !important; border-radius: 2px; } .phpdebugbar pre.sf-dump { display: block; white-space: pre; padding: 5px; overflow: initial !important; } .phpdebugbar pre.sf-dump:after { content: ""; visibility: hidden; display: block; height: 0; clear: both; } .phpdebugbar pre.sf-dump .sf-dump-ellipsization { display: inline-flex; } .phpdebugbar pre.sf-dump a { text-decoration: none; cursor: pointer; border: 0; outline: none; color: inherit; } .phpdebugbar pre.sf-dump img { max-width: 50em; max-height: 50em; margin: .5em 0 0 0; padding: 0; background: url(data:image/png;base64,iVBORw0KGgoAAAANSUhEUgAAABAAAAAQCAAAAAA6mKC9AAAAHUlEQVQY02O8zAABilCaiQEN0EeA8QuUcX9g3QEAAjcC5piyhyEAAAAASUVORK5CYII=) #D3D3D3; } .phpdebugbar pre.sf-dump .sf-dump-ellipsis { text-overflow: ellipsis; white-space: nowrap; overflow: hidden; } .phpdebugbar pre.sf-dump .sf-dump-ellipsis-tail { flex-shrink: 0; } .phpdebugbar pre.sf-dump code { display:inline; padding:0; background:none; } .sf-dump-public.sf-dump-highlight, .sf-dump-protected.sf-dump-highlight, .sf-dump-private.sf-dump-highlight, .sf-dump-str.sf-dump-highlight, .sf-dump-key.sf-dump-highlight { background: rgba(111, 172, 204, 0.3); border: 1px solid #7DA0B1; border-radius: 3px; } .sf-dump-public.sf-dump-highlight-active, .sf-dump-protected.sf-dump-highlight-active, .sf-dump-private.sf-dump-highlight-active, .sf-dump-str.sf-dump-highlight-active, .sf-dump-key.sf-dump-highlight-active { background: rgba(253, 175, 0, 0.4); border: 1px solid #ffa500; border-radius: 3px; } .phpdebugbar pre.sf-dump .sf-dump-search-hidden { display: none !important; } .phpdebugbar pre.sf-dump .sf-dump-search-wrapper { font-size: 0; white-space: nowrap; margin-bottom: 5px; display: flex; position: -webkit-sticky; position: sticky; top: 5px; } .phpdebugbar pre.sf-dump .sf-dump-search-wrapper > * { vertical-align: top; box-sizing: border-box; height: 21px; font-weight: normal; border-radius: 0; background: #FFF; color: #757575; border: 1px solid #BBB; } .phpdebugbar pre.sf-dump .sf-dump-search-wrapper > input.sf-dump-search-input { padding: 3px; height: 21px; font-size: 12px; border-right: none; border-top-left-radius: 3px; border-bottom-left-radius: 3px; color: #000; min-width: 15px; width: 100%; } .phpdebugbar pre.sf-dump .sf-dump-search-wrapper > .sf-dump-search-input-next, .phpdebugbar pre.sf-dump .sf-dump-search-wrapper > .sf-dump-search-input-previous { background: #F2F2F2; outline: none; border-left: none; font-size: 0; line-height: 0; } .phpdebugbar pre.sf-dump .sf-dump-search-wrapper > .sf-dump-search-input-next { border-top-right-radius: 3px; border-bottom-right-radius: 3px; } .phpdebugbar pre.sf-dump .sf-dump-search-wrapper > .sf-dump-search-input-next > svg, .phpdebugbar pre.sf-dump .sf-dump-search-wrapper > .sf-dump-search-input-previous > svg { pointer-events: none; width: 12px; height: 12px; } .phpdebugbar pre.sf-dump .sf-dump-search-wrapper > .sf-dump-search-count { display: inline-block; padding: 0 5px; margin: 0; border-left: none; line-height: 21px; font-size: 12px; }.phpdebugbar pre.sf-dump, .phpdebugbar pre.sf-dump .sf-dump-default{word-wrap: break-word; white-space: pre-wrap; word-break: normal}.phpdebugbar pre.sf-dump .sf-dump-num{font-weight:bold; color:#1299DA}.phpdebugbar pre.sf-dump .sf-dump-const{font-weight:bold}.phpdebugbar pre.sf-dump .sf-dump-str{font-weight:bold; color:#3A9B26}.phpdebugbar pre.sf-dump .sf-dump-note{color:#1299DA}.phpdebugbar pre.sf-dump .sf-dump-ref{color:#7B7B7B}.phpdebugbar pre.sf-dump .sf-dump-public{color:#000000}.phpdebugbar pre.sf-dump .sf-dump-protected{color:#000000}.phpdebugbar pre.sf-dump .sf-dump-private{color:#000000}.phpdebugbar pre.sf-dump .sf-dump-meta{color:#B729D9}.phpdebugbar pre.sf-dump .sf-dump-key{color:#3A9B26}.phpdebugbar pre.sf-dump .sf-dump-index{color:#1299DA}.phpdebugbar pre.sf-dump .sf-dump-ellipsis{color:#A0A000}.phpdebugbar pre.sf-dump .sf-dump-virtual{font-style:italic}.phpdebugbar pre.sf-dump .sf-dump-ns{user-select:none;}.phpdebugbar pre.sf-dump .sf-dump-ellipsis-note{color:#1299DA}.phpdebugbar[data-theme='dark'] pre.sf-dump, pre.sf-dump .sf-dump-default{background-color:#18171B; color:#FF8400; line-height:1.2em; font:12px Menlo, Monaco, Consolas, monospace; word-wrap: break-word; white-space: pre-wrap; position:relative; z-index:99999; word-break: break-all}.phpdebugbar[data-theme='dark'] pre.sf-dump .sf-dump-num{font-weight:bold; color:#1299DA}.phpdebugbar[data-theme='dark'] pre.sf-dump .sf-dump-const{font-weight:bold}.phpdebugbar[data-theme='dark'] pre.sf-dump .sf-dump-virtual{font-style:italic}.phpdebugbar[data-theme='dark'] pre.sf-dump .sf-dump-str{font-weight:bold; color:#56DB3A}.phpdebugbar[data-theme='dark'] pre.sf-dump .sf-dump-note{color:#1299DA}.phpdebugbar[data-theme='dark'] pre.sf-dump .sf-dump-ref{color:#A0A0A0}.phpdebugbar[data-theme='dark'] pre.sf-dump .sf-dump-public{color:#FFFFFF}.phpdebugbar[data-theme='dark'] pre.sf-dump .sf-dump-protected{color:#FFFFFF}.phpdebugbar[data-theme='dark'] pre.sf-dump .sf-dump-private{color:#FFFFFF}.phpdebugbar[data-theme='dark'] pre.sf-dump .sf-dump-meta{color:#B729D9}.phpdebugbar[data-theme='dark'] pre.sf-dump .sf-dump-key{color:#56DB3A}.phpdebugbar[data-theme='dark'] pre.sf-dump .sf-dump-index{color:#1299DA}.phpdebugbar[data-theme='dark'] pre.sf-dump .sf-dump-ellipsis{color:#FF8400}.phpdebugbar[data-theme='dark'] pre.sf-dump .sf-dump-ns{user-select:none;}.phpdebugbar[data-theme='dark'] pre.sf-dump .sf-dump-ellipsis-note{color:#1299DA}</style>
<style type="text/css" data-vite-dev-id="/Users/vahan/Herd/laravel-react-reactions/packages/truefans/laravel-react-reactions/workbench/resources/css/app.css">/*! tailwindcss v4.1.17 | MIT License | https://tailwindcss.com */
@layer properties;
@layer theme, base, components, utilities;
@layer theme {
  :root, :host {
    --font-sans: ui-sans-serif, system-ui, sans-serif, "Apple Color Emoji",
      "Segoe UI Emoji", "Segoe UI Symbol", "Noto Color Emoji";
    --font-mono: ui-monospace, SFMono-Regular, Menlo, Monaco, Consolas, "Liberation Mono",
      "Courier New", monospace;
    --color-red-500: oklch(63.7% 0.237 25.331);
    --color-red-600: oklch(57.7% 0.245 27.325);
    --color-red-700: oklch(50.5% 0.213 27.518);
    --color-amber-50: oklch(98.7% 0.022 95.277);
    --color-amber-100: oklch(96.2% 0.059 95.617);
    --color-amber-200: oklch(92.4% 0.12 95.746);
    --color-amber-800: oklch(47.3% 0.137 46.201);
    --color-amber-900: oklch(41.4% 0.112 45.904);
    --color-yellow-50: oklch(98.7% 0.026 102.212);
    --color-green-500: oklch(72.3% 0.219 149.579);
    --color-blue-100: oklch(93.2% 0.032 255.585);
    --color-blue-600: oklch(54.6% 0.245 262.881);
    --color-indigo-500: oklch(58.5% 0.233 277.117);
    --color-indigo-600: oklch(51.1% 0.262 276.966);
    --color-indigo-700: oklch(45.7% 0.24 277.023);
    --color-gray-50: oklch(98.5% 0.002 247.839);
    --color-gray-100: oklch(96.7% 0.003 264.542);
    --color-gray-200: oklch(92.8% 0.006 264.531);
    --color-gray-300: oklch(87.2% 0.01 258.338);
    --color-gray-400: oklch(70.7% 0.022 261.325);
    --color-gray-500: oklch(55.1% 0.027 264.364);
    --color-gray-600: oklch(44.6% 0.03 256.802);
    --color-gray-700: oklch(37.3% 0.034 259.733);
    --color-gray-800: oklch(27.8% 0.033 256.848);
    --color-gray-900: oklch(21% 0.034 264.665);
    --color-black: #000;
    --color-white: #fff;
    --spacing: 0.25rem;
    --container-md: 28rem;
    --container-lg: 32rem;
    --container-4xl: 56rem;
    --container-5xl: 64rem;
    --text-xs: 0.75rem;
    --text-xs--line-height: calc(1 / 0.75);
    --text-sm: 0.875rem;
    --text-sm--line-height: calc(1.25 / 0.875);
    --text-base: 1rem;
    --text-base--line-height: calc(1.5 / 1);
    --text-lg: 1.125rem;
    --text-lg--line-height: calc(1.75 / 1.125);
    --text-xl: 1.25rem;
    --text-xl--line-height: calc(1.75 / 1.25);
    --text-2xl: 1.5rem;
    --text-2xl--line-height: calc(2 / 1.5);
    --text-3xl: 1.875rem;
    --text-3xl--line-height: calc(2.25 / 1.875);
    --text-4xl: 2.25rem;
    --text-4xl--line-height: calc(2.5 / 2.25);
    --text-6xl: 3.75rem;
    --text-6xl--line-height: 1;
    --font-weight-medium: 500;
    --font-weight-semibold: 600;
    --font-weight-bold: 700;
    --font-weight-extrabold: 800;
    --tracking-tight: -0.025em;
    --leading-relaxed: 1.625;
    --radius-sm: 0.25rem;
    --radius-md: 0.375rem;
    --radius-lg: 0.5rem;
    --radius-xl: 0.75rem;
    --ease-out: cubic-bezier(0, 0, 0.2, 1);
    --animate-spin: spin 1s linear infinite;
    --animate-pulse: pulse 2s cubic-bezier(0.4, 0, 0.6, 1) infinite;
    --default-transition-duration: 150ms;
    --default-transition-timing-function: cubic-bezier(0.4, 0, 0.2, 1);
    --default-font-family: var(--font-sans);
    --default-mono-font-family: var(--font-mono);
  }
}
@layer base {
  *, ::after, ::before, ::backdrop, ::file-selector-button {
    box-sizing: border-box;
    margin: 0;
    padding: 0;
    border: 0 solid;
  }
  html, :host {
    line-height: 1.5;
    -webkit-text-size-adjust: 100%;
    tab-size: 4;
    font-family: var(--default-font-family, ui-sans-serif, system-ui, sans-serif, "Apple Color Emoji", "Segoe UI Emoji", "Segoe UI Symbol", "Noto Color Emoji");
    font-feature-settings: var(--default-font-feature-settings, normal);
    font-variation-settings: var(--default-font-variation-settings, normal);
    -webkit-tap-highlight-color: transparent;
  }
  hr {
    height: 0;
    color: inherit;
    border-top-width: 1px;
  }
  abbr:where([title]) {
    -webkit-text-decoration: underline dotted;
    text-decoration: underline dotted;
  }
  h1, h2, h3, h4, h5, h6 {
    font-size: inherit;
    font-weight: inherit;
  }
  a {
    color: inherit;
    -webkit-text-decoration: inherit;
    text-decoration: inherit;
  }
  b, strong {
    font-weight: bolder;
  }
  code, kbd, samp, pre {
    font-family: var(--default-mono-font-family, ui-monospace, SFMono-Regular, Menlo, Monaco, Consolas, "Liberation Mono", "Courier New", monospace);
    font-feature-settings: var(--default-mono-font-feature-settings, normal);
    font-variation-settings: var(--default-mono-font-variation-settings, normal);
    font-size: 1em;
  }
  small {
    font-size: 80%;
  }
  sub, sup {
    font-size: 75%;
    line-height: 0;
    position: relative;
    vertical-align: baseline;
  }
  sub {
    bottom: -0.25em;
  }
  sup {
    top: -0.5em;
  }
  table {
    text-indent: 0;
    border-color: inherit;
    border-collapse: collapse;
  }
  :-moz-focusring {
    outline: auto;
  }
  progress {
    vertical-align: baseline;
  }
  summary {
    display: list-item;
  }
  ol, ul, menu {
    list-style: none;
  }
  img, svg, video, canvas, audio, iframe, embed, object {
    display: block;
    vertical-align: middle;
  }
  img, video {
    max-width: 100%;
    height: auto;
  }
  button, input, select, optgroup, textarea, ::file-selector-button {
    font: inherit;
    font-feature-settings: inherit;
    font-variation-settings: inherit;
    letter-spacing: inherit;
    color: inherit;
    border-radius: 0;
    background-color: transparent;
    opacity: 1;
  }
  :where(select:is([multiple], [size])) optgroup {
    font-weight: bolder;
  }
  :where(select:is([multiple], [size])) optgroup option {
    padding-inline-start: 20px;
  }
  ::file-selector-button {
    margin-inline-end: 4px;
  }
  ::placeholder {
    opacity: 1;
  }
  @supports (not (-webkit-appearance: -apple-pay-button))  or (contain-intrinsic-size: 1px) {
    ::placeholder {
      color: currentcolor;
      @supports (color: color-mix(in lab, red, red)) {
        color: color-mix(in oklab, currentcolor 50%, transparent);
      }
    }
  }
  textarea {
    resize: vertical;
  }
  ::-webkit-search-decoration {
    -webkit-appearance: none;
  }
  ::-webkit-date-and-time-value {
    min-height: 1lh;
    text-align: inherit;
  }
  ::-webkit-datetime-edit {
    display: inline-flex;
  }
  ::-webkit-datetime-edit-fields-wrapper {
    padding: 0;
  }
  ::-webkit-datetime-edit, ::-webkit-datetime-edit-year-field, ::-webkit-datetime-edit-month-field, ::-webkit-datetime-edit-day-field, ::-webkit-datetime-edit-hour-field, ::-webkit-datetime-edit-minute-field, ::-webkit-datetime-edit-second-field, ::-webkit-datetime-edit-millisecond-field, ::-webkit-datetime-edit-meridiem-field {
    padding-block: 0;
  }
  ::-webkit-calendar-picker-indicator {
    line-height: 1;
  }
  :-moz-ui-invalid {
    box-shadow: none;
  }
  button, input:where([type="button"], [type="reset"], [type="submit"]), ::file-selector-button {
    appearance: button;
  }
  ::-webkit-inner-spin-button, ::-webkit-outer-spin-button {
    height: auto;
  }
  [hidden]:where(:not([hidden="until-found"])) {
    display: none !important;
  }
}
@layer utilities {
  .pointer-events-auto {
    pointer-events: auto;
  }
  .collapse {
    visibility: collapse;
  }
  .visible {
    visibility: visible;
  }
  .absolute {
    position: absolute;
  }
  .fixed {
    position: fixed;
  }
  .relative {
    position: relative;
  }
  .static {
    position: static;
  }
  .sticky {
    position: sticky;
  }
  .inset-0 {
    inset: calc(var(--spacing) * 0);
  }
  .top-0 {
    top: calc(var(--spacing) * 0);
  }
  .top-2 {
    top: calc(var(--spacing) * 2);
  }
  .top-\[50\%\] {
    top: 50%;
  }
  .right-2 {
    right: calc(var(--spacing) * 2);
  }
  .right-3 {
    right: calc(var(--spacing) * 3);
  }
  .right-4 {
    right: calc(var(--spacing) * 4);
  }
  .bottom-3 {
    bottom: calc(var(--spacing) * 3);
  }
  .bottom-4 {
    bottom: calc(var(--spacing) * 4);
  }
  .bottom-full {
    bottom: 100%;
  }
  .left-0 {
    left: calc(var(--spacing) * 0);
  }
  .left-\[50\%\] {
    left: 50%;
  }
  .z-10 {
    z-index: 10;
  }
  .z-50 {
    z-index: 50;
  }
  .z-\[100\] {
    z-index: 100;
  }
  .col-1 {
    grid-column: 1;
  }
  .col-11 {
    grid-column: 11;
  }
  .container {
    width: 100%;
    @media (width >= 40rem) {
      max-width: 40rem;
    }
    @media (width >= 48rem) {
      max-width: 48rem;
    }
    @media (width >= 64rem) {
      max-width: 64rem;
    }
    @media (width >= 80rem) {
      max-width: 80rem;
    }
    @media (width >= 96rem) {
      max-width: 96rem;
    }
  }
  .m-5 {
    margin: calc(var(--spacing) * 5);
  }
  .mx-auto {
    margin-inline: auto;
  }
  .mt-1 {
    margin-top: calc(var(--spacing) * 1);
  }
  .mt-2 {
    margin-top: calc(var(--spacing) * 2);
  }
  .mt-3 {
    margin-top: calc(var(--spacing) * 3);
  }
  .mt-4 {
    margin-top: calc(var(--spacing) * 4);
  }
  .mt-6 {
    margin-top: calc(var(--spacing) * 6);
  }
  .mt-8 {
    margin-top: calc(var(--spacing) * 8);
  }
  .mt-16 {
    margin-top: calc(var(--spacing) * 16);
  }
  .mr-2 {
    margin-right: calc(var(--spacing) * 2);
  }
  .mb-1 {
    margin-bottom: calc(var(--spacing) * 1);
  }
  .mb-2 {
    margin-bottom: calc(var(--spacing) * 2);
  }
  .mb-3 {
    margin-bottom: calc(var(--spacing) * 3);
  }
  .mb-4 {
    margin-bottom: calc(var(--spacing) * 4);
  }
  .mb-6 {
    margin-bottom: calc(var(--spacing) * 6);
  }
  .mb-8 {
    margin-bottom: calc(var(--spacing) * 8);
  }
  .ml-2 {
    margin-left: calc(var(--spacing) * 2);
  }
  .ml-10 {
    margin-left: calc(var(--spacing) * 10);
  }
  .ml-12 {
    margin-left: calc(var(--spacing) * 12);
  }
  .block {
    display: block;
  }
  .contents {
    display: contents;
  }
  .flex {
    display: flex;
  }
  .grid {
    display: grid;
  }
  .hidden {
    display: none;
  }
  .inline {
    display: inline;
  }
  .inline-block {
    display: inline-block;
  }
  .inline-flex {
    display: inline-flex;
  }
  .table {
    display: table;
  }
  .h-2\.5 {
    height: calc(var(--spacing) * 2.5);
  }
  .h-3 {
    height: calc(var(--spacing) * 3);
  }
  .h-4 {
    height: calc(var(--spacing) * 4);
  }
  .h-5 {
    height: calc(var(--spacing) * 5);
  }
  .h-8 {
    height: calc(var(--spacing) * 8);
  }
  .h-9 {
    height: calc(var(--spacing) * 9);
  }
  .h-10 {
    height: calc(var(--spacing) * 10);
  }
  .h-12 {
    height: calc(var(--spacing) * 12);
  }
  .h-16 {
    height: calc(var(--spacing) * 16);
  }
  .h-\[600px\] {
    height: 600px;
  }
  .max-h-48 {
    max-height: calc(var(--spacing) * 48);
  }
  .max-h-96 {
    max-height: calc(var(--spacing) * 96);
  }
  .max-h-\[600px\] {
    max-height: 600px;
  }
  .max-h-screen {
    max-height: 100vh;
  }
  .min-h-screen {
    min-height: 100vh;
  }
  .w-2\.5 {
    width: calc(var(--spacing) * 2.5);
  }
  .w-3 {
    width: calc(var(--spacing) * 3);
  }
  .w-4 {
    width: calc(var(--spacing) * 4);
  }
  .w-5 {
    width: calc(var(--spacing) * 5);
  }
  .w-8 {
    width: calc(var(--spacing) * 8);
  }
  .w-9 {
    width: calc(var(--spacing) * 9);
  }
  .w-10 {
    width: calc(var(--spacing) * 10);
  }
  .w-12 {
    width: calc(var(--spacing) * 12);
  }
  .w-16 {
    width: calc(var(--spacing) * 16);
  }
  .w-32 {
    width: calc(var(--spacing) * 32);
  }
  .w-48 {
    width: calc(var(--spacing) * 48);
  }
  .w-96 {
    width: calc(var(--spacing) * 96);
  }
  .w-full {
    width: 100%;
  }
  .max-w-4xl {
    max-width: var(--container-4xl);
  }
  .max-w-5xl {
    max-width: var(--container-5xl);
  }
  .max-w-lg {
    max-width: var(--container-lg);
  }
  .max-w-md {
    max-width: var(--container-md);
  }
  .max-w-none {
    max-width: none;
  }
  .min-w-0 {
    min-width: calc(var(--spacing) * 0);
  }
  .min-w-\[8rem\] {
    min-width: 8rem;
  }
  .flex-1 {
    flex: 1;
  }
  .flex-shrink-0 {
    flex-shrink: 0;
  }
  .shrink-0 {
    flex-shrink: 0;
  }
  .translate-x-\[-50\%\] {
    --tw-translate-x: -50%;
    translate: var(--tw-translate-x) var(--tw-translate-y);
  }
  .translate-y-\[-50\%\] {
    --tw-translate-y: -50%;
    translate: var(--tw-translate-x) var(--tw-translate-y);
  }
  .scale-95 {
    --tw-scale-x: 95%;
    --tw-scale-y: 95%;
    --tw-scale-z: 95%;
    scale: var(--tw-scale-x) var(--tw-scale-y);
  }
  .scale-100 {
    --tw-scale-x: 100%;
    --tw-scale-y: 100%;
    --tw-scale-z: 100%;
    scale: var(--tw-scale-x) var(--tw-scale-y);
  }
  .scale-110 {
    --tw-scale-x: 110%;
    --tw-scale-y: 110%;
    --tw-scale-z: 110%;
    scale: var(--tw-scale-x) var(--tw-scale-y);
  }
  .transform {
    transform: var(--tw-rotate-x,) var(--tw-rotate-y,) var(--tw-rotate-z,) var(--tw-skew-x,) var(--tw-skew-y,);
  }
  .animate-pulse {
    animation: var(--animate-pulse);
  }
  .animate-spin {
    animation: var(--animate-spin);
  }
  .cursor-not-allowed {
    cursor: not-allowed;
  }
  .cursor-pointer {
    cursor: pointer;
  }
  .resize {
    resize: both;
  }
  .resize-none {
    resize: none;
  }
  .appearance-none {
    appearance: none;
  }
  .flex-col {
    flex-direction: column;
  }
  .flex-col-reverse {
    flex-direction: column-reverse;
  }
  .items-center {
    align-items: center;
  }
  .items-start {
    align-items: flex-start;
  }
  .justify-between {
    justify-content: space-between;
  }
  .justify-center {
    justify-content: center;
  }
  .gap-0\.5 {
    gap: calc(var(--spacing) * 0.5);
  }
  .gap-1 {
    gap: calc(var(--spacing) * 1);
  }
  .gap-1\.5 {
    gap: calc(var(--spacing) * 1.5);
  }
  .gap-2 {
    gap: calc(var(--spacing) * 2);
  }
  .gap-3 {
    gap: calc(var(--spacing) * 3);
  }
  .gap-4 {
    gap: calc(var(--spacing) * 4);
  }
  .-space-y-px {
    :where(& > :not(:last-child)) {
      --tw-space-y-reverse: 0;
      margin-block-start: calc(-1px * var(--tw-space-y-reverse));
      margin-block-end: calc(-1px * calc(1 - var(--tw-space-y-reverse)));
    }
  }
  .space-y-1 {
    :where(& > :not(:last-child)) {
      --tw-space-y-reverse: 0;
      margin-block-start: calc(calc(var(--spacing) * 1) * var(--tw-space-y-reverse));
      margin-block-end: calc(calc(var(--spacing) * 1) * calc(1 - var(--tw-space-y-reverse)));
    }
  }
  .space-y-1\.5 {
    :where(& > :not(:last-child)) {
      --tw-space-y-reverse: 0;
      margin-block-start: calc(calc(var(--spacing) * 1.5) * var(--tw-space-y-reverse));
      margin-block-end: calc(calc(var(--spacing) * 1.5) * calc(1 - var(--tw-space-y-reverse)));
    }
  }
  .space-y-2 {
    :where(& > :not(:last-child)) {
      --tw-space-y-reverse: 0;
      margin-block-start: calc(calc(var(--spacing) * 2) * var(--tw-space-y-reverse));
      margin-block-end: calc(calc(var(--spacing) * 2) * calc(1 - var(--tw-space-y-reverse)));
    }
  }
  .space-y-3 {
    :where(& > :not(:last-child)) {
      --tw-space-y-reverse: 0;
      margin-block-start: calc(calc(var(--spacing) * 3) * var(--tw-space-y-reverse));
      margin-block-end: calc(calc(var(--spacing) * 3) * calc(1 - var(--tw-space-y-reverse)));
    }
  }
  .space-y-4 {
    :where(& > :not(:last-child)) {
      --tw-space-y-reverse: 0;
      margin-block-start: calc(calc(var(--spacing) * 4) * var(--tw-space-y-reverse));
      margin-block-end: calc(calc(var(--spacing) * 4) * calc(1 - var(--tw-space-y-reverse)));
    }
  }
  .space-y-6 {
    :where(& > :not(:last-child)) {
      --tw-space-y-reverse: 0;
      margin-block-start: calc(calc(var(--spacing) * 6) * var(--tw-space-y-reverse));
      margin-block-end: calc(calc(var(--spacing) * 6) * calc(1 - var(--tw-space-y-reverse)));
    }
  }
  .space-y-8 {
    :where(& > :not(:last-child)) {
      --tw-space-y-reverse: 0;
      margin-block-start: calc(calc(var(--spacing) * 8) * var(--tw-space-y-reverse));
      margin-block-end: calc(calc(var(--spacing) * 8) * calc(1 - var(--tw-space-y-reverse)));
    }
  }
  .space-x-4 {
    :where(& > :not(:last-child)) {
      --tw-space-x-reverse: 0;
      margin-inline-start: calc(calc(var(--spacing) * 4) * var(--tw-space-x-reverse));
      margin-inline-end: calc(calc(var(--spacing) * 4) * calc(1 - var(--tw-space-x-reverse)));
    }
  }
  .truncate {
    overflow: hidden;
    text-overflow: ellipsis;
    white-space: nowrap;
  }
  .overflow-auto {
    overflow: auto;
  }
  .overflow-hidden {
    overflow: hidden;
  }
  .overflow-x-auto {
    overflow-x: auto;
  }
  .overflow-y-auto {
    overflow-y: auto;
  }
  .rounded {
    border-radius: 0.25rem;
  }
  .rounded-full {
    border-radius: calc(infinity * 1px);
  }
  .rounded-lg {
    border-radius: var(--radius-lg);
  }
  .rounded-md {
    border-radius: var(--radius-md);
  }
  .rounded-sm {
    border-radius: var(--radius-sm);
  }
  .rounded-xl {
    border-radius: var(--radius-xl);
  }
  .border {
    border-style: var(--tw-border-style);
    border-width: 1px;
  }
  .border-2 {
    border-style: var(--tw-border-style);
    border-width: 2px;
  }
  .border-t {
    border-top-style: var(--tw-border-style);
    border-top-width: 1px;
  }
  .border-b {
    border-bottom-style: var(--tw-border-style);
    border-bottom-width: 1px;
  }
  .border-amber-200 {
    border-color: var(--color-amber-200);
  }
  .border-gray-100 {
    border-color: var(--color-gray-100);
  }
  .border-gray-200 {
    border-color: var(--color-gray-200);
  }
  .border-gray-300 {
    border-color: var(--color-gray-300);
  }
  .border-green-500 {
    border-color: var(--color-green-500);
  }
  .border-red-500 {
    border-color: var(--color-red-500);
  }
  .border-transparent {
    border-color: transparent;
  }
  .border-white {
    border-color: var(--color-white);
  }
  .border-t-transparent {
    border-top-color: transparent;
  }
  .bg-amber-100 {
    background-color: var(--color-amber-100);
  }
  .bg-black\/0 {
    background-color: color-mix(in srgb, #000 0%, transparent);
    @supports (color: color-mix(in lab, red, red)) {
      background-color: color-mix(in oklab, var(--color-black) 0%, transparent);
    }
  }
  .bg-black\/50 {
    background-color: color-mix(in srgb, #000 50%, transparent);
    @supports (color: color-mix(in lab, red, red)) {
      background-color: color-mix(in oklab, var(--color-black) 50%, transparent);
    }
  }
  .bg-black\/80 {
    background-color: color-mix(in srgb, #000 80%, transparent);
    @supports (color: color-mix(in lab, red, red)) {
      background-color: color-mix(in oklab, var(--color-black) 80%, transparent);
    }
  }
  .bg-blue-100 {
    background-color: var(--color-blue-100);
  }
  .bg-gray-50 {
    background-color: var(--color-gray-50);
  }
  .bg-gray-100 {
    background-color: var(--color-gray-100);
  }
  .bg-gray-200 {
    background-color: var(--color-gray-200);
  }
  .bg-gray-900 {
    background-color: var(--color-gray-900);
  }
  .bg-green-500 {
    background-color: var(--color-green-500);
  }
  .bg-indigo-600 {
    background-color: var(--color-indigo-600);
  }
  .bg-red-500 {
    background-color: var(--color-red-500);
  }
  .bg-red-600 {
    background-color: var(--color-red-600);
  }
  .bg-transparent {
    background-color: transparent;
  }
  .bg-white {
    background-color: var(--color-white);
  }
  .bg-gradient-to-br {
    --tw-gradient-position: to bottom right in oklab;
    background-image: linear-gradient(var(--tw-gradient-stops));
  }
  .bg-gradient-to-r {
    --tw-gradient-position: to right in oklab;
    background-image: linear-gradient(var(--tw-gradient-stops));
  }
  .from-amber-50 {
    --tw-gradient-from: var(--color-amber-50);
    --tw-gradient-stops: var(--tw-gradient-via-stops, var(--tw-gradient-position), var(--tw-gradient-from) var(--tw-gradient-from-position), var(--tw-gradient-to) var(--tw-gradient-to-position));
  }
  .from-gray-50 {
    --tw-gradient-from: var(--color-gray-50);
    --tw-gradient-stops: var(--tw-gradient-via-stops, var(--tw-gradient-position), var(--tw-gradient-from) var(--tw-gradient-from-position), var(--tw-gradient-to) var(--tw-gradient-to-position));
  }
  .from-gray-700 {
    --tw-gradient-from: var(--color-gray-700);
    --tw-gradient-stops: var(--tw-gradient-via-stops, var(--tw-gradient-position), var(--tw-gradient-from) var(--tw-gradient-from-position), var(--tw-gradient-to) var(--tw-gradient-to-position));
  }
  .to-gray-100 {
    --tw-gradient-to: var(--color-gray-100);
    --tw-gradient-stops: var(--tw-gradient-via-stops, var(--tw-gradient-position), var(--tw-gradient-from) var(--tw-gradient-from-position), var(--tw-gradient-to) var(--tw-gradient-to-position));
  }
  .to-gray-900 {
    --tw-gradient-to: var(--color-gray-900);
    --tw-gradient-stops: var(--tw-gradient-via-stops, var(--tw-gradient-position), var(--tw-gradient-from) var(--tw-gradient-from-position), var(--tw-gradient-to) var(--tw-gradient-to-position));
  }
  .to-yellow-50 {
    --tw-gradient-to: var(--color-yellow-50);
    --tw-gradient-stops: var(--tw-gradient-via-stops, var(--tw-gradient-position), var(--tw-gradient-from) var(--tw-gradient-from-position), var(--tw-gradient-to) var(--tw-gradient-to-position));
  }
  .p-1 {
    padding: calc(var(--spacing) * 1);
  }
  .p-1\.5 {
    padding: calc(var(--spacing) * 1.5);
  }
  .p-2 {
    padding: calc(var(--spacing) * 2);
  }
  .p-2\.5 {
    padding: calc(var(--spacing) * 2.5);
  }
  .p-3 {
    padding: calc(var(--spacing) * 3);
  }
  .p-4 {
    padding: calc(var(--spacing) * 4);
  }
  .p-6 {
    padding: calc(var(--spacing) * 6);
  }
  .p-8 {
    padding: calc(var(--spacing) * 8);
  }
  .px-2 {
    padding-inline: calc(var(--spacing) * 2);
  }
  .px-3 {
    padding-inline: calc(var(--spacing) * 3);
  }
  .px-4 {
    padding-inline: calc(var(--spacing) * 4);
  }
  .px-6 {
    padding-inline: calc(var(--spacing) * 6);
  }
  .px-8 {
    padding-inline: calc(var(--spacing) * 8);
  }
  .py-1 {
    padding-block: calc(var(--spacing) * 1);
  }
  .py-1\.5 {
    padding-block: calc(var(--spacing) * 1.5);
  }
  .py-2 {
    padding-block: calc(var(--spacing) * 2);
  }
  .py-2\.5 {
    padding-block: calc(var(--spacing) * 2.5);
  }
  .py-3 {
    padding-block: calc(var(--spacing) * 3);
  }
  .py-4 {
    padding-block: calc(var(--spacing) * 4);
  }
  .py-8 {
    padding-block: calc(var(--spacing) * 8);
  }
  .py-12 {
    padding-block: calc(var(--spacing) * 12);
  }
  .py-16 {
    padding-block: calc(var(--spacing) * 16);
  }
  .pt-0 {
    padding-top: calc(var(--spacing) * 0);
  }
  .pt-4 {
    padding-top: calc(var(--spacing) * 4);
  }
  .pt-6 {
    padding-top: calc(var(--spacing) * 6);
  }
  .pr-8 {
    padding-right: calc(var(--spacing) * 8);
  }
  .pr-12 {
    padding-right: calc(var(--spacing) * 12);
  }
  .pl-8 {
    padding-left: calc(var(--spacing) * 8);
  }
  .text-center {
    text-align: center;
  }
  .text-end {
    text-align: end;
  }
  .text-left {
    text-align: left;
  }
  .text-right {
    text-align: right;
  }
  .font-mono {
    font-family: var(--font-mono);
  }
  .font-sans {
    font-family: var(--font-sans);
  }
  .text-2xl {
    font-size: var(--text-2xl);
    line-height: var(--tw-leading, var(--text-2xl--line-height));
  }
  .text-3xl {
    font-size: var(--text-3xl);
    line-height: var(--tw-leading, var(--text-3xl--line-height));
  }
  .text-4xl {
    font-size: var(--text-4xl);
    line-height: var(--tw-leading, var(--text-4xl--line-height));
  }
  .text-6xl {
    font-size: var(--text-6xl);
    line-height: var(--tw-leading, var(--text-6xl--line-height));
  }
  .text-base {
    font-size: var(--text-base);
    line-height: var(--tw-leading, var(--text-base--line-height));
  }
  .text-lg {
    font-size: var(--text-lg);
    line-height: var(--tw-leading, var(--text-lg--line-height));
  }
  .text-sm {
    font-size: var(--text-sm);
    line-height: var(--tw-leading, var(--text-sm--line-height));
  }
  .text-xl {
    font-size: var(--text-xl);
    line-height: var(--tw-leading, var(--text-xl--line-height));
  }
  .text-xs {
    font-size: var(--text-xs);
    line-height: var(--tw-leading, var(--text-xs--line-height));
  }
  .leading-none {
    --tw-leading: 1;
    line-height: 1;
  }
  .leading-relaxed {
    --tw-leading: var(--leading-relaxed);
    line-height: var(--leading-relaxed);
  }
  .font-bold {
    --tw-font-weight: var(--font-weight-bold);
    font-weight: var(--font-weight-bold);
  }
  .font-extrabold {
    --tw-font-weight: var(--font-weight-extrabold);
    font-weight: var(--font-weight-extrabold);
  }
  .font-medium {
    --tw-font-weight: var(--font-weight-medium);
    font-weight: var(--font-weight-medium);
  }
  .font-semibold {
    --tw-font-weight: var(--font-weight-semibold);
    font-weight: var(--font-weight-semibold);
  }
  .tracking-tight {
    --tw-tracking: var(--tracking-tight);
    letter-spacing: var(--tracking-tight);
  }
  .whitespace-nowrap {
    white-space: nowrap;
  }
  .whitespace-pre-wrap {
    white-space: pre-wrap;
  }
  .text-amber-800 {
    color: var(--color-amber-800);
  }
  .text-amber-900 {
    color: var(--color-amber-900);
  }
  .text-blue-600 {
    color: var(--color-blue-600);
  }
  .text-gray-300 {
    color: var(--color-gray-300);
  }
  .text-gray-400 {
    color: var(--color-gray-400);
  }
  .text-gray-500 {
    color: var(--color-gray-500);
  }
  .text-gray-600 {
    color: var(--color-gray-600);
  }
  .text-gray-700 {
    color: var(--color-gray-700);
  }
  .text-gray-800 {
    color: var(--color-gray-800);
  }
  .text-gray-900 {
    color: var(--color-gray-900);
  }
  .text-indigo-600 {
    color: var(--color-indigo-600);
  }
  .text-red-500 {
    color: var(--color-red-500);
  }
  .text-red-600 {
    color: var(--color-red-600);
  }
  .text-white {
    color: var(--color-white);
  }
  .text-white\/50 {
    color: color-mix(in srgb, #fff 50%, transparent);
    @supports (color: color-mix(in lab, red, red)) {
      color: color-mix(in oklab, var(--color-white) 50%, transparent);
    }
  }
  .underline {
    text-decoration-line: underline;
  }
  .underline-offset-4 {
    text-underline-offset: 4px;
  }
  .antialiased {
    -webkit-font-smoothing: antialiased;
    -moz-osx-font-smoothing: grayscale;
  }
  .placeholder-gray-500 {
    &::placeholder {
      color: var(--color-gray-500);
    }
  }
  .opacity-0 {
    opacity: 0%;
  }
  .opacity-50 {
    opacity: 50%;
  }
  .opacity-90 {
    opacity: 90%;
  }
  .opacity-100 {
    opacity: 100%;
  }
  .shadow {
    --tw-shadow: 0 1px 3px 0 var(--tw-shadow-color, rgb(0 0 0 / 0.1)), 0 1px 2px -1px var(--tw-shadow-color, rgb(0 0 0 / 0.1));
    box-shadow: var(--tw-inset-shadow), var(--tw-inset-ring-shadow), var(--tw-ring-offset-shadow), var(--tw-ring-shadow), var(--tw-shadow);
  }
  .shadow-lg {
    --tw-shadow: 0 10px 15px -3px var(--tw-shadow-color, rgb(0 0 0 / 0.1)), 0 4px 6px -4px var(--tw-shadow-color, rgb(0 0 0 / 0.1));
    box-shadow: var(--tw-inset-shadow), var(--tw-inset-ring-shadow), var(--tw-ring-offset-shadow), var(--tw-ring-shadow), var(--tw-shadow);
  }
  .shadow-md {
    --tw-shadow: 0 4px 6px -1px var(--tw-shadow-color, rgb(0 0 0 / 0.1)), 0 2px 4px -2px var(--tw-shadow-color, rgb(0 0 0 / 0.1));
    box-shadow: var(--tw-inset-shadow), var(--tw-inset-ring-shadow), var(--tw-ring-offset-shadow), var(--tw-ring-shadow), var(--tw-shadow);
  }
  .shadow-sm {
    --tw-shadow: 0 1px 3px 0 var(--tw-shadow-color, rgb(0 0 0 / 0.1)), 0 1px 2px -1px var(--tw-shadow-color, rgb(0 0 0 / 0.1));
    box-shadow: var(--tw-inset-shadow), var(--tw-inset-ring-shadow), var(--tw-ring-offset-shadow), var(--tw-ring-shadow), var(--tw-shadow);
  }
  .shadow-xl {
    --tw-shadow: 0 20px 25px -5px var(--tw-shadow-color, rgb(0 0 0 / 0.1)), 0 8px 10px -6px var(--tw-shadow-color, rgb(0 0 0 / 0.1));
    box-shadow: var(--tw-inset-shadow), var(--tw-inset-ring-shadow), var(--tw-ring-offset-shadow), var(--tw-ring-shadow), var(--tw-shadow);
  }
  .ring-offset-white {
    --tw-ring-offset-color: var(--color-white);
  }
  .outline {
    outline-style: var(--tw-outline-style);
    outline-width: 1px;
  }
  .blur {
    --tw-blur: blur(8px);
    filter: var(--tw-blur,) var(--tw-brightness,) var(--tw-contrast,) var(--tw-grayscale,) var(--tw-hue-rotate,) var(--tw-invert,) var(--tw-saturate,) var(--tw-sepia,) var(--tw-drop-shadow,);
  }
  .invert {
    --tw-invert: invert(100%);
    filter: var(--tw-blur,) var(--tw-brightness,) var(--tw-contrast,) var(--tw-grayscale,) var(--tw-hue-rotate,) var(--tw-invert,) var(--tw-saturate,) var(--tw-sepia,) var(--tw-drop-shadow,);
  }
  .filter {
    filter: var(--tw-blur,) var(--tw-brightness,) var(--tw-contrast,) var(--tw-grayscale,) var(--tw-hue-rotate,) var(--tw-invert,) var(--tw-saturate,) var(--tw-sepia,) var(--tw-drop-shadow,);
  }
  .transition {
    transition-property: color, background-color, border-color, outline-color, text-decoration-color, fill, stroke, --tw-gradient-from, --tw-gradient-via, --tw-gradient-to, opacity, box-shadow, transform, translate, scale, rotate, filter, -webkit-backdrop-filter, backdrop-filter, display, content-visibility, overlay, pointer-events;
    transition-timing-function: var(--tw-ease, var(--default-transition-timing-function));
    transition-duration: var(--tw-duration, var(--default-transition-duration));
  }
  .transition-all {
    transition-property: all;
    transition-timing-function: var(--tw-ease, var(--default-transition-timing-function));
    transition-duration: var(--tw-duration, var(--default-transition-duration));
  }
  .transition-colors {
    transition-property: color, background-color, border-color, outline-color, text-decoration-color, fill, stroke, --tw-gradient-from, --tw-gradient-via, --tw-gradient-to;
    transition-timing-function: var(--tw-ease, var(--default-transition-timing-function));
    transition-duration: var(--tw-duration, var(--default-transition-duration));
  }
  .transition-opacity {
    transition-property: opacity;
    transition-timing-function: var(--tw-ease, var(--default-transition-timing-function));
    transition-duration: var(--tw-duration, var(--default-transition-duration));
  }
  .transition-shadow {
    transition-property: box-shadow;
    transition-timing-function: var(--tw-ease, var(--default-transition-timing-function));
    transition-duration: var(--tw-duration, var(--default-transition-duration));
  }
  .duration-200 {
    --tw-duration: 200ms;
    transition-duration: 200ms;
  }
  .ease-out {
    --tw-ease: var(--ease-out);
    transition-timing-function: var(--ease-out);
  }
  .outline-none {
    --tw-outline-style: none;
    outline-style: none;
  }
  .select-none {
    -webkit-user-select: none;
    user-select: none;
  }
  .\[program\:laravel-worker\] {
    program: laravel-worker;
  }
  .group-hover\:opacity-100 {
    &:is(:where(.group):hover *) {
      @media (hover: hover) {
        opacity: 100%;
      }
    }
  }
  .hover\:scale-105 {
    &:hover {
      @media (hover: hover) {
        --tw-scale-x: 105%;
        --tw-scale-y: 105%;
        --tw-scale-z: 105%;
        scale: var(--tw-scale-x) var(--tw-scale-y);
      }
    }
  }
  .hover\:scale-125 {
    &:hover {
      @media (hover: hover) {
        --tw-scale-x: 125%;
        --tw-scale-y: 125%;
        --tw-scale-z: 125%;
        scale: var(--tw-scale-x) var(--tw-scale-y);
      }
    }
  }
  .hover\:bg-gray-50 {
    &:hover {
      @media (hover: hover) {
        background-color: var(--color-gray-50);
      }
    }
  }
  .hover\:bg-gray-100 {
    &:hover {
      @media (hover: hover) {
        background-color: var(--color-gray-100);
      }
    }
  }
  .hover\:bg-gray-200 {
    &:hover {
      @media (hover: hover) {
        background-color: var(--color-gray-200);
      }
    }
  }
  .hover\:bg-gray-800 {
    &:hover {
      @media (hover: hover) {
        background-color: var(--color-gray-800);
      }
    }
  }
  .hover\:bg-indigo-700 {
    &:hover {
      @media (hover: hover) {
        background-color: var(--color-indigo-700);
      }
    }
  }
  .hover\:bg-red-700 {
    &:hover {
      @media (hover: hover) {
        background-color: var(--color-red-700);
      }
    }
  }
  .hover\:text-amber-900 {
    &:hover {
      @media (hover: hover) {
        color: var(--color-amber-900);
      }
    }
  }
  .hover\:text-blue-600 {
    &:hover {
      @media (hover: hover) {
        color: var(--color-blue-600);
      }
    }
  }
  .hover\:text-gray-900 {
    &:hover {
      @media (hover: hover) {
        color: var(--color-gray-900);
      }
    }
  }
  .hover\:text-white {
    &:hover {
      @media (hover: hover) {
        color: var(--color-white);
      }
    }
  }
  .hover\:underline {
    &:hover {
      @media (hover: hover) {
        text-decoration-line: underline;
      }
    }
  }
  .hover\:shadow-md {
    &:hover {
      @media (hover: hover) {
        --tw-shadow: 0 4px 6px -1px var(--tw-shadow-color, rgb(0 0 0 / 0.1)), 0 2px 4px -2px var(--tw-shadow-color, rgb(0 0 0 / 0.1));
        box-shadow: var(--tw-inset-shadow), var(--tw-inset-ring-shadow), var(--tw-ring-offset-shadow), var(--tw-ring-shadow), var(--tw-shadow);
      }
    }
  }
  .hover\:ring-2 {
    &:hover {
      @media (hover: hover) {
        --tw-ring-shadow: var(--tw-ring-inset,) 0 0 0 calc(2px + var(--tw-ring-offset-width)) var(--tw-ring-color, currentcolor);
        box-shadow: var(--tw-inset-shadow), var(--tw-inset-ring-shadow), var(--tw-ring-offset-shadow), var(--tw-ring-shadow), var(--tw-shadow);
      }
    }
  }
  .hover\:ring-gray-900 {
    &:hover {
      @media (hover: hover) {
        --tw-ring-color: var(--color-gray-900);
      }
    }
  }
  .hover\:ring-offset-1 {
    &:hover {
      @media (hover: hover) {
        --tw-ring-offset-width: 1px;
        --tw-ring-offset-shadow: var(--tw-ring-inset,) 0 0 0 var(--tw-ring-offset-width) var(--tw-ring-offset-color);
      }
    }
  }
  .hover\:ring-offset-2 {
    &:hover {
      @media (hover: hover) {
        --tw-ring-offset-width: 2px;
        --tw-ring-offset-shadow: var(--tw-ring-inset,) 0 0 0 var(--tw-ring-offset-width) var(--tw-ring-offset-color);
      }
    }
  }
  .focus\:z-10 {
    &:focus {
      z-index: 10;
    }
  }
  .focus\:border-indigo-500 {
    &:focus {
      border-color: var(--color-indigo-500);
    }
  }
  .focus\:border-transparent {
    &:focus {
      border-color: transparent;
    }
  }
  .focus\:opacity-100 {
    &:focus {
      opacity: 100%;
    }
  }
  .focus\:ring-2 {
    &:focus {
      --tw-ring-shadow: var(--tw-ring-inset,) 0 0 0 calc(2px + var(--tw-ring-offset-width)) var(--tw-ring-color, currentcolor);
      box-shadow: var(--tw-inset-shadow), var(--tw-inset-ring-shadow), var(--tw-ring-offset-shadow), var(--tw-ring-shadow), var(--tw-shadow);
    }
  }
  .focus\:ring-gray-900 {
    &:focus {
      --tw-ring-color: var(--color-gray-900);
    }
  }
  .focus\:ring-indigo-500 {
    &:focus {
      --tw-ring-color: var(--color-indigo-500);
    }
  }
  .focus\:ring-offset-2 {
    &:focus {
      --tw-ring-offset-width: 2px;
      --tw-ring-offset-shadow: var(--tw-ring-inset,) 0 0 0 var(--tw-ring-offset-width) var(--tw-ring-offset-color);
    }
  }
  .focus\:outline-none {
    &:focus {
      --tw-outline-style: none;
      outline-style: none;
    }
  }
  .focus-visible\:ring-1 {
    &:focus-visible {
      --tw-ring-shadow: var(--tw-ring-inset,) 0 0 0 calc(1px + var(--tw-ring-offset-width)) var(--tw-ring-color, currentcolor);
      box-shadow: var(--tw-inset-shadow), var(--tw-inset-ring-shadow), var(--tw-ring-offset-shadow), var(--tw-ring-shadow), var(--tw-shadow);
    }
  }
  .focus-visible\:outline-none {
    &:focus-visible {
      --tw-outline-style: none;
      outline-style: none;
    }
  }
  .active\:bg-gray-200 {
    &:active {
      background-color: var(--color-gray-200);
    }
  }
  .disabled\:pointer-events-none {
    &:disabled {
      pointer-events: none;
    }
  }
  .disabled\:cursor-not-allowed {
    &:disabled {
      cursor: not-allowed;
    }
  }
  .disabled\:opacity-50 {
    &:disabled {
      opacity: 50%;
    }
  }
  .data-\[disabled\]\:pointer-events-none {
    &[data-disabled] {
      pointer-events: none;
    }
  }
  .data-\[disabled\]\:opacity-50 {
    &[data-disabled] {
      opacity: 50%;
    }
  }
  .data-\[swipe\=cancel\]\:translate-x-0 {
    &[data-swipe="cancel"] {
      --tw-translate-x: calc(var(--spacing) * 0);
      translate: var(--tw-translate-x) var(--tw-translate-y);
    }
  }
  .data-\[swipe\=end\]\:translate-x-\[var\(--radix-toast-swipe-end-x\)\] {
    &[data-swipe="end"] {
      --tw-translate-x: var(--radix-toast-swipe-end-x);
      translate: var(--tw-translate-x) var(--tw-translate-y);
    }
  }
  .data-\[swipe\=move\]\:translate-x-\[var\(--radix-toast-swipe-move-x\)\] {
    &[data-swipe="move"] {
      --tw-translate-x: var(--radix-toast-swipe-move-x);
      translate: var(--tw-translate-x) var(--tw-translate-y);
    }
  }
  .data-\[swipe\=move\]\:transition-none {
    &[data-swipe="move"] {
      transition-property: none;
    }
  }
  .sm\:top-auto {
    @media (width >= 40rem) {
      top: auto;
    }
  }
  .sm\:right-0 {
    @media (width >= 40rem) {
      right: calc(var(--spacing) * 0);
    }
  }
  .sm\:bottom-0 {
    @media (width >= 40rem) {
      bottom: calc(var(--spacing) * 0);
    }
  }
  .sm\:mt-0 {
    @media (width >= 40rem) {
      margin-top: calc(var(--spacing) * 0);
    }
  }
  .sm\:flex-col {
    @media (width >= 40rem) {
      flex-direction: column;
    }
  }
  .sm\:flex-row {
    @media (width >= 40rem) {
      flex-direction: row;
    }
  }
  .sm\:justify-end {
    @media (width >= 40rem) {
      justify-content: flex-end;
    }
  }
  .sm\:space-x-2 {
    @media (width >= 40rem) {
      :where(& > :not(:last-child)) {
        --tw-space-x-reverse: 0;
        margin-inline-start: calc(calc(var(--spacing) * 2) * var(--tw-space-x-reverse));
        margin-inline-end: calc(calc(var(--spacing) * 2) * calc(1 - var(--tw-space-x-reverse)));
      }
    }
  }
  .sm\:rounded-lg {
    @media (width >= 40rem) {
      border-radius: var(--radius-lg);
    }
  }
  .sm\:px-6 {
    @media (width >= 40rem) {
      padding-inline: calc(var(--spacing) * 6);
    }
  }
  .sm\:text-left {
    @media (width >= 40rem) {
      text-align: left;
    }
  }
  .sm\:text-sm {
    @media (width >= 40rem) {
      font-size: var(--text-sm);
      line-height: var(--tw-leading, var(--text-sm--line-height));
    }
  }
  .md\:max-w-\[420px\] {
    @media (width >= 48rem) {
      max-width: 420px;
    }
  }
  .lg\:px-8 {
    @media (width >= 64rem) {
      padding-inline: calc(var(--spacing) * 8);
    }
  }
  .\[\&_svg\]\:pointer-events-none {
    & svg {
      pointer-events: none;
    }
  }
  .\[\&_svg\]\:size-4 {
    & svg {
      width: calc(var(--spacing) * 4);
      height: calc(var(--spacing) * 4);
    }
  }
  .\[\&_svg\]\:shrink-0 {
    & svg {
      flex-shrink: 0;
    }
  }
}
@property --tw-translate-x {
  syntax: "*";
  inherits: false;
  initial-value: 0;
}
@property --tw-translate-y {
  syntax: "*";
  inherits: false;
  initial-value: 0;
}
@property --tw-translate-z {
  syntax: "*";
  inherits: false;
  initial-value: 0;
}
@property --tw-scale-x {
  syntax: "*";
  inherits: false;
  initial-value: 1;
}
@property --tw-scale-y {
  syntax: "*";
  inherits: false;
  initial-value: 1;
}
@property --tw-scale-z {
  syntax: "*";
  inherits: false;
  initial-value: 1;
}
@property --tw-rotate-x {
  syntax: "*";
  inherits: false;
}
@property --tw-rotate-y {
  syntax: "*";
  inherits: false;
}
@property --tw-rotate-z {
  syntax: "*";
  inherits: false;
}
@property --tw-skew-x {
  syntax: "*";
  inherits: false;
}
@property --tw-skew-y {
  syntax: "*";
  inherits: false;
}
@property --tw-space-y-reverse {
  syntax: "*";
  inherits: false;
  initial-value: 0;
}
@property --tw-space-x-reverse {
  syntax: "*";
  inherits: false;
  initial-value: 0;
}
@property --tw-border-style {
  syntax: "*";
  inherits: false;
  initial-value: solid;
}
@property --tw-gradient-position {
  syntax: "*";
  inherits: false;
}
@property --tw-gradient-from {
  syntax: "<color>";
  inherits: false;
  initial-value: #0000;
}
@property --tw-gradient-via {
  syntax: "<color>";
  inherits: false;
  initial-value: #0000;
}
@property --tw-gradient-to {
  syntax: "<color>";
  inherits: false;
  initial-value: #0000;
}
@property --tw-gradient-stops {
  syntax: "*";
  inherits: false;
}
@property --tw-gradient-via-stops {
  syntax: "*";
  inherits: false;
}
@property --tw-gradient-from-position {
  syntax: "<length-percentage>";
  inherits: false;
  initial-value: 0%;
}
@property --tw-gradient-via-position {
  syntax: "<length-percentage>";
  inherits: false;
  initial-value: 50%;
}
@property --tw-gradient-to-position {
  syntax: "<length-percentage>";
  inherits: false;
  initial-value: 100%;
}
@property --tw-leading {
  syntax: "*";
  inherits: false;
}
@property --tw-font-weight {
  syntax: "*";
  inherits: false;
}
@property --tw-tracking {
  syntax: "*";
  inherits: false;
}
@property --tw-shadow {
  syntax: "*";
  inherits: false;
  initial-value: 0 0 #0000;
}
@property --tw-shadow-color {
  syntax: "*";
  inherits: false;
}
@property --tw-shadow-alpha {
  syntax: "<percentage>";
  inherits: false;
  initial-value: 100%;
}
@property --tw-inset-shadow {
  syntax: "*";
  inherits: false;
  initial-value: 0 0 #0000;
}
@property --tw-inset-shadow-color {
  syntax: "*";
  inherits: false;
}
@property --tw-inset-shadow-alpha {
  syntax: "<percentage>";
  inherits: false;
  initial-value: 100%;
}
@property --tw-ring-color {
  syntax: "*";
  inherits: false;
}
@property --tw-ring-shadow {
  syntax: "*";
  inherits: false;
  initial-value: 0 0 #0000;
}
@property --tw-inset-ring-color {
  syntax: "*";
  inherits: false;
}
@property --tw-inset-ring-shadow {
  syntax: "*";
  inherits: false;
  initial-value: 0 0 #0000;
}
@property --tw-ring-inset {
  syntax: "*";
  inherits: false;
}
@property --tw-ring-offset-width {
  syntax: "<length>";
  inherits: false;
  initial-value: 0px;
}
@property --tw-ring-offset-color {
  syntax: "*";
  inherits: false;
  initial-value: #fff;
}
@property --tw-ring-offset-shadow {
  syntax: "*";
  inherits: false;
  initial-value: 0 0 #0000;
}
@property --tw-outline-style {
  syntax: "*";
  inherits: false;
  initial-value: solid;
}
@property --tw-blur {
  syntax: "*";
  inherits: false;
}
@property --tw-brightness {
  syntax: "*";
  inherits: false;
}
@property --tw-contrast {
  syntax: "*";
  inherits: false;
}
@property --tw-grayscale {
  syntax: "*";
  inherits: false;
}
@property --tw-hue-rotate {
  syntax: "*";
  inherits: false;
}
@property --tw-invert {
  syntax: "*";
  inherits: false;
}
@property --tw-opacity {
  syntax: "*";
  inherits: false;
}
@property --tw-saturate {
  syntax: "*";
  inherits: false;
}
@property --tw-sepia {
  syntax: "*";
  inherits: false;
}
@property --tw-drop-shadow {
  syntax: "*";
  inherits: false;
}
@property --tw-drop-shadow-color {
  syntax: "*";
  inherits: false;
}
@property --tw-drop-shadow-alpha {
  syntax: "<percentage>";
  inherits: false;
  initial-value: 100%;
}
@property --tw-drop-shadow-size {
  syntax: "*";
  inherits: false;
}
@property --tw-duration {
  syntax: "*";
  inherits: false;
}
@property --tw-ease {
  syntax: "*";
  inherits: false;
}
@keyframes spin {
  to {
    transform: rotate(360deg);
  }
}
@keyframes pulse {
  50% {
    opacity: 0.5;
  }
}
@layer properties {
  @supports ((-webkit-hyphens: none) and (not (margin-trim: inline))) or ((-moz-orient: inline) and (not (color:rgb(from red r g b)))) {
    *, ::before, ::after, ::backdrop {
      --tw-translate-x: 0;
      --tw-translate-y: 0;
      --tw-translate-z: 0;
      --tw-scale-x: 1;
      --tw-scale-y: 1;
      --tw-scale-z: 1;
      --tw-rotate-x: initial;
      --tw-rotate-y: initial;
      --tw-rotate-z: initial;
      --tw-skew-x: initial;
      --tw-skew-y: initial;
      --tw-space-y-reverse: 0;
      --tw-space-x-reverse: 0;
      --tw-border-style: solid;
      --tw-gradient-position: initial;
      --tw-gradient-from: #0000;
      --tw-gradient-via: #0000;
      --tw-gradient-to: #0000;
      --tw-gradient-stops: initial;
      --tw-gradient-via-stops: initial;
      --tw-gradient-from-position: 0%;
      --tw-gradient-via-position: 50%;
      --tw-gradient-to-position: 100%;
      --tw-leading: initial;
      --tw-font-weight: initial;
      --tw-tracking: initial;
      --tw-shadow: 0 0 #0000;
      --tw-shadow-color: initial;
      --tw-shadow-alpha: 100%;
      --tw-inset-shadow: 0 0 #0000;
      --tw-inset-shadow-color: initial;
      --tw-inset-shadow-alpha: 100%;
      --tw-ring-color: initial;
      --tw-ring-shadow: 0 0 #0000;
      --tw-inset-ring-color: initial;
      --tw-inset-ring-shadow: 0 0 #0000;
      --tw-ring-inset: initial;
      --tw-ring-offset-width: 0px;
      --tw-ring-offset-color: #fff;
      --tw-ring-offset-shadow: 0 0 #0000;
      --tw-outline-style: solid;
      --tw-blur: initial;
      --tw-brightness: initial;
      --tw-contrast: initial;
      --tw-grayscale: initial;
      --tw-hue-rotate: initial;
      --tw-invert: initial;
      --tw-opacity: initial;
      --tw-saturate: initial;
      --tw-sepia: initial;
      --tw-drop-shadow: initial;
      --tw-drop-shadow-color: initial;
      --tw-drop-shadow-alpha: 100%;
      --tw-drop-shadow-size: initial;
      --tw-duration: initial;
      --tw-ease: initial;
    }
  }
}
</style><style>
    #nprogress {
      pointer-events: none;
    }

    #nprogress .bar {
      background: #4B5563;

      position: fixed;
      z-index: 1031;
      top: 0;
      left: 0;

      width: 100%;
      height: 2px;
    }

    #nprogress .peg {
      display: block;
      position: absolute;
      right: 0px;
      width: 100px;
      height: 100%;
      box-shadow: 0 0 10px #4B5563, 0 0 5px #4B5563;
      opacity: 1.0;

      transform: rotate(3deg) translate(0px, -4px);
    }

    #nprogress .spinner {
      display: block;
      position: fixed;
      z-index: 1031;
      top: 15px;
      right: 15px;
    }

    #nprogress .spinner-icon {
      width: 18px;
      height: 18px;
      box-sizing: border-box;

      border: solid 2px transparent;
      border-top-color: #4B5563;
      border-left-color: #4B5563;
      border-radius: 50%;

      animation: nprogress-spinner 400ms linear infinite;
    }

    .nprogress-custom-parent {
      overflow: hidden;
      position: relative;
    }

    .nprogress-custom-parent #nprogress .spinner,
    .nprogress-custom-parent #nprogress .bar {
      position: absolute;
    }

    @keyframes nprogress-spinner {
      0%   { transform: rotate(0deg); }
      100% { transform: rotate(360deg); }
    }
  </style></head>

<body class="font-sans antialiased" style="margin-bottom: 32px;">
    <div id="app" data-page="{&quot;component&quot;:&quot;Auth\/Login&quot;,&quot;props&quot;:[],&quot;url&quot;:&quot;\/login&quot;,&quot;version&quot;:&quot;&quot;,&quot;clearHistory&quot;:false,&quot;encryptHistory&quot;:false}"><div class="min-h-screen bg-gradient-to-br from-gray-50 to-gray-100"><header class="bg-white border-b border-gray-200 sticky top-0 z-10 shadow-sm"><div class="max-w-5xl mx-auto px-4 py-4"><div class="flex items-center justify-between"><div><h1 class="text-2xl font-bold text-gray-900">Reactions Demo</h1><p class="text-sm text-gray-500 mt-1">Facebook-like reaction system</p></div><a class="inline-flex items-center gap-2 px-6 py-2.5 text-sm font-medium text-white bg-gray-900 hover:bg-gray-800 rounded-lg transition-colors shadow-sm" href="/login"><svg xmlns="http://www.w3.org/2000/svg" width="24" height="24" viewBox="0 0 24 24" fill="none" stroke="currentColor" stroke-width="2" stroke-linecap="round" stroke-linejoin="round" class="lucide lucide-user w-4 h-4" aria-hidden="true"><path d="M19 21v-2a4 4 0 0 0-4-4H9a4 4 0 0 0-4 4v2"></path><circle cx="12" cy="7" r="4"></circle></svg>Login to React</a></div></div></header><main class="max-w-5xl mx-auto px-4 py-8"><div class="mb-8 p-6 bg-gradient-to-r from-amber-50 to-yellow-50 border border-amber-200 rounded-xl shadow-sm"><div class="flex items-start gap-4"><div class="flex-shrink-0 w-10 h-10 bg-amber-100 rounded-full flex items-center justify-center"><span class="text-xl">💡</span></div><div><h3 class="text-sm font-semibold text-amber-900 mb-1">Login Required</h3><p class="text-sm text-amber-800">You need to be logged in to add reactions to posts. <a class="underline font-medium hover:text-amber-900" href="/login">Click here to login</a></p></div></div></div><div class="space-y-6"><article class="bg-white rounded-xl shadow-sm border border-gray-200 overflow-hidden hover:shadow-md transition-shadow"><div class="p-6"><h2 class="text-xl font-bold text-gray-900 mb-3">Welcome to Our Reaction System!</h2><p class="text-gray-600 leading-relaxed mb-6">This is a demonstration of our Facebook-like reaction system. Hover over the Like button to see all available reactions! You can express yourself with 👍 Like, ❤️ Love, 😂 Haha, 😮 Wow, 😢 Sad, or 😠 Angry.</p><div class="pt-4 border-t border-gray-100"><div class="flex items-center gap-3"><button data-testid="reaction-button-like" class="
                            group inline-flex items-center gap-1.5 px-3 py-1.5 rounded-md font-medium text-sm transition-all duration-200
                            bg-white text-gray-700 hover:bg-gray-50 border border-gray-300
                            cursor-pointer hover:scale-105
                        " type="button" id="radix-_r_0_" aria-haspopup="menu" aria-expanded="false" data-state="closed"><span class="text-base">👍</span><span class="font-medium text-sm">Like</span></button><div class="flex items-center gap-1.5"><button data-testid="reaction-count-haha" class="
                                    inline-flex items-center gap-1 px-2 py-1 rounded-full text-xs font-medium transition-all
                                    bg-gray-100 text-gray-700 hover:bg-gray-200
                                    cursor-pointer hover:scale-105
                                "><span class="text-base">😂</span><span>13</span></button><button data-testid="reaction-count-love" class="
                                    inline-flex items-center gap-1 px-2 py-1 rounded-full text-xs font-medium transition-all
                                    bg-gray-100 text-gray-700 hover:bg-gray-200
                                    cursor-pointer hover:scale-105
                                "><span class="text-base">❤️</span><span>11</span></button><button data-testid="reaction-count-angry" class="
                                    inline-flex items-center gap-1 px-2 py-1 rounded-full text-xs font-medium transition-all
                                    bg-gray-100 text-gray-700 hover:bg-gray-200
                                    cursor-pointer hover:scale-105
                                "><span class="text-base">😠</span><span>8</span></button><button data-testid="reaction-count-like" class="
                                    inline-flex items-center gap-1 px-2 py-1 rounded-full text-xs font-medium transition-all
                                    bg-gray-100 text-gray-700 hover:bg-gray-200
                                    cursor-pointer hover:scale-105
                                "><span class="text-base">👍</span><span>6</span></button><button data-testid="reaction-count-sad" class="
                                    inline-flex items-center gap-1 px-2 py-1 rounded-full text-xs font-medium transition-all
                                    bg-gray-100 text-gray-700 hover:bg-gray-200
                                    cursor-pointer hover:scale-105
                                "><span class="text-base">😢</span><span>6</span></button><button data-testid="reaction-count-wow" class="
                                    inline-flex items-center gap-1 px-2 py-1 rounded-full text-xs font-medium transition-all
                                    bg-gray-100 text-gray-700 hover:bg-gray-200
                                    cursor-pointer hover:scale-105
                                "><span class="text-base">😮</span><span>5</span></button><button class="p-1.5 hover:bg-gray-100 rounded-full transition-colors" title="See who reacted"><svg xmlns="http://www.w3.org/2000/svg" width="24" height="24" viewBox="0 0 24 24" fill="none" stroke="currentColor" stroke-width="2" stroke-linecap="round" stroke-linejoin="round" class="lucide lucide-chevron-down w-4 h-4 text-gray-600" aria-hidden="true"><path d="m6 9 6 6 6-6"></path></svg></button></div></div></div><div class="pt-6 border-t border-gray-100 mt-6"><div class="space-y-3"><div class="flex items-center justify-between"><div class="flex items-center gap-2"><svg xmlns="http://www.w3.org/2000/svg" width="24" height="24" viewBox="0 0 24 24" fill="none" stroke="currentColor" stroke-width="2" stroke-linecap="round" stroke-linejoin="round" class="lucide lucide-message-square w-4 h-4 text-gray-600" aria-hidden="true"><path d="M22 17a2 2 0 0 1-2 2H6.828a2 2 0 0 0-1.414.586l-2.202 2.202A.71.71 0 0 1 2 21.286V5a2 2 0 0 1 2-2h16a2 2 0 0 1 2 2z"></path></svg><h3 class="text-base font-semibold text-gray-900">Comments (36)</h3></div><button data-testid="add-comment-button" class="px-3 py-1.5 text-sm font-medium text-white bg-gray-900 rounded-md hover:bg-gray-800 transition-colors">Add Comment</button></div><div class="space-y-2"><div class=""><div class="bg-white rounded-md border border-gray-200 p-3"><div class="flex items-start justify-between mb-2"><div class="flex items-center gap-2"><div class="w-8 h-8 bg-gradient-to-br from-gray-700 to-gray-900 rounded-full flex items-center justify-center text-white font-semibold text-sm flex-shrink-0 cursor-pointer hover:ring-2 hover:ring-gray-900 hover:ring-offset-1 transition-all">T</div><div><div class="flex items-center gap-1.5"><span class="text-sm font-semibold text-gray-900 cursor-pointer hover:underline">Test User</span></div><span class="text-xs text-gray-500">Nov 30, 2025, 07:57 PM</span></div></div><button class="p-1 hover:bg-gray-100 rounded-full transition-colors" type="button" id="radix-_r_2_" aria-haspopup="menu" aria-expanded="false" data-state="closed"><svg xmlns="http://www.w3.org/2000/svg" width="24" height="24" viewBox="0 0 24 24" fill="none" stroke="currentColor" stroke-width="2" stroke-linecap="round" stroke-linejoin="round" class="lucide lucide-ellipsis-vertical w-4 h-4 text-gray-600" aria-hidden="true"><circle cx="12" cy="12" r="1"></circle><circle cx="12" cy="5" r="1"></circle><circle cx="12" cy="19" r="1"></circle></svg></button></div><p class="text-sm text-gray-800 whitespace-pre-wrap mb-2">Test comment 1764518241645</p><div class="flex items-center gap-3"><div class="flex items-center gap-3"><button data-testid="reaction-button-like" class="
                            group inline-flex items-center gap-1.5 px-3 py-1.5 rounded-md font-medium text-sm transition-all duration-200
                            bg-white text-gray-700 hover:bg-gray-50 border border-gray-300
                            cursor-pointer hover:scale-105
                        " type="button" id="radix-_r_4_" aria-haspopup="menu" aria-expanded="false" data-state="closed"><span class="text-base">👍</span><span class="font-medium text-sm">Like</span></button></div><button data-testid="reply-button" class="flex items-center gap-1 text-sm text-gray-600 hover:text-gray-900 transition-colors"><svg xmlns="http://www.w3.org/2000/svg" width="24" height="24" viewBox="0 0 24 24" fill="none" stroke="currentColor" stroke-width="2" stroke-linecap="round" stroke-linejoin="round" class="lucide lucide-reply w-4 h-4" aria-hidden="true"><path d="M20 18v-2a4 4 0 0 0-4-4H4"></path><path d="m9 17-5-5 5-5"></path></svg>Reply</button></div></div></div><div class=""><div class="bg-white rounded-md border border-gray-200 p-3"><div class="flex items-start justify-between mb-2"><div class="flex items-center gap-2"><div class="w-8 h-8 bg-gradient-to-br from-gray-700 to-gray-900 rounded-full flex items-center justify-center text-white font-semibold text-sm flex-shrink-0 cursor-pointer hover:ring-2 hover:ring-gray-900 hover:ring-offset-1 transition-all">T</div><div><div class="flex items-center gap-1.5"><span class="text-sm font-semibold text-gray-900 cursor-pointer hover:underline">Test User</span></div><span class="text-xs text-gray-500">Nov 30, 2025, 07:54 PM</span></div></div><button class="p-1 hover:bg-gray-100 rounded-full transition-colors" type="button" id="radix-_r_9_" aria-haspopup="menu" aria-expanded="false" data-state="closed"><svg xmlns="http://www.w3.org/2000/svg" width="24" height="24" viewBox="0 0 24 24" fill="none" stroke="currentColor" stroke-width="2" stroke-linecap="round" stroke-linejoin="round" class="lucide lucide-ellipsis-vertical w-4 h-4 text-gray-600" aria-hidden="true"><circle cx="12" cy="12" r="1"></circle><circle cx="12" cy="5" r="1"></circle><circle cx="12" cy="19" r="1"></circle></svg></button></div><p class="text-sm text-gray-800 whitespace-pre-wrap mb-2">Test comment 1764518097186</p><div class="flex items-center gap-3"><div class="flex items-center gap-3"><button data-testid="reaction-button-like" class="
                            group inline-flex items-center gap-1.5 px-3 py-1.5 rounded-md font-medium text-sm transition-all duration-200
                            bg-white text-gray-700 hover:bg-gray-50 border border-gray-300
                            cursor-pointer hover:scale-105
                        " type="button" id="radix-_r_b_" aria-haspopup="menu" aria-expanded="false" data-state="closed"><span class="text-base">👍</span><span class="font-medium text-sm">Like</span></button></div><button data-testid="reply-button" class="flex items-center gap-1 text-sm text-gray-600 hover:text-gray-900 transition-colors"><svg xmlns="http://www.w3.org/2000/svg" width="24" height="24" viewBox="0 0 24 24" fill="none" stroke="currentColor" stroke-width="2" stroke-linecap="round" stroke-linejoin="round" class="lucide lucide-reply w-4 h-4" aria-hidden="true"><path d="M20 18v-2a4 4 0 0 0-4-4H4"></path><path d="m9 17-5-5 5-5"></path></svg>Reply</button></div></div><div class="mt-2 space-y-2"><div class="ml-10"><div class="bg-white rounded-md border border-gray-200 p-3"><div class="flex items-start justify-between mb-2"><div class="flex items-center gap-2"><div class="w-8 h-8 bg-gradient-to-br from-gray-700 to-gray-900 rounded-full flex items-center justify-center text-white font-semibold text-sm flex-shrink-0 cursor-pointer hover:ring-2 hover:ring-gray-900 hover:ring-offset-1 transition-all">T</div><div><div class="flex items-center gap-1.5"><span class="text-sm font-semibold text-gray-900 cursor-pointer hover:underline">Test User</span></div><span class="text-xs text-gray-500">Nov 30, 2025, 07:57 PM</span></div></div><button class="p-1 hover:bg-gray-100 rounded-full transition-colors" type="button" id="radix-_r_d_" aria-haspopup="menu" aria-expanded="false" data-state="closed"><svg xmlns="http://www.w3.org/2000/svg" width="24" height="24" viewBox="0 0 24 24" fill="none" stroke="currentColor" stroke-width="2" stroke-linecap="round" stroke-linejoin="round" class="lucide lucide-ellipsis-vertical w-4 h-4 text-gray-600" aria-hidden="true"><circle cx="12" cy="12" r="1"></circle><circle cx="12" cy="5" r="1"></circle><circle cx="12" cy="19" r="1"></circle></svg></button></div><p class="text-sm text-gray-800 whitespace-pre-wrap mb-2">Test reply 1764518242023</p><div class="flex items-center gap-3"><div class="flex items-center gap-3"><button data-testid="reaction-button-like" class="
                            group inline-flex items-center gap-1.5 px-3 py-1.5 rounded-md font-medium text-sm transition-all duration-200
                            bg-white text-gray-700 hover:bg-gray-50 border border-gray-300
                            cursor-pointer hover:scale-105
                        " type="button" id="radix-_r_f_" aria-haspopup="menu" aria-expanded="false" data-state="closed"><span class="text-base">👍</span><span class="font-medium text-sm">Like</span></button></div></div></div></div></div></div><div class=""><div class="bg-white rounded-md border border-gray-200 p-3"><div class="flex items-start justify-between mb-2"><div class="flex items-center gap-2"><div class="w-8 h-8 bg-gradient-to-br from-gray-700 to-gray-900 rounded-full flex items-center justify-center text-white font-semibold text-sm flex-shrink-0 cursor-pointer hover:ring-2 hover:ring-gray-900 hover:ring-offset-1 transition-all">T</div><div><div class="flex items-center gap-1.5"><span class="text-sm font-semibold text-gray-900 cursor-pointer hover:underline">Test User</span></div><span class="text-xs text-gray-500">Nov 30, 2025, 07:52 PM</span></div></div><button class="p-1 hover:bg-gray-100 rounded-full transition-colors" type="button" id="radix-_r_n_" aria-haspopup="menu" aria-expanded="false" data-state="closed"><svg xmlns="http://www.w3.org/2000/svg" width="24" height="24" viewBox="0 0 24 24" fill="none" stroke="currentColor" stroke-width="2" stroke-linecap="round" stroke-linejoin="round" class="lucide lucide-ellipsis-vertical w-4 h-4 text-gray-600" aria-hidden="true"><circle cx="12" cy="12" r="1"></circle><circle cx="12" cy="5" r="1"></circle><circle cx="12" cy="19" r="1"></circle></svg></button></div><p class="text-sm text-gray-800 whitespace-pre-wrap mb-2">Test comment 1764517923365</p><div class="flex items-center gap-3"><div class="flex items-center gap-3"><button data-testid="reaction-button-like" class="
                            group inline-flex items-center gap-1.5 px-3 py-1.5 rounded-md font-medium text-sm transition-all duration-200
                            bg-white text-gray-700 hover:bg-gray-50 border border-gray-300
                            cursor-pointer hover:scale-105
                        " type="button" id="radix-_r_p_" aria-haspopup="menu" aria-expanded="false" data-state="closed"><span class="text-base">👍</span><span class="font-medium text-sm">Like</span></button></div><button data-testid="reply-button" class="flex items-center gap-1 text-sm text-gray-600 hover:text-gray-900 transition-colors"><svg xmlns="http://www.w3.org/2000/svg" width="24" height="24" viewBox="0 0 24 24" fill="none" stroke="currentColor" stroke-width="2" stroke-linecap="round" stroke-linejoin="round" class="lucide lucide-reply w-4 h-4" aria-hidden="true"><path d="M20 18v-2a4 4 0 0 0-4-4H4"></path><path d="m9 17-5-5 5-5"></path></svg>Reply</button></div></div><div class="mt-2 space-y-2"><div class="ml-10"><div class="bg-white rounded-md border border-gray-200 p-3"><div class="flex items-start justify-between mb-2"><div class="flex items-center gap-2"><div class="w-8 h-8 bg-gradient-to-br from-gray-700 to-gray-900 rounded-full flex items-center justify-center text-white font-semibold text-sm flex-shrink-0 cursor-pointer hover:ring-2 hover:ring-gray-900 hover:ring-offset-1 transition-all">T</div><div><div class="flex items-center gap-1.5"><span class="text-sm font-semibold text-gray-900 cursor-pointer hover:underline">Test User</span></div><span class="text-xs text-gray-500">Nov 30, 2025, 07:54 PM</span></div></div><button class="p-1 hover:bg-gray-100 rounded-full transition-colors" type="button" id="radix-_r_r_" aria-haspopup="menu" aria-expanded="false" data-state="closed"><svg xmlns="http://www.w3.org/2000/svg" width="24" height="24" viewBox="0 0 24 24" fill="none" stroke="currentColor" stroke-width="2" stroke-linecap="round" stroke-linejoin="round" class="lucide lucide-ellipsis-vertical w-4 h-4 text-gray-600" aria-hidden="true"><circle cx="12" cy="12" r="1"></circle><circle cx="12" cy="5" r="1"></circle><circle cx="12" cy="19" r="1"></circle></svg></button></div><p class="text-sm text-gray-800 whitespace-pre-wrap mb-2">Test reply 1764518096026</p><div class="flex items-center gap-3"><div class="flex items-center gap-3"><button data-testid="reaction-button-like" class="
                            group inline-flex items-center gap-1.5 px-3 py-1.5 rounded-md font-medium text-sm transition-all duration-200
                            bg-white text-gray-700 hover:bg-gray-50 border border-gray-300
                            cursor-pointer hover:scale-105
                        " type="button" id="radix-_r_t_" aria-haspopup="menu" aria-expanded="false" data-state="closed"><span class="text-base">👍</span><span class="font-medium text-sm">Like</span></button></div></div></div></div></div></div><div class=""><div class="bg-white rounded-md border border-gray-200 p-3"><div class="flex items-start justify-between mb-2"><div class="flex items-center gap-2"><div class="w-8 h-8 bg-gradient-to-br from-gray-700 to-gray-900 rounded-full flex items-center justify-center text-white font-semibold text-sm flex-shrink-0 cursor-pointer hover:ring-2 hover:ring-gray-900 hover:ring-offset-1 transition-all">T</div><div><div class="flex items-center gap-1.5"><span class="text-sm font-semibold text-gray-900 cursor-pointer hover:underline">Test User</span></div><span class="text-xs text-gray-500">Nov 30, 2025, 07:28 PM</span></div></div><button class="p-1 hover:bg-gray-100 rounded-full transition-colors" type="button" id="radix-_r_15_" aria-haspopup="menu" aria-expanded="false" data-state="closed"><svg xmlns="http://www.w3.org/2000/svg" width="24" height="24" viewBox="0 0 24 24" fill="none" stroke="currentColor" stroke-width="2" stroke-linecap="round" stroke-linejoin="round" class="lucide lucide-ellipsis-vertical w-4 h-4 text-gray-600" aria-hidden="true"><circle cx="12" cy="12" r="1"></circle><circle cx="12" cy="5" r="1"></circle><circle cx="12" cy="19" r="1"></circle></svg></button></div><p class="text-sm text-gray-800 whitespace-pre-wrap mb-2">sgsgs</p><div class="flex items-center gap-3"><div class="flex items-center gap-3"><button data-testid="reaction-button-like" class="
                            group inline-flex items-center gap-1.5 px-3 py-1.5 rounded-md font-medium text-sm transition-all duration-200
                            bg-white text-gray-700 hover:bg-gray-50 border border-gray-300
                            cursor-pointer hover:scale-105
                        " type="button" id="radix-_r_17_" aria-haspopup="menu" aria-expanded="false" data-state="closed"><span class="text-base">👍</span><span class="font-medium text-sm">Like</span></button></div><button data-testid="reply-button" class="flex items-center gap-1 text-sm text-gray-600 hover:text-gray-900 transition-colors"><svg xmlns="http://www.w3.org/2000/svg" width="24" height="24" viewBox="0 0 24 24" fill="none" stroke="currentColor" stroke-width="2" stroke-linecap="round" stroke-linejoin="round" class="lucide lucide-reply w-4 h-4" aria-hidden="true"><path d="M20 18v-2a4 4 0 0 0-4-4H4"></path><path d="m9 17-5-5 5-5"></path></svg>Reply</button></div></div><div class="mt-2 space-y-2"><div class="ml-10"><div class="bg-white rounded-md border border-gray-200 p-3"><div class="flex items-start justify-between mb-2"><div class="flex items-center gap-2"><div class="w-8 h-8 bg-gradient-to-br from-gray-700 to-gray-900 rounded-full flex items-center justify-center text-white font-semibold text-sm flex-shrink-0 cursor-pointer hover:ring-2 hover:ring-gray-900 hover:ring-offset-1 transition-all">T</div><div><div class="flex items-center gap-1.5"><span class="text-sm font-semibold text-gray-900 cursor-pointer hover:underline">Test User</span></div><span class="text-xs text-gray-500">Nov 30, 2025, 07:52 PM</span></div></div><button class="p-1 hover:bg-gray-100 rounded-full transition-colors" type="button" id="radix-_r_19_" aria-haspopup="menu" aria-expanded="false" data-state="closed"><svg xmlns="http://www.w3.org/2000/svg" width="24" height="24" viewBox="0 0 24 24" fill="none" stroke="currentColor" stroke-width="2" stroke-linecap="round" stroke-linejoin="round" class="lucide lucide-ellipsis-vertical w-4 h-4 text-gray-600" aria-hidden="true"><circle cx="12" cy="12" r="1"></circle><circle cx="12" cy="5" r="1"></circle><circle cx="12" cy="19" r="1"></circle></svg></button></div><p class="text-sm text-gray-800 whitespace-pre-wrap mb-2">Test reply 1764517923381</p><div class="flex items-center gap-3"><div class="flex items-center gap-3"><button data-testid="reaction-button-like" class="
                            group inline-flex items-center gap-1.5 px-3 py-1.5 rounded-md font-medium text-sm transition-all duration-200
                            bg-white text-gray-700 hover:bg-gray-50 border border-gray-300
                            cursor-pointer hover:scale-105
                        " type="button" id="radix-_r_1b_" aria-haspopup="menu" aria-expanded="false" data-state="closed"><span class="text-base">👍</span><span class="font-medium text-sm">Like</span></button></div></div></div></div><div class="ml-10"><div class="bg-white rounded-md border border-gray-200 p-3"><div class="flex items-start justify-between mb-2"><div class="flex items-center gap-2"><div class="w-8 h-8 bg-gradient-to-br from-gray-700 to-gray-900 rounded-full flex items-center justify-center text-white font-semibold text-sm flex-shrink-0 cursor-pointer hover:ring-2 hover:ring-gray-900 hover:ring-offset-1 transition-all">T</div><div><div class="flex items-center gap-1.5"><span class="text-sm font-semibold text-gray-900 cursor-pointer hover:underline">Test User</span></div><span class="text-xs text-gray-500">Nov 30, 2025, 07:28 PM</span></div></div><button class="p-1 hover:bg-gray-100 rounded-full transition-colors" type="button" id="radix-_r_1g_" aria-haspopup="menu" aria-expanded="false" data-state="closed"><svg xmlns="http://www.w3.org/2000/svg" width="24" height="24" viewBox="0 0 24 24" fill="none" stroke="currentColor" stroke-width="2" stroke-linecap="round" stroke-linejoin="round" class="lucide lucide-ellipsis-vertical w-4 h-4 text-gray-600" aria-hidden="true"><circle cx="12" cy="12" r="1"></circle><circle cx="12" cy="5" r="1"></circle><circle cx="12" cy="19" r="1"></circle></svg></button></div><p class="text-sm text-gray-800 whitespace-pre-wrap mb-2">sfgsgfs</p><div class="flex items-center gap-3"><div class="flex items-center gap-3"><button data-testid="reaction-button-like" class="
                            group inline-flex items-center gap-1.5 px-3 py-1.5 rounded-md font-medium text-sm transition-all duration-200
                            bg-white text-gray-700 hover:bg-gray-50 border border-gray-300
                            cursor-pointer hover:scale-105
                        " type="button" id="radix-_r_1i_" aria-haspopup="menu" aria-expanded="false" data-state="closed"><span class="text-base">👍</span><span class="font-medium text-sm">Like</span></button></div></div></div></div></div></div><div class=""><div class="bg-white rounded-md border border-gray-200 p-3"><div class="flex items-start justify-between mb-2"><div class="flex items-center gap-2"><div class="w-8 h-8 bg-gradient-to-br from-gray-700 to-gray-900 rounded-full flex items-center justify-center text-white font-semibold text-sm flex-shrink-0 cursor-pointer hover:ring-2 hover:ring-gray-900 hover:ring-offset-1 transition-all">T</div><div><div class="flex items-center gap-1.5"><span class="text-sm font-semibold text-gray-900 cursor-pointer hover:underline">Test User</span></div><span class="text-xs text-gray-500">Nov 30, 2025, 07:24 PM</span></div></div><button class="p-1 hover:bg-gray-100 rounded-full transition-colors" type="button" id="radix-_r_1q_" aria-haspopup="menu" aria-expanded="false" data-state="closed"><svg xmlns="http://www.w3.org/2000/svg" width="24" height="24" viewBox="0 0 24 24" fill="none" stroke="currentColor" stroke-width="2" stroke-linecap="round" stroke-linejoin="round" class="lucide lucide-ellipsis-vertical w-4 h-4 text-gray-600" aria-hidden="true"><circle cx="12" cy="12" r="1"></circle><circle cx="12" cy="5" r="1"></circle><circle cx="12" cy="19" r="1"></circle></svg></button></div><p class="text-sm text-gray-800 whitespace-pre-wrap mb-2">Test comment 1764516258855</p><div class="flex items-center gap-3"><div class="flex items-center gap-3"><button data-testid="reaction-button-like" class="
                            group inline-flex items-center gap-1.5 px-3 py-1.5 rounded-md font-medium text-sm transition-all duration-200
                            bg-white text-gray-700 hover:bg-gray-50 border border-gray-300
                            cursor-pointer hover:scale-105
                        " type="button" id="radix-_r_1s_" aria-haspopup="menu" aria-expanded="false" data-state="closed"><span class="text-base">👍</span><span class="font-medium text-sm">Like</span></button></div><button data-testid="reply-button" class="flex items-center gap-1 text-sm text-gray-600 hover:text-gray-900 transition-colors"><svg xmlns="http://www.w3.org/2000/svg" width="24" height="24" viewBox="0 0 24 24" fill="none" stroke="currentColor" stroke-width="2" stroke-linecap="round" stroke-linejoin="round" class="lucide lucide-reply w-4 h-4" aria-hidden="true"><path d="M20 18v-2a4 4 0 0 0-4-4H4"></path><path d="m9 17-5-5 5-5"></path></svg>Reply</button></div></div></div><div class="pt-4 flex justify-center gap-3"><button class="px-4 py-2 text-sm font-medium text-gray-700 bg-white border border-gray-300 rounded-md hover:bg-gray-50 transition-colors disabled:opacity-50 disabled:cursor-not-allowed flex items-center gap-2">Show More Comments</button></div></div></div></div></div></article><article class="bg-white rounded-xl shadow-sm border border-gray-200 overflow-hidden hover:shadow-md transition-shadow"><div class="p-6"><h2 class="text-xl font-bold text-gray-900 mb-3">Amazing New Features Released</h2><p class="text-gray-600 leading-relaxed mb-6">We are excited to announce the release of our new features! The reaction system now supports real-time updates and beautiful animations. Try it out and let us know what you think!</p><div class="pt-4 border-t border-gray-100"><div class="flex items-center gap-3"><button data-testid="reaction-button-like" class="
                            group inline-flex items-center gap-1.5 px-3 py-1.5 rounded-md font-medium text-sm transition-all duration-200
                            bg-white text-gray-700 hover:bg-gray-50 border border-gray-300
                            cursor-pointer hover:scale-105
                        " type="button" id="radix-_r_21_" aria-haspopup="menu" aria-expanded="false" data-state="closed"><span class="text-base">👍</span><span class="font-medium text-sm">Like</span></button><div class="flex items-center gap-1.5"><button data-testid="reaction-count-angry" class="
                                    inline-flex items-center gap-1 px-2 py-1 rounded-full text-xs font-medium transition-all
                                    bg-gray-100 text-gray-700 hover:bg-gray-200
                                    cursor-pointer hover:scale-105
                                "><span class="text-base">😠</span><span>3</span></button><button data-testid="reaction-count-like" class="
                                    inline-flex items-center gap-1 px-2 py-1 rounded-full text-xs font-medium transition-all
                                    bg-gray-100 text-gray-700 hover:bg-gray-200
                                    cursor-pointer hover:scale-105
                                "><span class="text-base">👍</span><span>1</span></button><button data-testid="reaction-count-wow" class="
                                    inline-flex items-center gap-1 px-2 py-1 rounded-full text-xs font-medium transition-all
                                    bg-gray-100 text-gray-700 hover:bg-gray-200
                                    cursor-pointer hover:scale-105
                                "><span class="text-base">😮</span><span>1</span></button><button class="p-1.5 hover:bg-gray-100 rounded-full transition-colors" title="See who reacted"><svg xmlns="http://www.w3.org/2000/svg" width="24" height="24" viewBox="0 0 24 24" fill="none" stroke="currentColor" stroke-width="2" stroke-linecap="round" stroke-linejoin="round" class="lucide lucide-chevron-down w-4 h-4 text-gray-600" aria-hidden="true"><path d="m6 9 6 6 6-6"></path></svg></button></div></div></div><div class="pt-6 border-t border-gray-100 mt-6"><div class="space-y-3"><div class="flex items-center justify-between"><div class="flex items-center gap-2"><svg xmlns="http://www.w3.org/2000/svg" width="24" height="24" viewBox="0 0 24 24" fill="none" stroke="currentColor" stroke-width="2" stroke-linecap="round" stroke-linejoin="round" class="lucide lucide-message-square w-4 h-4 text-gray-600" aria-hidden="true"><path d="M22 17a2 2 0 0 1-2 2H6.828a2 2 0 0 0-1.414.586l-2.202 2.202A.71.71 0 0 1 2 21.286V5a2 2 0 0 1 2-2h16a2 2 0 0 1 2 2z"></path></svg><h3 class="text-base font-semibold text-gray-900">Comments (3)</h3></div><button data-testid="add-comment-button" class="px-3 py-1.5 text-sm font-medium text-white bg-gray-900 rounded-md hover:bg-gray-800 transition-colors">Add Comment</button></div><div class="space-y-2"><div class=""><div class="bg-white rounded-md border border-gray-200 p-3"><div class="flex items-start justify-between mb-2"><div class="flex items-center gap-2"><div class="w-8 h-8 bg-gradient-to-br from-gray-700 to-gray-900 rounded-full flex items-center justify-center text-white font-semibold text-sm flex-shrink-0 cursor-pointer hover:ring-2 hover:ring-gray-900 hover:ring-offset-1 transition-all">D</div><div><div class="flex items-center gap-1.5"><span class="text-sm font-semibold text-gray-900 cursor-pointer hover:underline">David Taylor</span></div><span class="text-xs text-gray-500">Nov 30, 2025, 06:17 PM</span></div></div><button class="p-1 hover:bg-gray-100 rounded-full transition-colors" type="button" id="radix-_r_23_" aria-haspopup="menu" aria-expanded="false" data-state="closed"><svg xmlns="http://www.w3.org/2000/svg" width="24" height="24" viewBox="0 0 24 24" fill="none" stroke="currentColor" stroke-width="2" stroke-linecap="round" stroke-linejoin="round" class="lucide lucide-ellipsis-vertical w-4 h-4 text-gray-600" aria-hidden="true"><circle cx="12" cy="12" r="1"></circle><circle cx="12" cy="5" r="1"></circle><circle cx="12" cy="19" r="1"></circle></svg></button></div><p class="text-sm text-gray-800 whitespace-pre-wrap mb-2">Fantastic post! Keep it up!</p><div class="flex items-center gap-3"><div class="flex items-center gap-3"><button data-testid="reaction-button-like" class="
                            group inline-flex items-center gap-1.5 px-3 py-1.5 rounded-md font-medium text-sm transition-all duration-200
                            bg-white text-gray-700 hover:bg-gray-50 border border-gray-300
                            cursor-pointer hover:scale-105
                        " type="button" id="radix-_r_25_" aria-haspopup="menu" aria-expanded="false" data-state="closed"><span class="text-base">👍</span><span class="font-medium text-sm">Like</span></button></div><button data-testid="reply-button" class="flex items-center gap-1 text-sm text-gray-600 hover:text-gray-900 transition-colors"><svg xmlns="http://www.w3.org/2000/svg" width="24" height="24" viewBox="0 0 24 24" fill="none" stroke="currentColor" stroke-width="2" stroke-linecap="round" stroke-linejoin="round" class="lucide lucide-reply w-4 h-4" aria-hidden="true"><path d="M20 18v-2a4 4 0 0 0-4-4H4"></path><path d="m9 17-5-5 5-5"></path></svg>Reply</button></div></div></div><div class=""><div class="bg-white rounded-md border border-gray-200 p-3"><div class="flex items-start justify-between mb-2"><div class="flex items-center gap-2"><div class="w-8 h-8 bg-gradient-to-br from-gray-700 to-gray-900 rounded-full flex items-center justify-center text-white font-semibold text-sm flex-shrink-0 cursor-pointer hover:ring-2 hover:ring-gray-900 hover:ring-offset-1 transition-all">I</div><div><div class="flex items-center gap-1.5"><span class="text-sm font-semibold text-gray-900 cursor-pointer hover:underline">Isabella Jones</span></div><span class="text-xs text-gray-500">Nov 30, 2025, 06:17 PM</span></div></div><button class="p-1 hover:bg-gray-100 rounded-full transition-colors" type="button" id="radix-_r_2a_" aria-haspopup="menu" aria-expanded="false" data-state="closed"><svg xmlns="http://www.w3.org/2000/svg" width="24" height="24" viewBox="0 0 24 24" fill="none" stroke="currentColor" stroke-width="2" stroke-linecap="round" stroke-linejoin="round" class="lucide lucide-ellipsis-vertical w-4 h-4 text-gray-600" aria-hidden="true"><circle cx="12" cy="12" r="1"></circle><circle cx="12" cy="5" r="1"></circle><circle cx="12" cy="19" r="1"></circle></svg></button></div><p class="text-sm text-gray-800 whitespace-pre-wrap mb-2">Very interesting perspective.</p><div class="flex items-center gap-3"><div class="flex items-center gap-3"><button data-testid="reaction-button-like" class="
                            group inline-flex items-center gap-1.5 px-3 py-1.5 rounded-md font-medium text-sm transition-all duration-200
                            bg-white text-gray-700 hover:bg-gray-50 border border-gray-300
                            cursor-pointer hover:scale-105
                        " type="button" id="radix-_r_2c_" aria-haspopup="menu" aria-expanded="false" data-state="closed"><span class="text-base">👍</span><span class="font-medium text-sm">Like</span></button></div><button data-testid="reply-button" class="flex items-center gap-1 text-sm text-gray-600 hover:text-gray-900 transition-colors"><svg xmlns="http://www.w3.org/2000/svg" width="24" height="24" viewBox="0 0 24 24" fill="none" stroke="currentColor" stroke-width="2" stroke-linecap="round" stroke-linejoin="round" class="lucide lucide-reply w-4 h-4" aria-hidden="true"><path d="M20 18v-2a4 4 0 0 0-4-4H4"></path><path d="m9 17-5-5 5-5"></path></svg>Reply</button></div></div></div><div class=""><div class="bg-white rounded-md border border-gray-200 p-3"><div class="flex items-start justify-between mb-2"><div class="flex items-center gap-2"><div class="w-8 h-8 bg-gradient-to-br from-gray-700 to-gray-900 rounded-full flex items-center justify-center text-white font-semibold text-sm flex-shrink-0 cursor-pointer hover:ring-2 hover:ring-gray-900 hover:ring-offset-1 transition-all">E</div><div><div class="flex items-center gap-1.5"><span class="text-sm font-semibold text-gray-900 cursor-pointer hover:underline">Ethan Lopez</span></div><span class="text-xs text-gray-500">Nov 30, 2025, 06:17 PM</span></div></div><button class="p-1 hover:bg-gray-100 rounded-full transition-colors" type="button" id="radix-_r_2h_" aria-haspopup="menu" aria-expanded="false" data-state="closed"><svg xmlns="http://www.w3.org/2000/svg" width="24" height="24" viewBox="0 0 24 24" fill="none" stroke="currentColor" stroke-width="2" stroke-linecap="round" stroke-linejoin="round" class="lucide lucide-ellipsis-vertical w-4 h-4 text-gray-600" aria-hidden="true"><circle cx="12" cy="12" r="1"></circle><circle cx="12" cy="5" r="1"></circle><circle cx="12" cy="19" r="1"></circle></svg></button></div><p class="text-sm text-gray-800 whitespace-pre-wrap mb-2">Well said! Couldn't agree more.</p><div class="flex items-center gap-3"><div class="flex items-center gap-3"><button data-testid="reaction-button-like" class="
                            group inline-flex items-center gap-1.5 px-3 py-1.5 rounded-md font-medium text-sm transition-all duration-200
                            bg-white text-gray-700 hover:bg-gray-50 border border-gray-300
                            cursor-pointer hover:scale-105
                        " type="button" id="radix-_r_2j_" aria-haspopup="menu" aria-expanded="false" data-state="closed"><span class="text-base">👍</span><span class="font-medium text-sm">Like</span></button></div><button data-testid="reply-button" class="flex items-center gap-1 text-sm text-gray-600 hover:text-gray-900 transition-colors"><svg xmlns="http://www.w3.org/2000/svg" width="24" height="24" viewBox="0 0 24 24" fill="none" stroke="currentColor" stroke-width="2" stroke-linecap="round" stroke-linejoin="round" class="lucide lucide-reply w-4 h-4" aria-hidden="true"><path d="M20 18v-2a4 4 0 0 0-4-4H4"></path><path d="m9 17-5-5 5-5"></path></svg>Reply</button></div></div></div></div></div></div></div></article><article class="bg-white rounded-xl shadow-sm border border-gray-200 overflow-hidden hover:shadow-md transition-shadow"><div class="p-6"><h2 class="text-xl font-bold text-gray-900 mb-3">Community Guidelines Update</h2><p class="text-gray-600 leading-relaxed mb-6">We have updated our community guidelines to ensure a safe and welcoming environment for everyone. Please take a moment to review the changes and react to show your acknowledgment.</p><div class="pt-4 border-t border-gray-100"><div class="flex items-center gap-3"><button data-testid="reaction-button-like" class="
                            group inline-flex items-center gap-1.5 px-3 py-1.5 rounded-md font-medium text-sm transition-all duration-200
                            bg-white text-gray-700 hover:bg-gray-50 border border-gray-300
                            cursor-pointer hover:scale-105
                        " type="button" id="radix-_r_2o_" aria-haspopup="menu" aria-expanded="false" data-state="closed"><span class="text-base">👍</span><span class="font-medium text-sm">Like</span></button><div class="flex items-center gap-1.5"><button data-testid="reaction-count-sad" class="
                                    inline-flex items-center gap-1 px-2 py-1 rounded-full text-xs font-medium transition-all
                                    bg-gray-100 text-gray-700 hover:bg-gray-200
                                    cursor-pointer hover:scale-105
                                "><span class="text-base">😢</span><span>2</span></button><button data-testid="reaction-count-angry" class="
                                    inline-flex items-center gap-1 px-2 py-1 rounded-full text-xs font-medium transition-all
                                    bg-gray-100 text-gray-700 hover:bg-gray-200
                                    cursor-pointer hover:scale-105
                                "><span class="text-base">😠</span><span>2</span></button><button data-testid="reaction-count-like" class="
                                    inline-flex items-center gap-1 px-2 py-1 rounded-full text-xs font-medium transition-all
                                    bg-gray-100 text-gray-700 hover:bg-gray-200
                                    cursor-pointer hover:scale-105
                                "><span class="text-base">👍</span><span>1</span></button><button data-testid="reaction-count-love" class="
                                    inline-flex items-center gap-1 px-2 py-1 rounded-full text-xs font-medium transition-all
                                    bg-gray-100 text-gray-700 hover:bg-gray-200
                                    cursor-pointer hover:scale-105
                                "><span class="text-base">❤️</span><span>1</span></button><button data-testid="reaction-count-haha" class="
                                    inline-flex items-center gap-1 px-2 py-1 rounded-full text-xs font-medium transition-all
                                    bg-gray-100 text-gray-700 hover:bg-gray-200
                                    cursor-pointer hover:scale-105
                                "><span class="text-base">😂</span><span>1</span></button><button class="p-1.5 hover:bg-gray-100 rounded-full transition-colors" title="See who reacted"><svg xmlns="http://www.w3.org/2000/svg" width="24" height="24" viewBox="0 0 24 24" fill="none" stroke="currentColor" stroke-width="2" stroke-linecap="round" stroke-linejoin="round" class="lucide lucide-chevron-down w-4 h-4 text-gray-600" aria-hidden="true"><path d="m6 9 6 6 6-6"></path></svg></button></div></div></div><div class="pt-6 border-t border-gray-100 mt-6"><div class="space-y-3"><div class="flex items-center justify-between"><div class="flex items-center gap-2"><svg xmlns="http://www.w3.org/2000/svg" width="24" height="24" viewBox="0 0 24 24" fill="none" stroke="currentColor" stroke-width="2" stroke-linecap="round" stroke-linejoin="round" class="lucide lucide-message-square w-4 h-4 text-gray-600" aria-hidden="true"><path d="M22 17a2 2 0 0 1-2 2H6.828a2 2 0 0 0-1.414.586l-2.202 2.202A.71.71 0 0 1 2 21.286V5a2 2 0 0 1 2-2h16a2 2 0 0 1 2 2z"></path></svg><h3 class="text-base font-semibold text-gray-900">Comments (2)</h3></div><button data-testid="add-comment-button" class="px-3 py-1.5 text-sm font-medium text-white bg-gray-900 rounded-md hover:bg-gray-800 transition-colors">Add Comment</button></div><div class="space-y-2"><div class=""><div class="bg-white rounded-md border border-gray-200 p-3"><div class="flex items-start justify-between mb-2"><div class="flex items-center gap-2"><div class="w-8 h-8 bg-gradient-to-br from-gray-700 to-gray-900 rounded-full flex items-center justify-center text-white font-semibold text-sm flex-shrink-0 cursor-pointer hover:ring-2 hover:ring-gray-900 hover:ring-offset-1 transition-all">L</div><div><div class="flex items-center gap-1.5"><span class="text-sm font-semibold text-gray-900 cursor-pointer hover:underline">Liam Garcia</span></div><span class="text-xs text-gray-500">Nov 30, 2025, 06:17 PM</span></div></div><button class="p-1 hover:bg-gray-100 rounded-full transition-colors" type="button" id="radix-_r_2q_" aria-haspopup="menu" aria-expanded="false" data-state="closed"><svg xmlns="http://www.w3.org/2000/svg" width="24" height="24" viewBox="0 0 24 24" fill="none" stroke="currentColor" stroke-width="2" stroke-linecap="round" stroke-linejoin="round" class="lucide lucide-ellipsis-vertical w-4 h-4 text-gray-600" aria-hidden="true"><circle cx="12" cy="12" r="1"></circle><circle cx="12" cy="5" r="1"></circle><circle cx="12" cy="19" r="1"></circle></svg></button></div><p class="text-sm text-gray-800 whitespace-pre-wrap mb-2">Thanks for sharing this information.</p><div class="flex items-center gap-3"><div class="flex items-center gap-3"><button data-testid="reaction-button-like" class="
                            group inline-flex items-center gap-1.5 px-3 py-1.5 rounded-md font-medium text-sm transition-all duration-200
                            bg-white text-gray-700 hover:bg-gray-50 border border-gray-300
                            cursor-pointer hover:scale-105
                        " type="button" id="radix-_r_2s_" aria-haspopup="menu" aria-expanded="false" data-state="closed"><span class="text-base">👍</span><span class="font-medium text-sm">Like</span></button></div><button data-testid="reply-button" class="flex items-center gap-1 text-sm text-gray-600 hover:text-gray-900 transition-colors"><svg xmlns="http://www.w3.org/2000/svg" width="24" height="24" viewBox="0 0 24 24" fill="none" stroke="currentColor" stroke-width="2" stroke-linecap="round" stroke-linejoin="round" class="lucide lucide-reply w-4 h-4" aria-hidden="true"><path d="M20 18v-2a4 4 0 0 0-4-4H4"></path><path d="m9 17-5-5 5-5"></path></svg>Reply</button></div></div></div><div class=""><div class="bg-white rounded-md border border-gray-200 p-3"><div class="flex items-start justify-between mb-2"><div class="flex items-center gap-2"><div class="w-8 h-8 bg-gradient-to-br from-gray-700 to-gray-900 rounded-full flex items-center justify-center text-white font-semibold text-sm flex-shrink-0 cursor-pointer hover:ring-2 hover:ring-gray-900 hover:ring-offset-1 transition-all">S</div><div><div class="flex items-center gap-1.5"><span class="text-sm font-semibold text-gray-900 cursor-pointer hover:underline">Sebastian Thomas</span></div><span class="text-xs text-gray-500">Nov 30, 2025, 06:17 PM</span></div></div><button class="p-1 hover:bg-gray-100 rounded-full transition-colors" type="button" id="radix-_r_31_" aria-haspopup="menu" aria-expanded="false" data-state="closed"><svg xmlns="http://www.w3.org/2000/svg" width="24" height="24" viewBox="0 0 24 24" fill="none" stroke="currentColor" stroke-width="2" stroke-linecap="round" stroke-linejoin="round" class="lucide lucide-ellipsis-vertical w-4 h-4 text-gray-600" aria-hidden="true"><circle cx="12" cy="12" r="1"></circle><circle cx="12" cy="5" r="1"></circle><circle cx="12" cy="19" r="1"></circle></svg></button></div><p class="text-sm text-gray-800 whitespace-pre-wrap mb-2">Could you elaborate more on this?</p><div class="flex items-center gap-3"><div class="flex items-center gap-3"><button data-testid="reaction-button-like" class="
                            group inline-flex items-center gap-1.5 px-3 py-1.5 rounded-md font-medium text-sm transition-all duration-200
                            bg-white text-gray-700 hover:bg-gray-50 border border-gray-300
                            cursor-pointer hover:scale-105
                        " type="button" id="radix-_r_33_" aria-haspopup="menu" aria-expanded="false" data-state="closed"><span class="text-base">👍</span><span class="font-medium text-sm">Like</span></button></div><button data-testid="reply-button" class="flex items-center gap-1 text-sm text-gray-600 hover:text-gray-900 transition-colors"><svg xmlns="http://www.w3.org/2000/svg" width="24" height="24" viewBox="0 0 24 24" fill="none" stroke="currentColor" stroke-width="2" stroke-linecap="round" stroke-linejoin="round" class="lucide lucide-reply w-4 h-4" aria-hidden="true"><path d="M20 18v-2a4 4 0 0 0-4-4H4"></path><path d="m9 17-5-5 5-5"></path></svg>Reply</button></div></div><div class="mt-2 space-y-2"><div class="ml-10"><div class="bg-white rounded-md border border-gray-200 p-3"><div class="flex items-start justify-between mb-2"><div class="flex items-center gap-2"><div class="w-8 h-8 bg-gradient-to-br from-gray-700 to-gray-900 rounded-full flex items-center justify-center text-white font-semibold text-sm flex-shrink-0 cursor-pointer hover:ring-2 hover:ring-gray-900 hover:ring-offset-1 transition-all">L</div><div><div class="flex items-center gap-1.5"><span class="text-sm font-semibold text-gray-900 cursor-pointer hover:underline">Liam Garcia</span></div><span class="text-xs text-gray-500">Nov 30, 2025, 06:17 PM</span></div></div><button class="p-1 hover:bg-gray-100 rounded-full transition-colors" type="button" id="radix-_r_35_" aria-haspopup="menu" aria-expanded="false" data-state="closed"><svg xmlns="http://www.w3.org/2000/svg" width="24" height="24" viewBox="0 0 24 24" fill="none" stroke="currentColor" stroke-width="2" stroke-linecap="round" stroke-linejoin="round" class="lucide lucide-ellipsis-vertical w-4 h-4 text-gray-600" aria-hidden="true"><circle cx="12" cy="12" r="1"></circle><circle cx="12" cy="5" r="1"></circle><circle cx="12" cy="19" r="1"></circle></svg></button></div><p class="text-sm text-gray-800 whitespace-pre-wrap mb-2">Interesting perspective!</p><div class="flex items-center gap-3"><div class="flex items-center gap-3"><button data-testid="reaction-button-like" class="
                            group inline-flex items-center gap-1.5 px-3 py-1.5 rounded-md font-medium text-sm transition-all duration-200
                            bg-white text-gray-700 hover:bg-gray-50 border border-gray-300
                            cursor-pointer hover:scale-105
                        " type="button" id="radix-_r_37_" aria-haspopup="menu" aria-expanded="false" data-state="closed"><span class="text-base">👍</span><span class="font-medium text-sm">Like</span></button></div></div></div></div><div class="ml-10"><div class="bg-white rounded-md border border-gray-200 p-3"><div class="flex items-start justify-between mb-2"><div class="flex items-center gap-2"><div class="w-8 h-8 bg-gradient-to-br from-gray-700 to-gray-900 rounded-full flex items-center justify-center text-white font-semibold text-sm flex-shrink-0 cursor-pointer hover:ring-2 hover:ring-gray-900 hover:ring-offset-1 transition-all">V</div><div><div class="flex items-center gap-1.5"><span class="text-sm font-semibold text-gray-900 cursor-pointer hover:underline">Victoria White</span></div><span class="text-xs text-gray-500">Nov 30, 2025, 06:17 PM</span></div></div><button class="p-1 hover:bg-gray-100 rounded-full transition-colors" type="button" id="radix-_r_3c_" aria-haspopup="menu" aria-expanded="false" data-state="closed"><svg xmlns="http://www.w3.org/2000/svg" width="24" height="24" viewBox="0 0 24 24" fill="none" stroke="currentColor" stroke-width="2" stroke-linecap="round" stroke-linejoin="round" class="lucide lucide-ellipsis-vertical w-4 h-4 text-gray-600" aria-hidden="true"><circle cx="12" cy="12" r="1"></circle><circle cx="12" cy="5" r="1"></circle><circle cx="12" cy="19" r="1"></circle></svg></button></div><p class="text-sm text-gray-800 whitespace-pre-wrap mb-2">I hadn't thought of it that way.</p><div class="flex items-center gap-3"><div class="flex items-center gap-3"><button data-testid="reaction-button-like" class="
                            group inline-flex items-center gap-1.5 px-3 py-1.5 rounded-md font-medium text-sm transition-all duration-200
                            bg-white text-gray-700 hover:bg-gray-50 border border-gray-300
                            cursor-pointer hover:scale-105
                        " type="button" id="radix-_r_3e_" aria-haspopup="menu" aria-expanded="false" data-state="closed"><span class="text-base">👍</span><span class="font-medium text-sm">Like</span></button></div></div></div></div></div></div></div></div></div></div></article><article class="bg-white rounded-xl shadow-sm border border-gray-200 overflow-hidden hover:shadow-md transition-shadow"><div class="p-6"><h2 class="text-xl font-bold text-gray-900 mb-3">Behind the Scenes: Development Journey</h2><p class="text-gray-600 leading-relaxed mb-6">Ever wondered how we built this reaction system? In this post, we share our development journey, the challenges we faced, and the solutions we implemented. It has been an amazing ride!</p><div class="pt-4 border-t border-gray-100"><div class="flex items-center gap-3"><button data-testid="reaction-button-like" class="
                            group inline-flex items-center gap-1.5 px-3 py-1.5 rounded-md font-medium text-sm transition-all duration-200
                            bg-white text-gray-700 hover:bg-gray-50 border border-gray-300
                            cursor-pointer hover:scale-105
                        " type="button" id="radix-_r_3m_" aria-haspopup="menu" aria-expanded="false" data-state="closed"><span class="text-base">👍</span><span class="font-medium text-sm">Like</span></button><div class="flex items-center gap-1.5"><button data-testid="reaction-count-haha" class="
                                    inline-flex items-center gap-1 px-2 py-1 rounded-full text-xs font-medium transition-all
                                    bg-gray-100 text-gray-700 hover:bg-gray-200
                                    cursor-pointer hover:scale-105
                                "><span class="text-base">😂</span><span>3</span></button><button data-testid="reaction-count-sad" class="
                                    inline-flex items-center gap-1 px-2 py-1 rounded-full text-xs font-medium transition-all
                                    bg-gray-100 text-gray-700 hover:bg-gray-200
                                    cursor-pointer hover:scale-105
                                "><span class="text-base">😢</span><span>2</span></button><button data-testid="reaction-count-like" class="
                                    inline-flex items-center gap-1 px-2 py-1 rounded-full text-xs font-medium transition-all
                                    bg-gray-100 text-gray-700 hover:bg-gray-200
                                    cursor-pointer hover:scale-105
                                "><span class="text-base">👍</span><span>1</span></button><button data-testid="reaction-count-love" class="
                                    inline-flex items-center gap-1 px-2 py-1 rounded-full text-xs font-medium transition-all
                                    bg-gray-100 text-gray-700 hover:bg-gray-200
                                    cursor-pointer hover:scale-105
                                "><span class="text-base">❤️</span><span>1</span></button><button data-testid="reaction-count-wow" class="
                                    inline-flex items-center gap-1 px-2 py-1 rounded-full text-xs font-medium transition-all
                                    bg-gray-100 text-gray-700 hover:bg-gray-200
                                    cursor-pointer hover:scale-105
                                "><span class="text-base">😮</span><span>1</span></button><button class="p-1.5 hover:bg-gray-100 rounded-full transition-colors" title="See who reacted"><svg xmlns="http://www.w3.org/2000/svg" width="24" height="24" viewBox="0 0 24 24" fill="none" stroke="currentColor" stroke-width="2" stroke-linecap="round" stroke-linejoin="round" class="lucide lucide-chevron-down w-4 h-4 text-gray-600" aria-hidden="true"><path d="m6 9 6 6 6-6"></path></svg></button></div></div></div><div class="pt-6 border-t border-gray-100 mt-6"><div class="space-y-3"><div class="flex items-center justify-between"><div class="flex items-center gap-2"><svg xmlns="http://www.w3.org/2000/svg" width="24" height="24" viewBox="0 0 24 24" fill="none" stroke="currentColor" stroke-width="2" stroke-linecap="round" stroke-linejoin="round" class="lucide lucide-message-square w-4 h-4 text-gray-600" aria-hidden="true"><path d="M22 17a2 2 0 0 1-2 2H6.828a2 2 0 0 0-1.414.586l-2.202 2.202A.71.71 0 0 1 2 21.286V5a2 2 0 0 1 2-2h16a2 2 0 0 1 2 2z"></path></svg><h3 class="text-base font-semibold text-gray-900">Comments (5)</h3></div><button data-testid="add-comment-button" class="px-3 py-1.5 text-sm font-medium text-white bg-gray-900 rounded-md hover:bg-gray-800 transition-colors">Add Comment</button></div><div class="space-y-2"><div class=""><div class="bg-white rounded-md border border-gray-200 p-3"><div class="flex items-start justify-between mb-2"><div class="flex items-center gap-2"><div class="w-8 h-8 bg-gradient-to-br from-gray-700 to-gray-900 rounded-full flex items-center justify-center text-white font-semibold text-sm flex-shrink-0 cursor-pointer hover:ring-2 hover:ring-gray-900 hover:ring-offset-1 transition-all">A</div><div><div class="flex items-center gap-1.5"><span class="text-sm font-semibold text-gray-900 cursor-pointer hover:underline">Amelia Anderson</span></div><span class="text-xs text-gray-500">Nov 30, 2025, 06:17 PM</span></div></div><button class="p-1 hover:bg-gray-100 rounded-full transition-colors" type="button" id="radix-_r_3o_" aria-haspopup="menu" aria-expanded="false" data-state="closed"><svg xmlns="http://www.w3.org/2000/svg" width="24" height="24" viewBox="0 0 24 24" fill="none" stroke="currentColor" stroke-width="2" stroke-linecap="round" stroke-linejoin="round" class="lucide lucide-ellipsis-vertical w-4 h-4 text-gray-600" aria-hidden="true"><circle cx="12" cy="12" r="1"></circle><circle cx="12" cy="5" r="1"></circle><circle cx="12" cy="19" r="1"></circle></svg></button></div><p class="text-sm text-gray-800 whitespace-pre-wrap mb-2">Interesting take on this topic.</p><div class="flex items-center gap-3"><div class="flex items-center gap-3"><button data-testid="reaction-button-like" class="
                            group inline-flex items-center gap-1.5 px-3 py-1.5 rounded-md font-medium text-sm transition-all duration-200
                            bg-white text-gray-700 hover:bg-gray-50 border border-gray-300
                            cursor-pointer hover:scale-105
                        " type="button" id="radix-_r_3q_" aria-haspopup="menu" aria-expanded="false" data-state="closed"><span class="text-base">👍</span><span class="font-medium text-sm">Like</span></button></div><button data-testid="reply-button" class="flex items-center gap-1 text-sm text-gray-600 hover:text-gray-900 transition-colors"><svg xmlns="http://www.w3.org/2000/svg" width="24" height="24" viewBox="0 0 24 24" fill="none" stroke="currentColor" stroke-width="2" stroke-linecap="round" stroke-linejoin="round" class="lucide lucide-reply w-4 h-4" aria-hidden="true"><path d="M20 18v-2a4 4 0 0 0-4-4H4"></path><path d="m9 17-5-5 5-5"></path></svg>Reply</button></div></div><div class="mt-2 space-y-2"><div class="ml-10"><div class="bg-white rounded-md border border-gray-200 p-3"><div class="flex items-start justify-between mb-2"><div class="flex items-center gap-2"><div class="w-8 h-8 bg-gradient-to-br from-gray-700 to-gray-900 rounded-full flex items-center justify-center text-white font-semibold text-sm flex-shrink-0 cursor-pointer hover:ring-2 hover:ring-gray-900 hover:ring-offset-1 transition-all">W</div><div><div class="flex items-center gap-1.5"><span class="text-sm font-semibold text-gray-900 cursor-pointer hover:underline">Wyatt Wilson</span></div><span class="text-xs text-gray-500">Nov 30, 2025, 06:17 PM</span></div></div><button class="p-1 hover:bg-gray-100 rounded-full transition-colors" type="button" id="radix-_r_3s_" aria-haspopup="menu" aria-expanded="false" data-state="closed"><svg xmlns="http://www.w3.org/2000/svg" width="24" height="24" viewBox="0 0 24 24" fill="none" stroke="currentColor" stroke-width="2" stroke-linecap="round" stroke-linejoin="round" class="lucide lucide-ellipsis-vertical w-4 h-4 text-gray-600" aria-hidden="true"><circle cx="12" cy="12" r="1"></circle><circle cx="12" cy="5" r="1"></circle><circle cx="12" cy="19" r="1"></circle></svg></button></div><p class="text-sm text-gray-800 whitespace-pre-wrap mb-2">That's a good point.</p><div class="flex items-center gap-3"><div class="flex items-center gap-3"><button data-testid="reaction-button-like" class="
                            group inline-flex items-center gap-1.5 px-3 py-1.5 rounded-md font-medium text-sm transition-all duration-200
                            bg-white text-gray-700 hover:bg-gray-50 border border-gray-300
                            cursor-pointer hover:scale-105
                        " type="button" id="radix-_r_3u_" aria-haspopup="menu" aria-expanded="false" data-state="closed"><span class="text-base">👍</span><span class="font-medium text-sm">Like</span></button></div></div></div></div></div></div><div class=""><div class="bg-white rounded-md border border-gray-200 p-3"><div class="flex items-start justify-between mb-2"><div class="flex items-center gap-2"><div class="w-8 h-8 bg-gradient-to-br from-gray-700 to-gray-900 rounded-full flex items-center justify-center text-white font-semibold text-sm flex-shrink-0 cursor-pointer hover:ring-2 hover:ring-gray-900 hover:ring-offset-1 transition-all">O</div><div><div class="flex items-center gap-1.5"><span class="text-sm font-semibold text-gray-900 cursor-pointer hover:underline">Owen Miller</span></div><span class="text-xs text-gray-500">Nov 30, 2025, 06:17 PM</span></div></div><button class="p-1 hover:bg-gray-100 rounded-full transition-colors" type="button" id="radix-_r_46_" aria-haspopup="menu" aria-expanded="false" data-state="closed"><svg xmlns="http://www.w3.org/2000/svg" width="24" height="24" viewBox="0 0 24 24" fill="none" stroke="currentColor" stroke-width="2" stroke-linecap="round" stroke-linejoin="round" class="lucide lucide-ellipsis-vertical w-4 h-4 text-gray-600" aria-hidden="true"><circle cx="12" cy="12" r="1"></circle><circle cx="12" cy="5" r="1"></circle><circle cx="12" cy="19" r="1"></circle></svg></button></div><p class="text-sm text-gray-800 whitespace-pre-wrap mb-2">This is really helpful, thank you!</p><div class="flex items-center gap-3"><div class="flex items-center gap-3"><button data-testid="reaction-button-like" class="
                            group inline-flex items-center gap-1.5 px-3 py-1.5 rounded-md font-medium text-sm transition-all duration-200
                            bg-white text-gray-700 hover:bg-gray-50 border border-gray-300
                            cursor-pointer hover:scale-105
                        " type="button" id="radix-_r_48_" aria-haspopup="menu" aria-expanded="false" data-state="closed"><span class="text-base">👍</span><span class="font-medium text-sm">Like</span></button></div><button data-testid="reply-button" class="flex items-center gap-1 text-sm text-gray-600 hover:text-gray-900 transition-colors"><svg xmlns="http://www.w3.org/2000/svg" width="24" height="24" viewBox="0 0 24 24" fill="none" stroke="currentColor" stroke-width="2" stroke-linecap="round" stroke-linejoin="round" class="lucide lucide-reply w-4 h-4" aria-hidden="true"><path d="M20 18v-2a4 4 0 0 0-4-4H4"></path><path d="m9 17-5-5 5-5"></path></svg>Reply</button></div></div></div><div class=""><div class="bg-white rounded-md border border-gray-200 p-3"><div class="flex items-start justify-between mb-2"><div class="flex items-center gap-2"><div class="w-8 h-8 bg-gradient-to-br from-gray-700 to-gray-900 rounded-full flex items-center justify-center text-white font-semibold text-sm flex-shrink-0 cursor-pointer hover:ring-2 hover:ring-gray-900 hover:ring-offset-1 transition-all">J</div><div><div class="flex items-center gap-1.5"><span class="text-sm font-semibold text-gray-900 cursor-pointer hover:underline">Jackson Taylor</span></div><span class="text-xs text-gray-500">Nov 30, 2025, 06:17 PM</span></div></div><button class="p-1 hover:bg-gray-100 rounded-full transition-colors" type="button" id="radix-_r_4d_" aria-haspopup="menu" aria-expanded="false" data-state="closed"><svg xmlns="http://www.w3.org/2000/svg" width="24" height="24" viewBox="0 0 24 24" fill="none" stroke="currentColor" stroke-width="2" stroke-linecap="round" stroke-linejoin="round" class="lucide lucide-ellipsis-vertical w-4 h-4 text-gray-600" aria-hidden="true"><circle cx="12" cy="12" r="1"></circle><circle cx="12" cy="5" r="1"></circle><circle cx="12" cy="19" r="1"></circle></svg></button></div><p class="text-sm text-gray-800 whitespace-pre-wrap mb-2">I learned something new today!</p><div class="flex items-center gap-3"><div class="flex items-center gap-3"><button data-testid="reaction-button-like" class="
                            group inline-flex items-center gap-1.5 px-3 py-1.5 rounded-md font-medium text-sm transition-all duration-200
                            bg-white text-gray-700 hover:bg-gray-50 border border-gray-300
                            cursor-pointer hover:scale-105
                        " type="button" id="radix-_r_4f_" aria-haspopup="menu" aria-expanded="false" data-state="closed"><span class="text-base">👍</span><span class="font-medium text-sm">Like</span></button></div><button data-testid="reply-button" class="flex items-center gap-1 text-sm text-gray-600 hover:text-gray-900 transition-colors"><svg xmlns="http://www.w3.org/2000/svg" width="24" height="24" viewBox="0 0 24 24" fill="none" stroke="currentColor" stroke-width="2" stroke-linecap="round" stroke-linejoin="round" class="lucide lucide-reply w-4 h-4" aria-hidden="true"><path d="M20 18v-2a4 4 0 0 0-4-4H4"></path><path d="m9 17-5-5 5-5"></path></svg>Reply</button></div></div><div class="mt-2 space-y-2"><div class="ml-10"><div class="bg-white rounded-md border border-gray-200 p-3"><div class="flex items-start justify-between mb-2"><div class="flex items-center gap-2"><div class="w-8 h-8 bg-gradient-to-br from-gray-700 to-gray-900 rounded-full flex items-center justify-center text-white font-semibold text-sm flex-shrink-0 cursor-pointer hover:ring-2 hover:ring-gray-900 hover:ring-offset-1 transition-all">L</div><div><div class="flex items-center gap-1.5"><span class="text-sm font-semibold text-gray-900 cursor-pointer hover:underline">Luke Wilson</span></div><span class="text-xs text-gray-500">Nov 30, 2025, 06:17 PM</span></div></div><button class="p-1 hover:bg-gray-100 rounded-full transition-colors" type="button" id="radix-_r_4h_" aria-haspopup="menu" aria-expanded="false" data-state="closed"><svg xmlns="http://www.w3.org/2000/svg" width="24" height="24" viewBox="0 0 24 24" fill="none" stroke="currentColor" stroke-width="2" stroke-linecap="round" stroke-linejoin="round" class="lucide lucide-ellipsis-vertical w-4 h-4 text-gray-600" aria-hidden="true"><circle cx="12" cy="12" r="1"></circle><circle cx="12" cy="5" r="1"></circle><circle cx="12" cy="19" r="1"></circle></svg></button></div><p class="text-sm text-gray-800 whitespace-pre-wrap mb-2">Great addition to the discussion!</p><div class="flex items-center gap-3"><div class="flex items-center gap-3"><button data-testid="reaction-button-like" class="
                            group inline-flex items-center gap-1.5 px-3 py-1.5 rounded-md font-medium text-sm transition-all duration-200
                            bg-white text-gray-700 hover:bg-gray-50 border border-gray-300
                            cursor-pointer hover:scale-105
                        " type="button" id="radix-_r_4j_" aria-haspopup="menu" aria-expanded="false" data-state="closed"><span class="text-base">👍</span><span class="font-medium text-sm">Like</span></button></div></div></div></div><div class="ml-10"><div class="bg-white rounded-md border border-gray-200 p-3"><div class="flex items-start justify-between mb-2"><div class="flex items-center gap-2"><div class="w-8 h-8 bg-gradient-to-br from-gray-700 to-gray-900 rounded-full flex items-center justify-center text-white font-semibold text-sm flex-shrink-0 cursor-pointer hover:ring-2 hover:ring-gray-900 hover:ring-offset-1 transition-all">R</div><div><div class="flex items-center gap-1.5"><span class="text-sm font-semibold text-gray-900 cursor-pointer hover:underline">Riley Williams</span></div><span class="text-xs text-gray-500">Nov 30, 2025, 06:17 PM</span></div></div><button class="p-1 hover:bg-gray-100 rounded-full transition-colors" type="button" id="radix-_r_4o_" aria-haspopup="menu" aria-expanded="false" data-state="closed"><svg xmlns="http://www.w3.org/2000/svg" width="24" height="24" viewBox="0 0 24 24" fill="none" stroke="currentColor" stroke-width="2" stroke-linecap="round" stroke-linejoin="round" class="lucide lucide-ellipsis-vertical w-4 h-4 text-gray-600" aria-hidden="true"><circle cx="12" cy="12" r="1"></circle><circle cx="12" cy="5" r="1"></circle><circle cx="12" cy="19" r="1"></circle></svg></button></div><p class="text-sm text-gray-800 whitespace-pre-wrap mb-2">Well put!</p><div class="flex items-center gap-3"><div class="flex items-center gap-3"><button data-testid="reaction-button-like" class="
                            group inline-flex items-center gap-1.5 px-3 py-1.5 rounded-md font-medium text-sm transition-all duration-200
                            bg-white text-gray-700 hover:bg-gray-50 border border-gray-300
                            cursor-pointer hover:scale-105
                        " type="button" id="radix-_r_4q_" aria-haspopup="menu" aria-expanded="false" data-state="closed"><span class="text-base">👍</span><span class="font-medium text-sm">Like</span></button></div></div></div></div></div></div><div class=""><div class="bg-white rounded-md border border-gray-200 p-3"><div class="flex items-start justify-between mb-2"><div class="flex items-center gap-2"><div class="w-8 h-8 bg-gradient-to-br from-gray-700 to-gray-900 rounded-full flex items-center justify-center text-white font-semibold text-sm flex-shrink-0 cursor-pointer hover:ring-2 hover:ring-gray-900 hover:ring-offset-1 transition-all">C</div><div><div class="flex items-center gap-1.5"><span class="text-sm font-semibold text-gray-900 cursor-pointer hover:underline">Charlotte Johnson</span></div><span class="text-xs text-gray-500">Nov 30, 2025, 06:17 PM</span></div></div><button class="p-1 hover:bg-gray-100 rounded-full transition-colors" type="button" id="radix-_r_52_" aria-haspopup="menu" aria-expanded="false" data-state="closed"><svg xmlns="http://www.w3.org/2000/svg" width="24" height="24" viewBox="0 0 24 24" fill="none" stroke="currentColor" stroke-width="2" stroke-linecap="round" stroke-linejoin="round" class="lucide lucide-ellipsis-vertical w-4 h-4 text-gray-600" aria-hidden="true"><circle cx="12" cy="12" r="1"></circle><circle cx="12" cy="5" r="1"></circle><circle cx="12" cy="19" r="1"></circle></svg></button></div><p class="text-sm text-gray-800 whitespace-pre-wrap mb-2">Could you elaborate more on this?</p><div class="flex items-center gap-3"><div class="flex items-center gap-3"><button data-testid="reaction-button-like" class="
                            group inline-flex items-center gap-1.5 px-3 py-1.5 rounded-md font-medium text-sm transition-all duration-200
                            bg-white text-gray-700 hover:bg-gray-50 border border-gray-300
                            cursor-pointer hover:scale-105
                        " type="button" id="radix-_r_54_" aria-haspopup="menu" aria-expanded="false" data-state="closed"><span class="text-base">👍</span><span class="font-medium text-sm">Like</span></button></div><button data-testid="reply-button" class="flex items-center gap-1 text-sm text-gray-600 hover:text-gray-900 transition-colors"><svg xmlns="http://www.w3.org/2000/svg" width="24" height="24" viewBox="0 0 24 24" fill="none" stroke="currentColor" stroke-width="2" stroke-linecap="round" stroke-linejoin="round" class="lucide lucide-reply w-4 h-4" aria-hidden="true"><path d="M20 18v-2a4 4 0 0 0-4-4H4"></path><path d="m9 17-5-5 5-5"></path></svg>Reply</button></div></div></div><div class=""><div class="bg-white rounded-md border border-gray-200 p-3"><div class="flex items-start justify-between mb-2"><div class="flex items-center gap-2"><div class="w-8 h-8 bg-gradient-to-br from-gray-700 to-gray-900 rounded-full flex items-center justify-center text-white font-semibold text-sm flex-shrink-0 cursor-pointer hover:ring-2 hover:ring-gray-900 hover:ring-offset-1 transition-all">S</div><div><div class="flex items-center gap-1.5"><span class="text-sm font-semibold text-gray-900 cursor-pointer hover:underline">Samuel Rodriguez</span></div><span class="text-xs text-gray-500">Nov 30, 2025, 06:17 PM</span></div></div><button class="p-1 hover:bg-gray-100 rounded-full transition-colors" type="button" id="radix-_r_59_" aria-haspopup="menu" aria-expanded="false" data-state="closed"><svg xmlns="http://www.w3.org/2000/svg" width="24" height="24" viewBox="0 0 24 24" fill="none" stroke="currentColor" stroke-width="2" stroke-linecap="round" stroke-linejoin="round" class="lucide lucide-ellipsis-vertical w-4 h-4 text-gray-600" aria-hidden="true"><circle cx="12" cy="12" r="1"></circle><circle cx="12" cy="5" r="1"></circle><circle cx="12" cy="19" r="1"></circle></svg></button></div><p class="text-sm text-gray-800 whitespace-pre-wrap mb-2">This resonates with me so much.</p><div class="flex items-center gap-3"><div class="flex items-center gap-3"><button data-testid="reaction-button-like" class="
                            group inline-flex items-center gap-1.5 px-3 py-1.5 rounded-md font-medium text-sm transition-all duration-200
                            bg-white text-gray-700 hover:bg-gray-50 border border-gray-300
                            cursor-pointer hover:scale-105
                        " type="button" id="radix-_r_5b_" aria-haspopup="menu" aria-expanded="false" data-state="closed"><span class="text-base">👍</span><span class="font-medium text-sm">Like</span></button></div><button data-testid="reply-button" class="flex items-center gap-1 text-sm text-gray-600 hover:text-gray-900 transition-colors"><svg xmlns="http://www.w3.org/2000/svg" width="24" height="24" viewBox="0 0 24 24" fill="none" stroke="currentColor" stroke-width="2" stroke-linecap="round" stroke-linejoin="round" class="lucide lucide-reply w-4 h-4" aria-hidden="true"><path d="M20 18v-2a4 4 0 0 0-4-4H4"></path><path d="m9 17-5-5 5-5"></path></svg>Reply</button></div></div></div></div></div></div></div></article><article class="bg-white rounded-xl shadow-sm border border-gray-200 overflow-hidden hover:shadow-md transition-shadow"><div class="p-6"><h2 class="text-xl font-bold text-gray-900 mb-3">User Success Stories</h2><p class="text-gray-600 leading-relaxed mb-6">We love hearing from our users! Today we are sharing some incredible success stories from our community. Your feedback and reactions mean the world to us. Keep them coming!</p><div class="pt-4 border-t border-gray-100"><div class="flex items-center gap-3"><button data-testid="reaction-button-like" class="
                            group inline-flex items-center gap-1.5 px-3 py-1.5 rounded-md font-medium text-sm transition-all duration-200
                            bg-white text-gray-700 hover:bg-gray-50 border border-gray-300
                            cursor-pointer hover:scale-105
                        " type="button" id="radix-_r_5g_" aria-haspopup="menu" aria-expanded="false" data-state="closed"><span class="text-base">👍</span><span class="font-medium text-sm">Like</span></button><div class="flex items-center gap-1.5"><button data-testid="reaction-count-love" class="
                                    inline-flex items-center gap-1 px-2 py-1 rounded-full text-xs font-medium transition-all
                                    bg-gray-100 text-gray-700 hover:bg-gray-200
                                    cursor-pointer hover:scale-105
                                "><span class="text-base">❤️</span><span>3</span></button><button data-testid="reaction-count-sad" class="
                                    inline-flex items-center gap-1 px-2 py-1 rounded-full text-xs font-medium transition-all
                                    bg-gray-100 text-gray-700 hover:bg-gray-200
                                    cursor-pointer hover:scale-105
                                "><span class="text-base">😢</span><span>2</span></button><button data-testid="reaction-count-like" class="
                                    inline-flex items-center gap-1 px-2 py-1 rounded-full text-xs font-medium transition-all
                                    bg-gray-100 text-gray-700 hover:bg-gray-200
                                    cursor-pointer hover:scale-105
                                "><span class="text-base">👍</span><span>1</span></button><button data-testid="reaction-count-wow" class="
                                    inline-flex items-center gap-1 px-2 py-1 rounded-full text-xs font-medium transition-all
                                    bg-gray-100 text-gray-700 hover:bg-gray-200
                                    cursor-pointer hover:scale-105
                                "><span class="text-base">😮</span><span>1</span></button><button data-testid="reaction-count-angry" class="
                                    inline-flex items-center gap-1 px-2 py-1 rounded-full text-xs font-medium transition-all
                                    bg-gray-100 text-gray-700 hover:bg-gray-200
                                    cursor-pointer hover:scale-105
                                "><span class="text-base">😠</span><span>1</span></button><button class="p-1.5 hover:bg-gray-100 rounded-full transition-colors" title="See who reacted"><svg xmlns="http://www.w3.org/2000/svg" width="24" height="24" viewBox="0 0 24 24" fill="none" stroke="currentColor" stroke-width="2" stroke-linecap="round" stroke-linejoin="round" class="lucide lucide-chevron-down w-4 h-4 text-gray-600" aria-hidden="true"><path d="m6 9 6 6 6-6"></path></svg></button></div></div></div><div class="pt-6 border-t border-gray-100 mt-6"><div class="space-y-3"><div class="flex items-center justify-between"><div class="flex items-center gap-2"><svg xmlns="http://www.w3.org/2000/svg" width="24" height="24" viewBox="0 0 24 24" fill="none" stroke="currentColor" stroke-width="2" stroke-linecap="round" stroke-linejoin="round" class="lucide lucide-message-square w-4 h-4 text-gray-600" aria-hidden="true"><path d="M22 17a2 2 0 0 1-2 2H6.828a2 2 0 0 0-1.414.586l-2.202 2.202A.71.71 0 0 1 2 21.286V5a2 2 0 0 1 2-2h16a2 2 0 0 1 2 2z"></path></svg><h3 class="text-base font-semibold text-gray-900">Comments (3)</h3></div><button data-testid="add-comment-button" class="px-3 py-1.5 text-sm font-medium text-white bg-gray-900 rounded-md hover:bg-gray-800 transition-colors">Add Comment</button></div><div class="space-y-2"><div class=""><div class="bg-white rounded-md border border-gray-200 p-3"><div class="flex items-start justify-between mb-2"><div class="flex items-center gap-2"><div class="w-8 h-8 bg-gradient-to-br from-gray-700 to-gray-900 rounded-full flex items-center justify-center text-white font-semibold text-sm flex-shrink-0 cursor-pointer hover:ring-2 hover:ring-gray-900 hover:ring-offset-1 transition-all">L</div><div><div class="flex items-center gap-1.5"><span class="text-sm font-semibold text-gray-900 cursor-pointer hover:underline">Lillian Gonzalez</span></div><span class="text-xs text-gray-500">Nov 30, 2025, 06:17 PM</span></div></div><button class="p-1 hover:bg-gray-100 rounded-full transition-colors" type="button" id="radix-_r_5i_" aria-haspopup="menu" aria-expanded="false" data-state="closed"><svg xmlns="http://www.w3.org/2000/svg" width="24" height="24" viewBox="0 0 24 24" fill="none" stroke="currentColor" stroke-width="2" stroke-linecap="round" stroke-linejoin="round" class="lucide lucide-ellipsis-vertical w-4 h-4 text-gray-600" aria-hidden="true"><circle cx="12" cy="12" r="1"></circle><circle cx="12" cy="5" r="1"></circle><circle cx="12" cy="19" r="1"></circle></svg></button></div><p class="text-sm text-gray-800 whitespace-pre-wrap mb-2">This is really helpful, thank you!</p><div class="flex items-center gap-3"><div class="flex items-center gap-3"><button data-testid="reaction-button-like" class="
                            group inline-flex items-center gap-1.5 px-3 py-1.5 rounded-md font-medium text-sm transition-all duration-200
                            bg-white text-gray-700 hover:bg-gray-50 border border-gray-300
                            cursor-pointer hover:scale-105
                        " type="button" id="radix-_r_5k_" aria-haspopup="menu" aria-expanded="false" data-state="closed"><span class="text-base">👍</span><span class="font-medium text-sm">Like</span></button></div><button data-testid="reply-button" class="flex items-center gap-1 text-sm text-gray-600 hover:text-gray-900 transition-colors"><svg xmlns="http://www.w3.org/2000/svg" width="24" height="24" viewBox="0 0 24 24" fill="none" stroke="currentColor" stroke-width="2" stroke-linecap="round" stroke-linejoin="round" class="lucide lucide-reply w-4 h-4" aria-hidden="true"><path d="M20 18v-2a4 4 0 0 0-4-4H4"></path><path d="m9 17-5-5 5-5"></path></svg>Reply</button></div></div></div><div class=""><div class="bg-white rounded-md border border-gray-200 p-3"><div class="flex items-start justify-between mb-2"><div class="flex items-center gap-2"><div class="w-8 h-8 bg-gradient-to-br from-gray-700 to-gray-900 rounded-full flex items-center justify-center text-white font-semibold text-sm flex-shrink-0 cursor-pointer hover:ring-2 hover:ring-gray-900 hover:ring-offset-1 transition-all">M</div><div><div class="flex items-center gap-1.5"><span class="text-sm font-semibold text-gray-900 cursor-pointer hover:underline">Mason Miller</span></div><span class="text-xs text-gray-500">Nov 30, 2025, 06:17 PM</span></div></div><button class="p-1 hover:bg-gray-100 rounded-full transition-colors" type="button" id="radix-_r_5p_" aria-haspopup="menu" aria-expanded="false" data-state="closed"><svg xmlns="http://www.w3.org/2000/svg" width="24" height="24" viewBox="0 0 24 24" fill="none" stroke="currentColor" stroke-width="2" stroke-linecap="round" stroke-linejoin="round" class="lucide lucide-ellipsis-vertical w-4 h-4 text-gray-600" aria-hidden="true"><circle cx="12" cy="12" r="1"></circle><circle cx="12" cy="5" r="1"></circle><circle cx="12" cy="19" r="1"></circle></svg></button></div><p class="text-sm text-gray-800 whitespace-pre-wrap mb-2">Thanks for sharing this information.</p><div class="flex items-center gap-3"><div class="flex items-center gap-3"><button data-testid="reaction-button-like" class="
                            group inline-flex items-center gap-1.5 px-3 py-1.5 rounded-md font-medium text-sm transition-all duration-200
                            bg-white text-gray-700 hover:bg-gray-50 border border-gray-300
                            cursor-pointer hover:scale-105
                        " type="button" id="radix-_r_5r_" aria-haspopup="menu" aria-expanded="false" data-state="closed"><span class="text-base">👍</span><span class="font-medium text-sm">Like</span></button></div><button data-testid="reply-button" class="flex items-center gap-1 text-sm text-gray-600 hover:text-gray-900 transition-colors"><svg xmlns="http://www.w3.org/2000/svg" width="24" height="24" viewBox="0 0 24 24" fill="none" stroke="currentColor" stroke-width="2" stroke-linecap="round" stroke-linejoin="round" class="lucide lucide-reply w-4 h-4" aria-hidden="true"><path d="M20 18v-2a4 4 0 0 0-4-4H4"></path><path d="m9 17-5-5 5-5"></path></svg>Reply</button></div></div></div><div class=""><div class="bg-white rounded-md border border-gray-200 p-3"><div class="flex items-start justify-between mb-2"><div class="flex items-center gap-2"><div class="w-8 h-8 bg-gradient-to-br from-gray-700 to-gray-900 rounded-full flex items-center justify-center text-white font-semibold text-sm flex-shrink-0 cursor-pointer hover:ring-2 hover:ring-gray-900 hover:ring-offset-1 transition-all">S</div><div><div class="flex items-center gap-1.5"><span class="text-sm font-semibold text-gray-900 cursor-pointer hover:underline">Sebastian Thomas</span></div><span class="text-xs text-gray-500">Nov 30, 2025, 06:17 PM</span></div></div><button class="p-1 hover:bg-gray-100 rounded-full transition-colors" type="button" id="radix-_r_60_" aria-haspopup="menu" aria-expanded="false" data-state="closed"><svg xmlns="http://www.w3.org/2000/svg" width="24" height="24" viewBox="0 0 24 24" fill="none" stroke="currentColor" stroke-width="2" stroke-linecap="round" stroke-linejoin="round" class="lucide lucide-ellipsis-vertical w-4 h-4 text-gray-600" aria-hidden="true"><circle cx="12" cy="12" r="1"></circle><circle cx="12" cy="5" r="1"></circle><circle cx="12" cy="19" r="1"></circle></svg></button></div><p class="text-sm text-gray-800 whitespace-pre-wrap mb-2">This is amazing! Great work!</p><div class="flex items-center gap-3"><div class="flex items-center gap-3"><button data-testid="reaction-button-like" class="
                            group inline-flex items-center gap-1.5 px-3 py-1.5 rounded-md font-medium text-sm transition-all duration-200
                            bg-white text-gray-700 hover:bg-gray-50 border border-gray-300
                            cursor-pointer hover:scale-105
                        " type="button" id="radix-_r_62_" aria-haspopup="menu" aria-expanded="false" data-state="closed"><span class="text-base">👍</span><span class="font-medium text-sm">Like</span></button></div><button data-testid="reply-button" class="flex items-center gap-1 text-sm text-gray-600 hover:text-gray-900 transition-colors"><svg xmlns="http://www.w3.org/2000/svg" width="24" height="24" viewBox="0 0 24 24" fill="none" stroke="currentColor" stroke-width="2" stroke-linecap="round" stroke-linejoin="round" class="lucide lucide-reply w-4 h-4" aria-hidden="true"><path d="M20 18v-2a4 4 0 0 0-4-4H4"></path><path d="m9 17-5-5 5-5"></path></svg>Reply</button></div></div><div class="mt-2 space-y-2"><div class="ml-10"><div class="bg-white rounded-md border border-gray-200 p-3"><div class="flex items-start justify-between mb-2"><div class="flex items-center gap-2"><div class="w-8 h-8 bg-gradient-to-br from-gray-700 to-gray-900 rounded-full flex items-center justify-center text-white font-semibold text-sm flex-shrink-0 cursor-pointer hover:ring-2 hover:ring-gray-900 hover:ring-offset-1 transition-all">L</div><div><div class="flex items-center gap-1.5"><span class="text-sm font-semibold text-gray-900 cursor-pointer hover:underline">Liam Brown</span></div><span class="text-xs text-gray-500">Nov 30, 2025, 06:17 PM</span></div></div><button class="p-1 hover:bg-gray-100 rounded-full transition-colors" type="button" id="radix-_r_64_" aria-haspopup="menu" aria-expanded="false" data-state="closed"><svg xmlns="http://www.w3.org/2000/svg" width="24" height="24" viewBox="0 0 24 24" fill="none" stroke="currentColor" stroke-width="2" stroke-linecap="round" stroke-linejoin="round" class="lucide lucide-ellipsis-vertical w-4 h-4 text-gray-600" aria-hidden="true"><circle cx="12" cy="12" r="1"></circle><circle cx="12" cy="5" r="1"></circle><circle cx="12" cy="19" r="1"></circle></svg></button></div><p class="text-sm text-gray-800 whitespace-pre-wrap mb-2">I agree with you!</p><div class="flex items-center gap-3"><div class="flex items-center gap-3"><button data-testid="reaction-button-like" class="
                            group inline-flex items-center gap-1.5 px-3 py-1.5 rounded-md font-medium text-sm transition-all duration-200
                            bg-white text-gray-700 hover:bg-gray-50 border border-gray-300
                            cursor-pointer hover:scale-105
                        " type="button" id="radix-_r_66_" aria-haspopup="menu" aria-expanded="false" data-state="closed"><span class="text-base">👍</span><span class="font-medium text-sm">Like</span></button></div></div></div></div><div class="ml-10"><div class="bg-white rounded-md border border-gray-200 p-3"><div class="flex items-start justify-between mb-2"><div class="flex items-center gap-2"><div class="w-8 h-8 bg-gradient-to-br from-gray-700 to-gray-900 rounded-full flex items-center justify-center text-white font-semibold text-sm flex-shrink-0 cursor-pointer hover:ring-2 hover:ring-gray-900 hover:ring-offset-1 transition-all">S</div><div><div class="flex items-center gap-1.5"><span class="text-sm font-semibold text-gray-900 cursor-pointer hover:underline">Sebastian Thomas</span></div><span class="text-xs text-gray-500">Nov 30, 2025, 06:17 PM</span></div></div><button class="p-1 hover:bg-gray-100 rounded-full transition-colors" type="button" id="radix-_r_6b_" aria-haspopup="menu" aria-expanded="false" data-state="closed"><svg xmlns="http://www.w3.org/2000/svg" width="24" height="24" viewBox="0 0 24 24" fill="none" stroke="currentColor" stroke-width="2" stroke-linecap="round" stroke-linejoin="round" class="lucide lucide-ellipsis-vertical w-4 h-4 text-gray-600" aria-hidden="true"><circle cx="12" cy="12" r="1"></circle><circle cx="12" cy="5" r="1"></circle><circle cx="12" cy="19" r="1"></circle></svg></button></div><p class="text-sm text-gray-800 whitespace-pre-wrap mb-2">Thanks for your comment!</p><div class="flex items-center gap-3"><div class="flex items-center gap-3"><button data-testid="reaction-button-like" class="
                            group inline-flex items-center gap-1.5 px-3 py-1.5 rounded-md font-medium text-sm transition-all duration-200
                            bg-white text-gray-700 hover:bg-gray-50 border border-gray-300
                            cursor-pointer hover:scale-105
                        " type="button" id="radix-_r_6d_" aria-haspopup="menu" aria-expanded="false" data-state="closed"><span class="text-base">👍</span><span class="font-medium text-sm">Like</span></button></div></div></div></div></div></div></div></div></div></div></article><article class="bg-white rounded-xl shadow-sm border border-gray-200 overflow-hidden hover:shadow-md transition-shadow"><div class="p-6"><h2 class="text-xl font-bold text-gray-900 mb-3">Tips and Tricks for Power Users</h2><p class="text-gray-600 leading-relaxed mb-6">Did you know you can quickly react by hovering over the button? Here are some tips and tricks to get the most out of our platform. Become a power user today!</p><div class="pt-4 border-t border-gray-100"><div class="flex items-center gap-3"><button data-testid="reaction-button-like" class="
                            group inline-flex items-center gap-1.5 px-3 py-1.5 rounded-md font-medium text-sm transition-all duration-200
                            bg-white text-gray-700 hover:bg-gray-50 border border-gray-300
                            cursor-pointer hover:scale-105
                        " type="button" id="radix-_r_6l_" aria-haspopup="menu" aria-expanded="false" data-state="closed"><span class="text-base">👍</span><span class="font-medium text-sm">Like</span></button><div class="flex items-center gap-1.5"><button data-testid="reaction-count-love" class="
                                    inline-flex items-center gap-1 px-2 py-1 rounded-full text-xs font-medium transition-all
                                    bg-gray-100 text-gray-700 hover:bg-gray-200
                                    cursor-pointer hover:scale-105
                                "><span class="text-base">❤️</span><span>2</span></button><button data-testid="reaction-count-like" class="
                                    inline-flex items-center gap-1 px-2 py-1 rounded-full text-xs font-medium transition-all
                                    bg-gray-100 text-gray-700 hover:bg-gray-200
                                    cursor-pointer hover:scale-105
                                "><span class="text-base">👍</span><span>1</span></button><button data-testid="reaction-count-wow" class="
                                    inline-flex items-center gap-1 px-2 py-1 rounded-full text-xs font-medium transition-all
                                    bg-gray-100 text-gray-700 hover:bg-gray-200
                                    cursor-pointer hover:scale-105
                                "><span class="text-base">😮</span><span>1</span></button><button class="p-1.5 hover:bg-gray-100 rounded-full transition-colors" title="See who reacted"><svg xmlns="http://www.w3.org/2000/svg" width="24" height="24" viewBox="0 0 24 24" fill="none" stroke="currentColor" stroke-width="2" stroke-linecap="round" stroke-linejoin="round" class="lucide lucide-chevron-down w-4 h-4 text-gray-600" aria-hidden="true"><path d="m6 9 6 6 6-6"></path></svg></button></div></div></div><div class="pt-6 border-t border-gray-100 mt-6"><div class="space-y-3"><div class="flex items-center justify-between"><div class="flex items-center gap-2"><svg xmlns="http://www.w3.org/2000/svg" width="24" height="24" viewBox="0 0 24 24" fill="none" stroke="currentColor" stroke-width="2" stroke-linecap="round" stroke-linejoin="round" class="lucide lucide-message-square w-4 h-4 text-gray-600" aria-hidden="true"><path d="M22 17a2 2 0 0 1-2 2H6.828a2 2 0 0 0-1.414.586l-2.202 2.202A.71.71 0 0 1 2 21.286V5a2 2 0 0 1 2-2h16a2 2 0 0 1 2 2z"></path></svg><h3 class="text-base font-semibold text-gray-900">Comments (4)</h3></div><button data-testid="add-comment-button" class="px-3 py-1.5 text-sm font-medium text-white bg-gray-900 rounded-md hover:bg-gray-800 transition-colors">Add Comment</button></div><div class="space-y-2"><div class=""><div class="bg-white rounded-md border border-gray-200 p-3"><div class="flex items-start justify-between mb-2"><div class="flex items-center gap-2"><div class="w-8 h-8 bg-gradient-to-br from-gray-700 to-gray-900 rounded-full flex items-center justify-center text-white font-semibold text-sm flex-shrink-0 cursor-pointer hover:ring-2 hover:ring-gray-900 hover:ring-offset-1 transition-all">V</div><div><div class="flex items-center gap-1.5"><span class="text-sm font-semibold text-gray-900 cursor-pointer hover:underline">Victoria Thomas</span></div><span class="text-xs text-gray-500">Nov 30, 2025, 06:17 PM</span></div></div><button class="p-1 hover:bg-gray-100 rounded-full transition-colors" type="button" id="radix-_r_6n_" aria-haspopup="menu" aria-expanded="false" data-state="closed"><svg xmlns="http://www.w3.org/2000/svg" width="24" height="24" viewBox="0 0 24 24" fill="none" stroke="currentColor" stroke-width="2" stroke-linecap="round" stroke-linejoin="round" class="lucide lucide-ellipsis-vertical w-4 h-4 text-gray-600" aria-hidden="true"><circle cx="12" cy="12" r="1"></circle><circle cx="12" cy="5" r="1"></circle><circle cx="12" cy="19" r="1"></circle></svg></button></div><p class="text-sm text-gray-800 whitespace-pre-wrap mb-2">Fantastic post! Keep it up!</p><div class="flex items-center gap-3"><div class="flex items-center gap-3"><button data-testid="reaction-button-like" class="
                            group inline-flex items-center gap-1.5 px-3 py-1.5 rounded-md font-medium text-sm transition-all duration-200
                            bg-white text-gray-700 hover:bg-gray-50 border border-gray-300
                            cursor-pointer hover:scale-105
                        " type="button" id="radix-_r_6p_" aria-haspopup="menu" aria-expanded="false" data-state="closed"><span class="text-base">👍</span><span class="font-medium text-sm">Like</span></button></div><button data-testid="reply-button" class="flex items-center gap-1 text-sm text-gray-600 hover:text-gray-900 transition-colors"><svg xmlns="http://www.w3.org/2000/svg" width="24" height="24" viewBox="0 0 24 24" fill="none" stroke="currentColor" stroke-width="2" stroke-linecap="round" stroke-linejoin="round" class="lucide lucide-reply w-4 h-4" aria-hidden="true"><path d="M20 18v-2a4 4 0 0 0-4-4H4"></path><path d="m9 17-5-5 5-5"></path></svg>Reply</button></div></div><div class="mt-2 space-y-2"><div class="ml-10"><div class="bg-white rounded-md border border-gray-200 p-3"><div class="flex items-start justify-between mb-2"><div class="flex items-center gap-2"><div class="w-8 h-8 bg-gradient-to-br from-gray-700 to-gray-900 rounded-full flex items-center justify-center text-white font-semibold text-sm flex-shrink-0 cursor-pointer hover:ring-2 hover:ring-gray-900 hover:ring-offset-1 transition-all">M</div><div><div class="flex items-center gap-1.5"><span class="text-sm font-semibold text-gray-900 cursor-pointer hover:underline">Mason Jones</span></div><span class="text-xs text-gray-500">Nov 30, 2025, 06:17 PM</span></div></div><button class="p-1 hover:bg-gray-100 rounded-full transition-colors" type="button" id="radix-_r_6r_" aria-haspopup="menu" aria-expanded="false" data-state="closed"><svg xmlns="http://www.w3.org/2000/svg" width="24" height="24" viewBox="0 0 24 24" fill="none" stroke="currentColor" stroke-width="2" stroke-linecap="round" stroke-linejoin="round" class="lucide lucide-ellipsis-vertical w-4 h-4 text-gray-600" aria-hidden="true"><circle cx="12" cy="12" r="1"></circle><circle cx="12" cy="5" r="1"></circle><circle cx="12" cy="19" r="1"></circle></svg></button></div><p class="text-sm text-gray-800 whitespace-pre-wrap mb-2">Interesting perspective!</p><div class="flex items-center gap-3"><div class="flex items-center gap-3"><button data-testid="reaction-button-like" class="
                            group inline-flex items-center gap-1.5 px-3 py-1.5 rounded-md font-medium text-sm transition-all duration-200
                            bg-white text-gray-700 hover:bg-gray-50 border border-gray-300
                            cursor-pointer hover:scale-105
                        " type="button" id="radix-_r_6t_" aria-haspopup="menu" aria-expanded="false" data-state="closed"><span class="text-base">👍</span><span class="font-medium text-sm">Like</span></button></div></div></div></div></div></div><div class=""><div class="bg-white rounded-md border border-gray-200 p-3"><div class="flex items-start justify-between mb-2"><div class="flex items-center gap-2"><div class="w-8 h-8 bg-gradient-to-br from-gray-700 to-gray-900 rounded-full flex items-center justify-center text-white font-semibold text-sm flex-shrink-0 cursor-pointer hover:ring-2 hover:ring-gray-900 hover:ring-offset-1 transition-all">B</div><div><div class="flex items-center gap-1.5"><span class="text-sm font-semibold text-gray-900 cursor-pointer hover:underline">Benjamin Moore</span></div><span class="text-xs text-gray-500">Nov 30, 2025, 06:17 PM</span></div></div><button class="p-1 hover:bg-gray-100 rounded-full transition-colors" type="button" id="radix-_r_75_" aria-haspopup="menu" aria-expanded="false" data-state="closed"><svg xmlns="http://www.w3.org/2000/svg" width="24" height="24" viewBox="0 0 24 24" fill="none" stroke="currentColor" stroke-width="2" stroke-linecap="round" stroke-linejoin="round" class="lucide lucide-ellipsis-vertical w-4 h-4 text-gray-600" aria-hidden="true"><circle cx="12" cy="12" r="1"></circle><circle cx="12" cy="5" r="1"></circle><circle cx="12" cy="19" r="1"></circle></svg></button></div><p class="text-sm text-gray-800 whitespace-pre-wrap mb-2">This resonates with me so much.</p><div class="flex items-center gap-3"><div class="flex items-center gap-3"><button data-testid="reaction-button-like" class="
                            group inline-flex items-center gap-1.5 px-3 py-1.5 rounded-md font-medium text-sm transition-all duration-200
                            bg-white text-gray-700 hover:bg-gray-50 border border-gray-300
                            cursor-pointer hover:scale-105
                        " type="button" id="radix-_r_77_" aria-haspopup="menu" aria-expanded="false" data-state="closed"><span class="text-base">👍</span><span class="font-medium text-sm">Like</span></button></div><button data-testid="reply-button" class="flex items-center gap-1 text-sm text-gray-600 hover:text-gray-900 transition-colors"><svg xmlns="http://www.w3.org/2000/svg" width="24" height="24" viewBox="0 0 24 24" fill="none" stroke="currentColor" stroke-width="2" stroke-linecap="round" stroke-linejoin="round" class="lucide lucide-reply w-4 h-4" aria-hidden="true"><path d="M20 18v-2a4 4 0 0 0-4-4H4"></path><path d="m9 17-5-5 5-5"></path></svg>Reply</button></div></div><div class="mt-2 space-y-2"><div class="ml-10"><div class="bg-white rounded-md border border-gray-200 p-3"><div class="flex items-start justify-between mb-2"><div class="flex items-center gap-2"><div class="w-8 h-8 bg-gradient-to-br from-gray-700 to-gray-900 rounded-full flex items-center justify-center text-white font-semibold text-sm flex-shrink-0 cursor-pointer hover:ring-2 hover:ring-gray-900 hover:ring-offset-1 transition-all">L</div><div><div class="flex items-center gap-1.5"><span class="text-sm font-semibold text-gray-900 cursor-pointer hover:underline">Liam Brown</span></div><span class="text-xs text-gray-500">Nov 30, 2025, 06:17 PM</span></div></div><button class="p-1 hover:bg-gray-100 rounded-full transition-colors" type="button" id="radix-_r_79_" aria-haspopup="menu" aria-expanded="false" data-state="closed"><svg xmlns="http://www.w3.org/2000/svg" width="24" height="24" viewBox="0 0 24 24" fill="none" stroke="currentColor" stroke-width="2" stroke-linecap="round" stroke-linejoin="round" class="lucide lucide-ellipsis-vertical w-4 h-4 text-gray-600" aria-hidden="true"><circle cx="12" cy="12" r="1"></circle><circle cx="12" cy="5" r="1"></circle><circle cx="12" cy="19" r="1"></circle></svg></button></div><p class="text-sm text-gray-800 whitespace-pre-wrap mb-2">I agree with you!</p><div class="flex items-center gap-3"><div class="flex items-center gap-3"><button data-testid="reaction-button-like" class="
                            group inline-flex items-center gap-1.5 px-3 py-1.5 rounded-md font-medium text-sm transition-all duration-200
                            bg-white text-gray-700 hover:bg-gray-50 border border-gray-300
                            cursor-pointer hover:scale-105
                        " type="button" id="radix-_r_7b_" aria-haspopup="menu" aria-expanded="false" data-state="closed"><span class="text-base">👍</span><span class="font-medium text-sm">Like</span></button></div></div></div></div><div class="ml-10"><div class="bg-white rounded-md border border-gray-200 p-3"><div class="flex items-start justify-between mb-2"><div class="flex items-center gap-2"><div class="w-8 h-8 bg-gradient-to-br from-gray-700 to-gray-900 rounded-full flex items-center justify-center text-white font-semibold text-sm flex-shrink-0 cursor-pointer hover:ring-2 hover:ring-gray-900 hover:ring-offset-1 transition-all">O</div><div><div class="flex items-center gap-1.5"><span class="text-sm font-semibold text-gray-900 cursor-pointer hover:underline">Owen Anderson</span></div><span class="text-xs text-gray-500">Nov 30, 2025, 06:17 PM</span></div></div><button class="p-1 hover:bg-gray-100 rounded-full transition-colors" type="button" id="radix-_r_7g_" aria-haspopup="menu" aria-expanded="false" data-state="closed"><svg xmlns="http://www.w3.org/2000/svg" width="24" height="24" viewBox="0 0 24 24" fill="none" stroke="currentColor" stroke-width="2" stroke-linecap="round" stroke-linejoin="round" class="lucide lucide-ellipsis-vertical w-4 h-4 text-gray-600" aria-hidden="true"><circle cx="12" cy="12" r="1"></circle><circle cx="12" cy="5" r="1"></circle><circle cx="12" cy="19" r="1"></circle></svg></button></div><p class="text-sm text-gray-800 whitespace-pre-wrap mb-2">Thanks for your comment!</p><div class="flex items-center gap-3"><div class="flex items-center gap-3"><button data-testid="reaction-button-like" class="
                            group inline-flex items-center gap-1.5 px-3 py-1.5 rounded-md font-medium text-sm transition-all duration-200
                            bg-white text-gray-700 hover:bg-gray-50 border border-gray-300
                            cursor-pointer hover:scale-105
                        " type="button" id="radix-_r_7i_" aria-haspopup="menu" aria-expanded="false" data-state="closed"><span class="text-base">👍</span><span class="font-medium text-sm">Like</span></button></div></div></div></div></div></div><div class=""><div class="bg-white rounded-md border border-gray-200 p-3"><div class="flex items-start justify-between mb-2"><div class="flex items-center gap-2"><div class="w-8 h-8 bg-gradient-to-br from-gray-700 to-gray-900 rounded-full flex items-center justify-center text-white font-semibold text-sm flex-shrink-0 cursor-pointer hover:ring-2 hover:ring-gray-900 hover:ring-offset-1 transition-all">E</div><div><div class="flex items-center gap-1.5"><span class="text-sm font-semibold text-gray-900 cursor-pointer hover:underline">Ethan Clark</span></div><span class="text-xs text-gray-500">Nov 30, 2025, 06:17 PM</span></div></div><button class="p-1 hover:bg-gray-100 rounded-full transition-colors" type="button" id="radix-_r_7q_" aria-haspopup="menu" aria-expanded="false" data-state="closed"><svg xmlns="http://www.w3.org/2000/svg" width="24" height="24" viewBox="0 0 24 24" fill="none" stroke="currentColor" stroke-width="2" stroke-linecap="round" stroke-linejoin="round" class="lucide lucide-ellipsis-vertical w-4 h-4 text-gray-600" aria-hidden="true"><circle cx="12" cy="12" r="1"></circle><circle cx="12" cy="5" r="1"></circle><circle cx="12" cy="19" r="1"></circle></svg></button></div><p class="text-sm text-gray-800 whitespace-pre-wrap mb-2">Well said! Couldn't agree more.</p><div class="flex items-center gap-3"><div class="flex items-center gap-3"><button data-testid="reaction-button-like" class="
                            group inline-flex items-center gap-1.5 px-3 py-1.5 rounded-md font-medium text-sm transition-all duration-200
                            bg-white text-gray-700 hover:bg-gray-50 border border-gray-300
                            cursor-pointer hover:scale-105
                        " type="button" id="radix-_r_7s_" aria-haspopup="menu" aria-expanded="false" data-state="closed"><span class="text-base">👍</span><span class="font-medium text-sm">Like</span></button></div><button data-testid="reply-button" class="flex items-center gap-1 text-sm text-gray-600 hover:text-gray-900 transition-colors"><svg xmlns="http://www.w3.org/2000/svg" width="24" height="24" viewBox="0 0 24 24" fill="none" stroke="currentColor" stroke-width="2" stroke-linecap="round" stroke-linejoin="round" class="lucide lucide-reply w-4 h-4" aria-hidden="true"><path d="M20 18v-2a4 4 0 0 0-4-4H4"></path><path d="m9 17-5-5 5-5"></path></svg>Reply</button></div></div></div><div class=""><div class="bg-white rounded-md border border-gray-200 p-3"><div class="flex items-start justify-between mb-2"><div class="flex items-center gap-2"><div class="w-8 h-8 bg-gradient-to-br from-gray-700 to-gray-900 rounded-full flex items-center justify-center text-white font-semibold text-sm flex-shrink-0 cursor-pointer hover:ring-2 hover:ring-gray-900 hover:ring-offset-1 transition-all">L</div><div><div class="flex items-center gap-1.5"><span class="text-sm font-semibold text-gray-900 cursor-pointer hover:underline">Luke Wilson</span></div><span class="text-xs text-gray-500">Nov 30, 2025, 06:17 PM</span></div></div><button class="p-1 hover:bg-gray-100 rounded-full transition-colors" type="button" id="radix-_r_81_" aria-haspopup="menu" aria-expanded="false" data-state="closed"><svg xmlns="http://www.w3.org/2000/svg" width="24" height="24" viewBox="0 0 24 24" fill="none" stroke="currentColor" stroke-width="2" stroke-linecap="round" stroke-linejoin="round" class="lucide lucide-ellipsis-vertical w-4 h-4 text-gray-600" aria-hidden="true"><circle cx="12" cy="12" r="1"></circle><circle cx="12" cy="5" r="1"></circle><circle cx="12" cy="19" r="1"></circle></svg></button></div><p class="text-sm text-gray-800 whitespace-pre-wrap mb-2">Fantastic post! Keep it up!</p><div class="flex items-center gap-3"><div class="flex items-center gap-3"><button data-testid="reaction-button-like" class="
                            group inline-flex items-center gap-1.5 px-3 py-1.5 rounded-md font-medium text-sm transition-all duration-200
                            bg-white text-gray-700 hover:bg-gray-50 border border-gray-300
                            cursor-pointer hover:scale-105
                        " type="button" id="radix-_r_83_" aria-haspopup="menu" aria-expanded="false" data-state="closed"><span class="text-base">👍</span><span class="font-medium text-sm">Like</span></button></div><button data-testid="reply-button" class="flex items-center gap-1 text-sm text-gray-600 hover:text-gray-900 transition-colors"><svg xmlns="http://www.w3.org/2000/svg" width="24" height="24" viewBox="0 0 24 24" fill="none" stroke="currentColor" stroke-width="2" stroke-linecap="round" stroke-linejoin="round" class="lucide lucide-reply w-4 h-4" aria-hidden="true"><path d="M20 18v-2a4 4 0 0 0-4-4H4"></path><path d="m9 17-5-5 5-5"></path></svg>Reply</button></div></div></div></div></div></div></div></article><article class="bg-white rounded-xl shadow-sm border border-gray-200 overflow-hidden hover:shadow-md transition-shadow"><div class="p-6"><h2 class="text-xl font-bold text-gray-900 mb-3">Upcoming Events and Webinars</h2><p class="text-gray-600 leading-relaxed mb-6">Join us for our upcoming webinar series where we will dive deep into advanced features and best practices. React to this post if you are interested in attending!</p><div class="pt-4 border-t border-gray-100"><div class="flex items-center gap-3"><button data-testid="reaction-button-like" class="
                            group inline-flex items-center gap-1.5 px-3 py-1.5 rounded-md font-medium text-sm transition-all duration-200
                            bg-white text-gray-700 hover:bg-gray-50 border border-gray-300
                            cursor-pointer hover:scale-105
                        " type="button" id="radix-_r_88_" aria-haspopup="menu" aria-expanded="false" data-state="closed"><span class="text-base">👍</span><span class="font-medium text-sm">Like</span></button><div class="flex items-center gap-1.5"><button data-testid="reaction-count-like" class="
                                    inline-flex items-center gap-1 px-2 py-1 rounded-full text-xs font-medium transition-all
                                    bg-gray-100 text-gray-700 hover:bg-gray-200
                                    cursor-pointer hover:scale-105
                                "><span class="text-base">👍</span><span>1</span></button><button data-testid="reaction-count-haha" class="
                                    inline-flex items-center gap-1 px-2 py-1 rounded-full text-xs font-medium transition-all
                                    bg-gray-100 text-gray-700 hover:bg-gray-200
                                    cursor-pointer hover:scale-105
                                "><span class="text-base">😂</span><span>1</span></button><button data-testid="reaction-count-angry" class="
                                    inline-flex items-center gap-1 px-2 py-1 rounded-full text-xs font-medium transition-all
                                    bg-gray-100 text-gray-700 hover:bg-gray-200
                                    cursor-pointer hover:scale-105
                                "><span class="text-base">😠</span><span>1</span></button><button class="p-1.5 hover:bg-gray-100 rounded-full transition-colors" title="See who reacted"><svg xmlns="http://www.w3.org/2000/svg" width="24" height="24" viewBox="0 0 24 24" fill="none" stroke="currentColor" stroke-width="2" stroke-linecap="round" stroke-linejoin="round" class="lucide lucide-chevron-down w-4 h-4 text-gray-600" aria-hidden="true"><path d="m6 9 6 6 6-6"></path></svg></button></div></div></div><div class="pt-6 border-t border-gray-100 mt-6"><div class="space-y-3"><div class="flex items-center justify-between"><div class="flex items-center gap-2"><svg xmlns="http://www.w3.org/2000/svg" width="24" height="24" viewBox="0 0 24 24" fill="none" stroke="currentColor" stroke-width="2" stroke-linecap="round" stroke-linejoin="round" class="lucide lucide-message-square w-4 h-4 text-gray-600" aria-hidden="true"><path d="M22 17a2 2 0 0 1-2 2H6.828a2 2 0 0 0-1.414.586l-2.202 2.202A.71.71 0 0 1 2 21.286V5a2 2 0 0 1 2-2h16a2 2 0 0 1 2 2z"></path></svg><h3 class="text-base font-semibold text-gray-900">Comments (5)</h3></div><button data-testid="add-comment-button" class="px-3 py-1.5 text-sm font-medium text-white bg-gray-900 rounded-md hover:bg-gray-800 transition-colors">Add Comment</button></div><div class="space-y-2"><div class=""><div class="bg-white rounded-md border border-gray-200 p-3"><div class="flex items-start justify-between mb-2"><div class="flex items-center gap-2"><div class="w-8 h-8 bg-gradient-to-br from-gray-700 to-gray-900 rounded-full flex items-center justify-center text-white font-semibold text-sm flex-shrink-0 cursor-pointer hover:ring-2 hover:ring-gray-900 hover:ring-offset-1 transition-all">N</div><div><div class="flex items-center gap-1.5"><span class="text-sm font-semibold text-gray-900 cursor-pointer hover:underline">Noah Moore</span></div><span class="text-xs text-gray-500">Nov 30, 2025, 06:17 PM</span></div></div><button class="p-1 hover:bg-gray-100 rounded-full transition-colors" type="button" id="radix-_r_8a_" aria-haspopup="menu" aria-expanded="false" data-state="closed"><svg xmlns="http://www.w3.org/2000/svg" width="24" height="24" viewBox="0 0 24 24" fill="none" stroke="currentColor" stroke-width="2" stroke-linecap="round" stroke-linejoin="round" class="lucide lucide-ellipsis-vertical w-4 h-4 text-gray-600" aria-hidden="true"><circle cx="12" cy="12" r="1"></circle><circle cx="12" cy="5" r="1"></circle><circle cx="12" cy="19" r="1"></circle></svg></button></div><p class="text-sm text-gray-800 whitespace-pre-wrap mb-2">This deserves more attention.</p><div class="flex items-center gap-3"><div class="flex items-center gap-3"><button data-testid="reaction-button-like" class="
                            group inline-flex items-center gap-1.5 px-3 py-1.5 rounded-md font-medium text-sm transition-all duration-200
                            bg-white text-gray-700 hover:bg-gray-50 border border-gray-300
                            cursor-pointer hover:scale-105
                        " type="button" id="radix-_r_8c_" aria-haspopup="menu" aria-expanded="false" data-state="closed"><span class="text-base">👍</span><span class="font-medium text-sm">Like</span></button></div><button data-testid="reply-button" class="flex items-center gap-1 text-sm text-gray-600 hover:text-gray-900 transition-colors"><svg xmlns="http://www.w3.org/2000/svg" width="24" height="24" viewBox="0 0 24 24" fill="none" stroke="currentColor" stroke-width="2" stroke-linecap="round" stroke-linejoin="round" class="lucide lucide-reply w-4 h-4" aria-hidden="true"><path d="M20 18v-2a4 4 0 0 0-4-4H4"></path><path d="m9 17-5-5 5-5"></path></svg>Reply</button></div></div></div><div class=""><div class="bg-white rounded-md border border-gray-200 p-3"><div class="flex items-start justify-between mb-2"><div class="flex items-center gap-2"><div class="w-8 h-8 bg-gradient-to-br from-gray-700 to-gray-900 rounded-full flex items-center justify-center text-white font-semibold text-sm flex-shrink-0 cursor-pointer hover:ring-2 hover:ring-gray-900 hover:ring-offset-1 transition-all">E</div><div><div class="flex items-center gap-1.5"><span class="text-sm font-semibold text-gray-900 cursor-pointer hover:underline">Emily Thomas</span></div><span class="text-xs text-gray-500">Nov 30, 2025, 06:17 PM</span></div></div><button class="p-1 hover:bg-gray-100 rounded-full transition-colors" type="button" id="radix-_r_8h_" aria-haspopup="menu" aria-expanded="false" data-state="closed"><svg xmlns="http://www.w3.org/2000/svg" width="24" height="24" viewBox="0 0 24 24" fill="none" stroke="currentColor" stroke-width="2" stroke-linecap="round" stroke-linejoin="round" class="lucide lucide-ellipsis-vertical w-4 h-4 text-gray-600" aria-hidden="true"><circle cx="12" cy="12" r="1"></circle><circle cx="12" cy="5" r="1"></circle><circle cx="12" cy="19" r="1"></circle></svg></button></div><p class="text-sm text-gray-800 whitespace-pre-wrap mb-2">Well said! Couldn't agree more.</p><div class="flex items-center gap-3"><div class="flex items-center gap-3"><button data-testid="reaction-button-like" class="
                            group inline-flex items-center gap-1.5 px-3 py-1.5 rounded-md font-medium text-sm transition-all duration-200
                            bg-white text-gray-700 hover:bg-gray-50 border border-gray-300
                            cursor-pointer hover:scale-105
                        " type="button" id="radix-_r_8j_" aria-haspopup="menu" aria-expanded="false" data-state="closed"><span class="text-base">👍</span><span class="font-medium text-sm">Like</span></button></div><button data-testid="reply-button" class="flex items-center gap-1 text-sm text-gray-600 hover:text-gray-900 transition-colors"><svg xmlns="http://www.w3.org/2000/svg" width="24" height="24" viewBox="0 0 24 24" fill="none" stroke="currentColor" stroke-width="2" stroke-linecap="round" stroke-linejoin="round" class="lucide lucide-reply w-4 h-4" aria-hidden="true"><path d="M20 18v-2a4 4 0 0 0-4-4H4"></path><path d="m9 17-5-5 5-5"></path></svg>Reply</button></div></div></div><div class=""><div class="bg-white rounded-md border border-gray-200 p-3"><div class="flex items-start justify-between mb-2"><div class="flex items-center gap-2"><div class="w-8 h-8 bg-gradient-to-br from-gray-700 to-gray-900 rounded-full flex items-center justify-center text-white font-semibold text-sm flex-shrink-0 cursor-pointer hover:ring-2 hover:ring-gray-900 hover:ring-offset-1 transition-all">J</div><div><div class="flex items-center gap-1.5"><span class="text-sm font-semibold text-gray-900 cursor-pointer hover:underline">Jackson Jackson</span></div><span class="text-xs text-gray-500">Nov 30, 2025, 06:17 PM</span></div></div><button class="p-1 hover:bg-gray-100 rounded-full transition-colors" type="button" id="radix-_r_8o_" aria-haspopup="menu" aria-expanded="false" data-state="closed"><svg xmlns="http://www.w3.org/2000/svg" width="24" height="24" viewBox="0 0 24 24" fill="none" stroke="currentColor" stroke-width="2" stroke-linecap="round" stroke-linejoin="round" class="lucide lucide-ellipsis-vertical w-4 h-4 text-gray-600" aria-hidden="true"><circle cx="12" cy="12" r="1"></circle><circle cx="12" cy="5" r="1"></circle><circle cx="12" cy="19" r="1"></circle></svg></button></div><p class="text-sm text-gray-800 whitespace-pre-wrap mb-2">Fantastic post! Keep it up!</p><div class="flex items-center gap-3"><div class="flex items-center gap-3"><button data-testid="reaction-button-like" class="
                            group inline-flex items-center gap-1.5 px-3 py-1.5 rounded-md font-medium text-sm transition-all duration-200
                            bg-white text-gray-700 hover:bg-gray-50 border border-gray-300
                            cursor-pointer hover:scale-105
                        " type="button" id="radix-_r_8q_" aria-haspopup="menu" aria-expanded="false" data-state="closed"><span class="text-base">👍</span><span class="font-medium text-sm">Like</span></button></div><button data-testid="reply-button" class="flex items-center gap-1 text-sm text-gray-600 hover:text-gray-900 transition-colors"><svg xmlns="http://www.w3.org/2000/svg" width="24" height="24" viewBox="0 0 24 24" fill="none" stroke="currentColor" stroke-width="2" stroke-linecap="round" stroke-linejoin="round" class="lucide lucide-reply w-4 h-4" aria-hidden="true"><path d="M20 18v-2a4 4 0 0 0-4-4H4"></path><path d="m9 17-5-5 5-5"></path></svg>Reply</button></div></div><div class="mt-2 space-y-2"><div class="ml-10"><div class="bg-white rounded-md border border-gray-200 p-3"><div class="flex items-start justify-between mb-2"><div class="flex items-center gap-2"><div class="w-8 h-8 bg-gradient-to-br from-gray-700 to-gray-900 rounded-full flex items-center justify-center text-white font-semibold text-sm flex-shrink-0 cursor-pointer hover:ring-2 hover:ring-gray-900 hover:ring-offset-1 transition-all">J</div><div><div class="flex items-center gap-1.5"><span class="text-sm font-semibold text-gray-900 cursor-pointer hover:underline">Jackson Jackson</span></div><span class="text-xs text-gray-500">Nov 30, 2025, 06:17 PM</span></div></div><button class="p-1 hover:bg-gray-100 rounded-full transition-colors" type="button" id="radix-_r_8s_" aria-haspopup="menu" aria-expanded="false" data-state="closed"><svg xmlns="http://www.w3.org/2000/svg" width="24" height="24" viewBox="0 0 24 24" fill="none" stroke="currentColor" stroke-width="2" stroke-linecap="round" stroke-linejoin="round" class="lucide lucide-ellipsis-vertical w-4 h-4 text-gray-600" aria-hidden="true"><circle cx="12" cy="12" r="1"></circle><circle cx="12" cy="5" r="1"></circle><circle cx="12" cy="19" r="1"></circle></svg></button></div><p class="text-sm text-gray-800 whitespace-pre-wrap mb-2">I agree with you!</p><div class="flex items-center gap-3"><div class="flex items-center gap-3"><button data-testid="reaction-button-like" class="
                            group inline-flex items-center gap-1.5 px-3 py-1.5 rounded-md font-medium text-sm transition-all duration-200
                            bg-white text-gray-700 hover:bg-gray-50 border border-gray-300
                            cursor-pointer hover:scale-105
                        " type="button" id="radix-_r_8u_" aria-haspopup="menu" aria-expanded="false" data-state="closed"><span class="text-base">👍</span><span class="font-medium text-sm">Like</span></button></div></div></div></div><div class="ml-10"><div class="bg-white rounded-md border border-gray-200 p-3"><div class="flex items-start justify-between mb-2"><div class="flex items-center gap-2"><div class="w-8 h-8 bg-gradient-to-br from-gray-700 to-gray-900 rounded-full flex items-center justify-center text-white font-semibold text-sm flex-shrink-0 cursor-pointer hover:ring-2 hover:ring-gray-900 hover:ring-offset-1 transition-all">S</div><div><div class="flex items-center gap-1.5"><span class="text-sm font-semibold text-gray-900 cursor-pointer hover:underline">Sebastian Thomas</span></div><span class="text-xs text-gray-500">Nov 30, 2025, 06:17 PM</span></div></div><button class="p-1 hover:bg-gray-100 rounded-full transition-colors" type="button" id="radix-_r_93_" aria-haspopup="menu" aria-expanded="false" data-state="closed"><svg xmlns="http://www.w3.org/2000/svg" width="24" height="24" viewBox="0 0 24 24" fill="none" stroke="currentColor" stroke-width="2" stroke-linecap="round" stroke-linejoin="round" class="lucide lucide-ellipsis-vertical w-4 h-4 text-gray-600" aria-hidden="true"><circle cx="12" cy="12" r="1"></circle><circle cx="12" cy="5" r="1"></circle><circle cx="12" cy="19" r="1"></circle></svg></button></div><p class="text-sm text-gray-800 whitespace-pre-wrap mb-2">Interesting perspective!</p><div class="flex items-center gap-3"><div class="flex items-center gap-3"><button data-testid="reaction-button-like" class="
                            group inline-flex items-center gap-1.5 px-3 py-1.5 rounded-md font-medium text-sm transition-all duration-200
                            bg-white text-gray-700 hover:bg-gray-50 border border-gray-300
                            cursor-pointer hover:scale-105
                        " type="button" id="radix-_r_95_" aria-haspopup="menu" aria-expanded="false" data-state="closed"><span class="text-base">👍</span><span class="font-medium text-sm">Like</span></button></div></div></div></div></div></div><div class=""><div class="bg-white rounded-md border border-gray-200 p-3"><div class="flex items-start justify-between mb-2"><div class="flex items-center gap-2"><div class="w-8 h-8 bg-gradient-to-br from-gray-700 to-gray-900 rounded-full flex items-center justify-center text-white font-semibold text-sm flex-shrink-0 cursor-pointer hover:ring-2 hover:ring-gray-900 hover:ring-offset-1 transition-all">M</div><div><div class="flex items-center gap-1.5"><span class="text-sm font-semibold text-gray-900 cursor-pointer hover:underline">Mason Jones</span></div><span class="text-xs text-gray-500">Nov 30, 2025, 06:17 PM</span></div></div><button class="p-1 hover:bg-gray-100 rounded-full transition-colors" type="button" id="radix-_r_9d_" aria-haspopup="menu" aria-expanded="false" data-state="closed"><svg xmlns="http://www.w3.org/2000/svg" width="24" height="24" viewBox="0 0 24 24" fill="none" stroke="currentColor" stroke-width="2" stroke-linecap="round" stroke-linejoin="round" class="lucide lucide-ellipsis-vertical w-4 h-4 text-gray-600" aria-hidden="true"><circle cx="12" cy="12" r="1"></circle><circle cx="12" cy="5" r="1"></circle><circle cx="12" cy="19" r="1"></circle></svg></button></div><p class="text-sm text-gray-800 whitespace-pre-wrap mb-2">Could you elaborate more on this?</p><div class="flex items-center gap-3"><div class="flex items-center gap-3"><button data-testid="reaction-button-like" class="
                            group inline-flex items-center gap-1.5 px-3 py-1.5 rounded-md font-medium text-sm transition-all duration-200
                            bg-white text-gray-700 hover:bg-gray-50 border border-gray-300
                            cursor-pointer hover:scale-105
                        " type="button" id="radix-_r_9f_" aria-haspopup="menu" aria-expanded="false" data-state="closed"><span class="text-base">👍</span><span class="font-medium text-sm">Like</span></button></div><button data-testid="reply-button" class="flex items-center gap-1 text-sm text-gray-600 hover:text-gray-900 transition-colors"><svg xmlns="http://www.w3.org/2000/svg" width="24" height="24" viewBox="0 0 24 24" fill="none" stroke="currentColor" stroke-width="2" stroke-linecap="round" stroke-linejoin="round" class="lucide lucide-reply w-4 h-4" aria-hidden="true"><path d="M20 18v-2a4 4 0 0 0-4-4H4"></path><path d="m9 17-5-5 5-5"></path></svg>Reply</button></div></div><div class="mt-2 space-y-2"><div class="ml-10"><div class="bg-white rounded-md border border-gray-200 p-3"><div class="flex items-start justify-between mb-2"><div class="flex items-center gap-2"><div class="w-8 h-8 bg-gradient-to-br from-gray-700 to-gray-900 rounded-full flex items-center justify-center text-white font-semibold text-sm flex-shrink-0 cursor-pointer hover:ring-2 hover:ring-gray-900 hover:ring-offset-1 transition-all">M</div><div><div class="flex items-center gap-1.5"><span class="text-sm font-semibold text-gray-900 cursor-pointer hover:underline">Mia Davis</span></div><span class="text-xs text-gray-500">Nov 30, 2025, 06:17 PM</span></div></div><button class="p-1 hover:bg-gray-100 rounded-full transition-colors" type="button" id="radix-_r_9h_" aria-haspopup="menu" aria-expanded="false" data-state="closed"><svg xmlns="http://www.w3.org/2000/svg" width="24" height="24" viewBox="0 0 24 24" fill="none" stroke="currentColor" stroke-width="2" stroke-linecap="round" stroke-linejoin="round" class="lucide lucide-ellipsis-vertical w-4 h-4 text-gray-600" aria-hidden="true"><circle cx="12" cy="12" r="1"></circle><circle cx="12" cy="5" r="1"></circle><circle cx="12" cy="19" r="1"></circle></svg></button></div><p class="text-sm text-gray-800 whitespace-pre-wrap mb-2">Interesting perspective!</p><div class="flex items-center gap-3"><div class="flex items-center gap-3"><button data-testid="reaction-button-like" class="
                            group inline-flex items-center gap-1.5 px-3 py-1.5 rounded-md font-medium text-sm transition-all duration-200
                            bg-white text-gray-700 hover:bg-gray-50 border border-gray-300
                            cursor-pointer hover:scale-105
                        " type="button" id="radix-_r_9j_" aria-haspopup="menu" aria-expanded="false" data-state="closed"><span class="text-base">👍</span><span class="font-medium text-sm">Like</span></button></div></div></div></div><div class="ml-10"><div class="bg-white rounded-md border border-gray-200 p-3"><div class="flex items-start justify-between mb-2"><div class="flex items-center gap-2"><div class="w-8 h-8 bg-gradient-to-br from-gray-700 to-gray-900 rounded-full flex items-center justify-center text-white font-semibold text-sm flex-shrink-0 cursor-pointer hover:ring-2 hover:ring-gray-900 hover:ring-offset-1 transition-all">L</div><div><div class="flex items-center gap-1.5"><span class="text-sm font-semibold text-gray-900 cursor-pointer hover:underline">Lily Martinez</span></div><span class="text-xs text-gray-500">Nov 30, 2025, 06:17 PM</span></div></div><button class="p-1 hover:bg-gray-100 rounded-full transition-colors" type="button" id="radix-_r_9o_" aria-haspopup="menu" aria-expanded="false" data-state="closed"><svg xmlns="http://www.w3.org/2000/svg" width="24" height="24" viewBox="0 0 24 24" fill="none" stroke="currentColor" stroke-width="2" stroke-linecap="round" stroke-linejoin="round" class="lucide lucide-ellipsis-vertical w-4 h-4 text-gray-600" aria-hidden="true"><circle cx="12" cy="12" r="1"></circle><circle cx="12" cy="5" r="1"></circle><circle cx="12" cy="19" r="1"></circle></svg></button></div><p class="text-sm text-gray-800 whitespace-pre-wrap mb-2">Thanks for your comment!</p><div class="flex items-center gap-3"><div class="flex items-center gap-3"><button data-testid="reaction-button-like" class="
                            group inline-flex items-center gap-1.5 px-3 py-1.5 rounded-md font-medium text-sm transition-all duration-200
                            bg-white text-gray-700 hover:bg-gray-50 border border-gray-300
                            cursor-pointer hover:scale-105
                        " type="button" id="radix-_r_9q_" aria-haspopup="menu" aria-expanded="false" data-state="closed"><span class="text-base">👍</span><span class="font-medium text-sm">Like</span></button></div></div></div></div></div></div><div class=""><div class="bg-white rounded-md border border-gray-200 p-3"><div class="flex items-start justify-between mb-2"><div class="flex items-center gap-2"><div class="w-8 h-8 bg-gradient-to-br from-gray-700 to-gray-900 rounded-full flex items-center justify-center text-white font-semibold text-sm flex-shrink-0 cursor-pointer hover:ring-2 hover:ring-gray-900 hover:ring-offset-1 transition-all">A</div><div><div class="flex items-center gap-1.5"><span class="text-sm font-semibold text-gray-900 cursor-pointer hover:underline">Amelia Anderson</span></div><span class="text-xs text-gray-500">Nov 30, 2025, 06:17 PM</span></div></div><button class="p-1 hover:bg-gray-100 rounded-full transition-colors" type="button" id="radix-_r_a2_" aria-haspopup="menu" aria-expanded="false" data-state="closed"><svg xmlns="http://www.w3.org/2000/svg" width="24" height="24" viewBox="0 0 24 24" fill="none" stroke="currentColor" stroke-width="2" stroke-linecap="round" stroke-linejoin="round" class="lucide lucide-ellipsis-vertical w-4 h-4 text-gray-600" aria-hidden="true"><circle cx="12" cy="12" r="1"></circle><circle cx="12" cy="5" r="1"></circle><circle cx="12" cy="19" r="1"></circle></svg></button></div><p class="text-sm text-gray-800 whitespace-pre-wrap mb-2">I totally agree with this.</p><div class="flex items-center gap-3"><div class="flex items-center gap-3"><button data-testid="reaction-button-like" class="
                            group inline-flex items-center gap-1.5 px-3 py-1.5 rounded-md font-medium text-sm transition-all duration-200
                            bg-white text-gray-700 hover:bg-gray-50 border border-gray-300
                            cursor-pointer hover:scale-105
                        " type="button" id="radix-_r_a4_" aria-haspopup="menu" aria-expanded="false" data-state="closed"><span class="text-base">👍</span><span class="font-medium text-sm">Like</span></button></div><button data-testid="reply-button" class="flex items-center gap-1 text-sm text-gray-600 hover:text-gray-900 transition-colors"><svg xmlns="http://www.w3.org/2000/svg" width="24" height="24" viewBox="0 0 24 24" fill="none" stroke="currentColor" stroke-width="2" stroke-linecap="round" stroke-linejoin="round" class="lucide lucide-reply w-4 h-4" aria-hidden="true"><path d="M20 18v-2a4 4 0 0 0-4-4H4"></path><path d="m9 17-5-5 5-5"></path></svg>Reply</button></div></div></div></div></div></div></div></article><article class="bg-white rounded-xl shadow-sm border border-gray-200 overflow-hidden hover:shadow-md transition-shadow"><div class="p-6"><h2 class="text-xl font-bold text-gray-900 mb-3">Thank You for 10K Users!</h2><p class="text-gray-600 leading-relaxed mb-6">We have reached an incredible milestone - 10,000 users! Thank you all for your support and engagement. We could not have done it without you. React with a ❤️ to celebrate with us!</p><div class="pt-4 border-t border-gray-100"><div class="flex items-center gap-3"><button data-testid="reaction-button-like" class="
                            group inline-flex items-center gap-1.5 px-3 py-1.5 rounded-md font-medium text-sm transition-all duration-200
                            bg-white text-gray-700 hover:bg-gray-50 border border-gray-300
                            cursor-pointer hover:scale-105
                        " type="button" id="radix-_r_a9_" aria-haspopup="menu" aria-expanded="false" data-state="closed"><span class="text-base">👍</span><span class="font-medium text-sm">Like</span></button><div class="flex items-center gap-1.5"><button data-testid="reaction-count-like" class="
                                    inline-flex items-center gap-1 px-2 py-1 rounded-full text-xs font-medium transition-all
                                    bg-gray-100 text-gray-700 hover:bg-gray-200
                                    cursor-pointer hover:scale-105
                                "><span class="text-base">👍</span><span>2</span></button><button data-testid="reaction-count-haha" class="
                                    inline-flex items-center gap-1 px-2 py-1 rounded-full text-xs font-medium transition-all
                                    bg-gray-100 text-gray-700 hover:bg-gray-200
                                    cursor-pointer hover:scale-105
                                "><span class="text-base">😂</span><span>1</span></button><button data-testid="reaction-count-wow" class="
                                    inline-flex items-center gap-1 px-2 py-1 rounded-full text-xs font-medium transition-all
                                    bg-gray-100 text-gray-700 hover:bg-gray-200
                                    cursor-pointer hover:scale-105
                                "><span class="text-base">😮</span><span>1</span></button><button data-testid="reaction-count-angry" class="
                                    inline-flex items-center gap-1 px-2 py-1 rounded-full text-xs font-medium transition-all
                                    bg-gray-100 text-gray-700 hover:bg-gray-200
                                    cursor-pointer hover:scale-105
                                "><span class="text-base">😠</span><span>1</span></button><button class="p-1.5 hover:bg-gray-100 rounded-full transition-colors" title="See who reacted"><svg xmlns="http://www.w3.org/2000/svg" width="24" height="24" viewBox="0 0 24 24" fill="none" stroke="currentColor" stroke-width="2" stroke-linecap="round" stroke-linejoin="round" class="lucide lucide-chevron-down w-4 h-4 text-gray-600" aria-hidden="true"><path d="m6 9 6 6 6-6"></path></svg></button></div></div></div><div class="pt-6 border-t border-gray-100 mt-6"><div class="space-y-3"><div class="flex items-center justify-between"><div class="flex items-center gap-2"><svg xmlns="http://www.w3.org/2000/svg" width="24" height="24" viewBox="0 0 24 24" fill="none" stroke="currentColor" stroke-width="2" stroke-linecap="round" stroke-linejoin="round" class="lucide lucide-message-square w-4 h-4 text-gray-600" aria-hidden="true"><path d="M22 17a2 2 0 0 1-2 2H6.828a2 2 0 0 0-1.414.586l-2.202 2.202A.71.71 0 0 1 2 21.286V5a2 2 0 0 1 2-2h16a2 2 0 0 1 2 2z"></path></svg><h3 class="text-base font-semibold text-gray-900">Comments (2)</h3></div><button data-testid="add-comment-button" class="px-3 py-1.5 text-sm font-medium text-white bg-gray-900 rounded-md hover:bg-gray-800 transition-colors">Add Comment</button></div><div class="space-y-2"><div class=""><div class="bg-white rounded-md border border-gray-200 p-3"><div class="flex items-start justify-between mb-2"><div class="flex items-center gap-2"><div class="w-8 h-8 bg-gradient-to-br from-gray-700 to-gray-900 rounded-full flex items-center justify-center text-white font-semibold text-sm flex-shrink-0 cursor-pointer hover:ring-2 hover:ring-gray-900 hover:ring-offset-1 transition-all">B</div><div><div class="flex items-center gap-1.5"><span class="text-sm font-semibold text-gray-900 cursor-pointer hover:underline">Benjamin Moore</span></div><span class="text-xs text-gray-500">Nov 30, 2025, 06:17 PM</span></div></div><button class="p-1 hover:bg-gray-100 rounded-full transition-colors" type="button" id="radix-_r_ab_" aria-haspopup="menu" aria-expanded="false" data-state="closed"><svg xmlns="http://www.w3.org/2000/svg" width="24" height="24" viewBox="0 0 24 24" fill="none" stroke="currentColor" stroke-width="2" stroke-linecap="round" stroke-linejoin="round" class="lucide lucide-ellipsis-vertical w-4 h-4 text-gray-600" aria-hidden="true"><circle cx="12" cy="12" r="1"></circle><circle cx="12" cy="5" r="1"></circle><circle cx="12" cy="19" r="1"></circle></svg></button></div><p class="text-sm text-gray-800 whitespace-pre-wrap mb-2">Brilliant insights here.</p><div class="flex items-center gap-3"><div class="flex items-center gap-3"><button data-testid="reaction-button-like" class="
                            group inline-flex items-center gap-1.5 px-3 py-1.5 rounded-md font-medium text-sm transition-all duration-200
                            bg-white text-gray-700 hover:bg-gray-50 border border-gray-300
                            cursor-pointer hover:scale-105
                        " type="button" id="radix-_r_ad_" aria-haspopup="menu" aria-expanded="false" data-state="closed"><span class="text-base">👍</span><span class="font-medium text-sm">Like</span></button></div><button data-testid="reply-button" class="flex items-center gap-1 text-sm text-gray-600 hover:text-gray-900 transition-colors"><svg xmlns="http://www.w3.org/2000/svg" width="24" height="24" viewBox="0 0 24 24" fill="none" stroke="currentColor" stroke-width="2" stroke-linecap="round" stroke-linejoin="round" class="lucide lucide-reply w-4 h-4" aria-hidden="true"><path d="M20 18v-2a4 4 0 0 0-4-4H4"></path><path d="m9 17-5-5 5-5"></path></svg>Reply</button></div></div></div><div class=""><div class="bg-white rounded-md border border-gray-200 p-3"><div class="flex items-start justify-between mb-2"><div class="flex items-center gap-2"><div class="w-8 h-8 bg-gradient-to-br from-gray-700 to-gray-900 rounded-full flex items-center justify-center text-white font-semibold text-sm flex-shrink-0 cursor-pointer hover:ring-2 hover:ring-gray-900 hover:ring-offset-1 transition-all">O</div><div><div class="flex items-center gap-1.5"><span class="text-sm font-semibold text-gray-900 cursor-pointer hover:underline">Olivia Lopez</span></div><span class="text-xs text-gray-500">Nov 30, 2025, 06:17 PM</span></div></div><button class="p-1 hover:bg-gray-100 rounded-full transition-colors" type="button" id="radix-_r_ai_" aria-haspopup="menu" aria-expanded="false" data-state="closed"><svg xmlns="http://www.w3.org/2000/svg" width="24" height="24" viewBox="0 0 24 24" fill="none" stroke="currentColor" stroke-width="2" stroke-linecap="round" stroke-linejoin="round" class="lucide lucide-ellipsis-vertical w-4 h-4 text-gray-600" aria-hidden="true"><circle cx="12" cy="12" r="1"></circle><circle cx="12" cy="5" r="1"></circle><circle cx="12" cy="19" r="1"></circle></svg></button></div><p class="text-sm text-gray-800 whitespace-pre-wrap mb-2">This is exactly what I needed to hear.</p><div class="flex items-center gap-3"><div class="flex items-center gap-3"><button data-testid="reaction-button-like" class="
                            group inline-flex items-center gap-1.5 px-3 py-1.5 rounded-md font-medium text-sm transition-all duration-200
                            bg-white text-gray-700 hover:bg-gray-50 border border-gray-300
                            cursor-pointer hover:scale-105
                        " type="button" id="radix-_r_ak_" aria-haspopup="menu" aria-expanded="false" data-state="closed"><span class="text-base">👍</span><span class="font-medium text-sm">Like</span></button></div><button data-testid="reply-button" class="flex items-center gap-1 text-sm text-gray-600 hover:text-gray-900 transition-colors"><svg xmlns="http://www.w3.org/2000/svg" width="24" height="24" viewBox="0 0 24 24" fill="none" stroke="currentColor" stroke-width="2" stroke-linecap="round" stroke-linejoin="round" class="lucide lucide-reply w-4 h-4" aria-hidden="true"><path d="M20 18v-2a4 4 0 0 0-4-4H4"></path><path d="m9 17-5-5 5-5"></path></svg>Reply</button></div></div></div></div></div></div></div></article><article class="bg-white rounded-xl shadow-sm border border-gray-200 overflow-hidden hover:shadow-md transition-shadow"><div class="p-6"><h2 class="text-xl font-bold text-gray-900 mb-3">Feature Request: What Do You Want Next?</h2><p class="text-gray-600 leading-relaxed mb-6">We are planning our next sprint and want to hear from you! What features would you like to see next? React and comment below with your ideas. Your input shapes our roadmap!</p><div class="pt-4 border-t border-gray-100"><div class="flex items-center gap-3"><button data-testid="reaction-button-like" class="
                            group inline-flex items-center gap-1.5 px-3 py-1.5 rounded-md font-medium text-sm transition-all duration-200
                            bg-white text-gray-700 hover:bg-gray-50 border border-gray-300
                            cursor-pointer hover:scale-105
                        " type="button" id="radix-_r_ap_" aria-haspopup="menu" aria-expanded="false" data-state="closed"><span class="text-base">👍</span><span class="font-medium text-sm">Like</span></button><div class="flex items-center gap-1.5"><button data-testid="reaction-count-love" class="
                                    inline-flex items-center gap-1 px-2 py-1 rounded-full text-xs font-medium transition-all
                                    bg-gray-100 text-gray-700 hover:bg-gray-200
                                    cursor-pointer hover:scale-105
                                "><span class="text-base">❤️</span><span>2</span></button><button data-testid="reaction-count-angry" class="
                                    inline-flex items-center gap-1 px-2 py-1 rounded-full text-xs font-medium transition-all
                                    bg-gray-100 text-gray-700 hover:bg-gray-200
                                    cursor-pointer hover:scale-105
                                "><span class="text-base">😠</span><span>2</span></button><button data-testid="reaction-count-like" class="
                                    inline-flex items-center gap-1 px-2 py-1 rounded-full text-xs font-medium transition-all
                                    bg-gray-100 text-gray-700 hover:bg-gray-200
                                    cursor-pointer hover:scale-105
                                "><span class="text-base">👍</span><span>1</span></button><button data-testid="reaction-count-haha" class="
                                    inline-flex items-center gap-1 px-2 py-1 rounded-full text-xs font-medium transition-all
                                    bg-gray-100 text-gray-700 hover:bg-gray-200
                                    cursor-pointer hover:scale-105
                                "><span class="text-base">😂</span><span>1</span></button><button data-testid="reaction-count-sad" class="
                                    inline-flex items-center gap-1 px-2 py-1 rounded-full text-xs font-medium transition-all
                                    bg-gray-100 text-gray-700 hover:bg-gray-200
                                    cursor-pointer hover:scale-105
                                "><span class="text-base">😢</span><span>1</span></button><button class="p-1.5 hover:bg-gray-100 rounded-full transition-colors" title="See who reacted"><svg xmlns="http://www.w3.org/2000/svg" width="24" height="24" viewBox="0 0 24 24" fill="none" stroke="currentColor" stroke-width="2" stroke-linecap="round" stroke-linejoin="round" class="lucide lucide-chevron-down w-4 h-4 text-gray-600" aria-hidden="true"><path d="m6 9 6 6 6-6"></path></svg></button></div></div></div><div class="pt-6 border-t border-gray-100 mt-6"><div class="space-y-3"><div class="flex items-center justify-between"><div class="flex items-center gap-2"><svg xmlns="http://www.w3.org/2000/svg" width="24" height="24" viewBox="0 0 24 24" fill="none" stroke="currentColor" stroke-width="2" stroke-linecap="round" stroke-linejoin="round" class="lucide lucide-message-square w-4 h-4 text-gray-600" aria-hidden="true"><path d="M22 17a2 2 0 0 1-2 2H6.828a2 2 0 0 0-1.414.586l-2.202 2.202A.71.71 0 0 1 2 21.286V5a2 2 0 0 1 2-2h16a2 2 0 0 1 2 2z"></path></svg><h3 class="text-base font-semibold text-gray-900">Comments (5)</h3></div><button data-testid="add-comment-button" class="px-3 py-1.5 text-sm font-medium text-white bg-gray-900 rounded-md hover:bg-gray-800 transition-colors">Add Comment</button></div><div class="space-y-2"><div class=""><div class="bg-white rounded-md border border-gray-200 p-3"><div class="flex items-start justify-between mb-2"><div class="flex items-center gap-2"><div class="w-8 h-8 bg-gradient-to-br from-gray-700 to-gray-900 rounded-full flex items-center justify-center text-white font-semibold text-sm flex-shrink-0 cursor-pointer hover:ring-2 hover:ring-gray-900 hover:ring-offset-1 transition-all">B</div><div><div class="flex items-center gap-1.5"><span class="text-sm font-semibold text-gray-900 cursor-pointer hover:underline">Bob Wilson</span></div><span class="text-xs text-gray-500">Nov 30, 2025, 06:17 PM</span></div></div><button class="p-1 hover:bg-gray-100 rounded-full transition-colors" type="button" id="radix-_r_ar_" aria-haspopup="menu" aria-expanded="false" data-state="closed"><svg xmlns="http://www.w3.org/2000/svg" width="24" height="24" viewBox="0 0 24 24" fill="none" stroke="currentColor" stroke-width="2" stroke-linecap="round" stroke-linejoin="round" class="lucide lucide-ellipsis-vertical w-4 h-4 text-gray-600" aria-hidden="true"><circle cx="12" cy="12" r="1"></circle><circle cx="12" cy="5" r="1"></circle><circle cx="12" cy="19" r="1"></circle></svg></button></div><p class="text-sm text-gray-800 whitespace-pre-wrap mb-2">Fantastic post! Keep it up!</p><div class="flex items-center gap-3"><div class="flex items-center gap-3"><button data-testid="reaction-button-like" class="
                            group inline-flex items-center gap-1.5 px-3 py-1.5 rounded-md font-medium text-sm transition-all duration-200
                            bg-white text-gray-700 hover:bg-gray-50 border border-gray-300
                            cursor-pointer hover:scale-105
                        " type="button" id="radix-_r_at_" aria-haspopup="menu" aria-expanded="false" data-state="closed"><span class="text-base">👍</span><span class="font-medium text-sm">Like</span></button></div><button data-testid="reply-button" class="flex items-center gap-1 text-sm text-gray-600 hover:text-gray-900 transition-colors"><svg xmlns="http://www.w3.org/2000/svg" width="24" height="24" viewBox="0 0 24 24" fill="none" stroke="currentColor" stroke-width="2" stroke-linecap="round" stroke-linejoin="round" class="lucide lucide-reply w-4 h-4" aria-hidden="true"><path d="M20 18v-2a4 4 0 0 0-4-4H4"></path><path d="m9 17-5-5 5-5"></path></svg>Reply</button></div></div></div><div class=""><div class="bg-white rounded-md border border-gray-200 p-3"><div class="flex items-start justify-between mb-2"><div class="flex items-center gap-2"><div class="w-8 h-8 bg-gradient-to-br from-gray-700 to-gray-900 rounded-full flex items-center justify-center text-white font-semibold text-sm flex-shrink-0 cursor-pointer hover:ring-2 hover:ring-gray-900 hover:ring-offset-1 transition-all">L</div><div><div class="flex items-center gap-1.5"><span class="text-sm font-semibold text-gray-900 cursor-pointer hover:underline">Luke Garcia</span></div><span class="text-xs text-gray-500">Nov 30, 2025, 06:17 PM</span></div></div><button class="p-1 hover:bg-gray-100 rounded-full transition-colors" type="button" id="radix-_r_b2_" aria-haspopup="menu" aria-expanded="false" data-state="closed"><svg xmlns="http://www.w3.org/2000/svg" width="24" height="24" viewBox="0 0 24 24" fill="none" stroke="currentColor" stroke-width="2" stroke-linecap="round" stroke-linejoin="round" class="lucide lucide-ellipsis-vertical w-4 h-4 text-gray-600" aria-hidden="true"><circle cx="12" cy="12" r="1"></circle><circle cx="12" cy="5" r="1"></circle><circle cx="12" cy="19" r="1"></circle></svg></button></div><p class="text-sm text-gray-800 whitespace-pre-wrap mb-2">Could you elaborate more on this?</p><div class="flex items-center gap-3"><div class="flex items-center gap-3"><button data-testid="reaction-button-like" class="
                            group inline-flex items-center gap-1.5 px-3 py-1.5 rounded-md font-medium text-sm transition-all duration-200
                            bg-white text-gray-700 hover:bg-gray-50 border border-gray-300
                            cursor-pointer hover:scale-105
                        " type="button" id="radix-_r_b4_" aria-haspopup="menu" aria-expanded="false" data-state="closed"><span class="text-base">👍</span><span class="font-medium text-sm">Like</span></button></div><button data-testid="reply-button" class="flex items-center gap-1 text-sm text-gray-600 hover:text-gray-900 transition-colors"><svg xmlns="http://www.w3.org/2000/svg" width="24" height="24" viewBox="0 0 24 24" fill="none" stroke="currentColor" stroke-width="2" stroke-linecap="round" stroke-linejoin="round" class="lucide lucide-reply w-4 h-4" aria-hidden="true"><path d="M20 18v-2a4 4 0 0 0-4-4H4"></path><path d="m9 17-5-5 5-5"></path></svg>Reply</button></div></div><div class="mt-2 space-y-2"><div class="ml-10"><div class="bg-white rounded-md border border-gray-200 p-3"><div class="flex items-start justify-between mb-2"><div class="flex items-center gap-2"><div class="w-8 h-8 bg-gradient-to-br from-gray-700 to-gray-900 rounded-full flex items-center justify-center text-white font-semibold text-sm flex-shrink-0 cursor-pointer hover:ring-2 hover:ring-gray-900 hover:ring-offset-1 transition-all">J</div><div><div class="flex items-center gap-1.5"><span class="text-sm font-semibold text-gray-900 cursor-pointer hover:underline">Jackson Wilson</span></div><span class="text-xs text-gray-500">Nov 30, 2025, 06:17 PM</span></div></div><button class="p-1 hover:bg-gray-100 rounded-full transition-colors" type="button" id="radix-_r_b6_" aria-haspopup="menu" aria-expanded="false" data-state="closed"><svg xmlns="http://www.w3.org/2000/svg" width="24" height="24" viewBox="0 0 24 24" fill="none" stroke="currentColor" stroke-width="2" stroke-linecap="round" stroke-linejoin="round" class="lucide lucide-ellipsis-vertical w-4 h-4 text-gray-600" aria-hidden="true"><circle cx="12" cy="12" r="1"></circle><circle cx="12" cy="5" r="1"></circle><circle cx="12" cy="19" r="1"></circle></svg></button></div><p class="text-sm text-gray-800 whitespace-pre-wrap mb-2">Great addition to the discussion!</p><div class="flex items-center gap-3"><div class="flex items-center gap-3"><button data-testid="reaction-button-like" class="
                            group inline-flex items-center gap-1.5 px-3 py-1.5 rounded-md font-medium text-sm transition-all duration-200
                            bg-white text-gray-700 hover:bg-gray-50 border border-gray-300
                            cursor-pointer hover:scale-105
                        " type="button" id="radix-_r_b8_" aria-haspopup="menu" aria-expanded="false" data-state="closed"><span class="text-base">👍</span><span class="font-medium text-sm">Like</span></button></div></div></div></div></div></div><div class=""><div class="bg-white rounded-md border border-gray-200 p-3"><div class="flex items-start justify-between mb-2"><div class="flex items-center gap-2"><div class="w-8 h-8 bg-gradient-to-br from-gray-700 to-gray-900 rounded-full flex items-center justify-center text-white font-semibold text-sm flex-shrink-0 cursor-pointer hover:ring-2 hover:ring-gray-900 hover:ring-offset-1 transition-all">L</div><div><div class="flex items-center gap-1.5"><span class="text-sm font-semibold text-gray-900 cursor-pointer hover:underline">Lily Martinez</span></div><span class="text-xs text-gray-500">Nov 30, 2025, 06:17 PM</span></div></div><button class="p-1 hover:bg-gray-100 rounded-full transition-colors" type="button" id="radix-_r_bg_" aria-haspopup="menu" aria-expanded="false" data-state="closed"><svg xmlns="http://www.w3.org/2000/svg" width="24" height="24" viewBox="0 0 24 24" fill="none" stroke="currentColor" stroke-width="2" stroke-linecap="round" stroke-linejoin="round" class="lucide lucide-ellipsis-vertical w-4 h-4 text-gray-600" aria-hidden="true"><circle cx="12" cy="12" r="1"></circle><circle cx="12" cy="5" r="1"></circle><circle cx="12" cy="19" r="1"></circle></svg></button></div><p class="text-sm text-gray-800 whitespace-pre-wrap mb-2">This is really helpful, thank you!</p><div class="flex items-center gap-3"><div class="flex items-center gap-3"><button data-testid="reaction-button-like" class="
                            group inline-flex items-center gap-1.5 px-3 py-1.5 rounded-md font-medium text-sm transition-all duration-200
                            bg-white text-gray-700 hover:bg-gray-50 border border-gray-300
                            cursor-pointer hover:scale-105
                        " type="button" id="radix-_r_bi_" aria-haspopup="menu" aria-expanded="false" data-state="closed"><span class="text-base">👍</span><span class="font-medium text-sm">Like</span></button></div><button data-testid="reply-button" class="flex items-center gap-1 text-sm text-gray-600 hover:text-gray-900 transition-colors"><svg xmlns="http://www.w3.org/2000/svg" width="24" height="24" viewBox="0 0 24 24" fill="none" stroke="currentColor" stroke-width="2" stroke-linecap="round" stroke-linejoin="round" class="lucide lucide-reply w-4 h-4" aria-hidden="true"><path d="M20 18v-2a4 4 0 0 0-4-4H4"></path><path d="m9 17-5-5 5-5"></path></svg>Reply</button></div></div></div><div class=""><div class="bg-white rounded-md border border-gray-200 p-3"><div class="flex items-start justify-between mb-2"><div class="flex items-center gap-2"><div class="w-8 h-8 bg-gradient-to-br from-gray-700 to-gray-900 rounded-full flex items-center justify-center text-white font-semibold text-sm flex-shrink-0 cursor-pointer hover:ring-2 hover:ring-gray-900 hover:ring-offset-1 transition-all">J</div><div><div class="flex items-center gap-1.5"><span class="text-sm font-semibold text-gray-900 cursor-pointer hover:underline">Jackson Jackson</span></div><span class="text-xs text-gray-500">Nov 30, 2025, 06:17 PM</span></div></div><button class="p-1 hover:bg-gray-100 rounded-full transition-colors" type="button" id="radix-_r_bn_" aria-haspopup="menu" aria-expanded="false" data-state="closed"><svg xmlns="http://www.w3.org/2000/svg" width="24" height="24" viewBox="0 0 24 24" fill="none" stroke="currentColor" stroke-width="2" stroke-linecap="round" stroke-linejoin="round" class="lucide lucide-ellipsis-vertical w-4 h-4 text-gray-600" aria-hidden="true"><circle cx="12" cy="12" r="1"></circle><circle cx="12" cy="5" r="1"></circle><circle cx="12" cy="19" r="1"></circle></svg></button></div><p class="text-sm text-gray-800 whitespace-pre-wrap mb-2">Very interesting perspective.</p><div class="flex items-center gap-3"><div class="flex items-center gap-3"><button data-testid="reaction-button-like" class="
                            group inline-flex items-center gap-1.5 px-3 py-1.5 rounded-md font-medium text-sm transition-all duration-200
                            bg-white text-gray-700 hover:bg-gray-50 border border-gray-300
                            cursor-pointer hover:scale-105
                        " type="button" id="radix-_r_bp_" aria-haspopup="menu" aria-expanded="false" data-state="closed"><span class="text-base">👍</span><span class="font-medium text-sm">Like</span></button></div><button data-testid="reply-button" class="flex items-center gap-1 text-sm text-gray-600 hover:text-gray-900 transition-colors"><svg xmlns="http://www.w3.org/2000/svg" width="24" height="24" viewBox="0 0 24 24" fill="none" stroke="currentColor" stroke-width="2" stroke-linecap="round" stroke-linejoin="round" class="lucide lucide-reply w-4 h-4" aria-hidden="true"><path d="M20 18v-2a4 4 0 0 0-4-4H4"></path><path d="m9 17-5-5 5-5"></path></svg>Reply</button></div></div></div><div class=""><div class="bg-white rounded-md border border-gray-200 p-3"><div class="flex items-start justify-between mb-2"><div class="flex items-center gap-2"><div class="w-8 h-8 bg-gradient-to-br from-gray-700 to-gray-900 rounded-full flex items-center justify-center text-white font-semibold text-sm flex-shrink-0 cursor-pointer hover:ring-2 hover:ring-gray-900 hover:ring-offset-1 transition-all">V</div><div><div class="flex items-center gap-1.5"><span class="text-sm font-semibold text-gray-900 cursor-pointer hover:underline">Victoria Thomas</span></div><span class="text-xs text-gray-500">Nov 30, 2025, 06:17 PM</span></div></div><button class="p-1 hover:bg-gray-100 rounded-full transition-colors" type="button" id="radix-_r_bu_" aria-haspopup="menu" aria-expanded="false" data-state="closed"><svg xmlns="http://www.w3.org/2000/svg" width="24" height="24" viewBox="0 0 24 24" fill="none" stroke="currentColor" stroke-width="2" stroke-linecap="round" stroke-linejoin="round" class="lucide lucide-ellipsis-vertical w-4 h-4 text-gray-600" aria-hidden="true"><circle cx="12" cy="12" r="1"></circle><circle cx="12" cy="5" r="1"></circle><circle cx="12" cy="19" r="1"></circle></svg></button></div><p class="text-sm text-gray-800 whitespace-pre-wrap mb-2">I totally agree with this.</p><div class="flex items-center gap-3"><div class="flex items-center gap-3"><button data-testid="reaction-button-like" class="
                            group inline-flex items-center gap-1.5 px-3 py-1.5 rounded-md font-medium text-sm transition-all duration-200
                            bg-white text-gray-700 hover:bg-gray-50 border border-gray-300
                            cursor-pointer hover:scale-105
                        " type="button" id="radix-_r_c0_" aria-haspopup="menu" aria-expanded="false" data-state="closed"><span class="text-base">👍</span><span class="font-medium text-sm">Like</span></button></div><button data-testid="reply-button" class="flex items-center gap-1 text-sm text-gray-600 hover:text-gray-900 transition-colors"><svg xmlns="http://www.w3.org/2000/svg" width="24" height="24" viewBox="0 0 24 24" fill="none" stroke="currentColor" stroke-width="2" stroke-linecap="round" stroke-linejoin="round" class="lucide lucide-reply w-4 h-4" aria-hidden="true"><path d="M20 18v-2a4 4 0 0 0-4-4H4"></path><path d="m9 17-5-5 5-5"></path></svg>Reply</button></div></div></div></div></div></div></div></article><article class="bg-white rounded-xl shadow-sm border border-gray-200 overflow-hidden hover:shadow-md transition-shadow"><div class="p-6"><h2 class="text-xl font-bold text-gray-900 mb-3">Weekend Vibes and Relaxation</h2><p class="text-gray-600 leading-relaxed mb-6">It is the weekend! Time to relax and unwind. What are your plans? Share your weekend vibes by reacting to this post. We hope you all have a wonderful time!</p><div class="pt-4 border-t border-gray-100"><div class="flex items-center gap-3"><button data-testid="reaction-button-like" class="
                            group inline-flex items-center gap-1.5 px-3 py-1.5 rounded-md font-medium text-sm transition-all duration-200
                            bg-white text-gray-700 hover:bg-gray-50 border border-gray-300
                            cursor-pointer hover:scale-105
                        " type="button" id="radix-_r_c5_" aria-haspopup="menu" aria-expanded="false" data-state="closed"><span class="text-base">👍</span><span class="font-medium text-sm">Like</span></button><div class="flex items-center gap-1.5"><button data-testid="reaction-count-sad" class="
                                    inline-flex items-center gap-1 px-2 py-1 rounded-full text-xs font-medium transition-all
                                    bg-gray-100 text-gray-700 hover:bg-gray-200
                                    cursor-pointer hover:scale-105
                                "><span class="text-base">😢</span><span>3</span></button><button data-testid="reaction-count-like" class="
                                    inline-flex items-center gap-1 px-2 py-1 rounded-full text-xs font-medium transition-all
                                    bg-gray-100 text-gray-700 hover:bg-gray-200
                                    cursor-pointer hover:scale-105
                                "><span class="text-base">👍</span><span>2</span></button><button data-testid="reaction-count-haha" class="
                                    inline-flex items-center gap-1 px-2 py-1 rounded-full text-xs font-medium transition-all
                                    bg-gray-100 text-gray-700 hover:bg-gray-200
                                    cursor-pointer hover:scale-105
                                "><span class="text-base">😂</span><span>2</span></button><button data-testid="reaction-count-wow" class="
                                    inline-flex items-center gap-1 px-2 py-1 rounded-full text-xs font-medium transition-all
                                    bg-gray-100 text-gray-700 hover:bg-gray-200
                                    cursor-pointer hover:scale-105
                                "><span class="text-base">😮</span><span>1</span></button><button class="p-1.5 hover:bg-gray-100 rounded-full transition-colors" title="See who reacted"><svg xmlns="http://www.w3.org/2000/svg" width="24" height="24" viewBox="0 0 24 24" fill="none" stroke="currentColor" stroke-width="2" stroke-linecap="round" stroke-linejoin="round" class="lucide lucide-chevron-down w-4 h-4 text-gray-600" aria-hidden="true"><path d="m6 9 6 6 6-6"></path></svg></button></div></div></div><div class="pt-6 border-t border-gray-100 mt-6"><div class="space-y-3"><div class="flex items-center justify-between"><div class="flex items-center gap-2"><svg xmlns="http://www.w3.org/2000/svg" width="24" height="24" viewBox="0 0 24 24" fill="none" stroke="currentColor" stroke-width="2" stroke-linecap="round" stroke-linejoin="round" class="lucide lucide-message-square w-4 h-4 text-gray-600" aria-hidden="true"><path d="M22 17a2 2 0 0 1-2 2H6.828a2 2 0 0 0-1.414.586l-2.202 2.202A.71.71 0 0 1 2 21.286V5a2 2 0 0 1 2-2h16a2 2 0 0 1 2 2z"></path></svg><h3 class="text-base font-semibold text-gray-900">Comments (5)</h3></div><button data-testid="add-comment-button" class="px-3 py-1.5 text-sm font-medium text-white bg-gray-900 rounded-md hover:bg-gray-800 transition-colors">Add Comment</button></div><div class="space-y-2"><div class=""><div class="bg-white rounded-md border border-gray-200 p-3"><div class="flex items-start justify-between mb-2"><div class="flex items-center gap-2"><div class="w-8 h-8 bg-gradient-to-br from-gray-700 to-gray-900 rounded-full flex items-center justify-center text-white font-semibold text-sm flex-shrink-0 cursor-pointer hover:ring-2 hover:ring-gray-900 hover:ring-offset-1 transition-all">J</div><div><div class="flex items-center gap-1.5"><span class="text-sm font-semibold text-gray-900 cursor-pointer hover:underline">John Doe</span></div><span class="text-xs text-gray-500">Nov 30, 2025, 06:17 PM</span></div></div><button class="p-1 hover:bg-gray-100 rounded-full transition-colors" type="button" id="radix-_r_c7_" aria-haspopup="menu" aria-expanded="false" data-state="closed"><svg xmlns="http://www.w3.org/2000/svg" width="24" height="24" viewBox="0 0 24 24" fill="none" stroke="currentColor" stroke-width="2" stroke-linecap="round" stroke-linejoin="round" class="lucide lucide-ellipsis-vertical w-4 h-4 text-gray-600" aria-hidden="true"><circle cx="12" cy="12" r="1"></circle><circle cx="12" cy="5" r="1"></circle><circle cx="12" cy="19" r="1"></circle></svg></button></div><p class="text-sm text-gray-800 whitespace-pre-wrap mb-2">This deserves more attention.</p><div class="flex items-center gap-3"><div class="flex items-center gap-3"><button data-testid="reaction-button-like" class="
                            group inline-flex items-center gap-1.5 px-3 py-1.5 rounded-md font-medium text-sm transition-all duration-200
                            bg-white text-gray-700 hover:bg-gray-50 border border-gray-300
                            cursor-pointer hover:scale-105
                        " type="button" id="radix-_r_c9_" aria-haspopup="menu" aria-expanded="false" data-state="closed"><span class="text-base">👍</span><span class="font-medium text-sm">Like</span></button></div><button data-testid="reply-button" class="flex items-center gap-1 text-sm text-gray-600 hover:text-gray-900 transition-colors"><svg xmlns="http://www.w3.org/2000/svg" width="24" height="24" viewBox="0 0 24 24" fill="none" stroke="currentColor" stroke-width="2" stroke-linecap="round" stroke-linejoin="round" class="lucide lucide-reply w-4 h-4" aria-hidden="true"><path d="M20 18v-2a4 4 0 0 0-4-4H4"></path><path d="m9 17-5-5 5-5"></path></svg>Reply</button></div></div><div class="mt-2 space-y-2"><div class="ml-10"><div class="bg-white rounded-md border border-gray-200 p-3"><div class="flex items-start justify-between mb-2"><div class="flex items-center gap-2"><div class="w-8 h-8 bg-gradient-to-br from-gray-700 to-gray-900 rounded-full flex items-center justify-center text-white font-semibold text-sm flex-shrink-0 cursor-pointer hover:ring-2 hover:ring-gray-900 hover:ring-offset-1 transition-all">L</div><div><div class="flex items-center gap-1.5"><span class="text-sm font-semibold text-gray-900 cursor-pointer hover:underline">Luke Garcia</span></div><span class="text-xs text-gray-500">Nov 30, 2025, 06:17 PM</span></div></div><button class="p-1 hover:bg-gray-100 rounded-full transition-colors" type="button" id="radix-_r_cb_" aria-haspopup="menu" aria-expanded="false" data-state="closed"><svg xmlns="http://www.w3.org/2000/svg" width="24" height="24" viewBox="0 0 24 24" fill="none" stroke="currentColor" stroke-width="2" stroke-linecap="round" stroke-linejoin="round" class="lucide lucide-ellipsis-vertical w-4 h-4 text-gray-600" aria-hidden="true"><circle cx="12" cy="12" r="1"></circle><circle cx="12" cy="5" r="1"></circle><circle cx="12" cy="19" r="1"></circle></svg></button></div><p class="text-sm text-gray-800 whitespace-pre-wrap mb-2">I agree with you!</p><div class="flex items-center gap-3"><div class="flex items-center gap-3"><button data-testid="reaction-button-like" class="
                            group inline-flex items-center gap-1.5 px-3 py-1.5 rounded-md font-medium text-sm transition-all duration-200
                            bg-white text-gray-700 hover:bg-gray-50 border border-gray-300
                            cursor-pointer hover:scale-105
                        " type="button" id="radix-_r_cd_" aria-haspopup="menu" aria-expanded="false" data-state="closed"><span class="text-base">👍</span><span class="font-medium text-sm">Like</span></button></div></div></div></div></div></div><div class=""><div class="bg-white rounded-md border border-gray-200 p-3"><div class="flex items-start justify-between mb-2"><div class="flex items-center gap-2"><div class="w-8 h-8 bg-gradient-to-br from-gray-700 to-gray-900 rounded-full flex items-center justify-center text-white font-semibold text-sm flex-shrink-0 cursor-pointer hover:ring-2 hover:ring-gray-900 hover:ring-offset-1 transition-all">A</div><div><div class="flex items-center gap-1.5"><span class="text-sm font-semibold text-gray-900 cursor-pointer hover:underline">Addison Martinez</span></div><span class="text-xs text-gray-500">Nov 30, 2025, 06:17 PM</span></div></div><button class="p-1 hover:bg-gray-100 rounded-full transition-colors" type="button" id="radix-_r_cl_" aria-haspopup="menu" aria-expanded="false" data-state="closed"><svg xmlns="http://www.w3.org/2000/svg" width="24" height="24" viewBox="0 0 24 24" fill="none" stroke="currentColor" stroke-width="2" stroke-linecap="round" stroke-linejoin="round" class="lucide lucide-ellipsis-vertical w-4 h-4 text-gray-600" aria-hidden="true"><circle cx="12" cy="12" r="1"></circle><circle cx="12" cy="5" r="1"></circle><circle cx="12" cy="19" r="1"></circle></svg></button></div><p class="text-sm text-gray-800 whitespace-pre-wrap mb-2">Brilliant insights here.</p><div class="flex items-center gap-3"><div class="flex items-center gap-3"><button data-testid="reaction-button-like" class="
                            group inline-flex items-center gap-1.5 px-3 py-1.5 rounded-md font-medium text-sm transition-all duration-200
                            bg-white text-gray-700 hover:bg-gray-50 border border-gray-300
                            cursor-pointer hover:scale-105
                        " type="button" id="radix-_r_cn_" aria-haspopup="menu" aria-expanded="false" data-state="closed"><span class="text-base">👍</span><span class="font-medium text-sm">Like</span></button></div><button data-testid="reply-button" class="flex items-center gap-1 text-sm text-gray-600 hover:text-gray-900 transition-colors"><svg xmlns="http://www.w3.org/2000/svg" width="24" height="24" viewBox="0 0 24 24" fill="none" stroke="currentColor" stroke-width="2" stroke-linecap="round" stroke-linejoin="round" class="lucide lucide-reply w-4 h-4" aria-hidden="true"><path d="M20 18v-2a4 4 0 0 0-4-4H4"></path><path d="m9 17-5-5 5-5"></path></svg>Reply</button></div></div><div class="mt-2 space-y-2"><div class="ml-10"><div class="bg-white rounded-md border border-gray-200 p-3"><div class="flex items-start justify-between mb-2"><div class="flex items-center gap-2"><div class="w-8 h-8 bg-gradient-to-br from-gray-700 to-gray-900 rounded-full flex items-center justify-center text-white font-semibold text-sm flex-shrink-0 cursor-pointer hover:ring-2 hover:ring-gray-900 hover:ring-offset-1 transition-all">M</div><div><div class="flex items-center gap-1.5"><span class="text-sm font-semibold text-gray-900 cursor-pointer hover:underline">Mia Davis</span></div><span class="text-xs text-gray-500">Nov 30, 2025, 06:17 PM</span></div></div><button class="p-1 hover:bg-gray-100 rounded-full transition-colors" type="button" id="radix-_r_cp_" aria-haspopup="menu" aria-expanded="false" data-state="closed"><svg xmlns="http://www.w3.org/2000/svg" width="24" height="24" viewBox="0 0 24 24" fill="none" stroke="currentColor" stroke-width="2" stroke-linecap="round" stroke-linejoin="round" class="lucide lucide-ellipsis-vertical w-4 h-4 text-gray-600" aria-hidden="true"><circle cx="12" cy="12" r="1"></circle><circle cx="12" cy="5" r="1"></circle><circle cx="12" cy="19" r="1"></circle></svg></button></div><p class="text-sm text-gray-800 whitespace-pre-wrap mb-2">Interesting perspective!</p><div class="flex items-center gap-3"><div class="flex items-center gap-3"><button data-testid="reaction-button-like" class="
                            group inline-flex items-center gap-1.5 px-3 py-1.5 rounded-md font-medium text-sm transition-all duration-200
                            bg-white text-gray-700 hover:bg-gray-50 border border-gray-300
                            cursor-pointer hover:scale-105
                        " type="button" id="radix-_r_cr_" aria-haspopup="menu" aria-expanded="false" data-state="closed"><span class="text-base">👍</span><span class="font-medium text-sm">Like</span></button></div></div></div></div><div class="ml-10"><div class="bg-white rounded-md border border-gray-200 p-3"><div class="flex items-start justify-between mb-2"><div class="flex items-center gap-2"><div class="w-8 h-8 bg-gradient-to-br from-gray-700 to-gray-900 rounded-full flex items-center justify-center text-white font-semibold text-sm flex-shrink-0 cursor-pointer hover:ring-2 hover:ring-gray-900 hover:ring-offset-1 transition-all">S</div><div><div class="flex items-center gap-1.5"><span class="text-sm font-semibold text-gray-900 cursor-pointer hover:underline">Sofia Anderson</span></div><span class="text-xs text-gray-500">Nov 30, 2025, 06:17 PM</span></div></div><button class="p-1 hover:bg-gray-100 rounded-full transition-colors" type="button" id="radix-_r_d0_" aria-haspopup="menu" aria-expanded="false" data-state="closed"><svg xmlns="http://www.w3.org/2000/svg" width="24" height="24" viewBox="0 0 24 24" fill="none" stroke="currentColor" stroke-width="2" stroke-linecap="round" stroke-linejoin="round" class="lucide lucide-ellipsis-vertical w-4 h-4 text-gray-600" aria-hidden="true"><circle cx="12" cy="12" r="1"></circle><circle cx="12" cy="5" r="1"></circle><circle cx="12" cy="19" r="1"></circle></svg></button></div><p class="text-sm text-gray-800 whitespace-pre-wrap mb-2">Thanks for your comment!</p><div class="flex items-center gap-3"><div class="flex items-center gap-3"><button data-testid="reaction-button-like" class="
                            group inline-flex items-center gap-1.5 px-3 py-1.5 rounded-md font-medium text-sm transition-all duration-200
                            bg-white text-gray-700 hover:bg-gray-50 border border-gray-300
                            cursor-pointer hover:scale-105
                        " type="button" id="radix-_r_d2_" aria-haspopup="menu" aria-expanded="false" data-state="closed"><span class="text-base">👍</span><span class="font-medium text-sm">Like</span></button></div></div></div></div></div></div><div class=""><div class="bg-white rounded-md border border-gray-200 p-3"><div class="flex items-start justify-between mb-2"><div class="flex items-center gap-2"><div class="w-8 h-8 bg-gradient-to-br from-gray-700 to-gray-900 rounded-full flex items-center justify-center text-white font-semibold text-sm flex-shrink-0 cursor-pointer hover:ring-2 hover:ring-gray-900 hover:ring-offset-1 transition-all">L</div><div><div class="flex items-center gap-1.5"><span class="text-sm font-semibold text-gray-900 cursor-pointer hover:underline">Lily Martinez</span></div><span class="text-xs text-gray-500">Nov 30, 2025, 06:17 PM</span></div></div><button class="p-1 hover:bg-gray-100 rounded-full transition-colors" type="button" id="radix-_r_da_" aria-haspopup="menu" aria-expanded="false" data-state="closed"><svg xmlns="http://www.w3.org/2000/svg" width="24" height="24" viewBox="0 0 24 24" fill="none" stroke="currentColor" stroke-width="2" stroke-linecap="round" stroke-linejoin="round" class="lucide lucide-ellipsis-vertical w-4 h-4 text-gray-600" aria-hidden="true"><circle cx="12" cy="12" r="1"></circle><circle cx="12" cy="5" r="1"></circle><circle cx="12" cy="19" r="1"></circle></svg></button></div><p class="text-sm text-gray-800 whitespace-pre-wrap mb-2">Could you elaborate more on this?</p><div class="flex items-center gap-3"><div class="flex items-center gap-3"><button data-testid="reaction-button-like" class="
                            group inline-flex items-center gap-1.5 px-3 py-1.5 rounded-md font-medium text-sm transition-all duration-200
                            bg-white text-gray-700 hover:bg-gray-50 border border-gray-300
                            cursor-pointer hover:scale-105
                        " type="button" id="radix-_r_dc_" aria-haspopup="menu" aria-expanded="false" data-state="closed"><span class="text-base">👍</span><span class="font-medium text-sm">Like</span></button></div><button data-testid="reply-button" class="flex items-center gap-1 text-sm text-gray-600 hover:text-gray-900 transition-colors"><svg xmlns="http://www.w3.org/2000/svg" width="24" height="24" viewBox="0 0 24 24" fill="none" stroke="currentColor" stroke-width="2" stroke-linecap="round" stroke-linejoin="round" class="lucide lucide-reply w-4 h-4" aria-hidden="true"><path d="M20 18v-2a4 4 0 0 0-4-4H4"></path><path d="m9 17-5-5 5-5"></path></svg>Reply</button></div></div><div class="mt-2 space-y-2"><div class="ml-10"><div class="bg-white rounded-md border border-gray-200 p-3"><div class="flex items-start justify-between mb-2"><div class="flex items-center gap-2"><div class="w-8 h-8 bg-gradient-to-br from-gray-700 to-gray-900 rounded-full flex items-center justify-center text-white font-semibold text-sm flex-shrink-0 cursor-pointer hover:ring-2 hover:ring-gray-900 hover:ring-offset-1 transition-all">O</div><div><div class="flex items-center gap-1.5"><span class="text-sm font-semibold text-gray-900 cursor-pointer hover:underline">Owen Anderson</span></div><span class="text-xs text-gray-500">Nov 30, 2025, 06:17 PM</span></div></div><button class="p-1 hover:bg-gray-100 rounded-full transition-colors" type="button" id="radix-_r_de_" aria-haspopup="menu" aria-expanded="false" data-state="closed"><svg xmlns="http://www.w3.org/2000/svg" width="24" height="24" viewBox="0 0 24 24" fill="none" stroke="currentColor" stroke-width="2" stroke-linecap="round" stroke-linejoin="round" class="lucide lucide-ellipsis-vertical w-4 h-4 text-gray-600" aria-hidden="true"><circle cx="12" cy="12" r="1"></circle><circle cx="12" cy="5" r="1"></circle><circle cx="12" cy="19" r="1"></circle></svg></button></div><p class="text-sm text-gray-800 whitespace-pre-wrap mb-2">Thanks for clarifying.</p><div class="flex items-center gap-3"><div class="flex items-center gap-3"><button data-testid="reaction-button-like" class="
                            group inline-flex items-center gap-1.5 px-3 py-1.5 rounded-md font-medium text-sm transition-all duration-200
                            bg-white text-gray-700 hover:bg-gray-50 border border-gray-300
                            cursor-pointer hover:scale-105
                        " type="button" id="radix-_r_dg_" aria-haspopup="menu" aria-expanded="false" data-state="closed"><span class="text-base">👍</span><span class="font-medium text-sm">Like</span></button></div></div></div></div></div></div><div class=""><div class="bg-white rounded-md border border-gray-200 p-3"><div class="flex items-start justify-between mb-2"><div class="flex items-center gap-2"><div class="w-8 h-8 bg-gradient-to-br from-gray-700 to-gray-900 rounded-full flex items-center justify-center text-white font-semibold text-sm flex-shrink-0 cursor-pointer hover:ring-2 hover:ring-gray-900 hover:ring-offset-1 transition-all">C</div><div><div class="flex items-center gap-1.5"><span class="text-sm font-semibold text-gray-900 cursor-pointer hover:underline">Charlotte Johnson</span></div><span class="text-xs text-gray-500">Nov 30, 2025, 06:17 PM</span></div></div><button class="p-1 hover:bg-gray-100 rounded-full transition-colors" type="button" id="radix-_r_do_" aria-haspopup="menu" aria-expanded="false" data-state="closed"><svg xmlns="http://www.w3.org/2000/svg" width="24" height="24" viewBox="0 0 24 24" fill="none" stroke="currentColor" stroke-width="2" stroke-linecap="round" stroke-linejoin="round" class="lucide lucide-ellipsis-vertical w-4 h-4 text-gray-600" aria-hidden="true"><circle cx="12" cy="12" r="1"></circle><circle cx="12" cy="5" r="1"></circle><circle cx="12" cy="19" r="1"></circle></svg></button></div><p class="text-sm text-gray-800 whitespace-pre-wrap mb-2">I have some thoughts on this...</p><div class="flex items-center gap-3"><div class="flex items-center gap-3"><button data-testid="reaction-button-like" class="
                            group inline-flex items-center gap-1.5 px-3 py-1.5 rounded-md font-medium text-sm transition-all duration-200
                            bg-white text-gray-700 hover:bg-gray-50 border border-gray-300
                            cursor-pointer hover:scale-105
                        " type="button" id="radix-_r_dq_" aria-haspopup="menu" aria-expanded="false" data-state="closed"><span class="text-base">👍</span><span class="font-medium text-sm">Like</span></button></div><button data-testid="reply-button" class="flex items-center gap-1 text-sm text-gray-600 hover:text-gray-900 transition-colors"><svg xmlns="http://www.w3.org/2000/svg" width="24" height="24" viewBox="0 0 24 24" fill="none" stroke="currentColor" stroke-width="2" stroke-linecap="round" stroke-linejoin="round" class="lucide lucide-reply w-4 h-4" aria-hidden="true"><path d="M20 18v-2a4 4 0 0 0-4-4H4"></path><path d="m9 17-5-5 5-5"></path></svg>Reply</button></div></div></div><div class=""><div class="bg-white rounded-md border border-gray-200 p-3"><div class="flex items-start justify-between mb-2"><div class="flex items-center gap-2"><div class="w-8 h-8 bg-gradient-to-br from-gray-700 to-gray-900 rounded-full flex items-center justify-center text-white font-semibold text-sm flex-shrink-0 cursor-pointer hover:ring-2 hover:ring-gray-900 hover:ring-offset-1 transition-all">L</div><div><div class="flex items-center gap-1.5"><span class="text-sm font-semibold text-gray-900 cursor-pointer hover:underline">Luke Wilson</span></div><span class="text-xs text-gray-500">Nov 30, 2025, 06:17 PM</span></div></div><button class="p-1 hover:bg-gray-100 rounded-full transition-colors" type="button" id="radix-_r_dv_" aria-haspopup="menu" aria-expanded="false" data-state="closed"><svg xmlns="http://www.w3.org/2000/svg" width="24" height="24" viewBox="0 0 24 24" fill="none" stroke="currentColor" stroke-width="2" stroke-linecap="round" stroke-linejoin="round" class="lucide lucide-ellipsis-vertical w-4 h-4 text-gray-600" aria-hidden="true"><circle cx="12" cy="12" r="1"></circle><circle cx="12" cy="5" r="1"></circle><circle cx="12" cy="19" r="1"></circle></svg></button></div><p class="text-sm text-gray-800 whitespace-pre-wrap mb-2">This is exactly what I needed to hear.</p><div class="flex items-center gap-3"><div class="flex items-center gap-3"><button data-testid="reaction-button-like" class="
                            group inline-flex items-center gap-1.5 px-3 py-1.5 rounded-md font-medium text-sm transition-all duration-200
                            bg-white text-gray-700 hover:bg-gray-50 border border-gray-300
                            cursor-pointer hover:scale-105
                        " type="button" id="radix-_r_e1_" aria-haspopup="menu" aria-expanded="false" data-state="closed"><span class="text-base">👍</span><span class="font-medium text-sm">Like</span></button></div><button data-testid="reply-button" class="flex items-center gap-1 text-sm text-gray-600 hover:text-gray-900 transition-colors"><svg xmlns="http://www.w3.org/2000/svg" width="24" height="24" viewBox="0 0 24 24" fill="none" stroke="currentColor" stroke-width="2" stroke-linecap="round" stroke-linejoin="round" class="lucide lucide-reply w-4 h-4" aria-hidden="true"><path d="M20 18v-2a4 4 0 0 0-4-4H4"></path><path d="m9 17-5-5 5-5"></path></svg>Reply</button></div></div><div class="mt-2 space-y-2"><div class="ml-10"><div class="bg-white rounded-md border border-gray-200 p-3"><div class="flex items-start justify-between mb-2"><div class="flex items-center gap-2"><div class="w-8 h-8 bg-gradient-to-br from-gray-700 to-gray-900 rounded-full flex items-center justify-center text-white font-semibold text-sm flex-shrink-0 cursor-pointer hover:ring-2 hover:ring-gray-900 hover:ring-offset-1 transition-all">L</div><div><div class="flex items-center gap-1.5"><span class="text-sm font-semibold text-gray-900 cursor-pointer hover:underline">Liam Garcia</span></div><span class="text-xs text-gray-500">Nov 30, 2025, 06:17 PM</span></div></div><button class="p-1 hover:bg-gray-100 rounded-full transition-colors" type="button" id="radix-_r_e3_" aria-haspopup="menu" aria-expanded="false" data-state="closed"><svg xmlns="http://www.w3.org/2000/svg" width="24" height="24" viewBox="0 0 24 24" fill="none" stroke="currentColor" stroke-width="2" stroke-linecap="round" stroke-linejoin="round" class="lucide lucide-ellipsis-vertical w-4 h-4 text-gray-600" aria-hidden="true"><circle cx="12" cy="12" r="1"></circle><circle cx="12" cy="5" r="1"></circle><circle cx="12" cy="19" r="1"></circle></svg></button></div><p class="text-sm text-gray-800 whitespace-pre-wrap mb-2">Great addition to the discussion!</p><div class="flex items-center gap-3"><div class="flex items-center gap-3"><button data-testid="reaction-button-like" class="
                            group inline-flex items-center gap-1.5 px-3 py-1.5 rounded-md font-medium text-sm transition-all duration-200
                            bg-white text-gray-700 hover:bg-gray-50 border border-gray-300
                            cursor-pointer hover:scale-105
                        " type="button" id="radix-_r_e5_" aria-haspopup="menu" aria-expanded="false" data-state="closed"><span class="text-base">👍</span><span class="font-medium text-sm">Like</span></button></div></div></div></div><div class="ml-10"><div class="bg-white rounded-md border border-gray-200 p-3"><div class="flex items-start justify-between mb-2"><div class="flex items-center gap-2"><div class="w-8 h-8 bg-gradient-to-br from-gray-700 to-gray-900 rounded-full flex items-center justify-center text-white font-semibold text-sm flex-shrink-0 cursor-pointer hover:ring-2 hover:ring-gray-900 hover:ring-offset-1 transition-all">A</div><div><div class="flex items-center gap-1.5"><span class="text-sm font-semibold text-gray-900 cursor-pointer hover:underline">Addison Garcia</span></div><span class="text-xs text-gray-500">Nov 30, 2025, 06:17 PM</span></div></div><button class="p-1 hover:bg-gray-100 rounded-full transition-colors" type="button" id="radix-_r_ea_" aria-haspopup="menu" aria-expanded="false" data-state="closed"><svg xmlns="http://www.w3.org/2000/svg" width="24" height="24" viewBox="0 0 24 24" fill="none" stroke="currentColor" stroke-width="2" stroke-linecap="round" stroke-linejoin="round" class="lucide lucide-ellipsis-vertical w-4 h-4 text-gray-600" aria-hidden="true"><circle cx="12" cy="12" r="1"></circle><circle cx="12" cy="5" r="1"></circle><circle cx="12" cy="19" r="1"></circle></svg></button></div><p class="text-sm text-gray-800 whitespace-pre-wrap mb-2">I see what you mean.</p><div class="flex items-center gap-3"><div class="flex items-center gap-3"><button data-testid="reaction-button-like" class="
                            group inline-flex items-center gap-1.5 px-3 py-1.5 rounded-md font-medium text-sm transition-all duration-200
                            bg-white text-gray-700 hover:bg-gray-50 border border-gray-300
                            cursor-pointer hover:scale-105
                        " type="button" id="radix-_r_ec_" aria-haspopup="menu" aria-expanded="false" data-state="closed"><span class="text-base">👍</span><span class="font-medium text-sm">Like</span></button></div></div></div></div></div></div></div></div></div></div></article></div></main><footer class="mt-16 py-8 border-t border-gray-200 bg-white"><div class="max-w-5xl mx-auto px-4 text-center text-sm text-gray-500"><p>Built with Laravel, Inertia.js, React &amp; shadcn/ui</p></div></footer></div><div role="region" aria-label="Notifications (F8)" tabindex="-1" style="pointer-events: none;"><ol tabindex="-1" class="fixed top-0 z-[100] flex max-h-screen w-full flex-col-reverse p-4 sm:bottom-0 sm:right-0 sm:top-auto sm:flex-col md:max-w-[420px]"></ol></div></div><script type="text/javascript">
var phpdebugbar = new PhpDebugBar.DebugBar({"theme":"auto","hideEmptyTabs":true});
phpdebugbar.addTab("request", new PhpDebugBar.DebugBar.Tab({"icon":"tags","order":-100,"title":"Request", "widget": new PhpDebugBar.Widgets.HtmlVariableListWidget()}));
phpdebugbar.addTab("messages", new PhpDebugBar.DebugBar.Tab({"icon":"list-alt","title":"Messages", "widget": new PhpDebugBar.Widgets.MessagesWidget()}));
phpdebugbar.addIndicator("time", new PhpDebugBar.DebugBar.Indicator({"icon":"clock-o","tooltip":"Request Duration","link":"timeline"}), "right");
phpdebugbar.addTab("timeline", new PhpDebugBar.DebugBar.Tab({"icon":"tasks","title":"Timeline", "widget": new PhpDebugBar.Widgets.TimelineWidget()}));
phpdebugbar.addIndicator("memory", new PhpDebugBar.DebugBar.Indicator({"icon":"cogs","tooltip":"Memory Usage"}), "right");
phpdebugbar.addTab("exceptions", new PhpDebugBar.DebugBar.Tab({"icon":"bug","title":"Exceptions", "widget": new PhpDebugBar.Widgets.ExceptionsWidget()}));
phpdebugbar.addIndicator("version", new PhpDebugBar.DebugBar.Indicator({"icon":"laravel phpdebugbar-fab"}), "right");
phpdebugbar.addTab("views", new PhpDebugBar.DebugBar.Tab({"icon":"leaf","title":"Views", "widget": new PhpDebugBar.Widgets.TemplatesWidget()}));
phpdebugbar.addTab("queries", new PhpDebugBar.DebugBar.Tab({"icon":"database","title":"Queries", "widget": new PhpDebugBar.Widgets.LaravelQueriesWidget()}));
phpdebugbar.addTab("models", new PhpDebugBar.DebugBar.Tab({"icon":"cubes","title":"Models", "widget": new PhpDebugBar.Widgets.TableVariableListWidget()}));
phpdebugbar.addTab("emails", new PhpDebugBar.DebugBar.Tab({"icon":"inbox","title":"Mails", "widget": new PhpDebugBar.Widgets.MailsWidget()}));
phpdebugbar.addTab("gate", new PhpDebugBar.DebugBar.Tab({"icon":"list-alt","title":"Gate", "widget": new PhpDebugBar.Widgets.MessagesWidget()}));
phpdebugbar.addIndicator("currentrequest", new PhpDebugBar.DebugBar.Indicator({"icon":"share","link":"request"}), "right");
phpdebugbar.setDataMap({
"request": ["request.data", {}],
"messages": ["messages.messages", []],
"messages:badge": ["messages.count", null],
"time": ["time.duration_str", '0ms'],
"timeline": ["time", {}],
"memory": ["memory.peak_usage_str", '0B'],
"exceptions": ["exceptions.exceptions", []],
"exceptions:badge": ["exceptions.count", null],
"version": ["laravel.version", ],
"version:tooltip": ["laravel.tooltip", {}],
"views": ["views", []],
"views:badge": ["views.nb_templates", 0],
"queries": ["queries", []],
"queries:badge": ["queries.nb_statements", 0],
"models": ["models", {}],
"models:badge": ["models.count", 0],
"emails": ["symfonymailer_mails.mails", []],
"emails:badge": ["symfonymailer_mails.count", null],
"gate": ["gate.messages", []],
"gate:badge": ["gate.count", null],
"request:badge": ["request.badge", null],
"currentrequest": ["request.data.uri", ],
"currentrequest:tooltip": ["request.tooltip", {}]
});
phpdebugbar.restoreState();
phpdebugbar.enableAjaxHandlerTab();
phpdebugbar.ajaxHandler = new PhpDebugBar.AjaxHandler(phpdebugbar, undefined, true);
phpdebugbar.ajaxHandler.bindToFetch();
phpdebugbar.ajaxHandler.bindToXHR();
phpdebugbar.setOpenHandler(new PhpDebugBar.OpenHandler({"url":"http:\/\/127.0.0.1:8000\/_debugbar\/open"}));
phpdebugbar.addDataSet({"__meta":{"id":"01KBAQR9BP8Z7NGSPWPRD22J47","datetime":"2025-11-30 15:57:54","utime":1764518274.422377,"method":"GET","uri":"\/login","ip":"127.0.0.1"},"messages":{"count":0,"messages":[]},"time":{"count":5,"start":1764518274.408627,"end":1764518274.422385,"duration":0.013757944107055664,"duration_str":"13.76ms","measures":[{"label":"Booting","start":1764518274.408627,"relative_start":0,"end":1764518274.418248,"relative_end":1764518274.418248,"duration":0.009620904922485352,"duration_str":"9.62ms","memory":0,"memory_str":"0B","params":[],"collector":"time","group":null},{"label":"Application","start":1764518274.418258,"relative_start":0.009630918502807617,"end":1764518274.422386,"relative_end":9.5367431640625e-7,"duration":0.004127979278564453,"duration_str":"4.13ms","memory":0,"memory_str":"0B","params":[],"collector":"time","group":null},{"label":"Routing","start":1764518274.419281,"relative_start":0.010653972625732422,"end":1764518274.419545,"relative_end":1764518274.419545,"duration":0.0002639293670654297,"duration_str":"264\u03bcs","memory":0,"memory_str":"0B","params":[],"collector":null,"group":null},{"label":"Preparing Response","start":1764518274.420148,"relative_start":0.011520862579345703,"end":1764518274.422243,"relative_end":1764518274.422243,"duration":0.0020952224731445312,"duration_str":"2.1ms","memory":0,"memory_str":"0B","params":[],"collector":null,"group":null},{"label":"View: Auth\/Login","start":1764518274.420883,"relative_start":0.01225590705871582,"end":1764518274.420883,"relative_end":1764518274.420883,"duration":0,"duration_str":"0\u03bcs","memory":0,"memory_str":"0B","params":[],"collector":"views","group":"View"}]},"memory":{"peak_usage":1761000,"peak_usage_str":"2MB"},"exceptions":{"count":0,"exceptions":[]},"laravel":{"version":"12.x","tooltip":{"Laravel Version":"12.40.2","PHP Version":"8.4.15","Environment":"local","Debug Mode":"Enabled","URL":"localhost","Timezone":"UTC","Locale":"en"}},"views":{"count":1,"nb_templates":1,"templates":[{"name":"Auth\/Login","param_count":null,"params":[],"start":1764518274.420874,"type":"blade","hash":"blade\/Users\/vahan\/Herd\/laravel-react-reactions\/packages\/truefans\/laravel-react-reactions\/workbench\/resources\/views\/app.blade.phpAuth\/Login","xdebug_link":{"url":"phpstorm:\/\/open?file=%2FUsers%2Fvahan%2FHerd%2Flaravel-react-reactions%2Fpackages%2Ftruefans%2Flaravel-react-reactions%2Fworkbench%2Fresources%2Fviews%2Fapp.blade.php\u0026line=1","ajax":false,"filename":"app.blade.php","line":"?"}}]},"queries":{"count":0,"nb_statements":0,"nb_visible_statements":0,"nb_excluded_statements":0,"nb_failed_statements":0,"accumulated_duration":0,"accumulated_duration_str":"0\u03bcs","memory_usage":0,"memory_usage_str":null,"statements":[]},"models":{"data":[],"count":0,"key_map":{"retrieved":"Retrieved","created":"Created","updated":"Updated","deleted":"Deleted"},"is_counter":true,"badges":[]},"symfonymailer_mails":{"count":0,"mails":[]},"gate":{"count":0,"messages":[]},"request":{"data":{"status":"200 OK","full_url":"http:\/\/127.0.0.1:8000\/login","action_name":"login","controller_action":"Workbench\\App\\Http\\Controllers\\AuthController@showLogin","uri":"GET login","controller":"Workbench\\App\\Http\\Controllers\\AuthController@showLogin\u003Ca href=\u0022phpstorm:\/\/open?file=%2FUsers%2Fvahan%2FHerd%2Flaravel-react-reactions%2Fpackages%2Ftruefans%2Flaravel-react-reactions%2Fworkbench%2Fapp%2FHttp%2FControllers%2FAuthController.php\u0026line=14\u0022 class=\u0022phpdebugbar-widgets-editor-link\u0022\u003E\u003C\/a\u003E","file":"\u003Ca href=\u0022phpstorm:\/\/open?file=%2FUsers%2Fvahan%2FHerd%2Flaravel-react-reactions%2Fpackages%2Ftruefans%2Flaravel-react-reactions%2Fworkbench%2Fapp%2FHttp%2FControllers%2FAuthController.php\u0026line=14\u0022 onclick=\u0022\u0022 class=\u0022phpdebugbar-widgets-editor-link\u0022\u003EUsers\/vahan\/Herd\/laravel-react-reactions\/packages\/truefans\/laravel-react-reactions\/workbench\/app\/Http\/Controllers\/AuthController.php:14-17\u003C\/a\u003E","middleware":"web","duration":"13.69ms","peak_memory":"4MB","response":"text\/html; charset=utf-8","request_format":"html","request_query":"\u003Cpre class=sf-dump id=sf-dump-1656906658 data-indent-pad=\u0022  \u0022\u003E[]\n\u003C\/pre\u003E\u003Cscript\u003ESfdump(\u0022sf-dump-1656906658\u0022, {\u0022maxDepth\u0022:0})\u003C\/script\u003E\n","request_request":"\u003Cpre class=sf-dump id=sf-dump-2132224664 data-indent-pad=\u0022  \u0022\u003E[]\n\u003C\/pre\u003E\u003Cscript\u003ESfdump(\u0022sf-dump-2132224664\u0022, {\u0022maxDepth\u0022:0})\u003C\/script\u003E\n","request_headers":"\u003Cpre class=sf-dump id=sf-dump-353574276 data-indent-pad=\u0022  \u0022\u003E\u003Cspan class=sf-dump-note\u003Earray:14\u003C\/span\u003E [\u003Csamp data-depth=1 class=sf-dump-expanded\u003E\n  \u0022\u003Cspan class=sf-dump-key\u003Ehost\u003C\/span\u003E\u0022 =\u003E \u003Cspan class=sf-dump-note\u003Earray:1\u003C\/span\u003E [\u003Csamp data-depth=2 class=sf-dump-compact\u003E\n    \u003Cspan class=sf-dump-index\u003E0\u003C\/span\u003E =\u003E \u0022\u003Cspan class=sf-dump-str title=\u002214 characters\u0022\u003E127.0.0.1:8000\u003C\/span\u003E\u0022\n  \u003C\/samp\u003E]\n  \u0022\u003Cspan class=sf-dump-key\u003Econnection\u003C\/span\u003E\u0022 =\u003E \u003Cspan class=sf-dump-note\u003Earray:1\u003C\/span\u003E [\u003Csamp data-depth=2 class=sf-dump-compact\u003E\n    \u003Cspan class=sf-dump-index\u003E0\u003C\/span\u003E =\u003E \u0022\u003Cspan class=sf-dump-str title=\u002210 characters\u0022\u003Ekeep-alive\u003C\/span\u003E\u0022\n  \u003C\/samp\u003E]\n  \u0022\u003Cspan class=sf-dump-key\u003Esec-ch-ua\u003C\/span\u003E\u0022 =\u003E \u003Cspan class=sf-dump-note\u003Earray:1\u003C\/span\u003E [\u003Csamp data-depth=2 class=sf-dump-compact\u003E\n    \u003Cspan class=sf-dump-index\u003E0\u003C\/span\u003E =\u003E \u0022\u003Cspan class=sf-dump-str title=\u002266 characters\u0022\u003E\u0026quot;HeadlessChrome\u0026quot;;v=\u0026quot;143\u0026quot;, \u0026quot;Chromium\u0026quot;;v=\u0026quot;143\u0026quot;, \u0026quot;Not A(Brand\u0026quot;;v=\u0026quot;24\u0026quot;\u003C\/span\u003E\u0022\n  \u003C\/samp\u003E]\n  \u0022\u003Cspan class=sf-dump-key\u003Esec-ch-ua-mobile\u003C\/span\u003E\u0022 =\u003E \u003Cspan class=sf-dump-note\u003Earray:1\u003C\/span\u003E [\u003Csamp data-depth=2 class=sf-dump-compact\u003E\n    \u003Cspan class=sf-dump-index\u003E0\u003C\/span\u003E =\u003E \u0022\u003Cspan class=sf-dump-str title=\u00222 characters\u0022\u003E?0\u003C\/span\u003E\u0022\n  \u003C\/samp\u003E]\n  \u0022\u003Cspan class=sf-dump-key\u003Esec-ch-ua-platform\u003C\/span\u003E\u0022 =\u003E \u003Cspan class=sf-dump-note\u003Earray:1\u003C\/span\u003E [\u003Csamp data-depth=2 class=sf-dump-compact\u003E\n    \u003Cspan class=sf-dump-index\u003E0\u003C\/span\u003E =\u003E \u0022\u003Cspan class=sf-dump-str title=\u00229 characters\u0022\u003E\u0026quot;Windows\u0026quot;\u003C\/span\u003E\u0022\n  \u003C\/samp\u003E]\n  \u0022\u003Cspan class=sf-dump-key\u003Eupgrade-insecure-requests\u003C\/span\u003E\u0022 =\u003E \u003Cspan class=sf-dump-note\u003Earray:1\u003C\/span\u003E [\u003Csamp data-depth=2 class=sf-dump-compact\u003E\n    \u003Cspan class=sf-dump-index\u003E0\u003C\/span\u003E =\u003E \u0022\u003Cspan class=sf-dump-str\u003E1\u003C\/span\u003E\u0022\n  \u003C\/samp\u003E]\n  \u0022\u003Cspan class=sf-dump-key\u003Euser-agent\u003C\/span\u003E\u0022 =\u003E \u003Cspan class=sf-dump-note\u003Earray:1\u003C\/span\u003E [\u003Csamp data-depth=2 class=sf-dump-compact\u003E\n    \u003Cspan class=sf-dump-index\u003E0\u003C\/span\u003E =\u003E \u0022\u003Cspan class=sf-dump-str title=\u0022114 characters\u0022\u003EMozilla\/5.0 (Windows NT 10.0; Win64; x64) AppleWebKit\/537.36 (KHTML, like Gecko) Chrome\/143.0.7499.4 Safari\/537.36\u003C\/span\u003E\u0022\n  \u003C\/samp\u003E]\n  \u0022\u003Cspan class=sf-dump-key\u003Eaccept-language\u003C\/span\u003E\u0022 =\u003E \u003Cspan class=sf-dump-note\u003Earray:1\u003C\/span\u003E [\u003Csamp data-depth=2 class=sf-dump-compact\u003E\n    \u003Cspan class=sf-dump-index\u003E0\u003C\/span\u003E =\u003E \u0022\u003Cspan class=sf-dump-str title=\u00225 characters\u0022\u003Een-US\u003C\/span\u003E\u0022\n  \u003C\/samp\u003E]\n  \u0022\u003Cspan class=sf-dump-key\u003Eaccept\u003C\/span\u003E\u0022 =\u003E \u003Cspan class=sf-dump-note\u003Earray:1\u003C\/span\u003E [\u003Csamp data-depth=2 class=sf-dump-compact\u003E\n    \u003Cspan class=sf-dump-index\u003E0\u003C\/span\u003E =\u003E \u0022\u003Cspan class=sf-dump-str title=\u0022135 characters\u0022\u003Etext\/html,application\/xhtml+xml,application\/xml;q=0.9,image\/avif,image\/webp,image\/apng,*\/*;q=0.8,application\/signed-exchange;v=b3;q=0.7\u003C\/span\u003E\u0022\n  \u003C\/samp\u003E]\n  \u0022\u003Cspan class=sf-dump-key\u003Esec-fetch-site\u003C\/span\u003E\u0022 =\u003E \u003Cspan class=sf-dump-note\u003Earray:1\u003C\/span\u003E [\u003Csamp data-depth=2 class=sf-dump-compact\u003E\n    \u003Cspan class=sf-dump-index\u003E0\u003C\/span\u003E =\u003E \u0022\u003Cspan class=sf-dump-str title=\u00224 characters\u0022\u003Enone\u003C\/span\u003E\u0022\n  \u003C\/samp\u003E]\n  \u0022\u003Cspan class=sf-dump-key\u003Esec-fetch-mode\u003C\/span\u003E\u0022 =\u003E \u003Cspan class=sf-dump-note\u003Earray:1\u003C\/span\u003E [\u003Csamp data-depth=2 class=sf-dump-compact\u003E\n    \u003Cspan class=sf-dump-index\u003E0\u003C\/span\u003E =\u003E \u0022\u003Cspan class=sf-dump-str title=\u00228 characters\u0022\u003Enavigate\u003C\/span\u003E\u0022\n  \u003C\/samp\u003E]\n  \u0022\u003Cspan class=sf-dump-key\u003Esec-fetch-user\u003C\/span\u003E\u0022 =\u003E \u003Cspan class=sf-dump-note\u003Earray:1\u003C\/span\u003E [\u003Csamp data-depth=2 class=sf-dump-compact\u003E\n    \u003Cspan class=sf-dump-index\u003E0\u003C\/span\u003E =\u003E \u0022\u003Cspan class=sf-dump-str title=\u00222 characters\u0022\u003E?1\u003C\/span\u003E\u0022\n  \u003C\/samp\u003E]\n  \u0022\u003Cspan class=sf-dump-key\u003Esec-fetch-dest\u003C\/span\u003E\u0022 =\u003E \u003Cspan class=sf-dump-note\u003Earray:1\u003C\/span\u003E [\u003Csamp data-depth=2 class=sf-dump-compact\u003E\n    \u003Cspan class=sf-dump-index\u003E0\u003C\/span\u003E =\u003E \u0022\u003Cspan class=sf-dump-str title=\u00228 characters\u0022\u003Edocument\u003C\/span\u003E\u0022\n  \u003C\/samp\u003E]\n  \u0022\u003Cspan class=sf-dump-key\u003Eaccept-encoding\u003C\/span\u003E\u0022 =\u003E \u003Cspan class=sf-dump-note\u003Earray:1\u003C\/span\u003E [\u003Csamp data-depth=2 class=sf-dump-compact\u003E\n    \u003Cspan class=sf-dump-index\u003E0\u003C\/span\u003E =\u003E \u0022\u003Cspan class=sf-dump-str title=\u002223 characters\u0022\u003Egzip, deflate, br, zstd\u003C\/span\u003E\u0022\n  \u003C\/samp\u003E]\n\u003C\/samp\u003E]\n\u003C\/pre\u003E\u003Cscript\u003ESfdump(\u0022sf-dump-353574276\u0022, {\u0022maxDepth\u0022:0})\u003C\/script\u003E\n","request_cookies":"\u003Cpre class=sf-dump id=sf-dump-712614141 data-indent-pad=\u0022  \u0022\u003E[]\n\u003C\/pre\u003E\u003Cscript\u003ESfdump(\u0022sf-dump-712614141\u0022, {\u0022maxDepth\u0022:0})\u003C\/script\u003E\n","response_headers":"\u003Cpre class=sf-dump id=sf-dump-1948654841 data-indent-pad=\u0022  \u0022\u003E\u003Cspan class=sf-dump-note\u003Earray:3\u003C\/span\u003E [\u003Csamp data-depth=1 class=sf-dump-expanded\u003E\n  \u0022\u003Cspan class=sf-dump-key\u003Ecache-control\u003C\/span\u003E\u0022 =\u003E \u003Cspan class=sf-dump-note\u003Earray:1\u003C\/span\u003E [\u003Csamp data-depth=2 class=sf-dump-compact\u003E\n    \u003Cspan class=sf-dump-index\u003E0\u003C\/span\u003E =\u003E \u0022\u003Cspan class=sf-dump-str title=\u002217 characters\u0022\u003Eno-cache, private\u003C\/span\u003E\u0022\n  \u003C\/samp\u003E]\n  \u0022\u003Cspan class=sf-dump-key\u003Edate\u003C\/span\u003E\u0022 =\u003E \u003Cspan class=sf-dump-note\u003Earray:1\u003C\/span\u003E [\u003Csamp data-depth=2 class=sf-dump-compact\u003E\n    \u003Cspan class=sf-dump-index\u003E0\u003C\/span\u003E =\u003E \u0022\u003Cspan class=sf-dump-str title=\u002229 characters\u0022\u003ESun, 30 Nov 2025 15:57:54 GMT\u003C\/span\u003E\u0022\n  \u003C\/samp\u003E]\n  \u0022\u003Cspan class=sf-dump-key\u003Econtent-type\u003C\/span\u003E\u0022 =\u003E \u003Cspan class=sf-dump-note\u003Earray:1\u003C\/span\u003E [\u003Csamp data-depth=2 class=sf-dump-compact\u003E\n    \u003Cspan class=sf-dump-index\u003E0\u003C\/span\u003E =\u003E \u0022\u003Cspan class=sf-dump-str title=\u002224 characters\u0022\u003Etext\/html; charset=utf-8\u003C\/span\u003E\u0022\n  \u003C\/samp\u003E]\n\u003C\/samp\u003E]\n\u003C\/pre\u003E\u003Cscript\u003ESfdump(\u0022sf-dump-1948654841\u0022, {\u0022maxDepth\u0022:0})\u003C\/script\u003E\n","session_attributes":"\u003Cpre class=sf-dump id=sf-dump-355795302 data-indent-pad=\u0022  \u0022\u003E\u003Cspan class=sf-dump-note\u003Earray:1\u003C\/span\u003E [\u003Csamp data-depth=1 class=sf-dump-expanded\u003E\n  \u0022\u003Cspan class=sf-dump-key\u003E_token\u003C\/span\u003E\u0022 =\u003E \u0022\u003Cspan class=sf-dump-str title=\u002240 characters\u0022\u003E4y0avpSITucfwGq1VcuSyxqnzRkpQHhRrba79ffT\u003C\/span\u003E\u0022\n\u003C\/samp\u003E]\n\u003C\/pre\u003E\u003Cscript\u003ESfdump(\u0022sf-dump-355795302\u0022, {\u0022maxDepth\u0022:0})\u003C\/script\u003E\n"},"tooltip":{"status":"200 OK","full_url":"http:\/\/127.0.0.1:8000\/login","action_name":"login","controller_action":"Workbench\\App\\Http\\Controllers\\AuthController@showLogin"},"badge":null}}, "01KBAQR9BP8Z7NGSPWPRD22J47");

</script><div class="phpdebugbar phpdebugbar-minimized" data-bodymarginbottom="true" data-theme="light" data-openbtnposition="bottomLeft" data-hideemptytabs="true"><div class="phpdebugbar-drag-capture"></div><div class="phpdebugbar-resize-handle"></div><div class="phpdebugbar-header"><a class="phpdebugbar-restore-btn"></a><div class="phpdebugbar-header-left"><a class="phpdebugbar-tab" data-empty="false" data-collector="request"><i class="phpdebugbar-fa phpdebugbar-fa-tags"></i><span class="phpdebugbar-text">Request</span><span class="phpdebugbar-badge"></span></a><a class="phpdebugbar-tab" data-empty="true" data-collector="messages"><i class="phpdebugbar-fa phpdebugbar-fa-list-alt"></i><span class="phpdebugbar-text">Messages</span><span class="phpdebugbar-badge"></span></a><a class="phpdebugbar-tab" data-empty="false" data-collector="timeline"><i class="phpdebugbar-fa phpdebugbar-fa-tasks"></i><span class="phpdebugbar-text">Timeline</span><span class="phpdebugbar-badge"></span></a><a class="phpdebugbar-tab" data-empty="true" data-collector="exceptions"><i class="phpdebugbar-fa phpdebugbar-fa-bug"></i><span class="phpdebugbar-text">Exceptions</span><span class="phpdebugbar-badge"></span></a><a class="phpdebugbar-tab" data-empty="false" data-collector="views"><i class="phpdebugbar-fa phpdebugbar-fa-leaf"></i><span class="phpdebugbar-text">Views</span><span class="phpdebugbar-badge phpdebugbar-visible">1</span></a><a class="phpdebugbar-tab" data-empty="true" data-collector="queries"><i class="phpdebugbar-fa phpdebugbar-fa-database"></i><span class="phpdebugbar-text">Queries</span><span class="phpdebugbar-badge phpdebugbar-visible">0</span></a><a class="phpdebugbar-tab" data-empty="true" data-collector="models"><i class="phpdebugbar-fa phpdebugbar-fa-cubes"></i><span class="phpdebugbar-text">Models</span><span class="phpdebugbar-badge phpdebugbar-visible">0</span></a><a class="phpdebugbar-tab" data-empty="true" data-collector="emails"><i class="phpdebugbar-fa phpdebugbar-fa-inbox"></i><span class="phpdebugbar-text">Mails</span><span class="phpdebugbar-badge"></span></a><a class="phpdebugbar-tab" data-empty="true" data-collector="gate"><i class="phpdebugbar-fa phpdebugbar-fa-list-alt"></i><span class="phpdebugbar-text">Gate</span><span class="phpdebugbar-badge"></span></a></div><div class="phpdebugbar-header-right"><a class="phpdebugbar-close-btn"></a><a class="phpdebugbar-minimize-btn"></a><a class="phpdebugbar-tab phpdebugbar-tab-settings" data-collector="__settings"><i class="phpdebugbar-fa phpdebugbar-fa-sliders"></i><span class="phpdebugbar-text">Settings</span><span class="phpdebugbar-badge"></span></a><a class="phpdebugbar-maximize-btn"></a><a class="phpdebugbar-open-btn" style=""></a><a class="phpdebugbar-tab phpdebugbar-tab-history" data-collector="__datasets" style="" data-empty="false"><i class="phpdebugbar-fa phpdebugbar-fa-history"></i><span class="phpdebugbar-text">Request history</span><span class="phpdebugbar-badge"></span></a><select class="phpdebugbar-datasets-switcher" name="datasets-switcher"><option value="01KBAQR9BP8Z7NGSPWPRD22J47">#1 login (15:57:54)</option></select><span class="phpdebugbar-indicator" style="cursor: pointer;"><i class="phpdebugbar-fa phpdebugbar-fa-clock-o"></i><span class="phpdebugbar-text">13.76ms</span><span class="phpdebugbar-tooltip">Request Duration</span></span><span class="phpdebugbar-indicator"><i class="phpdebugbar-fa phpdebugbar-fa-cogs"></i><span class="phpdebugbar-text">2MB</span><span class="phpdebugbar-tooltip">Memory Usage</span></span><span class="phpdebugbar-indicator"><i class="phpdebugbar-fa phpdebugbar-fa-laravel phpdebugbar-fab"></i><span class="phpdebugbar-text">12.x</span><span class="phpdebugbar-tooltip"><dl><dt>Laravel Version</dt><dd>12.40.2</dd><dt>PHP Version</dt><dd>8.4.15</dd><dt>Environment</dt><dd>local</dd><dt>Debug Mode</dt><dd>Enabled</dd><dt>URL</dt><dd>localhost</dd><dt>Timezone</dt><dd>UTC</dd><dt>Locale</dt><dd>en</dd></dl></span></span><span class="phpdebugbar-indicator" style="cursor: pointer;"><i class="phpdebugbar-fa phpdebugbar-fa-share"></i><span class="phpdebugbar-text">GET login</span><span class="phpdebugbar-tooltip"><dl><dt>status</dt><dd>200 OK</dd><dt>full_url</dt><dd>http://127.0.0.1:8000/login</dd><dt>action_name</dt><dd>login</dd><dt>controller_action</dt><dd>Workbench\App\Http\Controllers\AuthController@showLogin</dd></dl></span></span></div></div><div class="phpdebugbar-body" style="height: 300px;"><div class="phpdebugbar-panel" data-collector="__settings"><form class="phpdebugbar-settings"><div class="phpdebugbar-form-row"><div class="phpdebugbar-form-label">Theme</div><div class="phpdebugbar-form-input"><select><option value="auto">Auto (System preference)</option><option value="light">Light</option><option value="dark">Dark</option></select></div></div><div class="phpdebugbar-form-row"><div class="phpdebugbar-form-label">Open Button Position</div><div class="phpdebugbar-form-input"><select><option value="bottomLeft">Bottom Left</option><option value="bottomRight">Bottom Right</option><option value="topLeft">Top Left</option><option value="topRight">Top Right</option></select></div></div><div class="phpdebugbar-form-row"><div class="phpdebugbar-form-label">Hide Empty Tabs</div><div class="phpdebugbar-form-input"><label><input type="checkbox">Hide empty tabs until they have data</label></div></div><div class="phpdebugbar-form-row"><div class="phpdebugbar-form-label">Autoshow</div><div class="phpdebugbar-form-input"><label><input type="checkbox">Automatically show new incoming Ajax requests</label></div></div><div class="phpdebugbar-form-row"><div class="phpdebugbar-form-label">Reset to defaults</div><div class="phpdebugbar-form-input"><button>Reset settings</button></div></div></form></div><div class="phpdebugbar-panel" data-collector="request"><dl class="phpdebugbar-widgets-kvlist phpdebugbar-widgets-htmlvarlist"><dt class="phpdebugbar-widgets-key"><span title="status">status</span></dt><dd class="phpdebugbar-widgets-value">200 OK</dd><dt class="phpdebugbar-widgets-key"><span title="full_url">full_url</span></dt><dd class="phpdebugbar-widgets-value">http://127.0.0.1:8000/login</dd><dt class="phpdebugbar-widgets-key"><span title="action_name">action_name</span></dt><dd class="phpdebugbar-widgets-value">login</dd><dt class="phpdebugbar-widgets-key"><span title="controller_action">controller_action</span></dt><dd class="phpdebugbar-widgets-value">Workbench\App\Http\Controllers\AuthController@showLogin</dd><dt class="phpdebugbar-widgets-key"><span title="uri">uri</span></dt><dd class="phpdebugbar-widgets-value">GET login</dd><dt class="phpdebugbar-widgets-key"><span title="controller">controller</span></dt><dd class="phpdebugbar-widgets-value">Workbench\App\Http\Controllers\AuthController@showLogin<a href="phpstorm://open?file=%2FUsers%2Fvahan%2FHerd%2Flaravel-react-reactions%2Fpackages%2Ftruefans%2Flaravel-react-reactions%2Fworkbench%2Fapp%2FHttp%2FControllers%2FAuthController.php&amp;line=14" class="phpdebugbar-widgets-editor-link"></a></dd><dt class="phpdebugbar-widgets-key"><span title="file">file</span></dt><dd class="phpdebugbar-widgets-value"><a href="phpstorm://open?file=%2FUsers%2Fvahan%2FHerd%2Flaravel-react-reactions%2Fpackages%2Ftruefans%2Flaravel-react-reactions%2Fworkbench%2Fapp%2FHttp%2FControllers%2FAuthController.php&amp;line=14" onclick="" class="phpdebugbar-widgets-editor-link">Users/vahan/Herd/laravel-react-reactions/packages/truefans/laravel-react-reactions/workbench/app/Http/Controllers/AuthController.php:14-17</a></dd><dt class="phpdebugbar-widgets-key"><span title="middleware">middleware</span></dt><dd class="phpdebugbar-widgets-value">web</dd><dt class="phpdebugbar-widgets-key"><span title="duration">duration</span></dt><dd class="phpdebugbar-widgets-value">13.69ms</dd><dt class="phpdebugbar-widgets-key"><span title="peak_memory">peak_memory</span></dt><dd class="phpdebugbar-widgets-value">4MB</dd><dt class="phpdebugbar-widgets-key"><span title="response">response</span></dt><dd class="phpdebugbar-widgets-value">text/html; charset=utf-8</dd><dt class="phpdebugbar-widgets-key"><span title="request_format">request_format</span></dt><dd class="phpdebugbar-widgets-value">html</dd><dt class="phpdebugbar-widgets-key"><span title="request_query">request_query</span></dt><dd class="phpdebugbar-widgets-value"><pre class="sf-dump" id="sf-dump-1656906658" data-indent-pad="  ">[]
</pre><script>Sfdump("sf-dump-1656906658", {"maxDepth":0})</script>
</dd><dt class="phpdebugbar-widgets-key"><span title="request_request">request_request</span></dt><dd class="phpdebugbar-widgets-value"><pre class="sf-dump" id="sf-dump-2132224664" data-indent-pad="  ">[]
</pre><script>Sfdump("sf-dump-2132224664", {"maxDepth":0})</script>
</dd><dt class="phpdebugbar-widgets-key"><span title="request_headers">request_headers</span></dt><dd class="phpdebugbar-widgets-value"><pre class="sf-dump" id="sf-dump-353574276" data-indent-pad="  " tabindex="0"><div class="sf-dump-search-wrapper sf-dump-search-hidden"> <input type="text" class="sf-dump-search-input"> <span class="sf-dump-search-count">0 of 0</span> <button type="button" class="sf-dump-search-input-previous" tabindex="-1"> <svg viewBox="0 0 1792 1792" xmlns="http://www.w3.org/2000/svg"><path d="M1683 1331l-166 165q-19 19-45 19t-45-19L896 965l-531 531q-19 19-45 19t-45-19l-166-165q-19-19-19-45.5t19-45.5l742-741q19-19 45-19t45 19l742 741q19 19 19 45.5t-19 45.5z"></path></svg> </button> <button type="button" class="sf-dump-search-input-next" tabindex="-1"> <svg viewBox="0 0 1792 1792" xmlns="http://www.w3.org/2000/svg"><path d="M1683 808l-742 741q-19 19-45 19t-45-19L109 808q-19-19-19-45.5t19-45.5l166-165q19-19 45-19t45 19l531 531 531-531q19-19 45-19t45 19l166 165q19 19 19 45.5t-19 45.5z"></path></svg> </button> </div><span class="sf-dump-note">array:14</span> [<a class="sf-dump-ref sf-dump-toggle" title="[Cmd+click] Expand all children"><span>▼</span></a><samp data-depth="1" class="sf-dump-expanded">
  "<span class="sf-dump-key">host</span>" =&gt; <span class="sf-dump-note">array:1</span> [<a class="sf-dump-ref sf-dump-toggle" title="[Cmd+click] Expand all children"><span>▶</span></a><samp data-depth="2" class="sf-dump-compact">
    <span class="sf-dump-index">0</span> =&gt; "<span class="sf-dump-str" title="14 characters">127.0.0.1:8000</span>"
  </samp>]
  "<span class="sf-dump-key">connection</span>" =&gt; <span class="sf-dump-note">array:1</span> [<a class="sf-dump-ref sf-dump-toggle" title="[Cmd+click] Expand all children"><span>▶</span></a><samp data-depth="2" class="sf-dump-compact">
    <span class="sf-dump-index">0</span> =&gt; "<span class="sf-dump-str" title="10 characters">keep-alive</span>"
  </samp>]
  "<span class="sf-dump-key">sec-ch-ua</span>" =&gt; <span class="sf-dump-note">array:1</span> [<a class="sf-dump-ref sf-dump-toggle" title="[Cmd+click] Expand all children"><span>▶</span></a><samp data-depth="2" class="sf-dump-compact">
    <span class="sf-dump-index">0</span> =&gt; "<span class="sf-dump-str" title="66 characters">"HeadlessChrome";v="143", "Chromium";v="143", "Not A(Brand";v="24"</span>"
  </samp>]
  "<span class="sf-dump-key">sec-ch-ua-mobile</span>" =&gt; <span class="sf-dump-note">array:1</span> [<a class="sf-dump-ref sf-dump-toggle" title="[Cmd+click] Expand all children"><span>▶</span></a><samp data-depth="2" class="sf-dump-compact">
    <span class="sf-dump-index">0</span> =&gt; "<span class="sf-dump-str" title="2 characters">?0</span>"
  </samp>]
  "<span class="sf-dump-key">sec-ch-ua-platform</span>" =&gt; <span class="sf-dump-note">array:1</span> [<a class="sf-dump-ref sf-dump-toggle" title="[Cmd+click] Expand all children"><span>▶</span></a><samp data-depth="2" class="sf-dump-compact">
    <span class="sf-dump-index">0</span> =&gt; "<span class="sf-dump-str" title="9 characters">"Windows"</span>"
  </samp>]
  "<span class="sf-dump-key">upgrade-insecure-requests</span>" =&gt; <span class="sf-dump-note">array:1</span> [<a class="sf-dump-ref sf-dump-toggle" title="[Cmd+click] Expand all children"><span>▶</span></a><samp data-depth="2" class="sf-dump-compact">
    <span class="sf-dump-index">0</span> =&gt; "<span class="sf-dump-str">1</span>"
  </samp>]
  "<span class="sf-dump-key">user-agent</span>" =&gt; <span class="sf-dump-note">array:1</span> [<a class="sf-dump-ref sf-dump-toggle" title="[Cmd+click] Expand all children"><span>▶</span></a><samp data-depth="2" class="sf-dump-compact">
    <span class="sf-dump-index">0</span> =&gt; "<span class="sf-dump-str" title="114 characters">Mozilla/5.0 (Windows NT 10.0; Win64; x64) AppleWebKit/537.36 (KHTML, like Gecko) Chrome/143.0.7499.4 Safari/537.36</span>"
  </samp>]
  "<span class="sf-dump-key">accept-language</span>" =&gt; <span class="sf-dump-note">array:1</span> [<a class="sf-dump-ref sf-dump-toggle" title="[Cmd+click] Expand all children"><span>▶</span></a><samp data-depth="2" class="sf-dump-compact">
    <span class="sf-dump-index">0</span> =&gt; "<span class="sf-dump-str" title="5 characters">en-US</span>"
  </samp>]
  "<span class="sf-dump-key">accept</span>" =&gt; <span class="sf-dump-note">array:1</span> [<a class="sf-dump-ref sf-dump-toggle" title="[Cmd+click] Expand all children"><span>▶</span></a><samp data-depth="2" class="sf-dump-compact">
    <span class="sf-dump-index">0</span> =&gt; "<span class="sf-dump-str" title="135 characters">text/html,application/xhtml+xml,application/xml;q=0.9,image/avif,image/webp,image/apng,*/*;q=0.8,application/signed-exchange;v=b3;q=0.7</span>"
  </samp>]
  "<span class="sf-dump-key">sec-fetch-site</span>" =&gt; <span class="sf-dump-note">array:1</span> [<a class="sf-dump-ref sf-dump-toggle" title="[Cmd+click] Expand all children"><span>▶</span></a><samp data-depth="2" class="sf-dump-compact">
    <span class="sf-dump-index">0</span> =&gt; "<span class="sf-dump-str" title="4 characters">none</span>"
  </samp>]
  "<span class="sf-dump-key">sec-fetch-mode</span>" =&gt; <span class="sf-dump-note">array:1</span> [<a class="sf-dump-ref sf-dump-toggle" title="[Cmd+click] Expand all children"><span>▶</span></a><samp data-depth="2" class="sf-dump-compact">
    <span class="sf-dump-index">0</span> =&gt; "<span class="sf-dump-str" title="8 characters">navigate</span>"
  </samp>]
  "<span class="sf-dump-key">sec-fetch-user</span>" =&gt; <span class="sf-dump-note">array:1</span> [<a class="sf-dump-ref sf-dump-toggle" title="[Cmd+click] Expand all children"><span>▶</span></a><samp data-depth="2" class="sf-dump-compact">
    <span class="sf-dump-index">0</span> =&gt; "<span class="sf-dump-str" title="2 characters">?1</span>"
  </samp>]
  "<span class="sf-dump-key">sec-fetch-dest</span>" =&gt; <span class="sf-dump-note">array:1</span> [<a class="sf-dump-ref sf-dump-toggle" title="[Cmd+click] Expand all children"><span>▶</span></a><samp data-depth="2" class="sf-dump-compact">
    <span class="sf-dump-index">0</span> =&gt; "<span class="sf-dump-str" title="8 characters">document</span>"
  </samp>]
  "<span class="sf-dump-key">accept-encoding</span>" =&gt; <span class="sf-dump-note">array:1</span> [<a class="sf-dump-ref sf-dump-toggle" title="[Cmd+click] Expand all children"><span>▶</span></a><samp data-depth="2" class="sf-dump-compact">
    <span class="sf-dump-index">0</span> =&gt; "<span class="sf-dump-str" title="23 characters">gzip, deflate, br, zstd</span>"
  </samp>]
</samp>]
</pre><script>Sfdump("sf-dump-353574276", {"maxDepth":0})</script>
</dd><dt class="phpdebugbar-widgets-key"><span title="request_cookies">request_cookies</span></dt><dd class="phpdebugbar-widgets-value"><pre class="sf-dump" id="sf-dump-712614141" data-indent-pad="  ">[]
</pre><script>Sfdump("sf-dump-712614141", {"maxDepth":0})</script>
</dd><dt class="phpdebugbar-widgets-key"><span title="response_headers">response_headers</span></dt><dd class="phpdebugbar-widgets-value"><pre class="sf-dump" id="sf-dump-1948654841" data-indent-pad="  " tabindex="0"><div class="sf-dump-search-wrapper sf-dump-search-hidden"> <input type="text" class="sf-dump-search-input"> <span class="sf-dump-search-count">0 of 0</span> <button type="button" class="sf-dump-search-input-previous" tabindex="-1"> <svg viewBox="0 0 1792 1792" xmlns="http://www.w3.org/2000/svg"><path d="M1683 1331l-166 165q-19 19-45 19t-45-19L896 965l-531 531q-19 19-45 19t-45-19l-166-165q-19-19-19-45.5t19-45.5l742-741q19-19 45-19t45 19l742 741q19 19 19 45.5t-19 45.5z"></path></svg> </button> <button type="button" class="sf-dump-search-input-next" tabindex="-1"> <svg viewBox="0 0 1792 1792" xmlns="http://www.w3.org/2000/svg"><path d="M1683 808l-742 741q-19 19-45 19t-45-19L109 808q-19-19-19-45.5t19-45.5l166-165q19-19 45-19t45 19l531 531 531-531q19-19 45-19t45 19l166 165q19 19 19 45.5t-19 45.5z"></path></svg> </button> </div><span class="sf-dump-note">array:3</span> [<a class="sf-dump-ref sf-dump-toggle" title="[Cmd+click] Expand all children"><span>▼</span></a><samp data-depth="1" class="sf-dump-expanded">
  "<span class="sf-dump-key">cache-control</span>" =&gt; <span class="sf-dump-note">array:1</span> [<a class="sf-dump-ref sf-dump-toggle" title="[Cmd+click] Expand all children"><span>▶</span></a><samp data-depth="2" class="sf-dump-compact">
    <span class="sf-dump-index">0</span> =&gt; "<span class="sf-dump-str" title="17 characters">no-cache, private</span>"
  </samp>]
  "<span class="sf-dump-key">date</span>" =&gt; <span class="sf-dump-note">array:1</span> [<a class="sf-dump-ref sf-dump-toggle" title="[Cmd+click] Expand all children"><span>▶</span></a><samp data-depth="2" class="sf-dump-compact">
    <span class="sf-dump-index">0</span> =&gt; "<span class="sf-dump-str" title="29 characters">Sun, 30 Nov 2025 15:57:54 GMT</span>"
  </samp>]
  "<span class="sf-dump-key">content-type</span>" =&gt; <span class="sf-dump-note">array:1</span> [<a class="sf-dump-ref sf-dump-toggle" title="[Cmd+click] Expand all children"><span>▶</span></a><samp data-depth="2" class="sf-dump-compact">
    <span class="sf-dump-index">0</span> =&gt; "<span class="sf-dump-str" title="24 characters">text/html; charset=utf-8</span>"
  </samp>]
</samp>]
</pre><script>Sfdump("sf-dump-1948654841", {"maxDepth":0})</script>
</dd><dt class="phpdebugbar-widgets-key"><span title="session_attributes">session_attributes</span></dt><dd class="phpdebugbar-widgets-value"><pre class="sf-dump" id="sf-dump-355795302" data-indent-pad="  " tabindex="0"><div class="sf-dump-search-wrapper sf-dump-search-hidden"> <input type="text" class="sf-dump-search-input"> <span class="sf-dump-search-count">0 of 0</span> <button type="button" class="sf-dump-search-input-previous" tabindex="-1"> <svg viewBox="0 0 1792 1792" xmlns="http://www.w3.org/2000/svg"><path d="M1683 1331l-166 165q-19 19-45 19t-45-19L896 965l-531 531q-19 19-45 19t-45-19l-166-165q-19-19-19-45.5t19-45.5l742-741q19-19 45-19t45 19l742 741q19 19 19 45.5t-19 45.5z"></path></svg> </button> <button type="button" class="sf-dump-search-input-next" tabindex="-1"> <svg viewBox="0 0 1792 1792" xmlns="http://www.w3.org/2000/svg"><path d="M1683 808l-742 741q-19 19-45 19t-45-19L109 808q-19-19-19-45.5t19-45.5l166-165q19-19 45-19t45 19l531 531 531-531q19-19 45-19t45 19l166 165q19 19 19 45.5t-19 45.5z"></path></svg> </button> </div><span class="sf-dump-note">array:1</span> [<a class="sf-dump-ref sf-dump-toggle" title="[Cmd+click] Expand all children"><span>▼</span></a><samp data-depth="1" class="sf-dump-expanded">
  "<span class="sf-dump-key">_token</span>" =&gt; "<span class="sf-dump-str" title="40 characters">4y0avpSITucfwGq1VcuSyxqnzRkpQHhRrba79ffT</span>"
</samp>]
</pre><script>Sfdump("sf-dump-355795302", {"maxDepth":0})</script>
</dd></dl></div><div class="phpdebugbar-panel" data-collector="messages"><div class="phpdebugbar-widgets-messages"><ul class="phpdebugbar-widgets-list"></ul><div class="phpdebugbar-widgets-toolbar"><i class="phpdebugbar-fa phpdebugbar-fa-search"></i><input type="text" name="search" aria-label="Search" placeholder="Search"><a class="phpdebugbar-widgets-filter" style="visibility: hidden;"></a></div></div></div><div class="phpdebugbar-panel" data-collector="timeline"><ul class="phpdebugbar-widgets-timeline"><li><div class="phpdebugbar-widgets-measure"><span class="phpdebugbar-widgets-value" style="left: 0%; width: 69.93%;"></span><span class="phpdebugbar-widgets-label">Booting (9.62ms)</span><span class="phpdebugbar-widgets-collector">time</span></div></li><li><div class="phpdebugbar-widgets-measure"><span class="phpdebugbar-widgets-value" style="left: 70%; width: 30%;"></span><span class="phpdebugbar-widgets-label">Application (4.13ms)</span><span class="phpdebugbar-widgets-collector">time</span></div></li><li><div class="phpdebugbar-widgets-measure"><span class="phpdebugbar-widgets-value" style="left: 77.44%; width: 1.92%;"></span><span class="phpdebugbar-widgets-label">Routing (264μs)</span></div></li><li><div class="phpdebugbar-widgets-measure"><span class="phpdebugbar-widgets-value" style="left: 83.74%; width: 15.23%;"></span><span class="phpdebugbar-widgets-label">Preparing Response (2.1ms)</span></div></li><li><div class="phpdebugbar-widgets-measure"><span class="phpdebugbar-widgets-value" style="left: 89.08%; width: 0%;"></span><span class="phpdebugbar-widgets-label">View: Auth/Login</span><span class="phpdebugbar-widgets-collector">views</span></div></li><li><table class="phpdebugbar-widgets-params"><tr><td class="phpdebugbar-widgets-name">1 x Booting (69.93%)</td><td class="phpdebugbar-widgets-value"><div class="phpdebugbar-widgets-measure"><span class="phpdebugbar-widgets-value" style="width: 69.93%;"></span><span class="phpdebugbar-widgets-label">9.62ms</span></div></td></tr><tr><td class="phpdebugbar-widgets-name">1 x Application (30%)</td><td class="phpdebugbar-widgets-value"><div class="phpdebugbar-widgets-measure"><span class="phpdebugbar-widgets-value" style="width: 30%;"></span><span class="phpdebugbar-widgets-label">4.13ms</span></div></td></tr><tr><td class="phpdebugbar-widgets-name">1 x Preparing Response (15.23%)</td><td class="phpdebugbar-widgets-value"><div class="phpdebugbar-widgets-measure"><span class="phpdebugbar-widgets-value" style="width: 15.23%;"></span><span class="phpdebugbar-widgets-label">2.10ms</span></div></td></tr><tr><td class="phpdebugbar-widgets-name">1 x Routing (1.92%)</td><td class="phpdebugbar-widgets-value"><div class="phpdebugbar-widgets-measure"><span class="phpdebugbar-widgets-value" style="width: 1.92%;"></span><span class="phpdebugbar-widgets-label">264μs</span></div></td></tr><tr><td class="phpdebugbar-widgets-name">1 x View (0%)</td><td class="phpdebugbar-widgets-value"><div class="phpdebugbar-widgets-measure"><span class="phpdebugbar-widgets-value" style="width: 0%;"></span><span class="phpdebugbar-widgets-label">0μs</span></div></td></tr></table></li></ul></div><div class="phpdebugbar-panel" data-collector="exceptions"><div class="phpdebugbar-widgets-exceptions"><ul class="phpdebugbar-widgets-list"></ul></div></div><div class="phpdebugbar-panel" data-collector="views"><div class="phpdebugbar-widgets-templates"><div class="phpdebugbar-widgets-status"><span>1 templates were rendered</span></div><ul class="phpdebugbar-widgets-list"><li class="phpdebugbar-widgets-list-item"><span class="phpdebugbar-widgets-name">Auth/Login</span><span class="phpdebugbar-widgets-filename">app.blade.php#?<a href="phpstorm://open?file=%2FUsers%2Fvahan%2FHerd%2Flaravel-react-reactions%2Fpackages%2Ftruefans%2Flaravel-react-reactions%2Fworkbench%2Fresources%2Fviews%2Fapp.blade.php&amp;line=1" class="phpdebugbar-widgets-editor-link"></a></span><span title="Parameter count" class="phpdebugbar-widgets-param-count"></span><span title="Type" class="phpdebugbar-widgets-type">blade</span></li></ul><div class="phpdebugbar-widgets-callgraph"></div></div></div><div class="phpdebugbar-panel" data-collector="queries"><div class="phpdebugbar-widgets-sqlqueries"><div class="phpdebugbar-widgets-status"><span>0 statements were executed</span><span title="Accumulated duration" class="phpdebugbar-widgets-duration">0μs</span></div><ul class="phpdebugbar-widgets-list"></ul></div></div><div class="phpdebugbar-panel" data-collector="models"><div class="phpdebugbar-widgets-tablevarlist"><table class="phpdebugbar-widgets-tablevar"><tr class="phpdebugbar-widgets-header"><td></td><td>Retrieved</td><td>Created</td><td>Updated</td><td>Deleted</td></tr></table></div></div><div class="phpdebugbar-panel" data-collector="emails"><div class="phpdebugbar-widgets-mails"><ul class="phpdebugbar-widgets-list"></ul></div></div><div class="phpdebugbar-panel" data-collector="gate"><div class="phpdebugbar-widgets-messages"><ul class="phpdebugbar-widgets-list"></ul><div class="phpdebugbar-widgets-toolbar"><i class="phpdebugbar-fa phpdebugbar-fa-search"></i><input type="text" name="search" aria-label="Search" placeholder="Search"><a class="phpdebugbar-widgets-filter" style="visibility: hidden;"></a></div></div></div><div class="phpdebugbar-panel" data-collector="__datasets"><div class="phpdebugbar-widgets-dataset-history"><div class="phpdebugbar-widgets-dataset-actions"><label>Autoshow<input type="checkbox"></label><a>Clear</a><a>Show all</a><select name="method" style="width:100px"><option>(method)</option><option>GET</option><option>POST</option><option>PUT</option><option>DELETE</option></select><input type="text" name="search" aria-label="Search" placeholder="Search"></div><table><thead><tr><th style="width: 30px;"></th><th style="width: 175px;">Date ↕</th><th style="width: 80px;">Method</th><th>URL</th><th width="40%">Data</th></tr></thead><tbody><tr data-id="01KBAQR9BP8Z7NGSPWPRD22J47" class="phpdebugbar-widgets-table-row phpdebugbar-widgets-active" style="cursor: pointer;"><td>#1</td><td>2025-11-30 15:57:54</td><td>GET</td><td>/login</td><td><a title="Views"><i class="phpdebugbar-fa phpdebugbar-fa-leaf"></i><span class="phpdebugbar-badge" style="display: inline-block;">1</span></a></td></tr></tbody></table></div></div></div><a class="phpdebugbar-restore-btn" style="display: none;"></a></div><div class="phpdebugbar-openhandler" data-theme="light" style="display: none;"><div class="phpdebugbar-openhandler-header">PHP DebugBar | Open<a><i class="phpdebugbar-fa phpdebugbar-fa-times"></i></a></div><table><thead><tr><th width="155">Date</th><th width="75">Method</th><th>URL</th><th width="125">IP</th><th width="100">Filter data</th></tr></thead><tbody></tbody></table><div class="phpdebugbar-openhandler-actions"><a>Load more</a><a>Show only current URL</a><a>Show all</a><a>Delete all</a><form><br><b>Filter results</b><br><select name="method"><option selected="">(Method)</option><option>GET</option><option>POST</option><option>PUT</option><option>DELETE</option></select><input type="text" name="uri" placeholder="URI"><input type="text" name="ip" placeholder="IP"><button type="submit">Search</button></form></div></div><div class="phpdebugbar-openhandler-overlay" style="display: none;"></div>


<div id="nprogress" style="transition: none; opacity: 1;"><div class="bar" role="bar" style="transform: translate3d(0%, 0px, 0px); transition: 200ms linear;"><div class="peg"></div></div></div></body></html>

[1A[2K  14) [chromium] › tests/Browser/reactions-modal.spec.js:88:5 › ReactionsModal › closes modal when clicking outside 

    Error: [2mexpect([22m[31mlocator[39m[2m).[22mtoBeVisible[2m([22m[2m)[22m failed

    Locator: locator('[role="dialog"]')
    Expected: visible
    Timeout: 5000ms
    Error: element(s) not found

    Call log:
    [2m  - Expect "toBeVisible" with timeout 5000ms[22m
    [2m  - waiting for locator('[role="dialog"]')[22m


      93 |         // Open modal
      94 |         await page.click('[data-testid="reaction-count-like"]');
    > 95 |         await expect(page.locator('[role="dialog"]')).toBeVisible();
         |                                                       ^
      96 |         
      97 |         // Click outside (on overlay)
      98 |         await page.click('[data-testid="modal-overlay"]');
        at /Users/vahan/Herd/laravel-react-reactions/packages/truefans/laravel-react-reactions/tests/Browser/reactions-modal.spec.js:95:55

    attachment #1: screenshot (image/png) ──────────────────────────────────────────────────────────
    test-results/reactions-modal-ReactionsM-107e4-modal-when-clicking-outside-chromium/test-failed-1.png
    ────────────────────────────────────────────────────────────────────────────────────────────────

    Error Context: test-results/reactions-modal-ReactionsM-107e4-modal-when-clicking-outside-chromium/error-context.md


[1A[2K  15) [chromium] › tests/Browser/reactions.spec.js:23:5 › Reactions Component › should display the Like button 

    Error: [2mexpect([22m[31mlocator[39m[2m).[22mtoBeVisible[2m([22m[2m)[22m failed

    Locator: getByRole('button', { name: /like/i })
    Expected: visible
    Error: strict mode violation: getByRole('button', { name: /like/i }) resolved to 74 elements:
        1) <button type="button" id="radix-_r_0_" data-state="closed" aria-haspopup="menu" aria-expanded="false" data-testid="reaction-button-like" class="↵                            group inline-flex items-center gap-1.5 px-3 py-1.5 rounded-md font-medium text-sm transition-all duration-200↵                            bg-white text-gray-700 hover:bg-gray-50 border border-gray-300↵                            cursor-pointer hover:scale-105↵                        ">…</button> aka locator('#radix-_r_0_')
        2) <button type="button" id="radix-_r_4_" data-state="closed" aria-haspopup="menu" aria-expanded="false" data-testid="reaction-button-like" class="↵                            group inline-flex items-center gap-1.5 px-3 py-1.5 rounded-md font-medium text-sm transition-all duration-200↵                            bg-white text-gray-700 hover:bg-gray-50 border border-gray-300↵                            cursor-pointer hover:scale-105↵                        ">…</button> aka locator('#radix-_r_4_')
        3) <button type="button" id="radix-_r_b_" data-state="closed" aria-haspopup="menu" aria-expanded="false" data-testid="reaction-button-like" class="↵                            group inline-flex items-center gap-1.5 px-3 py-1.5 rounded-md font-medium text-sm transition-all duration-200↵                            bg-white text-gray-700 hover:bg-gray-50 border border-gray-300↵                            cursor-pointer hover:scale-105↵                        ">…</button> aka locator('#radix-_r_b_')
        4) <button type="button" id="radix-_r_f_" data-state="closed" aria-haspopup="menu" aria-expanded="false" data-testid="reaction-button-like" class="↵                            group inline-flex items-center gap-1.5 px-3 py-1.5 rounded-md font-medium text-sm transition-all duration-200↵                            bg-white text-gray-700 hover:bg-gray-50 border border-gray-300↵                            cursor-pointer hover:scale-105↵                        ">…</button> aka locator('#radix-_r_f_')
        5) <button type="button" id="radix-_r_p_" data-state="closed" aria-haspopup="menu" aria-expanded="false" data-testid="reaction-button-like" class="↵                            group inline-flex items-center gap-1.5 px-3 py-1.5 rounded-md font-medium text-sm transition-all duration-200↵                            bg-white text-gray-700 hover:bg-gray-50 border border-gray-300↵                            cursor-pointer hover:scale-105↵                        ">…</button> aka locator('#radix-_r_p_')
        6) <button type="button" id="radix-_r_t_" data-state="closed" aria-haspopup="menu" aria-expanded="false" data-testid="reaction-button-like" class="↵                            group inline-flex items-center gap-1.5 px-3 py-1.5 rounded-md font-medium text-sm transition-all duration-200↵                            bg-white text-gray-700 hover:bg-gray-50 border border-gray-300↵                            cursor-pointer hover:scale-105↵                        ">…</button> aka locator('#radix-_r_t_')
        7) <button type="button" id="radix-_r_17_" data-state="closed" aria-haspopup="menu" aria-expanded="false" data-testid="reaction-button-like" class="↵                            group inline-flex items-center gap-1.5 px-3 py-1.5 rounded-md font-medium text-sm transition-all duration-200↵                            bg-white text-gray-700 hover:bg-gray-50 border border-gray-300↵                            cursor-pointer hover:scale-105↵                        ">…</button> aka locator('#radix-_r_17_')
        8) <button type="button" id="radix-_r_1b_" data-state="closed" aria-haspopup="menu" aria-expanded="false" data-testid="reaction-button-like" class="↵                            group inline-flex items-center gap-1.5 px-3 py-1.5 rounded-md font-medium text-sm transition-all duration-200↵                            bg-white text-gray-700 hover:bg-gray-50 border border-gray-300↵                            cursor-pointer hover:scale-105↵                        ">…</button> aka locator('#radix-_r_1b_')
        9) <button type="button" id="radix-_r_1i_" data-state="closed" aria-haspopup="menu" aria-expanded="false" data-testid="reaction-button-like" class="↵                            group inline-flex items-center gap-1.5 px-3 py-1.5 rounded-md font-medium text-sm transition-all duration-200↵                            bg-white text-gray-700 hover:bg-gray-50 border border-gray-300↵                            cursor-pointer hover:scale-105↵                        ">…</button> aka locator('#radix-_r_1i_')
        10) <button type="button" id="radix-_r_1s_" data-state="closed" aria-haspopup="menu" aria-expanded="false" data-testid="reaction-button-like" class="↵                            group inline-flex items-center gap-1.5 px-3 py-1.5 rounded-md font-medium text-sm transition-all duration-200↵                            bg-white text-gray-700 hover:bg-gray-50 border border-gray-300↵                            cursor-pointer hover:scale-105↵                        ">…</button> aka locator('#radix-_r_1s_')
        ...

    Call log:
    [2m  - Expect "toBeVisible" with timeout 5000ms[22m
    [2m  - waiting for getByRole('button', { name: /like/i })[22m


      23 |     test('should display the Like button', async ({ page }) => {
      24 |         const likeButton = page.getByRole('button', { name: /like/i });
    > 25 |         await expect(likeButton).toBeVisible();
         |                                  ^
      26 |         
      27 |         // Take screenshot
      28 |         await expect(page).toHaveScreenshot('initial-state.png');
        at /Users/vahan/Herd/laravel-react-reactions/packages/truefans/laravel-react-reactions/tests/Browser/reactions.spec.js:25:34

    attachment #1: screenshot (image/png) ──────────────────────────────────────────────────────────
    test-results/reactions-Reactions-Component-should-display-the-Like-button-chromium/test-failed-1.png
    ────────────────────────────────────────────────────────────────────────────────────────────────

    Error Context: test-results/reactions-Reactions-Component-should-display-the-Like-button-chromium/error-context.md


[1A[2K  16) [chromium] › tests/Browser/reactions-modal.spec.js:74:5 › ReactionsModal › closes modal when clicking close button 

    Error: [2mexpect([22m[31mlocator[39m[2m).[22mtoBeVisible[2m([22m[2m)[22m failed

    Locator: locator('[role="dialog"]')
    Expected: visible
    Timeout: 5000ms
    Error: element(s) not found

    Call log:
    [2m  - Expect "toBeVisible" with timeout 5000ms[22m
    [2m  - waiting for locator('[role="dialog"]')[22m


      79 |         // Open modal
      80 |         await page.click('[data-testid="reaction-count-like"]');
    > 81 |         await expect(page.locator('[role="dialog"]')).toBeVisible();
         |                                                       ^
      82 |         
      83 |         // Close modal
      84 |         await page.click('[data-testid="close-modal"]');
        at /Users/vahan/Herd/laravel-react-reactions/packages/truefans/laravel-react-reactions/tests/Browser/reactions-modal.spec.js:81:55

    attachment #1: screenshot (image/png) ──────────────────────────────────────────────────────────
    test-results/reactions-modal-ReactionsM-65f1e--when-clicking-close-button-chromium/test-failed-1.png
    ────────────────────────────────────────────────────────────────────────────────────────────────

    Error Context: test-results/reactions-modal-ReactionsM-65f1e--when-clicking-close-button-chromium/error-context.md


[1A[2K[25/40] [chromium] › tests/Browser/reactions.spec.js:50:5 › Reactions Component › should add a reaction when clicked
[1A[2K  17) [chromium] › tests/Browser/integration.spec.js:29:5 › Reactions and Comments Integration › comment reactions update independently from post reactions 

    [31mTest timeout of 30000ms exceeded.[39m

    Error: page.fill: Test timeout of 30000ms exceeded.
    Call log:
    [2m  - waiting for locator('[data-testid="comment-input"]')[22m


      33 |         
      34 |         // Add comment
    > 35 |         await page.fill('[data-testid="comment-input"]', 'Test comment');
         |                    ^
      36 |         await page.click('[data-testid="submit-comment"]');
      37 |         await page.waitForTimeout(500);
      38 |         
        at /Users/vahan/Herd/laravel-react-reactions/packages/truefans/laravel-react-reactions/tests/Browser/integration.spec.js:35:20

    attachment #1: screenshot (image/png) ──────────────────────────────────────────────────────────
    test-results/integration-Reactions-and--3ad75-ndently-from-post-reactions-chromium/test-failed-1.png
    ────────────────────────────────────────────────────────────────────────────────────────────────

    Error Context: test-results/integration-Reactions-and--3ad75-ndently-from-post-reactions-chromium/error-context.md


[1A[2K[chromium] › tests/Browser/reactions.spec.js:50:5 › Reactions Component › should add a reaction when clicked
BROWSER LOG: [vite] connecting...

[1A[2K  18) [chromium] › tests/Browser/reactions.spec.js:31:5 › Reactions Component › should show reaction picker on hover 

    Error: locator.hover: Error: strict mode violation: getByRole('button', { name: /like/i }) resolved to 74 elements:
        1) <button type="button" id="radix-_r_0_" data-state="closed" aria-haspopup="menu" aria-expanded="false" data-testid="reaction-button-like" class="↵                            group inline-flex items-center gap-1.5 px-3 py-1.5 rounded-md font-medium text-sm transition-all duration-200↵                            bg-white text-gray-700 hover:bg-gray-50 border border-gray-300↵                            cursor-pointer hover:scale-105↵                        ">…</button> aka locator('#radix-_r_0_')
        2) <button type="button" id="radix-_r_4_" data-state="closed" aria-haspopup="menu" aria-expanded="false" data-testid="reaction-button-like" class="↵                            group inline-flex items-center gap-1.5 px-3 py-1.5 rounded-md font-medium text-sm transition-all duration-200↵                            bg-white text-gray-700 hover:bg-gray-50 border border-gray-300↵                            cursor-pointer hover:scale-105↵                        ">…</button> aka locator('#radix-_r_4_')
        3) <button type="button" id="radix-_r_b_" data-state="closed" aria-haspopup="menu" aria-expanded="false" data-testid="reaction-button-like" class="↵                            group inline-flex items-center gap-1.5 px-3 py-1.5 rounded-md font-medium text-sm transition-all duration-200↵                            bg-white text-gray-700 hover:bg-gray-50 border border-gray-300↵                            cursor-pointer hover:scale-105↵                        ">…</button> aka locator('#radix-_r_b_')
        4) <button type="button" id="radix-_r_f_" data-state="closed" aria-haspopup="menu" aria-expanded="false" data-testid="reaction-button-like" class="↵                            group inline-flex items-center gap-1.5 px-3 py-1.5 rounded-md font-medium text-sm transition-all duration-200↵                            bg-white text-gray-700 hover:bg-gray-50 border border-gray-300↵                            cursor-pointer hover:scale-105↵                        ">…</button> aka locator('#radix-_r_f_')
        5) <button type="button" id="radix-_r_p_" data-state="closed" aria-haspopup="menu" aria-expanded="false" data-testid="reaction-button-like" class="↵                            group inline-flex items-center gap-1.5 px-3 py-1.5 rounded-md font-medium text-sm transition-all duration-200↵                            bg-white text-gray-700 hover:bg-gray-50 border border-gray-300↵                            cursor-pointer hover:scale-105↵                        ">…</button> aka locator('#radix-_r_p_')
        6) <button type="button" id="radix-_r_t_" data-state="closed" aria-haspopup="menu" aria-expanded="false" data-testid="reaction-button-like" class="↵                            group inline-flex items-center gap-1.5 px-3 py-1.5 rounded-md font-medium text-sm transition-all duration-200↵                            bg-white text-gray-700 hover:bg-gray-50 border border-gray-300↵                            cursor-pointer hover:scale-105↵                        ">…</button> aka locator('#radix-_r_t_')
        7) <button type="button" id="radix-_r_17_" data-state="closed" aria-haspopup="menu" aria-expanded="false" data-testid="reaction-button-like" class="↵                            group inline-flex items-center gap-1.5 px-3 py-1.5 rounded-md font-medium text-sm transition-all duration-200↵                            bg-white text-gray-700 hover:bg-gray-50 border border-gray-300↵                            cursor-pointer hover:scale-105↵                        ">…</button> aka locator('#radix-_r_17_')
        8) <button type="button" id="radix-_r_1b_" data-state="closed" aria-haspopup="menu" aria-expanded="false" data-testid="reaction-button-like" class="↵                            group inline-flex items-center gap-1.5 px-3 py-1.5 rounded-md font-medium text-sm transition-all duration-200↵                            bg-white text-gray-700 hover:bg-gray-50 border border-gray-300↵                            cursor-pointer hover:scale-105↵                        ">…</button> aka locator('#radix-_r_1b_')
        9) <button type="button" id="radix-_r_1i_" data-state="closed" aria-haspopup="menu" aria-expanded="false" data-testid="reaction-button-like" class="↵                            group inline-flex items-center gap-1.5 px-3 py-1.5 rounded-md font-medium text-sm transition-all duration-200↵                            bg-white text-gray-700 hover:bg-gray-50 border border-gray-300↵                            cursor-pointer hover:scale-105↵                        ">…</button> aka locator('#radix-_r_1i_')
        10) <button type="button" id="radix-_r_1s_" data-state="closed" aria-haspopup="menu" aria-expanded="false" data-testid="reaction-button-like" class="↵                            group inline-flex items-center gap-1.5 px-3 py-1.5 rounded-md font-medium text-sm transition-all duration-200↵                            bg-white text-gray-700 hover:bg-gray-50 border border-gray-300↵                            cursor-pointer hover:scale-105↵                        ">…</button> aka locator('#radix-_r_1s_')
        ...

    Call log:
    [2m  - waiting for getByRole('button', { name: /like/i })[22m


      33 |         
      34 |         // Hover over the Like button
    > 35 |         await likeButton.hover();
         |                          ^
      36 |         
      37 |         // Wait for picker to appear (300ms delay + animation)
      38 |         await page.waitForTimeout(500);
        at /Users/vahan/Herd/laravel-react-reactions/packages/truefans/laravel-react-reactions/tests/Browser/reactions.spec.js:35:26

    attachment #1: screenshot (image/png) ──────────────────────────────────────────────────────────
    test-results/reactions-Reactions-Compon-d1355-ow-reaction-picker-on-hover-chromium/test-failed-1.png
    ────────────────────────────────────────────────────────────────────────────────────────────────

    Error Context: test-results/reactions-Reactions-Compon-d1355-ow-reaction-picker-on-hover-chromium/error-context.md


[1A[2KBROWSER LOG: %cDownload the React DevTools for a better development experience: https://react.dev/link/react-devtools font-weight:bold

[1A[2KBROWSER LOG: [vite] connected.

[1A[2K[26/40] [chromium] › tests/Browser/reactions.spec.js:66:5 › Reactions Component › should change reaction type
[1A[2K[27/40] [chromium] › tests/Browser/reactions.spec.js:86:5 › Reactions Component › should remove reaction when clicking same type
[1A[2K[28/40] [chromium] › tests/Browser/reactions.spec.js:104:5 › Reactions Component › should display reaction counts
[1A[2K[29/40] [chromium] › tests/Browser/toast-notifications.spec.js:16:5 › Toast Notifications › shows success toast when adding reaction
[1A[2K[30/40] [chromium] › tests/Browser/reactions.spec.js:119:5 › Reactions Component › should persist reaction after page reload
[1A[2K[chromium] › tests/Browser/reactions.spec.js:86:5 › Reactions Component › should remove reaction when clicking same type
BROWSER LOG: [vite] connecting...

[1A[2KBROWSER LOG: %cDownload the React DevTools for a better development experience: https://react.dev/link/react-devtools font-weight:bold

[1A[2K[chromium] › tests/Browser/reactions.spec.js:66:5 › Reactions Component › should change reaction type
BROWSER LOG: [vite] connecting...

[1A[2K[chromium] › tests/Browser/reactions.spec.js:86:5 › Reactions Component › should remove reaction when clicking same type
BROWSER LOG: [vite] connected.

[1A[2K[chromium] › tests/Browser/reactions.spec.js:66:5 › Reactions Component › should change reaction type
BROWSER LOG: %cDownload the React DevTools for a better development experience: https://react.dev/link/react-devtools font-weight:bold

[1A[2K[chromium] › tests/Browser/reactions.spec.js:104:5 › Reactions Component › should display reaction counts
BROWSER LOG: [vite] connecting...

[1A[2K[chromium] › tests/Browser/reactions.spec.js:50:5 › Reactions Component › should add a reaction when clicked
BROWSER LOG: Comments initialized: {initialCount: 5, totalComments: 36, hasMore: true}

[1A[2KBROWSER LOG: Comments initialized: {initialCount: 3, totalComments: 3, hasMore: false}

[1A[2KBROWSER LOG: Comments initialized: {initialCount: 2, totalComments: 2, hasMore: false}

[1A[2KBROWSER LOG: Comments initialized: {initialCount: 5, totalComments: 5, hasMore: false}

[1A[2KBROWSER LOG: Comments initialized: {initialCount: 3, totalComments: 3, hasMore: false}

[1A[2KBROWSER LOG: Comments initialized: {initialCount: 4, totalComments: 4, hasMore: false}

[1A[2KBROWSER LOG: Comments initialized: {initialCount: 5, totalComments: 5, hasMore: false}

[1A[2KBROWSER LOG: Comments initialized: {initialCount: 2, totalComments: 2, hasMore: false}

[1A[2KBROWSER LOG: Comments initialized: {initialCount: 5, totalComments: 5, hasMore: false}

[1A[2KBROWSER LOG: Comments initialized: {initialCount: 5, totalComments: 5, hasMore: false}

[1A[2K[chromium] › tests/Browser/reactions.spec.js:66:5 › Reactions Component › should change reaction type
BROWSER LOG: [vite] connected.

[1A[2K[chromium] › tests/Browser/reactions.spec.js:50:5 › Reactions Component › should add a reaction when clicked
BROWSER LOG: All props: {posts: Array(10), flash: Object, errors: Array(0)}

[1A[2KBROWSER LOG: Flash: {success: null} Errors: []

[1A[2K[chromium] › tests/Browser/reactions.spec.js:104:5 › Reactions Component › should display reaction counts
BROWSER LOG: %cDownload the React DevTools for a better development experience: https://react.dev/link/react-devtools font-weight:bold

[1A[2KBROWSER LOG: [vite] connected.

[1A[2K[31/40] [chromium] › tests/Browser/reactions.spec.js:138:5 › Reactions Component › should handle multiple reaction types
[1A[2K[chromium] › tests/Browser/reactions.spec.js:50:5 › Reactions Component › should add a reaction when clicked
PAGE CONTENT: <!DOCTYPE html><html lang="en" class="sf-js-enabled nprogress-busy"><head>
    <meta charset="utf-8">
    <meta name="viewport" content="width=device-width, initial-scale=1">
    <meta name="csrf-token" content="qBcoi1eX9v2fp7kF3uxFhbCWOKrHLV01D2Z4kyzr">

    <title inertia="">Login - Laravel</title>

    <script type="module">
    import RefreshRuntime from 'http://localhost:5174/@react-refresh'
    RefreshRuntime.injectIntoGlobalHook(window)
    window.$RefreshReg$ = () => {}
    window.$RefreshSig$ = () => (type) => type
    window.__vite_plugin_react_preamble_installed__ = true
</script>    <script type="module" src="http://localhost:5174/@vite/client"></script><link rel="stylesheet" href="http://localhost:5174/workbench/resources/css/app.css"><script type="module" src="http://localhost:5174/workbench/resources/js/app.jsx"></script>    <link rel="stylesheet" type="text/css" property="stylesheet" href="/_debugbar/assets/stylesheets?v=1763541085" data-turbolinks-eval="false" data-turbo-eval="false"><script src="/_debugbar/assets/javascript?v=1763541085" data-turbolinks-eval="false" data-turbo-eval="false"></script><script data-turbo-eval="false">jQuery.noConflict(true);</script>
<script> Sfdump = window.Sfdump || (function (doc) { doc.documentElement.classList.add('sf-js-enabled'); var rxEsc = /([.*+?^${}()|\[\]\/\\])/g, idRx = /\bsf-dump-\d+-ref[012]\w+\b/, keyHint = 0 <= navigator.platform.toUpperCase().indexOf('MAC') ? 'Cmd' : 'Ctrl', addEventListener = function (e, n, cb) { e.addEventListener(n, cb, false); }; if (!doc.addEventListener) { addEventListener = function (element, eventName, callback) { element.attachEvent('on' + eventName, function (e) { e.preventDefault = function () {e.returnValue = false;}; e.target = e.srcElement; callback(e); }); }; } function toggle(a, recursive) { var s = a.nextSibling || {}, oldClass = s.className, arrow, newClass; if (/\bsf-dump-compact\b/.test(oldClass)) { arrow = '▼'; newClass = 'sf-dump-expanded'; } else if (/\bsf-dump-expanded\b/.test(oldClass)) { arrow = '▶'; newClass = 'sf-dump-compact'; } else { return false; } if (doc.createEvent && s.dispatchEvent) { var event = doc.createEvent('Event'); event.initEvent('sf-dump-expanded' === newClass ? 'sfbeforedumpexpand' : 'sfbeforedumpcollapse', true, false); s.dispatchEvent(event); } a.lastChild.innerHTML = arrow; s.className = s.className.replace(/\bsf-dump-(compact|expanded)\b/, newClass); if (recursive) { try { a = s.querySelectorAll('.'+oldClass); for (s = 0; s < a.length; ++s) { if (-1 == a[s].className.indexOf(newClass)) { a[s].className = newClass; a[s].previousSibling.lastChild.innerHTML = arrow; } } } catch (e) { } } return true; }; function collapse(a, recursive) { var s = a.nextSibling || {}, oldClass = s.className; if (/\bsf-dump-expanded\b/.test(oldClass)) { toggle(a, recursive); return true; } return false; }; function expand(a, recursive) { var s = a.nextSibling || {}, oldClass = s.className; if (/\bsf-dump-compact\b/.test(oldClass)) { toggle(a, recursive); return true; } return false; }; function collapseAll(root) { var a = root.querySelector('a.sf-dump-toggle'); if (a) { collapse(a, true); expand(a); return true; } return false; } function reveal(node) { var previous, parents = []; while ((node = node.parentNode || {}) && (previous = node.previousSibling) && 'A' === previous.tagName) { parents.push(previous); } if (0 !== parents.length) { parents.forEach(function (parent) { expand(parent); }); return true; } return false; } function highlight(root, activeNode, nodes) { resetHighlightedNodes(root); Array.from(nodes||[]).forEach(function (node) { if (!/\bsf-dump-highlight\b/.test(node.className)) { node.className = node.className + ' sf-dump-highlight'; } }); if (!/\bsf-dump-highlight-active\b/.test(activeNode.className)) { activeNode.className = activeNode.className + ' sf-dump-highlight-active'; } } function resetHighlightedNodes(root) { Array.from(root.querySelectorAll('.sf-dump-str, .sf-dump-key, .sf-dump-public, .sf-dump-protected, .sf-dump-private')).forEach(function (strNode) { strNode.className = strNode.className.replace(/\bsf-dump-highlight\b/, ''); strNode.className = strNode.className.replace(/\bsf-dump-highlight-active\b/, ''); }); } return function (root, x) { root = doc.getElementById(root); var indentRx = new RegExp('^('+(root.getAttribute('data-indent-pad') || ' ').replace(rxEsc, '\\$1')+')+', 'm'), options = {"maxDepth":1,"maxStringLength":160,"fileLinkFormat":false}, elt = root.getElementsByTagName('A'), len = elt.length, i = 0, s, h, t = []; while (i < len) t.push(elt[i++]); for (i in x) { options[i] = x[i]; } function a(e, f) { addEventListener(root, e, function (e, n) { if ('A' == e.target.tagName) { f(e.target, e); } else if ('A' == e.target.parentNode.tagName) { f(e.target.parentNode, e); } else { n = /\bsf-dump-ellipsis\b/.test(e.target.className) ? e.target.parentNode : e.target; if ((n = n.nextElementSibling) && 'A' == n.tagName) { if (!/\bsf-dump-toggle\b/.test(n.className)) { n = n.nextElementSibling || n; } f(n, e, true); } } }); }; function isCtrlKey(e) { return e.ctrlKey || e.metaKey; } function xpathString(str) { var parts = str.match(/[^'"]+|['"]/g).map(function (part) { if ("'" == part) { return '"\'"'; } if ('"' == part) { return "'\"'"; } return "'" + part + "'"; }); return "concat(" + parts.join(",") + ", '')"; } function xpathHasClass(className) { return "contains(concat(' ', normalize-space(@class), ' '), ' " + className +" ')"; } a('mouseover', function (a, e, c) { if (c) { e.target.style.cursor = "pointer"; } }); a('click', function (a, e, c) { if (/\bsf-dump-toggle\b/.test(a.className)) { e.preventDefault(); if (!toggle(a, isCtrlKey(e))) { var r = doc.getElementById(a.getAttribute('href').slice(1)), s = r.previousSibling, f = r.parentNode, t = a.parentNode; t.replaceChild(r, a); f.replaceChild(a, s); t.insertBefore(s, r); f = f.firstChild.nodeValue.match(indentRx); t = t.firstChild.nodeValue.match(indentRx); if (f && t && f[0] !== t[0]) { r.innerHTML = r.innerHTML.replace(new RegExp('^'+f[0].replace(rxEsc, '\\$1'), 'mg'), t[0]); } if (/\bsf-dump-compact\b/.test(r.className)) { toggle(s, isCtrlKey(e)); } } if (c) { } else if (doc.getSelection) { try { doc.getSelection().removeAllRanges(); } catch (e) { doc.getSelection().empty(); } } else { doc.selection.empty(); } } else if (/\bsf-dump-str-toggle\b/.test(a.className)) { e.preventDefault(); e = a.parentNode.parentNode; e.className = e.className.replace(/\bsf-dump-str-(expand|collapse)\b/, a.parentNode.className); } }); elt = root.getElementsByTagName('SAMP'); len = elt.length; i = 0; while (i < len) t.push(elt[i++]); len = t.length; for (i = 0; i < len; ++i) { elt = t[i]; if ('SAMP' == elt.tagName) { a = elt.previousSibling || {}; if ('A' != a.tagName) { a = doc.createElement('A'); a.className = 'sf-dump-ref'; elt.parentNode.insertBefore(a, elt); } else { a.innerHTML += ' '; } a.title = (a.title ? a.title+'\n[' : '[')+keyHint+'+click] Expand all children'; a.innerHTML += elt.className == 'sf-dump-compact' ? '<span>▶</span>' : '<span>▼</span>'; a.className += ' sf-dump-toggle'; x = 1; if ('sf-dump' != elt.parentNode.className) { x += elt.parentNode.getAttribute('data-depth')/1; } } else if (/\bsf-dump-ref\b/.test(elt.className) && (a = elt.getAttribute('href'))) { a = a.slice(1); elt.className += ' sf-dump-hover'; elt.className += ' '+a; if (/[\[{]$/.test(elt.previousSibling.nodeValue)) { a = a != elt.nextSibling.id && doc.getElementById(a); try { s = a.nextSibling; elt.appendChild(a); s.parentNode.insertBefore(a, s); if (/^[@#]/.test(elt.innerHTML)) { elt.innerHTML += ' <span>▶</span>'; } else { elt.innerHTML = '<span>▶</span>'; elt.className = 'sf-dump-ref'; } elt.className += ' sf-dump-toggle'; } catch (e) { if ('&' == elt.innerHTML.charAt(0)) { elt.innerHTML = '…'; elt.className = 'sf-dump-ref'; } } } } } if (doc.evaluate && Array.from && root.children.length > 1) { root.setAttribute('tabindex', 0); SearchState = function () { this.nodes = []; this.idx = 0; }; SearchState.prototype = { next: function () { if (this.isEmpty()) { return this.current(); } this.idx = this.idx < (this.nodes.length - 1) ? this.idx + 1 : 0; return this.current(); }, previous: function () { if (this.isEmpty()) { return this.current(); } this.idx = this.idx > 0 ? this.idx - 1 : (this.nodes.length - 1); return this.current(); }, isEmpty: function () { return 0 === this.count(); }, current: function () { if (this.isEmpty()) { return null; } return this.nodes[this.idx]; }, reset: function () { this.nodes = []; this.idx = 0; }, count: function () { return this.nodes.length; }, }; function showCurrent(state) { var currentNode = state.current(), currentRect, searchRect; if (currentNode) { reveal(currentNode); highlight(root, currentNode, state.nodes); if ('scrollIntoView' in currentNode) { currentNode.scrollIntoView(true); currentRect = currentNode.getBoundingClientRect(); searchRect = search.getBoundingClientRect(); if (currentRect.top < (searchRect.top + searchRect.height)) { window.scrollBy(0, -(searchRect.top + searchRect.height + 5)); } } } counter.textContent = (state.isEmpty() ? 0 : state.idx + 1) + ' of ' + state.count(); } var search = doc.createElement('div'); search.className = 'sf-dump-search-wrapper sf-dump-search-hidden'; search.innerHTML = ' <input type="text" class="sf-dump-search-input"> <span class="sf-dump-search-count">0 of 0<\/span> <button type="button" class="sf-dump-search-input-previous" tabindex="-1"> <svg viewBox="0 0 1792 1792" xmlns="http://www.w3.org/2000/svg"><path d="M1683 1331l-166 165q-19 19-45 19t-45-19L896 965l-531 531q-19 19-45 19t-45-19l-166-165q-19-19-19-45.5t19-45.5l742-741q19-19 45-19t45 19l742 741q19 19 19 45.5t-19 45.5z"\/><\/svg> <\/button> <button type="button" class="sf-dump-search-input-next" tabindex="-1"> <svg viewBox="0 0 1792 1792" xmlns="http://www.w3.org/2000/svg"><path d="M1683 808l-742 741q-19 19-45 19t-45-19L109 808q-19-19-19-45.5t19-45.5l166-165q19-19 45-19t45 19l531 531 531-531q19-19 45-19t45 19l166 165q19 19 19 45.5t-19 45.5z"\/><\/svg> <\/button> '; root.insertBefore(search, root.firstChild); var state = new SearchState(); var searchInput = search.querySelector('.sf-dump-search-input'); var counter = search.querySelector('.sf-dump-search-count'); var searchInputTimer = 0; var previousSearchQuery = ''; addEventListener(searchInput, 'keyup', function (e) { var searchQuery = e.target.value; /* Don't perform anything if the pressed key didn't change the query */ if (searchQuery === previousSearchQuery) { return; } previousSearchQuery = searchQuery; clearTimeout(searchInputTimer); searchInputTimer = setTimeout(function () { state.reset(); collapseAll(root); resetHighlightedNodes(root); if ('' === searchQuery) { counter.textContent = '0 of 0'; return; } var classMatches = [ "sf-dump-str", "sf-dump-key", "sf-dump-public", "sf-dump-protected", "sf-dump-private", ].map(xpathHasClass).join(' or '); var xpathResult = doc.evaluate('.//span[' + classMatches + '][contains(translate(child::text(), ' + xpathString(searchQuery.toUpperCase()) + ', ' + xpathString(searchQuery.toLowerCase()) + '), ' + xpathString(searchQuery.toLowerCase()) + ')]', root, null, XPathResult.ORDERED_NODE_ITERATOR_TYPE, null); while (node = xpathResult.iterateNext()) state.nodes.push(node); showCurrent(state); }, 400); }); Array.from(search.querySelectorAll('.sf-dump-search-input-next, .sf-dump-search-input-previous')).forEach(function (btn) { addEventListener(btn, 'click', function (e) { e.preventDefault(); -1 !== e.target.className.indexOf('next') ? state.next() : state.previous(); searchInput.focus(); collapseAll(root); showCurrent(state); }) }); addEventListener(root, 'keydown', function (e) { var isSearchActive = !/\bsf-dump-search-hidden\b/.test(search.className); if ((114 === e.keyCode && !isSearchActive) || (isCtrlKey(e) && 70 === e.keyCode)) { /* F3 or CMD/CTRL + F */ if (70 === e.keyCode && document.activeElement === searchInput) { /* * If CMD/CTRL + F is hit while having focus on search input, * the user probably meant to trigger browser search instead. * Let the browser execute its behavior: */ return; } e.preventDefault(); search.className = search.className.replace(/\bsf-dump-search-hidden\b/, ''); searchInput.focus(); } else if (isSearchActive) { if (27 === e.keyCode) { /* ESC key */ search.className += ' sf-dump-search-hidden'; e.preventDefault(); resetHighlightedNodes(root); searchInput.value = ''; } else if ( (isCtrlKey(e) && 71 === e.keyCode) /* CMD/CTRL + G */ || 13 === e.keyCode /* Enter */ || 114 === e.keyCode /* F3 */ ) { e.preventDefault(); e.shiftKey ? state.previous() : state.next(); collapseAll(root); showCurrent(state); } } }); } if (0 >= options.maxStringLength) { return; } try { elt = root.querySelectorAll('.sf-dump-str'); len = elt.length; i = 0; t = []; while (i < len) t.push(elt[i++]); len = t.length; for (i = 0; i < len; ++i) { elt = t[i]; s = elt.innerText || elt.textContent; x = s.length - options.maxStringLength; if (0 < x) { h = elt.innerHTML; elt[elt.innerText ? 'innerText' : 'textContent'] = s.substring(0, options.maxStringLength); elt.className += ' sf-dump-str-collapse'; elt.innerHTML = '<span class=sf-dump-str-collapse>'+h+'<a class="sf-dump-ref sf-dump-str-toggle" title="Collapse"> ◀</a></span>'+ '<span class=sf-dump-str-expand>'+elt.innerHTML+'<a class="sf-dump-ref sf-dump-str-toggle" title="'+x+' remaining characters"> ▶</a></span>'; } } } catch (e) { } }; })(document); </script><style> .sf-js-enabled .phpdebugbar pre.sf-dump .sf-dump-compact, .sf-js-enabled .sf-dump-str-collapse .sf-dump-str-collapse, .sf-js-enabled .sf-dump-str-expand .sf-dump-str-expand { display: none; } .sf-dump-hover:hover { background-color: #B729D9; color: #FFF !important; border-radius: 2px; } .phpdebugbar pre.sf-dump { display: block; white-space: pre; padding: 5px; overflow: initial !important; } .phpdebugbar pre.sf-dump:after { content: ""; visibility: hidden; display: block; height: 0; clear: both; } .phpdebugbar pre.sf-dump .sf-dump-ellipsization { display: inline-flex; } .phpdebugbar pre.sf-dump a { text-decoration: none; cursor: pointer; border: 0; outline: none; color: inherit; } .phpdebugbar pre.sf-dump img { max-width: 50em; max-height: 50em; margin: .5em 0 0 0; padding: 0; background: url(data:image/png;base64,iVBORw0KGgoAAAANSUhEUgAAABAAAAAQCAAAAAA6mKC9AAAAHUlEQVQY02O8zAABilCaiQEN0EeA8QuUcX9g3QEAAjcC5piyhyEAAAAASUVORK5CYII=) #D3D3D3; } .phpdebugbar pre.sf-dump .sf-dump-ellipsis { text-overflow: ellipsis; white-space: nowrap; overflow: hidden; } .phpdebugbar pre.sf-dump .sf-dump-ellipsis-tail { flex-shrink: 0; } .phpdebugbar pre.sf-dump code { display:inline; padding:0; background:none; } .sf-dump-public.sf-dump-highlight, .sf-dump-protected.sf-dump-highlight, .sf-dump-private.sf-dump-highlight, .sf-dump-str.sf-dump-highlight, .sf-dump-key.sf-dump-highlight { background: rgba(111, 172, 204, 0.3); border: 1px solid #7DA0B1; border-radius: 3px; } .sf-dump-public.sf-dump-highlight-active, .sf-dump-protected.sf-dump-highlight-active, .sf-dump-private.sf-dump-highlight-active, .sf-dump-str.sf-dump-highlight-active, .sf-dump-key.sf-dump-highlight-active { background: rgba(253, 175, 0, 0.4); border: 1px solid #ffa500; border-radius: 3px; } .phpdebugbar pre.sf-dump .sf-dump-search-hidden { display: none !important; } .phpdebugbar pre.sf-dump .sf-dump-search-wrapper { font-size: 0; white-space: nowrap; margin-bottom: 5px; display: flex; position: -webkit-sticky; position: sticky; top: 5px; } .phpdebugbar pre.sf-dump .sf-dump-search-wrapper > * { vertical-align: top; box-sizing: border-box; height: 21px; font-weight: normal; border-radius: 0; background: #FFF; color: #757575; border: 1px solid #BBB; } .phpdebugbar pre.sf-dump .sf-dump-search-wrapper > input.sf-dump-search-input { padding: 3px; height: 21px; font-size: 12px; border-right: none; border-top-left-radius: 3px; border-bottom-left-radius: 3px; color: #000; min-width: 15px; width: 100%; } .phpdebugbar pre.sf-dump .sf-dump-search-wrapper > .sf-dump-search-input-next, .phpdebugbar pre.sf-dump .sf-dump-search-wrapper > .sf-dump-search-input-previous { background: #F2F2F2; outline: none; border-left: none; font-size: 0; line-height: 0; } .phpdebugbar pre.sf-dump .sf-dump-search-wrapper > .sf-dump-search-input-next { border-top-right-radius: 3px; border-bottom-right-radius: 3px; } .phpdebugbar pre.sf-dump .sf-dump-search-wrapper > .sf-dump-search-input-next > svg, .phpdebugbar pre.sf-dump .sf-dump-search-wrapper > .sf-dump-search-input-previous > svg { pointer-events: none; width: 12px; height: 12px; } .phpdebugbar pre.sf-dump .sf-dump-search-wrapper > .sf-dump-search-count { display: inline-block; padding: 0 5px; margin: 0; border-left: none; line-height: 21px; font-size: 12px; }.phpdebugbar pre.sf-dump, .phpdebugbar pre.sf-dump .sf-dump-default{word-wrap: break-word; white-space: pre-wrap; word-break: normal}.phpdebugbar pre.sf-dump .sf-dump-num{font-weight:bold; color:#1299DA}.phpdebugbar pre.sf-dump .sf-dump-const{font-weight:bold}.phpdebugbar pre.sf-dump .sf-dump-str{font-weight:bold; color:#3A9B26}.phpdebugbar pre.sf-dump .sf-dump-note{color:#1299DA}.phpdebugbar pre.sf-dump .sf-dump-ref{color:#7B7B7B}.phpdebugbar pre.sf-dump .sf-dump-public{color:#000000}.phpdebugbar pre.sf-dump .sf-dump-protected{color:#000000}.phpdebugbar pre.sf-dump .sf-dump-private{color:#000000}.phpdebugbar pre.sf-dump .sf-dump-meta{color:#B729D9}.phpdebugbar pre.sf-dump .sf-dump-key{color:#3A9B26}.phpdebugbar pre.sf-dump .sf-dump-index{color:#1299DA}.phpdebugbar pre.sf-dump .sf-dump-ellipsis{color:#A0A000}.phpdebugbar pre.sf-dump .sf-dump-virtual{font-style:italic}.phpdebugbar pre.sf-dump .sf-dump-ns{user-select:none;}.phpdebugbar pre.sf-dump .sf-dump-ellipsis-note{color:#1299DA}.phpdebugbar[data-theme='dark'] pre.sf-dump, pre.sf-dump .sf-dump-default{background-color:#18171B; color:#FF8400; line-height:1.2em; font:12px Menlo, Monaco, Consolas, monospace; word-wrap: break-word; white-space: pre-wrap; position:relative; z-index:99999; word-break: break-all}.phpdebugbar[data-theme='dark'] pre.sf-dump .sf-dump-num{font-weight:bold; color:#1299DA}.phpdebugbar[data-theme='dark'] pre.sf-dump .sf-dump-const{font-weight:bold}.phpdebugbar[data-theme='dark'] pre.sf-dump .sf-dump-virtual{font-style:italic}.phpdebugbar[data-theme='dark'] pre.sf-dump .sf-dump-str{font-weight:bold; color:#56DB3A}.phpdebugbar[data-theme='dark'] pre.sf-dump .sf-dump-note{color:#1299DA}.phpdebugbar[data-theme='dark'] pre.sf-dump .sf-dump-ref{color:#A0A0A0}.phpdebugbar[data-theme='dark'] pre.sf-dump .sf-dump-public{color:#FFFFFF}.phpdebugbar[data-theme='dark'] pre.sf-dump .sf-dump-protected{color:#FFFFFF}.phpdebugbar[data-theme='dark'] pre.sf-dump .sf-dump-private{color:#FFFFFF}.phpdebugbar[data-theme='dark'] pre.sf-dump .sf-dump-meta{color:#B729D9}.phpdebugbar[data-theme='dark'] pre.sf-dump .sf-dump-key{color:#56DB3A}.phpdebugbar[data-theme='dark'] pre.sf-dump .sf-dump-index{color:#1299DA}.phpdebugbar[data-theme='dark'] pre.sf-dump .sf-dump-ellipsis{color:#FF8400}.phpdebugbar[data-theme='dark'] pre.sf-dump .sf-dump-ns{user-select:none;}.phpdebugbar[data-theme='dark'] pre.sf-dump .sf-dump-ellipsis-note{color:#1299DA}</style>
<style type="text/css" data-vite-dev-id="/Users/vahan/Herd/laravel-react-reactions/packages/truefans/laravel-react-reactions/workbench/resources/css/app.css">/*! tailwindcss v4.1.17 | MIT License | https://tailwindcss.com */
@layer properties;
@layer theme, base, components, utilities;
@layer theme {
  :root, :host {
    --font-sans: ui-sans-serif, system-ui, sans-serif, "Apple Color Emoji",
      "Segoe UI Emoji", "Segoe UI Symbol", "Noto Color Emoji";
    --font-mono: ui-monospace, SFMono-Regular, Menlo, Monaco, Consolas, "Liberation Mono",
      "Courier New", monospace;
    --color-red-500: oklch(63.7% 0.237 25.331);
    --color-red-600: oklch(57.7% 0.245 27.325);
    --color-red-700: oklch(50.5% 0.213 27.518);
    --color-amber-50: oklch(98.7% 0.022 95.277);
    --color-amber-100: oklch(96.2% 0.059 95.617);
    --color-amber-200: oklch(92.4% 0.12 95.746);
    --color-amber-800: oklch(47.3% 0.137 46.201);
    --color-amber-900: oklch(41.4% 0.112 45.904);
    --color-yellow-50: oklch(98.7% 0.026 102.212);
    --color-green-500: oklch(72.3% 0.219 149.579);
    --color-blue-100: oklch(93.2% 0.032 255.585);
    --color-blue-600: oklch(54.6% 0.245 262.881);
    --color-indigo-500: oklch(58.5% 0.233 277.117);
    --color-indigo-600: oklch(51.1% 0.262 276.966);
    --color-indigo-700: oklch(45.7% 0.24 277.023);
    --color-gray-50: oklch(98.5% 0.002 247.839);
    --color-gray-100: oklch(96.7% 0.003 264.542);
    --color-gray-200: oklch(92.8% 0.006 264.531);
    --color-gray-300: oklch(87.2% 0.01 258.338);
    --color-gray-400: oklch(70.7% 0.022 261.325);
    --color-gray-500: oklch(55.1% 0.027 264.364);
    --color-gray-600: oklch(44.6% 0.03 256.802);
    --color-gray-700: oklch(37.3% 0.034 259.733);
    --color-gray-800: oklch(27.8% 0.033 256.848);
    --color-gray-900: oklch(21% 0.034 264.665);
    --color-black: #000;
    --color-white: #fff;
    --spacing: 0.25rem;
    --container-md: 28rem;
    --container-lg: 32rem;
    --container-4xl: 56rem;
    --container-5xl: 64rem;
    --text-xs: 0.75rem;
    --text-xs--line-height: calc(1 / 0.75);
    --text-sm: 0.875rem;
    --text-sm--line-height: calc(1.25 / 0.875);
    --text-base: 1rem;
    --text-base--line-height: calc(1.5 / 1);
    --text-lg: 1.125rem;
    --text-lg--line-height: calc(1.75 / 1.125);
    --text-xl: 1.25rem;
    --text-xl--line-height: calc(1.75 / 1.25);
    --text-2xl: 1.5rem;
    --text-2xl--line-height: calc(2 / 1.5);
    --text-3xl: 1.875rem;
    --text-3xl--line-height: calc(2.25 / 1.875);
    --text-4xl: 2.25rem;
    --text-4xl--line-height: calc(2.5 / 2.25);
    --text-6xl: 3.75rem;
    --text-6xl--line-height: 1;
    --font-weight-medium: 500;
    --font-weight-semibold: 600;
    --font-weight-bold: 700;
    --font-weight-extrabold: 800;
    --tracking-tight: -0.025em;
    --leading-relaxed: 1.625;
    --radius-sm: 0.25rem;
    --radius-md: 0.375rem;
    --radius-lg: 0.5rem;
    --radius-xl: 0.75rem;
    --ease-out: cubic-bezier(0, 0, 0.2, 1);
    --animate-spin: spin 1s linear infinite;
    --animate-pulse: pulse 2s cubic-bezier(0.4, 0, 0.6, 1) infinite;
    --default-transition-duration: 150ms;
    --default-transition-timing-function: cubic-bezier(0.4, 0, 0.2, 1);
    --default-font-family: var(--font-sans);
    --default-mono-font-family: var(--font-mono);
  }
}
@layer base {
  *, ::after, ::before, ::backdrop, ::file-selector-button {
    box-sizing: border-box;
    margin: 0;
    padding: 0;
    border: 0 solid;
  }
  html, :host {
    line-height: 1.5;
    -webkit-text-size-adjust: 100%;
    tab-size: 4;
    font-family: var(--default-font-family, ui-sans-serif, system-ui, sans-serif, "Apple Color Emoji", "Segoe UI Emoji", "Segoe UI Symbol", "Noto Color Emoji");
    font-feature-settings: var(--default-font-feature-settings, normal);
    font-variation-settings: var(--default-font-variation-settings, normal);
    -webkit-tap-highlight-color: transparent;
  }
  hr {
    height: 0;
    color: inherit;
    border-top-width: 1px;
  }
  abbr:where([title]) {
    -webkit-text-decoration: underline dotted;
    text-decoration: underline dotted;
  }
  h1, h2, h3, h4, h5, h6 {
    font-size: inherit;
    font-weight: inherit;
  }
  a {
    color: inherit;
    -webkit-text-decoration: inherit;
    text-decoration: inherit;
  }
  b, strong {
    font-weight: bolder;
  }
  code, kbd, samp, pre {
    font-family: var(--default-mono-font-family, ui-monospace, SFMono-Regular, Menlo, Monaco, Consolas, "Liberation Mono", "Courier New", monospace);
    font-feature-settings: var(--default-mono-font-feature-settings, normal);
    font-variation-settings: var(--default-mono-font-variation-settings, normal);
    font-size: 1em;
  }
  small {
    font-size: 80%;
  }
  sub, sup {
    font-size: 75%;
    line-height: 0;
    position: relative;
    vertical-align: baseline;
  }
  sub {
    bottom: -0.25em;
  }
  sup {
    top: -0.5em;
  }
  table {
    text-indent: 0;
    border-color: inherit;
    border-collapse: collapse;
  }
  :-moz-focusring {
    outline: auto;
  }
  progress {
    vertical-align: baseline;
  }
  summary {
    display: list-item;
  }
  ol, ul, menu {
    list-style: none;
  }
  img, svg, video, canvas, audio, iframe, embed, object {
    display: block;
    vertical-align: middle;
  }
  img, video {
    max-width: 100%;
    height: auto;
  }
  button, input, select, optgroup, textarea, ::file-selector-button {
    font: inherit;
    font-feature-settings: inherit;
    font-variation-settings: inherit;
    letter-spacing: inherit;
    color: inherit;
    border-radius: 0;
    background-color: transparent;
    opacity: 1;
  }
  :where(select:is([multiple], [size])) optgroup {
    font-weight: bolder;
  }
  :where(select:is([multiple], [size])) optgroup option {
    padding-inline-start: 20px;
  }
  ::file-selector-button {
    margin-inline-end: 4px;
  }
  ::placeholder {
    opacity: 1;
  }
  @supports (not (-webkit-appearance: -apple-pay-button))  or (contain-intrinsic-size: 1px) {
    ::placeholder {
      color: currentcolor;
      @supports (color: color-mix(in lab, red, red)) {
        color: color-mix(in oklab, currentcolor 50%, transparent);
      }
    }
  }
  textarea {
    resize: vertical;
  }
  ::-webkit-search-decoration {
    -webkit-appearance: none;
  }
  ::-webkit-date-and-time-value {
    min-height: 1lh;
    text-align: inherit;
  }
  ::-webkit-datetime-edit {
    display: inline-flex;
  }
  ::-webkit-datetime-edit-fields-wrapper {
    padding: 0;
  }
  ::-webkit-datetime-edit, ::-webkit-datetime-edit-year-field, ::-webkit-datetime-edit-month-field, ::-webkit-datetime-edit-day-field, ::-webkit-datetime-edit-hour-field, ::-webkit-datetime-edit-minute-field, ::-webkit-datetime-edit-second-field, ::-webkit-datetime-edit-millisecond-field, ::-webkit-datetime-edit-meridiem-field {
    padding-block: 0;
  }
  ::-webkit-calendar-picker-indicator {
    line-height: 1;
  }
  :-moz-ui-invalid {
    box-shadow: none;
  }
  button, input:where([type="button"], [type="reset"], [type="submit"]), ::file-selector-button {
    appearance: button;
  }
  ::-webkit-inner-spin-button, ::-webkit-outer-spin-button {
    height: auto;
  }
  [hidden]:where(:not([hidden="until-found"])) {
    display: none !important;
  }
}
@layer utilities {
  .pointer-events-auto {
    pointer-events: auto;
  }
  .collapse {
    visibility: collapse;
  }
  .visible {
    visibility: visible;
  }
  .absolute {
    position: absolute;
  }
  .fixed {
    position: fixed;
  }
  .relative {
    position: relative;
  }
  .static {
    position: static;
  }
  .sticky {
    position: sticky;
  }
  .inset-0 {
    inset: calc(var(--spacing) * 0);
  }
  .top-0 {
    top: calc(var(--spacing) * 0);
  }
  .top-2 {
    top: calc(var(--spacing) * 2);
  }
  .top-\[50\%\] {
    top: 50%;
  }
  .right-2 {
    right: calc(var(--spacing) * 2);
  }
  .right-3 {
    right: calc(var(--spacing) * 3);
  }
  .right-4 {
    right: calc(var(--spacing) * 4);
  }
  .bottom-3 {
    bottom: calc(var(--spacing) * 3);
  }
  .bottom-4 {
    bottom: calc(var(--spacing) * 4);
  }
  .bottom-full {
    bottom: 100%;
  }
  .left-0 {
    left: calc(var(--spacing) * 0);
  }
  .left-\[50\%\] {
    left: 50%;
  }
  .z-10 {
    z-index: 10;
  }
  .z-50 {
    z-index: 50;
  }
  .z-\[100\] {
    z-index: 100;
  }
  .col-1 {
    grid-column: 1;
  }
  .col-11 {
    grid-column: 11;
  }
  .container {
    width: 100%;
    @media (width >= 40rem) {
      max-width: 40rem;
    }
    @media (width >= 48rem) {
      max-width: 48rem;
    }
    @media (width >= 64rem) {
      max-width: 64rem;
    }
    @media (width >= 80rem) {
      max-width: 80rem;
    }
    @media (width >= 96rem) {
      max-width: 96rem;
    }
  }
  .m-5 {
    margin: calc(var(--spacing) * 5);
  }
  .mx-auto {
    margin-inline: auto;
  }
  .mt-1 {
    margin-top: calc(var(--spacing) * 1);
  }
  .mt-2 {
    margin-top: calc(var(--spacing) * 2);
  }
  .mt-3 {
    margin-top: calc(var(--spacing) * 3);
  }
  .mt-4 {
    margin-top: calc(var(--spacing) * 4);
  }
  .mt-6 {
    margin-top: calc(var(--spacing) * 6);
  }
  .mt-8 {
    margin-top: calc(var(--spacing) * 8);
  }
  .mt-16 {
    margin-top: calc(var(--spacing) * 16);
  }
  .mr-2 {
    margin-right: calc(var(--spacing) * 2);
  }
  .mb-1 {
    margin-bottom: calc(var(--spacing) * 1);
  }
  .mb-2 {
    margin-bottom: calc(var(--spacing) * 2);
  }
  .mb-3 {
    margin-bottom: calc(var(--spacing) * 3);
  }
  .mb-4 {
    margin-bottom: calc(var(--spacing) * 4);
  }
  .mb-6 {
    margin-bottom: calc(var(--spacing) * 6);
  }
  .mb-8 {
    margin-bottom: calc(var(--spacing) * 8);
  }
  .ml-2 {
    margin-left: calc(var(--spacing) * 2);
  }
  .ml-10 {
    margin-left: calc(var(--spacing) * 10);
  }
  .ml-12 {
    margin-left: calc(var(--spacing) * 12);
  }
  .block {
    display: block;
  }
  .contents {
    display: contents;
  }
  .flex {
    display: flex;
  }
  .grid {
    display: grid;
  }
  .hidden {
    display: none;
  }
  .inline {
    display: inline;
  }
  .inline-block {
    display: inline-block;
  }
  .inline-flex {
    display: inline-flex;
  }
  .table {
    display: table;
  }
  .h-2\.5 {
    height: calc(var(--spacing) * 2.5);
  }
  .h-3 {
    height: calc(var(--spacing) * 3);
  }
  .h-4 {
    height: calc(var(--spacing) * 4);
  }
  .h-5 {
    height: calc(var(--spacing) * 5);
  }
  .h-8 {
    height: calc(var(--spacing) * 8);
  }
  .h-9 {
    height: calc(var(--spacing) * 9);
  }
  .h-10 {
    height: calc(var(--spacing) * 10);
  }
  .h-12 {
    height: calc(var(--spacing) * 12);
  }
  .h-16 {
    height: calc(var(--spacing) * 16);
  }
  .h-\[600px\] {
    height: 600px;
  }
  .max-h-48 {
    max-height: calc(var(--spacing) * 48);
  }
  .max-h-96 {
    max-height: calc(var(--spacing) * 96);
  }
  .max-h-\[600px\] {
    max-height: 600px;
  }
  .max-h-screen {
    max-height: 100vh;
  }
  .min-h-screen {
    min-height: 100vh;
  }
  .w-2\.5 {
    width: calc(var(--spacing) * 2.5);
  }
  .w-3 {
    width: calc(var(--spacing) * 3);
  }
  .w-4 {
    width: calc(var(--spacing) * 4);
  }
  .w-5 {
    width: calc(var(--spacing) * 5);
  }
  .w-8 {
    width: calc(var(--spacing) * 8);
  }
  .w-9 {
    width: calc(var(--spacing) * 9);
  }
  .w-10 {
    width: calc(var(--spacing) * 10);
  }
  .w-12 {
    width: calc(var(--spacing) * 12);
  }
  .w-16 {
    width: calc(var(--spacing) * 16);
  }
  .w-32 {
    width: calc(var(--spacing) * 32);
  }
  .w-48 {
    width: calc(var(--spacing) * 48);
  }
  .w-96 {
    width: calc(var(--spacing) * 96);
  }
  .w-full {
    width: 100%;
  }
  .max-w-4xl {
    max-width: var(--container-4xl);
  }
  .max-w-5xl {
    max-width: var(--container-5xl);
  }
  .max-w-lg {
    max-width: var(--container-lg);
  }
  .max-w-md {
    max-width: var(--container-md);
  }
  .max-w-none {
    max-width: none;
  }
  .min-w-0 {
    min-width: calc(var(--spacing) * 0);
  }
  .min-w-\[8rem\] {
    min-width: 8rem;
  }
  .flex-1 {
    flex: 1;
  }
  .flex-shrink-0 {
    flex-shrink: 0;
  }
  .shrink-0 {
    flex-shrink: 0;
  }
  .translate-x-\[-50\%\] {
    --tw-translate-x: -50%;
    translate: var(--tw-translate-x) var(--tw-translate-y);
  }
  .translate-y-\[-50\%\] {
    --tw-translate-y: -50%;
    translate: var(--tw-translate-x) var(--tw-translate-y);
  }
  .scale-95 {
    --tw-scale-x: 95%;
    --tw-scale-y: 95%;
    --tw-scale-z: 95%;
    scale: var(--tw-scale-x) var(--tw-scale-y);
  }
  .scale-100 {
    --tw-scale-x: 100%;
    --tw-scale-y: 100%;
    --tw-scale-z: 100%;
    scale: var(--tw-scale-x) var(--tw-scale-y);
  }
  .scale-110 {
    --tw-scale-x: 110%;
    --tw-scale-y: 110%;
    --tw-scale-z: 110%;
    scale: var(--tw-scale-x) var(--tw-scale-y);
  }
  .transform {
    transform: var(--tw-rotate-x,) var(--tw-rotate-y,) var(--tw-rotate-z,) var(--tw-skew-x,) var(--tw-skew-y,);
  }
  .animate-pulse {
    animation: var(--animate-pulse);
  }
  .animate-spin {
    animation: var(--animate-spin);
  }
  .cursor-not-allowed {
    cursor: not-allowed;
  }
  .cursor-pointer {
    cursor: pointer;
  }
  .resize {
    resize: both;
  }
  .resize-none {
    resize: none;
  }
  .appearance-none {
    appearance: none;
  }
  .flex-col {
    flex-direction: column;
  }
  .flex-col-reverse {
    flex-direction: column-reverse;
  }
  .items-center {
    align-items: center;
  }
  .items-start {
    align-items: flex-start;
  }
  .justify-between {
    justify-content: space-between;
  }
  .justify-center {
    justify-content: center;
  }
  .gap-0\.5 {
    gap: calc(var(--spacing) * 0.5);
  }
  .gap-1 {
    gap: calc(var(--spacing) * 1);
  }
  .gap-1\.5 {
    gap: calc(var(--spacing) * 1.5);
  }
  .gap-2 {
    gap: calc(var(--spacing) * 2);
  }
  .gap-3 {
    gap: calc(var(--spacing) * 3);
  }
  .gap-4 {
    gap: calc(var(--spacing) * 4);
  }
  .-space-y-px {
    :where(& > :not(:last-child)) {
      --tw-space-y-reverse: 0;
      margin-block-start: calc(-1px * var(--tw-space-y-reverse));
      margin-block-end: calc(-1px * calc(1 - var(--tw-space-y-reverse)));
    }
  }
  .space-y-1 {
    :where(& > :not(:last-child)) {
      --tw-space-y-reverse: 0;
      margin-block-start: calc(calc(var(--spacing) * 1) * var(--tw-space-y-reverse));
      margin-block-end: calc(calc(var(--spacing) * 1) * calc(1 - var(--tw-space-y-reverse)));
    }
  }
  .space-y-1\.5 {
    :where(& > :not(:last-child)) {
      --tw-space-y-reverse: 0;
      margin-block-start: calc(calc(var(--spacing) * 1.5) * var(--tw-space-y-reverse));
      margin-block-end: calc(calc(var(--spacing) * 1.5) * calc(1 - var(--tw-space-y-reverse)));
    }
  }
  .space-y-2 {
    :where(& > :not(:last-child)) {
      --tw-space-y-reverse: 0;
      margin-block-start: calc(calc(var(--spacing) * 2) * var(--tw-space-y-reverse));
      margin-block-end: calc(calc(var(--spacing) * 2) * calc(1 - var(--tw-space-y-reverse)));
    }
  }
  .space-y-3 {
    :where(& > :not(:last-child)) {
      --tw-space-y-reverse: 0;
      margin-block-start: calc(calc(var(--spacing) * 3) * var(--tw-space-y-reverse));
      margin-block-end: calc(calc(var(--spacing) * 3) * calc(1 - var(--tw-space-y-reverse)));
    }
  }
  .space-y-4 {
    :where(& > :not(:last-child)) {
      --tw-space-y-reverse: 0;
      margin-block-start: calc(calc(var(--spacing) * 4) * var(--tw-space-y-reverse));
      margin-block-end: calc(calc(var(--spacing) * 4) * calc(1 - var(--tw-space-y-reverse)));
    }
  }
  .space-y-6 {
    :where(& > :not(:last-child)) {
      --tw-space-y-reverse: 0;
      margin-block-start: calc(calc(var(--spacing) * 6) * var(--tw-space-y-reverse));
      margin-block-end: calc(calc(var(--spacing) * 6) * calc(1 - var(--tw-space-y-reverse)));
    }
  }
  .space-y-8 {
    :where(& > :not(:last-child)) {
      --tw-space-y-reverse: 0;
      margin-block-start: calc(calc(var(--spacing) * 8) * var(--tw-space-y-reverse));
      margin-block-end: calc(calc(var(--spacing) * 8) * calc(1 - var(--tw-space-y-reverse)));
    }
  }
  .space-x-4 {
    :where(& > :not(:last-child)) {
      --tw-space-x-reverse: 0;
      margin-inline-start: calc(calc(var(--spacing) * 4) * var(--tw-space-x-reverse));
      margin-inline-end: calc(calc(var(--spacing) * 4) * calc(1 - var(--tw-space-x-reverse)));
    }
  }
  .truncate {
    overflow: hidden;
    text-overflow: ellipsis;
    white-space: nowrap;
  }
  .overflow-auto {
    overflow: auto;
  }
  .overflow-hidden {
    overflow: hidden;
  }
  .overflow-x-auto {
    overflow-x: auto;
  }
  .overflow-y-auto {
    overflow-y: auto;
  }
  .rounded {
    border-radius: 0.25rem;
  }
  .rounded-full {
    border-radius: calc(infinity * 1px);
  }
  .rounded-lg {
    border-radius: var(--radius-lg);
  }
  .rounded-md {
    border-radius: var(--radius-md);
  }
  .rounded-sm {
    border-radius: var(--radius-sm);
  }
  .rounded-xl {
    border-radius: var(--radius-xl);
  }
  .border {
    border-style: var(--tw-border-style);
    border-width: 1px;
  }
  .border-2 {
    border-style: var(--tw-border-style);
    border-width: 2px;
  }
  .border-t {
    border-top-style: var(--tw-border-style);
    border-top-width: 1px;
  }
  .border-b {
    border-bottom-style: var(--tw-border-style);
    border-bottom-width: 1px;
  }
  .border-amber-200 {
    border-color: var(--color-amber-200);
  }
  .border-gray-100 {
    border-color: var(--color-gray-100);
  }
  .border-gray-200 {
    border-color: var(--color-gray-200);
  }
  .border-gray-300 {
    border-color: var(--color-gray-300);
  }
  .border-green-500 {
    border-color: var(--color-green-500);
  }
  .border-red-500 {
    border-color: var(--color-red-500);
  }
  .border-transparent {
    border-color: transparent;
  }
  .border-white {
    border-color: var(--color-white);
  }
  .border-t-transparent {
    border-top-color: transparent;
  }
  .bg-amber-100 {
    background-color: var(--color-amber-100);
  }
  .bg-black\/0 {
    background-color: color-mix(in srgb, #000 0%, transparent);
    @supports (color: color-mix(in lab, red, red)) {
      background-color: color-mix(in oklab, var(--color-black) 0%, transparent);
    }
  }
  .bg-black\/50 {
    background-color: color-mix(in srgb, #000 50%, transparent);
    @supports (color: color-mix(in lab, red, red)) {
      background-color: color-mix(in oklab, var(--color-black) 50%, transparent);
    }
  }
  .bg-black\/80 {
    background-color: color-mix(in srgb, #000 80%, transparent);
    @supports (color: color-mix(in lab, red, red)) {
      background-color: color-mix(in oklab, var(--color-black) 80%, transparent);
    }
  }
  .bg-blue-100 {
    background-color: var(--color-blue-100);
  }
  .bg-gray-50 {
    background-color: var(--color-gray-50);
  }
  .bg-gray-100 {
    background-color: var(--color-gray-100);
  }
  .bg-gray-200 {
    background-color: var(--color-gray-200);
  }
  .bg-gray-900 {
    background-color: var(--color-gray-900);
  }
  .bg-green-500 {
    background-color: var(--color-green-500);
  }
  .bg-indigo-600 {
    background-color: var(--color-indigo-600);
  }
  .bg-red-500 {
    background-color: var(--color-red-500);
  }
  .bg-red-600 {
    background-color: var(--color-red-600);
  }
  .bg-transparent {
    background-color: transparent;
  }
  .bg-white {
    background-color: var(--color-white);
  }
  .bg-gradient-to-br {
    --tw-gradient-position: to bottom right in oklab;
    background-image: linear-gradient(var(--tw-gradient-stops));
  }
  .bg-gradient-to-r {
    --tw-gradient-position: to right in oklab;
    background-image: linear-gradient(var(--tw-gradient-stops));
  }
  .from-amber-50 {
    --tw-gradient-from: var(--color-amber-50);
    --tw-gradient-stops: var(--tw-gradient-via-stops, var(--tw-gradient-position), var(--tw-gradient-from) var(--tw-gradient-from-position), var(--tw-gradient-to) var(--tw-gradient-to-position));
  }
  .from-gray-50 {
    --tw-gradient-from: var(--color-gray-50);
    --tw-gradient-stops: var(--tw-gradient-via-stops, var(--tw-gradient-position), var(--tw-gradient-from) var(--tw-gradient-from-position), var(--tw-gradient-to) var(--tw-gradient-to-position));
  }
  .from-gray-700 {
    --tw-gradient-from: var(--color-gray-700);
    --tw-gradient-stops: var(--tw-gradient-via-stops, var(--tw-gradient-position), var(--tw-gradient-from) var(--tw-gradient-from-position), var(--tw-gradient-to) var(--tw-gradient-to-position));
  }
  .to-gray-100 {
    --tw-gradient-to: var(--color-gray-100);
    --tw-gradient-stops: var(--tw-gradient-via-stops, var(--tw-gradient-position), var(--tw-gradient-from) var(--tw-gradient-from-position), var(--tw-gradient-to) var(--tw-gradient-to-position));
  }
  .to-gray-900 {
    --tw-gradient-to: var(--color-gray-900);
    --tw-gradient-stops: var(--tw-gradient-via-stops, var(--tw-gradient-position), var(--tw-gradient-from) var(--tw-gradient-from-position), var(--tw-gradient-to) var(--tw-gradient-to-position));
  }
  .to-yellow-50 {
    --tw-gradient-to: var(--color-yellow-50);
    --tw-gradient-stops: var(--tw-gradient-via-stops, var(--tw-gradient-position), var(--tw-gradient-from) var(--tw-gradient-from-position), var(--tw-gradient-to) var(--tw-gradient-to-position));
  }
  .p-1 {
    padding: calc(var(--spacing) * 1);
  }
  .p-1\.5 {
    padding: calc(var(--spacing) * 1.5);
  }
  .p-2 {
    padding: calc(var(--spacing) * 2);
  }
  .p-2\.5 {
    padding: calc(var(--spacing) * 2.5);
  }
  .p-3 {
    padding: calc(var(--spacing) * 3);
  }
  .p-4 {
    padding: calc(var(--spacing) * 4);
  }
  .p-6 {
    padding: calc(var(--spacing) * 6);
  }
  .p-8 {
    padding: calc(var(--spacing) * 8);
  }
  .px-2 {
    padding-inline: calc(var(--spacing) * 2);
  }
  .px-3 {
    padding-inline: calc(var(--spacing) * 3);
  }
  .px-4 {
    padding-inline: calc(var(--spacing) * 4);
  }
  .px-6 {
    padding-inline: calc(var(--spacing) * 6);
  }
  .px-8 {
    padding-inline: calc(var(--spacing) * 8);
  }
  .py-1 {
    padding-block: calc(var(--spacing) * 1);
  }
  .py-1\.5 {
    padding-block: calc(var(--spacing) * 1.5);
  }
  .py-2 {
    padding-block: calc(var(--spacing) * 2);
  }
  .py-2\.5 {
    padding-block: calc(var(--spacing) * 2.5);
  }
  .py-3 {
    padding-block: calc(var(--spacing) * 3);
  }
  .py-4 {
    padding-block: calc(var(--spacing) * 4);
  }
  .py-8 {
    padding-block: calc(var(--spacing) * 8);
  }
  .py-12 {
    padding-block: calc(var(--spacing) * 12);
  }
  .py-16 {
    padding-block: calc(var(--spacing) * 16);
  }
  .pt-0 {
    padding-top: calc(var(--spacing) * 0);
  }
  .pt-4 {
    padding-top: calc(var(--spacing) * 4);
  }
  .pt-6 {
    padding-top: calc(var(--spacing) * 6);
  }
  .pr-8 {
    padding-right: calc(var(--spacing) * 8);
  }
  .pr-12 {
    padding-right: calc(var(--spacing) * 12);
  }
  .pl-8 {
    padding-left: calc(var(--spacing) * 8);
  }
  .text-center {
    text-align: center;
  }
  .text-end {
    text-align: end;
  }
  .text-left {
    text-align: left;
  }
  .text-right {
    text-align: right;
  }
  .font-mono {
    font-family: var(--font-mono);
  }
  .font-sans {
    font-family: var(--font-sans);
  }
  .text-2xl {
    font-size: var(--text-2xl);
    line-height: var(--tw-leading, var(--text-2xl--line-height));
  }
  .text-3xl {
    font-size: var(--text-3xl);
    line-height: var(--tw-leading, var(--text-3xl--line-height));
  }
  .text-4xl {
    font-size: var(--text-4xl);
    line-height: var(--tw-leading, var(--text-4xl--line-height));
  }
  .text-6xl {
    font-size: var(--text-6xl);
    line-height: var(--tw-leading, var(--text-6xl--line-height));
  }
  .text-base {
    font-size: var(--text-base);
    line-height: var(--tw-leading, var(--text-base--line-height));
  }
  .text-lg {
    font-size: var(--text-lg);
    line-height: var(--tw-leading, var(--text-lg--line-height));
  }
  .text-sm {
    font-size: var(--text-sm);
    line-height: var(--tw-leading, var(--text-sm--line-height));
  }
  .text-xl {
    font-size: var(--text-xl);
    line-height: var(--tw-leading, var(--text-xl--line-height));
  }
  .text-xs {
    font-size: var(--text-xs);
    line-height: var(--tw-leading, var(--text-xs--line-height));
  }
  .leading-none {
    --tw-leading: 1;
    line-height: 1;
  }
  .leading-relaxed {
    --tw-leading: var(--leading-relaxed);
    line-height: var(--leading-relaxed);
  }
  .font-bold {
    --tw-font-weight: var(--font-weight-bold);
    font-weight: var(--font-weight-bold);
  }
  .font-extrabold {
    --tw-font-weight: var(--font-weight-extrabold);
    font-weight: var(--font-weight-extrabold);
  }
  .font-medium {
    --tw-font-weight: var(--font-weight-medium);
    font-weight: var(--font-weight-medium);
  }
  .font-semibold {
    --tw-font-weight: var(--font-weight-semibold);
    font-weight: var(--font-weight-semibold);
  }
  .tracking-tight {
    --tw-tracking: var(--tracking-tight);
    letter-spacing: var(--tracking-tight);
  }
  .whitespace-nowrap {
    white-space: nowrap;
  }
  .whitespace-pre-wrap {
    white-space: pre-wrap;
  }
  .text-amber-800 {
    color: var(--color-amber-800);
  }
  .text-amber-900 {
    color: var(--color-amber-900);
  }
  .text-blue-600 {
    color: var(--color-blue-600);
  }
  .text-gray-300 {
    color: var(--color-gray-300);
  }
  .text-gray-400 {
    color: var(--color-gray-400);
  }
  .text-gray-500 {
    color: var(--color-gray-500);
  }
  .text-gray-600 {
    color: var(--color-gray-600);
  }
  .text-gray-700 {
    color: var(--color-gray-700);
  }
  .text-gray-800 {
    color: var(--color-gray-800);
  }
  .text-gray-900 {
    color: var(--color-gray-900);
  }
  .text-indigo-600 {
    color: var(--color-indigo-600);
  }
  .text-red-500 {
    color: var(--color-red-500);
  }
  .text-red-600 {
    color: var(--color-red-600);
  }
  .text-white {
    color: var(--color-white);
  }
  .text-white\/50 {
    color: color-mix(in srgb, #fff 50%, transparent);
    @supports (color: color-mix(in lab, red, red)) {
      color: color-mix(in oklab, var(--color-white) 50%, transparent);
    }
  }
  .underline {
    text-decoration-line: underline;
  }
  .underline-offset-4 {
    text-underline-offset: 4px;
  }
  .antialiased {
    -webkit-font-smoothing: antialiased;
    -moz-osx-font-smoothing: grayscale;
  }
  .placeholder-gray-500 {
    &::placeholder {
      color: var(--color-gray-500);
    }
  }
  .opacity-0 {
    opacity: 0%;
  }
  .opacity-50 {
    opacity: 50%;
  }
  .opacity-90 {
    opacity: 90%;
  }
  .opacity-100 {
    opacity: 100%;
  }
  .shadow {
    --tw-shadow: 0 1px 3px 0 var(--tw-shadow-color, rgb(0 0 0 / 0.1)), 0 1px 2px -1px var(--tw-shadow-color, rgb(0 0 0 / 0.1));
    box-shadow: var(--tw-inset-shadow), var(--tw-inset-ring-shadow), var(--tw-ring-offset-shadow), var(--tw-ring-shadow), var(--tw-shadow);
  }
  .shadow-lg {
    --tw-shadow: 0 10px 15px -3px var(--tw-shadow-color, rgb(0 0 0 / 0.1)), 0 4px 6px -4px var(--tw-shadow-color, rgb(0 0 0 / 0.1));
    box-shadow: var(--tw-inset-shadow), var(--tw-inset-ring-shadow), var(--tw-ring-offset-shadow), var(--tw-ring-shadow), var(--tw-shadow);
  }
  .shadow-md {
    --tw-shadow: 0 4px 6px -1px var(--tw-shadow-color, rgb(0 0 0 / 0.1)), 0 2px 4px -2px var(--tw-shadow-color, rgb(0 0 0 / 0.1));
    box-shadow: var(--tw-inset-shadow), var(--tw-inset-ring-shadow), var(--tw-ring-offset-shadow), var(--tw-ring-shadow), var(--tw-shadow);
  }
  .shadow-sm {
    --tw-shadow: 0 1px 3px 0 var(--tw-shadow-color, rgb(0 0 0 / 0.1)), 0 1px 2px -1px var(--tw-shadow-color, rgb(0 0 0 / 0.1));
    box-shadow: var(--tw-inset-shadow), var(--tw-inset-ring-shadow), var(--tw-ring-offset-shadow), var(--tw-ring-shadow), var(--tw-shadow);
  }
  .shadow-xl {
    --tw-shadow: 0 20px 25px -5px var(--tw-shadow-color, rgb(0 0 0 / 0.1)), 0 8px 10px -6px var(--tw-shadow-color, rgb(0 0 0 / 0.1));
    box-shadow: var(--tw-inset-shadow), var(--tw-inset-ring-shadow), var(--tw-ring-offset-shadow), var(--tw-ring-shadow), var(--tw-shadow);
  }
  .ring-offset-white {
    --tw-ring-offset-color: var(--color-white);
  }
  .outline {
    outline-style: var(--tw-outline-style);
    outline-width: 1px;
  }
  .blur {
    --tw-blur: blur(8px);
    filter: var(--tw-blur,) var(--tw-brightness,) var(--tw-contrast,) var(--tw-grayscale,) var(--tw-hue-rotate,) var(--tw-invert,) var(--tw-saturate,) var(--tw-sepia,) var(--tw-drop-shadow,);
  }
  .invert {
    --tw-invert: invert(100%);
    filter: var(--tw-blur,) var(--tw-brightness,) var(--tw-contrast,) var(--tw-grayscale,) var(--tw-hue-rotate,) var(--tw-invert,) var(--tw-saturate,) var(--tw-sepia,) var(--tw-drop-shadow,);
  }
  .filter {
    filter: var(--tw-blur,) var(--tw-brightness,) var(--tw-contrast,) var(--tw-grayscale,) var(--tw-hue-rotate,) var(--tw-invert,) var(--tw-saturate,) var(--tw-sepia,) var(--tw-drop-shadow,);
  }
  .transition {
    transition-property: color, background-color, border-color, outline-color, text-decoration-color, fill, stroke, --tw-gradient-from, --tw-gradient-via, --tw-gradient-to, opacity, box-shadow, transform, translate, scale, rotate, filter, -webkit-backdrop-filter, backdrop-filter, display, content-visibility, overlay, pointer-events;
    transition-timing-function: var(--tw-ease, var(--default-transition-timing-function));
    transition-duration: var(--tw-duration, var(--default-transition-duration));
  }
  .transition-all {
    transition-property: all;
    transition-timing-function: var(--tw-ease, var(--default-transition-timing-function));
    transition-duration: var(--tw-duration, var(--default-transition-duration));
  }
  .transition-colors {
    transition-property: color, background-color, border-color, outline-color, text-decoration-color, fill, stroke, --tw-gradient-from, --tw-gradient-via, --tw-gradient-to;
    transition-timing-function: var(--tw-ease, var(--default-transition-timing-function));
    transition-duration: var(--tw-duration, var(--default-transition-duration));
  }
  .transition-opacity {
    transition-property: opacity;
    transition-timing-function: var(--tw-ease, var(--default-transition-timing-function));
    transition-duration: var(--tw-duration, var(--default-transition-duration));
  }
  .transition-shadow {
    transition-property: box-shadow;
    transition-timing-function: var(--tw-ease, var(--default-transition-timing-function));
    transition-duration: var(--tw-duration, var(--default-transition-duration));
  }
  .duration-200 {
    --tw-duration: 200ms;
    transition-duration: 200ms;
  }
  .ease-out {
    --tw-ease: var(--ease-out);
    transition-timing-function: var(--ease-out);
  }
  .outline-none {
    --tw-outline-style: none;
    outline-style: none;
  }
  .select-none {
    -webkit-user-select: none;
    user-select: none;
  }
  .\[program\:laravel-worker\] {
    program: laravel-worker;
  }
  .group-hover\:opacity-100 {
    &:is(:where(.group):hover *) {
      @media (hover: hover) {
        opacity: 100%;
      }
    }
  }
  .hover\:scale-105 {
    &:hover {
      @media (hover: hover) {
        --tw-scale-x: 105%;
        --tw-scale-y: 105%;
        --tw-scale-z: 105%;
        scale: var(--tw-scale-x) var(--tw-scale-y);
      }
    }
  }
  .hover\:scale-125 {
    &:hover {
      @media (hover: hover) {
        --tw-scale-x: 125%;
        --tw-scale-y: 125%;
        --tw-scale-z: 125%;
        scale: var(--tw-scale-x) var(--tw-scale-y);
      }
    }
  }
  .hover\:bg-gray-50 {
    &:hover {
      @media (hover: hover) {
        background-color: var(--color-gray-50);
      }
    }
  }
  .hover\:bg-gray-100 {
    &:hover {
      @media (hover: hover) {
        background-color: var(--color-gray-100);
      }
    }
  }
  .hover\:bg-gray-200 {
    &:hover {
      @media (hover: hover) {
        background-color: var(--color-gray-200);
      }
    }
  }
  .hover\:bg-gray-800 {
    &:hover {
      @media (hover: hover) {
        background-color: var(--color-gray-800);
      }
    }
  }
  .hover\:bg-indigo-700 {
    &:hover {
      @media (hover: hover) {
        background-color: var(--color-indigo-700);
      }
    }
  }
  .hover\:bg-red-700 {
    &:hover {
      @media (hover: hover) {
        background-color: var(--color-red-700);
      }
    }
  }
  .hover\:text-amber-900 {
    &:hover {
      @media (hover: hover) {
        color: var(--color-amber-900);
      }
    }
  }
  .hover\:text-blue-600 {
    &:hover {
      @media (hover: hover) {
        color: var(--color-blue-600);
      }
    }
  }
  .hover\:text-gray-900 {
    &:hover {
      @media (hover: hover) {
        color: var(--color-gray-900);
      }
    }
  }
  .hover\:text-white {
    &:hover {
      @media (hover: hover) {
        color: var(--color-white);
      }
    }
  }
  .hover\:underline {
    &:hover {
      @media (hover: hover) {
        text-decoration-line: underline;
      }
    }
  }
  .hover\:shadow-md {
    &:hover {
      @media (hover: hover) {
        --tw-shadow: 0 4px 6px -1px var(--tw-shadow-color, rgb(0 0 0 / 0.1)), 0 2px 4px -2px var(--tw-shadow-color, rgb(0 0 0 / 0.1));
        box-shadow: var(--tw-inset-shadow), var(--tw-inset-ring-shadow), var(--tw-ring-offset-shadow), var(--tw-ring-shadow), var(--tw-shadow);
      }
    }
  }
  .hover\:ring-2 {
    &:hover {
      @media (hover: hover) {
        --tw-ring-shadow: var(--tw-ring-inset,) 0 0 0 calc(2px + var(--tw-ring-offset-width)) var(--tw-ring-color, currentcolor);
        box-shadow: var(--tw-inset-shadow), var(--tw-inset-ring-shadow), var(--tw-ring-offset-shadow), var(--tw-ring-shadow), var(--tw-shadow);
      }
    }
  }
  .hover\:ring-gray-900 {
    &:hover {
      @media (hover: hover) {
        --tw-ring-color: var(--color-gray-900);
      }
    }
  }
  .hover\:ring-offset-1 {
    &:hover {
      @media (hover: hover) {
        --tw-ring-offset-width: 1px;
        --tw-ring-offset-shadow: var(--tw-ring-inset,) 0 0 0 var(--tw-ring-offset-width) var(--tw-ring-offset-color);
      }
    }
  }
  .hover\:ring-offset-2 {
    &:hover {
      @media (hover: hover) {
        --tw-ring-offset-width: 2px;
        --tw-ring-offset-shadow: var(--tw-ring-inset,) 0 0 0 var(--tw-ring-offset-width) var(--tw-ring-offset-color);
      }
    }
  }
  .focus\:z-10 {
    &:focus {
      z-index: 10;
    }
  }
  .focus\:border-indigo-500 {
    &:focus {
      border-color: var(--color-indigo-500);
    }
  }
  .focus\:border-transparent {
    &:focus {
      border-color: transparent;
    }
  }
  .focus\:opacity-100 {
    &:focus {
      opacity: 100%;
    }
  }
  .focus\:ring-2 {
    &:focus {
      --tw-ring-shadow: var(--tw-ring-inset,) 0 0 0 calc(2px + var(--tw-ring-offset-width)) var(--tw-ring-color, currentcolor);
      box-shadow: var(--tw-inset-shadow), var(--tw-inset-ring-shadow), var(--tw-ring-offset-shadow), var(--tw-ring-shadow), var(--tw-shadow);
    }
  }
  .focus\:ring-gray-900 {
    &:focus {
      --tw-ring-color: var(--color-gray-900);
    }
  }
  .focus\:ring-indigo-500 {
    &:focus {
      --tw-ring-color: var(--color-indigo-500);
    }
  }
  .focus\:ring-offset-2 {
    &:focus {
      --tw-ring-offset-width: 2px;
      --tw-ring-offset-shadow: var(--tw-ring-inset,) 0 0 0 var(--tw-ring-offset-width) var(--tw-ring-offset-color);
    }
  }
  .focus\:outline-none {
    &:focus {
      --tw-outline-style: none;
      outline-style: none;
    }
  }
  .focus-visible\:ring-1 {
    &:focus-visible {
      --tw-ring-shadow: var(--tw-ring-inset,) 0 0 0 calc(1px + var(--tw-ring-offset-width)) var(--tw-ring-color, currentcolor);
      box-shadow: var(--tw-inset-shadow), var(--tw-inset-ring-shadow), var(--tw-ring-offset-shadow), var(--tw-ring-shadow), var(--tw-shadow);
    }
  }
  .focus-visible\:outline-none {
    &:focus-visible {
      --tw-outline-style: none;
      outline-style: none;
    }
  }
  .active\:bg-gray-200 {
    &:active {
      background-color: var(--color-gray-200);
    }
  }
  .disabled\:pointer-events-none {
    &:disabled {
      pointer-events: none;
    }
  }
  .disabled\:cursor-not-allowed {
    &:disabled {
      cursor: not-allowed;
    }
  }
  .disabled\:opacity-50 {
    &:disabled {
      opacity: 50%;
    }
  }
  .data-\[disabled\]\:pointer-events-none {
    &[data-disabled] {
      pointer-events: none;
    }
  }
  .data-\[disabled\]\:opacity-50 {
    &[data-disabled] {
      opacity: 50%;
    }
  }
  .data-\[swipe\=cancel\]\:translate-x-0 {
    &[data-swipe="cancel"] {
      --tw-translate-x: calc(var(--spacing) * 0);
      translate: var(--tw-translate-x) var(--tw-translate-y);
    }
  }
  .data-\[swipe\=end\]\:translate-x-\[var\(--radix-toast-swipe-end-x\)\] {
    &[data-swipe="end"] {
      --tw-translate-x: var(--radix-toast-swipe-end-x);
      translate: var(--tw-translate-x) var(--tw-translate-y);
    }
  }
  .data-\[swipe\=move\]\:translate-x-\[var\(--radix-toast-swipe-move-x\)\] {
    &[data-swipe="move"] {
      --tw-translate-x: var(--radix-toast-swipe-move-x);
      translate: var(--tw-translate-x) var(--tw-translate-y);
    }
  }
  .data-\[swipe\=move\]\:transition-none {
    &[data-swipe="move"] {
      transition-property: none;
    }
  }
  .sm\:top-auto {
    @media (width >= 40rem) {
      top: auto;
    }
  }
  .sm\:right-0 {
    @media (width >= 40rem) {
      right: calc(var(--spacing) * 0);
    }
  }
  .sm\:bottom-0 {
    @media (width >= 40rem) {
      bottom: calc(var(--spacing) * 0);
    }
  }
  .sm\:mt-0 {
    @media (width >= 40rem) {
      margin-top: calc(var(--spacing) * 0);
    }
  }
  .sm\:flex-col {
    @media (width >= 40rem) {
      flex-direction: column;
    }
  }
  .sm\:flex-row {
    @media (width >= 40rem) {
      flex-direction: row;
    }
  }
  .sm\:justify-end {
    @media (width >= 40rem) {
      justify-content: flex-end;
    }
  }
  .sm\:space-x-2 {
    @media (width >= 40rem) {
      :where(& > :not(:last-child)) {
        --tw-space-x-reverse: 0;
        margin-inline-start: calc(calc(var(--spacing) * 2) * var(--tw-space-x-reverse));
        margin-inline-end: calc(calc(var(--spacing) * 2) * calc(1 - var(--tw-space-x-reverse)));
      }
    }
  }
  .sm\:rounded-lg {
    @media (width >= 40rem) {
      border-radius: var(--radius-lg);
    }
  }
  .sm\:px-6 {
    @media (width >= 40rem) {
      padding-inline: calc(var(--spacing) * 6);
    }
  }
  .sm\:text-left {
    @media (width >= 40rem) {
      text-align: left;
    }
  }
  .sm\:text-sm {
    @media (width >= 40rem) {
      font-size: var(--text-sm);
      line-height: var(--tw-leading, var(--text-sm--line-height));
    }
  }
  .md\:max-w-\[420px\] {
    @media (width >= 48rem) {
      max-width: 420px;
    }
  }
  .lg\:px-8 {
    @media (width >= 64rem) {
      padding-inline: calc(var(--spacing) * 8);
    }
  }
  .\[\&_svg\]\:pointer-events-none {
    & svg {
      pointer-events: none;
    }
  }
  .\[\&_svg\]\:size-4 {
    & svg {
      width: calc(var(--spacing) * 4);
      height: calc(var(--spacing) * 4);
    }
  }
  .\[\&_svg\]\:shrink-0 {
    & svg {
      flex-shrink: 0;
    }
  }
}
@property --tw-translate-x {
  syntax: "*";
  inherits: false;
  initial-value: 0;
}
@property --tw-translate-y {
  syntax: "*";
  inherits: false;
  initial-value: 0;
}
@property --tw-translate-z {
  syntax: "*";
  inherits: false;
  initial-value: 0;
}
@property --tw-scale-x {
  syntax: "*";
  inherits: false;
  initial-value: 1;
}
@property --tw-scale-y {
  syntax: "*";
  inherits: false;
  initial-value: 1;
}
@property --tw-scale-z {
  syntax: "*";
  inherits: false;
  initial-value: 1;
}
@property --tw-rotate-x {
  syntax: "*";
  inherits: false;
}
@property --tw-rotate-y {
  syntax: "*";
  inherits: false;
}
@property --tw-rotate-z {
  syntax: "*";
  inherits: false;
}
@property --tw-skew-x {
  syntax: "*";
  inherits: false;
}
@property --tw-skew-y {
  syntax: "*";
  inherits: false;
}
@property --tw-space-y-reverse {
  syntax: "*";
  inherits: false;
  initial-value: 0;
}
@property --tw-space-x-reverse {
  syntax: "*";
  inherits: false;
  initial-value: 0;
}
@property --tw-border-style {
  syntax: "*";
  inherits: false;
  initial-value: solid;
}
@property --tw-gradient-position {
  syntax: "*";
  inherits: false;
}
@property --tw-gradient-from {
  syntax: "<color>";
  inherits: false;
  initial-value: #0000;
}
@property --tw-gradient-via {
  syntax: "<color>";
  inherits: false;
  initial-value: #0000;
}
@property --tw-gradient-to {
  syntax: "<color>";
  inherits: false;
  initial-value: #0000;
}
@property --tw-gradient-stops {
  syntax: "*";
  inherits: false;
}
@property --tw-gradient-via-stops {
  syntax: "*";
  inherits: false;
}
@property --tw-gradient-from-position {
  syntax: "<length-percentage>";
  inherits: false;
  initial-value: 0%;
}
@property --tw-gradient-via-position {
  syntax: "<length-percentage>";
  inherits: false;
  initial-value: 50%;
}
@property --tw-gradient-to-position {
  syntax: "<length-percentage>";
  inherits: false;
  initial-value: 100%;
}
@property --tw-leading {
  syntax: "*";
  inherits: false;
}
@property --tw-font-weight {
  syntax: "*";
  inherits: false;
}
@property --tw-tracking {
  syntax: "*";
  inherits: false;
}
@property --tw-shadow {
  syntax: "*";
  inherits: false;
  initial-value: 0 0 #0000;
}
@property --tw-shadow-color {
  syntax: "*";
  inherits: false;
}
@property --tw-shadow-alpha {
  syntax: "<percentage>";
  inherits: false;
  initial-value: 100%;
}
@property --tw-inset-shadow {
  syntax: "*";
  inherits: false;
  initial-value: 0 0 #0000;
}
@property --tw-inset-shadow-color {
  syntax: "*";
  inherits: false;
}
@property --tw-inset-shadow-alpha {
  syntax: "<percentage>";
  inherits: false;
  initial-value: 100%;
}
@property --tw-ring-color {
  syntax: "*";
  inherits: false;
}
@property --tw-ring-shadow {
  syntax: "*";
  inherits: false;
  initial-value: 0 0 #0000;
}
@property --tw-inset-ring-color {
  syntax: "*";
  inherits: false;
}
@property --tw-inset-ring-shadow {
  syntax: "*";
  inherits: false;
  initial-value: 0 0 #0000;
}
@property --tw-ring-inset {
  syntax: "*";
  inherits: false;
}
@property --tw-ring-offset-width {
  syntax: "<length>";
  inherits: false;
  initial-value: 0px;
}
@property --tw-ring-offset-color {
  syntax: "*";
  inherits: false;
  initial-value: #fff;
}
@property --tw-ring-offset-shadow {
  syntax: "*";
  inherits: false;
  initial-value: 0 0 #0000;
}
@property --tw-outline-style {
  syntax: "*";
  inherits: false;
  initial-value: solid;
}
@property --tw-blur {
  syntax: "*";
  inherits: false;
}
@property --tw-brightness {
  syntax: "*";
  inherits: false;
}
@property --tw-contrast {
  syntax: "*";
  inherits: false;
}
@property --tw-grayscale {
  syntax: "*";
  inherits: false;
}
@property --tw-hue-rotate {
  syntax: "*";
  inherits: false;
}
@property --tw-invert {
  syntax: "*";
  inherits: false;
}
@property --tw-opacity {
  syntax: "*";
  inherits: false;
}
@property --tw-saturate {
  syntax: "*";
  inherits: false;
}
@property --tw-sepia {
  syntax: "*";
  inherits: false;
}
@property --tw-drop-shadow {
  syntax: "*";
  inherits: false;
}
@property --tw-drop-shadow-color {
  syntax: "*";
  inherits: false;
}
@property --tw-drop-shadow-alpha {
  syntax: "<percentage>";
  inherits: false;
  initial-value: 100%;
}
@property --tw-drop-shadow-size {
  syntax: "*";
  inherits: false;
}
@property --tw-duration {
  syntax: "*";
  inherits: false;
}
@property --tw-ease {
  syntax: "*";
  inherits: false;
}
@keyframes spin {
  to {
    transform: rotate(360deg);
  }
}
@keyframes pulse {
  50% {
    opacity: 0.5;
  }
}
@layer properties {
  @supports ((-webkit-hyphens: none) and (not (margin-trim: inline))) or ((-moz-orient: inline) and (not (color:rgb(from red r g b)))) {
    *, ::before, ::after, ::backdrop {
      --tw-translate-x: 0;
      --tw-translate-y: 0;
      --tw-translate-z: 0;
      --tw-scale-x: 1;
      --tw-scale-y: 1;
      --tw-scale-z: 1;
      --tw-rotate-x: initial;
      --tw-rotate-y: initial;
      --tw-rotate-z: initial;
      --tw-skew-x: initial;
      --tw-skew-y: initial;
      --tw-space-y-reverse: 0;
      --tw-space-x-reverse: 0;
      --tw-border-style: solid;
      --tw-gradient-position: initial;
      --tw-gradient-from: #0000;
      --tw-gradient-via: #0000;
      --tw-gradient-to: #0000;
      --tw-gradient-stops: initial;
      --tw-gradient-via-stops: initial;
      --tw-gradient-from-position: 0%;
      --tw-gradient-via-position: 50%;
      --tw-gradient-to-position: 100%;
      --tw-leading: initial;
      --tw-font-weight: initial;
      --tw-tracking: initial;
      --tw-shadow: 0 0 #0000;
      --tw-shadow-color: initial;
      --tw-shadow-alpha: 100%;
      --tw-inset-shadow: 0 0 #0000;
      --tw-inset-shadow-color: initial;
      --tw-inset-shadow-alpha: 100%;
      --tw-ring-color: initial;
      --tw-ring-shadow: 0 0 #0000;
      --tw-inset-ring-color: initial;
      --tw-inset-ring-shadow: 0 0 #0000;
      --tw-ring-inset: initial;
      --tw-ring-offset-width: 0px;
      --tw-ring-offset-color: #fff;
      --tw-ring-offset-shadow: 0 0 #0000;
      --tw-outline-style: solid;
      --tw-blur: initial;
      --tw-brightness: initial;
      --tw-contrast: initial;
      --tw-grayscale: initial;
      --tw-hue-rotate: initial;
      --tw-invert: initial;
      --tw-opacity: initial;
      --tw-saturate: initial;
      --tw-sepia: initial;
      --tw-drop-shadow: initial;
      --tw-drop-shadow-color: initial;
      --tw-drop-shadow-alpha: 100%;
      --tw-drop-shadow-size: initial;
      --tw-duration: initial;
      --tw-ease: initial;
    }
  }
}
</style><style>
    #nprogress {
      pointer-events: none;
    }

    #nprogress .bar {
      background: #4B5563;

      position: fixed;
      z-index: 1031;
      top: 0;
      left: 0;

      width: 100%;
      height: 2px;
    }

    #nprogress .peg {
      display: block;
      position: absolute;
      right: 0px;
      width: 100px;
      height: 100%;
      box-shadow: 0 0 10px #4B5563, 0 0 5px #4B5563;
      opacity: 1.0;

      transform: rotate(3deg) translate(0px, -4px);
    }

    #nprogress .spinner {
      display: block;
      position: fixed;
      z-index: 1031;
      top: 15px;
      right: 15px;
    }

    #nprogress .spinner-icon {
      width: 18px;
      height: 18px;
      box-sizing: border-box;

      border: solid 2px transparent;
      border-top-color: #4B5563;
      border-left-color: #4B5563;
      border-radius: 50%;

      animation: nprogress-spinner 400ms linear infinite;
    }

    .nprogress-custom-parent {
      overflow: hidden;
      position: relative;
    }

    .nprogress-custom-parent #nprogress .spinner,
    .nprogress-custom-parent #nprogress .bar {
      position: absolute;
    }

    @keyframes nprogress-spinner {
      0%   { transform: rotate(0deg); }
      100% { transform: rotate(360deg); }
    }
  </style></head>

<body class="font-sans antialiased" style="margin-bottom: 32px;">
    <div id="app" data-page="{&quot;component&quot;:&quot;Auth\/Login&quot;,&quot;props&quot;:[],&quot;url&quot;:&quot;\/login&quot;,&quot;version&quot;:&quot;&quot;,&quot;clearHistory&quot;:false,&quot;encryptHistory&quot;:false}"><div class="min-h-screen bg-gradient-to-br from-gray-50 to-gray-100"><header class="bg-white border-b border-gray-200 sticky top-0 z-10 shadow-sm"><div class="max-w-5xl mx-auto px-4 py-4"><div class="flex items-center justify-between"><div><h1 class="text-2xl font-bold text-gray-900">Reactions Demo</h1><p class="text-sm text-gray-500 mt-1">Facebook-like reaction system</p></div><a class="inline-flex items-center gap-2 px-6 py-2.5 text-sm font-medium text-white bg-gray-900 hover:bg-gray-800 rounded-lg transition-colors shadow-sm" href="/login"><svg xmlns="http://www.w3.org/2000/svg" width="24" height="24" viewBox="0 0 24 24" fill="none" stroke="currentColor" stroke-width="2" stroke-linecap="round" stroke-linejoin="round" class="lucide lucide-user w-4 h-4" aria-hidden="true"><path d="M19 21v-2a4 4 0 0 0-4-4H9a4 4 0 0 0-4 4v2"></path><circle cx="12" cy="7" r="4"></circle></svg>Login to React</a></div></div></header><main class="max-w-5xl mx-auto px-4 py-8"><div class="mb-8 p-6 bg-gradient-to-r from-amber-50 to-yellow-50 border border-amber-200 rounded-xl shadow-sm"><div class="flex items-start gap-4"><div class="flex-shrink-0 w-10 h-10 bg-amber-100 rounded-full flex items-center justify-center"><span class="text-xl">💡</span></div><div><h3 class="text-sm font-semibold text-amber-900 mb-1">Login Required</h3><p class="text-sm text-amber-800">You need to be logged in to add reactions to posts. <a class="underline font-medium hover:text-amber-900" href="/login">Click here to login</a></p></div></div></div><div class="space-y-6"><article class="bg-white rounded-xl shadow-sm border border-gray-200 overflow-hidden hover:shadow-md transition-shadow"><div class="p-6"><h2 class="text-xl font-bold text-gray-900 mb-3">Welcome to Our Reaction System!</h2><p class="text-gray-600 leading-relaxed mb-6">This is a demonstration of our Facebook-like reaction system. Hover over the Like button to see all available reactions! You can express yourself with 👍 Like, ❤️ Love, 😂 Haha, 😮 Wow, 😢 Sad, or 😠 Angry.</p><div class="pt-4 border-t border-gray-100"><div class="flex items-center gap-3"><button data-testid="reaction-button-like" class="
                            group inline-flex items-center gap-1.5 px-3 py-1.5 rounded-md font-medium text-sm transition-all duration-200
                            bg-gray-900 text-white hover:bg-gray-800 shadow-sm
                            cursor-pointer hover:scale-105
                        " type="button" id="radix-_r_0_" aria-haspopup="menu" aria-expanded="false" data-state="closed"><span class="text-base">👍</span><span class="font-medium text-sm">Like</span></button><div class="flex items-center gap-1.5"><button data-testid="reaction-count-haha" class="
                                    inline-flex items-center gap-1 px-2 py-1 rounded-full text-xs font-medium transition-all
                                    bg-gray-100 text-gray-700 hover:bg-gray-200
                                    cursor-pointer hover:scale-105
                                "><span class="text-base">😂</span><span>13</span></button><button data-testid="reaction-count-love" class="
                                    inline-flex items-center gap-1 px-2 py-1 rounded-full text-xs font-medium transition-all
                                    bg-gray-100 text-gray-700 hover:bg-gray-200
                                    cursor-pointer hover:scale-105
                                "><span class="text-base">❤️</span><span>11</span></button><button data-testid="reaction-count-angry" class="
                                    inline-flex items-center gap-1 px-2 py-1 rounded-full text-xs font-medium transition-all
                                    bg-gray-100 text-gray-700 hover:bg-gray-200
                                    cursor-pointer hover:scale-105
                                "><span class="text-base">😠</span><span>8</span></button><button data-testid="reaction-count-like" class="
                                    inline-flex items-center gap-1 px-2 py-1 rounded-full text-xs font-medium transition-all
                                    bg-gray-900 text-white shadow-sm
                                    cursor-pointer hover:scale-105
                                "><span class="text-base">👍</span><span>7</span></button><button data-testid="reaction-count-sad" class="
                                    inline-flex items-center gap-1 px-2 py-1 rounded-full text-xs font-medium transition-all
                                    bg-gray-100 text-gray-700 hover:bg-gray-200
                                    cursor-pointer hover:scale-105
                                "><span class="text-base">😢</span><span>6</span></button><button data-testid="reaction-count-wow" class="
                                    inline-flex items-center gap-1 px-2 py-1 rounded-full text-xs font-medium transition-all
                                    bg-gray-100 text-gray-700 hover:bg-gray-200
                                    cursor-pointer hover:scale-105
                                "><span class="text-base">😮</span><span>5</span></button><button class="p-1.5 hover:bg-gray-100 rounded-full transition-colors" title="See who reacted"><svg xmlns="http://www.w3.org/2000/svg" width="24" height="24" viewBox="0 0 24 24" fill="none" stroke="currentColor" stroke-width="2" stroke-linecap="round" stroke-linejoin="round" class="lucide lucide-chevron-down w-4 h-4 text-gray-600" aria-hidden="true"><path d="m6 9 6 6 6-6"></path></svg></button></div></div></div><div class="pt-6 border-t border-gray-100 mt-6"><div class="space-y-3"><div class="flex items-center justify-between"><div class="flex items-center gap-2"><svg xmlns="http://www.w3.org/2000/svg" width="24" height="24" viewBox="0 0 24 24" fill="none" stroke="currentColor" stroke-width="2" stroke-linecap="round" stroke-linejoin="round" class="lucide lucide-message-square w-4 h-4 text-gray-600" aria-hidden="true"><path d="M22 17a2 2 0 0 1-2 2H6.828a2 2 0 0 0-1.414.586l-2.202 2.202A.71.71 0 0 1 2 21.286V5a2 2 0 0 1 2-2h16a2 2 0 0 1 2 2z"></path></svg><h3 class="text-base font-semibold text-gray-900">Comments (36)</h3></div><button data-testid="add-comment-button" class="px-3 py-1.5 text-sm font-medium text-white bg-gray-900 rounded-md hover:bg-gray-800 transition-colors">Add Comment</button></div><div class="space-y-2"><div class=""><div class="bg-white rounded-md border border-gray-200 p-3"><div class="flex items-start justify-between mb-2"><div class="flex items-center gap-2"><div class="w-8 h-8 bg-gradient-to-br from-gray-700 to-gray-900 rounded-full flex items-center justify-center text-white font-semibold text-sm flex-shrink-0 cursor-pointer hover:ring-2 hover:ring-gray-900 hover:ring-offset-1 transition-all">T</div><div><div class="flex items-center gap-1.5"><span class="text-sm font-semibold text-gray-900 cursor-pointer hover:underline">Test User</span></div><span class="text-xs text-gray-500">Nov 30, 2025, 07:57 PM</span></div></div><button class="p-1 hover:bg-gray-100 rounded-full transition-colors" type="button" id="radix-_r_2_" aria-haspopup="menu" aria-expanded="false" data-state="closed"><svg xmlns="http://www.w3.org/2000/svg" width="24" height="24" viewBox="0 0 24 24" fill="none" stroke="currentColor" stroke-width="2" stroke-linecap="round" stroke-linejoin="round" class="lucide lucide-ellipsis-vertical w-4 h-4 text-gray-600" aria-hidden="true"><circle cx="12" cy="12" r="1"></circle><circle cx="12" cy="5" r="1"></circle><circle cx="12" cy="19" r="1"></circle></svg></button></div><p class="text-sm text-gray-800 whitespace-pre-wrap mb-2">Test comment 1764518241645</p><div class="flex items-center gap-3"><div class="flex items-center gap-3"><button data-testid="reaction-button-like" class="
                            group inline-flex items-center gap-1.5 px-3 py-1.5 rounded-md font-medium text-sm transition-all duration-200
                            bg-white text-gray-700 hover:bg-gray-50 border border-gray-300
                            cursor-pointer hover:scale-105
                        " type="button" id="radix-_r_4_" aria-haspopup="menu" aria-expanded="false" data-state="closed"><span class="text-base">👍</span><span class="font-medium text-sm">Like</span></button></div><button data-testid="reply-button" class="flex items-center gap-1 text-sm text-gray-600 hover:text-gray-900 transition-colors"><svg xmlns="http://www.w3.org/2000/svg" width="24" height="24" viewBox="0 0 24 24" fill="none" stroke="currentColor" stroke-width="2" stroke-linecap="round" stroke-linejoin="round" class="lucide lucide-reply w-4 h-4" aria-hidden="true"><path d="M20 18v-2a4 4 0 0 0-4-4H4"></path><path d="m9 17-5-5 5-5"></path></svg>Reply</button></div></div></div><div class=""><div class="bg-white rounded-md border border-gray-200 p-3"><div class="flex items-start justify-between mb-2"><div class="flex items-center gap-2"><div class="w-8 h-8 bg-gradient-to-br from-gray-700 to-gray-900 rounded-full flex items-center justify-center text-white font-semibold text-sm flex-shrink-0 cursor-pointer hover:ring-2 hover:ring-gray-900 hover:ring-offset-1 transition-all">T</div><div><div class="flex items-center gap-1.5"><span class="text-sm font-semibold text-gray-900 cursor-pointer hover:underline">Test User</span></div><span class="text-xs text-gray-500">Nov 30, 2025, 07:54 PM</span></div></div><button class="p-1 hover:bg-gray-100 rounded-full transition-colors" type="button" id="radix-_r_9_" aria-haspopup="menu" aria-expanded="false" data-state="closed"><svg xmlns="http://www.w3.org/2000/svg" width="24" height="24" viewBox="0 0 24 24" fill="none" stroke="currentColor" stroke-width="2" stroke-linecap="round" stroke-linejoin="round" class="lucide lucide-ellipsis-vertical w-4 h-4 text-gray-600" aria-hidden="true"><circle cx="12" cy="12" r="1"></circle><circle cx="12" cy="5" r="1"></circle><circle cx="12" cy="19" r="1"></circle></svg></button></div><p class="text-sm text-gray-800 whitespace-pre-wrap mb-2">Test comment 1764518097186</p><div class="flex items-center gap-3"><div class="flex items-center gap-3"><button data-testid="reaction-button-like" class="
                            group inline-flex items-center gap-1.5 px-3 py-1.5 rounded-md font-medium text-sm transition-all duration-200
                            bg-white text-gray-700 hover:bg-gray-50 border border-gray-300
                            cursor-pointer hover:scale-105
                        " type="button" id="radix-_r_b_" aria-haspopup="menu" aria-expanded="false" data-state="closed"><span class="text-base">👍</span><span class="font-medium text-sm">Like</span></button></div><button data-testid="reply-button" class="flex items-center gap-1 text-sm text-gray-600 hover:text-gray-900 transition-colors"><svg xmlns="http://www.w3.org/2000/svg" width="24" height="24" viewBox="0 0 24 24" fill="none" stroke="currentColor" stroke-width="2" stroke-linecap="round" stroke-linejoin="round" class="lucide lucide-reply w-4 h-4" aria-hidden="true"><path d="M20 18v-2a4 4 0 0 0-4-4H4"></path><path d="m9 17-5-5 5-5"></path></svg>Reply</button></div></div><div class="mt-2 space-y-2"><div class="ml-10"><div class="bg-white rounded-md border border-gray-200 p-3"><div class="flex items-start justify-between mb-2"><div class="flex items-center gap-2"><div class="w-8 h-8 bg-gradient-to-br from-gray-700 to-gray-900 rounded-full flex items-center justify-center text-white font-semibold text-sm flex-shrink-0 cursor-pointer hover:ring-2 hover:ring-gray-900 hover:ring-offset-1 transition-all">T</div><div><div class="flex items-center gap-1.5"><span class="text-sm font-semibold text-gray-900 cursor-pointer hover:underline">Test User</span></div><span class="text-xs text-gray-500">Nov 30, 2025, 07:57 PM</span></div></div><button class="p-1 hover:bg-gray-100 rounded-full transition-colors" type="button" id="radix-_r_d_" aria-haspopup="menu" aria-expanded="false" data-state="closed"><svg xmlns="http://www.w3.org/2000/svg" width="24" height="24" viewBox="0 0 24 24" fill="none" stroke="currentColor" stroke-width="2" stroke-linecap="round" stroke-linejoin="round" class="lucide lucide-ellipsis-vertical w-4 h-4 text-gray-600" aria-hidden="true"><circle cx="12" cy="12" r="1"></circle><circle cx="12" cy="5" r="1"></circle><circle cx="12" cy="19" r="1"></circle></svg></button></div><p class="text-sm text-gray-800 whitespace-pre-wrap mb-2">Test reply 1764518242023</p><div class="flex items-center gap-3"><div class="flex items-center gap-3"><button data-testid="reaction-button-like" class="
                            group inline-flex items-center gap-1.5 px-3 py-1.5 rounded-md font-medium text-sm transition-all duration-200
                            bg-white text-gray-700 hover:bg-gray-50 border border-gray-300
                            cursor-pointer hover:scale-105
                        " type="button" id="radix-_r_f_" aria-haspopup="menu" aria-expanded="false" data-state="closed"><span class="text-base">👍</span><span class="font-medium text-sm">Like</span></button></div></div></div></div></div></div><div class=""><div class="bg-white rounded-md border border-gray-200 p-3"><div class="flex items-start justify-between mb-2"><div class="flex items-center gap-2"><div class="w-8 h-8 bg-gradient-to-br from-gray-700 to-gray-900 rounded-full flex items-center justify-center text-white font-semibold text-sm flex-shrink-0 cursor-pointer hover:ring-2 hover:ring-gray-900 hover:ring-offset-1 transition-all">T</div><div><div class="flex items-center gap-1.5"><span class="text-sm font-semibold text-gray-900 cursor-pointer hover:underline">Test User</span></div><span class="text-xs text-gray-500">Nov 30, 2025, 07:52 PM</span></div></div><button class="p-1 hover:bg-gray-100 rounded-full transition-colors" type="button" id="radix-_r_n_" aria-haspopup="menu" aria-expanded="false" data-state="closed"><svg xmlns="http://www.w3.org/2000/svg" width="24" height="24" viewBox="0 0 24 24" fill="none" stroke="currentColor" stroke-width="2" stroke-linecap="round" stroke-linejoin="round" class="lucide lucide-ellipsis-vertical w-4 h-4 text-gray-600" aria-hidden="true"><circle cx="12" cy="12" r="1"></circle><circle cx="12" cy="5" r="1"></circle><circle cx="12" cy="19" r="1"></circle></svg></button></div><p class="text-sm text-gray-800 whitespace-pre-wrap mb-2">Test comment 1764517923365</p><div class="flex items-center gap-3"><div class="flex items-center gap-3"><button data-testid="reaction-button-like" class="
                            group inline-flex items-center gap-1.5 px-3 py-1.5 rounded-md font-medium text-sm transition-all duration-200
                            bg-white text-gray-700 hover:bg-gray-50 border border-gray-300
                            cursor-pointer hover:scale-105
                        " type="button" id="radix-_r_p_" aria-haspopup="menu" aria-expanded="false" data-state="closed"><span class="text-base">👍</span><span class="font-medium text-sm">Like</span></button></div><button data-testid="reply-button" class="flex items-center gap-1 text-sm text-gray-600 hover:text-gray-900 transition-colors"><svg xmlns="http://www.w3.org/2000/svg" width="24" height="24" viewBox="0 0 24 24" fill="none" stroke="currentColor" stroke-width="2" stroke-linecap="round" stroke-linejoin="round" class="lucide lucide-reply w-4 h-4" aria-hidden="true"><path d="M20 18v-2a4 4 0 0 0-4-4H4"></path><path d="m9 17-5-5 5-5"></path></svg>Reply</button></div></div><div class="mt-2 space-y-2"><div class="ml-10"><div class="bg-white rounded-md border border-gray-200 p-3"><div class="flex items-start justify-between mb-2"><div class="flex items-center gap-2"><div class="w-8 h-8 bg-gradient-to-br from-gray-700 to-gray-900 rounded-full flex items-center justify-center text-white font-semibold text-sm flex-shrink-0 cursor-pointer hover:ring-2 hover:ring-gray-900 hover:ring-offset-1 transition-all">T</div><div><div class="flex items-center gap-1.5"><span class="text-sm font-semibold text-gray-900 cursor-pointer hover:underline">Test User</span></div><span class="text-xs text-gray-500">Nov 30, 2025, 07:54 PM</span></div></div><button class="p-1 hover:bg-gray-100 rounded-full transition-colors" type="button" id="radix-_r_r_" aria-haspopup="menu" aria-expanded="false" data-state="closed"><svg xmlns="http://www.w3.org/2000/svg" width="24" height="24" viewBox="0 0 24 24" fill="none" stroke="currentColor" stroke-width="2" stroke-linecap="round" stroke-linejoin="round" class="lucide lucide-ellipsis-vertical w-4 h-4 text-gray-600" aria-hidden="true"><circle cx="12" cy="12" r="1"></circle><circle cx="12" cy="5" r="1"></circle><circle cx="12" cy="19" r="1"></circle></svg></button></div><p class="text-sm text-gray-800 whitespace-pre-wrap mb-2">Test reply 1764518096026</p><div class="flex items-center gap-3"><div class="flex items-center gap-3"><button data-testid="reaction-button-like" class="
                            group inline-flex items-center gap-1.5 px-3 py-1.5 rounded-md font-medium text-sm transition-all duration-200
                            bg-white text-gray-700 hover:bg-gray-50 border border-gray-300
                            cursor-pointer hover:scale-105
                        " type="button" id="radix-_r_t_" aria-haspopup="menu" aria-expanded="false" data-state="closed"><span class="text-base">👍</span><span class="font-medium text-sm">Like</span></button></div></div></div></div></div></div><div class=""><div class="bg-white rounded-md border border-gray-200 p-3"><div class="flex items-start justify-between mb-2"><div class="flex items-center gap-2"><div class="w-8 h-8 bg-gradient-to-br from-gray-700 to-gray-900 rounded-full flex items-center justify-center text-white font-semibold text-sm flex-shrink-0 cursor-pointer hover:ring-2 hover:ring-gray-900 hover:ring-offset-1 transition-all">T</div><div><div class="flex items-center gap-1.5"><span class="text-sm font-semibold text-gray-900 cursor-pointer hover:underline">Test User</span></div><span class="text-xs text-gray-500">Nov 30, 2025, 07:28 PM</span></div></div><button class="p-1 hover:bg-gray-100 rounded-full transition-colors" type="button" id="radix-_r_15_" aria-haspopup="menu" aria-expanded="false" data-state="closed"><svg xmlns="http://www.w3.org/2000/svg" width="24" height="24" viewBox="0 0 24 24" fill="none" stroke="currentColor" stroke-width="2" stroke-linecap="round" stroke-linejoin="round" class="lucide lucide-ellipsis-vertical w-4 h-4 text-gray-600" aria-hidden="true"><circle cx="12" cy="12" r="1"></circle><circle cx="12" cy="5" r="1"></circle><circle cx="12" cy="19" r="1"></circle></svg></button></div><p class="text-sm text-gray-800 whitespace-pre-wrap mb-2">sgsgs</p><div class="flex items-center gap-3"><div class="flex items-center gap-3"><button data-testid="reaction-button-like" class="
                            group inline-flex items-center gap-1.5 px-3 py-1.5 rounded-md font-medium text-sm transition-all duration-200
                            bg-white text-gray-700 hover:bg-gray-50 border border-gray-300
                            cursor-pointer hover:scale-105
                        " type="button" id="radix-_r_17_" aria-haspopup="menu" aria-expanded="false" data-state="closed"><span class="text-base">👍</span><span class="font-medium text-sm">Like</span></button></div><button data-testid="reply-button" class="flex items-center gap-1 text-sm text-gray-600 hover:text-gray-900 transition-colors"><svg xmlns="http://www.w3.org/2000/svg" width="24" height="24" viewBox="0 0 24 24" fill="none" stroke="currentColor" stroke-width="2" stroke-linecap="round" stroke-linejoin="round" class="lucide lucide-reply w-4 h-4" aria-hidden="true"><path d="M20 18v-2a4 4 0 0 0-4-4H4"></path><path d="m9 17-5-5 5-5"></path></svg>Reply</button></div></div><div class="mt-2 space-y-2"><div class="ml-10"><div class="bg-white rounded-md border border-gray-200 p-3"><div class="flex items-start justify-between mb-2"><div class="flex items-center gap-2"><div class="w-8 h-8 bg-gradient-to-br from-gray-700 to-gray-900 rounded-full flex items-center justify-center text-white font-semibold text-sm flex-shrink-0 cursor-pointer hover:ring-2 hover:ring-gray-900 hover:ring-offset-1 transition-all">T</div><div><div class="flex items-center gap-1.5"><span class="text-sm font-semibold text-gray-900 cursor-pointer hover:underline">Test User</span></div><span class="text-xs text-gray-500">Nov 30, 2025, 07:52 PM</span></div></div><button class="p-1 hover:bg-gray-100 rounded-full transition-colors" type="button" id="radix-_r_19_" aria-haspopup="menu" aria-expanded="false" data-state="closed"><svg xmlns="http://www.w3.org/2000/svg" width="24" height="24" viewBox="0 0 24 24" fill="none" stroke="currentColor" stroke-width="2" stroke-linecap="round" stroke-linejoin="round" class="lucide lucide-ellipsis-vertical w-4 h-4 text-gray-600" aria-hidden="true"><circle cx="12" cy="12" r="1"></circle><circle cx="12" cy="5" r="1"></circle><circle cx="12" cy="19" r="1"></circle></svg></button></div><p class="text-sm text-gray-800 whitespace-pre-wrap mb-2">Test reply 1764517923381</p><div class="flex items-center gap-3"><div class="flex items-center gap-3"><button data-testid="reaction-button-like" class="
                            group inline-flex items-center gap-1.5 px-3 py-1.5 rounded-md font-medium text-sm transition-all duration-200
                            bg-white text-gray-700 hover:bg-gray-50 border border-gray-300
                            cursor-pointer hover:scale-105
                        " type="button" id="radix-_r_1b_" aria-haspopup="menu" aria-expanded="false" data-state="closed"><span class="text-base">👍</span><span class="font-medium text-sm">Like</span></button></div></div></div></div><div class="ml-10"><div class="bg-white rounded-md border border-gray-200 p-3"><div class="flex items-start justify-between mb-2"><div class="flex items-center gap-2"><div class="w-8 h-8 bg-gradient-to-br from-gray-700 to-gray-900 rounded-full flex items-center justify-center text-white font-semibold text-sm flex-shrink-0 cursor-pointer hover:ring-2 hover:ring-gray-900 hover:ring-offset-1 transition-all">T</div><div><div class="flex items-center gap-1.5"><span class="text-sm font-semibold text-gray-900 cursor-pointer hover:underline">Test User</span></div><span class="text-xs text-gray-500">Nov 30, 2025, 07:28 PM</span></div></div><button class="p-1 hover:bg-gray-100 rounded-full transition-colors" type="button" id="radix-_r_1g_" aria-haspopup="menu" aria-expanded="false" data-state="closed"><svg xmlns="http://www.w3.org/2000/svg" width="24" height="24" viewBox="0 0 24 24" fill="none" stroke="currentColor" stroke-width="2" stroke-linecap="round" stroke-linejoin="round" class="lucide lucide-ellipsis-vertical w-4 h-4 text-gray-600" aria-hidden="true"><circle cx="12" cy="12" r="1"></circle><circle cx="12" cy="5" r="1"></circle><circle cx="12" cy="19" r="1"></circle></svg></button></div><p class="text-sm text-gray-800 whitespace-pre-wrap mb-2">sfgsgfs</p><div class="flex items-center gap-3"><div class="flex items-center gap-3"><button data-testid="reaction-button-like" class="
                            group inline-flex items-center gap-1.5 px-3 py-1.5 rounded-md font-medium text-sm transition-all duration-200
                            bg-white text-gray-700 hover:bg-gray-50 border border-gray-300
                            cursor-pointer hover:scale-105
                        " type="button" id="radix-_r_1i_" aria-haspopup="menu" aria-expanded="false" data-state="closed"><span class="text-base">👍</span><span class="font-medium text-sm">Like</span></button></div></div></div></div></div></div><div class=""><div class="bg-white rounded-md border border-gray-200 p-3"><div class="flex items-start justify-between mb-2"><div class="flex items-center gap-2"><div class="w-8 h-8 bg-gradient-to-br from-gray-700 to-gray-900 rounded-full flex items-center justify-center text-white font-semibold text-sm flex-shrink-0 cursor-pointer hover:ring-2 hover:ring-gray-900 hover:ring-offset-1 transition-all">T</div><div><div class="flex items-center gap-1.5"><span class="text-sm font-semibold text-gray-900 cursor-pointer hover:underline">Test User</span></div><span class="text-xs text-gray-500">Nov 30, 2025, 07:24 PM</span></div></div><button class="p-1 hover:bg-gray-100 rounded-full transition-colors" type="button" id="radix-_r_1q_" aria-haspopup="menu" aria-expanded="false" data-state="closed"><svg xmlns="http://www.w3.org/2000/svg" width="24" height="24" viewBox="0 0 24 24" fill="none" stroke="currentColor" stroke-width="2" stroke-linecap="round" stroke-linejoin="round" class="lucide lucide-ellipsis-vertical w-4 h-4 text-gray-600" aria-hidden="true"><circle cx="12" cy="12" r="1"></circle><circle cx="12" cy="5" r="1"></circle><circle cx="12" cy="19" r="1"></circle></svg></button></div><p class="text-sm text-gray-800 whitespace-pre-wrap mb-2">Test comment 1764516258855</p><div class="flex items-center gap-3"><div class="flex items-center gap-3"><button data-testid="reaction-button-like" class="
                            group inline-flex items-center gap-1.5 px-3 py-1.5 rounded-md font-medium text-sm transition-all duration-200
                            bg-white text-gray-700 hover:bg-gray-50 border border-gray-300
                            cursor-pointer hover:scale-105
                        " type="button" id="radix-_r_1s_" aria-haspopup="menu" aria-expanded="false" data-state="closed"><span class="text-base">👍</span><span class="font-medium text-sm">Like</span></button></div><button data-testid="reply-button" class="flex items-center gap-1 text-sm text-gray-600 hover:text-gray-900 transition-colors"><svg xmlns="http://www.w3.org/2000/svg" width="24" height="24" viewBox="0 0 24 24" fill="none" stroke="currentColor" stroke-width="2" stroke-linecap="round" stroke-linejoin="round" class="lucide lucide-reply w-4 h-4" aria-hidden="true"><path d="M20 18v-2a4 4 0 0 0-4-4H4"></path><path d="m9 17-5-5 5-5"></path></svg>Reply</button></div></div></div><div class="pt-4 flex justify-center gap-3"><button class="px-4 py-2 text-sm font-medium text-gray-700 bg-white border border-gray-300 rounded-md hover:bg-gray-50 transition-colors disabled:opacity-50 disabled:cursor-not-allowed flex items-center gap-2">Show More Comments</button></div></div></div></div></div></article><article class="bg-white rounded-xl shadow-sm border border-gray-200 overflow-hidden hover:shadow-md transition-shadow"><div class="p-6"><h2 class="text-xl font-bold text-gray-900 mb-3">Amazing New Features Released</h2><p class="text-gray-600 leading-relaxed mb-6">We are excited to announce the release of our new features! The reaction system now supports real-time updates and beautiful animations. Try it out and let us know what you think!</p><div class="pt-4 border-t border-gray-100"><div class="flex items-center gap-3"><button data-testid="reaction-button-like" class="
                            group inline-flex items-center gap-1.5 px-3 py-1.5 rounded-md font-medium text-sm transition-all duration-200
                            bg-white text-gray-700 hover:bg-gray-50 border border-gray-300
                            cursor-pointer hover:scale-105
                        " type="button" id="radix-_r_21_" aria-haspopup="menu" aria-expanded="false" data-state="closed"><span class="text-base">👍</span><span class="font-medium text-sm">Like</span></button><div class="flex items-center gap-1.5"><button data-testid="reaction-count-angry" class="
                                    inline-flex items-center gap-1 px-2 py-1 rounded-full text-xs font-medium transition-all
                                    bg-gray-100 text-gray-700 hover:bg-gray-200
                                    cursor-pointer hover:scale-105
                                "><span class="text-base">😠</span><span>3</span></button><button data-testid="reaction-count-like" class="
                                    inline-flex items-center gap-1 px-2 py-1 rounded-full text-xs font-medium transition-all
                                    bg-gray-100 text-gray-700 hover:bg-gray-200
                                    cursor-pointer hover:scale-105
                                "><span class="text-base">👍</span><span>1</span></button><button data-testid="reaction-count-wow" class="
                                    inline-flex items-center gap-1 px-2 py-1 rounded-full text-xs font-medium transition-all
                                    bg-gray-100 text-gray-700 hover:bg-gray-200
                                    cursor-pointer hover:scale-105
                                "><span class="text-base">😮</span><span>1</span></button><button class="p-1.5 hover:bg-gray-100 rounded-full transition-colors" title="See who reacted"><svg xmlns="http://www.w3.org/2000/svg" width="24" height="24" viewBox="0 0 24 24" fill="none" stroke="currentColor" stroke-width="2" stroke-linecap="round" stroke-linejoin="round" class="lucide lucide-chevron-down w-4 h-4 text-gray-600" aria-hidden="true"><path d="m6 9 6 6 6-6"></path></svg></button></div></div></div><div class="pt-6 border-t border-gray-100 mt-6"><div class="space-y-3"><div class="flex items-center justify-between"><div class="flex items-center gap-2"><svg xmlns="http://www.w3.org/2000/svg" width="24" height="24" viewBox="0 0 24 24" fill="none" stroke="currentColor" stroke-width="2" stroke-linecap="round" stroke-linejoin="round" class="lucide lucide-message-square w-4 h-4 text-gray-600" aria-hidden="true"><path d="M22 17a2 2 0 0 1-2 2H6.828a2 2 0 0 0-1.414.586l-2.202 2.202A.71.71 0 0 1 2 21.286V5a2 2 0 0 1 2-2h16a2 2 0 0 1 2 2z"></path></svg><h3 class="text-base font-semibold text-gray-900">Comments (3)</h3></div><button data-testid="add-comment-button" class="px-3 py-1.5 text-sm font-medium text-white bg-gray-900 rounded-md hover:bg-gray-800 transition-colors">Add Comment</button></div><div class="space-y-2"><div class=""><div class="bg-white rounded-md border border-gray-200 p-3"><div class="flex items-start justify-between mb-2"><div class="flex items-center gap-2"><div class="w-8 h-8 bg-gradient-to-br from-gray-700 to-gray-900 rounded-full flex items-center justify-center text-white font-semibold text-sm flex-shrink-0 cursor-pointer hover:ring-2 hover:ring-gray-900 hover:ring-offset-1 transition-all">D</div><div><div class="flex items-center gap-1.5"><span class="text-sm font-semibold text-gray-900 cursor-pointer hover:underline">David Taylor</span></div><span class="text-xs text-gray-500">Nov 30, 2025, 06:17 PM</span></div></div><button class="p-1 hover:bg-gray-100 rounded-full transition-colors" type="button" id="radix-_r_23_" aria-haspopup="menu" aria-expanded="false" data-state="closed"><svg xmlns="http://www.w3.org/2000/svg" width="24" height="24" viewBox="0 0 24 24" fill="none" stroke="currentColor" stroke-width="2" stroke-linecap="round" stroke-linejoin="round" class="lucide lucide-ellipsis-vertical w-4 h-4 text-gray-600" aria-hidden="true"><circle cx="12" cy="12" r="1"></circle><circle cx="12" cy="5" r="1"></circle><circle cx="12" cy="19" r="1"></circle></svg></button></div><p class="text-sm text-gray-800 whitespace-pre-wrap mb-2">Fantastic post! Keep it up!</p><div class="flex items-center gap-3"><div class="flex items-center gap-3"><button data-testid="reaction-button-like" class="
                            group inline-flex items-center gap-1.5 px-3 py-1.5 rounded-md font-medium text-sm transition-all duration-200
                            bg-white text-gray-700 hover:bg-gray-50 border border-gray-300
                            cursor-pointer hover:scale-105
                        " type="button" id="radix-_r_25_" aria-haspopup="menu" aria-expanded="false" data-state="closed"><span class="text-base">👍</span><span class="font-medium text-sm">Like</span></button></div><button data-testid="reply-button" class="flex items-center gap-1 text-sm text-gray-600 hover:text-gray-900 transition-colors"><svg xmlns="http://www.w3.org/2000/svg" width="24" height="24" viewBox="0 0 24 24" fill="none" stroke="currentColor" stroke-width="2" stroke-linecap="round" stroke-linejoin="round" class="lucide lucide-reply w-4 h-4" aria-hidden="true"><path d="M20 18v-2a4 4 0 0 0-4-4H4"></path><path d="m9 17-5-5 5-5"></path></svg>Reply</button></div></div></div><div class=""><div class="bg-white rounded-md border border-gray-200 p-3"><div class="flex items-start justify-between mb-2"><div class="flex items-center gap-2"><div class="w-8 h-8 bg-gradient-to-br from-gray-700 to-gray-900 rounded-full flex items-center justify-center text-white font-semibold text-sm flex-shrink-0 cursor-pointer hover:ring-2 hover:ring-gray-900 hover:ring-offset-1 transition-all">I</div><div><div class="flex items-center gap-1.5"><span class="text-sm font-semibold text-gray-900 cursor-pointer hover:underline">Isabella Jones</span></div><span class="text-xs text-gray-500">Nov 30, 2025, 06:17 PM</span></div></div><button class="p-1 hover:bg-gray-100 rounded-full transition-colors" type="button" id="radix-_r_2a_" aria-haspopup="menu" aria-expanded="false" data-state="closed"><svg xmlns="http://www.w3.org/2000/svg" width="24" height="24" viewBox="0 0 24 24" fill="none" stroke="currentColor" stroke-width="2" stroke-linecap="round" stroke-linejoin="round" class="lucide lucide-ellipsis-vertical w-4 h-4 text-gray-600" aria-hidden="true"><circle cx="12" cy="12" r="1"></circle><circle cx="12" cy="5" r="1"></circle><circle cx="12" cy="19" r="1"></circle></svg></button></div><p class="text-sm text-gray-800 whitespace-pre-wrap mb-2">Very interesting perspective.</p><div class="flex items-center gap-3"><div class="flex items-center gap-3"><button data-testid="reaction-button-like" class="
                            group inline-flex items-center gap-1.5 px-3 py-1.5 rounded-md font-medium text-sm transition-all duration-200
                            bg-white text-gray-700 hover:bg-gray-50 border border-gray-300
                            cursor-pointer hover:scale-105
                        " type="button" id="radix-_r_2c_" aria-haspopup="menu" aria-expanded="false" data-state="closed"><span class="text-base">👍</span><span class="font-medium text-sm">Like</span></button></div><button data-testid="reply-button" class="flex items-center gap-1 text-sm text-gray-600 hover:text-gray-900 transition-colors"><svg xmlns="http://www.w3.org/2000/svg" width="24" height="24" viewBox="0 0 24 24" fill="none" stroke="currentColor" stroke-width="2" stroke-linecap="round" stroke-linejoin="round" class="lucide lucide-reply w-4 h-4" aria-hidden="true"><path d="M20 18v-2a4 4 0 0 0-4-4H4"></path><path d="m9 17-5-5 5-5"></path></svg>Reply</button></div></div></div><div class=""><div class="bg-white rounded-md border border-gray-200 p-3"><div class="flex items-start justify-between mb-2"><div class="flex items-center gap-2"><div class="w-8 h-8 bg-gradient-to-br from-gray-700 to-gray-900 rounded-full flex items-center justify-center text-white font-semibold text-sm flex-shrink-0 cursor-pointer hover:ring-2 hover:ring-gray-900 hover:ring-offset-1 transition-all">E</div><div><div class="flex items-center gap-1.5"><span class="text-sm font-semibold text-gray-900 cursor-pointer hover:underline">Ethan Lopez</span></div><span class="text-xs text-gray-500">Nov 30, 2025, 06:17 PM</span></div></div><button class="p-1 hover:bg-gray-100 rounded-full transition-colors" type="button" id="radix-_r_2h_" aria-haspopup="menu" aria-expanded="false" data-state="closed"><svg xmlns="http://www.w3.org/2000/svg" width="24" height="24" viewBox="0 0 24 24" fill="none" stroke="currentColor" stroke-width="2" stroke-linecap="round" stroke-linejoin="round" class="lucide lucide-ellipsis-vertical w-4 h-4 text-gray-600" aria-hidden="true"><circle cx="12" cy="12" r="1"></circle><circle cx="12" cy="5" r="1"></circle><circle cx="12" cy="19" r="1"></circle></svg></button></div><p class="text-sm text-gray-800 whitespace-pre-wrap mb-2">Well said! Couldn't agree more.</p><div class="flex items-center gap-3"><div class="flex items-center gap-3"><button data-testid="reaction-button-like" class="
                            group inline-flex items-center gap-1.5 px-3 py-1.5 rounded-md font-medium text-sm transition-all duration-200
                            bg-white text-gray-700 hover:bg-gray-50 border border-gray-300
                            cursor-pointer hover:scale-105
                        " type="button" id="radix-_r_2j_" aria-haspopup="menu" aria-expanded="false" data-state="closed"><span class="text-base">👍</span><span class="font-medium text-sm">Like</span></button></div><button data-testid="reply-button" class="flex items-center gap-1 text-sm text-gray-600 hover:text-gray-900 transition-colors"><svg xmlns="http://www.w3.org/2000/svg" width="24" height="24" viewBox="0 0 24 24" fill="none" stroke="currentColor" stroke-width="2" stroke-linecap="round" stroke-linejoin="round" class="lucide lucide-reply w-4 h-4" aria-hidden="true"><path d="M20 18v-2a4 4 0 0 0-4-4H4"></path><path d="m9 17-5-5 5-5"></path></svg>Reply</button></div></div></div></div></div></div></div></article><article class="bg-white rounded-xl shadow-sm border border-gray-200 overflow-hidden hover:shadow-md transition-shadow"><div class="p-6"><h2 class="text-xl font-bold text-gray-900 mb-3">Community Guidelines Update</h2><p class="text-gray-600 leading-relaxed mb-6">We have updated our community guidelines to ensure a safe and welcoming environment for everyone. Please take a moment to review the changes and react to show your acknowledgment.</p><div class="pt-4 border-t border-gray-100"><div class="flex items-center gap-3"><button data-testid="reaction-button-like" class="
                            group inline-flex items-center gap-1.5 px-3 py-1.5 rounded-md font-medium text-sm transition-all duration-200
                            bg-white text-gray-700 hover:bg-gray-50 border border-gray-300
                            cursor-pointer hover:scale-105
                        " type="button" id="radix-_r_2o_" aria-haspopup="menu" aria-expanded="false" data-state="closed"><span class="text-base">👍</span><span class="font-medium text-sm">Like</span></button><div class="flex items-center gap-1.5"><button data-testid="reaction-count-sad" class="
                                    inline-flex items-center gap-1 px-2 py-1 rounded-full text-xs font-medium transition-all
                                    bg-gray-100 text-gray-700 hover:bg-gray-200
                                    cursor-pointer hover:scale-105
                                "><span class="text-base">😢</span><span>2</span></button><button data-testid="reaction-count-angry" class="
                                    inline-flex items-center gap-1 px-2 py-1 rounded-full text-xs font-medium transition-all
                                    bg-gray-100 text-gray-700 hover:bg-gray-200
                                    cursor-pointer hover:scale-105
                                "><span class="text-base">😠</span><span>2</span></button><button data-testid="reaction-count-like" class="
                                    inline-flex items-center gap-1 px-2 py-1 rounded-full text-xs font-medium transition-all
                                    bg-gray-100 text-gray-700 hover:bg-gray-200
                                    cursor-pointer hover:scale-105
                                "><span class="text-base">👍</span><span>1</span></button><button data-testid="reaction-count-love" class="
                                    inline-flex items-center gap-1 px-2 py-1 rounded-full text-xs font-medium transition-all
                                    bg-gray-100 text-gray-700 hover:bg-gray-200
                                    cursor-pointer hover:scale-105
                                "><span class="text-base">❤️</span><span>1</span></button><button data-testid="reaction-count-haha" class="
                                    inline-flex items-center gap-1 px-2 py-1 rounded-full text-xs font-medium transition-all
                                    bg-gray-100 text-gray-700 hover:bg-gray-200
                                    cursor-pointer hover:scale-105
                                "><span class="text-base">😂</span><span>1</span></button><button class="p-1.5 hover:bg-gray-100 rounded-full transition-colors" title="See who reacted"><svg xmlns="http://www.w3.org/2000/svg" width="24" height="24" viewBox="0 0 24 24" fill="none" stroke="currentColor" stroke-width="2" stroke-linecap="round" stroke-linejoin="round" class="lucide lucide-chevron-down w-4 h-4 text-gray-600" aria-hidden="true"><path d="m6 9 6 6 6-6"></path></svg></button></div></div></div><div class="pt-6 border-t border-gray-100 mt-6"><div class="space-y-3"><div class="flex items-center justify-between"><div class="flex items-center gap-2"><svg xmlns="http://www.w3.org/2000/svg" width="24" height="24" viewBox="0 0 24 24" fill="none" stroke="currentColor" stroke-width="2" stroke-linecap="round" stroke-linejoin="round" class="lucide lucide-message-square w-4 h-4 text-gray-600" aria-hidden="true"><path d="M22 17a2 2 0 0 1-2 2H6.828a2 2 0 0 0-1.414.586l-2.202 2.202A.71.71 0 0 1 2 21.286V5a2 2 0 0 1 2-2h16a2 2 0 0 1 2 2z"></path></svg><h3 class="text-base font-semibold text-gray-900">Comments (2)</h3></div><button data-testid="add-comment-button" class="px-3 py-1.5 text-sm font-medium text-white bg-gray-900 rounded-md hover:bg-gray-800 transition-colors">Add Comment</button></div><div class="space-y-2"><div class=""><div class="bg-white rounded-md border border-gray-200 p-3"><div class="flex items-start justify-between mb-2"><div class="flex items-center gap-2"><div class="w-8 h-8 bg-gradient-to-br from-gray-700 to-gray-900 rounded-full flex items-center justify-center text-white font-semibold text-sm flex-shrink-0 cursor-pointer hover:ring-2 hover:ring-gray-900 hover:ring-offset-1 transition-all">L</div><div><div class="flex items-center gap-1.5"><span class="text-sm font-semibold text-gray-900 cursor-pointer hover:underline">Liam Garcia</span></div><span class="text-xs text-gray-500">Nov 30, 2025, 06:17 PM</span></div></div><button class="p-1 hover:bg-gray-100 rounded-full transition-colors" type="button" id="radix-_r_2q_" aria-haspopup="menu" aria-expanded="false" data-state="closed"><svg xmlns="http://www.w3.org/2000/svg" width="24" height="24" viewBox="0 0 24 24" fill="none" stroke="currentColor" stroke-width="2" stroke-linecap="round" stroke-linejoin="round" class="lucide lucide-ellipsis-vertical w-4 h-4 text-gray-600" aria-hidden="true"><circle cx="12" cy="12" r="1"></circle><circle cx="12" cy="5" r="1"></circle><circle cx="12" cy="19" r="1"></circle></svg></button></div><p class="text-sm text-gray-800 whitespace-pre-wrap mb-2">Thanks for sharing this information.</p><div class="flex items-center gap-3"><div class="flex items-center gap-3"><button data-testid="reaction-button-like" class="
                            group inline-flex items-center gap-1.5 px-3 py-1.5 rounded-md font-medium text-sm transition-all duration-200
                            bg-white text-gray-700 hover:bg-gray-50 border border-gray-300
                            cursor-pointer hover:scale-105
                        " type="button" id="radix-_r_2s_" aria-haspopup="menu" aria-expanded="false" data-state="closed"><span class="text-base">👍</span><span class="font-medium text-sm">Like</span></button></div><button data-testid="reply-button" class="flex items-center gap-1 text-sm text-gray-600 hover:text-gray-900 transition-colors"><svg xmlns="http://www.w3.org/2000/svg" width="24" height="24" viewBox="0 0 24 24" fill="none" stroke="currentColor" stroke-width="2" stroke-linecap="round" stroke-linejoin="round" class="lucide lucide-reply w-4 h-4" aria-hidden="true"><path d="M20 18v-2a4 4 0 0 0-4-4H4"></path><path d="m9 17-5-5 5-5"></path></svg>Reply</button></div></div></div><div class=""><div class="bg-white rounded-md border border-gray-200 p-3"><div class="flex items-start justify-between mb-2"><div class="flex items-center gap-2"><div class="w-8 h-8 bg-gradient-to-br from-gray-700 to-gray-900 rounded-full flex items-center justify-center text-white font-semibold text-sm flex-shrink-0 cursor-pointer hover:ring-2 hover:ring-gray-900 hover:ring-offset-1 transition-all">S</div><div><div class="flex items-center gap-1.5"><span class="text-sm font-semibold text-gray-900 cursor-pointer hover:underline">Sebastian Thomas</span></div><span class="text-xs text-gray-500">Nov 30, 2025, 06:17 PM</span></div></div><button class="p-1 hover:bg-gray-100 rounded-full transition-colors" type="button" id="radix-_r_31_" aria-haspopup="menu" aria-expanded="false" data-state="closed"><svg xmlns="http://www.w3.org/2000/svg" width="24" height="24" viewBox="0 0 24 24" fill="none" stroke="currentColor" stroke-width="2" stroke-linecap="round" stroke-linejoin="round" class="lucide lucide-ellipsis-vertical w-4 h-4 text-gray-600" aria-hidden="true"><circle cx="12" cy="12" r="1"></circle><circle cx="12" cy="5" r="1"></circle><circle cx="12" cy="19" r="1"></circle></svg></button></div><p class="text-sm text-gray-800 whitespace-pre-wrap mb-2">Could you elaborate more on this?</p><div class="flex items-center gap-3"><div class="flex items-center gap-3"><button data-testid="reaction-button-like" class="
                            group inline-flex items-center gap-1.5 px-3 py-1.5 rounded-md font-medium text-sm transition-all duration-200
                            bg-white text-gray-700 hover:bg-gray-50 border border-gray-300
                            cursor-pointer hover:scale-105
                        " type="button" id="radix-_r_33_" aria-haspopup="menu" aria-expanded="false" data-state="closed"><span class="text-base">👍</span><span class="font-medium text-sm">Like</span></button></div><button data-testid="reply-button" class="flex items-center gap-1 text-sm text-gray-600 hover:text-gray-900 transition-colors"><svg xmlns="http://www.w3.org/2000/svg" width="24" height="24" viewBox="0 0 24 24" fill="none" stroke="currentColor" stroke-width="2" stroke-linecap="round" stroke-linejoin="round" class="lucide lucide-reply w-4 h-4" aria-hidden="true"><path d="M20 18v-2a4 4 0 0 0-4-4H4"></path><path d="m9 17-5-5 5-5"></path></svg>Reply</button></div></div><div class="mt-2 space-y-2"><div class="ml-10"><div class="bg-white rounded-md border border-gray-200 p-3"><div class="flex items-start justify-between mb-2"><div class="flex items-center gap-2"><div class="w-8 h-8 bg-gradient-to-br from-gray-700 to-gray-900 rounded-full flex items-center justify-center text-white font-semibold text-sm flex-shrink-0 cursor-pointer hover:ring-2 hover:ring-gray-900 hover:ring-offset-1 transition-all">L</div><div><div class="flex items-center gap-1.5"><span class="text-sm font-semibold text-gray-900 cursor-pointer hover:underline">Liam Garcia</span></div><span class="text-xs text-gray-500">Nov 30, 2025, 06:17 PM</span></div></div><button class="p-1 hover:bg-gray-100 rounded-full transition-colors" type="button" id="radix-_r_35_" aria-haspopup="menu" aria-expanded="false" data-state="closed"><svg xmlns="http://www.w3.org/2000/svg" width="24" height="24" viewBox="0 0 24 24" fill="none" stroke="currentColor" stroke-width="2" stroke-linecap="round" stroke-linejoin="round" class="lucide lucide-ellipsis-vertical w-4 h-4 text-gray-600" aria-hidden="true"><circle cx="12" cy="12" r="1"></circle><circle cx="12" cy="5" r="1"></circle><circle cx="12" cy="19" r="1"></circle></svg></button></div><p class="text-sm text-gray-800 whitespace-pre-wrap mb-2">Interesting perspective!</p><div class="flex items-center gap-3"><div class="flex items-center gap-3"><button data-testid="reaction-button-like" class="
                            group inline-flex items-center gap-1.5 px-3 py-1.5 rounded-md font-medium text-sm transition-all duration-200
                            bg-white text-gray-700 hover:bg-gray-50 border border-gray-300
                            cursor-pointer hover:scale-105
                        " type="button" id="radix-_r_37_" aria-haspopup="menu" aria-expanded="false" data-state="closed"><span class="text-base">👍</span><span class="font-medium text-sm">Like</span></button></div></div></div></div><div class="ml-10"><div class="bg-white rounded-md border border-gray-200 p-3"><div class="flex items-start justify-between mb-2"><div class="flex items-center gap-2"><div class="w-8 h-8 bg-gradient-to-br from-gray-700 to-gray-900 rounded-full flex items-center justify-center text-white font-semibold text-sm flex-shrink-0 cursor-pointer hover:ring-2 hover:ring-gray-900 hover:ring-offset-1 transition-all">V</div><div><div class="flex items-center gap-1.5"><span class="text-sm font-semibold text-gray-900 cursor-pointer hover:underline">Victoria White</span></div><span class="text-xs text-gray-500">Nov 30, 2025, 06:17 PM</span></div></div><button class="p-1 hover:bg-gray-100 rounded-full transition-colors" type="button" id="radix-_r_3c_" aria-haspopup="menu" aria-expanded="false" data-state="closed"><svg xmlns="http://www.w3.org/2000/svg" width="24" height="24" viewBox="0 0 24 24" fill="none" stroke="currentColor" stroke-width="2" stroke-linecap="round" stroke-linejoin="round" class="lucide lucide-ellipsis-vertical w-4 h-4 text-gray-600" aria-hidden="true"><circle cx="12" cy="12" r="1"></circle><circle cx="12" cy="5" r="1"></circle><circle cx="12" cy="19" r="1"></circle></svg></button></div><p class="text-sm text-gray-800 whitespace-pre-wrap mb-2">I hadn't thought of it that way.</p><div class="flex items-center gap-3"><div class="flex items-center gap-3"><button data-testid="reaction-button-like" class="
                            group inline-flex items-center gap-1.5 px-3 py-1.5 rounded-md font-medium text-sm transition-all duration-200
                            bg-white text-gray-700 hover:bg-gray-50 border border-gray-300
                            cursor-pointer hover:scale-105
                        " type="button" id="radix-_r_3e_" aria-haspopup="menu" aria-expanded="false" data-state="closed"><span class="text-base">👍</span><span class="font-medium text-sm">Like</span></button></div></div></div></div></div></div></div></div></div></div></article><article class="bg-white rounded-xl shadow-sm border border-gray-200 overflow-hidden hover:shadow-md transition-shadow"><div class="p-6"><h2 class="text-xl font-bold text-gray-900 mb-3">Behind the Scenes: Development Journey</h2><p class="text-gray-600 leading-relaxed mb-6">Ever wondered how we built this reaction system? In this post, we share our development journey, the challenges we faced, and the solutions we implemented. It has been an amazing ride!</p><div class="pt-4 border-t border-gray-100"><div class="flex items-center gap-3"><button data-testid="reaction-button-like" class="
                            group inline-flex items-center gap-1.5 px-3 py-1.5 rounded-md font-medium text-sm transition-all duration-200
                            bg-white text-gray-700 hover:bg-gray-50 border border-gray-300
                            cursor-pointer hover:scale-105
                        " type="button" id="radix-_r_3m_" aria-haspopup="menu" aria-expanded="false" data-state="closed"><span class="text-base">👍</span><span class="font-medium text-sm">Like</span></button><div class="flex items-center gap-1.5"><button data-testid="reaction-count-haha" class="
                                    inline-flex items-center gap-1 px-2 py-1 rounded-full text-xs font-medium transition-all
                                    bg-gray-100 text-gray-700 hover:bg-gray-200
                                    cursor-pointer hover:scale-105
                                "><span class="text-base">😂</span><span>3</span></button><button data-testid="reaction-count-sad" class="
                                    inline-flex items-center gap-1 px-2 py-1 rounded-full text-xs font-medium transition-all
                                    bg-gray-100 text-gray-700 hover:bg-gray-200
                                    cursor-pointer hover:scale-105
                                "><span class="text-base">😢</span><span>2</span></button><button data-testid="reaction-count-like" class="
                                    inline-flex items-center gap-1 px-2 py-1 rounded-full text-xs font-medium transition-all
                                    bg-gray-100 text-gray-700 hover:bg-gray-200
                                    cursor-pointer hover:scale-105
                                "><span class="text-base">👍</span><span>1</span></button><button data-testid="reaction-count-love" class="
                                    inline-flex items-center gap-1 px-2 py-1 rounded-full text-xs font-medium transition-all
                                    bg-gray-100 text-gray-700 hover:bg-gray-200
                                    cursor-pointer hover:scale-105
                                "><span class="text-base">❤️</span><span>1</span></button><button data-testid="reaction-count-wow" class="
                                    inline-flex items-center gap-1 px-2 py-1 rounded-full text-xs font-medium transition-all
                                    bg-gray-100 text-gray-700 hover:bg-gray-200
                                    cursor-pointer hover:scale-105
                                "><span class="text-base">😮</span><span>1</span></button><button class="p-1.5 hover:bg-gray-100 rounded-full transition-colors" title="See who reacted"><svg xmlns="http://www.w3.org/2000/svg" width="24" height="24" viewBox="0 0 24 24" fill="none" stroke="currentColor" stroke-width="2" stroke-linecap="round" stroke-linejoin="round" class="lucide lucide-chevron-down w-4 h-4 text-gray-600" aria-hidden="true"><path d="m6 9 6 6 6-6"></path></svg></button></div></div></div><div class="pt-6 border-t border-gray-100 mt-6"><div class="space-y-3"><div class="flex items-center justify-between"><div class="flex items-center gap-2"><svg xmlns="http://www.w3.org/2000/svg" width="24" height="24" viewBox="0 0 24 24" fill="none" stroke="currentColor" stroke-width="2" stroke-linecap="round" stroke-linejoin="round" class="lucide lucide-message-square w-4 h-4 text-gray-600" aria-hidden="true"><path d="M22 17a2 2 0 0 1-2 2H6.828a2 2 0 0 0-1.414.586l-2.202 2.202A.71.71 0 0 1 2 21.286V5a2 2 0 0 1 2-2h16a2 2 0 0 1 2 2z"></path></svg><h3 class="text-base font-semibold text-gray-900">Comments (5)</h3></div><button data-testid="add-comment-button" class="px-3 py-1.5 text-sm font-medium text-white bg-gray-900 rounded-md hover:bg-gray-800 transition-colors">Add Comment</button></div><div class="space-y-2"><div class=""><div class="bg-white rounded-md border border-gray-200 p-3"><div class="flex items-start justify-between mb-2"><div class="flex items-center gap-2"><div class="w-8 h-8 bg-gradient-to-br from-gray-700 to-gray-900 rounded-full flex items-center justify-center text-white font-semibold text-sm flex-shrink-0 cursor-pointer hover:ring-2 hover:ring-gray-900 hover:ring-offset-1 transition-all">A</div><div><div class="flex items-center gap-1.5"><span class="text-sm font-semibold text-gray-900 cursor-pointer hover:underline">Amelia Anderson</span></div><span class="text-xs text-gray-500">Nov 30, 2025, 06:17 PM</span></div></div><button class="p-1 hover:bg-gray-100 rounded-full transition-colors" type="button" id="radix-_r_3o_" aria-haspopup="menu" aria-expanded="false" data-state="closed"><svg xmlns="http://www.w3.org/2000/svg" width="24" height="24" viewBox="0 0 24 24" fill="none" stroke="currentColor" stroke-width="2" stroke-linecap="round" stroke-linejoin="round" class="lucide lucide-ellipsis-vertical w-4 h-4 text-gray-600" aria-hidden="true"><circle cx="12" cy="12" r="1"></circle><circle cx="12" cy="5" r="1"></circle><circle cx="12" cy="19" r="1"></circle></svg></button></div><p class="text-sm text-gray-800 whitespace-pre-wrap mb-2">Interesting take on this topic.</p><div class="flex items-center gap-3"><div class="flex items-center gap-3"><button data-testid="reaction-button-like" class="
                            group inline-flex items-center gap-1.5 px-3 py-1.5 rounded-md font-medium text-sm transition-all duration-200
                            bg-white text-gray-700 hover:bg-gray-50 border border-gray-300
                            cursor-pointer hover:scale-105
                        " type="button" id="radix-_r_3q_" aria-haspopup="menu" aria-expanded="false" data-state="closed"><span class="text-base">👍</span><span class="font-medium text-sm">Like</span></button></div><button data-testid="reply-button" class="flex items-center gap-1 text-sm text-gray-600 hover:text-gray-900 transition-colors"><svg xmlns="http://www.w3.org/2000/svg" width="24" height="24" viewBox="0 0 24 24" fill="none" stroke="currentColor" stroke-width="2" stroke-linecap="round" stroke-linejoin="round" class="lucide lucide-reply w-4 h-4" aria-hidden="true"><path d="M20 18v-2a4 4 0 0 0-4-4H4"></path><path d="m9 17-5-5 5-5"></path></svg>Reply</button></div></div><div class="mt-2 space-y-2"><div class="ml-10"><div class="bg-white rounded-md border border-gray-200 p-3"><div class="flex items-start justify-between mb-2"><div class="flex items-center gap-2"><div class="w-8 h-8 bg-gradient-to-br from-gray-700 to-gray-900 rounded-full flex items-center justify-center text-white font-semibold text-sm flex-shrink-0 cursor-pointer hover:ring-2 hover:ring-gray-900 hover:ring-offset-1 transition-all">W</div><div><div class="flex items-center gap-1.5"><span class="text-sm font-semibold text-gray-900 cursor-pointer hover:underline">Wyatt Wilson</span></div><span class="text-xs text-gray-500">Nov 30, 2025, 06:17 PM</span></div></div><button class="p-1 hover:bg-gray-100 rounded-full transition-colors" type="button" id="radix-_r_3s_" aria-haspopup="menu" aria-expanded="false" data-state="closed"><svg xmlns="http://www.w3.org/2000/svg" width="24" height="24" viewBox="0 0 24 24" fill="none" stroke="currentColor" stroke-width="2" stroke-linecap="round" stroke-linejoin="round" class="lucide lucide-ellipsis-vertical w-4 h-4 text-gray-600" aria-hidden="true"><circle cx="12" cy="12" r="1"></circle><circle cx="12" cy="5" r="1"></circle><circle cx="12" cy="19" r="1"></circle></svg></button></div><p class="text-sm text-gray-800 whitespace-pre-wrap mb-2">That's a good point.</p><div class="flex items-center gap-3"><div class="flex items-center gap-3"><button data-testid="reaction-button-like" class="
                            group inline-flex items-center gap-1.5 px-3 py-1.5 rounded-md font-medium text-sm transition-all duration-200
                            bg-white text-gray-700 hover:bg-gray-50 border border-gray-300
                            cursor-pointer hover:scale-105
                        " type="button" id="radix-_r_3u_" aria-haspopup="menu" aria-expanded="false" data-state="closed"><span class="text-base">👍</span><span class="font-medium text-sm">Like</span></button></div></div></div></div></div></div><div class=""><div class="bg-white rounded-md border border-gray-200 p-3"><div class="flex items-start justify-between mb-2"><div class="flex items-center gap-2"><div class="w-8 h-8 bg-gradient-to-br from-gray-700 to-gray-900 rounded-full flex items-center justify-center text-white font-semibold text-sm flex-shrink-0 cursor-pointer hover:ring-2 hover:ring-gray-900 hover:ring-offset-1 transition-all">O</div><div><div class="flex items-center gap-1.5"><span class="text-sm font-semibold text-gray-900 cursor-pointer hover:underline">Owen Miller</span></div><span class="text-xs text-gray-500">Nov 30, 2025, 06:17 PM</span></div></div><button class="p-1 hover:bg-gray-100 rounded-full transition-colors" type="button" id="radix-_r_46_" aria-haspopup="menu" aria-expanded="false" data-state="closed"><svg xmlns="http://www.w3.org/2000/svg" width="24" height="24" viewBox="0 0 24 24" fill="none" stroke="currentColor" stroke-width="2" stroke-linecap="round" stroke-linejoin="round" class="lucide lucide-ellipsis-vertical w-4 h-4 text-gray-600" aria-hidden="true"><circle cx="12" cy="12" r="1"></circle><circle cx="12" cy="5" r="1"></circle><circle cx="12" cy="19" r="1"></circle></svg></button></div><p class="text-sm text-gray-800 whitespace-pre-wrap mb-2">This is really helpful, thank you!</p><div class="flex items-center gap-3"><div class="flex items-center gap-3"><button data-testid="reaction-button-like" class="
                            group inline-flex items-center gap-1.5 px-3 py-1.5 rounded-md font-medium text-sm transition-all duration-200
                            bg-white text-gray-700 hover:bg-gray-50 border border-gray-300
                            cursor-pointer hover:scale-105
                        " type="button" id="radix-_r_48_" aria-haspopup="menu" aria-expanded="false" data-state="closed"><span class="text-base">👍</span><span class="font-medium text-sm">Like</span></button></div><button data-testid="reply-button" class="flex items-center gap-1 text-sm text-gray-600 hover:text-gray-900 transition-colors"><svg xmlns="http://www.w3.org/2000/svg" width="24" height="24" viewBox="0 0 24 24" fill="none" stroke="currentColor" stroke-width="2" stroke-linecap="round" stroke-linejoin="round" class="lucide lucide-reply w-4 h-4" aria-hidden="true"><path d="M20 18v-2a4 4 0 0 0-4-4H4"></path><path d="m9 17-5-5 5-5"></path></svg>Reply</button></div></div></div><div class=""><div class="bg-white rounded-md border border-gray-200 p-3"><div class="flex items-start justify-between mb-2"><div class="flex items-center gap-2"><div class="w-8 h-8 bg-gradient-to-br from-gray-700 to-gray-900 rounded-full flex items-center justify-center text-white font-semibold text-sm flex-shrink-0 cursor-pointer hover:ring-2 hover:ring-gray-900 hover:ring-offset-1 transition-all">J</div><div><div class="flex items-center gap-1.5"><span class="text-sm font-semibold text-gray-900 cursor-pointer hover:underline">Jackson Taylor</span></div><span class="text-xs text-gray-500">Nov 30, 2025, 06:17 PM</span></div></div><button class="p-1 hover:bg-gray-100 rounded-full transition-colors" type="button" id="radix-_r_4d_" aria-haspopup="menu" aria-expanded="false" data-state="closed"><svg xmlns="http://www.w3.org/2000/svg" width="24" height="24" viewBox="0 0 24 24" fill="none" stroke="currentColor" stroke-width="2" stroke-linecap="round" stroke-linejoin="round" class="lucide lucide-ellipsis-vertical w-4 h-4 text-gray-600" aria-hidden="true"><circle cx="12" cy="12" r="1"></circle><circle cx="12" cy="5" r="1"></circle><circle cx="12" cy="19" r="1"></circle></svg></button></div><p class="text-sm text-gray-800 whitespace-pre-wrap mb-2">I learned something new today!</p><div class="flex items-center gap-3"><div class="flex items-center gap-3"><button data-testid="reaction-button-like" class="
                            group inline-flex items-center gap-1.5 px-3 py-1.5 rounded-md font-medium text-sm transition-all duration-200
                            bg-white text-gray-700 hover:bg-gray-50 border border-gray-300
                            cursor-pointer hover:scale-105
                        " type="button" id="radix-_r_4f_" aria-haspopup="menu" aria-expanded="false" data-state="closed"><span class="text-base">👍</span><span class="font-medium text-sm">Like</span></button></div><button data-testid="reply-button" class="flex items-center gap-1 text-sm text-gray-600 hover:text-gray-900 transition-colors"><svg xmlns="http://www.w3.org/2000/svg" width="24" height="24" viewBox="0 0 24 24" fill="none" stroke="currentColor" stroke-width="2" stroke-linecap="round" stroke-linejoin="round" class="lucide lucide-reply w-4 h-4" aria-hidden="true"><path d="M20 18v-2a4 4 0 0 0-4-4H4"></path><path d="m9 17-5-5 5-5"></path></svg>Reply</button></div></div><div class="mt-2 space-y-2"><div class="ml-10"><div class="bg-white rounded-md border border-gray-200 p-3"><div class="flex items-start justify-between mb-2"><div class="flex items-center gap-2"><div class="w-8 h-8 bg-gradient-to-br from-gray-700 to-gray-900 rounded-full flex items-center justify-center text-white font-semibold text-sm flex-shrink-0 cursor-pointer hover:ring-2 hover:ring-gray-900 hover:ring-offset-1 transition-all">L</div><div><div class="flex items-center gap-1.5"><span class="text-sm font-semibold text-gray-900 cursor-pointer hover:underline">Luke Wilson</span></div><span class="text-xs text-gray-500">Nov 30, 2025, 06:17 PM</span></div></div><button class="p-1 hover:bg-gray-100 rounded-full transition-colors" type="button" id="radix-_r_4h_" aria-haspopup="menu" aria-expanded="false" data-state="closed"><svg xmlns="http://www.w3.org/2000/svg" width="24" height="24" viewBox="0 0 24 24" fill="none" stroke="currentColor" stroke-width="2" stroke-linecap="round" stroke-linejoin="round" class="lucide lucide-ellipsis-vertical w-4 h-4 text-gray-600" aria-hidden="true"><circle cx="12" cy="12" r="1"></circle><circle cx="12" cy="5" r="1"></circle><circle cx="12" cy="19" r="1"></circle></svg></button></div><p class="text-sm text-gray-800 whitespace-pre-wrap mb-2">Great addition to the discussion!</p><div class="flex items-center gap-3"><div class="flex items-center gap-3"><button data-testid="reaction-button-like" class="
                            group inline-flex items-center gap-1.5 px-3 py-1.5 rounded-md font-medium text-sm transition-all duration-200
                            bg-white text-gray-700 hover:bg-gray-50 border border-gray-300
                            cursor-pointer hover:scale-105
                        " type="button" id="radix-_r_4j_" aria-haspopup="menu" aria-expanded="false" data-state="closed"><span class="text-base">👍</span><span class="font-medium text-sm">Like</span></button></div></div></div></div><div class="ml-10"><div class="bg-white rounded-md border border-gray-200 p-3"><div class="flex items-start justify-between mb-2"><div class="flex items-center gap-2"><div class="w-8 h-8 bg-gradient-to-br from-gray-700 to-gray-900 rounded-full flex items-center justify-center text-white font-semibold text-sm flex-shrink-0 cursor-pointer hover:ring-2 hover:ring-gray-900 hover:ring-offset-1 transition-all">R</div><div><div class="flex items-center gap-1.5"><span class="text-sm font-semibold text-gray-900 cursor-pointer hover:underline">Riley Williams</span></div><span class="text-xs text-gray-500">Nov 30, 2025, 06:17 PM</span></div></div><button class="p-1 hover:bg-gray-100 rounded-full transition-colors" type="button" id="radix-_r_4o_" aria-haspopup="menu" aria-expanded="false" data-state="closed"><svg xmlns="http://www.w3.org/2000/svg" width="24" height="24" viewBox="0 0 24 24" fill="none" stroke="currentColor" stroke-width="2" stroke-linecap="round" stroke-linejoin="round" class="lucide lucide-ellipsis-vertical w-4 h-4 text-gray-600" aria-hidden="true"><circle cx="12" cy="12" r="1"></circle><circle cx="12" cy="5" r="1"></circle><circle cx="12" cy="19" r="1"></circle></svg></button></div><p class="text-sm text-gray-800 whitespace-pre-wrap mb-2">Well put!</p><div class="flex items-center gap-3"><div class="flex items-center gap-3"><button data-testid="reaction-button-like" class="
                            group inline-flex items-center gap-1.5 px-3 py-1.5 rounded-md font-medium text-sm transition-all duration-200
                            bg-white text-gray-700 hover:bg-gray-50 border border-gray-300
                            cursor-pointer hover:scale-105
                        " type="button" id="radix-_r_4q_" aria-haspopup="menu" aria-expanded="false" data-state="closed"><span class="text-base">👍</span><span class="font-medium text-sm">Like</span></button></div></div></div></div></div></div><div class=""><div class="bg-white rounded-md border border-gray-200 p-3"><div class="flex items-start justify-between mb-2"><div class="flex items-center gap-2"><div class="w-8 h-8 bg-gradient-to-br from-gray-700 to-gray-900 rounded-full flex items-center justify-center text-white font-semibold text-sm flex-shrink-0 cursor-pointer hover:ring-2 hover:ring-gray-900 hover:ring-offset-1 transition-all">C</div><div><div class="flex items-center gap-1.5"><span class="text-sm font-semibold text-gray-900 cursor-pointer hover:underline">Charlotte Johnson</span></div><span class="text-xs text-gray-500">Nov 30, 2025, 06:17 PM</span></div></div><button class="p-1 hover:bg-gray-100 rounded-full transition-colors" type="button" id="radix-_r_52_" aria-haspopup="menu" aria-expanded="false" data-state="closed"><svg xmlns="http://www.w3.org/2000/svg" width="24" height="24" viewBox="0 0 24 24" fill="none" stroke="currentColor" stroke-width="2" stroke-linecap="round" stroke-linejoin="round" class="lucide lucide-ellipsis-vertical w-4 h-4 text-gray-600" aria-hidden="true"><circle cx="12" cy="12" r="1"></circle><circle cx="12" cy="5" r="1"></circle><circle cx="12" cy="19" r="1"></circle></svg></button></div><p class="text-sm text-gray-800 whitespace-pre-wrap mb-2">Could you elaborate more on this?</p><div class="flex items-center gap-3"><div class="flex items-center gap-3"><button data-testid="reaction-button-like" class="
                            group inline-flex items-center gap-1.5 px-3 py-1.5 rounded-md font-medium text-sm transition-all duration-200
                            bg-white text-gray-700 hover:bg-gray-50 border border-gray-300
                            cursor-pointer hover:scale-105
                        " type="button" id="radix-_r_54_" aria-haspopup="menu" aria-expanded="false" data-state="closed"><span class="text-base">👍</span><span class="font-medium text-sm">Like</span></button></div><button data-testid="reply-button" class="flex items-center gap-1 text-sm text-gray-600 hover:text-gray-900 transition-colors"><svg xmlns="http://www.w3.org/2000/svg" width="24" height="24" viewBox="0 0 24 24" fill="none" stroke="currentColor" stroke-width="2" stroke-linecap="round" stroke-linejoin="round" class="lucide lucide-reply w-4 h-4" aria-hidden="true"><path d="M20 18v-2a4 4 0 0 0-4-4H4"></path><path d="m9 17-5-5 5-5"></path></svg>Reply</button></div></div></div><div class=""><div class="bg-white rounded-md border border-gray-200 p-3"><div class="flex items-start justify-between mb-2"><div class="flex items-center gap-2"><div class="w-8 h-8 bg-gradient-to-br from-gray-700 to-gray-900 rounded-full flex items-center justify-center text-white font-semibold text-sm flex-shrink-0 cursor-pointer hover:ring-2 hover:ring-gray-900 hover:ring-offset-1 transition-all">S</div><div><div class="flex items-center gap-1.5"><span class="text-sm font-semibold text-gray-900 cursor-pointer hover:underline">Samuel Rodriguez</span></div><span class="text-xs text-gray-500">Nov 30, 2025, 06:17 PM</span></div></div><button class="p-1 hover:bg-gray-100 rounded-full transition-colors" type="button" id="radix-_r_59_" aria-haspopup="menu" aria-expanded="false" data-state="closed"><svg xmlns="http://www.w3.org/2000/svg" width="24" height="24" viewBox="0 0 24 24" fill="none" stroke="currentColor" stroke-width="2" stroke-linecap="round" stroke-linejoin="round" class="lucide lucide-ellipsis-vertical w-4 h-4 text-gray-600" aria-hidden="true"><circle cx="12" cy="12" r="1"></circle><circle cx="12" cy="5" r="1"></circle><circle cx="12" cy="19" r="1"></circle></svg></button></div><p class="text-sm text-gray-800 whitespace-pre-wrap mb-2">This resonates with me so much.</p><div class="flex items-center gap-3"><div class="flex items-center gap-3"><button data-testid="reaction-button-like" class="
                            group inline-flex items-center gap-1.5 px-3 py-1.5 rounded-md font-medium text-sm transition-all duration-200
                            bg-white text-gray-700 hover:bg-gray-50 border border-gray-300
                            cursor-pointer hover:scale-105
                        " type="button" id="radix-_r_5b_" aria-haspopup="menu" aria-expanded="false" data-state="closed"><span class="text-base">👍</span><span class="font-medium text-sm">Like</span></button></div><button data-testid="reply-button" class="flex items-center gap-1 text-sm text-gray-600 hover:text-gray-900 transition-colors"><svg xmlns="http://www.w3.org/2000/svg" width="24" height="24" viewBox="0 0 24 24" fill="none" stroke="currentColor" stroke-width="2" stroke-linecap="round" stroke-linejoin="round" class="lucide lucide-reply w-4 h-4" aria-hidden="true"><path d="M20 18v-2a4 4 0 0 0-4-4H4"></path><path d="m9 17-5-5 5-5"></path></svg>Reply</button></div></div></div></div></div></div></div></article><article class="bg-white rounded-xl shadow-sm border border-gray-200 overflow-hidden hover:shadow-md transition-shadow"><div class="p-6"><h2 class="text-xl font-bold text-gray-900 mb-3">User Success Stories</h2><p class="text-gray-600 leading-relaxed mb-6">We love hearing from our users! Today we are sharing some incredible success stories from our community. Your feedback and reactions mean the world to us. Keep them coming!</p><div class="pt-4 border-t border-gray-100"><div class="flex items-center gap-3"><button data-testid="reaction-button-like" class="
                            group inline-flex items-center gap-1.5 px-3 py-1.5 rounded-md font-medium text-sm transition-all duration-200
                            bg-white text-gray-700 hover:bg-gray-50 border border-gray-300
                            cursor-pointer hover:scale-105
                        " type="button" id="radix-_r_5g_" aria-haspopup="menu" aria-expanded="false" data-state="closed"><span class="text-base">👍</span><span class="font-medium text-sm">Like</span></button><div class="flex items-center gap-1.5"><button data-testid="reaction-count-love" class="
                                    inline-flex items-center gap-1 px-2 py-1 rounded-full text-xs font-medium transition-all
                                    bg-gray-100 text-gray-700 hover:bg-gray-200
                                    cursor-pointer hover:scale-105
                                "><span class="text-base">❤️</span><span>3</span></button><button data-testid="reaction-count-sad" class="
                                    inline-flex items-center gap-1 px-2 py-1 rounded-full text-xs font-medium transition-all
                                    bg-gray-100 text-gray-700 hover:bg-gray-200
                                    cursor-pointer hover:scale-105
                                "><span class="text-base">😢</span><span>2</span></button><button data-testid="reaction-count-like" class="
                                    inline-flex items-center gap-1 px-2 py-1 rounded-full text-xs font-medium transition-all
                                    bg-gray-100 text-gray-700 hover:bg-gray-200
                                    cursor-pointer hover:scale-105
                                "><span class="text-base">👍</span><span>1</span></button><button data-testid="reaction-count-wow" class="
                                    inline-flex items-center gap-1 px-2 py-1 rounded-full text-xs font-medium transition-all
                                    bg-gray-100 text-gray-700 hover:bg-gray-200
                                    cursor-pointer hover:scale-105
                                "><span class="text-base">😮</span><span>1</span></button><button data-testid="reaction-count-angry" class="
                                    inline-flex items-center gap-1 px-2 py-1 rounded-full text-xs font-medium transition-all
                                    bg-gray-100 text-gray-700 hover:bg-gray-200
                                    cursor-pointer hover:scale-105
                                "><span class="text-base">😠</span><span>1</span></button><button class="p-1.5 hover:bg-gray-100 rounded-full transition-colors" title="See who reacted"><svg xmlns="http://www.w3.org/2000/svg" width="24" height="24" viewBox="0 0 24 24" fill="none" stroke="currentColor" stroke-width="2" stroke-linecap="round" stroke-linejoin="round" class="lucide lucide-chevron-down w-4 h-4 text-gray-600" aria-hidden="true"><path d="m6 9 6 6 6-6"></path></svg></button></div></div></div><div class="pt-6 border-t border-gray-100 mt-6"><div class="space-y-3"><div class="flex items-center justify-between"><div class="flex items-center gap-2"><svg xmlns="http://www.w3.org/2000/svg" width="24" height="24" viewBox="0 0 24 24" fill="none" stroke="currentColor" stroke-width="2" stroke-linecap="round" stroke-linejoin="round" class="lucide lucide-message-square w-4 h-4 text-gray-600" aria-hidden="true"><path d="M22 17a2 2 0 0 1-2 2H6.828a2 2 0 0 0-1.414.586l-2.202 2.202A.71.71 0 0 1 2 21.286V5a2 2 0 0 1 2-2h16a2 2 0 0 1 2 2z"></path></svg><h3 class="text-base font-semibold text-gray-900">Comments (3)</h3></div><button data-testid="add-comment-button" class="px-3 py-1.5 text-sm font-medium text-white bg-gray-900 rounded-md hover:bg-gray-800 transition-colors">Add Comment</button></div><div class="space-y-2"><div class=""><div class="bg-white rounded-md border border-gray-200 p-3"><div class="flex items-start justify-between mb-2"><div class="flex items-center gap-2"><div class="w-8 h-8 bg-gradient-to-br from-gray-700 to-gray-900 rounded-full flex items-center justify-center text-white font-semibold text-sm flex-shrink-0 cursor-pointer hover:ring-2 hover:ring-gray-900 hover:ring-offset-1 transition-all">L</div><div><div class="flex items-center gap-1.5"><span class="text-sm font-semibold text-gray-900 cursor-pointer hover:underline">Lillian Gonzalez</span></div><span class="text-xs text-gray-500">Nov 30, 2025, 06:17 PM</span></div></div><button class="p-1 hover:bg-gray-100 rounded-full transition-colors" type="button" id="radix-_r_5i_" aria-haspopup="menu" aria-expanded="false" data-state="closed"><svg xmlns="http://www.w3.org/2000/svg" width="24" height="24" viewBox="0 0 24 24" fill="none" stroke="currentColor" stroke-width="2" stroke-linecap="round" stroke-linejoin="round" class="lucide lucide-ellipsis-vertical w-4 h-4 text-gray-600" aria-hidden="true"><circle cx="12" cy="12" r="1"></circle><circle cx="12" cy="5" r="1"></circle><circle cx="12" cy="19" r="1"></circle></svg></button></div><p class="text-sm text-gray-800 whitespace-pre-wrap mb-2">This is really helpful, thank you!</p><div class="flex items-center gap-3"><div class="flex items-center gap-3"><button data-testid="reaction-button-like" class="
                            group inline-flex items-center gap-1.5 px-3 py-1.5 rounded-md font-medium text-sm transition-all duration-200
                            bg-white text-gray-700 hover:bg-gray-50 border border-gray-300
                            cursor-pointer hover:scale-105
                        " type="button" id="radix-_r_5k_" aria-haspopup="menu" aria-expanded="false" data-state="closed"><span class="text-base">👍</span><span class="font-medium text-sm">Like</span></button></div><button data-testid="reply-button" class="flex items-center gap-1 text-sm text-gray-600 hover:text-gray-900 transition-colors"><svg xmlns="http://www.w3.org/2000/svg" width="24" height="24" viewBox="0 0 24 24" fill="none" stroke="currentColor" stroke-width="2" stroke-linecap="round" stroke-linejoin="round" class="lucide lucide-reply w-4 h-4" aria-hidden="true"><path d="M20 18v-2a4 4 0 0 0-4-4H4"></path><path d="m9 17-5-5 5-5"></path></svg>Reply</button></div></div></div><div class=""><div class="bg-white rounded-md border border-gray-200 p-3"><div class="flex items-start justify-between mb-2"><div class="flex items-center gap-2"><div class="w-8 h-8 bg-gradient-to-br from-gray-700 to-gray-900 rounded-full flex items-center justify-center text-white font-semibold text-sm flex-shrink-0 cursor-pointer hover:ring-2 hover:ring-gray-900 hover:ring-offset-1 transition-all">M</div><div><div class="flex items-center gap-1.5"><span class="text-sm font-semibold text-gray-900 cursor-pointer hover:underline">Mason Miller</span></div><span class="text-xs text-gray-500">Nov 30, 2025, 06:17 PM</span></div></div><button class="p-1 hover:bg-gray-100 rounded-full transition-colors" type="button" id="radix-_r_5p_" aria-haspopup="menu" aria-expanded="false" data-state="closed"><svg xmlns="http://www.w3.org/2000/svg" width="24" height="24" viewBox="0 0 24 24" fill="none" stroke="currentColor" stroke-width="2" stroke-linecap="round" stroke-linejoin="round" class="lucide lucide-ellipsis-vertical w-4 h-4 text-gray-600" aria-hidden="true"><circle cx="12" cy="12" r="1"></circle><circle cx="12" cy="5" r="1"></circle><circle cx="12" cy="19" r="1"></circle></svg></button></div><p class="text-sm text-gray-800 whitespace-pre-wrap mb-2">Thanks for sharing this information.</p><div class="flex items-center gap-3"><div class="flex items-center gap-3"><button data-testid="reaction-button-like" class="
                            group inline-flex items-center gap-1.5 px-3 py-1.5 rounded-md font-medium text-sm transition-all duration-200
                            bg-white text-gray-700 hover:bg-gray-50 border border-gray-300
                            cursor-pointer hover:scale-105
                        " type="button" id="radix-_r_5r_" aria-haspopup="menu" aria-expanded="false" data-state="closed"><span class="text-base">👍</span><span class="font-medium text-sm">Like</span></button></div><button data-testid="reply-button" class="flex items-center gap-1 text-sm text-gray-600 hover:text-gray-900 transition-colors"><svg xmlns="http://www.w3.org/2000/svg" width="24" height="24" viewBox="0 0 24 24" fill="none" stroke="currentColor" stroke-width="2" stroke-linecap="round" stroke-linejoin="round" class="lucide lucide-reply w-4 h-4" aria-hidden="true"><path d="M20 18v-2a4 4 0 0 0-4-4H4"></path><path d="m9 17-5-5 5-5"></path></svg>Reply</button></div></div></div><div class=""><div class="bg-white rounded-md border border-gray-200 p-3"><div class="flex items-start justify-between mb-2"><div class="flex items-center gap-2"><div class="w-8 h-8 bg-gradient-to-br from-gray-700 to-gray-900 rounded-full flex items-center justify-center text-white font-semibold text-sm flex-shrink-0 cursor-pointer hover:ring-2 hover:ring-gray-900 hover:ring-offset-1 transition-all">S</div><div><div class="flex items-center gap-1.5"><span class="text-sm font-semibold text-gray-900 cursor-pointer hover:underline">Sebastian Thomas</span></div><span class="text-xs text-gray-500">Nov 30, 2025, 06:17 PM</span></div></div><button class="p-1 hover:bg-gray-100 rounded-full transition-colors" type="button" id="radix-_r_60_" aria-haspopup="menu" aria-expanded="false" data-state="closed"><svg xmlns="http://www.w3.org/2000/svg" width="24" height="24" viewBox="0 0 24 24" fill="none" stroke="currentColor" stroke-width="2" stroke-linecap="round" stroke-linejoin="round" class="lucide lucide-ellipsis-vertical w-4 h-4 text-gray-600" aria-hidden="true"><circle cx="12" cy="12" r="1"></circle><circle cx="12" cy="5" r="1"></circle><circle cx="12" cy="19" r="1"></circle></svg></button></div><p class="text-sm text-gray-800 whitespace-pre-wrap mb-2">This is amazing! Great work!</p><div class="flex items-center gap-3"><div class="flex items-center gap-3"><button data-testid="reaction-button-like" class="
                            group inline-flex items-center gap-1.5 px-3 py-1.5 rounded-md font-medium text-sm transition-all duration-200
                            bg-white text-gray-700 hover:bg-gray-50 border border-gray-300
                            cursor-pointer hover:scale-105
                        " type="button" id="radix-_r_62_" aria-haspopup="menu" aria-expanded="false" data-state="closed"><span class="text-base">👍</span><span class="font-medium text-sm">Like</span></button></div><button data-testid="reply-button" class="flex items-center gap-1 text-sm text-gray-600 hover:text-gray-900 transition-colors"><svg xmlns="http://www.w3.org/2000/svg" width="24" height="24" viewBox="0 0 24 24" fill="none" stroke="currentColor" stroke-width="2" stroke-linecap="round" stroke-linejoin="round" class="lucide lucide-reply w-4 h-4" aria-hidden="true"><path d="M20 18v-2a4 4 0 0 0-4-4H4"></path><path d="m9 17-5-5 5-5"></path></svg>Reply</button></div></div><div class="mt-2 space-y-2"><div class="ml-10"><div class="bg-white rounded-md border border-gray-200 p-3"><div class="flex items-start justify-between mb-2"><div class="flex items-center gap-2"><div class="w-8 h-8 bg-gradient-to-br from-gray-700 to-gray-900 rounded-full flex items-center justify-center text-white font-semibold text-sm flex-shrink-0 cursor-pointer hover:ring-2 hover:ring-gray-900 hover:ring-offset-1 transition-all">L</div><div><div class="flex items-center gap-1.5"><span class="text-sm font-semibold text-gray-900 cursor-pointer hover:underline">Liam Brown</span></div><span class="text-xs text-gray-500">Nov 30, 2025, 06:17 PM</span></div></div><button class="p-1 hover:bg-gray-100 rounded-full transition-colors" type="button" id="radix-_r_64_" aria-haspopup="menu" aria-expanded="false" data-state="closed"><svg xmlns="http://www.w3.org/2000/svg" width="24" height="24" viewBox="0 0 24 24" fill="none" stroke="currentColor" stroke-width="2" stroke-linecap="round" stroke-linejoin="round" class="lucide lucide-ellipsis-vertical w-4 h-4 text-gray-600" aria-hidden="true"><circle cx="12" cy="12" r="1"></circle><circle cx="12" cy="5" r="1"></circle><circle cx="12" cy="19" r="1"></circle></svg></button></div><p class="text-sm text-gray-800 whitespace-pre-wrap mb-2">I agree with you!</p><div class="flex items-center gap-3"><div class="flex items-center gap-3"><button data-testid="reaction-button-like" class="
                            group inline-flex items-center gap-1.5 px-3 py-1.5 rounded-md font-medium text-sm transition-all duration-200
                            bg-white text-gray-700 hover:bg-gray-50 border border-gray-300
                            cursor-pointer hover:scale-105
                        " type="button" id="radix-_r_66_" aria-haspopup="menu" aria-expanded="false" data-state="closed"><span class="text-base">👍</span><span class="font-medium text-sm">Like</span></button></div></div></div></div><div class="ml-10"><div class="bg-white rounded-md border border-gray-200 p-3"><div class="flex items-start justify-between mb-2"><div class="flex items-center gap-2"><div class="w-8 h-8 bg-gradient-to-br from-gray-700 to-gray-900 rounded-full flex items-center justify-center text-white font-semibold text-sm flex-shrink-0 cursor-pointer hover:ring-2 hover:ring-gray-900 hover:ring-offset-1 transition-all">S</div><div><div class="flex items-center gap-1.5"><span class="text-sm font-semibold text-gray-900 cursor-pointer hover:underline">Sebastian Thomas</span></div><span class="text-xs text-gray-500">Nov 30, 2025, 06:17 PM</span></div></div><button class="p-1 hover:bg-gray-100 rounded-full transition-colors" type="button" id="radix-_r_6b_" aria-haspopup="menu" aria-expanded="false" data-state="closed"><svg xmlns="http://www.w3.org/2000/svg" width="24" height="24" viewBox="0 0 24 24" fill="none" stroke="currentColor" stroke-width="2" stroke-linecap="round" stroke-linejoin="round" class="lucide lucide-ellipsis-vertical w-4 h-4 text-gray-600" aria-hidden="true"><circle cx="12" cy="12" r="1"></circle><circle cx="12" cy="5" r="1"></circle><circle cx="12" cy="19" r="1"></circle></svg></button></div><p class="text-sm text-gray-800 whitespace-pre-wrap mb-2">Thanks for your comment!</p><div class="flex items-center gap-3"><div class="flex items-center gap-3"><button data-testid="reaction-button-like" class="
                            group inline-flex items-center gap-1.5 px-3 py-1.5 rounded-md font-medium text-sm transition-all duration-200
                            bg-white text-gray-700 hover:bg-gray-50 border border-gray-300
                            cursor-pointer hover:scale-105
                        " type="button" id="radix-_r_6d_" aria-haspopup="menu" aria-expanded="false" data-state="closed"><span class="text-base">👍</span><span class="font-medium text-sm">Like</span></button></div></div></div></div></div></div></div></div></div></div></article><article class="bg-white rounded-xl shadow-sm border border-gray-200 overflow-hidden hover:shadow-md transition-shadow"><div class="p-6"><h2 class="text-xl font-bold text-gray-900 mb-3">Tips and Tricks for Power Users</h2><p class="text-gray-600 leading-relaxed mb-6">Did you know you can quickly react by hovering over the button? Here are some tips and tricks to get the most out of our platform. Become a power user today!</p><div class="pt-4 border-t border-gray-100"><div class="flex items-center gap-3"><button data-testid="reaction-button-like" class="
                            group inline-flex items-center gap-1.5 px-3 py-1.5 rounded-md font-medium text-sm transition-all duration-200
                            bg-white text-gray-700 hover:bg-gray-50 border border-gray-300
                            cursor-pointer hover:scale-105
                        " type="button" id="radix-_r_6l_" aria-haspopup="menu" aria-expanded="false" data-state="closed"><span class="text-base">👍</span><span class="font-medium text-sm">Like</span></button><div class="flex items-center gap-1.5"><button data-testid="reaction-count-love" class="
                                    inline-flex items-center gap-1 px-2 py-1 rounded-full text-xs font-medium transition-all
                                    bg-gray-100 text-gray-700 hover:bg-gray-200
                                    cursor-pointer hover:scale-105
                                "><span class="text-base">❤️</span><span>2</span></button><button data-testid="reaction-count-like" class="
                                    inline-flex items-center gap-1 px-2 py-1 rounded-full text-xs font-medium transition-all
                                    bg-gray-100 text-gray-700 hover:bg-gray-200
                                    cursor-pointer hover:scale-105
                                "><span class="text-base">👍</span><span>1</span></button><button data-testid="reaction-count-wow" class="
                                    inline-flex items-center gap-1 px-2 py-1 rounded-full text-xs font-medium transition-all
                                    bg-gray-100 text-gray-700 hover:bg-gray-200
                                    cursor-pointer hover:scale-105
                                "><span class="text-base">😮</span><span>1</span></button><button class="p-1.5 hover:bg-gray-100 rounded-full transition-colors" title="See who reacted"><svg xmlns="http://www.w3.org/2000/svg" width="24" height="24" viewBox="0 0 24 24" fill="none" stroke="currentColor" stroke-width="2" stroke-linecap="round" stroke-linejoin="round" class="lucide lucide-chevron-down w-4 h-4 text-gray-600" aria-hidden="true"><path d="m6 9 6 6 6-6"></path></svg></button></div></div></div><div class="pt-6 border-t border-gray-100 mt-6"><div class="space-y-3"><div class="flex items-center justify-between"><div class="flex items-center gap-2"><svg xmlns="http://www.w3.org/2000/svg" width="24" height="24" viewBox="0 0 24 24" fill="none" stroke="currentColor" stroke-width="2" stroke-linecap="round" stroke-linejoin="round" class="lucide lucide-message-square w-4 h-4 text-gray-600" aria-hidden="true"><path d="M22 17a2 2 0 0 1-2 2H6.828a2 2 0 0 0-1.414.586l-2.202 2.202A.71.71 0 0 1 2 21.286V5a2 2 0 0 1 2-2h16a2 2 0 0 1 2 2z"></path></svg><h3 class="text-base font-semibold text-gray-900">Comments (4)</h3></div><button data-testid="add-comment-button" class="px-3 py-1.5 text-sm font-medium text-white bg-gray-900 rounded-md hover:bg-gray-800 transition-colors">Add Comment</button></div><div class="space-y-2"><div class=""><div class="bg-white rounded-md border border-gray-200 p-3"><div class="flex items-start justify-between mb-2"><div class="flex items-center gap-2"><div class="w-8 h-8 bg-gradient-to-br from-gray-700 to-gray-900 rounded-full flex items-center justify-center text-white font-semibold text-sm flex-shrink-0 cursor-pointer hover:ring-2 hover:ring-gray-900 hover:ring-offset-1 transition-all">V</div><div><div class="flex items-center gap-1.5"><span class="text-sm font-semibold text-gray-900 cursor-pointer hover:underline">Victoria Thomas</span></div><span class="text-xs text-gray-500">Nov 30, 2025, 06:17 PM</span></div></div><button class="p-1 hover:bg-gray-100 rounded-full transition-colors" type="button" id="radix-_r_6n_" aria-haspopup="menu" aria-expanded="false" data-state="closed"><svg xmlns="http://www.w3.org/2000/svg" width="24" height="24" viewBox="0 0 24 24" fill="none" stroke="currentColor" stroke-width="2" stroke-linecap="round" stroke-linejoin="round" class="lucide lucide-ellipsis-vertical w-4 h-4 text-gray-600" aria-hidden="true"><circle cx="12" cy="12" r="1"></circle><circle cx="12" cy="5" r="1"></circle><circle cx="12" cy="19" r="1"></circle></svg></button></div><p class="text-sm text-gray-800 whitespace-pre-wrap mb-2">Fantastic post! Keep it up!</p><div class="flex items-center gap-3"><div class="flex items-center gap-3"><button data-testid="reaction-button-like" class="
                            group inline-flex items-center gap-1.5 px-3 py-1.5 rounded-md font-medium text-sm transition-all duration-200
                            bg-white text-gray-700 hover:bg-gray-50 border border-gray-300
                            cursor-pointer hover:scale-105
                        " type="button" id="radix-_r_6p_" aria-haspopup="menu" aria-expanded="false" data-state="closed"><span class="text-base">👍</span><span class="font-medium text-sm">Like</span></button></div><button data-testid="reply-button" class="flex items-center gap-1 text-sm text-gray-600 hover:text-gray-900 transition-colors"><svg xmlns="http://www.w3.org/2000/svg" width="24" height="24" viewBox="0 0 24 24" fill="none" stroke="currentColor" stroke-width="2" stroke-linecap="round" stroke-linejoin="round" class="lucide lucide-reply w-4 h-4" aria-hidden="true"><path d="M20 18v-2a4 4 0 0 0-4-4H4"></path><path d="m9 17-5-5 5-5"></path></svg>Reply</button></div></div><div class="mt-2 space-y-2"><div class="ml-10"><div class="bg-white rounded-md border border-gray-200 p-3"><div class="flex items-start justify-between mb-2"><div class="flex items-center gap-2"><div class="w-8 h-8 bg-gradient-to-br from-gray-700 to-gray-900 rounded-full flex items-center justify-center text-white font-semibold text-sm flex-shrink-0 cursor-pointer hover:ring-2 hover:ring-gray-900 hover:ring-offset-1 transition-all">M</div><div><div class="flex items-center gap-1.5"><span class="text-sm font-semibold text-gray-900 cursor-pointer hover:underline">Mason Jones</span></div><span class="text-xs text-gray-500">Nov 30, 2025, 06:17 PM</span></div></div><button class="p-1 hover:bg-gray-100 rounded-full transition-colors" type="button" id="radix-_r_6r_" aria-haspopup="menu" aria-expanded="false" data-state="closed"><svg xmlns="http://www.w3.org/2000/svg" width="24" height="24" viewBox="0 0 24 24" fill="none" stroke="currentColor" stroke-width="2" stroke-linecap="round" stroke-linejoin="round" class="lucide lucide-ellipsis-vertical w-4 h-4 text-gray-600" aria-hidden="true"><circle cx="12" cy="12" r="1"></circle><circle cx="12" cy="5" r="1"></circle><circle cx="12" cy="19" r="1"></circle></svg></button></div><p class="text-sm text-gray-800 whitespace-pre-wrap mb-2">Interesting perspective!</p><div class="flex items-center gap-3"><div class="flex items-center gap-3"><button data-testid="reaction-button-like" class="
                            group inline-flex items-center gap-1.5 px-3 py-1.5 rounded-md font-medium text-sm transition-all duration-200
                            bg-white text-gray-700 hover:bg-gray-50 border border-gray-300
                            cursor-pointer hover:scale-105
                        " type="button" id="radix-_r_6t_" aria-haspopup="menu" aria-expanded="false" data-state="closed"><span class="text-base">👍</span><span class="font-medium text-sm">Like</span></button></div></div></div></div></div></div><div class=""><div class="bg-white rounded-md border border-gray-200 p-3"><div class="flex items-start justify-between mb-2"><div class="flex items-center gap-2"><div class="w-8 h-8 bg-gradient-to-br from-gray-700 to-gray-900 rounded-full flex items-center justify-center text-white font-semibold text-sm flex-shrink-0 cursor-pointer hover:ring-2 hover:ring-gray-900 hover:ring-offset-1 transition-all">B</div><div><div class="flex items-center gap-1.5"><span class="text-sm font-semibold text-gray-900 cursor-pointer hover:underline">Benjamin Moore</span></div><span class="text-xs text-gray-500">Nov 30, 2025, 06:17 PM</span></div></div><button class="p-1 hover:bg-gray-100 rounded-full transition-colors" type="button" id="radix-_r_75_" aria-haspopup="menu" aria-expanded="false" data-state="closed"><svg xmlns="http://www.w3.org/2000/svg" width="24" height="24" viewBox="0 0 24 24" fill="none" stroke="currentColor" stroke-width="2" stroke-linecap="round" stroke-linejoin="round" class="lucide lucide-ellipsis-vertical w-4 h-4 text-gray-600" aria-hidden="true"><circle cx="12" cy="12" r="1"></circle><circle cx="12" cy="5" r="1"></circle><circle cx="12" cy="19" r="1"></circle></svg></button></div><p class="text-sm text-gray-800 whitespace-pre-wrap mb-2">This resonates with me so much.</p><div class="flex items-center gap-3"><div class="flex items-center gap-3"><button data-testid="reaction-button-like" class="
                            group inline-flex items-center gap-1.5 px-3 py-1.5 rounded-md font-medium text-sm transition-all duration-200
                            bg-white text-gray-700 hover:bg-gray-50 border border-gray-300
                            cursor-pointer hover:scale-105
                        " type="button" id="radix-_r_77_" aria-haspopup="menu" aria-expanded="false" data-state="closed"><span class="text-base">👍</span><span class="font-medium text-sm">Like</span></button></div><button data-testid="reply-button" class="flex items-center gap-1 text-sm text-gray-600 hover:text-gray-900 transition-colors"><svg xmlns="http://www.w3.org/2000/svg" width="24" height="24" viewBox="0 0 24 24" fill="none" stroke="currentColor" stroke-width="2" stroke-linecap="round" stroke-linejoin="round" class="lucide lucide-reply w-4 h-4" aria-hidden="true"><path d="M20 18v-2a4 4 0 0 0-4-4H4"></path><path d="m9 17-5-5 5-5"></path></svg>Reply</button></div></div><div class="mt-2 space-y-2"><div class="ml-10"><div class="bg-white rounded-md border border-gray-200 p-3"><div class="flex items-start justify-between mb-2"><div class="flex items-center gap-2"><div class="w-8 h-8 bg-gradient-to-br from-gray-700 to-gray-900 rounded-full flex items-center justify-center text-white font-semibold text-sm flex-shrink-0 cursor-pointer hover:ring-2 hover:ring-gray-900 hover:ring-offset-1 transition-all">L</div><div><div class="flex items-center gap-1.5"><span class="text-sm font-semibold text-gray-900 cursor-pointer hover:underline">Liam Brown</span></div><span class="text-xs text-gray-500">Nov 30, 2025, 06:17 PM</span></div></div><button class="p-1 hover:bg-gray-100 rounded-full transition-colors" type="button" id="radix-_r_79_" aria-haspopup="menu" aria-expanded="false" data-state="closed"><svg xmlns="http://www.w3.org/2000/svg" width="24" height="24" viewBox="0 0 24 24" fill="none" stroke="currentColor" stroke-width="2" stroke-linecap="round" stroke-linejoin="round" class="lucide lucide-ellipsis-vertical w-4 h-4 text-gray-600" aria-hidden="true"><circle cx="12" cy="12" r="1"></circle><circle cx="12" cy="5" r="1"></circle><circle cx="12" cy="19" r="1"></circle></svg></button></div><p class="text-sm text-gray-800 whitespace-pre-wrap mb-2">I agree with you!</p><div class="flex items-center gap-3"><div class="flex items-center gap-3"><button data-testid="reaction-button-like" class="
                            group inline-flex items-center gap-1.5 px-3 py-1.5 rounded-md font-medium text-sm transition-all duration-200
                            bg-white text-gray-700 hover:bg-gray-50 border border-gray-300
                            cursor-pointer hover:scale-105
                        " type="button" id="radix-_r_7b_" aria-haspopup="menu" aria-expanded="false" data-state="closed"><span class="text-base">👍</span><span class="font-medium text-sm">Like</span></button></div></div></div></div><div class="ml-10"><div class="bg-white rounded-md border border-gray-200 p-3"><div class="flex items-start justify-between mb-2"><div class="flex items-center gap-2"><div class="w-8 h-8 bg-gradient-to-br from-gray-700 to-gray-900 rounded-full flex items-center justify-center text-white font-semibold text-sm flex-shrink-0 cursor-pointer hover:ring-2 hover:ring-gray-900 hover:ring-offset-1 transition-all">O</div><div><div class="flex items-center gap-1.5"><span class="text-sm font-semibold text-gray-900 cursor-pointer hover:underline">Owen Anderson</span></div><span class="text-xs text-gray-500">Nov 30, 2025, 06:17 PM</span></div></div><button class="p-1 hover:bg-gray-100 rounded-full transition-colors" type="button" id="radix-_r_7g_" aria-haspopup="menu" aria-expanded="false" data-state="closed"><svg xmlns="http://www.w3.org/2000/svg" width="24" height="24" viewBox="0 0 24 24" fill="none" stroke="currentColor" stroke-width="2" stroke-linecap="round" stroke-linejoin="round" class="lucide lucide-ellipsis-vertical w-4 h-4 text-gray-600" aria-hidden="true"><circle cx="12" cy="12" r="1"></circle><circle cx="12" cy="5" r="1"></circle><circle cx="12" cy="19" r="1"></circle></svg></button></div><p class="text-sm text-gray-800 whitespace-pre-wrap mb-2">Thanks for your comment!</p><div class="flex items-center gap-3"><div class="flex items-center gap-3"><button data-testid="reaction-button-like" class="
                            group inline-flex items-center gap-1.5 px-3 py-1.5 rounded-md font-medium text-sm transition-all duration-200
                            bg-white text-gray-700 hover:bg-gray-50 border border-gray-300
                            cursor-pointer hover:scale-105
                        " type="button" id="radix-_r_7i_" aria-haspopup="menu" aria-expanded="false" data-state="closed"><span class="text-base">👍</span><span class="font-medium text-sm">Like</span></button></div></div></div></div></div></div><div class=""><div class="bg-white rounded-md border border-gray-200 p-3"><div class="flex items-start justify-between mb-2"><div class="flex items-center gap-2"><div class="w-8 h-8 bg-gradient-to-br from-gray-700 to-gray-900 rounded-full flex items-center justify-center text-white font-semibold text-sm flex-shrink-0 cursor-pointer hover:ring-2 hover:ring-gray-900 hover:ring-offset-1 transition-all">E</div><div><div class="flex items-center gap-1.5"><span class="text-sm font-semibold text-gray-900 cursor-pointer hover:underline">Ethan Clark</span></div><span class="text-xs text-gray-500">Nov 30, 2025, 06:17 PM</span></div></div><button class="p-1 hover:bg-gray-100 rounded-full transition-colors" type="button" id="radix-_r_7q_" aria-haspopup="menu" aria-expanded="false" data-state="closed"><svg xmlns="http://www.w3.org/2000/svg" width="24" height="24" viewBox="0 0 24 24" fill="none" stroke="currentColor" stroke-width="2" stroke-linecap="round" stroke-linejoin="round" class="lucide lucide-ellipsis-vertical w-4 h-4 text-gray-600" aria-hidden="true"><circle cx="12" cy="12" r="1"></circle><circle cx="12" cy="5" r="1"></circle><circle cx="12" cy="19" r="1"></circle></svg></button></div><p class="text-sm text-gray-800 whitespace-pre-wrap mb-2">Well said! Couldn't agree more.</p><div class="flex items-center gap-3"><div class="flex items-center gap-3"><button data-testid="reaction-button-like" class="
                            group inline-flex items-center gap-1.5 px-3 py-1.5 rounded-md font-medium text-sm transition-all duration-200
                            bg-white text-gray-700 hover:bg-gray-50 border border-gray-300
                            cursor-pointer hover:scale-105
                        " type="button" id="radix-_r_7s_" aria-haspopup="menu" aria-expanded="false" data-state="closed"><span class="text-base">👍</span><span class="font-medium text-sm">Like</span></button></div><button data-testid="reply-button" class="flex items-center gap-1 text-sm text-gray-600 hover:text-gray-900 transition-colors"><svg xmlns="http://www.w3.org/2000/svg" width="24" height="24" viewBox="0 0 24 24" fill="none" stroke="currentColor" stroke-width="2" stroke-linecap="round" stroke-linejoin="round" class="lucide lucide-reply w-4 h-4" aria-hidden="true"><path d="M20 18v-2a4 4 0 0 0-4-4H4"></path><path d="m9 17-5-5 5-5"></path></svg>Reply</button></div></div></div><div class=""><div class="bg-white rounded-md border border-gray-200 p-3"><div class="flex items-start justify-between mb-2"><div class="flex items-center gap-2"><div class="w-8 h-8 bg-gradient-to-br from-gray-700 to-gray-900 rounded-full flex items-center justify-center text-white font-semibold text-sm flex-shrink-0 cursor-pointer hover:ring-2 hover:ring-gray-900 hover:ring-offset-1 transition-all">L</div><div><div class="flex items-center gap-1.5"><span class="text-sm font-semibold text-gray-900 cursor-pointer hover:underline">Luke Wilson</span></div><span class="text-xs text-gray-500">Nov 30, 2025, 06:17 PM</span></div></div><button class="p-1 hover:bg-gray-100 rounded-full transition-colors" type="button" id="radix-_r_81_" aria-haspopup="menu" aria-expanded="false" data-state="closed"><svg xmlns="http://www.w3.org/2000/svg" width="24" height="24" viewBox="0 0 24 24" fill="none" stroke="currentColor" stroke-width="2" stroke-linecap="round" stroke-linejoin="round" class="lucide lucide-ellipsis-vertical w-4 h-4 text-gray-600" aria-hidden="true"><circle cx="12" cy="12" r="1"></circle><circle cx="12" cy="5" r="1"></circle><circle cx="12" cy="19" r="1"></circle></svg></button></div><p class="text-sm text-gray-800 whitespace-pre-wrap mb-2">Fantastic post! Keep it up!</p><div class="flex items-center gap-3"><div class="flex items-center gap-3"><button data-testid="reaction-button-like" class="
                            group inline-flex items-center gap-1.5 px-3 py-1.5 rounded-md font-medium text-sm transition-all duration-200
                            bg-white text-gray-700 hover:bg-gray-50 border border-gray-300
                            cursor-pointer hover:scale-105
                        " type="button" id="radix-_r_83_" aria-haspopup="menu" aria-expanded="false" data-state="closed"><span class="text-base">👍</span><span class="font-medium text-sm">Like</span></button></div><button data-testid="reply-button" class="flex items-center gap-1 text-sm text-gray-600 hover:text-gray-900 transition-colors"><svg xmlns="http://www.w3.org/2000/svg" width="24" height="24" viewBox="0 0 24 24" fill="none" stroke="currentColor" stroke-width="2" stroke-linecap="round" stroke-linejoin="round" class="lucide lucide-reply w-4 h-4" aria-hidden="true"><path d="M20 18v-2a4 4 0 0 0-4-4H4"></path><path d="m9 17-5-5 5-5"></path></svg>Reply</button></div></div></div></div></div></div></div></article><article class="bg-white rounded-xl shadow-sm border border-gray-200 overflow-hidden hover:shadow-md transition-shadow"><div class="p-6"><h2 class="text-xl font-bold text-gray-900 mb-3">Upcoming Events and Webinars</h2><p class="text-gray-600 leading-relaxed mb-6">Join us for our upcoming webinar series where we will dive deep into advanced features and best practices. React to this post if you are interested in attending!</p><div class="pt-4 border-t border-gray-100"><div class="flex items-center gap-3"><button data-testid="reaction-button-like" class="
                            group inline-flex items-center gap-1.5 px-3 py-1.5 rounded-md font-medium text-sm transition-all duration-200
                            bg-white text-gray-700 hover:bg-gray-50 border border-gray-300
                            cursor-pointer hover:scale-105
                        " type="button" id="radix-_r_88_" aria-haspopup="menu" aria-expanded="false" data-state="closed"><span class="text-base">👍</span><span class="font-medium text-sm">Like</span></button><div class="flex items-center gap-1.5"><button data-testid="reaction-count-like" class="
                                    inline-flex items-center gap-1 px-2 py-1 rounded-full text-xs font-medium transition-all
                                    bg-gray-100 text-gray-700 hover:bg-gray-200
                                    cursor-pointer hover:scale-105
                                "><span class="text-base">👍</span><span>1</span></button><button data-testid="reaction-count-haha" class="
                                    inline-flex items-center gap-1 px-2 py-1 rounded-full text-xs font-medium transition-all
                                    bg-gray-100 text-gray-700 hover:bg-gray-200
                                    cursor-pointer hover:scale-105
                                "><span class="text-base">😂</span><span>1</span></button><button data-testid="reaction-count-angry" class="
                                    inline-flex items-center gap-1 px-2 py-1 rounded-full text-xs font-medium transition-all
                                    bg-gray-100 text-gray-700 hover:bg-gray-200
                                    cursor-pointer hover:scale-105
                                "><span class="text-base">😠</span><span>1</span></button><button class="p-1.5 hover:bg-gray-100 rounded-full transition-colors" title="See who reacted"><svg xmlns="http://www.w3.org/2000/svg" width="24" height="24" viewBox="0 0 24 24" fill="none" stroke="currentColor" stroke-width="2" stroke-linecap="round" stroke-linejoin="round" class="lucide lucide-chevron-down w-4 h-4 text-gray-600" aria-hidden="true"><path d="m6 9 6 6 6-6"></path></svg></button></div></div></div><div class="pt-6 border-t border-gray-100 mt-6"><div class="space-y-3"><div class="flex items-center justify-between"><div class="flex items-center gap-2"><svg xmlns="http://www.w3.org/2000/svg" width="24" height="24" viewBox="0 0 24 24" fill="none" stroke="currentColor" stroke-width="2" stroke-linecap="round" stroke-linejoin="round" class="lucide lucide-message-square w-4 h-4 text-gray-600" aria-hidden="true"><path d="M22 17a2 2 0 0 1-2 2H6.828a2 2 0 0 0-1.414.586l-2.202 2.202A.71.71 0 0 1 2 21.286V5a2 2 0 0 1 2-2h16a2 2 0 0 1 2 2z"></path></svg><h3 class="text-base font-semibold text-gray-900">Comments (5)</h3></div><button data-testid="add-comment-button" class="px-3 py-1.5 text-sm font-medium text-white bg-gray-900 rounded-md hover:bg-gray-800 transition-colors">Add Comment</button></div><div class="space-y-2"><div class=""><div class="bg-white rounded-md border border-gray-200 p-3"><div class="flex items-start justify-between mb-2"><div class="flex items-center gap-2"><div class="w-8 h-8 bg-gradient-to-br from-gray-700 to-gray-900 rounded-full flex items-center justify-center text-white font-semibold text-sm flex-shrink-0 cursor-pointer hover:ring-2 hover:ring-gray-900 hover:ring-offset-1 transition-all">N</div><div><div class="flex items-center gap-1.5"><span class="text-sm font-semibold text-gray-900 cursor-pointer hover:underline">Noah Moore</span></div><span class="text-xs text-gray-500">Nov 30, 2025, 06:17 PM</span></div></div><button class="p-1 hover:bg-gray-100 rounded-full transition-colors" type="button" id="radix-_r_8a_" aria-haspopup="menu" aria-expanded="false" data-state="closed"><svg xmlns="http://www.w3.org/2000/svg" width="24" height="24" viewBox="0 0 24 24" fill="none" stroke="currentColor" stroke-width="2" stroke-linecap="round" stroke-linejoin="round" class="lucide lucide-ellipsis-vertical w-4 h-4 text-gray-600" aria-hidden="true"><circle cx="12" cy="12" r="1"></circle><circle cx="12" cy="5" r="1"></circle><circle cx="12" cy="19" r="1"></circle></svg></button></div><p class="text-sm text-gray-800 whitespace-pre-wrap mb-2">This deserves more attention.</p><div class="flex items-center gap-3"><div class="flex items-center gap-3"><button data-testid="reaction-button-like" class="
                            group inline-flex items-center gap-1.5 px-3 py-1.5 rounded-md font-medium text-sm transition-all duration-200
                            bg-white text-gray-700 hover:bg-gray-50 border border-gray-300
                            cursor-pointer hover:scale-105
                        " type="button" id="radix-_r_8c_" aria-haspopup="menu" aria-expanded="false" data-state="closed"><span class="text-base">👍</span><span class="font-medium text-sm">Like</span></button></div><button data-testid="reply-button" class="flex items-center gap-1 text-sm text-gray-600 hover:text-gray-900 transition-colors"><svg xmlns="http://www.w3.org/2000/svg" width="24" height="24" viewBox="0 0 24 24" fill="none" stroke="currentColor" stroke-width="2" stroke-linecap="round" stroke-linejoin="round" class="lucide lucide-reply w-4 h-4" aria-hidden="true"><path d="M20 18v-2a4 4 0 0 0-4-4H4"></path><path d="m9 17-5-5 5-5"></path></svg>Reply</button></div></div></div><div class=""><div class="bg-white rounded-md border border-gray-200 p-3"><div class="flex items-start justify-between mb-2"><div class="flex items-center gap-2"><div class="w-8 h-8 bg-gradient-to-br from-gray-700 to-gray-900 rounded-full flex items-center justify-center text-white font-semibold text-sm flex-shrink-0 cursor-pointer hover:ring-2 hover:ring-gray-900 hover:ring-offset-1 transition-all">E</div><div><div class="flex items-center gap-1.5"><span class="text-sm font-semibold text-gray-900 cursor-pointer hover:underline">Emily Thomas</span></div><span class="text-xs text-gray-500">Nov 30, 2025, 06:17 PM</span></div></div><button class="p-1 hover:bg-gray-100 rounded-full transition-colors" type="button" id="radix-_r_8h_" aria-haspopup="menu" aria-expanded="false" data-state="closed"><svg xmlns="http://www.w3.org/2000/svg" width="24" height="24" viewBox="0 0 24 24" fill="none" stroke="currentColor" stroke-width="2" stroke-linecap="round" stroke-linejoin="round" class="lucide lucide-ellipsis-vertical w-4 h-4 text-gray-600" aria-hidden="true"><circle cx="12" cy="12" r="1"></circle><circle cx="12" cy="5" r="1"></circle><circle cx="12" cy="19" r="1"></circle></svg></button></div><p class="text-sm text-gray-800 whitespace-pre-wrap mb-2">Well said! Couldn't agree more.</p><div class="flex items-center gap-3"><div class="flex items-center gap-3"><button data-testid="reaction-button-like" class="
                            group inline-flex items-center gap-1.5 px-3 py-1.5 rounded-md font-medium text-sm transition-all duration-200
                            bg-white text-gray-700 hover:bg-gray-50 border border-gray-300
                            cursor-pointer hover:scale-105
                        " type="button" id="radix-_r_8j_" aria-haspopup="menu" aria-expanded="false" data-state="closed"><span class="text-base">👍</span><span class="font-medium text-sm">Like</span></button></div><button data-testid="reply-button" class="flex items-center gap-1 text-sm text-gray-600 hover:text-gray-900 transition-colors"><svg xmlns="http://www.w3.org/2000/svg" width="24" height="24" viewBox="0 0 24 24" fill="none" stroke="currentColor" stroke-width="2" stroke-linecap="round" stroke-linejoin="round" class="lucide lucide-reply w-4 h-4" aria-hidden="true"><path d="M20 18v-2a4 4 0 0 0-4-4H4"></path><path d="m9 17-5-5 5-5"></path></svg>Reply</button></div></div></div><div class=""><div class="bg-white rounded-md border border-gray-200 p-3"><div class="flex items-start justify-between mb-2"><div class="flex items-center gap-2"><div class="w-8 h-8 bg-gradient-to-br from-gray-700 to-gray-900 rounded-full flex items-center justify-center text-white font-semibold text-sm flex-shrink-0 cursor-pointer hover:ring-2 hover:ring-gray-900 hover:ring-offset-1 transition-all">J</div><div><div class="flex items-center gap-1.5"><span class="text-sm font-semibold text-gray-900 cursor-pointer hover:underline">Jackson Jackson</span></div><span class="text-xs text-gray-500">Nov 30, 2025, 06:17 PM</span></div></div><button class="p-1 hover:bg-gray-100 rounded-full transition-colors" type="button" id="radix-_r_8o_" aria-haspopup="menu" aria-expanded="false" data-state="closed"><svg xmlns="http://www.w3.org/2000/svg" width="24" height="24" viewBox="0 0 24 24" fill="none" stroke="currentColor" stroke-width="2" stroke-linecap="round" stroke-linejoin="round" class="lucide lucide-ellipsis-vertical w-4 h-4 text-gray-600" aria-hidden="true"><circle cx="12" cy="12" r="1"></circle><circle cx="12" cy="5" r="1"></circle><circle cx="12" cy="19" r="1"></circle></svg></button></div><p class="text-sm text-gray-800 whitespace-pre-wrap mb-2">Fantastic post! Keep it up!</p><div class="flex items-center gap-3"><div class="flex items-center gap-3"><button data-testid="reaction-button-like" class="
                            group inline-flex items-center gap-1.5 px-3 py-1.5 rounded-md font-medium text-sm transition-all duration-200
                            bg-white text-gray-700 hover:bg-gray-50 border border-gray-300
                            cursor-pointer hover:scale-105
                        " type="button" id="radix-_r_8q_" aria-haspopup="menu" aria-expanded="false" data-state="closed"><span class="text-base">👍</span><span class="font-medium text-sm">Like</span></button></div><button data-testid="reply-button" class="flex items-center gap-1 text-sm text-gray-600 hover:text-gray-900 transition-colors"><svg xmlns="http://www.w3.org/2000/svg" width="24" height="24" viewBox="0 0 24 24" fill="none" stroke="currentColor" stroke-width="2" stroke-linecap="round" stroke-linejoin="round" class="lucide lucide-reply w-4 h-4" aria-hidden="true"><path d="M20 18v-2a4 4 0 0 0-4-4H4"></path><path d="m9 17-5-5 5-5"></path></svg>Reply</button></div></div><div class="mt-2 space-y-2"><div class="ml-10"><div class="bg-white rounded-md border border-gray-200 p-3"><div class="flex items-start justify-between mb-2"><div class="flex items-center gap-2"><div class="w-8 h-8 bg-gradient-to-br from-gray-700 to-gray-900 rounded-full flex items-center justify-center text-white font-semibold text-sm flex-shrink-0 cursor-pointer hover:ring-2 hover:ring-gray-900 hover:ring-offset-1 transition-all">J</div><div><div class="flex items-center gap-1.5"><span class="text-sm font-semibold text-gray-900 cursor-pointer hover:underline">Jackson Jackson</span></div><span class="text-xs text-gray-500">Nov 30, 2025, 06:17 PM</span></div></div><button class="p-1 hover:bg-gray-100 rounded-full transition-colors" type="button" id="radix-_r_8s_" aria-haspopup="menu" aria-expanded="false" data-state="closed"><svg xmlns="http://www.w3.org/2000/svg" width="24" height="24" viewBox="0 0 24 24" fill="none" stroke="currentColor" stroke-width="2" stroke-linecap="round" stroke-linejoin="round" class="lucide lucide-ellipsis-vertical w-4 h-4 text-gray-600" aria-hidden="true"><circle cx="12" cy="12" r="1"></circle><circle cx="12" cy="5" r="1"></circle><circle cx="12" cy="19" r="1"></circle></svg></button></div><p class="text-sm text-gray-800 whitespace-pre-wrap mb-2">I agree with you!</p><div class="flex items-center gap-3"><div class="flex items-center gap-3"><button data-testid="reaction-button-like" class="
                            group inline-flex items-center gap-1.5 px-3 py-1.5 rounded-md font-medium text-sm transition-all duration-200
                            bg-white text-gray-700 hover:bg-gray-50 border border-gray-300
                            cursor-pointer hover:scale-105
                        " type="button" id="radix-_r_8u_" aria-haspopup="menu" aria-expanded="false" data-state="closed"><span class="text-base">👍</span><span class="font-medium text-sm">Like</span></button></div></div></div></div><div class="ml-10"><div class="bg-white rounded-md border border-gray-200 p-3"><div class="flex items-start justify-between mb-2"><div class="flex items-center gap-2"><div class="w-8 h-8 bg-gradient-to-br from-gray-700 to-gray-900 rounded-full flex items-center justify-center text-white font-semibold text-sm flex-shrink-0 cursor-pointer hover:ring-2 hover:ring-gray-900 hover:ring-offset-1 transition-all">S</div><div><div class="flex items-center gap-1.5"><span class="text-sm font-semibold text-gray-900 cursor-pointer hover:underline">Sebastian Thomas</span></div><span class="text-xs text-gray-500">Nov 30, 2025, 06:17 PM</span></div></div><button class="p-1 hover:bg-gray-100 rounded-full transition-colors" type="button" id="radix-_r_93_" aria-haspopup="menu" aria-expanded="false" data-state="closed"><svg xmlns="http://www.w3.org/2000/svg" width="24" height="24" viewBox="0 0 24 24" fill="none" stroke="currentColor" stroke-width="2" stroke-linecap="round" stroke-linejoin="round" class="lucide lucide-ellipsis-vertical w-4 h-4 text-gray-600" aria-hidden="true"><circle cx="12" cy="12" r="1"></circle><circle cx="12" cy="5" r="1"></circle><circle cx="12" cy="19" r="1"></circle></svg></button></div><p class="text-sm text-gray-800 whitespace-pre-wrap mb-2">Interesting perspective!</p><div class="flex items-center gap-3"><div class="flex items-center gap-3"><button data-testid="reaction-button-like" class="
                            group inline-flex items-center gap-1.5 px-3 py-1.5 rounded-md font-medium text-sm transition-all duration-200
                            bg-white text-gray-700 hover:bg-gray-50 border border-gray-300
                            cursor-pointer hover:scale-105
                        " type="button" id="radix-_r_95_" aria-haspopup="menu" aria-expanded="false" data-state="closed"><span class="text-base">👍</span><span class="font-medium text-sm">Like</span></button></div></div></div></div></div></div><div class=""><div class="bg-white rounded-md border border-gray-200 p-3"><div class="flex items-start justify-between mb-2"><div class="flex items-center gap-2"><div class="w-8 h-8 bg-gradient-to-br from-gray-700 to-gray-900 rounded-full flex items-center justify-center text-white font-semibold text-sm flex-shrink-0 cursor-pointer hover:ring-2 hover:ring-gray-900 hover:ring-offset-1 transition-all">M</div><div><div class="flex items-center gap-1.5"><span class="text-sm font-semibold text-gray-900 cursor-pointer hover:underline">Mason Jones</span></div><span class="text-xs text-gray-500">Nov 30, 2025, 06:17 PM</span></div></div><button class="p-1 hover:bg-gray-100 rounded-full transition-colors" type="button" id="radix-_r_9d_" aria-haspopup="menu" aria-expanded="false" data-state="closed"><svg xmlns="http://www.w3.org/2000/svg" width="24" height="24" viewBox="0 0 24 24" fill="none" stroke="currentColor" stroke-width="2" stroke-linecap="round" stroke-linejoin="round" class="lucide lucide-ellipsis-vertical w-4 h-4 text-gray-600" aria-hidden="true"><circle cx="12" cy="12" r="1"></circle><circle cx="12" cy="5" r="1"></circle><circle cx="12" cy="19" r="1"></circle></svg></button></div><p class="text-sm text-gray-800 whitespace-pre-wrap mb-2">Could you elaborate more on this?</p><div class="flex items-center gap-3"><div class="flex items-center gap-3"><button data-testid="reaction-button-like" class="
                            group inline-flex items-center gap-1.5 px-3 py-1.5 rounded-md font-medium text-sm transition-all duration-200
                            bg-white text-gray-700 hover:bg-gray-50 border border-gray-300
                            cursor-pointer hover:scale-105
                        " type="button" id="radix-_r_9f_" aria-haspopup="menu" aria-expanded="false" data-state="closed"><span class="text-base">👍</span><span class="font-medium text-sm">Like</span></button></div><button data-testid="reply-button" class="flex items-center gap-1 text-sm text-gray-600 hover:text-gray-900 transition-colors"><svg xmlns="http://www.w3.org/2000/svg" width="24" height="24" viewBox="0 0 24 24" fill="none" stroke="currentColor" stroke-width="2" stroke-linecap="round" stroke-linejoin="round" class="lucide lucide-reply w-4 h-4" aria-hidden="true"><path d="M20 18v-2a4 4 0 0 0-4-4H4"></path><path d="m9 17-5-5 5-5"></path></svg>Reply</button></div></div><div class="mt-2 space-y-2"><div class="ml-10"><div class="bg-white rounded-md border border-gray-200 p-3"><div class="flex items-start justify-between mb-2"><div class="flex items-center gap-2"><div class="w-8 h-8 bg-gradient-to-br from-gray-700 to-gray-900 rounded-full flex items-center justify-center text-white font-semibold text-sm flex-shrink-0 cursor-pointer hover:ring-2 hover:ring-gray-900 hover:ring-offset-1 transition-all">M</div><div><div class="flex items-center gap-1.5"><span class="text-sm font-semibold text-gray-900 cursor-pointer hover:underline">Mia Davis</span></div><span class="text-xs text-gray-500">Nov 30, 2025, 06:17 PM</span></div></div><button class="p-1 hover:bg-gray-100 rounded-full transition-colors" type="button" id="radix-_r_9h_" aria-haspopup="menu" aria-expanded="false" data-state="closed"><svg xmlns="http://www.w3.org/2000/svg" width="24" height="24" viewBox="0 0 24 24" fill="none" stroke="currentColor" stroke-width="2" stroke-linecap="round" stroke-linejoin="round" class="lucide lucide-ellipsis-vertical w-4 h-4 text-gray-600" aria-hidden="true"><circle cx="12" cy="12" r="1"></circle><circle cx="12" cy="5" r="1"></circle><circle cx="12" cy="19" r="1"></circle></svg></button></div><p class="text-sm text-gray-800 whitespace-pre-wrap mb-2">Interesting perspective!</p><div class="flex items-center gap-3"><div class="flex items-center gap-3"><button data-testid="reaction-button-like" class="
                            group inline-flex items-center gap-1.5 px-3 py-1.5 rounded-md font-medium text-sm transition-all duration-200
                            bg-white text-gray-700 hover:bg-gray-50 border border-gray-300
                            cursor-pointer hover:scale-105
                        " type="button" id="radix-_r_9j_" aria-haspopup="menu" aria-expanded="false" data-state="closed"><span class="text-base">👍</span><span class="font-medium text-sm">Like</span></button></div></div></div></div><div class="ml-10"><div class="bg-white rounded-md border border-gray-200 p-3"><div class="flex items-start justify-between mb-2"><div class="flex items-center gap-2"><div class="w-8 h-8 bg-gradient-to-br from-gray-700 to-gray-900 rounded-full flex items-center justify-center text-white font-semibold text-sm flex-shrink-0 cursor-pointer hover:ring-2 hover:ring-gray-900 hover:ring-offset-1 transition-all">L</div><div><div class="flex items-center gap-1.5"><span class="text-sm font-semibold text-gray-900 cursor-pointer hover:underline">Lily Martinez</span></div><span class="text-xs text-gray-500">Nov 30, 2025, 06:17 PM</span></div></div><button class="p-1 hover:bg-gray-100 rounded-full transition-colors" type="button" id="radix-_r_9o_" aria-haspopup="menu" aria-expanded="false" data-state="closed"><svg xmlns="http://www.w3.org/2000/svg" width="24" height="24" viewBox="0 0 24 24" fill="none" stroke="currentColor" stroke-width="2" stroke-linecap="round" stroke-linejoin="round" class="lucide lucide-ellipsis-vertical w-4 h-4 text-gray-600" aria-hidden="true"><circle cx="12" cy="12" r="1"></circle><circle cx="12" cy="5" r="1"></circle><circle cx="12" cy="19" r="1"></circle></svg></button></div><p class="text-sm text-gray-800 whitespace-pre-wrap mb-2">Thanks for your comment!</p><div class="flex items-center gap-3"><div class="flex items-center gap-3"><button data-testid="reaction-button-like" class="
                            group inline-flex items-center gap-1.5 px-3 py-1.5 rounded-md font-medium text-sm transition-all duration-200
                            bg-white text-gray-700 hover:bg-gray-50 border border-gray-300
                            cursor-pointer hover:scale-105
                        " type="button" id="radix-_r_9q_" aria-haspopup="menu" aria-expanded="false" data-state="closed"><span class="text-base">👍</span><span class="font-medium text-sm">Like</span></button></div></div></div></div></div></div><div class=""><div class="bg-white rounded-md border border-gray-200 p-3"><div class="flex items-start justify-between mb-2"><div class="flex items-center gap-2"><div class="w-8 h-8 bg-gradient-to-br from-gray-700 to-gray-900 rounded-full flex items-center justify-center text-white font-semibold text-sm flex-shrink-0 cursor-pointer hover:ring-2 hover:ring-gray-900 hover:ring-offset-1 transition-all">A</div><div><div class="flex items-center gap-1.5"><span class="text-sm font-semibold text-gray-900 cursor-pointer hover:underline">Amelia Anderson</span></div><span class="text-xs text-gray-500">Nov 30, 2025, 06:17 PM</span></div></div><button class="p-1 hover:bg-gray-100 rounded-full transition-colors" type="button" id="radix-_r_a2_" aria-haspopup="menu" aria-expanded="false" data-state="closed"><svg xmlns="http://www.w3.org/2000/svg" width="24" height="24" viewBox="0 0 24 24" fill="none" stroke="currentColor" stroke-width="2" stroke-linecap="round" stroke-linejoin="round" class="lucide lucide-ellipsis-vertical w-4 h-4 text-gray-600" aria-hidden="true"><circle cx="12" cy="12" r="1"></circle><circle cx="12" cy="5" r="1"></circle><circle cx="12" cy="19" r="1"></circle></svg></button></div><p class="text-sm text-gray-800 whitespace-pre-wrap mb-2">I totally agree with this.</p><div class="flex items-center gap-3"><div class="flex items-center gap-3"><button data-testid="reaction-button-like" class="
                            group inline-flex items-center gap-1.5 px-3 py-1.5 rounded-md font-medium text-sm transition-all duration-200
                            bg-white text-gray-700 hover:bg-gray-50 border border-gray-300
                            cursor-pointer hover:scale-105
                        " type="button" id="radix-_r_a4_" aria-haspopup="menu" aria-expanded="false" data-state="closed"><span class="text-base">👍</span><span class="font-medium text-sm">Like</span></button></div><button data-testid="reply-button" class="flex items-center gap-1 text-sm text-gray-600 hover:text-gray-900 transition-colors"><svg xmlns="http://www.w3.org/2000/svg" width="24" height="24" viewBox="0 0 24 24" fill="none" stroke="currentColor" stroke-width="2" stroke-linecap="round" stroke-linejoin="round" class="lucide lucide-reply w-4 h-4" aria-hidden="true"><path d="M20 18v-2a4 4 0 0 0-4-4H4"></path><path d="m9 17-5-5 5-5"></path></svg>Reply</button></div></div></div></div></div></div></div></article><article class="bg-white rounded-xl shadow-sm border border-gray-200 overflow-hidden hover:shadow-md transition-shadow"><div class="p-6"><h2 class="text-xl font-bold text-gray-900 mb-3">Thank You for 10K Users!</h2><p class="text-gray-600 leading-relaxed mb-6">We have reached an incredible milestone - 10,000 users! Thank you all for your support and engagement. We could not have done it without you. React with a ❤️ to celebrate with us!</p><div class="pt-4 border-t border-gray-100"><div class="flex items-center gap-3"><button data-testid="reaction-button-like" class="
                            group inline-flex items-center gap-1.5 px-3 py-1.5 rounded-md font-medium text-sm transition-all duration-200
                            bg-white text-gray-700 hover:bg-gray-50 border border-gray-300
                            cursor-pointer hover:scale-105
                        " type="button" id="radix-_r_a9_" aria-haspopup="menu" aria-expanded="false" data-state="closed"><span class="text-base">👍</span><span class="font-medium text-sm">Like</span></button><div class="flex items-center gap-1.5"><button data-testid="reaction-count-like" class="
                                    inline-flex items-center gap-1 px-2 py-1 rounded-full text-xs font-medium transition-all
                                    bg-gray-100 text-gray-700 hover:bg-gray-200
                                    cursor-pointer hover:scale-105
                                "><span class="text-base">👍</span><span>2</span></button><button data-testid="reaction-count-haha" class="
                                    inline-flex items-center gap-1 px-2 py-1 rounded-full text-xs font-medium transition-all
                                    bg-gray-100 text-gray-700 hover:bg-gray-200
                                    cursor-pointer hover:scale-105
                                "><span class="text-base">😂</span><span>1</span></button><button data-testid="reaction-count-wow" class="
                                    inline-flex items-center gap-1 px-2 py-1 rounded-full text-xs font-medium transition-all
                                    bg-gray-100 text-gray-700 hover:bg-gray-200
                                    cursor-pointer hover:scale-105
                                "><span class="text-base">😮</span><span>1</span></button><button data-testid="reaction-count-angry" class="
                                    inline-flex items-center gap-1 px-2 py-1 rounded-full text-xs font-medium transition-all
                                    bg-gray-100 text-gray-700 hover:bg-gray-200
                                    cursor-pointer hover:scale-105
                                "><span class="text-base">😠</span><span>1</span></button><button class="p-1.5 hover:bg-gray-100 rounded-full transition-colors" title="See who reacted"><svg xmlns="http://www.w3.org/2000/svg" width="24" height="24" viewBox="0 0 24 24" fill="none" stroke="currentColor" stroke-width="2" stroke-linecap="round" stroke-linejoin="round" class="lucide lucide-chevron-down w-4 h-4 text-gray-600" aria-hidden="true"><path d="m6 9 6 6 6-6"></path></svg></button></div></div></div><div class="pt-6 border-t border-gray-100 mt-6"><div class="space-y-3"><div class="flex items-center justify-between"><div class="flex items-center gap-2"><svg xmlns="http://www.w3.org/2000/svg" width="24" height="24" viewBox="0 0 24 24" fill="none" stroke="currentColor" stroke-width="2" stroke-linecap="round" stroke-linejoin="round" class="lucide lucide-message-square w-4 h-4 text-gray-600" aria-hidden="true"><path d="M22 17a2 2 0 0 1-2 2H6.828a2 2 0 0 0-1.414.586l-2.202 2.202A.71.71 0 0 1 2 21.286V5a2 2 0 0 1 2-2h16a2 2 0 0 1 2 2z"></path></svg><h3 class="text-base font-semibold text-gray-900">Comments (2)</h3></div><button data-testid="add-comment-button" class="px-3 py-1.5 text-sm font-medium text-white bg-gray-900 rounded-md hover:bg-gray-800 transition-colors">Add Comment</button></div><div class="space-y-2"><div class=""><div class="bg-white rounded-md border border-gray-200 p-3"><div class="flex items-start justify-between mb-2"><div class="flex items-center gap-2"><div class="w-8 h-8 bg-gradient-to-br from-gray-700 to-gray-900 rounded-full flex items-center justify-center text-white font-semibold text-sm flex-shrink-0 cursor-pointer hover:ring-2 hover:ring-gray-900 hover:ring-offset-1 transition-all">B</div><div><div class="flex items-center gap-1.5"><span class="text-sm font-semibold text-gray-900 cursor-pointer hover:underline">Benjamin Moore</span></div><span class="text-xs text-gray-500">Nov 30, 2025, 06:17 PM</span></div></div><button class="p-1 hover:bg-gray-100 rounded-full transition-colors" type="button" id="radix-_r_ab_" aria-haspopup="menu" aria-expanded="false" data-state="closed"><svg xmlns="http://www.w3.org/2000/svg" width="24" height="24" viewBox="0 0 24 24" fill="none" stroke="currentColor" stroke-width="2" stroke-linecap="round" stroke-linejoin="round" class="lucide lucide-ellipsis-vertical w-4 h-4 text-gray-600" aria-hidden="true"><circle cx="12" cy="12" r="1"></circle><circle cx="12" cy="5" r="1"></circle><circle cx="12" cy="19" r="1"></circle></svg></button></div><p class="text-sm text-gray-800 whitespace-pre-wrap mb-2">Brilliant insights here.</p><div class="flex items-center gap-3"><div class="flex items-center gap-3"><button data-testid="reaction-button-like" class="
                            group inline-flex items-center gap-1.5 px-3 py-1.5 rounded-md font-medium text-sm transition-all duration-200
                            bg-white text-gray-700 hover:bg-gray-50 border border-gray-300
                            cursor-pointer hover:scale-105
                        " type="button" id="radix-_r_ad_" aria-haspopup="menu" aria-expanded="false" data-state="closed"><span class="text-base">👍</span><span class="font-medium text-sm">Like</span></button></div><button data-testid="reply-button" class="flex items-center gap-1 text-sm text-gray-600 hover:text-gray-900 transition-colors"><svg xmlns="http://www.w3.org/2000/svg" width="24" height="24" viewBox="0 0 24 24" fill="none" stroke="currentColor" stroke-width="2" stroke-linecap="round" stroke-linejoin="round" class="lucide lucide-reply w-4 h-4" aria-hidden="true"><path d="M20 18v-2a4 4 0 0 0-4-4H4"></path><path d="m9 17-5-5 5-5"></path></svg>Reply</button></div></div></div><div class=""><div class="bg-white rounded-md border border-gray-200 p-3"><div class="flex items-start justify-between mb-2"><div class="flex items-center gap-2"><div class="w-8 h-8 bg-gradient-to-br from-gray-700 to-gray-900 rounded-full flex items-center justify-center text-white font-semibold text-sm flex-shrink-0 cursor-pointer hover:ring-2 hover:ring-gray-900 hover:ring-offset-1 transition-all">O</div><div><div class="flex items-center gap-1.5"><span class="text-sm font-semibold text-gray-900 cursor-pointer hover:underline">Olivia Lopez</span></div><span class="text-xs text-gray-500">Nov 30, 2025, 06:17 PM</span></div></div><button class="p-1 hover:bg-gray-100 rounded-full transition-colors" type="button" id="radix-_r_ai_" aria-haspopup="menu" aria-expanded="false" data-state="closed"><svg xmlns="http://www.w3.org/2000/svg" width="24" height="24" viewBox="0 0 24 24" fill="none" stroke="currentColor" stroke-width="2" stroke-linecap="round" stroke-linejoin="round" class="lucide lucide-ellipsis-vertical w-4 h-4 text-gray-600" aria-hidden="true"><circle cx="12" cy="12" r="1"></circle><circle cx="12" cy="5" r="1"></circle><circle cx="12" cy="19" r="1"></circle></svg></button></div><p class="text-sm text-gray-800 whitespace-pre-wrap mb-2">This is exactly what I needed to hear.</p><div class="flex items-center gap-3"><div class="flex items-center gap-3"><button data-testid="reaction-button-like" class="
                            group inline-flex items-center gap-1.5 px-3 py-1.5 rounded-md font-medium text-sm transition-all duration-200
                            bg-white text-gray-700 hover:bg-gray-50 border border-gray-300
                            cursor-pointer hover:scale-105
                        " type="button" id="radix-_r_ak_" aria-haspopup="menu" aria-expanded="false" data-state="closed"><span class="text-base">👍</span><span class="font-medium text-sm">Like</span></button></div><button data-testid="reply-button" class="flex items-center gap-1 text-sm text-gray-600 hover:text-gray-900 transition-colors"><svg xmlns="http://www.w3.org/2000/svg" width="24" height="24" viewBox="0 0 24 24" fill="none" stroke="currentColor" stroke-width="2" stroke-linecap="round" stroke-linejoin="round" class="lucide lucide-reply w-4 h-4" aria-hidden="true"><path d="M20 18v-2a4 4 0 0 0-4-4H4"></path><path d="m9 17-5-5 5-5"></path></svg>Reply</button></div></div></div></div></div></div></div></article><article class="bg-white rounded-xl shadow-sm border border-gray-200 overflow-hidden hover:shadow-md transition-shadow"><div class="p-6"><h2 class="text-xl font-bold text-gray-900 mb-3">Feature Request: What Do You Want Next?</h2><p class="text-gray-600 leading-relaxed mb-6">We are planning our next sprint and want to hear from you! What features would you like to see next? React and comment below with your ideas. Your input shapes our roadmap!</p><div class="pt-4 border-t border-gray-100"><div class="flex items-center gap-3"><button data-testid="reaction-button-like" class="
                            group inline-flex items-center gap-1.5 px-3 py-1.5 rounded-md font-medium text-sm transition-all duration-200
                            bg-white text-gray-700 hover:bg-gray-50 border border-gray-300
                            cursor-pointer hover:scale-105
                        " type="button" id="radix-_r_ap_" aria-haspopup="menu" aria-expanded="false" data-state="closed"><span class="text-base">👍</span><span class="font-medium text-sm">Like</span></button><div class="flex items-center gap-1.5"><button data-testid="reaction-count-love" class="
                                    inline-flex items-center gap-1 px-2 py-1 rounded-full text-xs font-medium transition-all
                                    bg-gray-100 text-gray-700 hover:bg-gray-200
                                    cursor-pointer hover:scale-105
                                "><span class="text-base">❤️</span><span>2</span></button><button data-testid="reaction-count-angry" class="
                                    inline-flex items-center gap-1 px-2 py-1 rounded-full text-xs font-medium transition-all
                                    bg-gray-100 text-gray-700 hover:bg-gray-200
                                    cursor-pointer hover:scale-105
                                "><span class="text-base">😠</span><span>2</span></button><button data-testid="reaction-count-like" class="
                                    inline-flex items-center gap-1 px-2 py-1 rounded-full text-xs font-medium transition-all
                                    bg-gray-100 text-gray-700 hover:bg-gray-200
                                    cursor-pointer hover:scale-105
                                "><span class="text-base">👍</span><span>1</span></button><button data-testid="reaction-count-haha" class="
                                    inline-flex items-center gap-1 px-2 py-1 rounded-full text-xs font-medium transition-all
                                    bg-gray-100 text-gray-700 hover:bg-gray-200
                                    cursor-pointer hover:scale-105
                                "><span class="text-base">😂</span><span>1</span></button><button data-testid="reaction-count-sad" class="
                                    inline-flex items-center gap-1 px-2 py-1 rounded-full text-xs font-medium transition-all
                                    bg-gray-100 text-gray-700 hover:bg-gray-200
                                    cursor-pointer hover:scale-105
                                "><span class="text-base">😢</span><span>1</span></button><button class="p-1.5 hover:bg-gray-100 rounded-full transition-colors" title="See who reacted"><svg xmlns="http://www.w3.org/2000/svg" width="24" height="24" viewBox="0 0 24 24" fill="none" stroke="currentColor" stroke-width="2" stroke-linecap="round" stroke-linejoin="round" class="lucide lucide-chevron-down w-4 h-4 text-gray-600" aria-hidden="true"><path d="m6 9 6 6 6-6"></path></svg></button></div></div></div><div class="pt-6 border-t border-gray-100 mt-6"><div class="space-y-3"><div class="flex items-center justify-between"><div class="flex items-center gap-2"><svg xmlns="http://www.w3.org/2000/svg" width="24" height="24" viewBox="0 0 24 24" fill="none" stroke="currentColor" stroke-width="2" stroke-linecap="round" stroke-linejoin="round" class="lucide lucide-message-square w-4 h-4 text-gray-600" aria-hidden="true"><path d="M22 17a2 2 0 0 1-2 2H6.828a2 2 0 0 0-1.414.586l-2.202 2.202A.71.71 0 0 1 2 21.286V5a2 2 0 0 1 2-2h16a2 2 0 0 1 2 2z"></path></svg><h3 class="text-base font-semibold text-gray-900">Comments (5)</h3></div><button data-testid="add-comment-button" class="px-3 py-1.5 text-sm font-medium text-white bg-gray-900 rounded-md hover:bg-gray-800 transition-colors">Add Comment</button></div><div class="space-y-2"><div class=""><div class="bg-white rounded-md border border-gray-200 p-3"><div class="flex items-start justify-between mb-2"><div class="flex items-center gap-2"><div class="w-8 h-8 bg-gradient-to-br from-gray-700 to-gray-900 rounded-full flex items-center justify-center text-white font-semibold text-sm flex-shrink-0 cursor-pointer hover:ring-2 hover:ring-gray-900 hover:ring-offset-1 transition-all">B</div><div><div class="flex items-center gap-1.5"><span class="text-sm font-semibold text-gray-900 cursor-pointer hover:underline">Bob Wilson</span></div><span class="text-xs text-gray-500">Nov 30, 2025, 06:17 PM</span></div></div><button class="p-1 hover:bg-gray-100 rounded-full transition-colors" type="button" id="radix-_r_ar_" aria-haspopup="menu" aria-expanded="false" data-state="closed"><svg xmlns="http://www.w3.org/2000/svg" width="24" height="24" viewBox="0 0 24 24" fill="none" stroke="currentColor" stroke-width="2" stroke-linecap="round" stroke-linejoin="round" class="lucide lucide-ellipsis-vertical w-4 h-4 text-gray-600" aria-hidden="true"><circle cx="12" cy="12" r="1"></circle><circle cx="12" cy="5" r="1"></circle><circle cx="12" cy="19" r="1"></circle></svg></button></div><p class="text-sm text-gray-800 whitespace-pre-wrap mb-2">Fantastic post! Keep it up!</p><div class="flex items-center gap-3"><div class="flex items-center gap-3"><button data-testid="reaction-button-like" class="
                            group inline-flex items-center gap-1.5 px-3 py-1.5 rounded-md font-medium text-sm transition-all duration-200
                            bg-white text-gray-700 hover:bg-gray-50 border border-gray-300
                            cursor-pointer hover:scale-105
                        " type="button" id="radix-_r_at_" aria-haspopup="menu" aria-expanded="false" data-state="closed"><span class="text-base">👍</span><span class="font-medium text-sm">Like</span></button></div><button data-testid="reply-button" class="flex items-center gap-1 text-sm text-gray-600 hover:text-gray-900 transition-colors"><svg xmlns="http://www.w3.org/2000/svg" width="24" height="24" viewBox="0 0 24 24" fill="none" stroke="currentColor" stroke-width="2" stroke-linecap="round" stroke-linejoin="round" class="lucide lucide-reply w-4 h-4" aria-hidden="true"><path d="M20 18v-2a4 4 0 0 0-4-4H4"></path><path d="m9 17-5-5 5-5"></path></svg>Reply</button></div></div></div><div class=""><div class="bg-white rounded-md border border-gray-200 p-3"><div class="flex items-start justify-between mb-2"><div class="flex items-center gap-2"><div class="w-8 h-8 bg-gradient-to-br from-gray-700 to-gray-900 rounded-full flex items-center justify-center text-white font-semibold text-sm flex-shrink-0 cursor-pointer hover:ring-2 hover:ring-gray-900 hover:ring-offset-1 transition-all">L</div><div><div class="flex items-center gap-1.5"><span class="text-sm font-semibold text-gray-900 cursor-pointer hover:underline">Luke Garcia</span></div><span class="text-xs text-gray-500">Nov 30, 2025, 06:17 PM</span></div></div><button class="p-1 hover:bg-gray-100 rounded-full transition-colors" type="button" id="radix-_r_b2_" aria-haspopup="menu" aria-expanded="false" data-state="closed"><svg xmlns="http://www.w3.org/2000/svg" width="24" height="24" viewBox="0 0 24 24" fill="none" stroke="currentColor" stroke-width="2" stroke-linecap="round" stroke-linejoin="round" class="lucide lucide-ellipsis-vertical w-4 h-4 text-gray-600" aria-hidden="true"><circle cx="12" cy="12" r="1"></circle><circle cx="12" cy="5" r="1"></circle><circle cx="12" cy="19" r="1"></circle></svg></button></div><p class="text-sm text-gray-800 whitespace-pre-wrap mb-2">Could you elaborate more on this?</p><div class="flex items-center gap-3"><div class="flex items-center gap-3"><button data-testid="reaction-button-like" class="
                            group inline-flex items-center gap-1.5 px-3 py-1.5 rounded-md font-medium text-sm transition-all duration-200
                            bg-white text-gray-700 hover:bg-gray-50 border border-gray-300
                            cursor-pointer hover:scale-105
                        " type="button" id="radix-_r_b4_" aria-haspopup="menu" aria-expanded="false" data-state="closed"><span class="text-base">👍</span><span class="font-medium text-sm">Like</span></button></div><button data-testid="reply-button" class="flex items-center gap-1 text-sm text-gray-600 hover:text-gray-900 transition-colors"><svg xmlns="http://www.w3.org/2000/svg" width="24" height="24" viewBox="0 0 24 24" fill="none" stroke="currentColor" stroke-width="2" stroke-linecap="round" stroke-linejoin="round" class="lucide lucide-reply w-4 h-4" aria-hidden="true"><path d="M20 18v-2a4 4 0 0 0-4-4H4"></path><path d="m9 17-5-5 5-5"></path></svg>Reply</button></div></div><div class="mt-2 space-y-2"><div class="ml-10"><div class="bg-white rounded-md border border-gray-200 p-3"><div class="flex items-start justify-between mb-2"><div class="flex items-center gap-2"><div class="w-8 h-8 bg-gradient-to-br from-gray-700 to-gray-900 rounded-full flex items-center justify-center text-white font-semibold text-sm flex-shrink-0 cursor-pointer hover:ring-2 hover:ring-gray-900 hover:ring-offset-1 transition-all">J</div><div><div class="flex items-center gap-1.5"><span class="text-sm font-semibold text-gray-900 cursor-pointer hover:underline">Jackson Wilson</span></div><span class="text-xs text-gray-500">Nov 30, 2025, 06:17 PM</span></div></div><button class="p-1 hover:bg-gray-100 rounded-full transition-colors" type="button" id="radix-_r_b6_" aria-haspopup="menu" aria-expanded="false" data-state="closed"><svg xmlns="http://www.w3.org/2000/svg" width="24" height="24" viewBox="0 0 24 24" fill="none" stroke="currentColor" stroke-width="2" stroke-linecap="round" stroke-linejoin="round" class="lucide lucide-ellipsis-vertical w-4 h-4 text-gray-600" aria-hidden="true"><circle cx="12" cy="12" r="1"></circle><circle cx="12" cy="5" r="1"></circle><circle cx="12" cy="19" r="1"></circle></svg></button></div><p class="text-sm text-gray-800 whitespace-pre-wrap mb-2">Great addition to the discussion!</p><div class="flex items-center gap-3"><div class="flex items-center gap-3"><button data-testid="reaction-button-like" class="
                            group inline-flex items-center gap-1.5 px-3 py-1.5 rounded-md font-medium text-sm transition-all duration-200
                            bg-white text-gray-700 hover:bg-gray-50 border border-gray-300
                            cursor-pointer hover:scale-105
                        " type="button" id="radix-_r_b8_" aria-haspopup="menu" aria-expanded="false" data-state="closed"><span class="text-base">👍</span><span class="font-medium text-sm">Like</span></button></div></div></div></div></div></div><div class=""><div class="bg-white rounded-md border border-gray-200 p-3"><div class="flex items-start justify-between mb-2"><div class="flex items-center gap-2"><div class="w-8 h-8 bg-gradient-to-br from-gray-700 to-gray-900 rounded-full flex items-center justify-center text-white font-semibold text-sm flex-shrink-0 cursor-pointer hover:ring-2 hover:ring-gray-900 hover:ring-offset-1 transition-all">L</div><div><div class="flex items-center gap-1.5"><span class="text-sm font-semibold text-gray-900 cursor-pointer hover:underline">Lily Martinez</span></div><span class="text-xs text-gray-500">Nov 30, 2025, 06:17 PM</span></div></div><button class="p-1 hover:bg-gray-100 rounded-full transition-colors" type="button" id="radix-_r_bg_" aria-haspopup="menu" aria-expanded="false" data-state="closed"><svg xmlns="http://www.w3.org/2000/svg" width="24" height="24" viewBox="0 0 24 24" fill="none" stroke="currentColor" stroke-width="2" stroke-linecap="round" stroke-linejoin="round" class="lucide lucide-ellipsis-vertical w-4 h-4 text-gray-600" aria-hidden="true"><circle cx="12" cy="12" r="1"></circle><circle cx="12" cy="5" r="1"></circle><circle cx="12" cy="19" r="1"></circle></svg></button></div><p class="text-sm text-gray-800 whitespace-pre-wrap mb-2">This is really helpful, thank you!</p><div class="flex items-center gap-3"><div class="flex items-center gap-3"><button data-testid="reaction-button-like" class="
                            group inline-flex items-center gap-1.5 px-3 py-1.5 rounded-md font-medium text-sm transition-all duration-200
                            bg-white text-gray-700 hover:bg-gray-50 border border-gray-300
                            cursor-pointer hover:scale-105
                        " type="button" id="radix-_r_bi_" aria-haspopup="menu" aria-expanded="false" data-state="closed"><span class="text-base">👍</span><span class="font-medium text-sm">Like</span></button></div><button data-testid="reply-button" class="flex items-center gap-1 text-sm text-gray-600 hover:text-gray-900 transition-colors"><svg xmlns="http://www.w3.org/2000/svg" width="24" height="24" viewBox="0 0 24 24" fill="none" stroke="currentColor" stroke-width="2" stroke-linecap="round" stroke-linejoin="round" class="lucide lucide-reply w-4 h-4" aria-hidden="true"><path d="M20 18v-2a4 4 0 0 0-4-4H4"></path><path d="m9 17-5-5 5-5"></path></svg>Reply</button></div></div></div><div class=""><div class="bg-white rounded-md border border-gray-200 p-3"><div class="flex items-start justify-between mb-2"><div class="flex items-center gap-2"><div class="w-8 h-8 bg-gradient-to-br from-gray-700 to-gray-900 rounded-full flex items-center justify-center text-white font-semibold text-sm flex-shrink-0 cursor-pointer hover:ring-2 hover:ring-gray-900 hover:ring-offset-1 transition-all">J</div><div><div class="flex items-center gap-1.5"><span class="text-sm font-semibold text-gray-900 cursor-pointer hover:underline">Jackson Jackson</span></div><span class="text-xs text-gray-500">Nov 30, 2025, 06:17 PM</span></div></div><button class="p-1 hover:bg-gray-100 rounded-full transition-colors" type="button" id="radix-_r_bn_" aria-haspopup="menu" aria-expanded="false" data-state="closed"><svg xmlns="http://www.w3.org/2000/svg" width="24" height="24" viewBox="0 0 24 24" fill="none" stroke="currentColor" stroke-width="2" stroke-linecap="round" stroke-linejoin="round" class="lucide lucide-ellipsis-vertical w-4 h-4 text-gray-600" aria-hidden="true"><circle cx="12" cy="12" r="1"></circle><circle cx="12" cy="5" r="1"></circle><circle cx="12" cy="19" r="1"></circle></svg></button></div><p class="text-sm text-gray-800 whitespace-pre-wrap mb-2">Very interesting perspective.</p><div class="flex items-center gap-3"><div class="flex items-center gap-3"><button data-testid="reaction-button-like" class="
                            group inline-flex items-center gap-1.5 px-3 py-1.5 rounded-md font-medium text-sm transition-all duration-200
                            bg-white text-gray-700 hover:bg-gray-50 border border-gray-300
                            cursor-pointer hover:scale-105
                        " type="button" id="radix-_r_bp_" aria-haspopup="menu" aria-expanded="false" data-state="closed"><span class="text-base">👍</span><span class="font-medium text-sm">Like</span></button></div><button data-testid="reply-button" class="flex items-center gap-1 text-sm text-gray-600 hover:text-gray-900 transition-colors"><svg xmlns="http://www.w3.org/2000/svg" width="24" height="24" viewBox="0 0 24 24" fill="none" stroke="currentColor" stroke-width="2" stroke-linecap="round" stroke-linejoin="round" class="lucide lucide-reply w-4 h-4" aria-hidden="true"><path d="M20 18v-2a4 4 0 0 0-4-4H4"></path><path d="m9 17-5-5 5-5"></path></svg>Reply</button></div></div></div><div class=""><div class="bg-white rounded-md border border-gray-200 p-3"><div class="flex items-start justify-between mb-2"><div class="flex items-center gap-2"><div class="w-8 h-8 bg-gradient-to-br from-gray-700 to-gray-900 rounded-full flex items-center justify-center text-white font-semibold text-sm flex-shrink-0 cursor-pointer hover:ring-2 hover:ring-gray-900 hover:ring-offset-1 transition-all">V</div><div><div class="flex items-center gap-1.5"><span class="text-sm font-semibold text-gray-900 cursor-pointer hover:underline">Victoria Thomas</span></div><span class="text-xs text-gray-500">Nov 30, 2025, 06:17 PM</span></div></div><button class="p-1 hover:bg-gray-100 rounded-full transition-colors" type="button" id="radix-_r_bu_" aria-haspopup="menu" aria-expanded="false" data-state="closed"><svg xmlns="http://www.w3.org/2000/svg" width="24" height="24" viewBox="0 0 24 24" fill="none" stroke="currentColor" stroke-width="2" stroke-linecap="round" stroke-linejoin="round" class="lucide lucide-ellipsis-vertical w-4 h-4 text-gray-600" aria-hidden="true"><circle cx="12" cy="12" r="1"></circle><circle cx="12" cy="5" r="1"></circle><circle cx="12" cy="19" r="1"></circle></svg></button></div><p class="text-sm text-gray-800 whitespace-pre-wrap mb-2">I totally agree with this.</p><div class="flex items-center gap-3"><div class="flex items-center gap-3"><button data-testid="reaction-button-like" class="
                            group inline-flex items-center gap-1.5 px-3 py-1.5 rounded-md font-medium text-sm transition-all duration-200
                            bg-white text-gray-700 hover:bg-gray-50 border border-gray-300
                            cursor-pointer hover:scale-105
                        " type="button" id="radix-_r_c0_" aria-haspopup="menu" aria-expanded="false" data-state="closed"><span class="text-base">👍</span><span class="font-medium text-sm">Like</span></button></div><button data-testid="reply-button" class="flex items-center gap-1 text-sm text-gray-600 hover:text-gray-900 transition-colors"><svg xmlns="http://www.w3.org/2000/svg" width="24" height="24" viewBox="0 0 24 24" fill="none" stroke="currentColor" stroke-width="2" stroke-linecap="round" stroke-linejoin="round" class="lucide lucide-reply w-4 h-4" aria-hidden="true"><path d="M20 18v-2a4 4 0 0 0-4-4H4"></path><path d="m9 17-5-5 5-5"></path></svg>Reply</button></div></div></div></div></div></div></div></article><article class="bg-white rounded-xl shadow-sm border border-gray-200 overflow-hidden hover:shadow-md transition-shadow"><div class="p-6"><h2 class="text-xl font-bold text-gray-900 mb-3">Weekend Vibes and Relaxation</h2><p class="text-gray-600 leading-relaxed mb-6">It is the weekend! Time to relax and unwind. What are your plans? Share your weekend vibes by reacting to this post. We hope you all have a wonderful time!</p><div class="pt-4 border-t border-gray-100"><div class="flex items-center gap-3"><button data-testid="reaction-button-like" class="
                            group inline-flex items-center gap-1.5 px-3 py-1.5 rounded-md font-medium text-sm transition-all duration-200
                            bg-white text-gray-700 hover:bg-gray-50 border border-gray-300
                            cursor-pointer hover:scale-105
                        " type="button" id="radix-_r_c5_" aria-haspopup="menu" aria-expanded="false" data-state="closed"><span class="text-base">👍</span><span class="font-medium text-sm">Like</span></button><div class="flex items-center gap-1.5"><button data-testid="reaction-count-sad" class="
                                    inline-flex items-center gap-1 px-2 py-1 rounded-full text-xs font-medium transition-all
                                    bg-gray-100 text-gray-700 hover:bg-gray-200
                                    cursor-pointer hover:scale-105
                                "><span class="text-base">😢</span><span>3</span></button><button data-testid="reaction-count-like" class="
                                    inline-flex items-center gap-1 px-2 py-1 rounded-full text-xs font-medium transition-all
                                    bg-gray-100 text-gray-700 hover:bg-gray-200
                                    cursor-pointer hover:scale-105
                                "><span class="text-base">👍</span><span>2</span></button><button data-testid="reaction-count-haha" class="
                                    inline-flex items-center gap-1 px-2 py-1 rounded-full text-xs font-medium transition-all
                                    bg-gray-100 text-gray-700 hover:bg-gray-200
                                    cursor-pointer hover:scale-105
                                "><span class="text-base">😂</span><span>2</span></button><button data-testid="reaction-count-wow" class="
                                    inline-flex items-center gap-1 px-2 py-1 rounded-full text-xs font-medium transition-all
                                    bg-gray-100 text-gray-700 hover:bg-gray-200
                                    cursor-pointer hover:scale-105
                                "><span class="text-base">😮</span><span>1</span></button><button class="p-1.5 hover:bg-gray-100 rounded-full transition-colors" title="See who reacted"><svg xmlns="http://www.w3.org/2000/svg" width="24" height="24" viewBox="0 0 24 24" fill="none" stroke="currentColor" stroke-width="2" stroke-linecap="round" stroke-linejoin="round" class="lucide lucide-chevron-down w-4 h-4 text-gray-600" aria-hidden="true"><path d="m6 9 6 6 6-6"></path></svg></button></div></div></div><div class="pt-6 border-t border-gray-100 mt-6"><div class="space-y-3"><div class="flex items-center justify-between"><div class="flex items-center gap-2"><svg xmlns="http://www.w3.org/2000/svg" width="24" height="24" viewBox="0 0 24 24" fill="none" stroke="currentColor" stroke-width="2" stroke-linecap="round" stroke-linejoin="round" class="lucide lucide-message-square w-4 h-4 text-gray-600" aria-hidden="true"><path d="M22 17a2 2 0 0 1-2 2H6.828a2 2 0 0 0-1.414.586l-2.202 2.202A.71.71 0 0 1 2 21.286V5a2 2 0 0 1 2-2h16a2 2 0 0 1 2 2z"></path></svg><h3 class="text-base font-semibold text-gray-900">Comments (5)</h3></div><button data-testid="add-comment-button" class="px-3 py-1.5 text-sm font-medium text-white bg-gray-900 rounded-md hover:bg-gray-800 transition-colors">Add Comment</button></div><div class="space-y-2"><div class=""><div class="bg-white rounded-md border border-gray-200 p-3"><div class="flex items-start justify-between mb-2"><div class="flex items-center gap-2"><div class="w-8 h-8 bg-gradient-to-br from-gray-700 to-gray-900 rounded-full flex items-center justify-center text-white font-semibold text-sm flex-shrink-0 cursor-pointer hover:ring-2 hover:ring-gray-900 hover:ring-offset-1 transition-all">J</div><div><div class="flex items-center gap-1.5"><span class="text-sm font-semibold text-gray-900 cursor-pointer hover:underline">John Doe</span></div><span class="text-xs text-gray-500">Nov 30, 2025, 06:17 PM</span></div></div><button class="p-1 hover:bg-gray-100 rounded-full transition-colors" type="button" id="radix-_r_c7_" aria-haspopup="menu" aria-expanded="false" data-state="closed"><svg xmlns="http://www.w3.org/2000/svg" width="24" height="24" viewBox="0 0 24 24" fill="none" stroke="currentColor" stroke-width="2" stroke-linecap="round" stroke-linejoin="round" class="lucide lucide-ellipsis-vertical w-4 h-4 text-gray-600" aria-hidden="true"><circle cx="12" cy="12" r="1"></circle><circle cx="12" cy="5" r="1"></circle><circle cx="12" cy="19" r="1"></circle></svg></button></div><p class="text-sm text-gray-800 whitespace-pre-wrap mb-2">This deserves more attention.</p><div class="flex items-center gap-3"><div class="flex items-center gap-3"><button data-testid="reaction-button-like" class="
                            group inline-flex items-center gap-1.5 px-3 py-1.5 rounded-md font-medium text-sm transition-all duration-200
                            bg-white text-gray-700 hover:bg-gray-50 border border-gray-300
                            cursor-pointer hover:scale-105
                        " type="button" id="radix-_r_c9_" aria-haspopup="menu" aria-expanded="false" data-state="closed"><span class="text-base">👍</span><span class="font-medium text-sm">Like</span></button></div><button data-testid="reply-button" class="flex items-center gap-1 text-sm text-gray-600 hover:text-gray-900 transition-colors"><svg xmlns="http://www.w3.org/2000/svg" width="24" height="24" viewBox="0 0 24 24" fill="none" stroke="currentColor" stroke-width="2" stroke-linecap="round" stroke-linejoin="round" class="lucide lucide-reply w-4 h-4" aria-hidden="true"><path d="M20 18v-2a4 4 0 0 0-4-4H4"></path><path d="m9 17-5-5 5-5"></path></svg>Reply</button></div></div><div class="mt-2 space-y-2"><div class="ml-10"><div class="bg-white rounded-md border border-gray-200 p-3"><div class="flex items-start justify-between mb-2"><div class="flex items-center gap-2"><div class="w-8 h-8 bg-gradient-to-br from-gray-700 to-gray-900 rounded-full flex items-center justify-center text-white font-semibold text-sm flex-shrink-0 cursor-pointer hover:ring-2 hover:ring-gray-900 hover:ring-offset-1 transition-all">L</div><div><div class="flex items-center gap-1.5"><span class="text-sm font-semibold text-gray-900 cursor-pointer hover:underline">Luke Garcia</span></div><span class="text-xs text-gray-500">Nov 30, 2025, 06:17 PM</span></div></div><button class="p-1 hover:bg-gray-100 rounded-full transition-colors" type="button" id="radix-_r_cb_" aria-haspopup="menu" aria-expanded="false" data-state="closed"><svg xmlns="http://www.w3.org/2000/svg" width="24" height="24" viewBox="0 0 24 24" fill="none" stroke="currentColor" stroke-width="2" stroke-linecap="round" stroke-linejoin="round" class="lucide lucide-ellipsis-vertical w-4 h-4 text-gray-600" aria-hidden="true"><circle cx="12" cy="12" r="1"></circle><circle cx="12" cy="5" r="1"></circle><circle cx="12" cy="19" r="1"></circle></svg></button></div><p class="text-sm text-gray-800 whitespace-pre-wrap mb-2">I agree with you!</p><div class="flex items-center gap-3"><div class="flex items-center gap-3"><button data-testid="reaction-button-like" class="
                            group inline-flex items-center gap-1.5 px-3 py-1.5 rounded-md font-medium text-sm transition-all duration-200
                            bg-white text-gray-700 hover:bg-gray-50 border border-gray-300
                            cursor-pointer hover:scale-105
                        " type="button" id="radix-_r_cd_" aria-haspopup="menu" aria-expanded="false" data-state="closed"><span class="text-base">👍</span><span class="font-medium text-sm">Like</span></button></div></div></div></div></div></div><div class=""><div class="bg-white rounded-md border border-gray-200 p-3"><div class="flex items-start justify-between mb-2"><div class="flex items-center gap-2"><div class="w-8 h-8 bg-gradient-to-br from-gray-700 to-gray-900 rounded-full flex items-center justify-center text-white font-semibold text-sm flex-shrink-0 cursor-pointer hover:ring-2 hover:ring-gray-900 hover:ring-offset-1 transition-all">A</div><div><div class="flex items-center gap-1.5"><span class="text-sm font-semibold text-gray-900 cursor-pointer hover:underline">Addison Martinez</span></div><span class="text-xs text-gray-500">Nov 30, 2025, 06:17 PM</span></div></div><button class="p-1 hover:bg-gray-100 rounded-full transition-colors" type="button" id="radix-_r_cl_" aria-haspopup="menu" aria-expanded="false" data-state="closed"><svg xmlns="http://www.w3.org/2000/svg" width="24" height="24" viewBox="0 0 24 24" fill="none" stroke="currentColor" stroke-width="2" stroke-linecap="round" stroke-linejoin="round" class="lucide lucide-ellipsis-vertical w-4 h-4 text-gray-600" aria-hidden="true"><circle cx="12" cy="12" r="1"></circle><circle cx="12" cy="5" r="1"></circle><circle cx="12" cy="19" r="1"></circle></svg></button></div><p class="text-sm text-gray-800 whitespace-pre-wrap mb-2">Brilliant insights here.</p><div class="flex items-center gap-3"><div class="flex items-center gap-3"><button data-testid="reaction-button-like" class="
                            group inline-flex items-center gap-1.5 px-3 py-1.5 rounded-md font-medium text-sm transition-all duration-200
                            bg-white text-gray-700 hover:bg-gray-50 border border-gray-300
                            cursor-pointer hover:scale-105
                        " type="button" id="radix-_r_cn_" aria-haspopup="menu" aria-expanded="false" data-state="closed"><span class="text-base">👍</span><span class="font-medium text-sm">Like</span></button></div><button data-testid="reply-button" class="flex items-center gap-1 text-sm text-gray-600 hover:text-gray-900 transition-colors"><svg xmlns="http://www.w3.org/2000/svg" width="24" height="24" viewBox="0 0 24 24" fill="none" stroke="currentColor" stroke-width="2" stroke-linecap="round" stroke-linejoin="round" class="lucide lucide-reply w-4 h-4" aria-hidden="true"><path d="M20 18v-2a4 4 0 0 0-4-4H4"></path><path d="m9 17-5-5 5-5"></path></svg>Reply</button></div></div><div class="mt-2 space-y-2"><div class="ml-10"><div class="bg-white rounded-md border border-gray-200 p-3"><div class="flex items-start justify-between mb-2"><div class="flex items-center gap-2"><div class="w-8 h-8 bg-gradient-to-br from-gray-700 to-gray-900 rounded-full flex items-center justify-center text-white font-semibold text-sm flex-shrink-0 cursor-pointer hover:ring-2 hover:ring-gray-900 hover:ring-offset-1 transition-all">M</div><div><div class="flex items-center gap-1.5"><span class="text-sm font-semibold text-gray-900 cursor-pointer hover:underline">Mia Davis</span></div><span class="text-xs text-gray-500">Nov 30, 2025, 06:17 PM</span></div></div><button class="p-1 hover:bg-gray-100 rounded-full transition-colors" type="button" id="radix-_r_cp_" aria-haspopup="menu" aria-expanded="false" data-state="closed"><svg xmlns="http://www.w3.org/2000/svg" width="24" height="24" viewBox="0 0 24 24" fill="none" stroke="currentColor" stroke-width="2" stroke-linecap="round" stroke-linejoin="round" class="lucide lucide-ellipsis-vertical w-4 h-4 text-gray-600" aria-hidden="true"><circle cx="12" cy="12" r="1"></circle><circle cx="12" cy="5" r="1"></circle><circle cx="12" cy="19" r="1"></circle></svg></button></div><p class="text-sm text-gray-800 whitespace-pre-wrap mb-2">Interesting perspective!</p><div class="flex items-center gap-3"><div class="flex items-center gap-3"><button data-testid="reaction-button-like" class="
                            group inline-flex items-center gap-1.5 px-3 py-1.5 rounded-md font-medium text-sm transition-all duration-200
                            bg-white text-gray-700 hover:bg-gray-50 border border-gray-300
                            cursor-pointer hover:scale-105
                        " type="button" id="radix-_r_cr_" aria-haspopup="menu" aria-expanded="false" data-state="closed"><span class="text-base">👍</span><span class="font-medium text-sm">Like</span></button></div></div></div></div><div class="ml-10"><div class="bg-white rounded-md border border-gray-200 p-3"><div class="flex items-start justify-between mb-2"><div class="flex items-center gap-2"><div class="w-8 h-8 bg-gradient-to-br from-gray-700 to-gray-900 rounded-full flex items-center justify-center text-white font-semibold text-sm flex-shrink-0 cursor-pointer hover:ring-2 hover:ring-gray-900 hover:ring-offset-1 transition-all">S</div><div><div class="flex items-center gap-1.5"><span class="text-sm font-semibold text-gray-900 cursor-pointer hover:underline">Sofia Anderson</span></div><span class="text-xs text-gray-500">Nov 30, 2025, 06:17 PM</span></div></div><button class="p-1 hover:bg-gray-100 rounded-full transition-colors" type="button" id="radix-_r_d0_" aria-haspopup="menu" aria-expanded="false" data-state="closed"><svg xmlns="http://www.w3.org/2000/svg" width="24" height="24" viewBox="0 0 24 24" fill="none" stroke="currentColor" stroke-width="2" stroke-linecap="round" stroke-linejoin="round" class="lucide lucide-ellipsis-vertical w-4 h-4 text-gray-600" aria-hidden="true"><circle cx="12" cy="12" r="1"></circle><circle cx="12" cy="5" r="1"></circle><circle cx="12" cy="19" r="1"></circle></svg></button></div><p class="text-sm text-gray-800 whitespace-pre-wrap mb-2">Thanks for your comment!</p><div class="flex items-center gap-3"><div class="flex items-center gap-3"><button data-testid="reaction-button-like" class="
                            group inline-flex items-center gap-1.5 px-3 py-1.5 rounded-md font-medium text-sm transition-all duration-200
                            bg-white text-gray-700 hover:bg-gray-50 border border-gray-300
                            cursor-pointer hover:scale-105
                        " type="button" id="radix-_r_d2_" aria-haspopup="menu" aria-expanded="false" data-state="closed"><span class="text-base">👍</span><span class="font-medium text-sm">Like</span></button></div></div></div></div></div></div><div class=""><div class="bg-white rounded-md border border-gray-200 p-3"><div class="flex items-start justify-between mb-2"><div class="flex items-center gap-2"><div class="w-8 h-8 bg-gradient-to-br from-gray-700 to-gray-900 rounded-full flex items-center justify-center text-white font-semibold text-sm flex-shrink-0 cursor-pointer hover:ring-2 hover:ring-gray-900 hover:ring-offset-1 transition-all">L</div><div><div class="flex items-center gap-1.5"><span class="text-sm font-semibold text-gray-900 cursor-pointer hover:underline">Lily Martinez</span></div><span class="text-xs text-gray-500">Nov 30, 2025, 06:17 PM</span></div></div><button class="p-1 hover:bg-gray-100 rounded-full transition-colors" type="button" id="radix-_r_da_" aria-haspopup="menu" aria-expanded="false" data-state="closed"><svg xmlns="http://www.w3.org/2000/svg" width="24" height="24" viewBox="0 0 24 24" fill="none" stroke="currentColor" stroke-width="2" stroke-linecap="round" stroke-linejoin="round" class="lucide lucide-ellipsis-vertical w-4 h-4 text-gray-600" aria-hidden="true"><circle cx="12" cy="12" r="1"></circle><circle cx="12" cy="5" r="1"></circle><circle cx="12" cy="19" r="1"></circle></svg></button></div><p class="text-sm text-gray-800 whitespace-pre-wrap mb-2">Could you elaborate more on this?</p><div class="flex items-center gap-3"><div class="flex items-center gap-3"><button data-testid="reaction-button-like" class="
                            group inline-flex items-center gap-1.5 px-3 py-1.5 rounded-md font-medium text-sm transition-all duration-200
                            bg-white text-gray-700 hover:bg-gray-50 border border-gray-300
                            cursor-pointer hover:scale-105
                        " type="button" id="radix-_r_dc_" aria-haspopup="menu" aria-expanded="false" data-state="closed"><span class="text-base">👍</span><span class="font-medium text-sm">Like</span></button></div><button data-testid="reply-button" class="flex items-center gap-1 text-sm text-gray-600 hover:text-gray-900 transition-colors"><svg xmlns="http://www.w3.org/2000/svg" width="24" height="24" viewBox="0 0 24 24" fill="none" stroke="currentColor" stroke-width="2" stroke-linecap="round" stroke-linejoin="round" class="lucide lucide-reply w-4 h-4" aria-hidden="true"><path d="M20 18v-2a4 4 0 0 0-4-4H4"></path><path d="m9 17-5-5 5-5"></path></svg>Reply</button></div></div><div class="mt-2 space-y-2"><div class="ml-10"><div class="bg-white rounded-md border border-gray-200 p-3"><div class="flex items-start justify-between mb-2"><div class="flex items-center gap-2"><div class="w-8 h-8 bg-gradient-to-br from-gray-700 to-gray-900 rounded-full flex items-center justify-center text-white font-semibold text-sm flex-shrink-0 cursor-pointer hover:ring-2 hover:ring-gray-900 hover:ring-offset-1 transition-all">O</div><div><div class="flex items-center gap-1.5"><span class="text-sm font-semibold text-gray-900 cursor-pointer hover:underline">Owen Anderson</span></div><span class="text-xs text-gray-500">Nov 30, 2025, 06:17 PM</span></div></div><button class="p-1 hover:bg-gray-100 rounded-full transition-colors" type="button" id="radix-_r_de_" aria-haspopup="menu" aria-expanded="false" data-state="closed"><svg xmlns="http://www.w3.org/2000/svg" width="24" height="24" viewBox="0 0 24 24" fill="none" stroke="currentColor" stroke-width="2" stroke-linecap="round" stroke-linejoin="round" class="lucide lucide-ellipsis-vertical w-4 h-4 text-gray-600" aria-hidden="true"><circle cx="12" cy="12" r="1"></circle><circle cx="12" cy="5" r="1"></circle><circle cx="12" cy="19" r="1"></circle></svg></button></div><p class="text-sm text-gray-800 whitespace-pre-wrap mb-2">Thanks for clarifying.</p><div class="flex items-center gap-3"><div class="flex items-center gap-3"><button data-testid="reaction-button-like" class="
                            group inline-flex items-center gap-1.5 px-3 py-1.5 rounded-md font-medium text-sm transition-all duration-200
                            bg-white text-gray-700 hover:bg-gray-50 border border-gray-300
                            cursor-pointer hover:scale-105
                        " type="button" id="radix-_r_dg_" aria-haspopup="menu" aria-expanded="false" data-state="closed"><span class="text-base">👍</span><span class="font-medium text-sm">Like</span></button></div></div></div></div></div></div><div class=""><div class="bg-white rounded-md border border-gray-200 p-3"><div class="flex items-start justify-between mb-2"><div class="flex items-center gap-2"><div class="w-8 h-8 bg-gradient-to-br from-gray-700 to-gray-900 rounded-full flex items-center justify-center text-white font-semibold text-sm flex-shrink-0 cursor-pointer hover:ring-2 hover:ring-gray-900 hover:ring-offset-1 transition-all">C</div><div><div class="flex items-center gap-1.5"><span class="text-sm font-semibold text-gray-900 cursor-pointer hover:underline">Charlotte Johnson</span></div><span class="text-xs text-gray-500">Nov 30, 2025, 06:17 PM</span></div></div><button class="p-1 hover:bg-gray-100 rounded-full transition-colors" type="button" id="radix-_r_do_" aria-haspopup="menu" aria-expanded="false" data-state="closed"><svg xmlns="http://www.w3.org/2000/svg" width="24" height="24" viewBox="0 0 24 24" fill="none" stroke="currentColor" stroke-width="2" stroke-linecap="round" stroke-linejoin="round" class="lucide lucide-ellipsis-vertical w-4 h-4 text-gray-600" aria-hidden="true"><circle cx="12" cy="12" r="1"></circle><circle cx="12" cy="5" r="1"></circle><circle cx="12" cy="19" r="1"></circle></svg></button></div><p class="text-sm text-gray-800 whitespace-pre-wrap mb-2">I have some thoughts on this...</p><div class="flex items-center gap-3"><div class="flex items-center gap-3"><button data-testid="reaction-button-like" class="
                            group inline-flex items-center gap-1.5 px-3 py-1.5 rounded-md font-medium text-sm transition-all duration-200
                            bg-white text-gray-700 hover:bg-gray-50 border border-gray-300
                            cursor-pointer hover:scale-105
                        " type="button" id="radix-_r_dq_" aria-haspopup="menu" aria-expanded="false" data-state="closed"><span class="text-base">👍</span><span class="font-medium text-sm">Like</span></button></div><button data-testid="reply-button" class="flex items-center gap-1 text-sm text-gray-600 hover:text-gray-900 transition-colors"><svg xmlns="http://www.w3.org/2000/svg" width="24" height="24" viewBox="0 0 24 24" fill="none" stroke="currentColor" stroke-width="2" stroke-linecap="round" stroke-linejoin="round" class="lucide lucide-reply w-4 h-4" aria-hidden="true"><path d="M20 18v-2a4 4 0 0 0-4-4H4"></path><path d="m9 17-5-5 5-5"></path></svg>Reply</button></div></div></div><div class=""><div class="bg-white rounded-md border border-gray-200 p-3"><div class="flex items-start justify-between mb-2"><div class="flex items-center gap-2"><div class="w-8 h-8 bg-gradient-to-br from-gray-700 to-gray-900 rounded-full flex items-center justify-center text-white font-semibold text-sm flex-shrink-0 cursor-pointer hover:ring-2 hover:ring-gray-900 hover:ring-offset-1 transition-all">L</div><div><div class="flex items-center gap-1.5"><span class="text-sm font-semibold text-gray-900 cursor-pointer hover:underline">Luke Wilson</span></div><span class="text-xs text-gray-500">Nov 30, 2025, 06:17 PM</span></div></div><button class="p-1 hover:bg-gray-100 rounded-full transition-colors" type="button" id="radix-_r_dv_" aria-haspopup="menu" aria-expanded="false" data-state="closed"><svg xmlns="http://www.w3.org/2000/svg" width="24" height="24" viewBox="0 0 24 24" fill="none" stroke="currentColor" stroke-width="2" stroke-linecap="round" stroke-linejoin="round" class="lucide lucide-ellipsis-vertical w-4 h-4 text-gray-600" aria-hidden="true"><circle cx="12" cy="12" r="1"></circle><circle cx="12" cy="5" r="1"></circle><circle cx="12" cy="19" r="1"></circle></svg></button></div><p class="text-sm text-gray-800 whitespace-pre-wrap mb-2">This is exactly what I needed to hear.</p><div class="flex items-center gap-3"><div class="flex items-center gap-3"><button data-testid="reaction-button-like" class="
                            group inline-flex items-center gap-1.5 px-3 py-1.5 rounded-md font-medium text-sm transition-all duration-200
                            bg-white text-gray-700 hover:bg-gray-50 border border-gray-300
                            cursor-pointer hover:scale-105
                        " type="button" id="radix-_r_e1_" aria-haspopup="menu" aria-expanded="false" data-state="closed"><span class="text-base">👍</span><span class="font-medium text-sm">Like</span></button></div><button data-testid="reply-button" class="flex items-center gap-1 text-sm text-gray-600 hover:text-gray-900 transition-colors"><svg xmlns="http://www.w3.org/2000/svg" width="24" height="24" viewBox="0 0 24 24" fill="none" stroke="currentColor" stroke-width="2" stroke-linecap="round" stroke-linejoin="round" class="lucide lucide-reply w-4 h-4" aria-hidden="true"><path d="M20 18v-2a4 4 0 0 0-4-4H4"></path><path d="m9 17-5-5 5-5"></path></svg>Reply</button></div></div><div class="mt-2 space-y-2"><div class="ml-10"><div class="bg-white rounded-md border border-gray-200 p-3"><div class="flex items-start justify-between mb-2"><div class="flex items-center gap-2"><div class="w-8 h-8 bg-gradient-to-br from-gray-700 to-gray-900 rounded-full flex items-center justify-center text-white font-semibold text-sm flex-shrink-0 cursor-pointer hover:ring-2 hover:ring-gray-900 hover:ring-offset-1 transition-all">L</div><div><div class="flex items-center gap-1.5"><span class="text-sm font-semibold text-gray-900 cursor-pointer hover:underline">Liam Garcia</span></div><span class="text-xs text-gray-500">Nov 30, 2025, 06:17 PM</span></div></div><button class="p-1 hover:bg-gray-100 rounded-full transition-colors" type="button" id="radix-_r_e3_" aria-haspopup="menu" aria-expanded="false" data-state="closed"><svg xmlns="http://www.w3.org/2000/svg" width="24" height="24" viewBox="0 0 24 24" fill="none" stroke="currentColor" stroke-width="2" stroke-linecap="round" stroke-linejoin="round" class="lucide lucide-ellipsis-vertical w-4 h-4 text-gray-600" aria-hidden="true"><circle cx="12" cy="12" r="1"></circle><circle cx="12" cy="5" r="1"></circle><circle cx="12" cy="19" r="1"></circle></svg></button></div><p class="text-sm text-gray-800 whitespace-pre-wrap mb-2">Great addition to the discussion!</p><div class="flex items-center gap-3"><div class="flex items-center gap-3"><button data-testid="reaction-button-like" class="
                            group inline-flex items-center gap-1.5 px-3 py-1.5 rounded-md font-medium text-sm transition-all duration-200
                            bg-white text-gray-700 hover:bg-gray-50 border border-gray-300
                            cursor-pointer hover:scale-105
                        " type="button" id="radix-_r_e5_" aria-haspopup="menu" aria-expanded="false" data-state="closed"><span class="text-base">👍</span><span class="font-medium text-sm">Like</span></button></div></div></div></div><div class="ml-10"><div class="bg-white rounded-md border border-gray-200 p-3"><div class="flex items-start justify-between mb-2"><div class="flex items-center gap-2"><div class="w-8 h-8 bg-gradient-to-br from-gray-700 to-gray-900 rounded-full flex items-center justify-center text-white font-semibold text-sm flex-shrink-0 cursor-pointer hover:ring-2 hover:ring-gray-900 hover:ring-offset-1 transition-all">A</div><div><div class="flex items-center gap-1.5"><span class="text-sm font-semibold text-gray-900 cursor-pointer hover:underline">Addison Garcia</span></div><span class="text-xs text-gray-500">Nov 30, 2025, 06:17 PM</span></div></div><button class="p-1 hover:bg-gray-100 rounded-full transition-colors" type="button" id="radix-_r_ea_" aria-haspopup="menu" aria-expanded="false" data-state="closed"><svg xmlns="http://www.w3.org/2000/svg" width="24" height="24" viewBox="0 0 24 24" fill="none" stroke="currentColor" stroke-width="2" stroke-linecap="round" stroke-linejoin="round" class="lucide lucide-ellipsis-vertical w-4 h-4 text-gray-600" aria-hidden="true"><circle cx="12" cy="12" r="1"></circle><circle cx="12" cy="5" r="1"></circle><circle cx="12" cy="19" r="1"></circle></svg></button></div><p class="text-sm text-gray-800 whitespace-pre-wrap mb-2">I see what you mean.</p><div class="flex items-center gap-3"><div class="flex items-center gap-3"><button data-testid="reaction-button-like" class="
                            group inline-flex items-center gap-1.5 px-3 py-1.5 rounded-md font-medium text-sm transition-all duration-200
                            bg-white text-gray-700 hover:bg-gray-50 border border-gray-300
                            cursor-pointer hover:scale-105
                        " type="button" id="radix-_r_ec_" aria-haspopup="menu" aria-expanded="false" data-state="closed"><span class="text-base">👍</span><span class="font-medium text-sm">Like</span></button></div></div></div></div></div></div></div></div></div></div></article></div></main><footer class="mt-16 py-8 border-t border-gray-200 bg-white"><div class="max-w-5xl mx-auto px-4 text-center text-sm text-gray-500"><p>Built with Laravel, Inertia.js, React &amp; shadcn/ui</p></div></footer></div><div role="region" aria-label="Notifications (F8)" tabindex="-1" style="pointer-events: none;"><ol tabindex="-1" class="fixed top-0 z-[100] flex max-h-screen w-full flex-col-reverse p-4 sm:bottom-0 sm:right-0 sm:top-auto sm:flex-col md:max-w-[420px]"></ol></div></div><script type="text/javascript">
var phpdebugbar = new PhpDebugBar.DebugBar({"theme":"auto","hideEmptyTabs":true});
phpdebugbar.addTab("request", new PhpDebugBar.DebugBar.Tab({"icon":"tags","order":-100,"title":"Request", "widget": new PhpDebugBar.Widgets.HtmlVariableListWidget()}));
phpdebugbar.addTab("messages", new PhpDebugBar.DebugBar.Tab({"icon":"list-alt","title":"Messages", "widget": new PhpDebugBar.Widgets.MessagesWidget()}));
phpdebugbar.addIndicator("time", new PhpDebugBar.DebugBar.Indicator({"icon":"clock-o","tooltip":"Request Duration","link":"timeline"}), "right");
phpdebugbar.addTab("timeline", new PhpDebugBar.DebugBar.Tab({"icon":"tasks","title":"Timeline", "widget": new PhpDebugBar.Widgets.TimelineWidget()}));
phpdebugbar.addIndicator("memory", new PhpDebugBar.DebugBar.Indicator({"icon":"cogs","tooltip":"Memory Usage"}), "right");
phpdebugbar.addTab("exceptions", new PhpDebugBar.DebugBar.Tab({"icon":"bug","title":"Exceptions", "widget": new PhpDebugBar.Widgets.ExceptionsWidget()}));
phpdebugbar.addIndicator("version", new PhpDebugBar.DebugBar.Indicator({"icon":"laravel phpdebugbar-fab"}), "right");
phpdebugbar.addTab("views", new PhpDebugBar.DebugBar.Tab({"icon":"leaf","title":"Views", "widget": new PhpDebugBar.Widgets.TemplatesWidget()}));
phpdebugbar.addTab("queries", new PhpDebugBar.DebugBar.Tab({"icon":"database","title":"Queries", "widget": new PhpDebugBar.Widgets.LaravelQueriesWidget()}));
phpdebugbar.addTab("models", new PhpDebugBar.DebugBar.Tab({"icon":"cubes","title":"Models", "widget": new PhpDebugBar.Widgets.TableVariableListWidget()}));
phpdebugbar.addTab("emails", new PhpDebugBar.DebugBar.Tab({"icon":"inbox","title":"Mails", "widget": new PhpDebugBar.Widgets.MailsWidget()}));
phpdebugbar.addTab("gate", new PhpDebugBar.DebugBar.Tab({"icon":"list-alt","title":"Gate", "widget": new PhpDebugBar.Widgets.MessagesWidget()}));
phpdebugbar.addIndicator("currentrequest", new PhpDebugBar.DebugBar.Indicator({"icon":"share","link":"request"}), "right");
phpdebugbar.setDataMap({
"request": ["request.data", {}],
"messages": ["messages.messages", []],
"messages:badge": ["messages.count", null],
"time": ["time.duration_str", '0ms'],
"timeline": ["time", {}],
"memory": ["memory.peak_usage_str", '0B'],
"exceptions": ["exceptions.exceptions", []],
"exceptions:badge": ["exceptions.count", null],
"version": ["laravel.version", ],
"version:tooltip": ["laravel.tooltip", {}],
"views": ["views", []],
"views:badge": ["views.nb_templates", 0],
"queries": ["queries", []],
"queries:badge": ["queries.nb_statements", 0],
"models": ["models", {}],
"models:badge": ["models.count", 0],
"emails": ["symfonymailer_mails.mails", []],
"emails:badge": ["symfonymailer_mails.count", null],
"gate": ["gate.messages", []],
"gate:badge": ["gate.count", null],
"request:badge": ["request.badge", null],
"currentrequest": ["request.data.uri", ],
"currentrequest:tooltip": ["request.tooltip", {}]
});
phpdebugbar.restoreState();
phpdebugbar.enableAjaxHandlerTab();
phpdebugbar.ajaxHandler = new PhpDebugBar.AjaxHandler(phpdebugbar, undefined, true);
phpdebugbar.ajaxHandler.bindToFetch();
phpdebugbar.ajaxHandler.bindToXHR();
phpdebugbar.setOpenHandler(new PhpDebugBar.OpenHandler({"url":"http:\/\/127.0.0.1:8000\/_debugbar\/open"}));
phpdebugbar.addDataSet({"__meta":{"id":"01KBAQRCJCW1X63XCJ1D64G6VR","datetime":"2025-11-30 15:57:57","utime":1764518277.708838,"method":"GET","uri":"\/login","ip":"127.0.0.1"},"messages":{"count":0,"messages":[]},"time":{"count":5,"start":1764518277.673988,"end":1764518277.708861,"duration":0.034873008728027344,"duration_str":"34.87ms","measures":[{"label":"Booting","start":1764518277.673988,"relative_start":0,"end":1764518277.698926,"relative_end":1764518277.698926,"duration":0.024937868118286133,"duration_str":"24.94ms","memory":0,"memory_str":"0B","params":[],"collector":"time","group":null},{"label":"Application","start":1764518277.698939,"relative_start":0.02495098114013672,"end":1764518277.708864,"relative_end":2.86102294921875e-6,"duration":0.009924888610839844,"duration_str":"9.92ms","memory":0,"memory_str":"0B","params":[],"collector":"time","group":null},{"label":"Routing","start":1764518277.700634,"relative_start":0.026645898818969727,"end":1764518277.701029,"relative_end":1764518277.701029,"duration":0.00039505958557128906,"duration_str":"395\u03bcs","memory":0,"memory_str":"0B","params":[],"collector":null,"group":null},{"label":"Preparing Response","start":1764518277.701735,"relative_start":0.027746915817260742,"end":1764518277.708435,"relative_end":1764518277.708435,"duration":0.006700038909912109,"duration_str":"6.7ms","memory":0,"memory_str":"0B","params":[],"collector":null,"group":null},{"label":"View: Auth\/Login","start":1764518277.703238,"relative_start":0.029249906539916992,"end":1764518277.703238,"relative_end":1764518277.703238,"duration":0,"duration_str":"0\u03bcs","memory":0,"memory_str":"0B","params":[],"collector":"views","group":"View"}]},"memory":{"peak_usage":1761000,"peak_usage_str":"2MB"},"exceptions":{"count":0,"exceptions":[]},"laravel":{"version":"12.x","tooltip":{"Laravel Version":"12.40.2","PHP Version":"8.4.15","Environment":"local","Debug Mode":"Enabled","URL":"localhost","Timezone":"UTC","Locale":"en"}},"views":{"count":1,"nb_templates":1,"templates":[{"name":"Auth\/Login","param_count":null,"params":[],"start":1764518277.70322,"type":"blade","hash":"blade\/Users\/vahan\/Herd\/laravel-react-reactions\/packages\/truefans\/laravel-react-reactions\/workbench\/resources\/views\/app.blade.phpAuth\/Login","xdebug_link":{"url":"phpstorm:\/\/open?file=%2FUsers%2Fvahan%2FHerd%2Flaravel-react-reactions%2Fpackages%2Ftruefans%2Flaravel-react-reactions%2Fworkbench%2Fresources%2Fviews%2Fapp.blade.php\u0026line=1","ajax":false,"filename":"app.blade.php","line":"?"}}]},"queries":{"count":0,"nb_statements":0,"nb_visible_statements":0,"nb_excluded_statements":0,"nb_failed_statements":0,"accumulated_duration":0,"accumulated_duration_str":"0\u03bcs","memory_usage":0,"memory_usage_str":null,"statements":[]},"models":{"data":[],"count":0,"key_map":{"retrieved":"Retrieved","created":"Created","updated":"Updated","deleted":"Deleted"},"is_counter":true,"badges":[]},"symfonymailer_mails":{"count":0,"mails":[]},"gate":{"count":0,"messages":[]},"request":{"data":{"status":"200 OK","full_url":"http:\/\/127.0.0.1:8000\/login","action_name":"login","controller_action":"Workbench\\App\\Http\\Controllers\\AuthController@showLogin","uri":"GET login","controller":"Workbench\\App\\Http\\Controllers\\AuthController@showLogin\u003Ca href=\u0022phpstorm:\/\/open?file=%2FUsers%2Fvahan%2FHerd%2Flaravel-react-reactions%2Fpackages%2Ftruefans%2Flaravel-react-reactions%2Fworkbench%2Fapp%2FHttp%2FControllers%2FAuthController.php\u0026line=14\u0022 class=\u0022phpdebugbar-widgets-editor-link\u0022\u003E\u003C\/a\u003E","file":"\u003Ca href=\u0022phpstorm:\/\/open?file=%2FUsers%2Fvahan%2FHerd%2Flaravel-react-reactions%2Fpackages%2Ftruefans%2Flaravel-react-reactions%2Fworkbench%2Fapp%2FHttp%2FControllers%2FAuthController.php\u0026line=14\u0022 onclick=\u0022\u0022 class=\u0022phpdebugbar-widgets-editor-link\u0022\u003EUsers\/vahan\/Herd\/laravel-react-reactions\/packages\/truefans\/laravel-react-reactions\/workbench\/app\/Http\/Controllers\/AuthController.php:14-17\u003C\/a\u003E","middleware":"web","duration":"34.75ms","peak_memory":"4MB","response":"text\/html; charset=utf-8","request_format":"html","request_query":"\u003Cpre class=sf-dump id=sf-dump-3094493 data-indent-pad=\u0022  \u0022\u003E[]\n\u003C\/pre\u003E\u003Cscript\u003ESfdump(\u0022sf-dump-3094493\u0022, {\u0022maxDepth\u0022:0})\u003C\/script\u003E\n","request_request":"\u003Cpre class=sf-dump id=sf-dump-210405149 data-indent-pad=\u0022  \u0022\u003E[]\n\u003C\/pre\u003E\u003Cscript\u003ESfdump(\u0022sf-dump-210405149\u0022, {\u0022maxDepth\u0022:0})\u003C\/script\u003E\n","request_headers":"\u003Cpre class=sf-dump id=sf-dump-1316430573 data-indent-pad=\u0022  \u0022\u003E\u003Cspan class=sf-dump-note\u003Earray:14\u003C\/span\u003E [\u003Csamp data-depth=1 class=sf-dump-expanded\u003E\n  \u0022\u003Cspan class=sf-dump-key\u003Ehost\u003C\/span\u003E\u0022 =\u003E \u003Cspan class=sf-dump-note\u003Earray:1\u003C\/span\u003E [\u003Csamp data-depth=2 class=sf-dump-compact\u003E\n    \u003Cspan class=sf-dump-index\u003E0\u003C\/span\u003E =\u003E \u0022\u003Cspan class=sf-dump-str title=\u002214 characters\u0022\u003E127.0.0.1:8000\u003C\/span\u003E\u0022\n  \u003C\/samp\u003E]\n  \u0022\u003Cspan class=sf-dump-key\u003Econnection\u003C\/span\u003E\u0022 =\u003E \u003Cspan class=sf-dump-note\u003Earray:1\u003C\/span\u003E [\u003Csamp data-depth=2 class=sf-dump-compact\u003E\n    \u003Cspan class=sf-dump-index\u003E0\u003C\/span\u003E =\u003E \u0022\u003Cspan class=sf-dump-str title=\u002210 characters\u0022\u003Ekeep-alive\u003C\/span\u003E\u0022\n  \u003C\/samp\u003E]\n  \u0022\u003Cspan class=sf-dump-key\u003Esec-ch-ua\u003C\/span\u003E\u0022 =\u003E \u003Cspan class=sf-dump-note\u003Earray:1\u003C\/span\u003E [\u003Csamp data-depth=2 class=sf-dump-compact\u003E\n    \u003Cspan class=sf-dump-index\u003E0\u003C\/span\u003E =\u003E \u0022\u003Cspan class=sf-dump-str title=\u002266 characters\u0022\u003E\u0026quot;HeadlessChrome\u0026quot;;v=\u0026quot;143\u0026quot;, \u0026quot;Chromium\u0026quot;;v=\u0026quot;143\u0026quot;, \u0026quot;Not A(Brand\u0026quot;;v=\u0026quot;24\u0026quot;\u003C\/span\u003E\u0022\n  \u003C\/samp\u003E]\n  \u0022\u003Cspan class=sf-dump-key\u003Esec-ch-ua-mobile\u003C\/span\u003E\u0022 =\u003E \u003Cspan class=sf-dump-note\u003Earray:1\u003C\/span\u003E [\u003Csamp data-depth=2 class=sf-dump-compact\u003E\n    \u003Cspan class=sf-dump-index\u003E0\u003C\/span\u003E =\u003E \u0022\u003Cspan class=sf-dump-str title=\u00222 characters\u0022\u003E?0\u003C\/span\u003E\u0022\n  \u003C\/samp\u003E]\n  \u0022\u003Cspan class=sf-dump-key\u003Esec-ch-ua-platform\u003C\/span\u003E\u0022 =\u003E \u003Cspan class=sf-dump-note\u003Earray:1\u003C\/span\u003E [\u003Csamp data-depth=2 class=sf-dump-compact\u003E\n    \u003Cspan class=sf-dump-index\u003E0\u003C\/span\u003E =\u003E \u0022\u003Cspan class=sf-dump-str title=\u00229 characters\u0022\u003E\u0026quot;Windows\u0026quot;\u003C\/span\u003E\u0022\n  \u003C\/samp\u003E]\n  \u0022\u003Cspan class=sf-dump-key\u003Eupgrade-insecure-requests\u003C\/span\u003E\u0022 =\u003E \u003Cspan class=sf-dump-note\u003Earray:1\u003C\/span\u003E [\u003Csamp data-depth=2 class=sf-dump-compact\u003E\n    \u003Cspan class=sf-dump-index\u003E0\u003C\/span\u003E =\u003E \u0022\u003Cspan class=sf-dump-str\u003E1\u003C\/span\u003E\u0022\n  \u003C\/samp\u003E]\n  \u0022\u003Cspan class=sf-dump-key\u003Euser-agent\u003C\/span\u003E\u0022 =\u003E \u003Cspan class=sf-dump-note\u003Earray:1\u003C\/span\u003E [\u003Csamp data-depth=2 class=sf-dump-compact\u003E\n    \u003Cspan class=sf-dump-index\u003E0\u003C\/span\u003E =\u003E \u0022\u003Cspan class=sf-dump-str title=\u0022114 characters\u0022\u003EMozilla\/5.0 (Windows NT 10.0; Win64; x64) AppleWebKit\/537.36 (KHTML, like Gecko) Chrome\/143.0.7499.4 Safari\/537.36\u003C\/span\u003E\u0022\n  \u003C\/samp\u003E]\n  \u0022\u003Cspan class=sf-dump-key\u003Eaccept-language\u003C\/span\u003E\u0022 =\u003E \u003Cspan class=sf-dump-note\u003Earray:1\u003C\/span\u003E [\u003Csamp data-depth=2 class=sf-dump-compact\u003E\n    \u003Cspan class=sf-dump-index\u003E0\u003C\/span\u003E =\u003E \u0022\u003Cspan class=sf-dump-str title=\u00225 characters\u0022\u003Een-US\u003C\/span\u003E\u0022\n  \u003C\/samp\u003E]\n  \u0022\u003Cspan class=sf-dump-key\u003Eaccept\u003C\/span\u003E\u0022 =\u003E \u003Cspan class=sf-dump-note\u003Earray:1\u003C\/span\u003E [\u003Csamp data-depth=2 class=sf-dump-compact\u003E\n    \u003Cspan class=sf-dump-index\u003E0\u003C\/span\u003E =\u003E \u0022\u003Cspan class=sf-dump-str title=\u0022135 characters\u0022\u003Etext\/html,application\/xhtml+xml,application\/xml;q=0.9,image\/avif,image\/webp,image\/apng,*\/*;q=0.8,application\/signed-exchange;v=b3;q=0.7\u003C\/span\u003E\u0022\n  \u003C\/samp\u003E]\n  \u0022\u003Cspan class=sf-dump-key\u003Esec-fetch-site\u003C\/span\u003E\u0022 =\u003E \u003Cspan class=sf-dump-note\u003Earray:1\u003C\/span\u003E [\u003Csamp data-depth=2 class=sf-dump-compact\u003E\n    \u003Cspan class=sf-dump-index\u003E0\u003C\/span\u003E =\u003E \u0022\u003Cspan class=sf-dump-str title=\u00224 characters\u0022\u003Enone\u003C\/span\u003E\u0022\n  \u003C\/samp\u003E]\n  \u0022\u003Cspan class=sf-dump-key\u003Esec-fetch-mode\u003C\/span\u003E\u0022 =\u003E \u003Cspan class=sf-dump-note\u003Earray:1\u003C\/span\u003E [\u003Csamp data-depth=2 class=sf-dump-compact\u003E\n    \u003Cspan class=sf-dump-index\u003E0\u003C\/span\u003E =\u003E \u0022\u003Cspan class=sf-dump-str title=\u00228 characters\u0022\u003Enavigate\u003C\/span\u003E\u0022\n  \u003C\/samp\u003E]\n  \u0022\u003Cspan class=sf-dump-key\u003Esec-fetch-user\u003C\/span\u003E\u0022 =\u003E \u003Cspan class=sf-dump-note\u003Earray:1\u003C\/span\u003E [\u003Csamp data-depth=2 class=sf-dump-compact\u003E\n    \u003Cspan class=sf-dump-index\u003E0\u003C\/span\u003E =\u003E \u0022\u003Cspan class=sf-dump-str title=\u00222 characters\u0022\u003E?1\u003C\/span\u003E\u0022\n  \u003C\/samp\u003E]\n  \u0022\u003Cspan class=sf-dump-key\u003Esec-fetch-dest\u003C\/span\u003E\u0022 =\u003E \u003Cspan class=sf-dump-note\u003Earray:1\u003C\/span\u003E [\u003Csamp data-depth=2 class=sf-dump-compact\u003E\n    \u003Cspan class=sf-dump-index\u003E0\u003C\/span\u003E =\u003E \u0022\u003Cspan class=sf-dump-str title=\u00228 characters\u0022\u003Edocument\u003C\/span\u003E\u0022\n  \u003C\/samp\u003E]\n  \u0022\u003Cspan class=sf-dump-key\u003Eaccept-encoding\u003C\/span\u003E\u0022 =\u003E \u003Cspan class=sf-dump-note\u003Earray:1\u003C\/span\u003E [\u003Csamp data-depth=2 class=sf-dump-compact\u003E\n    \u003Cspan class=sf-dump-index\u003E0\u003C\/span\u003E =\u003E \u0022\u003Cspan class=sf-dump-str title=\u002223 characters\u0022\u003Egzip, deflate, br, zstd\u003C\/span\u003E\u0022\n  \u003C\/samp\u003E]\n\u003C\/samp\u003E]\n\u003C\/pre\u003E\u003Cscript\u003ESfdump(\u0022sf-dump-1316430573\u0022, {\u0022maxDepth\u0022:0})\u003C\/script\u003E\n","request_cookies":"\u003Cpre class=sf-dump id=sf-dump-1235446573 data-indent-pad=\u0022  \u0022\u003E[]\n\u003C\/pre\u003E\u003Cscript\u003ESfdump(\u0022sf-dump-1235446573\u0022, {\u0022maxDepth\u0022:0})\u003C\/script\u003E\n","response_headers":"\u003Cpre class=sf-dump id=sf-dump-626462468 data-indent-pad=\u0022  \u0022\u003E\u003Cspan class=sf-dump-note\u003Earray:3\u003C\/span\u003E [\u003Csamp data-depth=1 class=sf-dump-expanded\u003E\n  \u0022\u003Cspan class=sf-dump-key\u003Ecache-control\u003C\/span\u003E\u0022 =\u003E \u003Cspan class=sf-dump-note\u003Earray:1\u003C\/span\u003E [\u003Csamp data-depth=2 class=sf-dump-compact\u003E\n    \u003Cspan class=sf-dump-index\u003E0\u003C\/span\u003E =\u003E \u0022\u003Cspan class=sf-dump-str title=\u002217 characters\u0022\u003Eno-cache, private\u003C\/span\u003E\u0022\n  \u003C\/samp\u003E]\n  \u0022\u003Cspan class=sf-dump-key\u003Edate\u003C\/span\u003E\u0022 =\u003E \u003Cspan class=sf-dump-note\u003Earray:1\u003C\/span\u003E [\u003Csamp data-depth=2 class=sf-dump-compact\u003E\n    \u003Cspan class=sf-dump-index\u003E0\u003C\/span\u003E =\u003E \u0022\u003Cspan class=sf-dump-str title=\u002229 characters\u0022\u003ESun, 30 Nov 2025 15:57:57 GMT\u003C\/span\u003E\u0022\n  \u003C\/samp\u003E]\n  \u0022\u003Cspan class=sf-dump-key\u003Econtent-type\u003C\/span\u003E\u0022 =\u003E \u003Cspan class=sf-dump-note\u003Earray:1\u003C\/span\u003E [\u003Csamp data-depth=2 class=sf-dump-compact\u003E\n    \u003Cspan class=sf-dump-index\u003E0\u003C\/span\u003E =\u003E \u0022\u003Cspan class=sf-dump-str title=\u002224 characters\u0022\u003Etext\/html; charset=utf-8\u003C\/span\u003E\u0022\n  \u003C\/samp\u003E]\n\u003C\/samp\u003E]\n\u003C\/pre\u003E\u003Cscript\u003ESfdump(\u0022sf-dump-626462468\u0022, {\u0022maxDepth\u0022:0})\u003C\/script\u003E\n","session_attributes":"\u003Cpre class=sf-dump id=sf-dump-153482428 data-indent-pad=\u0022  \u0022\u003E\u003Cspan class=sf-dump-note\u003Earray:1\u003C\/span\u003E [\u003Csamp data-depth=1 class=sf-dump-expanded\u003E\n  \u0022\u003Cspan class=sf-dump-key\u003E_token\u003C\/span\u003E\u0022 =\u003E \u0022\u003Cspan class=sf-dump-str title=\u002240 characters\u0022\u003EqBcoi1eX9v2fp7kF3uxFhbCWOKrHLV01D2Z4kyzr\u003C\/span\u003E\u0022\n\u003C\/samp\u003E]\n\u003C\/pre\u003E\u003Cscript\u003ESfdump(\u0022sf-dump-153482428\u0022, {\u0022maxDepth\u0022:0})\u003C\/script\u003E\n"},"tooltip":{"status":"200 OK","full_url":"http:\/\/127.0.0.1:8000\/login","action_name":"login","controller_action":"Workbench\\App\\Http\\Controllers\\AuthController@showLogin"},"badge":null}}, "01KBAQRCJCW1X63XCJ1D64G6VR");

</script><div class="phpdebugbar phpdebugbar-minimized" data-bodymarginbottom="true" data-theme="light" data-openbtnposition="bottomLeft" data-hideemptytabs="true"><div class="phpdebugbar-drag-capture"></div><div class="phpdebugbar-resize-handle"></div><div class="phpdebugbar-header"><a class="phpdebugbar-restore-btn"></a><div class="phpdebugbar-header-left"><a class="phpdebugbar-tab" data-empty="false" data-collector="request"><i class="phpdebugbar-fa phpdebugbar-fa-tags"></i><span class="phpdebugbar-text">Request</span><span class="phpdebugbar-badge"></span></a><a class="phpdebugbar-tab" data-empty="true" data-collector="messages"><i class="phpdebugbar-fa phpdebugbar-fa-list-alt"></i><span class="phpdebugbar-text">Messages</span><span class="phpdebugbar-badge"></span></a><a class="phpdebugbar-tab" data-empty="false" data-collector="timeline"><i class="phpdebugbar-fa phpdebugbar-fa-tasks"></i><span class="phpdebugbar-text">Timeline</span><span class="phpdebugbar-badge"></span></a><a class="phpdebugbar-tab" data-empty="true" data-collector="exceptions"><i class="phpdebugbar-fa phpdebugbar-fa-bug"></i><span class="phpdebugbar-text">Exceptions</span><span class="phpdebugbar-badge"></span></a><a class="phpdebugbar-tab" data-empty="false" data-collector="views"><i class="phpdebugbar-fa phpdebugbar-fa-leaf"></i><span class="phpdebugbar-text">Views</span><span class="phpdebugbar-badge phpdebugbar-visible">1</span></a><a class="phpdebugbar-tab" data-empty="true" data-collector="queries"><i class="phpdebugbar-fa phpdebugbar-fa-database"></i><span class="phpdebugbar-text">Queries</span><span class="phpdebugbar-badge phpdebugbar-visible">0</span></a><a class="phpdebugbar-tab" data-empty="true" data-collector="models"><i class="phpdebugbar-fa phpdebugbar-fa-cubes"></i><span class="phpdebugbar-text">Models</span><span class="phpdebugbar-badge phpdebugbar-visible">0</span></a><a class="phpdebugbar-tab" data-empty="true" data-collector="emails"><i class="phpdebugbar-fa phpdebugbar-fa-inbox"></i><span class="phpdebugbar-text">Mails</span><span class="phpdebugbar-badge"></span></a><a class="phpdebugbar-tab" data-empty="true" data-collector="gate"><i class="phpdebugbar-fa phpdebugbar-fa-list-alt"></i><span class="phpdebugbar-text">Gate</span><span class="phpdebugbar-badge"></span></a></div><div class="phpdebugbar-header-right"><a class="phpdebugbar-close-btn"></a><a class="phpdebugbar-minimize-btn"></a><a class="phpdebugbar-tab phpdebugbar-tab-settings" data-collector="__settings"><i class="phpdebugbar-fa phpdebugbar-fa-sliders"></i><span class="phpdebugbar-text">Settings</span><span class="phpdebugbar-badge"></span></a><a class="phpdebugbar-maximize-btn"></a><a class="phpdebugbar-open-btn" style=""></a><a class="phpdebugbar-tab phpdebugbar-tab-history" data-collector="__datasets" style="" data-empty="false"><i class="phpdebugbar-fa phpdebugbar-fa-history"></i><span class="phpdebugbar-text">Request history</span><span class="phpdebugbar-badge"></span></a><select class="phpdebugbar-datasets-switcher" name="datasets-switcher"><option value="01KBAQRCJCW1X63XCJ1D64G6VR">#1 login (15:57:57)</option></select><span class="phpdebugbar-indicator" style="cursor: pointer;"><i class="phpdebugbar-fa phpdebugbar-fa-clock-o"></i><span class="phpdebugbar-text">34.87ms</span><span class="phpdebugbar-tooltip">Request Duration</span></span><span class="phpdebugbar-indicator"><i class="phpdebugbar-fa phpdebugbar-fa-cogs"></i><span class="phpdebugbar-text">2MB</span><span class="phpdebugbar-tooltip">Memory Usage</span></span><span class="phpdebugbar-indicator"><i class="phpdebugbar-fa phpdebugbar-fa-laravel phpdebugbar-fab"></i><span class="phpdebugbar-text">12.x</span><span class="phpdebugbar-tooltip"><dl><dt>Laravel Version</dt><dd>12.40.2</dd><dt>PHP Version</dt><dd>8.4.15</dd><dt>Environment</dt><dd>local</dd><dt>Debug Mode</dt><dd>Enabled</dd><dt>URL</dt><dd>localhost</dd><dt>Timezone</dt><dd>UTC</dd><dt>Locale</dt><dd>en</dd></dl></span></span><span class="phpdebugbar-indicator" style="cursor: pointer;"><i class="phpdebugbar-fa phpdebugbar-fa-share"></i><span class="phpdebugbar-text">GET login</span><span class="phpdebugbar-tooltip"><dl><dt>status</dt><dd>200 OK</dd><dt>full_url</dt><dd>http://127.0.0.1:8000/login</dd><dt>action_name</dt><dd>login</dd><dt>controller_action</dt><dd>Workbench\App\Http\Controllers\AuthController@showLogin</dd></dl></span></span></div></div><div class="phpdebugbar-body" style="height: 300px;"><div class="phpdebugbar-panel" data-collector="__settings"><form class="phpdebugbar-settings"><div class="phpdebugbar-form-row"><div class="phpdebugbar-form-label">Theme</div><div class="phpdebugbar-form-input"><select><option value="auto">Auto (System preference)</option><option value="light">Light</option><option value="dark">Dark</option></select></div></div><div class="phpdebugbar-form-row"><div class="phpdebugbar-form-label">Open Button Position</div><div class="phpdebugbar-form-input"><select><option value="bottomLeft">Bottom Left</option><option value="bottomRight">Bottom Right</option><option value="topLeft">Top Left</option><option value="topRight">Top Right</option></select></div></div><div class="phpdebugbar-form-row"><div class="phpdebugbar-form-label">Hide Empty Tabs</div><div class="phpdebugbar-form-input"><label><input type="checkbox">Hide empty tabs until they have data</label></div></div><div class="phpdebugbar-form-row"><div class="phpdebugbar-form-label">Autoshow</div><div class="phpdebugbar-form-input"><label><input type="checkbox">Automatically show new incoming Ajax requests</label></div></div><div class="phpdebugbar-form-row"><div class="phpdebugbar-form-label">Reset to defaults</div><div class="phpdebugbar-form-input"><button>Reset settings</button></div></div></form></div><div class="phpdebugbar-panel" data-collector="request"><dl class="phpdebugbar-widgets-kvlist phpdebugbar-widgets-htmlvarlist"><dt class="phpdebugbar-widgets-key"><span title="status">status</span></dt><dd class="phpdebugbar-widgets-value">200 OK</dd><dt class="phpdebugbar-widgets-key"><span title="full_url">full_url</span></dt><dd class="phpdebugbar-widgets-value">http://127.0.0.1:8000/login</dd><dt class="phpdebugbar-widgets-key"><span title="action_name">action_name</span></dt><dd class="phpdebugbar-widgets-value">login</dd><dt class="phpdebugbar-widgets-key"><span title="controller_action">controller_action</span></dt><dd class="phpdebugbar-widgets-value">Workbench\App\Http\Controllers\AuthController@showLogin</dd><dt class="phpdebugbar-widgets-key"><span title="uri">uri</span></dt><dd class="phpdebugbar-widgets-value">GET login</dd><dt class="phpdebugbar-widgets-key"><span title="controller">controller</span></dt><dd class="phpdebugbar-widgets-value">Workbench\App\Http\Controllers\AuthController@showLogin<a href="phpstorm://open?file=%2FUsers%2Fvahan%2FHerd%2Flaravel-react-reactions%2Fpackages%2Ftruefans%2Flaravel-react-reactions%2Fworkbench%2Fapp%2FHttp%2FControllers%2FAuthController.php&amp;line=14" class="phpdebugbar-widgets-editor-link"></a></dd><dt class="phpdebugbar-widgets-key"><span title="file">file</span></dt><dd class="phpdebugbar-widgets-value"><a href="phpstorm://open?file=%2FUsers%2Fvahan%2FHerd%2Flaravel-react-reactions%2Fpackages%2Ftruefans%2Flaravel-react-reactions%2Fworkbench%2Fapp%2FHttp%2FControllers%2FAuthController.php&amp;line=14" onclick="" class="phpdebugbar-widgets-editor-link">Users/vahan/Herd/laravel-react-reactions/packages/truefans/laravel-react-reactions/workbench/app/Http/Controllers/AuthController.php:14-17</a></dd><dt class="phpdebugbar-widgets-key"><span title="middleware">middleware</span></dt><dd class="phpdebugbar-widgets-value">web</dd><dt class="phpdebugbar-widgets-key"><span title="duration">duration</span></dt><dd class="phpdebugbar-widgets-value">34.75ms</dd><dt class="phpdebugbar-widgets-key"><span title="peak_memory">peak_memory</span></dt><dd class="phpdebugbar-widgets-value">4MB</dd><dt class="phpdebugbar-widgets-key"><span title="response">response</span></dt><dd class="phpdebugbar-widgets-value">text/html; charset=utf-8</dd><dt class="phpdebugbar-widgets-key"><span title="request_format">request_format</span></dt><dd class="phpdebugbar-widgets-value">html</dd><dt class="phpdebugbar-widgets-key"><span title="request_query">request_query</span></dt><dd class="phpdebugbar-widgets-value"><pre class="sf-dump" id="sf-dump-3094493" data-indent-pad="  ">[]
</pre><script>Sfdump("sf-dump-3094493", {"maxDepth":0})</script>
</dd><dt class="phpdebugbar-widgets-key"><span title="request_request">request_request</span></dt><dd class="phpdebugbar-widgets-value"><pre class="sf-dump" id="sf-dump-210405149" data-indent-pad="  ">[]
</pre><script>Sfdump("sf-dump-210405149", {"maxDepth":0})</script>
</dd><dt class="phpdebugbar-widgets-key"><span title="request_headers">request_headers</span></dt><dd class="phpdebugbar-widgets-value"><pre class="sf-dump" id="sf-dump-1316430573" data-indent-pad="  " tabindex="0"><div class="sf-dump-search-wrapper sf-dump-search-hidden"> <input type="text" class="sf-dump-search-input"> <span class="sf-dump-search-count">0 of 0</span> <button type="button" class="sf-dump-search-input-previous" tabindex="-1"> <svg viewBox="0 0 1792 1792" xmlns="http://www.w3.org/2000/svg"><path d="M1683 1331l-166 165q-19 19-45 19t-45-19L896 965l-531 531q-19 19-45 19t-45-19l-166-165q-19-19-19-45.5t19-45.5l742-741q19-19 45-19t45 19l742 741q19 19 19 45.5t-19 45.5z"></path></svg> </button> <button type="button" class="sf-dump-search-input-next" tabindex="-1"> <svg viewBox="0 0 1792 1792" xmlns="http://www.w3.org/2000/svg"><path d="M1683 808l-742 741q-19 19-45 19t-45-19L109 808q-19-19-19-45.5t19-45.5l166-165q19-19 45-19t45 19l531 531 531-531q19-19 45-19t45 19l166 165q19 19 19 45.5t-19 45.5z"></path></svg> </button> </div><span class="sf-dump-note">array:14</span> [<a class="sf-dump-ref sf-dump-toggle" title="[Cmd+click] Expand all children"><span>▼</span></a><samp data-depth="1" class="sf-dump-expanded">
  "<span class="sf-dump-key">host</span>" =&gt; <span class="sf-dump-note">array:1</span> [<a class="sf-dump-ref sf-dump-toggle" title="[Cmd+click] Expand all children"><span>▶</span></a><samp data-depth="2" class="sf-dump-compact">
    <span class="sf-dump-index">0</span> =&gt; "<span class="sf-dump-str" title="14 characters">127.0.0.1:8000</span>"
  </samp>]
  "<span class="sf-dump-key">connection</span>" =&gt; <span class="sf-dump-note">array:1</span> [<a class="sf-dump-ref sf-dump-toggle" title="[Cmd+click] Expand all children"><span>▶</span></a><samp data-depth="2" class="sf-dump-compact">
    <span class="sf-dump-index">0</span> =&gt; "<span class="sf-dump-str" title="10 characters">keep-alive</span>"
  </samp>]
  "<span class="sf-dump-key">sec-ch-ua</span>" =&gt; <span class="sf-dump-note">array:1</span> [<a class="sf-dump-ref sf-dump-toggle" title="[Cmd+click] Expand all children"><span>▶</span></a><samp data-depth="2" class="sf-dump-compact">
    <span class="sf-dump-index">0</span> =&gt; "<span class="sf-dump-str" title="66 characters">"HeadlessChrome";v="143", "Chromium";v="143", "Not A(Brand";v="24"</span>"
  </samp>]
  "<span class="sf-dump-key">sec-ch-ua-mobile</span>" =&gt; <span class="sf-dump-note">array:1</span> [<a class="sf-dump-ref sf-dump-toggle" title="[Cmd+click] Expand all children"><span>▶</span></a><samp data-depth="2" class="sf-dump-compact">
    <span class="sf-dump-index">0</span> =&gt; "<span class="sf-dump-str" title="2 characters">?0</span>"
  </samp>]
  "<span class="sf-dump-key">sec-ch-ua-platform</span>" =&gt; <span class="sf-dump-note">array:1</span> [<a class="sf-dump-ref sf-dump-toggle" title="[Cmd+click] Expand all children"><span>▶</span></a><samp data-depth="2" class="sf-dump-compact">
    <span class="sf-dump-index">0</span> =&gt; "<span class="sf-dump-str" title="9 characters">"Windows"</span>"
  </samp>]
  "<span class="sf-dump-key">upgrade-insecure-requests</span>" =&gt; <span class="sf-dump-note">array:1</span> [<a class="sf-dump-ref sf-dump-toggle" title="[Cmd+click] Expand all children"><span>▶</span></a><samp data-depth="2" class="sf-dump-compact">
    <span class="sf-dump-index">0</span> =&gt; "<span class="sf-dump-str">1</span>"
  </samp>]
  "<span class="sf-dump-key">user-agent</span>" =&gt; <span class="sf-dump-note">array:1</span> [<a class="sf-dump-ref sf-dump-toggle" title="[Cmd+click] Expand all children"><span>▶</span></a><samp data-depth="2" class="sf-dump-compact">
    <span class="sf-dump-index">0</span> =&gt; "<span class="sf-dump-str" title="114 characters">Mozilla/5.0 (Windows NT 10.0; Win64; x64) AppleWebKit/537.36 (KHTML, like Gecko) Chrome/143.0.7499.4 Safari/537.36</span>"
  </samp>]
  "<span class="sf-dump-key">accept-language</span>" =&gt; <span class="sf-dump-note">array:1</span> [<a class="sf-dump-ref sf-dump-toggle" title="[Cmd+click] Expand all children"><span>▶</span></a><samp data-depth="2" class="sf-dump-compact">
    <span class="sf-dump-index">0</span> =&gt; "<span class="sf-dump-str" title="5 characters">en-US</span>"
  </samp>]
  "<span class="sf-dump-key">accept</span>" =&gt; <span class="sf-dump-note">array:1</span> [<a class="sf-dump-ref sf-dump-toggle" title="[Cmd+click] Expand all children"><span>▶</span></a><samp data-depth="2" class="sf-dump-compact">
    <span class="sf-dump-index">0</span> =&gt; "<span class="sf-dump-str" title="135 characters">text/html,application/xhtml+xml,application/xml;q=0.9,image/avif,image/webp,image/apng,*/*;q=0.8,application/signed-exchange;v=b3;q=0.7</span>"
  </samp>]
  "<span class="sf-dump-key">sec-fetch-site</span>" =&gt; <span class="sf-dump-note">array:1</span> [<a class="sf-dump-ref sf-dump-toggle" title="[Cmd+click] Expand all children"><span>▶</span></a><samp data-depth="2" class="sf-dump-compact">
    <span class="sf-dump-index">0</span> =&gt; "<span class="sf-dump-str" title="4 characters">none</span>"
  </samp>]
  "<span class="sf-dump-key">sec-fetch-mode</span>" =&gt; <span class="sf-dump-note">array:1</span> [<a class="sf-dump-ref sf-dump-toggle" title="[Cmd+click] Expand all children"><span>▶</span></a><samp data-depth="2" class="sf-dump-compact">
    <span class="sf-dump-index">0</span> =&gt; "<span class="sf-dump-str" title="8 characters">navigate</span>"
  </samp>]
  "<span class="sf-dump-key">sec-fetch-user</span>" =&gt; <span class="sf-dump-note">array:1</span> [<a class="sf-dump-ref sf-dump-toggle" title="[Cmd+click] Expand all children"><span>▶</span></a><samp data-depth="2" class="sf-dump-compact">
    <span class="sf-dump-index">0</span> =&gt; "<span class="sf-dump-str" title="2 characters">?1</span>"
  </samp>]
  "<span class="sf-dump-key">sec-fetch-dest</span>" =&gt; <span class="sf-dump-note">array:1</span> [<a class="sf-dump-ref sf-dump-toggle" title="[Cmd+click] Expand all children"><span>▶</span></a><samp data-depth="2" class="sf-dump-compact">
    <span class="sf-dump-index">0</span> =&gt; "<span class="sf-dump-str" title="8 characters">document</span>"
  </samp>]
  "<span class="sf-dump-key">accept-encoding</span>" =&gt; <span class="sf-dump-note">array:1</span> [<a class="sf-dump-ref sf-dump-toggle" title="[Cmd+click] Expand all children"><span>▶</span></a><samp data-depth="2" class="sf-dump-compact">
    <span class="sf-dump-index">0</span> =&gt; "<span class="sf-dump-str" title="23 characters">gzip, deflate, br, zstd</span>"
  </samp>]
</samp>]
</pre><script>Sfdump("sf-dump-1316430573", {"maxDepth":0})</script>
</dd><dt class="phpdebugbar-widgets-key"><span title="request_cookies">request_cookies</span></dt><dd class="phpdebugbar-widgets-value"><pre class="sf-dump" id="sf-dump-1235446573" data-indent-pad="  ">[]
</pre><script>Sfdump("sf-dump-1235446573", {"maxDepth":0})</script>
</dd><dt class="phpdebugbar-widgets-key"><span title="response_headers">response_headers</span></dt><dd class="phpdebugbar-widgets-value"><pre class="sf-dump" id="sf-dump-626462468" data-indent-pad="  " tabindex="0"><div class="sf-dump-search-wrapper sf-dump-search-hidden"> <input type="text" class="sf-dump-search-input"> <span class="sf-dump-search-count">0 of 0</span> <button type="button" class="sf-dump-search-input-previous" tabindex="-1"> <svg viewBox="0 0 1792 1792" xmlns="http://www.w3.org/2000/svg"><path d="M1683 1331l-166 165q-19 19-45 19t-45-19L896 965l-531 531q-19 19-45 19t-45-19l-166-165q-19-19-19-45.5t19-45.5l742-741q19-19 45-19t45 19l742 741q19 19 19 45.5t-19 45.5z"></path></svg> </button> <button type="button" class="sf-dump-search-input-next" tabindex="-1"> <svg viewBox="0 0 1792 1792" xmlns="http://www.w3.org/2000/svg"><path d="M1683 808l-742 741q-19 19-45 19t-45-19L109 808q-19-19-19-45.5t19-45.5l166-165q19-19 45-19t45 19l531 531 531-531q19-19 45-19t45 19l166 165q19 19 19 45.5t-19 45.5z"></path></svg> </button> </div><span class="sf-dump-note">array:3</span> [<a class="sf-dump-ref sf-dump-toggle" title="[Cmd+click] Expand all children"><span>▼</span></a><samp data-depth="1" class="sf-dump-expanded">
  "<span class="sf-dump-key">cache-control</span>" =&gt; <span class="sf-dump-note">array:1</span> [<a class="sf-dump-ref sf-dump-toggle" title="[Cmd+click] Expand all children"><span>▶</span></a><samp data-depth="2" class="sf-dump-compact">
    <span class="sf-dump-index">0</span> =&gt; "<span class="sf-dump-str" title="17 characters">no-cache, private</span>"
  </samp>]
  "<span class="sf-dump-key">date</span>" =&gt; <span class="sf-dump-note">array:1</span> [<a class="sf-dump-ref sf-dump-toggle" title="[Cmd+click] Expand all children"><span>▶</span></a><samp data-depth="2" class="sf-dump-compact">
    <span class="sf-dump-index">0</span> =&gt; "<span class="sf-dump-str" title="29 characters">Sun, 30 Nov 2025 15:57:57 GMT</span>"
  </samp>]
  "<span class="sf-dump-key">content-type</span>" =&gt; <span class="sf-dump-note">array:1</span> [<a class="sf-dump-ref sf-dump-toggle" title="[Cmd+click] Expand all children"><span>▶</span></a><samp data-depth="2" class="sf-dump-compact">
    <span class="sf-dump-index">0</span> =&gt; "<span class="sf-dump-str" title="24 characters">text/html; charset=utf-8</span>"
  </samp>]
</samp>]
</pre><script>Sfdump("sf-dump-626462468", {"maxDepth":0})</script>
</dd><dt class="phpdebugbar-widgets-key"><span title="session_attributes">session_attributes</span></dt><dd class="phpdebugbar-widgets-value"><pre class="sf-dump" id="sf-dump-153482428" data-indent-pad="  " tabindex="0"><div class="sf-dump-search-wrapper sf-dump-search-hidden"> <input type="text" class="sf-dump-search-input"> <span class="sf-dump-search-count">0 of 0</span> <button type="button" class="sf-dump-search-input-previous" tabindex="-1"> <svg viewBox="0 0 1792 1792" xmlns="http://www.w3.org/2000/svg"><path d="M1683 1331l-166 165q-19 19-45 19t-45-19L896 965l-531 531q-19 19-45 19t-45-19l-166-165q-19-19-19-45.5t19-45.5l742-741q19-19 45-19t45 19l742 741q19 19 19 45.5t-19 45.5z"></path></svg> </button> <button type="button" class="sf-dump-search-input-next" tabindex="-1"> <svg viewBox="0 0 1792 1792" xmlns="http://www.w3.org/2000/svg"><path d="M1683 808l-742 741q-19 19-45 19t-45-19L109 808q-19-19-19-45.5t19-45.5l166-165q19-19 45-19t45 19l531 531 531-531q19-19 45-19t45 19l166 165q19 19 19 45.5t-19 45.5z"></path></svg> </button> </div><span class="sf-dump-note">array:1</span> [<a class="sf-dump-ref sf-dump-toggle" title="[Cmd+click] Expand all children"><span>▼</span></a><samp data-depth="1" class="sf-dump-expanded">
  "<span class="sf-dump-key">_token</span>" =&gt; "<span class="sf-dump-str" title="40 characters">qBcoi1eX9v2fp7kF3uxFhbCWOKrHLV01D2Z4kyzr</span>"
</samp>]
</pre><script>Sfdump("sf-dump-153482428", {"maxDepth":0})</script>
</dd></dl></div><div class="phpdebugbar-panel" data-collector="messages"><div class="phpdebugbar-widgets-messages"><ul class="phpdebugbar-widgets-list"></ul><div class="phpdebugbar-widgets-toolbar"><i class="phpdebugbar-fa phpdebugbar-fa-search"></i><input type="text" name="search" aria-label="Search" placeholder="Search"><a class="phpdebugbar-widgets-filter" style="visibility: hidden;"></a></div></div></div><div class="phpdebugbar-panel" data-collector="timeline"><ul class="phpdebugbar-widgets-timeline"><li><div class="phpdebugbar-widgets-measure"><span class="phpdebugbar-widgets-value" style="left: 0%; width: 71.51%;"></span><span class="phpdebugbar-widgets-label">Booting (24.94ms)</span><span class="phpdebugbar-widgets-collector">time</span></div></li><li><div class="phpdebugbar-widgets-measure"><span class="phpdebugbar-widgets-value" style="left: 71.55%; width: 28.45%;"></span><span class="phpdebugbar-widgets-label">Application (9.92ms)</span><span class="phpdebugbar-widgets-collector">time</span></div></li><li><div class="phpdebugbar-widgets-measure"><span class="phpdebugbar-widgets-value" style="left: 76.41%; width: 1.13%;"></span><span class="phpdebugbar-widgets-label">Routing (395μs)</span></div></li><li><div class="phpdebugbar-widgets-measure"><span class="phpdebugbar-widgets-value" style="left: 79.57%; width: 19.21%;"></span><span class="phpdebugbar-widgets-label">Preparing Response (6.7ms)</span></div></li><li><div class="phpdebugbar-widgets-measure"><span class="phpdebugbar-widgets-value" style="left: 83.88%; width: 0%;"></span><span class="phpdebugbar-widgets-label">View: Auth/Login</span><span class="phpdebugbar-widgets-collector">views</span></div></li><li><table class="phpdebugbar-widgets-params"><tr><td class="phpdebugbar-widgets-name">1 x Booting (71.51%)</td><td class="phpdebugbar-widgets-value"><div class="phpdebugbar-widgets-measure"><span class="phpdebugbar-widgets-value" style="width: 71.51%;"></span><span class="phpdebugbar-widgets-label">24.94ms</span></div></td></tr><tr><td class="phpdebugbar-widgets-name">1 x Application (28.46%)</td><td class="phpdebugbar-widgets-value"><div class="phpdebugbar-widgets-measure"><span class="phpdebugbar-widgets-value" style="width: 28.46%;"></span><span class="phpdebugbar-widgets-label">9.92ms</span></div></td></tr><tr><td class="phpdebugbar-widgets-name">1 x Preparing Response (19.21%)</td><td class="phpdebugbar-widgets-value"><div class="phpdebugbar-widgets-measure"><span class="phpdebugbar-widgets-value" style="width: 19.21%;"></span><span class="phpdebugbar-widgets-label">6.70ms</span></div></td></tr><tr><td class="phpdebugbar-widgets-name">1 x Routing (1.13%)</td><td class="phpdebugbar-widgets-value"><div class="phpdebugbar-widgets-measure"><span class="phpdebugbar-widgets-value" style="width: 1.13%;"></span><span class="phpdebugbar-widgets-label">395μs</span></div></td></tr><tr><td class="phpdebugbar-widgets-name">1 x View (0%)</td><td class="phpdebugbar-widgets-value"><div class="phpdebugbar-widgets-measure"><span class="phpdebugbar-widgets-value" style="width: 0%;"></span><span class="phpdebugbar-widgets-label">0μs</span></div></td></tr></table></li></ul></div><div class="phpdebugbar-panel" data-collector="exceptions"><div class="phpdebugbar-widgets-exceptions"><ul class="phpdebugbar-widgets-list"></ul></div></div><div class="phpdebugbar-panel" data-collector="views"><div class="phpdebugbar-widgets-templates"><div class="phpdebugbar-widgets-status"><span>1 templates were rendered</span></div><ul class="phpdebugbar-widgets-list"><li class="phpdebugbar-widgets-list-item"><span class="phpdebugbar-widgets-name">Auth/Login</span><span class="phpdebugbar-widgets-filename">app.blade.php#?<a href="phpstorm://open?file=%2FUsers%2Fvahan%2FHerd%2Flaravel-react-reactions%2Fpackages%2Ftruefans%2Flaravel-react-reactions%2Fworkbench%2Fresources%2Fviews%2Fapp.blade.php&amp;line=1" class="phpdebugbar-widgets-editor-link"></a></span><span title="Parameter count" class="phpdebugbar-widgets-param-count"></span><span title="Type" class="phpdebugbar-widgets-type">blade</span></li></ul><div class="phpdebugbar-widgets-callgraph"></div></div></div><div class="phpdebugbar-panel" data-collector="queries"><div class="phpdebugbar-widgets-sqlqueries"><div class="phpdebugbar-widgets-status"><span>0 statements were executed</span><span title="Accumulated duration" class="phpdebugbar-widgets-duration">0μs</span></div><ul class="phpdebugbar-widgets-list"></ul></div></div><div class="phpdebugbar-panel" data-collector="models"><div class="phpdebugbar-widgets-tablevarlist"><table class="phpdebugbar-widgets-tablevar"><tr class="phpdebugbar-widgets-header"><td></td><td>Retrieved</td><td>Created</td><td>Updated</td><td>Deleted</td></tr></table></div></div><div class="phpdebugbar-panel" data-collector="emails"><div class="phpdebugbar-widgets-mails"><ul class="phpdebugbar-widgets-list"></ul></div></div><div class="phpdebugbar-panel" data-collector="gate"><div class="phpdebugbar-widgets-messages"><ul class="phpdebugbar-widgets-list"></ul><div class="phpdebugbar-widgets-toolbar"><i class="phpdebugbar-fa phpdebugbar-fa-search"></i><input type="text" name="search" aria-label="Search" placeholder="Search"><a class="phpdebugbar-widgets-filter" style="visibility: hidden;"></a></div></div></div><div class="phpdebugbar-panel" data-collector="__datasets"><div class="phpdebugbar-widgets-dataset-history"><div class="phpdebugbar-widgets-dataset-actions"><label>Autoshow<input type="checkbox"></label><a>Clear</a><a>Show all</a><select name="method" style="width:100px"><option>(method)</option><option>GET</option><option>POST</option><option>PUT</option><option>DELETE</option></select><input type="text" name="search" aria-label="Search" placeholder="Search"></div><table><thead><tr><th style="width: 30px;"></th><th style="width: 175px;">Date ↕</th><th style="width: 80px;">Method</th><th>URL</th><th width="40%">Data</th></tr></thead><tbody><tr data-id="01KBAQRCJCW1X63XCJ1D64G6VR" class="phpdebugbar-widgets-table-row phpdebugbar-widgets-active" style="cursor: pointer;"><td>#1</td><td>2025-11-30 15:57:57</td><td>GET</td><td>/login</td><td><a title="Views"><i class="phpdebugbar-fa phpdebugbar-fa-leaf"></i><span class="phpdebugbar-badge" style="display: inline-block;">1</span></a></td></tr></tbody></table></div></div></div><a class="phpdebugbar-restore-btn" style="display: none;"></a></div><div class="phpdebugbar-openhandler" data-theme="light" style="display: none;"><div class="phpdebugbar-openhandler-header">PHP DebugBar | Open<a><i class="phpdebugbar-fa phpdebugbar-fa-times"></i></a></div><table><thead><tr><th width="155">Date</th><th width="75">Method</th><th>URL</th><th width="125">IP</th><th width="100">Filter data</th></tr></thead><tbody></tbody></table><div class="phpdebugbar-openhandler-actions"><a>Load more</a><a>Show only current URL</a><a>Show all</a><a>Delete all</a><form><br><b>Filter results</b><br><select name="method"><option selected="">(Method)</option><option>GET</option><option>POST</option><option>PUT</option><option>DELETE</option></select><input type="text" name="uri" placeholder="URI"><input type="text" name="ip" placeholder="IP"><button type="submit">Search</button></form></div></div><div class="phpdebugbar-openhandler-overlay" style="display: none;"></div>


<div id="nprogress" style="transition: none; opacity: 1;"><div class="bar" role="bar" style="transform: translate3d(0%, 0px, 0px); transition: 200ms linear;"><div class="peg"></div></div></div></body></html>

[1A[2K[chromium] › tests/Browser/reactions.spec.js:86:5 › Reactions Component › should remove reaction when clicking same type
BROWSER LOG: Comments initialized: {initialCount: 5, totalComments: 36, hasMore: true}

[1A[2KBROWSER LOG: Comments initialized: {initialCount: 3, totalComments: 3, hasMore: false}

[1A[2KBROWSER LOG: Comments initialized: {initialCount: 2, totalComments: 2, hasMore: false}

[1A[2KBROWSER LOG: Comments initialized: {initialCount: 5, totalComments: 5, hasMore: false}

[1A[2KBROWSER LOG: Comments initialized: {initialCount: 3, totalComments: 3, hasMore: false}

[1A[2KBROWSER LOG: Comments initialized: {initialCount: 4, totalComments: 4, hasMore: false}

[1A[2KBROWSER LOG: Comments initialized: {initialCount: 5, totalComments: 5, hasMore: false}

[1A[2KBROWSER LOG: Comments initialized: {initialCount: 2, totalComments: 2, hasMore: false}

[1A[2KBROWSER LOG: Comments initialized: {initialCount: 5, totalComments: 5, hasMore: false}

[1A[2KBROWSER LOG: Comments initialized: {initialCount: 5, totalComments: 5, hasMore: false}

[1A[2KBROWSER LOG: All props: {posts: Array(10), flash: Object, errors: Array(0)}

[1A[2KBROWSER LOG: Flash: {success: null} Errors: []

[1A[2KPAGE CONTENT: <!DOCTYPE html><html lang="en" class="sf-js-enabled nprogress-busy"><head>
    <meta charset="utf-8">
    <meta name="viewport" content="width=device-width, initial-scale=1">
    <meta name="csrf-token" content="iEkGQiOVH5dK9uPp8DPODRv7gHxUWz7V9DhUPcGy">

    <title inertia="">Login - Laravel</title>

    <script type="module">
    import RefreshRuntime from 'http://localhost:5174/@react-refresh'
    RefreshRuntime.injectIntoGlobalHook(window)
    window.$RefreshReg$ = () => {}
    window.$RefreshSig$ = () => (type) => type
    window.__vite_plugin_react_preamble_installed__ = true
</script>    <script type="module" src="http://localhost:5174/@vite/client"></script><link rel="stylesheet" href="http://localhost:5174/workbench/resources/css/app.css"><script type="module" src="http://localhost:5174/workbench/resources/js/app.jsx"></script>    <link rel="stylesheet" type="text/css" property="stylesheet" href="/_debugbar/assets/stylesheets?v=1763541085" data-turbolinks-eval="false" data-turbo-eval="false"><script src="/_debugbar/assets/javascript?v=1763541085" data-turbolinks-eval="false" data-turbo-eval="false"></script><script data-turbo-eval="false">jQuery.noConflict(true);</script>
<script> Sfdump = window.Sfdump || (function (doc) { doc.documentElement.classList.add('sf-js-enabled'); var rxEsc = /([.*+?^${}()|\[\]\/\\])/g, idRx = /\bsf-dump-\d+-ref[012]\w+\b/, keyHint = 0 <= navigator.platform.toUpperCase().indexOf('MAC') ? 'Cmd' : 'Ctrl', addEventListener = function (e, n, cb) { e.addEventListener(n, cb, false); }; if (!doc.addEventListener) { addEventListener = function (element, eventName, callback) { element.attachEvent('on' + eventName, function (e) { e.preventDefault = function () {e.returnValue = false;}; e.target = e.srcElement; callback(e); }); }; } function toggle(a, recursive) { var s = a.nextSibling || {}, oldClass = s.className, arrow, newClass; if (/\bsf-dump-compact\b/.test(oldClass)) { arrow = '▼'; newClass = 'sf-dump-expanded'; } else if (/\bsf-dump-expanded\b/.test(oldClass)) { arrow = '▶'; newClass = 'sf-dump-compact'; } else { return false; } if (doc.createEvent && s.dispatchEvent) { var event = doc.createEvent('Event'); event.initEvent('sf-dump-expanded' === newClass ? 'sfbeforedumpexpand' : 'sfbeforedumpcollapse', true, false); s.dispatchEvent(event); } a.lastChild.innerHTML = arrow; s.className = s.className.replace(/\bsf-dump-(compact|expanded)\b/, newClass); if (recursive) { try { a = s.querySelectorAll('.'+oldClass); for (s = 0; s < a.length; ++s) { if (-1 == a[s].className.indexOf(newClass)) { a[s].className = newClass; a[s].previousSibling.lastChild.innerHTML = arrow; } } } catch (e) { } } return true; }; function collapse(a, recursive) { var s = a.nextSibling || {}, oldClass = s.className; if (/\bsf-dump-expanded\b/.test(oldClass)) { toggle(a, recursive); return true; } return false; }; function expand(a, recursive) { var s = a.nextSibling || {}, oldClass = s.className; if (/\bsf-dump-compact\b/.test(oldClass)) { toggle(a, recursive); return true; } return false; }; function collapseAll(root) { var a = root.querySelector('a.sf-dump-toggle'); if (a) { collapse(a, true); expand(a); return true; } return false; } function reveal(node) { var previous, parents = []; while ((node = node.parentNode || {}) && (previous = node.previousSibling) && 'A' === previous.tagName) { parents.push(previous); } if (0 !== parents.length) { parents.forEach(function (parent) { expand(parent); }); return true; } return false; } function highlight(root, activeNode, nodes) { resetHighlightedNodes(root); Array.from(nodes||[]).forEach(function (node) { if (!/\bsf-dump-highlight\b/.test(node.className)) { node.className = node.className + ' sf-dump-highlight'; } }); if (!/\bsf-dump-highlight-active\b/.test(activeNode.className)) { activeNode.className = activeNode.className + ' sf-dump-highlight-active'; } } function resetHighlightedNodes(root) { Array.from(root.querySelectorAll('.sf-dump-str, .sf-dump-key, .sf-dump-public, .sf-dump-protected, .sf-dump-private')).forEach(function (strNode) { strNode.className = strNode.className.replace(/\bsf-dump-highlight\b/, ''); strNode.className = strNode.className.replace(/\bsf-dump-highlight-active\b/, ''); }); } return function (root, x) { root = doc.getElementById(root); var indentRx = new RegExp('^('+(root.getAttribute('data-indent-pad') || ' ').replace(rxEsc, '\\$1')+')+', 'm'), options = {"maxDepth":1,"maxStringLength":160,"fileLinkFormat":false}, elt = root.getElementsByTagName('A'), len = elt.length, i = 0, s, h, t = []; while (i < len) t.push(elt[i++]); for (i in x) { options[i] = x[i]; } function a(e, f) { addEventListener(root, e, function (e, n) { if ('A' == e.target.tagName) { f(e.target, e); } else if ('A' == e.target.parentNode.tagName) { f(e.target.parentNode, e); } else { n = /\bsf-dump-ellipsis\b/.test(e.target.className) ? e.target.parentNode : e.target; if ((n = n.nextElementSibling) && 'A' == n.tagName) { if (!/\bsf-dump-toggle\b/.test(n.className)) { n = n.nextElementSibling || n; } f(n, e, true); } } }); }; function isCtrlKey(e) { return e.ctrlKey || e.metaKey; } function xpathString(str) { var parts = str.match(/[^'"]+|['"]/g).map(function (part) { if ("'" == part) { return '"\'"'; } if ('"' == part) { return "'\"'"; } return "'" + part + "'"; }); return "concat(" + parts.join(",") + ", '')"; } function xpathHasClass(className) { return "contains(concat(' ', normalize-space(@class), ' '), ' " + className +" ')"; } a('mouseover', function (a, e, c) { if (c) { e.target.style.cursor = "pointer"; } }); a('click', function (a, e, c) { if (/\bsf-dump-toggle\b/.test(a.className)) { e.preventDefault(); if (!toggle(a, isCtrlKey(e))) { var r = doc.getElementById(a.getAttribute('href').slice(1)), s = r.previousSibling, f = r.parentNode, t = a.parentNode; t.replaceChild(r, a); f.replaceChild(a, s); t.insertBefore(s, r); f = f.firstChild.nodeValue.match(indentRx); t = t.firstChild.nodeValue.match(indentRx); if (f && t && f[0] !== t[0]) { r.innerHTML = r.innerHTML.replace(new RegExp('^'+f[0].replace(rxEsc, '\\$1'), 'mg'), t[0]); } if (/\bsf-dump-compact\b/.test(r.className)) { toggle(s, isCtrlKey(e)); } } if (c) { } else if (doc.getSelection) { try { doc.getSelection().removeAllRanges(); } catch (e) { doc.getSelection().empty(); } } else { doc.selection.empty(); } } else if (/\bsf-dump-str-toggle\b/.test(a.className)) { e.preventDefault(); e = a.parentNode.parentNode; e.className = e.className.replace(/\bsf-dump-str-(expand|collapse)\b/, a.parentNode.className); } }); elt = root.getElementsByTagName('SAMP'); len = elt.length; i = 0; while (i < len) t.push(elt[i++]); len = t.length; for (i = 0; i < len; ++i) { elt = t[i]; if ('SAMP' == elt.tagName) { a = elt.previousSibling || {}; if ('A' != a.tagName) { a = doc.createElement('A'); a.className = 'sf-dump-ref'; elt.parentNode.insertBefore(a, elt); } else { a.innerHTML += ' '; } a.title = (a.title ? a.title+'\n[' : '[')+keyHint+'+click] Expand all children'; a.innerHTML += elt.className == 'sf-dump-compact' ? '<span>▶</span>' : '<span>▼</span>'; a.className += ' sf-dump-toggle'; x = 1; if ('sf-dump' != elt.parentNode.className) { x += elt.parentNode.getAttribute('data-depth')/1; } } else if (/\bsf-dump-ref\b/.test(elt.className) && (a = elt.getAttribute('href'))) { a = a.slice(1); elt.className += ' sf-dump-hover'; elt.className += ' '+a; if (/[\[{]$/.test(elt.previousSibling.nodeValue)) { a = a != elt.nextSibling.id && doc.getElementById(a); try { s = a.nextSibling; elt.appendChild(a); s.parentNode.insertBefore(a, s); if (/^[@#]/.test(elt.innerHTML)) { elt.innerHTML += ' <span>▶</span>'; } else { elt.innerHTML = '<span>▶</span>'; elt.className = 'sf-dump-ref'; } elt.className += ' sf-dump-toggle'; } catch (e) { if ('&' == elt.innerHTML.charAt(0)) { elt.innerHTML = '…'; elt.className = 'sf-dump-ref'; } } } } } if (doc.evaluate && Array.from && root.children.length > 1) { root.setAttribute('tabindex', 0); SearchState = function () { this.nodes = []; this.idx = 0; }; SearchState.prototype = { next: function () { if (this.isEmpty()) { return this.current(); } this.idx = this.idx < (this.nodes.length - 1) ? this.idx + 1 : 0; return this.current(); }, previous: function () { if (this.isEmpty()) { return this.current(); } this.idx = this.idx > 0 ? this.idx - 1 : (this.nodes.length - 1); return this.current(); }, isEmpty: function () { return 0 === this.count(); }, current: function () { if (this.isEmpty()) { return null; } return this.nodes[this.idx]; }, reset: function () { this.nodes = []; this.idx = 0; }, count: function () { return this.nodes.length; }, }; function showCurrent(state) { var currentNode = state.current(), currentRect, searchRect; if (currentNode) { reveal(currentNode); highlight(root, currentNode, state.nodes); if ('scrollIntoView' in currentNode) { currentNode.scrollIntoView(true); currentRect = currentNode.getBoundingClientRect(); searchRect = search.getBoundingClientRect(); if (currentRect.top < (searchRect.top + searchRect.height)) { window.scrollBy(0, -(searchRect.top + searchRect.height + 5)); } } } counter.textContent = (state.isEmpty() ? 0 : state.idx + 1) + ' of ' + state.count(); } var search = doc.createElement('div'); search.className = 'sf-dump-search-wrapper sf-dump-search-hidden'; search.innerHTML = ' <input type="text" class="sf-dump-search-input"> <span class="sf-dump-search-count">0 of 0<\/span> <button type="button" class="sf-dump-search-input-previous" tabindex="-1"> <svg viewBox="0 0 1792 1792" xmlns="http://www.w3.org/2000/svg"><path d="M1683 1331l-166 165q-19 19-45 19t-45-19L896 965l-531 531q-19 19-45 19t-45-19l-166-165q-19-19-19-45.5t19-45.5l742-741q19-19 45-19t45 19l742 741q19 19 19 45.5t-19 45.5z"\/><\/svg> <\/button> <button type="button" class="sf-dump-search-input-next" tabindex="-1"> <svg viewBox="0 0 1792 1792" xmlns="http://www.w3.org/2000/svg"><path d="M1683 808l-742 741q-19 19-45 19t-45-19L109 808q-19-19-19-45.5t19-45.5l166-165q19-19 45-19t45 19l531 531 531-531q19-19 45-19t45 19l166 165q19 19 19 45.5t-19 45.5z"\/><\/svg> <\/button> '; root.insertBefore(search, root.firstChild); var state = new SearchState(); var searchInput = search.querySelector('.sf-dump-search-input'); var counter = search.querySelector('.sf-dump-search-count'); var searchInputTimer = 0; var previousSearchQuery = ''; addEventListener(searchInput, 'keyup', function (e) { var searchQuery = e.target.value; /* Don't perform anything if the pressed key didn't change the query */ if (searchQuery === previousSearchQuery) { return; } previousSearchQuery = searchQuery; clearTimeout(searchInputTimer); searchInputTimer = setTimeout(function () { state.reset(); collapseAll(root); resetHighlightedNodes(root); if ('' === searchQuery) { counter.textContent = '0 of 0'; return; } var classMatches = [ "sf-dump-str", "sf-dump-key", "sf-dump-public", "sf-dump-protected", "sf-dump-private", ].map(xpathHasClass).join(' or '); var xpathResult = doc.evaluate('.//span[' + classMatches + '][contains(translate(child::text(), ' + xpathString(searchQuery.toUpperCase()) + ', ' + xpathString(searchQuery.toLowerCase()) + '), ' + xpathString(searchQuery.toLowerCase()) + ')]', root, null, XPathResult.ORDERED_NODE_ITERATOR_TYPE, null); while (node = xpathResult.iterateNext()) state.nodes.push(node); showCurrent(state); }, 400); }); Array.from(search.querySelectorAll('.sf-dump-search-input-next, .sf-dump-search-input-previous')).forEach(function (btn) { addEventListener(btn, 'click', function (e) { e.preventDefault(); -1 !== e.target.className.indexOf('next') ? state.next() : state.previous(); searchInput.focus(); collapseAll(root); showCurrent(state); }) }); addEventListener(root, 'keydown', function (e) { var isSearchActive = !/\bsf-dump-search-hidden\b/.test(search.className); if ((114 === e.keyCode && !isSearchActive) || (isCtrlKey(e) && 70 === e.keyCode)) { /* F3 or CMD/CTRL + F */ if (70 === e.keyCode && document.activeElement === searchInput) { /* * If CMD/CTRL + F is hit while having focus on search input, * the user probably meant to trigger browser search instead. * Let the browser execute its behavior: */ return; } e.preventDefault(); search.className = search.className.replace(/\bsf-dump-search-hidden\b/, ''); searchInput.focus(); } else if (isSearchActive) { if (27 === e.keyCode) { /* ESC key */ search.className += ' sf-dump-search-hidden'; e.preventDefault(); resetHighlightedNodes(root); searchInput.value = ''; } else if ( (isCtrlKey(e) && 71 === e.keyCode) /* CMD/CTRL + G */ || 13 === e.keyCode /* Enter */ || 114 === e.keyCode /* F3 */ ) { e.preventDefault(); e.shiftKey ? state.previous() : state.next(); collapseAll(root); showCurrent(state); } } }); } if (0 >= options.maxStringLength) { return; } try { elt = root.querySelectorAll('.sf-dump-str'); len = elt.length; i = 0; t = []; while (i < len) t.push(elt[i++]); len = t.length; for (i = 0; i < len; ++i) { elt = t[i]; s = elt.innerText || elt.textContent; x = s.length - options.maxStringLength; if (0 < x) { h = elt.innerHTML; elt[elt.innerText ? 'innerText' : 'textContent'] = s.substring(0, options.maxStringLength); elt.className += ' sf-dump-str-collapse'; elt.innerHTML = '<span class=sf-dump-str-collapse>'+h+'<a class="sf-dump-ref sf-dump-str-toggle" title="Collapse"> ◀</a></span>'+ '<span class=sf-dump-str-expand>'+elt.innerHTML+'<a class="sf-dump-ref sf-dump-str-toggle" title="'+x+' remaining characters"> ▶</a></span>'; } } } catch (e) { } }; })(document); </script><style> .sf-js-enabled .phpdebugbar pre.sf-dump .sf-dump-compact, .sf-js-enabled .sf-dump-str-collapse .sf-dump-str-collapse, .sf-js-enabled .sf-dump-str-expand .sf-dump-str-expand { display: none; } .sf-dump-hover:hover { background-color: #B729D9; color: #FFF !important; border-radius: 2px; } .phpdebugbar pre.sf-dump { display: block; white-space: pre; padding: 5px; overflow: initial !important; } .phpdebugbar pre.sf-dump:after { content: ""; visibility: hidden; display: block; height: 0; clear: both; } .phpdebugbar pre.sf-dump .sf-dump-ellipsization { display: inline-flex; } .phpdebugbar pre.sf-dump a { text-decoration: none; cursor: pointer; border: 0; outline: none; color: inherit; } .phpdebugbar pre.sf-dump img { max-width: 50em; max-height: 50em; margin: .5em 0 0 0; padding: 0; background: url(data:image/png;base64,iVBORw0KGgoAAAANSUhEUgAAABAAAAAQCAAAAAA6mKC9AAAAHUlEQVQY02O8zAABilCaiQEN0EeA8QuUcX9g3QEAAjcC5piyhyEAAAAASUVORK5CYII=) #D3D3D3; } .phpdebugbar pre.sf-dump .sf-dump-ellipsis { text-overflow: ellipsis; white-space: nowrap; overflow: hidden; } .phpdebugbar pre.sf-dump .sf-dump-ellipsis-tail { flex-shrink: 0; } .phpdebugbar pre.sf-dump code { display:inline; padding:0; background:none; } .sf-dump-public.sf-dump-highlight, .sf-dump-protected.sf-dump-highlight, .sf-dump-private.sf-dump-highlight, .sf-dump-str.sf-dump-highlight, .sf-dump-key.sf-dump-highlight { background: rgba(111, 172, 204, 0.3); border: 1px solid #7DA0B1; border-radius: 3px; } .sf-dump-public.sf-dump-highlight-active, .sf-dump-protected.sf-dump-highlight-active, .sf-dump-private.sf-dump-highlight-active, .sf-dump-str.sf-dump-highlight-active, .sf-dump-key.sf-dump-highlight-active { background: rgba(253, 175, 0, 0.4); border: 1px solid #ffa500; border-radius: 3px; } .phpdebugbar pre.sf-dump .sf-dump-search-hidden { display: none !important; } .phpdebugbar pre.sf-dump .sf-dump-search-wrapper { font-size: 0; white-space: nowrap; margin-bottom: 5px; display: flex; position: -webkit-sticky; position: sticky; top: 5px; } .phpdebugbar pre.sf-dump .sf-dump-search-wrapper > * { vertical-align: top; box-sizing: border-box; height: 21px; font-weight: normal; border-radius: 0; background: #FFF; color: #757575; border: 1px solid #BBB; } .phpdebugbar pre.sf-dump .sf-dump-search-wrapper > input.sf-dump-search-input { padding: 3px; height: 21px; font-size: 12px; border-right: none; border-top-left-radius: 3px; border-bottom-left-radius: 3px; color: #000; min-width: 15px; width: 100%; } .phpdebugbar pre.sf-dump .sf-dump-search-wrapper > .sf-dump-search-input-next, .phpdebugbar pre.sf-dump .sf-dump-search-wrapper > .sf-dump-search-input-previous { background: #F2F2F2; outline: none; border-left: none; font-size: 0; line-height: 0; } .phpdebugbar pre.sf-dump .sf-dump-search-wrapper > .sf-dump-search-input-next { border-top-right-radius: 3px; border-bottom-right-radius: 3px; } .phpdebugbar pre.sf-dump .sf-dump-search-wrapper > .sf-dump-search-input-next > svg, .phpdebugbar pre.sf-dump .sf-dump-search-wrapper > .sf-dump-search-input-previous > svg { pointer-events: none; width: 12px; height: 12px; } .phpdebugbar pre.sf-dump .sf-dump-search-wrapper > .sf-dump-search-count { display: inline-block; padding: 0 5px; margin: 0; border-left: none; line-height: 21px; font-size: 12px; }.phpdebugbar pre.sf-dump, .phpdebugbar pre.sf-dump .sf-dump-default{word-wrap: break-word; white-space: pre-wrap; word-break: normal}.phpdebugbar pre.sf-dump .sf-dump-num{font-weight:bold; color:#1299DA}.phpdebugbar pre.sf-dump .sf-dump-const{font-weight:bold}.phpdebugbar pre.sf-dump .sf-dump-str{font-weight:bold; color:#3A9B26}.phpdebugbar pre.sf-dump .sf-dump-note{color:#1299DA}.phpdebugbar pre.sf-dump .sf-dump-ref{color:#7B7B7B}.phpdebugbar pre.sf-dump .sf-dump-public{color:#000000}.phpdebugbar pre.sf-dump .sf-dump-protected{color:#000000}.phpdebugbar pre.sf-dump .sf-dump-private{color:#000000}.phpdebugbar pre.sf-dump .sf-dump-meta{color:#B729D9}.phpdebugbar pre.sf-dump .sf-dump-key{color:#3A9B26}.phpdebugbar pre.sf-dump .sf-dump-index{color:#1299DA}.phpdebugbar pre.sf-dump .sf-dump-ellipsis{color:#A0A000}.phpdebugbar pre.sf-dump .sf-dump-virtual{font-style:italic}.phpdebugbar pre.sf-dump .sf-dump-ns{user-select:none;}.phpdebugbar pre.sf-dump .sf-dump-ellipsis-note{color:#1299DA}.phpdebugbar[data-theme='dark'] pre.sf-dump, pre.sf-dump .sf-dump-default{background-color:#18171B; color:#FF8400; line-height:1.2em; font:12px Menlo, Monaco, Consolas, monospace; word-wrap: break-word; white-space: pre-wrap; position:relative; z-index:99999; word-break: break-all}.phpdebugbar[data-theme='dark'] pre.sf-dump .sf-dump-num{font-weight:bold; color:#1299DA}.phpdebugbar[data-theme='dark'] pre.sf-dump .sf-dump-const{font-weight:bold}.phpdebugbar[data-theme='dark'] pre.sf-dump .sf-dump-virtual{font-style:italic}.phpdebugbar[data-theme='dark'] pre.sf-dump .sf-dump-str{font-weight:bold; color:#56DB3A}.phpdebugbar[data-theme='dark'] pre.sf-dump .sf-dump-note{color:#1299DA}.phpdebugbar[data-theme='dark'] pre.sf-dump .sf-dump-ref{color:#A0A0A0}.phpdebugbar[data-theme='dark'] pre.sf-dump .sf-dump-public{color:#FFFFFF}.phpdebugbar[data-theme='dark'] pre.sf-dump .sf-dump-protected{color:#FFFFFF}.phpdebugbar[data-theme='dark'] pre.sf-dump .sf-dump-private{color:#FFFFFF}.phpdebugbar[data-theme='dark'] pre.sf-dump .sf-dump-meta{color:#B729D9}.phpdebugbar[data-theme='dark'] pre.sf-dump .sf-dump-key{color:#56DB3A}.phpdebugbar[data-theme='dark'] pre.sf-dump .sf-dump-index{color:#1299DA}.phpdebugbar[data-theme='dark'] pre.sf-dump .sf-dump-ellipsis{color:#FF8400}.phpdebugbar[data-theme='dark'] pre.sf-dump .sf-dump-ns{user-select:none;}.phpdebugbar[data-theme='dark'] pre.sf-dump .sf-dump-ellipsis-note{color:#1299DA}</style>
<style type="text/css" data-vite-dev-id="/Users/vahan/Herd/laravel-react-reactions/packages/truefans/laravel-react-reactions/workbench/resources/css/app.css">/*! tailwindcss v4.1.17 | MIT License | https://tailwindcss.com */
@layer properties;
@layer theme, base, components, utilities;
@layer theme {
  :root, :host {
    --font-sans: ui-sans-serif, system-ui, sans-serif, "Apple Color Emoji",
      "Segoe UI Emoji", "Segoe UI Symbol", "Noto Color Emoji";
    --font-mono: ui-monospace, SFMono-Regular, Menlo, Monaco, Consolas, "Liberation Mono",
      "Courier New", monospace;
    --color-red-500: oklch(63.7% 0.237 25.331);
    --color-red-600: oklch(57.7% 0.245 27.325);
    --color-red-700: oklch(50.5% 0.213 27.518);
    --color-amber-50: oklch(98.7% 0.022 95.277);
    --color-amber-100: oklch(96.2% 0.059 95.617);
    --color-amber-200: oklch(92.4% 0.12 95.746);
    --color-amber-800: oklch(47.3% 0.137 46.201);
    --color-amber-900: oklch(41.4% 0.112 45.904);
    --color-yellow-50: oklch(98.7% 0.026 102.212);
    --color-green-500: oklch(72.3% 0.219 149.579);
    --color-blue-100: oklch(93.2% 0.032 255.585);
    --color-blue-600: oklch(54.6% 0.245 262.881);
    --color-indigo-500: oklch(58.5% 0.233 277.117);
    --color-indigo-600: oklch(51.1% 0.262 276.966);
    --color-indigo-700: oklch(45.7% 0.24 277.023);
    --color-gray-50: oklch(98.5% 0.002 247.839);
    --color-gray-100: oklch(96.7% 0.003 264.542);
    --color-gray-200: oklch(92.8% 0.006 264.531);
    --color-gray-300: oklch(87.2% 0.01 258.338);
    --color-gray-400: oklch(70.7% 0.022 261.325);
    --color-gray-500: oklch(55.1% 0.027 264.364);
    --color-gray-600: oklch(44.6% 0.03 256.802);
    --color-gray-700: oklch(37.3% 0.034 259.733);
    --color-gray-800: oklch(27.8% 0.033 256.848);
    --color-gray-900: oklch(21% 0.034 264.665);
    --color-black: #000;
    --color-white: #fff;
    --spacing: 0.25rem;
    --container-md: 28rem;
    --container-lg: 32rem;
    --container-4xl: 56rem;
    --container-5xl: 64rem;
    --text-xs: 0.75rem;
    --text-xs--line-height: calc(1 / 0.75);
    --text-sm: 0.875rem;
    --text-sm--line-height: calc(1.25 / 0.875);
    --text-base: 1rem;
    --text-base--line-height: calc(1.5 / 1);
    --text-lg: 1.125rem;
    --text-lg--line-height: calc(1.75 / 1.125);
    --text-xl: 1.25rem;
    --text-xl--line-height: calc(1.75 / 1.25);
    --text-2xl: 1.5rem;
    --text-2xl--line-height: calc(2 / 1.5);
    --text-3xl: 1.875rem;
    --text-3xl--line-height: calc(2.25 / 1.875);
    --text-4xl: 2.25rem;
    --text-4xl--line-height: calc(2.5 / 2.25);
    --text-6xl: 3.75rem;
    --text-6xl--line-height: 1;
    --font-weight-medium: 500;
    --font-weight-semibold: 600;
    --font-weight-bold: 700;
    --font-weight-extrabold: 800;
    --tracking-tight: -0.025em;
    --leading-relaxed: 1.625;
    --radius-sm: 0.25rem;
    --radius-md: 0.375rem;
    --radius-lg: 0.5rem;
    --radius-xl: 0.75rem;
    --ease-out: cubic-bezier(0, 0, 0.2, 1);
    --animate-spin: spin 1s linear infinite;
    --animate-pulse: pulse 2s cubic-bezier(0.4, 0, 0.6, 1) infinite;
    --default-transition-duration: 150ms;
    --default-transition-timing-function: cubic-bezier(0.4, 0, 0.2, 1);
    --default-font-family: var(--font-sans);
    --default-mono-font-family: var(--font-mono);
  }
}
@layer base {
  *, ::after, ::before, ::backdrop, ::file-selector-button {
    box-sizing: border-box;
    margin: 0;
    padding: 0;
    border: 0 solid;
  }
  html, :host {
    line-height: 1.5;
    -webkit-text-size-adjust: 100%;
    tab-size: 4;
    font-family: var(--default-font-family, ui-sans-serif, system-ui, sans-serif, "Apple Color Emoji", "Segoe UI Emoji", "Segoe UI Symbol", "Noto Color Emoji");
    font-feature-settings: var(--default-font-feature-settings, normal);
    font-variation-settings: var(--default-font-variation-settings, normal);
    -webkit-tap-highlight-color: transparent;
  }
  hr {
    height: 0;
    color: inherit;
    border-top-width: 1px;
  }
  abbr:where([title]) {
    -webkit-text-decoration: underline dotted;
    text-decoration: underline dotted;
  }
  h1, h2, h3, h4, h5, h6 {
    font-size: inherit;
    font-weight: inherit;
  }
  a {
    color: inherit;
    -webkit-text-decoration: inherit;
    text-decoration: inherit;
  }
  b, strong {
    font-weight: bolder;
  }
  code, kbd, samp, pre {
    font-family: var(--default-mono-font-family, ui-monospace, SFMono-Regular, Menlo, Monaco, Consolas, "Liberation Mono", "Courier New", monospace);
    font-feature-settings: var(--default-mono-font-feature-settings, normal);
    font-variation-settings: var(--default-mono-font-variation-settings, normal);
    font-size: 1em;
  }
  small {
    font-size: 80%;
  }
  sub, sup {
    font-size: 75%;
    line-height: 0;
    position: relative;
    vertical-align: baseline;
  }
  sub {
    bottom: -0.25em;
  }
  sup {
    top: -0.5em;
  }
  table {
    text-indent: 0;
    border-color: inherit;
    border-collapse: collapse;
  }
  :-moz-focusring {
    outline: auto;
  }
  progress {
    vertical-align: baseline;
  }
  summary {
    display: list-item;
  }
  ol, ul, menu {
    list-style: none;
  }
  img, svg, video, canvas, audio, iframe, embed, object {
    display: block;
    vertical-align: middle;
  }
  img, video {
    max-width: 100%;
    height: auto;
  }
  button, input, select, optgroup, textarea, ::file-selector-button {
    font: inherit;
    font-feature-settings: inherit;
    font-variation-settings: inherit;
    letter-spacing: inherit;
    color: inherit;
    border-radius: 0;
    background-color: transparent;
    opacity: 1;
  }
  :where(select:is([multiple], [size])) optgroup {
    font-weight: bolder;
  }
  :where(select:is([multiple], [size])) optgroup option {
    padding-inline-start: 20px;
  }
  ::file-selector-button {
    margin-inline-end: 4px;
  }
  ::placeholder {
    opacity: 1;
  }
  @supports (not (-webkit-appearance: -apple-pay-button))  or (contain-intrinsic-size: 1px) {
    ::placeholder {
      color: currentcolor;
      @supports (color: color-mix(in lab, red, red)) {
        color: color-mix(in oklab, currentcolor 50%, transparent);
      }
    }
  }
  textarea {
    resize: vertical;
  }
  ::-webkit-search-decoration {
    -webkit-appearance: none;
  }
  ::-webkit-date-and-time-value {
    min-height: 1lh;
    text-align: inherit;
  }
  ::-webkit-datetime-edit {
    display: inline-flex;
  }
  ::-webkit-datetime-edit-fields-wrapper {
    padding: 0;
  }
  ::-webkit-datetime-edit, ::-webkit-datetime-edit-year-field, ::-webkit-datetime-edit-month-field, ::-webkit-datetime-edit-day-field, ::-webkit-datetime-edit-hour-field, ::-webkit-datetime-edit-minute-field, ::-webkit-datetime-edit-second-field, ::-webkit-datetime-edit-millisecond-field, ::-webkit-datetime-edit-meridiem-field {
    padding-block: 0;
  }
  ::-webkit-calendar-picker-indicator {
    line-height: 1;
  }
  :-moz-ui-invalid {
    box-shadow: none;
  }
  button, input:where([type="button"], [type="reset"], [type="submit"]), ::file-selector-button {
    appearance: button;
  }
  ::-webkit-inner-spin-button, ::-webkit-outer-spin-button {
    height: auto;
  }
  [hidden]:where(:not([hidden="until-found"])) {
    display: none !important;
  }
}
@layer utilities {
  .pointer-events-auto {
    pointer-events: auto;
  }
  .collapse {
    visibility: collapse;
  }
  .visible {
    visibility: visible;
  }
  .absolute {
    position: absolute;
  }
  .fixed {
    position: fixed;
  }
  .relative {
    position: relative;
  }
  .static {
    position: static;
  }
  .sticky {
    position: sticky;
  }
  .inset-0 {
    inset: calc(var(--spacing) * 0);
  }
  .top-0 {
    top: calc(var(--spacing) * 0);
  }
  .top-2 {
    top: calc(var(--spacing) * 2);
  }
  .top-\[50\%\] {
    top: 50%;
  }
  .right-2 {
    right: calc(var(--spacing) * 2);
  }
  .right-3 {
    right: calc(var(--spacing) * 3);
  }
  .right-4 {
    right: calc(var(--spacing) * 4);
  }
  .bottom-3 {
    bottom: calc(var(--spacing) * 3);
  }
  .bottom-4 {
    bottom: calc(var(--spacing) * 4);
  }
  .bottom-full {
    bottom: 100%;
  }
  .left-0 {
    left: calc(var(--spacing) * 0);
  }
  .left-\[50\%\] {
    left: 50%;
  }
  .z-10 {
    z-index: 10;
  }
  .z-50 {
    z-index: 50;
  }
  .z-\[100\] {
    z-index: 100;
  }
  .col-1 {
    grid-column: 1;
  }
  .col-11 {
    grid-column: 11;
  }
  .container {
    width: 100%;
    @media (width >= 40rem) {
      max-width: 40rem;
    }
    @media (width >= 48rem) {
      max-width: 48rem;
    }
    @media (width >= 64rem) {
      max-width: 64rem;
    }
    @media (width >= 80rem) {
      max-width: 80rem;
    }
    @media (width >= 96rem) {
      max-width: 96rem;
    }
  }
  .m-5 {
    margin: calc(var(--spacing) * 5);
  }
  .mx-auto {
    margin-inline: auto;
  }
  .mt-1 {
    margin-top: calc(var(--spacing) * 1);
  }
  .mt-2 {
    margin-top: calc(var(--spacing) * 2);
  }
  .mt-3 {
    margin-top: calc(var(--spacing) * 3);
  }
  .mt-4 {
    margin-top: calc(var(--spacing) * 4);
  }
  .mt-6 {
    margin-top: calc(var(--spacing) * 6);
  }
  .mt-8 {
    margin-top: calc(var(--spacing) * 8);
  }
  .mt-16 {
    margin-top: calc(var(--spacing) * 16);
  }
  .mr-2 {
    margin-right: calc(var(--spacing) * 2);
  }
  .mb-1 {
    margin-bottom: calc(var(--spacing) * 1);
  }
  .mb-2 {
    margin-bottom: calc(var(--spacing) * 2);
  }
  .mb-3 {
    margin-bottom: calc(var(--spacing) * 3);
  }
  .mb-4 {
    margin-bottom: calc(var(--spacing) * 4);
  }
  .mb-6 {
    margin-bottom: calc(var(--spacing) * 6);
  }
  .mb-8 {
    margin-bottom: calc(var(--spacing) * 8);
  }
  .ml-2 {
    margin-left: calc(var(--spacing) * 2);
  }
  .ml-10 {
    margin-left: calc(var(--spacing) * 10);
  }
  .ml-12 {
    margin-left: calc(var(--spacing) * 12);
  }
  .block {
    display: block;
  }
  .contents {
    display: contents;
  }
  .flex {
    display: flex;
  }
  .grid {
    display: grid;
  }
  .hidden {
    display: none;
  }
  .inline {
    display: inline;
  }
  .inline-block {
    display: inline-block;
  }
  .inline-flex {
    display: inline-flex;
  }
  .table {
    display: table;
  }
  .h-2\.5 {
    height: calc(var(--spacing) * 2.5);
  }
  .h-3 {
    height: calc(var(--spacing) * 3);
  }
  .h-4 {
    height: calc(var(--spacing) * 4);
  }
  .h-5 {
    height: calc(var(--spacing) * 5);
  }
  .h-8 {
    height: calc(var(--spacing) * 8);
  }
  .h-9 {
    height: calc(var(--spacing) * 9);
  }
  .h-10 {
    height: calc(var(--spacing) * 10);
  }
  .h-12 {
    height: calc(var(--spacing) * 12);
  }
  .h-16 {
    height: calc(var(--spacing) * 16);
  }
  .h-\[600px\] {
    height: 600px;
  }
  .max-h-48 {
    max-height: calc(var(--spacing) * 48);
  }
  .max-h-96 {
    max-height: calc(var(--spacing) * 96);
  }
  .max-h-\[600px\] {
    max-height: 600px;
  }
  .max-h-screen {
    max-height: 100vh;
  }
  .min-h-screen {
    min-height: 100vh;
  }
  .w-2\.5 {
    width: calc(var(--spacing) * 2.5);
  }
  .w-3 {
    width: calc(var(--spacing) * 3);
  }
  .w-4 {
    width: calc(var(--spacing) * 4);
  }
  .w-5 {
    width: calc(var(--spacing) * 5);
  }
  .w-8 {
    width: calc(var(--spacing) * 8);
  }
  .w-9 {
    width: calc(var(--spacing) * 9);
  }
  .w-10 {
    width: calc(var(--spacing) * 10);
  }
  .w-12 {
    width: calc(var(--spacing) * 12);
  }
  .w-16 {
    width: calc(var(--spacing) * 16);
  }
  .w-32 {
    width: calc(var(--spacing) * 32);
  }
  .w-48 {
    width: calc(var(--spacing) * 48);
  }
  .w-96 {
    width: calc(var(--spacing) * 96);
  }
  .w-full {
    width: 100%;
  }
  .max-w-4xl {
    max-width: var(--container-4xl);
  }
  .max-w-5xl {
    max-width: var(--container-5xl);
  }
  .max-w-lg {
    max-width: var(--container-lg);
  }
  .max-w-md {
    max-width: var(--container-md);
  }
  .max-w-none {
    max-width: none;
  }
  .min-w-0 {
    min-width: calc(var(--spacing) * 0);
  }
  .min-w-\[8rem\] {
    min-width: 8rem;
  }
  .flex-1 {
    flex: 1;
  }
  .flex-shrink-0 {
    flex-shrink: 0;
  }
  .shrink-0 {
    flex-shrink: 0;
  }
  .translate-x-\[-50\%\] {
    --tw-translate-x: -50%;
    translate: var(--tw-translate-x) var(--tw-translate-y);
  }
  .translate-y-\[-50\%\] {
    --tw-translate-y: -50%;
    translate: var(--tw-translate-x) var(--tw-translate-y);
  }
  .scale-95 {
    --tw-scale-x: 95%;
    --tw-scale-y: 95%;
    --tw-scale-z: 95%;
    scale: var(--tw-scale-x) var(--tw-scale-y);
  }
  .scale-100 {
    --tw-scale-x: 100%;
    --tw-scale-y: 100%;
    --tw-scale-z: 100%;
    scale: var(--tw-scale-x) var(--tw-scale-y);
  }
  .scale-110 {
    --tw-scale-x: 110%;
    --tw-scale-y: 110%;
    --tw-scale-z: 110%;
    scale: var(--tw-scale-x) var(--tw-scale-y);
  }
  .transform {
    transform: var(--tw-rotate-x,) var(--tw-rotate-y,) var(--tw-rotate-z,) var(--tw-skew-x,) var(--tw-skew-y,);
  }
  .animate-pulse {
    animation: var(--animate-pulse);
  }
  .animate-spin {
    animation: var(--animate-spin);
  }
  .cursor-not-allowed {
    cursor: not-allowed;
  }
  .cursor-pointer {
    cursor: pointer;
  }
  .resize {
    resize: both;
  }
  .resize-none {
    resize: none;
  }
  .appearance-none {
    appearance: none;
  }
  .flex-col {
    flex-direction: column;
  }
  .flex-col-reverse {
    flex-direction: column-reverse;
  }
  .items-center {
    align-items: center;
  }
  .items-start {
    align-items: flex-start;
  }
  .justify-between {
    justify-content: space-between;
  }
  .justify-center {
    justify-content: center;
  }
  .gap-0\.5 {
    gap: calc(var(--spacing) * 0.5);
  }
  .gap-1 {
    gap: calc(var(--spacing) * 1);
  }
  .gap-1\.5 {
    gap: calc(var(--spacing) * 1.5);
  }
  .gap-2 {
    gap: calc(var(--spacing) * 2);
  }
  .gap-3 {
    gap: calc(var(--spacing) * 3);
  }
  .gap-4 {
    gap: calc(var(--spacing) * 4);
  }
  .-space-y-px {
    :where(& > :not(:last-child)) {
      --tw-space-y-reverse: 0;
      margin-block-start: calc(-1px * var(--tw-space-y-reverse));
      margin-block-end: calc(-1px * calc(1 - var(--tw-space-y-reverse)));
    }
  }
  .space-y-1 {
    :where(& > :not(:last-child)) {
      --tw-space-y-reverse: 0;
      margin-block-start: calc(calc(var(--spacing) * 1) * var(--tw-space-y-reverse));
      margin-block-end: calc(calc(var(--spacing) * 1) * calc(1 - var(--tw-space-y-reverse)));
    }
  }
  .space-y-1\.5 {
    :where(& > :not(:last-child)) {
      --tw-space-y-reverse: 0;
      margin-block-start: calc(calc(var(--spacing) * 1.5) * var(--tw-space-y-reverse));
      margin-block-end: calc(calc(var(--spacing) * 1.5) * calc(1 - var(--tw-space-y-reverse)));
    }
  }
  .space-y-2 {
    :where(& > :not(:last-child)) {
      --tw-space-y-reverse: 0;
      margin-block-start: calc(calc(var(--spacing) * 2) * var(--tw-space-y-reverse));
      margin-block-end: calc(calc(var(--spacing) * 2) * calc(1 - var(--tw-space-y-reverse)));
    }
  }
  .space-y-3 {
    :where(& > :not(:last-child)) {
      --tw-space-y-reverse: 0;
      margin-block-start: calc(calc(var(--spacing) * 3) * var(--tw-space-y-reverse));
      margin-block-end: calc(calc(var(--spacing) * 3) * calc(1 - var(--tw-space-y-reverse)));
    }
  }
  .space-y-4 {
    :where(& > :not(:last-child)) {
      --tw-space-y-reverse: 0;
      margin-block-start: calc(calc(var(--spacing) * 4) * var(--tw-space-y-reverse));
      margin-block-end: calc(calc(var(--spacing) * 4) * calc(1 - var(--tw-space-y-reverse)));
    }
  }
  .space-y-6 {
    :where(& > :not(:last-child)) {
      --tw-space-y-reverse: 0;
      margin-block-start: calc(calc(var(--spacing) * 6) * var(--tw-space-y-reverse));
      margin-block-end: calc(calc(var(--spacing) * 6) * calc(1 - var(--tw-space-y-reverse)));
    }
  }
  .space-y-8 {
    :where(& > :not(:last-child)) {
      --tw-space-y-reverse: 0;
      margin-block-start: calc(calc(var(--spacing) * 8) * var(--tw-space-y-reverse));
      margin-block-end: calc(calc(var(--spacing) * 8) * calc(1 - var(--tw-space-y-reverse)));
    }
  }
  .space-x-4 {
    :where(& > :not(:last-child)) {
      --tw-space-x-reverse: 0;
      margin-inline-start: calc(calc(var(--spacing) * 4) * var(--tw-space-x-reverse));
      margin-inline-end: calc(calc(var(--spacing) * 4) * calc(1 - var(--tw-space-x-reverse)));
    }
  }
  .truncate {
    overflow: hidden;
    text-overflow: ellipsis;
    white-space: nowrap;
  }
  .overflow-auto {
    overflow: auto;
  }
  .overflow-hidden {
    overflow: hidden;
  }
  .overflow-x-auto {
    overflow-x: auto;
  }
  .overflow-y-auto {
    overflow-y: auto;
  }
  .rounded {
    border-radius: 0.25rem;
  }
  .rounded-full {
    border-radius: calc(infinity * 1px);
  }
  .rounded-lg {
    border-radius: var(--radius-lg);
  }
  .rounded-md {
    border-radius: var(--radius-md);
  }
  .rounded-sm {
    border-radius: var(--radius-sm);
  }
  .rounded-xl {
    border-radius: var(--radius-xl);
  }
  .border {
    border-style: var(--tw-border-style);
    border-width: 1px;
  }
  .border-2 {
    border-style: var(--tw-border-style);
    border-width: 2px;
  }
  .border-t {
    border-top-style: var(--tw-border-style);
    border-top-width: 1px;
  }
  .border-b {
    border-bottom-style: var(--tw-border-style);
    border-bottom-width: 1px;
  }
  .border-amber-200 {
    border-color: var(--color-amber-200);
  }
  .border-gray-100 {
    border-color: var(--color-gray-100);
  }
  .border-gray-200 {
    border-color: var(--color-gray-200);
  }
  .border-gray-300 {
    border-color: var(--color-gray-300);
  }
  .border-green-500 {
    border-color: var(--color-green-500);
  }
  .border-red-500 {
    border-color: var(--color-red-500);
  }
  .border-transparent {
    border-color: transparent;
  }
  .border-white {
    border-color: var(--color-white);
  }
  .border-t-transparent {
    border-top-color: transparent;
  }
  .bg-amber-100 {
    background-color: var(--color-amber-100);
  }
  .bg-black\/0 {
    background-color: color-mix(in srgb, #000 0%, transparent);
    @supports (color: color-mix(in lab, red, red)) {
      background-color: color-mix(in oklab, var(--color-black) 0%, transparent);
    }
  }
  .bg-black\/50 {
    background-color: color-mix(in srgb, #000 50%, transparent);
    @supports (color: color-mix(in lab, red, red)) {
      background-color: color-mix(in oklab, var(--color-black) 50%, transparent);
    }
  }
  .bg-black\/80 {
    background-color: color-mix(in srgb, #000 80%, transparent);
    @supports (color: color-mix(in lab, red, red)) {
      background-color: color-mix(in oklab, var(--color-black) 80%, transparent);
    }
  }
  .bg-blue-100 {
    background-color: var(--color-blue-100);
  }
  .bg-gray-50 {
    background-color: var(--color-gray-50);
  }
  .bg-gray-100 {
    background-color: var(--color-gray-100);
  }
  .bg-gray-200 {
    background-color: var(--color-gray-200);
  }
  .bg-gray-900 {
    background-color: var(--color-gray-900);
  }
  .bg-green-500 {
    background-color: var(--color-green-500);
  }
  .bg-indigo-600 {
    background-color: var(--color-indigo-600);
  }
  .bg-red-500 {
    background-color: var(--color-red-500);
  }
  .bg-red-600 {
    background-color: var(--color-red-600);
  }
  .bg-transparent {
    background-color: transparent;
  }
  .bg-white {
    background-color: var(--color-white);
  }
  .bg-gradient-to-br {
    --tw-gradient-position: to bottom right in oklab;
    background-image: linear-gradient(var(--tw-gradient-stops));
  }
  .bg-gradient-to-r {
    --tw-gradient-position: to right in oklab;
    background-image: linear-gradient(var(--tw-gradient-stops));
  }
  .from-amber-50 {
    --tw-gradient-from: var(--color-amber-50);
    --tw-gradient-stops: var(--tw-gradient-via-stops, var(--tw-gradient-position), var(--tw-gradient-from) var(--tw-gradient-from-position), var(--tw-gradient-to) var(--tw-gradient-to-position));
  }
  .from-gray-50 {
    --tw-gradient-from: var(--color-gray-50);
    --tw-gradient-stops: var(--tw-gradient-via-stops, var(--tw-gradient-position), var(--tw-gradient-from) var(--tw-gradient-from-position), var(--tw-gradient-to) var(--tw-gradient-to-position));
  }
  .from-gray-700 {
    --tw-gradient-from: var(--color-gray-700);
    --tw-gradient-stops: var(--tw-gradient-via-stops, var(--tw-gradient-position), var(--tw-gradient-from) var(--tw-gradient-from-position), var(--tw-gradient-to) var(--tw-gradient-to-position));
  }
  .to-gray-100 {
    --tw-gradient-to: var(--color-gray-100);
    --tw-gradient-stops: var(--tw-gradient-via-stops, var(--tw-gradient-position), var(--tw-gradient-from) var(--tw-gradient-from-position), var(--tw-gradient-to) var(--tw-gradient-to-position));
  }
  .to-gray-900 {
    --tw-gradient-to: var(--color-gray-900);
    --tw-gradient-stops: var(--tw-gradient-via-stops, var(--tw-gradient-position), var(--tw-gradient-from) var(--tw-gradient-from-position), var(--tw-gradient-to) var(--tw-gradient-to-position));
  }
  .to-yellow-50 {
    --tw-gradient-to: var(--color-yellow-50);
    --tw-gradient-stops: var(--tw-gradient-via-stops, var(--tw-gradient-position), var(--tw-gradient-from) var(--tw-gradient-from-position), var(--tw-gradient-to) var(--tw-gradient-to-position));
  }
  .p-1 {
    padding: calc(var(--spacing) * 1);
  }
  .p-1\.5 {
    padding: calc(var(--spacing) * 1.5);
  }
  .p-2 {
    padding: calc(var(--spacing) * 2);
  }
  .p-2\.5 {
    padding: calc(var(--spacing) * 2.5);
  }
  .p-3 {
    padding: calc(var(--spacing) * 3);
  }
  .p-4 {
    padding: calc(var(--spacing) * 4);
  }
  .p-6 {
    padding: calc(var(--spacing) * 6);
  }
  .p-8 {
    padding: calc(var(--spacing) * 8);
  }
  .px-2 {
    padding-inline: calc(var(--spacing) * 2);
  }
  .px-3 {
    padding-inline: calc(var(--spacing) * 3);
  }
  .px-4 {
    padding-inline: calc(var(--spacing) * 4);
  }
  .px-6 {
    padding-inline: calc(var(--spacing) * 6);
  }
  .px-8 {
    padding-inline: calc(var(--spacing) * 8);
  }
  .py-1 {
    padding-block: calc(var(--spacing) * 1);
  }
  .py-1\.5 {
    padding-block: calc(var(--spacing) * 1.5);
  }
  .py-2 {
    padding-block: calc(var(--spacing) * 2);
  }
  .py-2\.5 {
    padding-block: calc(var(--spacing) * 2.5);
  }
  .py-3 {
    padding-block: calc(var(--spacing) * 3);
  }
  .py-4 {
    padding-block: calc(var(--spacing) * 4);
  }
  .py-8 {
    padding-block: calc(var(--spacing) * 8);
  }
  .py-12 {
    padding-block: calc(var(--spacing) * 12);
  }
  .py-16 {
    padding-block: calc(var(--spacing) * 16);
  }
  .pt-0 {
    padding-top: calc(var(--spacing) * 0);
  }
  .pt-4 {
    padding-top: calc(var(--spacing) * 4);
  }
  .pt-6 {
    padding-top: calc(var(--spacing) * 6);
  }
  .pr-8 {
    padding-right: calc(var(--spacing) * 8);
  }
  .pr-12 {
    padding-right: calc(var(--spacing) * 12);
  }
  .pl-8 {
    padding-left: calc(var(--spacing) * 8);
  }
  .text-center {
    text-align: center;
  }
  .text-end {
    text-align: end;
  }
  .text-left {
    text-align: left;
  }
  .text-right {
    text-align: right;
  }
  .font-mono {
    font-family: var(--font-mono);
  }
  .font-sans {
    font-family: var(--font-sans);
  }
  .text-2xl {
    font-size: var(--text-2xl);
    line-height: var(--tw-leading, var(--text-2xl--line-height));
  }
  .text-3xl {
    font-size: var(--text-3xl);
    line-height: var(--tw-leading, var(--text-3xl--line-height));
  }
  .text-4xl {
    font-size: var(--text-4xl);
    line-height: var(--tw-leading, var(--text-4xl--line-height));
  }
  .text-6xl {
    font-size: var(--text-6xl);
    line-height: var(--tw-leading, var(--text-6xl--line-height));
  }
  .text-base {
    font-size: var(--text-base);
    line-height: var(--tw-leading, var(--text-base--line-height));
  }
  .text-lg {
    font-size: var(--text-lg);
    line-height: var(--tw-leading, var(--text-lg--line-height));
  }
  .text-sm {
    font-size: var(--text-sm);
    line-height: var(--tw-leading, var(--text-sm--line-height));
  }
  .text-xl {
    font-size: var(--text-xl);
    line-height: var(--tw-leading, var(--text-xl--line-height));
  }
  .text-xs {
    font-size: var(--text-xs);
    line-height: var(--tw-leading, var(--text-xs--line-height));
  }
  .leading-none {
    --tw-leading: 1;
    line-height: 1;
  }
  .leading-relaxed {
    --tw-leading: var(--leading-relaxed);
    line-height: var(--leading-relaxed);
  }
  .font-bold {
    --tw-font-weight: var(--font-weight-bold);
    font-weight: var(--font-weight-bold);
  }
  .font-extrabold {
    --tw-font-weight: var(--font-weight-extrabold);
    font-weight: var(--font-weight-extrabold);
  }
  .font-medium {
    --tw-font-weight: var(--font-weight-medium);
    font-weight: var(--font-weight-medium);
  }
  .font-semibold {
    --tw-font-weight: var(--font-weight-semibold);
    font-weight: var(--font-weight-semibold);
  }
  .tracking-tight {
    --tw-tracking: var(--tracking-tight);
    letter-spacing: var(--tracking-tight);
  }
  .whitespace-nowrap {
    white-space: nowrap;
  }
  .whitespace-pre-wrap {
    white-space: pre-wrap;
  }
  .text-amber-800 {
    color: var(--color-amber-800);
  }
  .text-amber-900 {
    color: var(--color-amber-900);
  }
  .text-blue-600 {
    color: var(--color-blue-600);
  }
  .text-gray-300 {
    color: var(--color-gray-300);
  }
  .text-gray-400 {
    color: var(--color-gray-400);
  }
  .text-gray-500 {
    color: var(--color-gray-500);
  }
  .text-gray-600 {
    color: var(--color-gray-600);
  }
  .text-gray-700 {
    color: var(--color-gray-700);
  }
  .text-gray-800 {
    color: var(--color-gray-800);
  }
  .text-gray-900 {
    color: var(--color-gray-900);
  }
  .text-indigo-600 {
    color: var(--color-indigo-600);
  }
  .text-red-500 {
    color: var(--color-red-500);
  }
  .text-red-600 {
    color: var(--color-red-600);
  }
  .text-white {
    color: var(--color-white);
  }
  .text-white\/50 {
    color: color-mix(in srgb, #fff 50%, transparent);
    @supports (color: color-mix(in lab, red, red)) {
      color: color-mix(in oklab, var(--color-white) 50%, transparent);
    }
  }
  .underline {
    text-decoration-line: underline;
  }
  .underline-offset-4 {
    text-underline-offset: 4px;
  }
  .antialiased {
    -webkit-font-smoothing: antialiased;
    -moz-osx-font-smoothing: grayscale;
  }
  .placeholder-gray-500 {
    &::placeholder {
      color: var(--color-gray-500);
    }
  }
  .opacity-0 {
    opacity: 0%;
  }
  .opacity-50 {
    opacity: 50%;
  }
  .opacity-90 {
    opacity: 90%;
  }
  .opacity-100 {
    opacity: 100%;
  }
  .shadow {
    --tw-shadow: 0 1px 3px 0 var(--tw-shadow-color, rgb(0 0 0 / 0.1)), 0 1px 2px -1px var(--tw-shadow-color, rgb(0 0 0 / 0.1));
    box-shadow: var(--tw-inset-shadow), var(--tw-inset-ring-shadow), var(--tw-ring-offset-shadow), var(--tw-ring-shadow), var(--tw-shadow);
  }
  .shadow-lg {
    --tw-shadow: 0 10px 15px -3px var(--tw-shadow-color, rgb(0 0 0 / 0.1)), 0 4px 6px -4px var(--tw-shadow-color, rgb(0 0 0 / 0.1));
    box-shadow: var(--tw-inset-shadow), var(--tw-inset-ring-shadow), var(--tw-ring-offset-shadow), var(--tw-ring-shadow), var(--tw-shadow);
  }
  .shadow-md {
    --tw-shadow: 0 4px 6px -1px var(--tw-shadow-color, rgb(0 0 0 / 0.1)), 0 2px 4px -2px var(--tw-shadow-color, rgb(0 0 0 / 0.1));
    box-shadow: var(--tw-inset-shadow), var(--tw-inset-ring-shadow), var(--tw-ring-offset-shadow), var(--tw-ring-shadow), var(--tw-shadow);
  }
  .shadow-sm {
    --tw-shadow: 0 1px 3px 0 var(--tw-shadow-color, rgb(0 0 0 / 0.1)), 0 1px 2px -1px var(--tw-shadow-color, rgb(0 0 0 / 0.1));
    box-shadow: var(--tw-inset-shadow), var(--tw-inset-ring-shadow), var(--tw-ring-offset-shadow), var(--tw-ring-shadow), var(--tw-shadow);
  }
  .shadow-xl {
    --tw-shadow: 0 20px 25px -5px var(--tw-shadow-color, rgb(0 0 0 / 0.1)), 0 8px 10px -6px var(--tw-shadow-color, rgb(0 0 0 / 0.1));
    box-shadow: var(--tw-inset-shadow), var(--tw-inset-ring-shadow), var(--tw-ring-offset-shadow), var(--tw-ring-shadow), var(--tw-shadow);
  }
  .ring-offset-white {
    --tw-ring-offset-color: var(--color-white);
  }
  .outline {
    outline-style: var(--tw-outline-style);
    outline-width: 1px;
  }
  .blur {
    --tw-blur: blur(8px);
    filter: var(--tw-blur,) var(--tw-brightness,) var(--tw-contrast,) var(--tw-grayscale,) var(--tw-hue-rotate,) var(--tw-invert,) var(--tw-saturate,) var(--tw-sepia,) var(--tw-drop-shadow,);
  }
  .invert {
    --tw-invert: invert(100%);
    filter: var(--tw-blur,) var(--tw-brightness,) var(--tw-contrast,) var(--tw-grayscale,) var(--tw-hue-rotate,) var(--tw-invert,) var(--tw-saturate,) var(--tw-sepia,) var(--tw-drop-shadow,);
  }
  .filter {
    filter: var(--tw-blur,) var(--tw-brightness,) var(--tw-contrast,) var(--tw-grayscale,) var(--tw-hue-rotate,) var(--tw-invert,) var(--tw-saturate,) var(--tw-sepia,) var(--tw-drop-shadow,);
  }
  .transition {
    transition-property: color, background-color, border-color, outline-color, text-decoration-color, fill, stroke, --tw-gradient-from, --tw-gradient-via, --tw-gradient-to, opacity, box-shadow, transform, translate, scale, rotate, filter, -webkit-backdrop-filter, backdrop-filter, display, content-visibility, overlay, pointer-events;
    transition-timing-function: var(--tw-ease, var(--default-transition-timing-function));
    transition-duration: var(--tw-duration, var(--default-transition-duration));
  }
  .transition-all {
    transition-property: all;
    transition-timing-function: var(--tw-ease, var(--default-transition-timing-function));
    transition-duration: var(--tw-duration, var(--default-transition-duration));
  }
  .transition-colors {
    transition-property: color, background-color, border-color, outline-color, text-decoration-color, fill, stroke, --tw-gradient-from, --tw-gradient-via, --tw-gradient-to;
    transition-timing-function: var(--tw-ease, var(--default-transition-timing-function));
    transition-duration: var(--tw-duration, var(--default-transition-duration));
  }
  .transition-opacity {
    transition-property: opacity;
    transition-timing-function: var(--tw-ease, var(--default-transition-timing-function));
    transition-duration: var(--tw-duration, var(--default-transition-duration));
  }
  .transition-shadow {
    transition-property: box-shadow;
    transition-timing-function: var(--tw-ease, var(--default-transition-timing-function));
    transition-duration: var(--tw-duration, var(--default-transition-duration));
  }
  .duration-200 {
    --tw-duration: 200ms;
    transition-duration: 200ms;
  }
  .ease-out {
    --tw-ease: var(--ease-out);
    transition-timing-function: var(--ease-out);
  }
  .outline-none {
    --tw-outline-style: none;
    outline-style: none;
  }
  .select-none {
    -webkit-user-select: none;
    user-select: none;
  }
  .\[program\:laravel-worker\] {
    program: laravel-worker;
  }
  .group-hover\:opacity-100 {
    &:is(:where(.group):hover *) {
      @media (hover: hover) {
        opacity: 100%;
      }
    }
  }
  .hover\:scale-105 {
    &:hover {
      @media (hover: hover) {
        --tw-scale-x: 105%;
        --tw-scale-y: 105%;
        --tw-scale-z: 105%;
        scale: var(--tw-scale-x) var(--tw-scale-y);
      }
    }
  }
  .hover\:scale-125 {
    &:hover {
      @media (hover: hover) {
        --tw-scale-x: 125%;
        --tw-scale-y: 125%;
        --tw-scale-z: 125%;
        scale: var(--tw-scale-x) var(--tw-scale-y);
      }
    }
  }
  .hover\:bg-gray-50 {
    &:hover {
      @media (hover: hover) {
        background-color: var(--color-gray-50);
      }
    }
  }
  .hover\:bg-gray-100 {
    &:hover {
      @media (hover: hover) {
        background-color: var(--color-gray-100);
      }
    }
  }
  .hover\:bg-gray-200 {
    &:hover {
      @media (hover: hover) {
        background-color: var(--color-gray-200);
      }
    }
  }
  .hover\:bg-gray-800 {
    &:hover {
      @media (hover: hover) {
        background-color: var(--color-gray-800);
      }
    }
  }
  .hover\:bg-indigo-700 {
    &:hover {
      @media (hover: hover) {
        background-color: var(--color-indigo-700);
      }
    }
  }
  .hover\:bg-red-700 {
    &:hover {
      @media (hover: hover) {
        background-color: var(--color-red-700);
      }
    }
  }
  .hover\:text-amber-900 {
    &:hover {
      @media (hover: hover) {
        color: var(--color-amber-900);
      }
    }
  }
  .hover\:text-blue-600 {
    &:hover {
      @media (hover: hover) {
        color: var(--color-blue-600);
      }
    }
  }
  .hover\:text-gray-900 {
    &:hover {
      @media (hover: hover) {
        color: var(--color-gray-900);
      }
    }
  }
  .hover\:text-white {
    &:hover {
      @media (hover: hover) {
        color: var(--color-white);
      }
    }
  }
  .hover\:underline {
    &:hover {
      @media (hover: hover) {
        text-decoration-line: underline;
      }
    }
  }
  .hover\:shadow-md {
    &:hover {
      @media (hover: hover) {
        --tw-shadow: 0 4px 6px -1px var(--tw-shadow-color, rgb(0 0 0 / 0.1)), 0 2px 4px -2px var(--tw-shadow-color, rgb(0 0 0 / 0.1));
        box-shadow: var(--tw-inset-shadow), var(--tw-inset-ring-shadow), var(--tw-ring-offset-shadow), var(--tw-ring-shadow), var(--tw-shadow);
      }
    }
  }
  .hover\:ring-2 {
    &:hover {
      @media (hover: hover) {
        --tw-ring-shadow: var(--tw-ring-inset,) 0 0 0 calc(2px + var(--tw-ring-offset-width)) var(--tw-ring-color, currentcolor);
        box-shadow: var(--tw-inset-shadow), var(--tw-inset-ring-shadow), var(--tw-ring-offset-shadow), var(--tw-ring-shadow), var(--tw-shadow);
      }
    }
  }
  .hover\:ring-gray-900 {
    &:hover {
      @media (hover: hover) {
        --tw-ring-color: var(--color-gray-900);
      }
    }
  }
  .hover\:ring-offset-1 {
    &:hover {
      @media (hover: hover) {
        --tw-ring-offset-width: 1px;
        --tw-ring-offset-shadow: var(--tw-ring-inset,) 0 0 0 var(--tw-ring-offset-width) var(--tw-ring-offset-color);
      }
    }
  }
  .hover\:ring-offset-2 {
    &:hover {
      @media (hover: hover) {
        --tw-ring-offset-width: 2px;
        --tw-ring-offset-shadow: var(--tw-ring-inset,) 0 0 0 var(--tw-ring-offset-width) var(--tw-ring-offset-color);
      }
    }
  }
  .focus\:z-10 {
    &:focus {
      z-index: 10;
    }
  }
  .focus\:border-indigo-500 {
    &:focus {
      border-color: var(--color-indigo-500);
    }
  }
  .focus\:border-transparent {
    &:focus {
      border-color: transparent;
    }
  }
  .focus\:opacity-100 {
    &:focus {
      opacity: 100%;
    }
  }
  .focus\:ring-2 {
    &:focus {
      --tw-ring-shadow: var(--tw-ring-inset,) 0 0 0 calc(2px + var(--tw-ring-offset-width)) var(--tw-ring-color, currentcolor);
      box-shadow: var(--tw-inset-shadow), var(--tw-inset-ring-shadow), var(--tw-ring-offset-shadow), var(--tw-ring-shadow), var(--tw-shadow);
    }
  }
  .focus\:ring-gray-900 {
    &:focus {
      --tw-ring-color: var(--color-gray-900);
    }
  }
  .focus\:ring-indigo-500 {
    &:focus {
      --tw-ring-color: var(--color-indigo-500);
    }
  }
  .focus\:ring-offset-2 {
    &:focus {
      --tw-ring-offset-width: 2px;
      --tw-ring-offset-shadow: var(--tw-ring-inset,) 0 0 0 var(--tw-ring-offset-width) var(--tw-ring-offset-color);
    }
  }
  .focus\:outline-none {
    &:focus {
      --tw-outline-style: none;
      outline-style: none;
    }
  }
  .focus-visible\:ring-1 {
    &:focus-visible {
      --tw-ring-shadow: var(--tw-ring-inset,) 0 0 0 calc(1px + var(--tw-ring-offset-width)) var(--tw-ring-color, currentcolor);
      box-shadow: var(--tw-inset-shadow), var(--tw-inset-ring-shadow), var(--tw-ring-offset-shadow), var(--tw-ring-shadow), var(--tw-shadow);
    }
  }
  .focus-visible\:outline-none {
    &:focus-visible {
      --tw-outline-style: none;
      outline-style: none;
    }
  }
  .active\:bg-gray-200 {
    &:active {
      background-color: var(--color-gray-200);
    }
  }
  .disabled\:pointer-events-none {
    &:disabled {
      pointer-events: none;
    }
  }
  .disabled\:cursor-not-allowed {
    &:disabled {
      cursor: not-allowed;
    }
  }
  .disabled\:opacity-50 {
    &:disabled {
      opacity: 50%;
    }
  }
  .data-\[disabled\]\:pointer-events-none {
    &[data-disabled] {
      pointer-events: none;
    }
  }
  .data-\[disabled\]\:opacity-50 {
    &[data-disabled] {
      opacity: 50%;
    }
  }
  .data-\[swipe\=cancel\]\:translate-x-0 {
    &[data-swipe="cancel"] {
      --tw-translate-x: calc(var(--spacing) * 0);
      translate: var(--tw-translate-x) var(--tw-translate-y);
    }
  }
  .data-\[swipe\=end\]\:translate-x-\[var\(--radix-toast-swipe-end-x\)\] {
    &[data-swipe="end"] {
      --tw-translate-x: var(--radix-toast-swipe-end-x);
      translate: var(--tw-translate-x) var(--tw-translate-y);
    }
  }
  .data-\[swipe\=move\]\:translate-x-\[var\(--radix-toast-swipe-move-x\)\] {
    &[data-swipe="move"] {
      --tw-translate-x: var(--radix-toast-swipe-move-x);
      translate: var(--tw-translate-x) var(--tw-translate-y);
    }
  }
  .data-\[swipe\=move\]\:transition-none {
    &[data-swipe="move"] {
      transition-property: none;
    }
  }
  .sm\:top-auto {
    @media (width >= 40rem) {
      top: auto;
    }
  }
  .sm\:right-0 {
    @media (width >= 40rem) {
      right: calc(var(--spacing) * 0);
    }
  }
  .sm\:bottom-0 {
    @media (width >= 40rem) {
      bottom: calc(var(--spacing) * 0);
    }
  }
  .sm\:mt-0 {
    @media (width >= 40rem) {
      margin-top: calc(var(--spacing) * 0);
    }
  }
  .sm\:flex-col {
    @media (width >= 40rem) {
      flex-direction: column;
    }
  }
  .sm\:flex-row {
    @media (width >= 40rem) {
      flex-direction: row;
    }
  }
  .sm\:justify-end {
    @media (width >= 40rem) {
      justify-content: flex-end;
    }
  }
  .sm\:space-x-2 {
    @media (width >= 40rem) {
      :where(& > :not(:last-child)) {
        --tw-space-x-reverse: 0;
        margin-inline-start: calc(calc(var(--spacing) * 2) * var(--tw-space-x-reverse));
        margin-inline-end: calc(calc(var(--spacing) * 2) * calc(1 - var(--tw-space-x-reverse)));
      }
    }
  }
  .sm\:rounded-lg {
    @media (width >= 40rem) {
      border-radius: var(--radius-lg);
    }
  }
  .sm\:px-6 {
    @media (width >= 40rem) {
      padding-inline: calc(var(--spacing) * 6);
    }
  }
  .sm\:text-left {
    @media (width >= 40rem) {
      text-align: left;
    }
  }
  .sm\:text-sm {
    @media (width >= 40rem) {
      font-size: var(--text-sm);
      line-height: var(--tw-leading, var(--text-sm--line-height));
    }
  }
  .md\:max-w-\[420px\] {
    @media (width >= 48rem) {
      max-width: 420px;
    }
  }
  .lg\:px-8 {
    @media (width >= 64rem) {
      padding-inline: calc(var(--spacing) * 8);
    }
  }
  .\[\&_svg\]\:pointer-events-none {
    & svg {
      pointer-events: none;
    }
  }
  .\[\&_svg\]\:size-4 {
    & svg {
      width: calc(var(--spacing) * 4);
      height: calc(var(--spacing) * 4);
    }
  }
  .\[\&_svg\]\:shrink-0 {
    & svg {
      flex-shrink: 0;
    }
  }
}
@property --tw-translate-x {
  syntax: "*";
  inherits: false;
  initial-value: 0;
}
@property --tw-translate-y {
  syntax: "*";
  inherits: false;
  initial-value: 0;
}
@property --tw-translate-z {
  syntax: "*";
  inherits: false;
  initial-value: 0;
}
@property --tw-scale-x {
  syntax: "*";
  inherits: false;
  initial-value: 1;
}
@property --tw-scale-y {
  syntax: "*";
  inherits: false;
  initial-value: 1;
}
@property --tw-scale-z {
  syntax: "*";
  inherits: false;
  initial-value: 1;
}
@property --tw-rotate-x {
  syntax: "*";
  inherits: false;
}
@property --tw-rotate-y {
  syntax: "*";
  inherits: false;
}
@property --tw-rotate-z {
  syntax: "*";
  inherits: false;
}
@property --tw-skew-x {
  syntax: "*";
  inherits: false;
}
@property --tw-skew-y {
  syntax: "*";
  inherits: false;
}
@property --tw-space-y-reverse {
  syntax: "*";
  inherits: false;
  initial-value: 0;
}
@property --tw-space-x-reverse {
  syntax: "*";
  inherits: false;
  initial-value: 0;
}
@property --tw-border-style {
  syntax: "*";
  inherits: false;
  initial-value: solid;
}
@property --tw-gradient-position {
  syntax: "*";
  inherits: false;
}
@property --tw-gradient-from {
  syntax: "<color>";
  inherits: false;
  initial-value: #0000;
}
@property --tw-gradient-via {
  syntax: "<color>";
  inherits: false;
  initial-value: #0000;
}
@property --tw-gradient-to {
  syntax: "<color>";
  inherits: false;
  initial-value: #0000;
}
@property --tw-gradient-stops {
  syntax: "*";
  inherits: false;
}
@property --tw-gradient-via-stops {
  syntax: "*";
  inherits: false;
}
@property --tw-gradient-from-position {
  syntax: "<length-percentage>";
  inherits: false;
  initial-value: 0%;
}
@property --tw-gradient-via-position {
  syntax: "<length-percentage>";
  inherits: false;
  initial-value: 50%;
}
@property --tw-gradient-to-position {
  syntax: "<length-percentage>";
  inherits: false;
  initial-value: 100%;
}
@property --tw-leading {
  syntax: "*";
  inherits: false;
}
@property --tw-font-weight {
  syntax: "*";
  inherits: false;
}
@property --tw-tracking {
  syntax: "*";
  inherits: false;
}
@property --tw-shadow {
  syntax: "*";
  inherits: false;
  initial-value: 0 0 #0000;
}
@property --tw-shadow-color {
  syntax: "*";
  inherits: false;
}
@property --tw-shadow-alpha {
  syntax: "<percentage>";
  inherits: false;
  initial-value: 100%;
}
@property --tw-inset-shadow {
  syntax: "*";
  inherits: false;
  initial-value: 0 0 #0000;
}
@property --tw-inset-shadow-color {
  syntax: "*";
  inherits: false;
}
@property --tw-inset-shadow-alpha {
  syntax: "<percentage>";
  inherits: false;
  initial-value: 100%;
}
@property --tw-ring-color {
  syntax: "*";
  inherits: false;
}
@property --tw-ring-shadow {
  syntax: "*";
  inherits: false;
  initial-value: 0 0 #0000;
}
@property --tw-inset-ring-color {
  syntax: "*";
  inherits: false;
}
@property --tw-inset-ring-shadow {
  syntax: "*";
  inherits: false;
  initial-value: 0 0 #0000;
}
@property --tw-ring-inset {
  syntax: "*";
  inherits: false;
}
@property --tw-ring-offset-width {
  syntax: "<length>";
  inherits: false;
  initial-value: 0px;
}
@property --tw-ring-offset-color {
  syntax: "*";
  inherits: false;
  initial-value: #fff;
}
@property --tw-ring-offset-shadow {
  syntax: "*";
  inherits: false;
  initial-value: 0 0 #0000;
}
@property --tw-outline-style {
  syntax: "*";
  inherits: false;
  initial-value: solid;
}
@property --tw-blur {
  syntax: "*";
  inherits: false;
}
@property --tw-brightness {
  syntax: "*";
  inherits: false;
}
@property --tw-contrast {
  syntax: "*";
  inherits: false;
}
@property --tw-grayscale {
  syntax: "*";
  inherits: false;
}
@property --tw-hue-rotate {
  syntax: "*";
  inherits: false;
}
@property --tw-invert {
  syntax: "*";
  inherits: false;
}
@property --tw-opacity {
  syntax: "*";
  inherits: false;
}
@property --tw-saturate {
  syntax: "*";
  inherits: false;
}
@property --tw-sepia {
  syntax: "*";
  inherits: false;
}
@property --tw-drop-shadow {
  syntax: "*";
  inherits: false;
}
@property --tw-drop-shadow-color {
  syntax: "*";
  inherits: false;
}
@property --tw-drop-shadow-alpha {
  syntax: "<percentage>";
  inherits: false;
  initial-value: 100%;
}
@property --tw-drop-shadow-size {
  syntax: "*";
  inherits: false;
}
@property --tw-duration {
  syntax: "*";
  inherits: false;
}
@property --tw-ease {
  syntax: "*";
  inherits: false;
}
@keyframes spin {
  to {
    transform: rotate(360deg);
  }
}
@keyframes pulse {
  50% {
    opacity: 0.5;
  }
}
@layer properties {
  @supports ((-webkit-hyphens: none) and (not (margin-trim: inline))) or ((-moz-orient: inline) and (not (color:rgb(from red r g b)))) {
    *, ::before, ::after, ::backdrop {
      --tw-translate-x: 0;
      --tw-translate-y: 0;
      --tw-translate-z: 0;
      --tw-scale-x: 1;
      --tw-scale-y: 1;
      --tw-scale-z: 1;
      --tw-rotate-x: initial;
      --tw-rotate-y: initial;
      --tw-rotate-z: initial;
      --tw-skew-x: initial;
      --tw-skew-y: initial;
      --tw-space-y-reverse: 0;
      --tw-space-x-reverse: 0;
      --tw-border-style: solid;
      --tw-gradient-position: initial;
      --tw-gradient-from: #0000;
      --tw-gradient-via: #0000;
      --tw-gradient-to: #0000;
      --tw-gradient-stops: initial;
      --tw-gradient-via-stops: initial;
      --tw-gradient-from-position: 0%;
      --tw-gradient-via-position: 50%;
      --tw-gradient-to-position: 100%;
      --tw-leading: initial;
      --tw-font-weight: initial;
      --tw-tracking: initial;
      --tw-shadow: 0 0 #0000;
      --tw-shadow-color: initial;
      --tw-shadow-alpha: 100%;
      --tw-inset-shadow: 0 0 #0000;
      --tw-inset-shadow-color: initial;
      --tw-inset-shadow-alpha: 100%;
      --tw-ring-color: initial;
      --tw-ring-shadow: 0 0 #0000;
      --tw-inset-ring-color: initial;
      --tw-inset-ring-shadow: 0 0 #0000;
      --tw-ring-inset: initial;
      --tw-ring-offset-width: 0px;
      --tw-ring-offset-color: #fff;
      --tw-ring-offset-shadow: 0 0 #0000;
      --tw-outline-style: solid;
      --tw-blur: initial;
      --tw-brightness: initial;
      --tw-contrast: initial;
      --tw-grayscale: initial;
      --tw-hue-rotate: initial;
      --tw-invert: initial;
      --tw-opacity: initial;
      --tw-saturate: initial;
      --tw-sepia: initial;
      --tw-drop-shadow: initial;
      --tw-drop-shadow-color: initial;
      --tw-drop-shadow-alpha: 100%;
      --tw-drop-shadow-size: initial;
      --tw-duration: initial;
      --tw-ease: initial;
    }
  }
}
</style><style>
    #nprogress {
      pointer-events: none;
    }

    #nprogress .bar {
      background: #4B5563;

      position: fixed;
      z-index: 1031;
      top: 0;
      left: 0;

      width: 100%;
      height: 2px;
    }

    #nprogress .peg {
      display: block;
      position: absolute;
      right: 0px;
      width: 100px;
      height: 100%;
      box-shadow: 0 0 10px #4B5563, 0 0 5px #4B5563;
      opacity: 1.0;

      transform: rotate(3deg) translate(0px, -4px);
    }

    #nprogress .spinner {
      display: block;
      position: fixed;
      z-index: 1031;
      top: 15px;
      right: 15px;
    }

    #nprogress .spinner-icon {
      width: 18px;
      height: 18px;
      box-sizing: border-box;

      border: solid 2px transparent;
      border-top-color: #4B5563;
      border-left-color: #4B5563;
      border-radius: 50%;

      animation: nprogress-spinner 400ms linear infinite;
    }

    .nprogress-custom-parent {
      overflow: hidden;
      position: relative;
    }

    .nprogress-custom-parent #nprogress .spinner,
    .nprogress-custom-parent #nprogress .bar {
      position: absolute;
    }

    @keyframes nprogress-spinner {
      0%   { transform: rotate(0deg); }
      100% { transform: rotate(360deg); }
    }
  </style></head>

<body class="font-sans antialiased" style="margin-bottom: 32px;">
    <div id="app" data-page="{&quot;component&quot;:&quot;Auth\/Login&quot;,&quot;props&quot;:[],&quot;url&quot;:&quot;\/login&quot;,&quot;version&quot;:&quot;&quot;,&quot;clearHistory&quot;:false,&quot;encryptHistory&quot;:false}"><div class="min-h-screen bg-gradient-to-br from-gray-50 to-gray-100"><header class="bg-white border-b border-gray-200 sticky top-0 z-10 shadow-sm"><div class="max-w-5xl mx-auto px-4 py-4"><div class="flex items-center justify-between"><div><h1 class="text-2xl font-bold text-gray-900">Reactions Demo</h1><p class="text-sm text-gray-500 mt-1">Facebook-like reaction system</p></div><a class="inline-flex items-center gap-2 px-6 py-2.5 text-sm font-medium text-white bg-gray-900 hover:bg-gray-800 rounded-lg transition-colors shadow-sm" href="/login"><svg xmlns="http://www.w3.org/2000/svg" width="24" height="24" viewBox="0 0 24 24" fill="none" stroke="currentColor" stroke-width="2" stroke-linecap="round" stroke-linejoin="round" class="lucide lucide-user w-4 h-4" aria-hidden="true"><path d="M19 21v-2a4 4 0 0 0-4-4H9a4 4 0 0 0-4 4v2"></path><circle cx="12" cy="7" r="4"></circle></svg>Login to React</a></div></div></header><main class="max-w-5xl mx-auto px-4 py-8"><div class="mb-8 p-6 bg-gradient-to-r from-amber-50 to-yellow-50 border border-amber-200 rounded-xl shadow-sm"><div class="flex items-start gap-4"><div class="flex-shrink-0 w-10 h-10 bg-amber-100 rounded-full flex items-center justify-center"><span class="text-xl">💡</span></div><div><h3 class="text-sm font-semibold text-amber-900 mb-1">Login Required</h3><p class="text-sm text-amber-800">You need to be logged in to add reactions to posts. <a class="underline font-medium hover:text-amber-900" href="/login">Click here to login</a></p></div></div></div><div class="space-y-6"><article class="bg-white rounded-xl shadow-sm border border-gray-200 overflow-hidden hover:shadow-md transition-shadow"><div class="p-6"><h2 class="text-xl font-bold text-gray-900 mb-3">Welcome to Our Reaction System!</h2><p class="text-gray-600 leading-relaxed mb-6">This is a demonstration of our Facebook-like reaction system. Hover over the Like button to see all available reactions! You can express yourself with 👍 Like, ❤️ Love, 😂 Haha, 😮 Wow, 😢 Sad, or 😠 Angry.</p><div class="pt-4 border-t border-gray-100"><div class="flex items-center gap-3"><button data-testid="reaction-button-like" class="
                            group inline-flex items-center gap-1.5 px-3 py-1.5 rounded-md font-medium text-sm transition-all duration-200
                            bg-gray-900 text-white hover:bg-gray-800 shadow-sm
                            cursor-pointer hover:scale-105
                        " type="button" id="radix-_r_0_" aria-haspopup="menu" aria-expanded="false" data-state="closed"><span class="text-base">👍</span><span class="font-medium text-sm">Like</span></button><div class="flex items-center gap-1.5"><button data-testid="reaction-count-haha" class="
                                    inline-flex items-center gap-1 px-2 py-1 rounded-full text-xs font-medium transition-all
                                    bg-gray-100 text-gray-700 hover:bg-gray-200
                                    cursor-pointer hover:scale-105
                                "><span class="text-base">😂</span><span>13</span></button><button data-testid="reaction-count-love" class="
                                    inline-flex items-center gap-1 px-2 py-1 rounded-full text-xs font-medium transition-all
                                    bg-gray-100 text-gray-700 hover:bg-gray-200
                                    cursor-pointer hover:scale-105
                                "><span class="text-base">❤️</span><span>11</span></button><button data-testid="reaction-count-angry" class="
                                    inline-flex items-center gap-1 px-2 py-1 rounded-full text-xs font-medium transition-all
                                    bg-gray-100 text-gray-700 hover:bg-gray-200
                                    cursor-pointer hover:scale-105
                                "><span class="text-base">😠</span><span>8</span></button><button data-testid="reaction-count-like" class="
                                    inline-flex items-center gap-1 px-2 py-1 rounded-full text-xs font-medium transition-all
                                    bg-gray-900 text-white shadow-sm
                                    cursor-pointer hover:scale-105
                                "><span class="text-base">👍</span><span>7</span></button><button data-testid="reaction-count-sad" class="
                                    inline-flex items-center gap-1 px-2 py-1 rounded-full text-xs font-medium transition-all
                                    bg-gray-100 text-gray-700 hover:bg-gray-200
                                    cursor-pointer hover:scale-105
                                "><span class="text-base">😢</span><span>6</span></button><button data-testid="reaction-count-wow" class="
                                    inline-flex items-center gap-1 px-2 py-1 rounded-full text-xs font-medium transition-all
                                    bg-gray-100 text-gray-700 hover:bg-gray-200
                                    cursor-pointer hover:scale-105
                                "><span class="text-base">😮</span><span>5</span></button><button class="p-1.5 hover:bg-gray-100 rounded-full transition-colors" title="See who reacted"><svg xmlns="http://www.w3.org/2000/svg" width="24" height="24" viewBox="0 0 24 24" fill="none" stroke="currentColor" stroke-width="2" stroke-linecap="round" stroke-linejoin="round" class="lucide lucide-chevron-down w-4 h-4 text-gray-600" aria-hidden="true"><path d="m6 9 6 6 6-6"></path></svg></button></div></div></div><div class="pt-6 border-t border-gray-100 mt-6"><div class="space-y-3"><div class="flex items-center justify-between"><div class="flex items-center gap-2"><svg xmlns="http://www.w3.org/2000/svg" width="24" height="24" viewBox="0 0 24 24" fill="none" stroke="currentColor" stroke-width="2" stroke-linecap="round" stroke-linejoin="round" class="lucide lucide-message-square w-4 h-4 text-gray-600" aria-hidden="true"><path d="M22 17a2 2 0 0 1-2 2H6.828a2 2 0 0 0-1.414.586l-2.202 2.202A.71.71 0 0 1 2 21.286V5a2 2 0 0 1 2-2h16a2 2 0 0 1 2 2z"></path></svg><h3 class="text-base font-semibold text-gray-900">Comments (36)</h3></div><button data-testid="add-comment-button" class="px-3 py-1.5 text-sm font-medium text-white bg-gray-900 rounded-md hover:bg-gray-800 transition-colors">Add Comment</button></div><div class="space-y-2"><div class=""><div class="bg-white rounded-md border border-gray-200 p-3"><div class="flex items-start justify-between mb-2"><div class="flex items-center gap-2"><div class="w-8 h-8 bg-gradient-to-br from-gray-700 to-gray-900 rounded-full flex items-center justify-center text-white font-semibold text-sm flex-shrink-0 cursor-pointer hover:ring-2 hover:ring-gray-900 hover:ring-offset-1 transition-all">T</div><div><div class="flex items-center gap-1.5"><span class="text-sm font-semibold text-gray-900 cursor-pointer hover:underline">Test User</span></div><span class="text-xs text-gray-500">Nov 30, 2025, 07:57 PM</span></div></div><button class="p-1 hover:bg-gray-100 rounded-full transition-colors" type="button" id="radix-_r_2_" aria-haspopup="menu" aria-expanded="false" data-state="closed"><svg xmlns="http://www.w3.org/2000/svg" width="24" height="24" viewBox="0 0 24 24" fill="none" stroke="currentColor" stroke-width="2" stroke-linecap="round" stroke-linejoin="round" class="lucide lucide-ellipsis-vertical w-4 h-4 text-gray-600" aria-hidden="true"><circle cx="12" cy="12" r="1"></circle><circle cx="12" cy="5" r="1"></circle><circle cx="12" cy="19" r="1"></circle></svg></button></div><p class="text-sm text-gray-800 whitespace-pre-wrap mb-2">Test comment 1764518241645</p><div class="flex items-center gap-3"><div class="flex items-center gap-3"><button data-testid="reaction-button-like" class="
                            group inline-flex items-center gap-1.5 px-3 py-1.5 rounded-md font-medium text-sm transition-all duration-200
                            bg-white text-gray-700 hover:bg-gray-50 border border-gray-300
                            cursor-pointer hover:scale-105
                        " type="button" id="radix-_r_4_" aria-haspopup="menu" aria-expanded="false" data-state="closed"><span class="text-base">👍</span><span class="font-medium text-sm">Like</span></button></div><button data-testid="reply-button" class="flex items-center gap-1 text-sm text-gray-600 hover:text-gray-900 transition-colors"><svg xmlns="http://www.w3.org/2000/svg" width="24" height="24" viewBox="0 0 24 24" fill="none" stroke="currentColor" stroke-width="2" stroke-linecap="round" stroke-linejoin="round" class="lucide lucide-reply w-4 h-4" aria-hidden="true"><path d="M20 18v-2a4 4 0 0 0-4-4H4"></path><path d="m9 17-5-5 5-5"></path></svg>Reply</button></div></div></div><div class=""><div class="bg-white rounded-md border border-gray-200 p-3"><div class="flex items-start justify-between mb-2"><div class="flex items-center gap-2"><div class="w-8 h-8 bg-gradient-to-br from-gray-700 to-gray-900 rounded-full flex items-center justify-center text-white font-semibold text-sm flex-shrink-0 cursor-pointer hover:ring-2 hover:ring-gray-900 hover:ring-offset-1 transition-all">T</div><div><div class="flex items-center gap-1.5"><span class="text-sm font-semibold text-gray-900 cursor-pointer hover:underline">Test User</span></div><span class="text-xs text-gray-500">Nov 30, 2025, 07:54 PM</span></div></div><button class="p-1 hover:bg-gray-100 rounded-full transition-colors" type="button" id="radix-_r_9_" aria-haspopup="menu" aria-expanded="false" data-state="closed"><svg xmlns="http://www.w3.org/2000/svg" width="24" height="24" viewBox="0 0 24 24" fill="none" stroke="currentColor" stroke-width="2" stroke-linecap="round" stroke-linejoin="round" class="lucide lucide-ellipsis-vertical w-4 h-4 text-gray-600" aria-hidden="true"><circle cx="12" cy="12" r="1"></circle><circle cx="12" cy="5" r="1"></circle><circle cx="12" cy="19" r="1"></circle></svg></button></div><p class="text-sm text-gray-800 whitespace-pre-wrap mb-2">Test comment 1764518097186</p><div class="flex items-center gap-3"><div class="flex items-center gap-3"><button data-testid="reaction-button-like" class="
                            group inline-flex items-center gap-1.5 px-3 py-1.5 rounded-md font-medium text-sm transition-all duration-200
                            bg-white text-gray-700 hover:bg-gray-50 border border-gray-300
                            cursor-pointer hover:scale-105
                        " type="button" id="radix-_r_b_" aria-haspopup="menu" aria-expanded="false" data-state="closed"><span class="text-base">👍</span><span class="font-medium text-sm">Like</span></button></div><button data-testid="reply-button" class="flex items-center gap-1 text-sm text-gray-600 hover:text-gray-900 transition-colors"><svg xmlns="http://www.w3.org/2000/svg" width="24" height="24" viewBox="0 0 24 24" fill="none" stroke="currentColor" stroke-width="2" stroke-linecap="round" stroke-linejoin="round" class="lucide lucide-reply w-4 h-4" aria-hidden="true"><path d="M20 18v-2a4 4 0 0 0-4-4H4"></path><path d="m9 17-5-5 5-5"></path></svg>Reply</button></div></div><div class="mt-2 space-y-2"><div class="ml-10"><div class="bg-white rounded-md border border-gray-200 p-3"><div class="flex items-start justify-between mb-2"><div class="flex items-center gap-2"><div class="w-8 h-8 bg-gradient-to-br from-gray-700 to-gray-900 rounded-full flex items-center justify-center text-white font-semibold text-sm flex-shrink-0 cursor-pointer hover:ring-2 hover:ring-gray-900 hover:ring-offset-1 transition-all">T</div><div><div class="flex items-center gap-1.5"><span class="text-sm font-semibold text-gray-900 cursor-pointer hover:underline">Test User</span></div><span class="text-xs text-gray-500">Nov 30, 2025, 07:57 PM</span></div></div><button class="p-1 hover:bg-gray-100 rounded-full transition-colors" type="button" id="radix-_r_d_" aria-haspopup="menu" aria-expanded="false" data-state="closed"><svg xmlns="http://www.w3.org/2000/svg" width="24" height="24" viewBox="0 0 24 24" fill="none" stroke="currentColor" stroke-width="2" stroke-linecap="round" stroke-linejoin="round" class="lucide lucide-ellipsis-vertical w-4 h-4 text-gray-600" aria-hidden="true"><circle cx="12" cy="12" r="1"></circle><circle cx="12" cy="5" r="1"></circle><circle cx="12" cy="19" r="1"></circle></svg></button></div><p class="text-sm text-gray-800 whitespace-pre-wrap mb-2">Test reply 1764518242023</p><div class="flex items-center gap-3"><div class="flex items-center gap-3"><button data-testid="reaction-button-like" class="
                            group inline-flex items-center gap-1.5 px-3 py-1.5 rounded-md font-medium text-sm transition-all duration-200
                            bg-white text-gray-700 hover:bg-gray-50 border border-gray-300
                            cursor-pointer hover:scale-105
                        " type="button" id="radix-_r_f_" aria-haspopup="menu" aria-expanded="false" data-state="closed"><span class="text-base">👍</span><span class="font-medium text-sm">Like</span></button></div></div></div></div></div></div><div class=""><div class="bg-white rounded-md border border-gray-200 p-3"><div class="flex items-start justify-between mb-2"><div class="flex items-center gap-2"><div class="w-8 h-8 bg-gradient-to-br from-gray-700 to-gray-900 rounded-full flex items-center justify-center text-white font-semibold text-sm flex-shrink-0 cursor-pointer hover:ring-2 hover:ring-gray-900 hover:ring-offset-1 transition-all">T</div><div><div class="flex items-center gap-1.5"><span class="text-sm font-semibold text-gray-900 cursor-pointer hover:underline">Test User</span></div><span class="text-xs text-gray-500">Nov 30, 2025, 07:52 PM</span></div></div><button class="p-1 hover:bg-gray-100 rounded-full transition-colors" type="button" id="radix-_r_n_" aria-haspopup="menu" aria-expanded="false" data-state="closed"><svg xmlns="http://www.w3.org/2000/svg" width="24" height="24" viewBox="0 0 24 24" fill="none" stroke="currentColor" stroke-width="2" stroke-linecap="round" stroke-linejoin="round" class="lucide lucide-ellipsis-vertical w-4 h-4 text-gray-600" aria-hidden="true"><circle cx="12" cy="12" r="1"></circle><circle cx="12" cy="5" r="1"></circle><circle cx="12" cy="19" r="1"></circle></svg></button></div><p class="text-sm text-gray-800 whitespace-pre-wrap mb-2">Test comment 1764517923365</p><div class="flex items-center gap-3"><div class="flex items-center gap-3"><button data-testid="reaction-button-like" class="
                            group inline-flex items-center gap-1.5 px-3 py-1.5 rounded-md font-medium text-sm transition-all duration-200
                            bg-white text-gray-700 hover:bg-gray-50 border border-gray-300
                            cursor-pointer hover:scale-105
                        " type="button" id="radix-_r_p_" aria-haspopup="menu" aria-expanded="false" data-state="closed"><span class="text-base">👍</span><span class="font-medium text-sm">Like</span></button></div><button data-testid="reply-button" class="flex items-center gap-1 text-sm text-gray-600 hover:text-gray-900 transition-colors"><svg xmlns="http://www.w3.org/2000/svg" width="24" height="24" viewBox="0 0 24 24" fill="none" stroke="currentColor" stroke-width="2" stroke-linecap="round" stroke-linejoin="round" class="lucide lucide-reply w-4 h-4" aria-hidden="true"><path d="M20 18v-2a4 4 0 0 0-4-4H4"></path><path d="m9 17-5-5 5-5"></path></svg>Reply</button></div></div><div class="mt-2 space-y-2"><div class="ml-10"><div class="bg-white rounded-md border border-gray-200 p-3"><div class="flex items-start justify-between mb-2"><div class="flex items-center gap-2"><div class="w-8 h-8 bg-gradient-to-br from-gray-700 to-gray-900 rounded-full flex items-center justify-center text-white font-semibold text-sm flex-shrink-0 cursor-pointer hover:ring-2 hover:ring-gray-900 hover:ring-offset-1 transition-all">T</div><div><div class="flex items-center gap-1.5"><span class="text-sm font-semibold text-gray-900 cursor-pointer hover:underline">Test User</span></div><span class="text-xs text-gray-500">Nov 30, 2025, 07:54 PM</span></div></div><button class="p-1 hover:bg-gray-100 rounded-full transition-colors" type="button" id="radix-_r_r_" aria-haspopup="menu" aria-expanded="false" data-state="closed"><svg xmlns="http://www.w3.org/2000/svg" width="24" height="24" viewBox="0 0 24 24" fill="none" stroke="currentColor" stroke-width="2" stroke-linecap="round" stroke-linejoin="round" class="lucide lucide-ellipsis-vertical w-4 h-4 text-gray-600" aria-hidden="true"><circle cx="12" cy="12" r="1"></circle><circle cx="12" cy="5" r="1"></circle><circle cx="12" cy="19" r="1"></circle></svg></button></div><p class="text-sm text-gray-800 whitespace-pre-wrap mb-2">Test reply 1764518096026</p><div class="flex items-center gap-3"><div class="flex items-center gap-3"><button data-testid="reaction-button-like" class="
                            group inline-flex items-center gap-1.5 px-3 py-1.5 rounded-md font-medium text-sm transition-all duration-200
                            bg-white text-gray-700 hover:bg-gray-50 border border-gray-300
                            cursor-pointer hover:scale-105
                        " type="button" id="radix-_r_t_" aria-haspopup="menu" aria-expanded="false" data-state="closed"><span class="text-base">👍</span><span class="font-medium text-sm">Like</span></button></div></div></div></div></div></div><div class=""><div class="bg-white rounded-md border border-gray-200 p-3"><div class="flex items-start justify-between mb-2"><div class="flex items-center gap-2"><div class="w-8 h-8 bg-gradient-to-br from-gray-700 to-gray-900 rounded-full flex items-center justify-center text-white font-semibold text-sm flex-shrink-0 cursor-pointer hover:ring-2 hover:ring-gray-900 hover:ring-offset-1 transition-all">T</div><div><div class="flex items-center gap-1.5"><span class="text-sm font-semibold text-gray-900 cursor-pointer hover:underline">Test User</span></div><span class="text-xs text-gray-500">Nov 30, 2025, 07:28 PM</span></div></div><button class="p-1 hover:bg-gray-100 rounded-full transition-colors" type="button" id="radix-_r_15_" aria-haspopup="menu" aria-expanded="false" data-state="closed"><svg xmlns="http://www.w3.org/2000/svg" width="24" height="24" viewBox="0 0 24 24" fill="none" stroke="currentColor" stroke-width="2" stroke-linecap="round" stroke-linejoin="round" class="lucide lucide-ellipsis-vertical w-4 h-4 text-gray-600" aria-hidden="true"><circle cx="12" cy="12" r="1"></circle><circle cx="12" cy="5" r="1"></circle><circle cx="12" cy="19" r="1"></circle></svg></button></div><p class="text-sm text-gray-800 whitespace-pre-wrap mb-2">sgsgs</p><div class="flex items-center gap-3"><div class="flex items-center gap-3"><button data-testid="reaction-button-like" class="
                            group inline-flex items-center gap-1.5 px-3 py-1.5 rounded-md font-medium text-sm transition-all duration-200
                            bg-white text-gray-700 hover:bg-gray-50 border border-gray-300
                            cursor-pointer hover:scale-105
                        " type="button" id="radix-_r_17_" aria-haspopup="menu" aria-expanded="false" data-state="closed"><span class="text-base">👍</span><span class="font-medium text-sm">Like</span></button></div><button data-testid="reply-button" class="flex items-center gap-1 text-sm text-gray-600 hover:text-gray-900 transition-colors"><svg xmlns="http://www.w3.org/2000/svg" width="24" height="24" viewBox="0 0 24 24" fill="none" stroke="currentColor" stroke-width="2" stroke-linecap="round" stroke-linejoin="round" class="lucide lucide-reply w-4 h-4" aria-hidden="true"><path d="M20 18v-2a4 4 0 0 0-4-4H4"></path><path d="m9 17-5-5 5-5"></path></svg>Reply</button></div></div><div class="mt-2 space-y-2"><div class="ml-10"><div class="bg-white rounded-md border border-gray-200 p-3"><div class="flex items-start justify-between mb-2"><div class="flex items-center gap-2"><div class="w-8 h-8 bg-gradient-to-br from-gray-700 to-gray-900 rounded-full flex items-center justify-center text-white font-semibold text-sm flex-shrink-0 cursor-pointer hover:ring-2 hover:ring-gray-900 hover:ring-offset-1 transition-all">T</div><div><div class="flex items-center gap-1.5"><span class="text-sm font-semibold text-gray-900 cursor-pointer hover:underline">Test User</span></div><span class="text-xs text-gray-500">Nov 30, 2025, 07:52 PM</span></div></div><button class="p-1 hover:bg-gray-100 rounded-full transition-colors" type="button" id="radix-_r_19_" aria-haspopup="menu" aria-expanded="false" data-state="closed"><svg xmlns="http://www.w3.org/2000/svg" width="24" height="24" viewBox="0 0 24 24" fill="none" stroke="currentColor" stroke-width="2" stroke-linecap="round" stroke-linejoin="round" class="lucide lucide-ellipsis-vertical w-4 h-4 text-gray-600" aria-hidden="true"><circle cx="12" cy="12" r="1"></circle><circle cx="12" cy="5" r="1"></circle><circle cx="12" cy="19" r="1"></circle></svg></button></div><p class="text-sm text-gray-800 whitespace-pre-wrap mb-2">Test reply 1764517923381</p><div class="flex items-center gap-3"><div class="flex items-center gap-3"><button data-testid="reaction-button-like" class="
                            group inline-flex items-center gap-1.5 px-3 py-1.5 rounded-md font-medium text-sm transition-all duration-200
                            bg-white text-gray-700 hover:bg-gray-50 border border-gray-300
                            cursor-pointer hover:scale-105
                        " type="button" id="radix-_r_1b_" aria-haspopup="menu" aria-expanded="false" data-state="closed"><span class="text-base">👍</span><span class="font-medium text-sm">Like</span></button></div></div></div></div><div class="ml-10"><div class="bg-white rounded-md border border-gray-200 p-3"><div class="flex items-start justify-between mb-2"><div class="flex items-center gap-2"><div class="w-8 h-8 bg-gradient-to-br from-gray-700 to-gray-900 rounded-full flex items-center justify-center text-white font-semibold text-sm flex-shrink-0 cursor-pointer hover:ring-2 hover:ring-gray-900 hover:ring-offset-1 transition-all">T</div><div><div class="flex items-center gap-1.5"><span class="text-sm font-semibold text-gray-900 cursor-pointer hover:underline">Test User</span></div><span class="text-xs text-gray-500">Nov 30, 2025, 07:28 PM</span></div></div><button class="p-1 hover:bg-gray-100 rounded-full transition-colors" type="button" id="radix-_r_1g_" aria-haspopup="menu" aria-expanded="false" data-state="closed"><svg xmlns="http://www.w3.org/2000/svg" width="24" height="24" viewBox="0 0 24 24" fill="none" stroke="currentColor" stroke-width="2" stroke-linecap="round" stroke-linejoin="round" class="lucide lucide-ellipsis-vertical w-4 h-4 text-gray-600" aria-hidden="true"><circle cx="12" cy="12" r="1"></circle><circle cx="12" cy="5" r="1"></circle><circle cx="12" cy="19" r="1"></circle></svg></button></div><p class="text-sm text-gray-800 whitespace-pre-wrap mb-2">sfgsgfs</p><div class="flex items-center gap-3"><div class="flex items-center gap-3"><button data-testid="reaction-button-like" class="
                            group inline-flex items-center gap-1.5 px-3 py-1.5 rounded-md font-medium text-sm transition-all duration-200
                            bg-white text-gray-700 hover:bg-gray-50 border border-gray-300
                            cursor-pointer hover:scale-105
                        " type="button" id="radix-_r_1i_" aria-haspopup="menu" aria-expanded="false" data-state="closed"><span class="text-base">👍</span><span class="font-medium text-sm">Like</span></button></div></div></div></div></div></div><div class=""><div class="bg-white rounded-md border border-gray-200 p-3"><div class="flex items-start justify-between mb-2"><div class="flex items-center gap-2"><div class="w-8 h-8 bg-gradient-to-br from-gray-700 to-gray-900 rounded-full flex items-center justify-center text-white font-semibold text-sm flex-shrink-0 cursor-pointer hover:ring-2 hover:ring-gray-900 hover:ring-offset-1 transition-all">T</div><div><div class="flex items-center gap-1.5"><span class="text-sm font-semibold text-gray-900 cursor-pointer hover:underline">Test User</span></div><span class="text-xs text-gray-500">Nov 30, 2025, 07:24 PM</span></div></div><button class="p-1 hover:bg-gray-100 rounded-full transition-colors" type="button" id="radix-_r_1q_" aria-haspopup="menu" aria-expanded="false" data-state="closed"><svg xmlns="http://www.w3.org/2000/svg" width="24" height="24" viewBox="0 0 24 24" fill="none" stroke="currentColor" stroke-width="2" stroke-linecap="round" stroke-linejoin="round" class="lucide lucide-ellipsis-vertical w-4 h-4 text-gray-600" aria-hidden="true"><circle cx="12" cy="12" r="1"></circle><circle cx="12" cy="5" r="1"></circle><circle cx="12" cy="19" r="1"></circle></svg></button></div><p class="text-sm text-gray-800 whitespace-pre-wrap mb-2">Test comment 1764516258855</p><div class="flex items-center gap-3"><div class="flex items-center gap-3"><button data-testid="reaction-button-like" class="
                            group inline-flex items-center gap-1.5 px-3 py-1.5 rounded-md font-medium text-sm transition-all duration-200
                            bg-white text-gray-700 hover:bg-gray-50 border border-gray-300
                            cursor-pointer hover:scale-105
                        " type="button" id="radix-_r_1s_" aria-haspopup="menu" aria-expanded="false" data-state="closed"><span class="text-base">👍</span><span class="font-medium text-sm">Like</span></button></div><button data-testid="reply-button" class="flex items-center gap-1 text-sm text-gray-600 hover:text-gray-900 transition-colors"><svg xmlns="http://www.w3.org/2000/svg" width="24" height="24" viewBox="0 0 24 24" fill="none" stroke="currentColor" stroke-width="2" stroke-linecap="round" stroke-linejoin="round" class="lucide lucide-reply w-4 h-4" aria-hidden="true"><path d="M20 18v-2a4 4 0 0 0-4-4H4"></path><path d="m9 17-5-5 5-5"></path></svg>Reply</button></div></div></div><div class="pt-4 flex justify-center gap-3"><button class="px-4 py-2 text-sm font-medium text-gray-700 bg-white border border-gray-300 rounded-md hover:bg-gray-50 transition-colors disabled:opacity-50 disabled:cursor-not-allowed flex items-center gap-2">Show More Comments</button></div></div></div></div></div></article><article class="bg-white rounded-xl shadow-sm border border-gray-200 overflow-hidden hover:shadow-md transition-shadow"><div class="p-6"><h2 class="text-xl font-bold text-gray-900 mb-3">Amazing New Features Released</h2><p class="text-gray-600 leading-relaxed mb-6">We are excited to announce the release of our new features! The reaction system now supports real-time updates and beautiful animations. Try it out and let us know what you think!</p><div class="pt-4 border-t border-gray-100"><div class="flex items-center gap-3"><button data-testid="reaction-button-like" class="
                            group inline-flex items-center gap-1.5 px-3 py-1.5 rounded-md font-medium text-sm transition-all duration-200
                            bg-white text-gray-700 hover:bg-gray-50 border border-gray-300
                            cursor-pointer hover:scale-105
                        " type="button" id="radix-_r_21_" aria-haspopup="menu" aria-expanded="false" data-state="closed"><span class="text-base">👍</span><span class="font-medium text-sm">Like</span></button><div class="flex items-center gap-1.5"><button data-testid="reaction-count-angry" class="
                                    inline-flex items-center gap-1 px-2 py-1 rounded-full text-xs font-medium transition-all
                                    bg-gray-100 text-gray-700 hover:bg-gray-200
                                    cursor-pointer hover:scale-105
                                "><span class="text-base">😠</span><span>3</span></button><button data-testid="reaction-count-like" class="
                                    inline-flex items-center gap-1 px-2 py-1 rounded-full text-xs font-medium transition-all
                                    bg-gray-100 text-gray-700 hover:bg-gray-200
                                    cursor-pointer hover:scale-105
                                "><span class="text-base">👍</span><span>1</span></button><button data-testid="reaction-count-wow" class="
                                    inline-flex items-center gap-1 px-2 py-1 rounded-full text-xs font-medium transition-all
                                    bg-gray-100 text-gray-700 hover:bg-gray-200
                                    cursor-pointer hover:scale-105
                                "><span class="text-base">😮</span><span>1</span></button><button class="p-1.5 hover:bg-gray-100 rounded-full transition-colors" title="See who reacted"><svg xmlns="http://www.w3.org/2000/svg" width="24" height="24" viewBox="0 0 24 24" fill="none" stroke="currentColor" stroke-width="2" stroke-linecap="round" stroke-linejoin="round" class="lucide lucide-chevron-down w-4 h-4 text-gray-600" aria-hidden="true"><path d="m6 9 6 6 6-6"></path></svg></button></div></div></div><div class="pt-6 border-t border-gray-100 mt-6"><div class="space-y-3"><div class="flex items-center justify-between"><div class="flex items-center gap-2"><svg xmlns="http://www.w3.org/2000/svg" width="24" height="24" viewBox="0 0 24 24" fill="none" stroke="currentColor" stroke-width="2" stroke-linecap="round" stroke-linejoin="round" class="lucide lucide-message-square w-4 h-4 text-gray-600" aria-hidden="true"><path d="M22 17a2 2 0 0 1-2 2H6.828a2 2 0 0 0-1.414.586l-2.202 2.202A.71.71 0 0 1 2 21.286V5a2 2 0 0 1 2-2h16a2 2 0 0 1 2 2z"></path></svg><h3 class="text-base font-semibold text-gray-900">Comments (3)</h3></div><button data-testid="add-comment-button" class="px-3 py-1.5 text-sm font-medium text-white bg-gray-900 rounded-md hover:bg-gray-800 transition-colors">Add Comment</button></div><div class="space-y-2"><div class=""><div class="bg-white rounded-md border border-gray-200 p-3"><div class="flex items-start justify-between mb-2"><div class="flex items-center gap-2"><div class="w-8 h-8 bg-gradient-to-br from-gray-700 to-gray-900 rounded-full flex items-center justify-center text-white font-semibold text-sm flex-shrink-0 cursor-pointer hover:ring-2 hover:ring-gray-900 hover:ring-offset-1 transition-all">D</div><div><div class="flex items-center gap-1.5"><span class="text-sm font-semibold text-gray-900 cursor-pointer hover:underline">David Taylor</span></div><span class="text-xs text-gray-500">Nov 30, 2025, 06:17 PM</span></div></div><button class="p-1 hover:bg-gray-100 rounded-full transition-colors" type="button" id="radix-_r_23_" aria-haspopup="menu" aria-expanded="false" data-state="closed"><svg xmlns="http://www.w3.org/2000/svg" width="24" height="24" viewBox="0 0 24 24" fill="none" stroke="currentColor" stroke-width="2" stroke-linecap="round" stroke-linejoin="round" class="lucide lucide-ellipsis-vertical w-4 h-4 text-gray-600" aria-hidden="true"><circle cx="12" cy="12" r="1"></circle><circle cx="12" cy="5" r="1"></circle><circle cx="12" cy="19" r="1"></circle></svg></button></div><p class="text-sm text-gray-800 whitespace-pre-wrap mb-2">Fantastic post! Keep it up!</p><div class="flex items-center gap-3"><div class="flex items-center gap-3"><button data-testid="reaction-button-like" class="
                            group inline-flex items-center gap-1.5 px-3 py-1.5 rounded-md font-medium text-sm transition-all duration-200
                            bg-white text-gray-700 hover:bg-gray-50 border border-gray-300
                            cursor-pointer hover:scale-105
                        " type="button" id="radix-_r_25_" aria-haspopup="menu" aria-expanded="false" data-state="closed"><span class="text-base">👍</span><span class="font-medium text-sm">Like</span></button></div><button data-testid="reply-button" class="flex items-center gap-1 text-sm text-gray-600 hover:text-gray-900 transition-colors"><svg xmlns="http://www.w3.org/2000/svg" width="24" height="24" viewBox="0 0 24 24" fill="none" stroke="currentColor" stroke-width="2" stroke-linecap="round" stroke-linejoin="round" class="lucide lucide-reply w-4 h-4" aria-hidden="true"><path d="M20 18v-2a4 4 0 0 0-4-4H4"></path><path d="m9 17-5-5 5-5"></path></svg>Reply</button></div></div></div><div class=""><div class="bg-white rounded-md border border-gray-200 p-3"><div class="flex items-start justify-between mb-2"><div class="flex items-center gap-2"><div class="w-8 h-8 bg-gradient-to-br from-gray-700 to-gray-900 rounded-full flex items-center justify-center text-white font-semibold text-sm flex-shrink-0 cursor-pointer hover:ring-2 hover:ring-gray-900 hover:ring-offset-1 transition-all">I</div><div><div class="flex items-center gap-1.5"><span class="text-sm font-semibold text-gray-900 cursor-pointer hover:underline">Isabella Jones</span></div><span class="text-xs text-gray-500">Nov 30, 2025, 06:17 PM</span></div></div><button class="p-1 hover:bg-gray-100 rounded-full transition-colors" type="button" id="radix-_r_2a_" aria-haspopup="menu" aria-expanded="false" data-state="closed"><svg xmlns="http://www.w3.org/2000/svg" width="24" height="24" viewBox="0 0 24 24" fill="none" stroke="currentColor" stroke-width="2" stroke-linecap="round" stroke-linejoin="round" class="lucide lucide-ellipsis-vertical w-4 h-4 text-gray-600" aria-hidden="true"><circle cx="12" cy="12" r="1"></circle><circle cx="12" cy="5" r="1"></circle><circle cx="12" cy="19" r="1"></circle></svg></button></div><p class="text-sm text-gray-800 whitespace-pre-wrap mb-2">Very interesting perspective.</p><div class="flex items-center gap-3"><div class="flex items-center gap-3"><button data-testid="reaction-button-like" class="
                            group inline-flex items-center gap-1.5 px-3 py-1.5 rounded-md font-medium text-sm transition-all duration-200
                            bg-white text-gray-700 hover:bg-gray-50 border border-gray-300
                            cursor-pointer hover:scale-105
                        " type="button" id="radix-_r_2c_" aria-haspopup="menu" aria-expanded="false" data-state="closed"><span class="text-base">👍</span><span class="font-medium text-sm">Like</span></button></div><button data-testid="reply-button" class="flex items-center gap-1 text-sm text-gray-600 hover:text-gray-900 transition-colors"><svg xmlns="http://www.w3.org/2000/svg" width="24" height="24" viewBox="0 0 24 24" fill="none" stroke="currentColor" stroke-width="2" stroke-linecap="round" stroke-linejoin="round" class="lucide lucide-reply w-4 h-4" aria-hidden="true"><path d="M20 18v-2a4 4 0 0 0-4-4H4"></path><path d="m9 17-5-5 5-5"></path></svg>Reply</button></div></div></div><div class=""><div class="bg-white rounded-md border border-gray-200 p-3"><div class="flex items-start justify-between mb-2"><div class="flex items-center gap-2"><div class="w-8 h-8 bg-gradient-to-br from-gray-700 to-gray-900 rounded-full flex items-center justify-center text-white font-semibold text-sm flex-shrink-0 cursor-pointer hover:ring-2 hover:ring-gray-900 hover:ring-offset-1 transition-all">E</div><div><div class="flex items-center gap-1.5"><span class="text-sm font-semibold text-gray-900 cursor-pointer hover:underline">Ethan Lopez</span></div><span class="text-xs text-gray-500">Nov 30, 2025, 06:17 PM</span></div></div><button class="p-1 hover:bg-gray-100 rounded-full transition-colors" type="button" id="radix-_r_2h_" aria-haspopup="menu" aria-expanded="false" data-state="closed"><svg xmlns="http://www.w3.org/2000/svg" width="24" height="24" viewBox="0 0 24 24" fill="none" stroke="currentColor" stroke-width="2" stroke-linecap="round" stroke-linejoin="round" class="lucide lucide-ellipsis-vertical w-4 h-4 text-gray-600" aria-hidden="true"><circle cx="12" cy="12" r="1"></circle><circle cx="12" cy="5" r="1"></circle><circle cx="12" cy="19" r="1"></circle></svg></button></div><p class="text-sm text-gray-800 whitespace-pre-wrap mb-2">Well said! Couldn't agree more.</p><div class="flex items-center gap-3"><div class="flex items-center gap-3"><button data-testid="reaction-button-like" class="
                            group inline-flex items-center gap-1.5 px-3 py-1.5 rounded-md font-medium text-sm transition-all duration-200
                            bg-white text-gray-700 hover:bg-gray-50 border border-gray-300
                            cursor-pointer hover:scale-105
                        " type="button" id="radix-_r_2j_" aria-haspopup="menu" aria-expanded="false" data-state="closed"><span class="text-base">👍</span><span class="font-medium text-sm">Like</span></button></div><button data-testid="reply-button" class="flex items-center gap-1 text-sm text-gray-600 hover:text-gray-900 transition-colors"><svg xmlns="http://www.w3.org/2000/svg" width="24" height="24" viewBox="0 0 24 24" fill="none" stroke="currentColor" stroke-width="2" stroke-linecap="round" stroke-linejoin="round" class="lucide lucide-reply w-4 h-4" aria-hidden="true"><path d="M20 18v-2a4 4 0 0 0-4-4H4"></path><path d="m9 17-5-5 5-5"></path></svg>Reply</button></div></div></div></div></div></div></div></article><article class="bg-white rounded-xl shadow-sm border border-gray-200 overflow-hidden hover:shadow-md transition-shadow"><div class="p-6"><h2 class="text-xl font-bold text-gray-900 mb-3">Community Guidelines Update</h2><p class="text-gray-600 leading-relaxed mb-6">We have updated our community guidelines to ensure a safe and welcoming environment for everyone. Please take a moment to review the changes and react to show your acknowledgment.</p><div class="pt-4 border-t border-gray-100"><div class="flex items-center gap-3"><button data-testid="reaction-button-like" class="
                            group inline-flex items-center gap-1.5 px-3 py-1.5 rounded-md font-medium text-sm transition-all duration-200
                            bg-white text-gray-700 hover:bg-gray-50 border border-gray-300
                            cursor-pointer hover:scale-105
                        " type="button" id="radix-_r_2o_" aria-haspopup="menu" aria-expanded="false" data-state="closed"><span class="text-base">👍</span><span class="font-medium text-sm">Like</span></button><div class="flex items-center gap-1.5"><button data-testid="reaction-count-sad" class="
                                    inline-flex items-center gap-1 px-2 py-1 rounded-full text-xs font-medium transition-all
                                    bg-gray-100 text-gray-700 hover:bg-gray-200
                                    cursor-pointer hover:scale-105
                                "><span class="text-base">😢</span><span>2</span></button><button data-testid="reaction-count-angry" class="
                                    inline-flex items-center gap-1 px-2 py-1 rounded-full text-xs font-medium transition-all
                                    bg-gray-100 text-gray-700 hover:bg-gray-200
                                    cursor-pointer hover:scale-105
                                "><span class="text-base">😠</span><span>2</span></button><button data-testid="reaction-count-like" class="
                                    inline-flex items-center gap-1 px-2 py-1 rounded-full text-xs font-medium transition-all
                                    bg-gray-100 text-gray-700 hover:bg-gray-200
                                    cursor-pointer hover:scale-105
                                "><span class="text-base">👍</span><span>1</span></button><button data-testid="reaction-count-love" class="
                                    inline-flex items-center gap-1 px-2 py-1 rounded-full text-xs font-medium transition-all
                                    bg-gray-100 text-gray-700 hover:bg-gray-200
                                    cursor-pointer hover:scale-105
                                "><span class="text-base">❤️</span><span>1</span></button><button data-testid="reaction-count-haha" class="
                                    inline-flex items-center gap-1 px-2 py-1 rounded-full text-xs font-medium transition-all
                                    bg-gray-100 text-gray-700 hover:bg-gray-200
                                    cursor-pointer hover:scale-105
                                "><span class="text-base">😂</span><span>1</span></button><button class="p-1.5 hover:bg-gray-100 rounded-full transition-colors" title="See who reacted"><svg xmlns="http://www.w3.org/2000/svg" width="24" height="24" viewBox="0 0 24 24" fill="none" stroke="currentColor" stroke-width="2" stroke-linecap="round" stroke-linejoin="round" class="lucide lucide-chevron-down w-4 h-4 text-gray-600" aria-hidden="true"><path d="m6 9 6 6 6-6"></path></svg></button></div></div></div><div class="pt-6 border-t border-gray-100 mt-6"><div class="space-y-3"><div class="flex items-center justify-between"><div class="flex items-center gap-2"><svg xmlns="http://www.w3.org/2000/svg" width="24" height="24" viewBox="0 0 24 24" fill="none" stroke="currentColor" stroke-width="2" stroke-linecap="round" stroke-linejoin="round" class="lucide lucide-message-square w-4 h-4 text-gray-600" aria-hidden="true"><path d="M22 17a2 2 0 0 1-2 2H6.828a2 2 0 0 0-1.414.586l-2.202 2.202A.71.71 0 0 1 2 21.286V5a2 2 0 0 1 2-2h16a2 2 0 0 1 2 2z"></path></svg><h3 class="text-base font-semibold text-gray-900">Comments (2)</h3></div><button data-testid="add-comment-button" class="px-3 py-1.5 text-sm font-medium text-white bg-gray-900 rounded-md hover:bg-gray-800 transition-colors">Add Comment</button></div><div class="space-y-2"><div class=""><div class="bg-white rounded-md border border-gray-200 p-3"><div class="flex items-start justify-between mb-2"><div class="flex items-center gap-2"><div class="w-8 h-8 bg-gradient-to-br from-gray-700 to-gray-900 rounded-full flex items-center justify-center text-white font-semibold text-sm flex-shrink-0 cursor-pointer hover:ring-2 hover:ring-gray-900 hover:ring-offset-1 transition-all">L</div><div><div class="flex items-center gap-1.5"><span class="text-sm font-semibold text-gray-900 cursor-pointer hover:underline">Liam Garcia</span></div><span class="text-xs text-gray-500">Nov 30, 2025, 06:17 PM</span></div></div><button class="p-1 hover:bg-gray-100 rounded-full transition-colors" type="button" id="radix-_r_2q_" aria-haspopup="menu" aria-expanded="false" data-state="closed"><svg xmlns="http://www.w3.org/2000/svg" width="24" height="24" viewBox="0 0 24 24" fill="none" stroke="currentColor" stroke-width="2" stroke-linecap="round" stroke-linejoin="round" class="lucide lucide-ellipsis-vertical w-4 h-4 text-gray-600" aria-hidden="true"><circle cx="12" cy="12" r="1"></circle><circle cx="12" cy="5" r="1"></circle><circle cx="12" cy="19" r="1"></circle></svg></button></div><p class="text-sm text-gray-800 whitespace-pre-wrap mb-2">Thanks for sharing this information.</p><div class="flex items-center gap-3"><div class="flex items-center gap-3"><button data-testid="reaction-button-like" class="
                            group inline-flex items-center gap-1.5 px-3 py-1.5 rounded-md font-medium text-sm transition-all duration-200
                            bg-white text-gray-700 hover:bg-gray-50 border border-gray-300
                            cursor-pointer hover:scale-105
                        " type="button" id="radix-_r_2s_" aria-haspopup="menu" aria-expanded="false" data-state="closed"><span class="text-base">👍</span><span class="font-medium text-sm">Like</span></button></div><button data-testid="reply-button" class="flex items-center gap-1 text-sm text-gray-600 hover:text-gray-900 transition-colors"><svg xmlns="http://www.w3.org/2000/svg" width="24" height="24" viewBox="0 0 24 24" fill="none" stroke="currentColor" stroke-width="2" stroke-linecap="round" stroke-linejoin="round" class="lucide lucide-reply w-4 h-4" aria-hidden="true"><path d="M20 18v-2a4 4 0 0 0-4-4H4"></path><path d="m9 17-5-5 5-5"></path></svg>Reply</button></div></div></div><div class=""><div class="bg-white rounded-md border border-gray-200 p-3"><div class="flex items-start justify-between mb-2"><div class="flex items-center gap-2"><div class="w-8 h-8 bg-gradient-to-br from-gray-700 to-gray-900 rounded-full flex items-center justify-center text-white font-semibold text-sm flex-shrink-0 cursor-pointer hover:ring-2 hover:ring-gray-900 hover:ring-offset-1 transition-all">S</div><div><div class="flex items-center gap-1.5"><span class="text-sm font-semibold text-gray-900 cursor-pointer hover:underline">Sebastian Thomas</span></div><span class="text-xs text-gray-500">Nov 30, 2025, 06:17 PM</span></div></div><button class="p-1 hover:bg-gray-100 rounded-full transition-colors" type="button" id="radix-_r_31_" aria-haspopup="menu" aria-expanded="false" data-state="closed"><svg xmlns="http://www.w3.org/2000/svg" width="24" height="24" viewBox="0 0 24 24" fill="none" stroke="currentColor" stroke-width="2" stroke-linecap="round" stroke-linejoin="round" class="lucide lucide-ellipsis-vertical w-4 h-4 text-gray-600" aria-hidden="true"><circle cx="12" cy="12" r="1"></circle><circle cx="12" cy="5" r="1"></circle><circle cx="12" cy="19" r="1"></circle></svg></button></div><p class="text-sm text-gray-800 whitespace-pre-wrap mb-2">Could you elaborate more on this?</p><div class="flex items-center gap-3"><div class="flex items-center gap-3"><button data-testid="reaction-button-like" class="
                            group inline-flex items-center gap-1.5 px-3 py-1.5 rounded-md font-medium text-sm transition-all duration-200
                            bg-white text-gray-700 hover:bg-gray-50 border border-gray-300
                            cursor-pointer hover:scale-105
                        " type="button" id="radix-_r_33_" aria-haspopup="menu" aria-expanded="false" data-state="closed"><span class="text-base">👍</span><span class="font-medium text-sm">Like</span></button></div><button data-testid="reply-button" class="flex items-center gap-1 text-sm text-gray-600 hover:text-gray-900 transition-colors"><svg xmlns="http://www.w3.org/2000/svg" width="24" height="24" viewBox="0 0 24 24" fill="none" stroke="currentColor" stroke-width="2" stroke-linecap="round" stroke-linejoin="round" class="lucide lucide-reply w-4 h-4" aria-hidden="true"><path d="M20 18v-2a4 4 0 0 0-4-4H4"></path><path d="m9 17-5-5 5-5"></path></svg>Reply</button></div></div><div class="mt-2 space-y-2"><div class="ml-10"><div class="bg-white rounded-md border border-gray-200 p-3"><div class="flex items-start justify-between mb-2"><div class="flex items-center gap-2"><div class="w-8 h-8 bg-gradient-to-br from-gray-700 to-gray-900 rounded-full flex items-center justify-center text-white font-semibold text-sm flex-shrink-0 cursor-pointer hover:ring-2 hover:ring-gray-900 hover:ring-offset-1 transition-all">L</div><div><div class="flex items-center gap-1.5"><span class="text-sm font-semibold text-gray-900 cursor-pointer hover:underline">Liam Garcia</span></div><span class="text-xs text-gray-500">Nov 30, 2025, 06:17 PM</span></div></div><button class="p-1 hover:bg-gray-100 rounded-full transition-colors" type="button" id="radix-_r_35_" aria-haspopup="menu" aria-expanded="false" data-state="closed"><svg xmlns="http://www.w3.org/2000/svg" width="24" height="24" viewBox="0 0 24 24" fill="none" stroke="currentColor" stroke-width="2" stroke-linecap="round" stroke-linejoin="round" class="lucide lucide-ellipsis-vertical w-4 h-4 text-gray-600" aria-hidden="true"><circle cx="12" cy="12" r="1"></circle><circle cx="12" cy="5" r="1"></circle><circle cx="12" cy="19" r="1"></circle></svg></button></div><p class="text-sm text-gray-800 whitespace-pre-wrap mb-2">Interesting perspective!</p><div class="flex items-center gap-3"><div class="flex items-center gap-3"><button data-testid="reaction-button-like" class="
                            group inline-flex items-center gap-1.5 px-3 py-1.5 rounded-md font-medium text-sm transition-all duration-200
                            bg-white text-gray-700 hover:bg-gray-50 border border-gray-300
                            cursor-pointer hover:scale-105
                        " type="button" id="radix-_r_37_" aria-haspopup="menu" aria-expanded="false" data-state="closed"><span class="text-base">👍</span><span class="font-medium text-sm">Like</span></button></div></div></div></div><div class="ml-10"><div class="bg-white rounded-md border border-gray-200 p-3"><div class="flex items-start justify-between mb-2"><div class="flex items-center gap-2"><div class="w-8 h-8 bg-gradient-to-br from-gray-700 to-gray-900 rounded-full flex items-center justify-center text-white font-semibold text-sm flex-shrink-0 cursor-pointer hover:ring-2 hover:ring-gray-900 hover:ring-offset-1 transition-all">V</div><div><div class="flex items-center gap-1.5"><span class="text-sm font-semibold text-gray-900 cursor-pointer hover:underline">Victoria White</span></div><span class="text-xs text-gray-500">Nov 30, 2025, 06:17 PM</span></div></div><button class="p-1 hover:bg-gray-100 rounded-full transition-colors" type="button" id="radix-_r_3c_" aria-haspopup="menu" aria-expanded="false" data-state="closed"><svg xmlns="http://www.w3.org/2000/svg" width="24" height="24" viewBox="0 0 24 24" fill="none" stroke="currentColor" stroke-width="2" stroke-linecap="round" stroke-linejoin="round" class="lucide lucide-ellipsis-vertical w-4 h-4 text-gray-600" aria-hidden="true"><circle cx="12" cy="12" r="1"></circle><circle cx="12" cy="5" r="1"></circle><circle cx="12" cy="19" r="1"></circle></svg></button></div><p class="text-sm text-gray-800 whitespace-pre-wrap mb-2">I hadn't thought of it that way.</p><div class="flex items-center gap-3"><div class="flex items-center gap-3"><button data-testid="reaction-button-like" class="
                            group inline-flex items-center gap-1.5 px-3 py-1.5 rounded-md font-medium text-sm transition-all duration-200
                            bg-white text-gray-700 hover:bg-gray-50 border border-gray-300
                            cursor-pointer hover:scale-105
                        " type="button" id="radix-_r_3e_" aria-haspopup="menu" aria-expanded="false" data-state="closed"><span class="text-base">👍</span><span class="font-medium text-sm">Like</span></button></div></div></div></div></div></div></div></div></div></div></article><article class="bg-white rounded-xl shadow-sm border border-gray-200 overflow-hidden hover:shadow-md transition-shadow"><div class="p-6"><h2 class="text-xl font-bold text-gray-900 mb-3">Behind the Scenes: Development Journey</h2><p class="text-gray-600 leading-relaxed mb-6">Ever wondered how we built this reaction system? In this post, we share our development journey, the challenges we faced, and the solutions we implemented. It has been an amazing ride!</p><div class="pt-4 border-t border-gray-100"><div class="flex items-center gap-3"><button data-testid="reaction-button-like" class="
                            group inline-flex items-center gap-1.5 px-3 py-1.5 rounded-md font-medium text-sm transition-all duration-200
                            bg-white text-gray-700 hover:bg-gray-50 border border-gray-300
                            cursor-pointer hover:scale-105
                        " type="button" id="radix-_r_3m_" aria-haspopup="menu" aria-expanded="false" data-state="closed"><span class="text-base">👍</span><span class="font-medium text-sm">Like</span></button><div class="flex items-center gap-1.5"><button data-testid="reaction-count-haha" class="
                                    inline-flex items-center gap-1 px-2 py-1 rounded-full text-xs font-medium transition-all
                                    bg-gray-100 text-gray-700 hover:bg-gray-200
                                    cursor-pointer hover:scale-105
                                "><span class="text-base">😂</span><span>3</span></button><button data-testid="reaction-count-sad" class="
                                    inline-flex items-center gap-1 px-2 py-1 rounded-full text-xs font-medium transition-all
                                    bg-gray-100 text-gray-700 hover:bg-gray-200
                                    cursor-pointer hover:scale-105
                                "><span class="text-base">😢</span><span>2</span></button><button data-testid="reaction-count-like" class="
                                    inline-flex items-center gap-1 px-2 py-1 rounded-full text-xs font-medium transition-all
                                    bg-gray-100 text-gray-700 hover:bg-gray-200
                                    cursor-pointer hover:scale-105
                                "><span class="text-base">👍</span><span>1</span></button><button data-testid="reaction-count-love" class="
                                    inline-flex items-center gap-1 px-2 py-1 rounded-full text-xs font-medium transition-all
                                    bg-gray-100 text-gray-700 hover:bg-gray-200
                                    cursor-pointer hover:scale-105
                                "><span class="text-base">❤️</span><span>1</span></button><button data-testid="reaction-count-wow" class="
                                    inline-flex items-center gap-1 px-2 py-1 rounded-full text-xs font-medium transition-all
                                    bg-gray-100 text-gray-700 hover:bg-gray-200
                                    cursor-pointer hover:scale-105
                                "><span class="text-base">😮</span><span>1</span></button><button class="p-1.5 hover:bg-gray-100 rounded-full transition-colors" title="See who reacted"><svg xmlns="http://www.w3.org/2000/svg" width="24" height="24" viewBox="0 0 24 24" fill="none" stroke="currentColor" stroke-width="2" stroke-linecap="round" stroke-linejoin="round" class="lucide lucide-chevron-down w-4 h-4 text-gray-600" aria-hidden="true"><path d="m6 9 6 6 6-6"></path></svg></button></div></div></div><div class="pt-6 border-t border-gray-100 mt-6"><div class="space-y-3"><div class="flex items-center justify-between"><div class="flex items-center gap-2"><svg xmlns="http://www.w3.org/2000/svg" width="24" height="24" viewBox="0 0 24 24" fill="none" stroke="currentColor" stroke-width="2" stroke-linecap="round" stroke-linejoin="round" class="lucide lucide-message-square w-4 h-4 text-gray-600" aria-hidden="true"><path d="M22 17a2 2 0 0 1-2 2H6.828a2 2 0 0 0-1.414.586l-2.202 2.202A.71.71 0 0 1 2 21.286V5a2 2 0 0 1 2-2h16a2 2 0 0 1 2 2z"></path></svg><h3 class="text-base font-semibold text-gray-900">Comments (5)</h3></div><button data-testid="add-comment-button" class="px-3 py-1.5 text-sm font-medium text-white bg-gray-900 rounded-md hover:bg-gray-800 transition-colors">Add Comment</button></div><div class="space-y-2"><div class=""><div class="bg-white rounded-md border border-gray-200 p-3"><div class="flex items-start justify-between mb-2"><div class="flex items-center gap-2"><div class="w-8 h-8 bg-gradient-to-br from-gray-700 to-gray-900 rounded-full flex items-center justify-center text-white font-semibold text-sm flex-shrink-0 cursor-pointer hover:ring-2 hover:ring-gray-900 hover:ring-offset-1 transition-all">A</div><div><div class="flex items-center gap-1.5"><span class="text-sm font-semibold text-gray-900 cursor-pointer hover:underline">Amelia Anderson</span></div><span class="text-xs text-gray-500">Nov 30, 2025, 06:17 PM</span></div></div><button class="p-1 hover:bg-gray-100 rounded-full transition-colors" type="button" id="radix-_r_3o_" aria-haspopup="menu" aria-expanded="false" data-state="closed"><svg xmlns="http://www.w3.org/2000/svg" width="24" height="24" viewBox="0 0 24 24" fill="none" stroke="currentColor" stroke-width="2" stroke-linecap="round" stroke-linejoin="round" class="lucide lucide-ellipsis-vertical w-4 h-4 text-gray-600" aria-hidden="true"><circle cx="12" cy="12" r="1"></circle><circle cx="12" cy="5" r="1"></circle><circle cx="12" cy="19" r="1"></circle></svg></button></div><p class="text-sm text-gray-800 whitespace-pre-wrap mb-2">Interesting take on this topic.</p><div class="flex items-center gap-3"><div class="flex items-center gap-3"><button data-testid="reaction-button-like" class="
                            group inline-flex items-center gap-1.5 px-3 py-1.5 rounded-md font-medium text-sm transition-all duration-200
                            bg-white text-gray-700 hover:bg-gray-50 border border-gray-300
                            cursor-pointer hover:scale-105
                        " type="button" id="radix-_r_3q_" aria-haspopup="menu" aria-expanded="false" data-state="closed"><span class="text-base">👍</span><span class="font-medium text-sm">Like</span></button></div><button data-testid="reply-button" class="flex items-center gap-1 text-sm text-gray-600 hover:text-gray-900 transition-colors"><svg xmlns="http://www.w3.org/2000/svg" width="24" height="24" viewBox="0 0 24 24" fill="none" stroke="currentColor" stroke-width="2" stroke-linecap="round" stroke-linejoin="round" class="lucide lucide-reply w-4 h-4" aria-hidden="true"><path d="M20 18v-2a4 4 0 0 0-4-4H4"></path><path d="m9 17-5-5 5-5"></path></svg>Reply</button></div></div><div class="mt-2 space-y-2"><div class="ml-10"><div class="bg-white rounded-md border border-gray-200 p-3"><div class="flex items-start justify-between mb-2"><div class="flex items-center gap-2"><div class="w-8 h-8 bg-gradient-to-br from-gray-700 to-gray-900 rounded-full flex items-center justify-center text-white font-semibold text-sm flex-shrink-0 cursor-pointer hover:ring-2 hover:ring-gray-900 hover:ring-offset-1 transition-all">W</div><div><div class="flex items-center gap-1.5"><span class="text-sm font-semibold text-gray-900 cursor-pointer hover:underline">Wyatt Wilson</span></div><span class="text-xs text-gray-500">Nov 30, 2025, 06:17 PM</span></div></div><button class="p-1 hover:bg-gray-100 rounded-full transition-colors" type="button" id="radix-_r_3s_" aria-haspopup="menu" aria-expanded="false" data-state="closed"><svg xmlns="http://www.w3.org/2000/svg" width="24" height="24" viewBox="0 0 24 24" fill="none" stroke="currentColor" stroke-width="2" stroke-linecap="round" stroke-linejoin="round" class="lucide lucide-ellipsis-vertical w-4 h-4 text-gray-600" aria-hidden="true"><circle cx="12" cy="12" r="1"></circle><circle cx="12" cy="5" r="1"></circle><circle cx="12" cy="19" r="1"></circle></svg></button></div><p class="text-sm text-gray-800 whitespace-pre-wrap mb-2">That's a good point.</p><div class="flex items-center gap-3"><div class="flex items-center gap-3"><button data-testid="reaction-button-like" class="
                            group inline-flex items-center gap-1.5 px-3 py-1.5 rounded-md font-medium text-sm transition-all duration-200
                            bg-white text-gray-700 hover:bg-gray-50 border border-gray-300
                            cursor-pointer hover:scale-105
                        " type="button" id="radix-_r_3u_" aria-haspopup="menu" aria-expanded="false" data-state="closed"><span class="text-base">👍</span><span class="font-medium text-sm">Like</span></button></div></div></div></div></div></div><div class=""><div class="bg-white rounded-md border border-gray-200 p-3"><div class="flex items-start justify-between mb-2"><div class="flex items-center gap-2"><div class="w-8 h-8 bg-gradient-to-br from-gray-700 to-gray-900 rounded-full flex items-center justify-center text-white font-semibold text-sm flex-shrink-0 cursor-pointer hover:ring-2 hover:ring-gray-900 hover:ring-offset-1 transition-all">O</div><div><div class="flex items-center gap-1.5"><span class="text-sm font-semibold text-gray-900 cursor-pointer hover:underline">Owen Miller</span></div><span class="text-xs text-gray-500">Nov 30, 2025, 06:17 PM</span></div></div><button class="p-1 hover:bg-gray-100 rounded-full transition-colors" type="button" id="radix-_r_46_" aria-haspopup="menu" aria-expanded="false" data-state="closed"><svg xmlns="http://www.w3.org/2000/svg" width="24" height="24" viewBox="0 0 24 24" fill="none" stroke="currentColor" stroke-width="2" stroke-linecap="round" stroke-linejoin="round" class="lucide lucide-ellipsis-vertical w-4 h-4 text-gray-600" aria-hidden="true"><circle cx="12" cy="12" r="1"></circle><circle cx="12" cy="5" r="1"></circle><circle cx="12" cy="19" r="1"></circle></svg></button></div><p class="text-sm text-gray-800 whitespace-pre-wrap mb-2">This is really helpful, thank you!</p><div class="flex items-center gap-3"><div class="flex items-center gap-3"><button data-testid="reaction-button-like" class="
                            group inline-flex items-center gap-1.5 px-3 py-1.5 rounded-md font-medium text-sm transition-all duration-200
                            bg-white text-gray-700 hover:bg-gray-50 border border-gray-300
                            cursor-pointer hover:scale-105
                        " type="button" id="radix-_r_48_" aria-haspopup="menu" aria-expanded="false" data-state="closed"><span class="text-base">👍</span><span class="font-medium text-sm">Like</span></button></div><button data-testid="reply-button" class="flex items-center gap-1 text-sm text-gray-600 hover:text-gray-900 transition-colors"><svg xmlns="http://www.w3.org/2000/svg" width="24" height="24" viewBox="0 0 24 24" fill="none" stroke="currentColor" stroke-width="2" stroke-linecap="round" stroke-linejoin="round" class="lucide lucide-reply w-4 h-4" aria-hidden="true"><path d="M20 18v-2a4 4 0 0 0-4-4H4"></path><path d="m9 17-5-5 5-5"></path></svg>Reply</button></div></div></div><div class=""><div class="bg-white rounded-md border border-gray-200 p-3"><div class="flex items-start justify-between mb-2"><div class="flex items-center gap-2"><div class="w-8 h-8 bg-gradient-to-br from-gray-700 to-gray-900 rounded-full flex items-center justify-center text-white font-semibold text-sm flex-shrink-0 cursor-pointer hover:ring-2 hover:ring-gray-900 hover:ring-offset-1 transition-all">J</div><div><div class="flex items-center gap-1.5"><span class="text-sm font-semibold text-gray-900 cursor-pointer hover:underline">Jackson Taylor</span></div><span class="text-xs text-gray-500">Nov 30, 2025, 06:17 PM</span></div></div><button class="p-1 hover:bg-gray-100 rounded-full transition-colors" type="button" id="radix-_r_4d_" aria-haspopup="menu" aria-expanded="false" data-state="closed"><svg xmlns="http://www.w3.org/2000/svg" width="24" height="24" viewBox="0 0 24 24" fill="none" stroke="currentColor" stroke-width="2" stroke-linecap="round" stroke-linejoin="round" class="lucide lucide-ellipsis-vertical w-4 h-4 text-gray-600" aria-hidden="true"><circle cx="12" cy="12" r="1"></circle><circle cx="12" cy="5" r="1"></circle><circle cx="12" cy="19" r="1"></circle></svg></button></div><p class="text-sm text-gray-800 whitespace-pre-wrap mb-2">I learned something new today!</p><div class="flex items-center gap-3"><div class="flex items-center gap-3"><button data-testid="reaction-button-like" class="
                            group inline-flex items-center gap-1.5 px-3 py-1.5 rounded-md font-medium text-sm transition-all duration-200
                            bg-white text-gray-700 hover:bg-gray-50 border border-gray-300
                            cursor-pointer hover:scale-105
                        " type="button" id="radix-_r_4f_" aria-haspopup="menu" aria-expanded="false" data-state="closed"><span class="text-base">👍</span><span class="font-medium text-sm">Like</span></button></div><button data-testid="reply-button" class="flex items-center gap-1 text-sm text-gray-600 hover:text-gray-900 transition-colors"><svg xmlns="http://www.w3.org/2000/svg" width="24" height="24" viewBox="0 0 24 24" fill="none" stroke="currentColor" stroke-width="2" stroke-linecap="round" stroke-linejoin="round" class="lucide lucide-reply w-4 h-4" aria-hidden="true"><path d="M20 18v-2a4 4 0 0 0-4-4H4"></path><path d="m9 17-5-5 5-5"></path></svg>Reply</button></div></div><div class="mt-2 space-y-2"><div class="ml-10"><div class="bg-white rounded-md border border-gray-200 p-3"><div class="flex items-start justify-between mb-2"><div class="flex items-center gap-2"><div class="w-8 h-8 bg-gradient-to-br from-gray-700 to-gray-900 rounded-full flex items-center justify-center text-white font-semibold text-sm flex-shrink-0 cursor-pointer hover:ring-2 hover:ring-gray-900 hover:ring-offset-1 transition-all">L</div><div><div class="flex items-center gap-1.5"><span class="text-sm font-semibold text-gray-900 cursor-pointer hover:underline">Luke Wilson</span></div><span class="text-xs text-gray-500">Nov 30, 2025, 06:17 PM</span></div></div><button class="p-1 hover:bg-gray-100 rounded-full transition-colors" type="button" id="radix-_r_4h_" aria-haspopup="menu" aria-expanded="false" data-state="closed"><svg xmlns="http://www.w3.org/2000/svg" width="24" height="24" viewBox="0 0 24 24" fill="none" stroke="currentColor" stroke-width="2" stroke-linecap="round" stroke-linejoin="round" class="lucide lucide-ellipsis-vertical w-4 h-4 text-gray-600" aria-hidden="true"><circle cx="12" cy="12" r="1"></circle><circle cx="12" cy="5" r="1"></circle><circle cx="12" cy="19" r="1"></circle></svg></button></div><p class="text-sm text-gray-800 whitespace-pre-wrap mb-2">Great addition to the discussion!</p><div class="flex items-center gap-3"><div class="flex items-center gap-3"><button data-testid="reaction-button-like" class="
                            group inline-flex items-center gap-1.5 px-3 py-1.5 rounded-md font-medium text-sm transition-all duration-200
                            bg-white text-gray-700 hover:bg-gray-50 border border-gray-300
                            cursor-pointer hover:scale-105
                        " type="button" id="radix-_r_4j_" aria-haspopup="menu" aria-expanded="false" data-state="closed"><span class="text-base">👍</span><span class="font-medium text-sm">Like</span></button></div></div></div></div><div class="ml-10"><div class="bg-white rounded-md border border-gray-200 p-3"><div class="flex items-start justify-between mb-2"><div class="flex items-center gap-2"><div class="w-8 h-8 bg-gradient-to-br from-gray-700 to-gray-900 rounded-full flex items-center justify-center text-white font-semibold text-sm flex-shrink-0 cursor-pointer hover:ring-2 hover:ring-gray-900 hover:ring-offset-1 transition-all">R</div><div><div class="flex items-center gap-1.5"><span class="text-sm font-semibold text-gray-900 cursor-pointer hover:underline">Riley Williams</span></div><span class="text-xs text-gray-500">Nov 30, 2025, 06:17 PM</span></div></div><button class="p-1 hover:bg-gray-100 rounded-full transition-colors" type="button" id="radix-_r_4o_" aria-haspopup="menu" aria-expanded="false" data-state="closed"><svg xmlns="http://www.w3.org/2000/svg" width="24" height="24" viewBox="0 0 24 24" fill="none" stroke="currentColor" stroke-width="2" stroke-linecap="round" stroke-linejoin="round" class="lucide lucide-ellipsis-vertical w-4 h-4 text-gray-600" aria-hidden="true"><circle cx="12" cy="12" r="1"></circle><circle cx="12" cy="5" r="1"></circle><circle cx="12" cy="19" r="1"></circle></svg></button></div><p class="text-sm text-gray-800 whitespace-pre-wrap mb-2">Well put!</p><div class="flex items-center gap-3"><div class="flex items-center gap-3"><button data-testid="reaction-button-like" class="
                            group inline-flex items-center gap-1.5 px-3 py-1.5 rounded-md font-medium text-sm transition-all duration-200
                            bg-white text-gray-700 hover:bg-gray-50 border border-gray-300
                            cursor-pointer hover:scale-105
                        " type="button" id="radix-_r_4q_" aria-haspopup="menu" aria-expanded="false" data-state="closed"><span class="text-base">👍</span><span class="font-medium text-sm">Like</span></button></div></div></div></div></div></div><div class=""><div class="bg-white rounded-md border border-gray-200 p-3"><div class="flex items-start justify-between mb-2"><div class="flex items-center gap-2"><div class="w-8 h-8 bg-gradient-to-br from-gray-700 to-gray-900 rounded-full flex items-center justify-center text-white font-semibold text-sm flex-shrink-0 cursor-pointer hover:ring-2 hover:ring-gray-900 hover:ring-offset-1 transition-all">C</div><div><div class="flex items-center gap-1.5"><span class="text-sm font-semibold text-gray-900 cursor-pointer hover:underline">Charlotte Johnson</span></div><span class="text-xs text-gray-500">Nov 30, 2025, 06:17 PM</span></div></div><button class="p-1 hover:bg-gray-100 rounded-full transition-colors" type="button" id="radix-_r_52_" aria-haspopup="menu" aria-expanded="false" data-state="closed"><svg xmlns="http://www.w3.org/2000/svg" width="24" height="24" viewBox="0 0 24 24" fill="none" stroke="currentColor" stroke-width="2" stroke-linecap="round" stroke-linejoin="round" class="lucide lucide-ellipsis-vertical w-4 h-4 text-gray-600" aria-hidden="true"><circle cx="12" cy="12" r="1"></circle><circle cx="12" cy="5" r="1"></circle><circle cx="12" cy="19" r="1"></circle></svg></button></div><p class="text-sm text-gray-800 whitespace-pre-wrap mb-2">Could you elaborate more on this?</p><div class="flex items-center gap-3"><div class="flex items-center gap-3"><button data-testid="reaction-button-like" class="
                            group inline-flex items-center gap-1.5 px-3 py-1.5 rounded-md font-medium text-sm transition-all duration-200
                            bg-white text-gray-700 hover:bg-gray-50 border border-gray-300
                            cursor-pointer hover:scale-105
                        " type="button" id="radix-_r_54_" aria-haspopup="menu" aria-expanded="false" data-state="closed"><span class="text-base">👍</span><span class="font-medium text-sm">Like</span></button></div><button data-testid="reply-button" class="flex items-center gap-1 text-sm text-gray-600 hover:text-gray-900 transition-colors"><svg xmlns="http://www.w3.org/2000/svg" width="24" height="24" viewBox="0 0 24 24" fill="none" stroke="currentColor" stroke-width="2" stroke-linecap="round" stroke-linejoin="round" class="lucide lucide-reply w-4 h-4" aria-hidden="true"><path d="M20 18v-2a4 4 0 0 0-4-4H4"></path><path d="m9 17-5-5 5-5"></path></svg>Reply</button></div></div></div><div class=""><div class="bg-white rounded-md border border-gray-200 p-3"><div class="flex items-start justify-between mb-2"><div class="flex items-center gap-2"><div class="w-8 h-8 bg-gradient-to-br from-gray-700 to-gray-900 rounded-full flex items-center justify-center text-white font-semibold text-sm flex-shrink-0 cursor-pointer hover:ring-2 hover:ring-gray-900 hover:ring-offset-1 transition-all">S</div><div><div class="flex items-center gap-1.5"><span class="text-sm font-semibold text-gray-900 cursor-pointer hover:underline">Samuel Rodriguez</span></div><span class="text-xs text-gray-500">Nov 30, 2025, 06:17 PM</span></div></div><button class="p-1 hover:bg-gray-100 rounded-full transition-colors" type="button" id="radix-_r_59_" aria-haspopup="menu" aria-expanded="false" data-state="closed"><svg xmlns="http://www.w3.org/2000/svg" width="24" height="24" viewBox="0 0 24 24" fill="none" stroke="currentColor" stroke-width="2" stroke-linecap="round" stroke-linejoin="round" class="lucide lucide-ellipsis-vertical w-4 h-4 text-gray-600" aria-hidden="true"><circle cx="12" cy="12" r="1"></circle><circle cx="12" cy="5" r="1"></circle><circle cx="12" cy="19" r="1"></circle></svg></button></div><p class="text-sm text-gray-800 whitespace-pre-wrap mb-2">This resonates with me so much.</p><div class="flex items-center gap-3"><div class="flex items-center gap-3"><button data-testid="reaction-button-like" class="
                            group inline-flex items-center gap-1.5 px-3 py-1.5 rounded-md font-medium text-sm transition-all duration-200
                            bg-white text-gray-700 hover:bg-gray-50 border border-gray-300
                            cursor-pointer hover:scale-105
                        " type="button" id="radix-_r_5b_" aria-haspopup="menu" aria-expanded="false" data-state="closed"><span class="text-base">👍</span><span class="font-medium text-sm">Like</span></button></div><button data-testid="reply-button" class="flex items-center gap-1 text-sm text-gray-600 hover:text-gray-900 transition-colors"><svg xmlns="http://www.w3.org/2000/svg" width="24" height="24" viewBox="0 0 24 24" fill="none" stroke="currentColor" stroke-width="2" stroke-linecap="round" stroke-linejoin="round" class="lucide lucide-reply w-4 h-4" aria-hidden="true"><path d="M20 18v-2a4 4 0 0 0-4-4H4"></path><path d="m9 17-5-5 5-5"></path></svg>Reply</button></div></div></div></div></div></div></div></article><article class="bg-white rounded-xl shadow-sm border border-gray-200 overflow-hidden hover:shadow-md transition-shadow"><div class="p-6"><h2 class="text-xl font-bold text-gray-900 mb-3">User Success Stories</h2><p class="text-gray-600 leading-relaxed mb-6">We love hearing from our users! Today we are sharing some incredible success stories from our community. Your feedback and reactions mean the world to us. Keep them coming!</p><div class="pt-4 border-t border-gray-100"><div class="flex items-center gap-3"><button data-testid="reaction-button-like" class="
                            group inline-flex items-center gap-1.5 px-3 py-1.5 rounded-md font-medium text-sm transition-all duration-200
                            bg-white text-gray-700 hover:bg-gray-50 border border-gray-300
                            cursor-pointer hover:scale-105
                        " type="button" id="radix-_r_5g_" aria-haspopup="menu" aria-expanded="false" data-state="closed"><span class="text-base">👍</span><span class="font-medium text-sm">Like</span></button><div class="flex items-center gap-1.5"><button data-testid="reaction-count-love" class="
                                    inline-flex items-center gap-1 px-2 py-1 rounded-full text-xs font-medium transition-all
                                    bg-gray-100 text-gray-700 hover:bg-gray-200
                                    cursor-pointer hover:scale-105
                                "><span class="text-base">❤️</span><span>3</span></button><button data-testid="reaction-count-sad" class="
                                    inline-flex items-center gap-1 px-2 py-1 rounded-full text-xs font-medium transition-all
                                    bg-gray-100 text-gray-700 hover:bg-gray-200
                                    cursor-pointer hover:scale-105
                                "><span class="text-base">😢</span><span>2</span></button><button data-testid="reaction-count-like" class="
                                    inline-flex items-center gap-1 px-2 py-1 rounded-full text-xs font-medium transition-all
                                    bg-gray-100 text-gray-700 hover:bg-gray-200
                                    cursor-pointer hover:scale-105
                                "><span class="text-base">👍</span><span>1</span></button><button data-testid="reaction-count-wow" class="
                                    inline-flex items-center gap-1 px-2 py-1 rounded-full text-xs font-medium transition-all
                                    bg-gray-100 text-gray-700 hover:bg-gray-200
                                    cursor-pointer hover:scale-105
                                "><span class="text-base">😮</span><span>1</span></button><button data-testid="reaction-count-angry" class="
                                    inline-flex items-center gap-1 px-2 py-1 rounded-full text-xs font-medium transition-all
                                    bg-gray-100 text-gray-700 hover:bg-gray-200
                                    cursor-pointer hover:scale-105
                                "><span class="text-base">😠</span><span>1</span></button><button class="p-1.5 hover:bg-gray-100 rounded-full transition-colors" title="See who reacted"><svg xmlns="http://www.w3.org/2000/svg" width="24" height="24" viewBox="0 0 24 24" fill="none" stroke="currentColor" stroke-width="2" stroke-linecap="round" stroke-linejoin="round" class="lucide lucide-chevron-down w-4 h-4 text-gray-600" aria-hidden="true"><path d="m6 9 6 6 6-6"></path></svg></button></div></div></div><div class="pt-6 border-t border-gray-100 mt-6"><div class="space-y-3"><div class="flex items-center justify-between"><div class="flex items-center gap-2"><svg xmlns="http://www.w3.org/2000/svg" width="24" height="24" viewBox="0 0 24 24" fill="none" stroke="currentColor" stroke-width="2" stroke-linecap="round" stroke-linejoin="round" class="lucide lucide-message-square w-4 h-4 text-gray-600" aria-hidden="true"><path d="M22 17a2 2 0 0 1-2 2H6.828a2 2 0 0 0-1.414.586l-2.202 2.202A.71.71 0 0 1 2 21.286V5a2 2 0 0 1 2-2h16a2 2 0 0 1 2 2z"></path></svg><h3 class="text-base font-semibold text-gray-900">Comments (3)</h3></div><button data-testid="add-comment-button" class="px-3 py-1.5 text-sm font-medium text-white bg-gray-900 rounded-md hover:bg-gray-800 transition-colors">Add Comment</button></div><div class="space-y-2"><div class=""><div class="bg-white rounded-md border border-gray-200 p-3"><div class="flex items-start justify-between mb-2"><div class="flex items-center gap-2"><div class="w-8 h-8 bg-gradient-to-br from-gray-700 to-gray-900 rounded-full flex items-center justify-center text-white font-semibold text-sm flex-shrink-0 cursor-pointer hover:ring-2 hover:ring-gray-900 hover:ring-offset-1 transition-all">L</div><div><div class="flex items-center gap-1.5"><span class="text-sm font-semibold text-gray-900 cursor-pointer hover:underline">Lillian Gonzalez</span></div><span class="text-xs text-gray-500">Nov 30, 2025, 06:17 PM</span></div></div><button class="p-1 hover:bg-gray-100 rounded-full transition-colors" type="button" id="radix-_r_5i_" aria-haspopup="menu" aria-expanded="false" data-state="closed"><svg xmlns="http://www.w3.org/2000/svg" width="24" height="24" viewBox="0 0 24 24" fill="none" stroke="currentColor" stroke-width="2" stroke-linecap="round" stroke-linejoin="round" class="lucide lucide-ellipsis-vertical w-4 h-4 text-gray-600" aria-hidden="true"><circle cx="12" cy="12" r="1"></circle><circle cx="12" cy="5" r="1"></circle><circle cx="12" cy="19" r="1"></circle></svg></button></div><p class="text-sm text-gray-800 whitespace-pre-wrap mb-2">This is really helpful, thank you!</p><div class="flex items-center gap-3"><div class="flex items-center gap-3"><button data-testid="reaction-button-like" class="
                            group inline-flex items-center gap-1.5 px-3 py-1.5 rounded-md font-medium text-sm transition-all duration-200
                            bg-white text-gray-700 hover:bg-gray-50 border border-gray-300
                            cursor-pointer hover:scale-105
                        " type="button" id="radix-_r_5k_" aria-haspopup="menu" aria-expanded="false" data-state="closed"><span class="text-base">👍</span><span class="font-medium text-sm">Like</span></button></div><button data-testid="reply-button" class="flex items-center gap-1 text-sm text-gray-600 hover:text-gray-900 transition-colors"><svg xmlns="http://www.w3.org/2000/svg" width="24" height="24" viewBox="0 0 24 24" fill="none" stroke="currentColor" stroke-width="2" stroke-linecap="round" stroke-linejoin="round" class="lucide lucide-reply w-4 h-4" aria-hidden="true"><path d="M20 18v-2a4 4 0 0 0-4-4H4"></path><path d="m9 17-5-5 5-5"></path></svg>Reply</button></div></div></div><div class=""><div class="bg-white rounded-md border border-gray-200 p-3"><div class="flex items-start justify-between mb-2"><div class="flex items-center gap-2"><div class="w-8 h-8 bg-gradient-to-br from-gray-700 to-gray-900 rounded-full flex items-center justify-center text-white font-semibold text-sm flex-shrink-0 cursor-pointer hover:ring-2 hover:ring-gray-900 hover:ring-offset-1 transition-all">M</div><div><div class="flex items-center gap-1.5"><span class="text-sm font-semibold text-gray-900 cursor-pointer hover:underline">Mason Miller</span></div><span class="text-xs text-gray-500">Nov 30, 2025, 06:17 PM</span></div></div><button class="p-1 hover:bg-gray-100 rounded-full transition-colors" type="button" id="radix-_r_5p_" aria-haspopup="menu" aria-expanded="false" data-state="closed"><svg xmlns="http://www.w3.org/2000/svg" width="24" height="24" viewBox="0 0 24 24" fill="none" stroke="currentColor" stroke-width="2" stroke-linecap="round" stroke-linejoin="round" class="lucide lucide-ellipsis-vertical w-4 h-4 text-gray-600" aria-hidden="true"><circle cx="12" cy="12" r="1"></circle><circle cx="12" cy="5" r="1"></circle><circle cx="12" cy="19" r="1"></circle></svg></button></div><p class="text-sm text-gray-800 whitespace-pre-wrap mb-2">Thanks for sharing this information.</p><div class="flex items-center gap-3"><div class="flex items-center gap-3"><button data-testid="reaction-button-like" class="
                            group inline-flex items-center gap-1.5 px-3 py-1.5 rounded-md font-medium text-sm transition-all duration-200
                            bg-white text-gray-700 hover:bg-gray-50 border border-gray-300
                            cursor-pointer hover:scale-105
                        " type="button" id="radix-_r_5r_" aria-haspopup="menu" aria-expanded="false" data-state="closed"><span class="text-base">👍</span><span class="font-medium text-sm">Like</span></button></div><button data-testid="reply-button" class="flex items-center gap-1 text-sm text-gray-600 hover:text-gray-900 transition-colors"><svg xmlns="http://www.w3.org/2000/svg" width="24" height="24" viewBox="0 0 24 24" fill="none" stroke="currentColor" stroke-width="2" stroke-linecap="round" stroke-linejoin="round" class="lucide lucide-reply w-4 h-4" aria-hidden="true"><path d="M20 18v-2a4 4 0 0 0-4-4H4"></path><path d="m9 17-5-5 5-5"></path></svg>Reply</button></div></div></div><div class=""><div class="bg-white rounded-md border border-gray-200 p-3"><div class="flex items-start justify-between mb-2"><div class="flex items-center gap-2"><div class="w-8 h-8 bg-gradient-to-br from-gray-700 to-gray-900 rounded-full flex items-center justify-center text-white font-semibold text-sm flex-shrink-0 cursor-pointer hover:ring-2 hover:ring-gray-900 hover:ring-offset-1 transition-all">S</div><div><div class="flex items-center gap-1.5"><span class="text-sm font-semibold text-gray-900 cursor-pointer hover:underline">Sebastian Thomas</span></div><span class="text-xs text-gray-500">Nov 30, 2025, 06:17 PM</span></div></div><button class="p-1 hover:bg-gray-100 rounded-full transition-colors" type="button" id="radix-_r_60_" aria-haspopup="menu" aria-expanded="false" data-state="closed"><svg xmlns="http://www.w3.org/2000/svg" width="24" height="24" viewBox="0 0 24 24" fill="none" stroke="currentColor" stroke-width="2" stroke-linecap="round" stroke-linejoin="round" class="lucide lucide-ellipsis-vertical w-4 h-4 text-gray-600" aria-hidden="true"><circle cx="12" cy="12" r="1"></circle><circle cx="12" cy="5" r="1"></circle><circle cx="12" cy="19" r="1"></circle></svg></button></div><p class="text-sm text-gray-800 whitespace-pre-wrap mb-2">This is amazing! Great work!</p><div class="flex items-center gap-3"><div class="flex items-center gap-3"><button data-testid="reaction-button-like" class="
                            group inline-flex items-center gap-1.5 px-3 py-1.5 rounded-md font-medium text-sm transition-all duration-200
                            bg-white text-gray-700 hover:bg-gray-50 border border-gray-300
                            cursor-pointer hover:scale-105
                        " type="button" id="radix-_r_62_" aria-haspopup="menu" aria-expanded="false" data-state="closed"><span class="text-base">👍</span><span class="font-medium text-sm">Like</span></button></div><button data-testid="reply-button" class="flex items-center gap-1 text-sm text-gray-600 hover:text-gray-900 transition-colors"><svg xmlns="http://www.w3.org/2000/svg" width="24" height="24" viewBox="0 0 24 24" fill="none" stroke="currentColor" stroke-width="2" stroke-linecap="round" stroke-linejoin="round" class="lucide lucide-reply w-4 h-4" aria-hidden="true"><path d="M20 18v-2a4 4 0 0 0-4-4H4"></path><path d="m9 17-5-5 5-5"></path></svg>Reply</button></div></div><div class="mt-2 space-y-2"><div class="ml-10"><div class="bg-white rounded-md border border-gray-200 p-3"><div class="flex items-start justify-between mb-2"><div class="flex items-center gap-2"><div class="w-8 h-8 bg-gradient-to-br from-gray-700 to-gray-900 rounded-full flex items-center justify-center text-white font-semibold text-sm flex-shrink-0 cursor-pointer hover:ring-2 hover:ring-gray-900 hover:ring-offset-1 transition-all">L</div><div><div class="flex items-center gap-1.5"><span class="text-sm font-semibold text-gray-900 cursor-pointer hover:underline">Liam Brown</span></div><span class="text-xs text-gray-500">Nov 30, 2025, 06:17 PM</span></div></div><button class="p-1 hover:bg-gray-100 rounded-full transition-colors" type="button" id="radix-_r_64_" aria-haspopup="menu" aria-expanded="false" data-state="closed"><svg xmlns="http://www.w3.org/2000/svg" width="24" height="24" viewBox="0 0 24 24" fill="none" stroke="currentColor" stroke-width="2" stroke-linecap="round" stroke-linejoin="round" class="lucide lucide-ellipsis-vertical w-4 h-4 text-gray-600" aria-hidden="true"><circle cx="12" cy="12" r="1"></circle><circle cx="12" cy="5" r="1"></circle><circle cx="12" cy="19" r="1"></circle></svg></button></div><p class="text-sm text-gray-800 whitespace-pre-wrap mb-2">I agree with you!</p><div class="flex items-center gap-3"><div class="flex items-center gap-3"><button data-testid="reaction-button-like" class="
                            group inline-flex items-center gap-1.5 px-3 py-1.5 rounded-md font-medium text-sm transition-all duration-200
                            bg-white text-gray-700 hover:bg-gray-50 border border-gray-300
                            cursor-pointer hover:scale-105
                        " type="button" id="radix-_r_66_" aria-haspopup="menu" aria-expanded="false" data-state="closed"><span class="text-base">👍</span><span class="font-medium text-sm">Like</span></button></div></div></div></div><div class="ml-10"><div class="bg-white rounded-md border border-gray-200 p-3"><div class="flex items-start justify-between mb-2"><div class="flex items-center gap-2"><div class="w-8 h-8 bg-gradient-to-br from-gray-700 to-gray-900 rounded-full flex items-center justify-center text-white font-semibold text-sm flex-shrink-0 cursor-pointer hover:ring-2 hover:ring-gray-900 hover:ring-offset-1 transition-all">S</div><div><div class="flex items-center gap-1.5"><span class="text-sm font-semibold text-gray-900 cursor-pointer hover:underline">Sebastian Thomas</span></div><span class="text-xs text-gray-500">Nov 30, 2025, 06:17 PM</span></div></div><button class="p-1 hover:bg-gray-100 rounded-full transition-colors" type="button" id="radix-_r_6b_" aria-haspopup="menu" aria-expanded="false" data-state="closed"><svg xmlns="http://www.w3.org/2000/svg" width="24" height="24" viewBox="0 0 24 24" fill="none" stroke="currentColor" stroke-width="2" stroke-linecap="round" stroke-linejoin="round" class="lucide lucide-ellipsis-vertical w-4 h-4 text-gray-600" aria-hidden="true"><circle cx="12" cy="12" r="1"></circle><circle cx="12" cy="5" r="1"></circle><circle cx="12" cy="19" r="1"></circle></svg></button></div><p class="text-sm text-gray-800 whitespace-pre-wrap mb-2">Thanks for your comment!</p><div class="flex items-center gap-3"><div class="flex items-center gap-3"><button data-testid="reaction-button-like" class="
                            group inline-flex items-center gap-1.5 px-3 py-1.5 rounded-md font-medium text-sm transition-all duration-200
                            bg-white text-gray-700 hover:bg-gray-50 border border-gray-300
                            cursor-pointer hover:scale-105
                        " type="button" id="radix-_r_6d_" aria-haspopup="menu" aria-expanded="false" data-state="closed"><span class="text-base">👍</span><span class="font-medium text-sm">Like</span></button></div></div></div></div></div></div></div></div></div></div></article><article class="bg-white rounded-xl shadow-sm border border-gray-200 overflow-hidden hover:shadow-md transition-shadow"><div class="p-6"><h2 class="text-xl font-bold text-gray-900 mb-3">Tips and Tricks for Power Users</h2><p class="text-gray-600 leading-relaxed mb-6">Did you know you can quickly react by hovering over the button? Here are some tips and tricks to get the most out of our platform. Become a power user today!</p><div class="pt-4 border-t border-gray-100"><div class="flex items-center gap-3"><button data-testid="reaction-button-like" class="
                            group inline-flex items-center gap-1.5 px-3 py-1.5 rounded-md font-medium text-sm transition-all duration-200
                            bg-white text-gray-700 hover:bg-gray-50 border border-gray-300
                            cursor-pointer hover:scale-105
                        " type="button" id="radix-_r_6l_" aria-haspopup="menu" aria-expanded="false" data-state="closed"><span class="text-base">👍</span><span class="font-medium text-sm">Like</span></button><div class="flex items-center gap-1.5"><button data-testid="reaction-count-love" class="
                                    inline-flex items-center gap-1 px-2 py-1 rounded-full text-xs font-medium transition-all
                                    bg-gray-100 text-gray-700 hover:bg-gray-200
                                    cursor-pointer hover:scale-105
                                "><span class="text-base">❤️</span><span>2</span></button><button data-testid="reaction-count-like" class="
                                    inline-flex items-center gap-1 px-2 py-1 rounded-full text-xs font-medium transition-all
                                    bg-gray-100 text-gray-700 hover:bg-gray-200
                                    cursor-pointer hover:scale-105
                                "><span class="text-base">👍</span><span>1</span></button><button data-testid="reaction-count-wow" class="
                                    inline-flex items-center gap-1 px-2 py-1 rounded-full text-xs font-medium transition-all
                                    bg-gray-100 text-gray-700 hover:bg-gray-200
                                    cursor-pointer hover:scale-105
                                "><span class="text-base">😮</span><span>1</span></button><button class="p-1.5 hover:bg-gray-100 rounded-full transition-colors" title="See who reacted"><svg xmlns="http://www.w3.org/2000/svg" width="24" height="24" viewBox="0 0 24 24" fill="none" stroke="currentColor" stroke-width="2" stroke-linecap="round" stroke-linejoin="round" class="lucide lucide-chevron-down w-4 h-4 text-gray-600" aria-hidden="true"><path d="m6 9 6 6 6-6"></path></svg></button></div></div></div><div class="pt-6 border-t border-gray-100 mt-6"><div class="space-y-3"><div class="flex items-center justify-between"><div class="flex items-center gap-2"><svg xmlns="http://www.w3.org/2000/svg" width="24" height="24" viewBox="0 0 24 24" fill="none" stroke="currentColor" stroke-width="2" stroke-linecap="round" stroke-linejoin="round" class="lucide lucide-message-square w-4 h-4 text-gray-600" aria-hidden="true"><path d="M22 17a2 2 0 0 1-2 2H6.828a2 2 0 0 0-1.414.586l-2.202 2.202A.71.71 0 0 1 2 21.286V5a2 2 0 0 1 2-2h16a2 2 0 0 1 2 2z"></path></svg><h3 class="text-base font-semibold text-gray-900">Comments (4)</h3></div><button data-testid="add-comment-button" class="px-3 py-1.5 text-sm font-medium text-white bg-gray-900 rounded-md hover:bg-gray-800 transition-colors">Add Comment</button></div><div class="space-y-2"><div class=""><div class="bg-white rounded-md border border-gray-200 p-3"><div class="flex items-start justify-between mb-2"><div class="flex items-center gap-2"><div class="w-8 h-8 bg-gradient-to-br from-gray-700 to-gray-900 rounded-full flex items-center justify-center text-white font-semibold text-sm flex-shrink-0 cursor-pointer hover:ring-2 hover:ring-gray-900 hover:ring-offset-1 transition-all">V</div><div><div class="flex items-center gap-1.5"><span class="text-sm font-semibold text-gray-900 cursor-pointer hover:underline">Victoria Thomas</span></div><span class="text-xs text-gray-500">Nov 30, 2025, 06:17 PM</span></div></div><button class="p-1 hover:bg-gray-100 rounded-full transition-colors" type="button" id="radix-_r_6n_" aria-haspopup="menu" aria-expanded="false" data-state="closed"><svg xmlns="http://www.w3.org/2000/svg" width="24" height="24" viewBox="0 0 24 24" fill="none" stroke="currentColor" stroke-width="2" stroke-linecap="round" stroke-linejoin="round" class="lucide lucide-ellipsis-vertical w-4 h-4 text-gray-600" aria-hidden="true"><circle cx="12" cy="12" r="1"></circle><circle cx="12" cy="5" r="1"></circle><circle cx="12" cy="19" r="1"></circle></svg></button></div><p class="text-sm text-gray-800 whitespace-pre-wrap mb-2">Fantastic post! Keep it up!</p><div class="flex items-center gap-3"><div class="flex items-center gap-3"><button data-testid="reaction-button-like" class="
                            group inline-flex items-center gap-1.5 px-3 py-1.5 rounded-md font-medium text-sm transition-all duration-200
                            bg-white text-gray-700 hover:bg-gray-50 border border-gray-300
                            cursor-pointer hover:scale-105
                        " type="button" id="radix-_r_6p_" aria-haspopup="menu" aria-expanded="false" data-state="closed"><span class="text-base">👍</span><span class="font-medium text-sm">Like</span></button></div><button data-testid="reply-button" class="flex items-center gap-1 text-sm text-gray-600 hover:text-gray-900 transition-colors"><svg xmlns="http://www.w3.org/2000/svg" width="24" height="24" viewBox="0 0 24 24" fill="none" stroke="currentColor" stroke-width="2" stroke-linecap="round" stroke-linejoin="round" class="lucide lucide-reply w-4 h-4" aria-hidden="true"><path d="M20 18v-2a4 4 0 0 0-4-4H4"></path><path d="m9 17-5-5 5-5"></path></svg>Reply</button></div></div><div class="mt-2 space-y-2"><div class="ml-10"><div class="bg-white rounded-md border border-gray-200 p-3"><div class="flex items-start justify-between mb-2"><div class="flex items-center gap-2"><div class="w-8 h-8 bg-gradient-to-br from-gray-700 to-gray-900 rounded-full flex items-center justify-center text-white font-semibold text-sm flex-shrink-0 cursor-pointer hover:ring-2 hover:ring-gray-900 hover:ring-offset-1 transition-all">M</div><div><div class="flex items-center gap-1.5"><span class="text-sm font-semibold text-gray-900 cursor-pointer hover:underline">Mason Jones</span></div><span class="text-xs text-gray-500">Nov 30, 2025, 06:17 PM</span></div></div><button class="p-1 hover:bg-gray-100 rounded-full transition-colors" type="button" id="radix-_r_6r_" aria-haspopup="menu" aria-expanded="false" data-state="closed"><svg xmlns="http://www.w3.org/2000/svg" width="24" height="24" viewBox="0 0 24 24" fill="none" stroke="currentColor" stroke-width="2" stroke-linecap="round" stroke-linejoin="round" class="lucide lucide-ellipsis-vertical w-4 h-4 text-gray-600" aria-hidden="true"><circle cx="12" cy="12" r="1"></circle><circle cx="12" cy="5" r="1"></circle><circle cx="12" cy="19" r="1"></circle></svg></button></div><p class="text-sm text-gray-800 whitespace-pre-wrap mb-2">Interesting perspective!</p><div class="flex items-center gap-3"><div class="flex items-center gap-3"><button data-testid="reaction-button-like" class="
                            group inline-flex items-center gap-1.5 px-3 py-1.5 rounded-md font-medium text-sm transition-all duration-200
                            bg-white text-gray-700 hover:bg-gray-50 border border-gray-300
                            cursor-pointer hover:scale-105
                        " type="button" id="radix-_r_6t_" aria-haspopup="menu" aria-expanded="false" data-state="closed"><span class="text-base">👍</span><span class="font-medium text-sm">Like</span></button></div></div></div></div></div></div><div class=""><div class="bg-white rounded-md border border-gray-200 p-3"><div class="flex items-start justify-between mb-2"><div class="flex items-center gap-2"><div class="w-8 h-8 bg-gradient-to-br from-gray-700 to-gray-900 rounded-full flex items-center justify-center text-white font-semibold text-sm flex-shrink-0 cursor-pointer hover:ring-2 hover:ring-gray-900 hover:ring-offset-1 transition-all">B</div><div><div class="flex items-center gap-1.5"><span class="text-sm font-semibold text-gray-900 cursor-pointer hover:underline">Benjamin Moore</span></div><span class="text-xs text-gray-500">Nov 30, 2025, 06:17 PM</span></div></div><button class="p-1 hover:bg-gray-100 rounded-full transition-colors" type="button" id="radix-_r_75_" aria-haspopup="menu" aria-expanded="false" data-state="closed"><svg xmlns="http://www.w3.org/2000/svg" width="24" height="24" viewBox="0 0 24 24" fill="none" stroke="currentColor" stroke-width="2" stroke-linecap="round" stroke-linejoin="round" class="lucide lucide-ellipsis-vertical w-4 h-4 text-gray-600" aria-hidden="true"><circle cx="12" cy="12" r="1"></circle><circle cx="12" cy="5" r="1"></circle><circle cx="12" cy="19" r="1"></circle></svg></button></div><p class="text-sm text-gray-800 whitespace-pre-wrap mb-2">This resonates with me so much.</p><div class="flex items-center gap-3"><div class="flex items-center gap-3"><button data-testid="reaction-button-like" class="
                            group inline-flex items-center gap-1.5 px-3 py-1.5 rounded-md font-medium text-sm transition-all duration-200
                            bg-white text-gray-700 hover:bg-gray-50 border border-gray-300
                            cursor-pointer hover:scale-105
                        " type="button" id="radix-_r_77_" aria-haspopup="menu" aria-expanded="false" data-state="closed"><span class="text-base">👍</span><span class="font-medium text-sm">Like</span></button></div><button data-testid="reply-button" class="flex items-center gap-1 text-sm text-gray-600 hover:text-gray-900 transition-colors"><svg xmlns="http://www.w3.org/2000/svg" width="24" height="24" viewBox="0 0 24 24" fill="none" stroke="currentColor" stroke-width="2" stroke-linecap="round" stroke-linejoin="round" class="lucide lucide-reply w-4 h-4" aria-hidden="true"><path d="M20 18v-2a4 4 0 0 0-4-4H4"></path><path d="m9 17-5-5 5-5"></path></svg>Reply</button></div></div><div class="mt-2 space-y-2"><div class="ml-10"><div class="bg-white rounded-md border border-gray-200 p-3"><div class="flex items-start justify-between mb-2"><div class="flex items-center gap-2"><div class="w-8 h-8 bg-gradient-to-br from-gray-700 to-gray-900 rounded-full flex items-center justify-center text-white font-semibold text-sm flex-shrink-0 cursor-pointer hover:ring-2 hover:ring-gray-900 hover:ring-offset-1 transition-all">L</div><div><div class="flex items-center gap-1.5"><span class="text-sm font-semibold text-gray-900 cursor-pointer hover:underline">Liam Brown</span></div><span class="text-xs text-gray-500">Nov 30, 2025, 06:17 PM</span></div></div><button class="p-1 hover:bg-gray-100 rounded-full transition-colors" type="button" id="radix-_r_79_" aria-haspopup="menu" aria-expanded="false" data-state="closed"><svg xmlns="http://www.w3.org/2000/svg" width="24" height="24" viewBox="0 0 24 24" fill="none" stroke="currentColor" stroke-width="2" stroke-linecap="round" stroke-linejoin="round" class="lucide lucide-ellipsis-vertical w-4 h-4 text-gray-600" aria-hidden="true"><circle cx="12" cy="12" r="1"></circle><circle cx="12" cy="5" r="1"></circle><circle cx="12" cy="19" r="1"></circle></svg></button></div><p class="text-sm text-gray-800 whitespace-pre-wrap mb-2">I agree with you!</p><div class="flex items-center gap-3"><div class="flex items-center gap-3"><button data-testid="reaction-button-like" class="
                            group inline-flex items-center gap-1.5 px-3 py-1.5 rounded-md font-medium text-sm transition-all duration-200
                            bg-white text-gray-700 hover:bg-gray-50 border border-gray-300
                            cursor-pointer hover:scale-105
                        " type="button" id="radix-_r_7b_" aria-haspopup="menu" aria-expanded="false" data-state="closed"><span class="text-base">👍</span><span class="font-medium text-sm">Like</span></button></div></div></div></div><div class="ml-10"><div class="bg-white rounded-md border border-gray-200 p-3"><div class="flex items-start justify-between mb-2"><div class="flex items-center gap-2"><div class="w-8 h-8 bg-gradient-to-br from-gray-700 to-gray-900 rounded-full flex items-center justify-center text-white font-semibold text-sm flex-shrink-0 cursor-pointer hover:ring-2 hover:ring-gray-900 hover:ring-offset-1 transition-all">O</div><div><div class="flex items-center gap-1.5"><span class="text-sm font-semibold text-gray-900 cursor-pointer hover:underline">Owen Anderson</span></div><span class="text-xs text-gray-500">Nov 30, 2025, 06:17 PM</span></div></div><button class="p-1 hover:bg-gray-100 rounded-full transition-colors" type="button" id="radix-_r_7g_" aria-haspopup="menu" aria-expanded="false" data-state="closed"><svg xmlns="http://www.w3.org/2000/svg" width="24" height="24" viewBox="0 0 24 24" fill="none" stroke="currentColor" stroke-width="2" stroke-linecap="round" stroke-linejoin="round" class="lucide lucide-ellipsis-vertical w-4 h-4 text-gray-600" aria-hidden="true"><circle cx="12" cy="12" r="1"></circle><circle cx="12" cy="5" r="1"></circle><circle cx="12" cy="19" r="1"></circle></svg></button></div><p class="text-sm text-gray-800 whitespace-pre-wrap mb-2">Thanks for your comment!</p><div class="flex items-center gap-3"><div class="flex items-center gap-3"><button data-testid="reaction-button-like" class="
                            group inline-flex items-center gap-1.5 px-3 py-1.5 rounded-md font-medium text-sm transition-all duration-200
                            bg-white text-gray-700 hover:bg-gray-50 border border-gray-300
                            cursor-pointer hover:scale-105
                        " type="button" id="radix-_r_7i_" aria-haspopup="menu" aria-expanded="false" data-state="closed"><span class="text-base">👍</span><span class="font-medium text-sm">Like</span></button></div></div></div></div></div></div><div class=""><div class="bg-white rounded-md border border-gray-200 p-3"><div class="flex items-start justify-between mb-2"><div class="flex items-center gap-2"><div class="w-8 h-8 bg-gradient-to-br from-gray-700 to-gray-900 rounded-full flex items-center justify-center text-white font-semibold text-sm flex-shrink-0 cursor-pointer hover:ring-2 hover:ring-gray-900 hover:ring-offset-1 transition-all">E</div><div><div class="flex items-center gap-1.5"><span class="text-sm font-semibold text-gray-900 cursor-pointer hover:underline">Ethan Clark</span></div><span class="text-xs text-gray-500">Nov 30, 2025, 06:17 PM</span></div></div><button class="p-1 hover:bg-gray-100 rounded-full transition-colors" type="button" id="radix-_r_7q_" aria-haspopup="menu" aria-expanded="false" data-state="closed"><svg xmlns="http://www.w3.org/2000/svg" width="24" height="24" viewBox="0 0 24 24" fill="none" stroke="currentColor" stroke-width="2" stroke-linecap="round" stroke-linejoin="round" class="lucide lucide-ellipsis-vertical w-4 h-4 text-gray-600" aria-hidden="true"><circle cx="12" cy="12" r="1"></circle><circle cx="12" cy="5" r="1"></circle><circle cx="12" cy="19" r="1"></circle></svg></button></div><p class="text-sm text-gray-800 whitespace-pre-wrap mb-2">Well said! Couldn't agree more.</p><div class="flex items-center gap-3"><div class="flex items-center gap-3"><button data-testid="reaction-button-like" class="
                            group inline-flex items-center gap-1.5 px-3 py-1.5 rounded-md font-medium text-sm transition-all duration-200
                            bg-white text-gray-700 hover:bg-gray-50 border border-gray-300
                            cursor-pointer hover:scale-105
                        " type="button" id="radix-_r_7s_" aria-haspopup="menu" aria-expanded="false" data-state="closed"><span class="text-base">👍</span><span class="font-medium text-sm">Like</span></button></div><button data-testid="reply-button" class="flex items-center gap-1 text-sm text-gray-600 hover:text-gray-900 transition-colors"><svg xmlns="http://www.w3.org/2000/svg" width="24" height="24" viewBox="0 0 24 24" fill="none" stroke="currentColor" stroke-width="2" stroke-linecap="round" stroke-linejoin="round" class="lucide lucide-reply w-4 h-4" aria-hidden="true"><path d="M20 18v-2a4 4 0 0 0-4-4H4"></path><path d="m9 17-5-5 5-5"></path></svg>Reply</button></div></div></div><div class=""><div class="bg-white rounded-md border border-gray-200 p-3"><div class="flex items-start justify-between mb-2"><div class="flex items-center gap-2"><div class="w-8 h-8 bg-gradient-to-br from-gray-700 to-gray-900 rounded-full flex items-center justify-center text-white font-semibold text-sm flex-shrink-0 cursor-pointer hover:ring-2 hover:ring-gray-900 hover:ring-offset-1 transition-all">L</div><div><div class="flex items-center gap-1.5"><span class="text-sm font-semibold text-gray-900 cursor-pointer hover:underline">Luke Wilson</span></div><span class="text-xs text-gray-500">Nov 30, 2025, 06:17 PM</span></div></div><button class="p-1 hover:bg-gray-100 rounded-full transition-colors" type="button" id="radix-_r_81_" aria-haspopup="menu" aria-expanded="false" data-state="closed"><svg xmlns="http://www.w3.org/2000/svg" width="24" height="24" viewBox="0 0 24 24" fill="none" stroke="currentColor" stroke-width="2" stroke-linecap="round" stroke-linejoin="round" class="lucide lucide-ellipsis-vertical w-4 h-4 text-gray-600" aria-hidden="true"><circle cx="12" cy="12" r="1"></circle><circle cx="12" cy="5" r="1"></circle><circle cx="12" cy="19" r="1"></circle></svg></button></div><p class="text-sm text-gray-800 whitespace-pre-wrap mb-2">Fantastic post! Keep it up!</p><div class="flex items-center gap-3"><div class="flex items-center gap-3"><button data-testid="reaction-button-like" class="
                            group inline-flex items-center gap-1.5 px-3 py-1.5 rounded-md font-medium text-sm transition-all duration-200
                            bg-white text-gray-700 hover:bg-gray-50 border border-gray-300
                            cursor-pointer hover:scale-105
                        " type="button" id="radix-_r_83_" aria-haspopup="menu" aria-expanded="false" data-state="closed"><span class="text-base">👍</span><span class="font-medium text-sm">Like</span></button></div><button data-testid="reply-button" class="flex items-center gap-1 text-sm text-gray-600 hover:text-gray-900 transition-colors"><svg xmlns="http://www.w3.org/2000/svg" width="24" height="24" viewBox="0 0 24 24" fill="none" stroke="currentColor" stroke-width="2" stroke-linecap="round" stroke-linejoin="round" class="lucide lucide-reply w-4 h-4" aria-hidden="true"><path d="M20 18v-2a4 4 0 0 0-4-4H4"></path><path d="m9 17-5-5 5-5"></path></svg>Reply</button></div></div></div></div></div></div></div></article><article class="bg-white rounded-xl shadow-sm border border-gray-200 overflow-hidden hover:shadow-md transition-shadow"><div class="p-6"><h2 class="text-xl font-bold text-gray-900 mb-3">Upcoming Events and Webinars</h2><p class="text-gray-600 leading-relaxed mb-6">Join us for our upcoming webinar series where we will dive deep into advanced features and best practices. React to this post if you are interested in attending!</p><div class="pt-4 border-t border-gray-100"><div class="flex items-center gap-3"><button data-testid="reaction-button-like" class="
                            group inline-flex items-center gap-1.5 px-3 py-1.5 rounded-md font-medium text-sm transition-all duration-200
                            bg-white text-gray-700 hover:bg-gray-50 border border-gray-300
                            cursor-pointer hover:scale-105
                        " type="button" id="radix-_r_88_" aria-haspopup="menu" aria-expanded="false" data-state="closed"><span class="text-base">👍</span><span class="font-medium text-sm">Like</span></button><div class="flex items-center gap-1.5"><button data-testid="reaction-count-like" class="
                                    inline-flex items-center gap-1 px-2 py-1 rounded-full text-xs font-medium transition-all
                                    bg-gray-100 text-gray-700 hover:bg-gray-200
                                    cursor-pointer hover:scale-105
                                "><span class="text-base">👍</span><span>1</span></button><button data-testid="reaction-count-haha" class="
                                    inline-flex items-center gap-1 px-2 py-1 rounded-full text-xs font-medium transition-all
                                    bg-gray-100 text-gray-700 hover:bg-gray-200
                                    cursor-pointer hover:scale-105
                                "><span class="text-base">😂</span><span>1</span></button><button data-testid="reaction-count-angry" class="
                                    inline-flex items-center gap-1 px-2 py-1 rounded-full text-xs font-medium transition-all
                                    bg-gray-100 text-gray-700 hover:bg-gray-200
                                    cursor-pointer hover:scale-105
                                "><span class="text-base">😠</span><span>1</span></button><button class="p-1.5 hover:bg-gray-100 rounded-full transition-colors" title="See who reacted"><svg xmlns="http://www.w3.org/2000/svg" width="24" height="24" viewBox="0 0 24 24" fill="none" stroke="currentColor" stroke-width="2" stroke-linecap="round" stroke-linejoin="round" class="lucide lucide-chevron-down w-4 h-4 text-gray-600" aria-hidden="true"><path d="m6 9 6 6 6-6"></path></svg></button></div></div></div><div class="pt-6 border-t border-gray-100 mt-6"><div class="space-y-3"><div class="flex items-center justify-between"><div class="flex items-center gap-2"><svg xmlns="http://www.w3.org/2000/svg" width="24" height="24" viewBox="0 0 24 24" fill="none" stroke="currentColor" stroke-width="2" stroke-linecap="round" stroke-linejoin="round" class="lucide lucide-message-square w-4 h-4 text-gray-600" aria-hidden="true"><path d="M22 17a2 2 0 0 1-2 2H6.828a2 2 0 0 0-1.414.586l-2.202 2.202A.71.71 0 0 1 2 21.286V5a2 2 0 0 1 2-2h16a2 2 0 0 1 2 2z"></path></svg><h3 class="text-base font-semibold text-gray-900">Comments (5)</h3></div><button data-testid="add-comment-button" class="px-3 py-1.5 text-sm font-medium text-white bg-gray-900 rounded-md hover:bg-gray-800 transition-colors">Add Comment</button></div><div class="space-y-2"><div class=""><div class="bg-white rounded-md border border-gray-200 p-3"><div class="flex items-start justify-between mb-2"><div class="flex items-center gap-2"><div class="w-8 h-8 bg-gradient-to-br from-gray-700 to-gray-900 rounded-full flex items-center justify-center text-white font-semibold text-sm flex-shrink-0 cursor-pointer hover:ring-2 hover:ring-gray-900 hover:ring-offset-1 transition-all">N</div><div><div class="flex items-center gap-1.5"><span class="text-sm font-semibold text-gray-900 cursor-pointer hover:underline">Noah Moore</span></div><span class="text-xs text-gray-500">Nov 30, 2025, 06:17 PM</span></div></div><button class="p-1 hover:bg-gray-100 rounded-full transition-colors" type="button" id="radix-_r_8a_" aria-haspopup="menu" aria-expanded="false" data-state="closed"><svg xmlns="http://www.w3.org/2000/svg" width="24" height="24" viewBox="0 0 24 24" fill="none" stroke="currentColor" stroke-width="2" stroke-linecap="round" stroke-linejoin="round" class="lucide lucide-ellipsis-vertical w-4 h-4 text-gray-600" aria-hidden="true"><circle cx="12" cy="12" r="1"></circle><circle cx="12" cy="5" r="1"></circle><circle cx="12" cy="19" r="1"></circle></svg></button></div><p class="text-sm text-gray-800 whitespace-pre-wrap mb-2">This deserves more attention.</p><div class="flex items-center gap-3"><div class="flex items-center gap-3"><button data-testid="reaction-button-like" class="
                            group inline-flex items-center gap-1.5 px-3 py-1.5 rounded-md font-medium text-sm transition-all duration-200
                            bg-white text-gray-700 hover:bg-gray-50 border border-gray-300
                            cursor-pointer hover:scale-105
                        " type="button" id="radix-_r_8c_" aria-haspopup="menu" aria-expanded="false" data-state="closed"><span class="text-base">👍</span><span class="font-medium text-sm">Like</span></button></div><button data-testid="reply-button" class="flex items-center gap-1 text-sm text-gray-600 hover:text-gray-900 transition-colors"><svg xmlns="http://www.w3.org/2000/svg" width="24" height="24" viewBox="0 0 24 24" fill="none" stroke="currentColor" stroke-width="2" stroke-linecap="round" stroke-linejoin="round" class="lucide lucide-reply w-4 h-4" aria-hidden="true"><path d="M20 18v-2a4 4 0 0 0-4-4H4"></path><path d="m9 17-5-5 5-5"></path></svg>Reply</button></div></div></div><div class=""><div class="bg-white rounded-md border border-gray-200 p-3"><div class="flex items-start justify-between mb-2"><div class="flex items-center gap-2"><div class="w-8 h-8 bg-gradient-to-br from-gray-700 to-gray-900 rounded-full flex items-center justify-center text-white font-semibold text-sm flex-shrink-0 cursor-pointer hover:ring-2 hover:ring-gray-900 hover:ring-offset-1 transition-all">E</div><div><div class="flex items-center gap-1.5"><span class="text-sm font-semibold text-gray-900 cursor-pointer hover:underline">Emily Thomas</span></div><span class="text-xs text-gray-500">Nov 30, 2025, 06:17 PM</span></div></div><button class="p-1 hover:bg-gray-100 rounded-full transition-colors" type="button" id="radix-_r_8h_" aria-haspopup="menu" aria-expanded="false" data-state="closed"><svg xmlns="http://www.w3.org/2000/svg" width="24" height="24" viewBox="0 0 24 24" fill="none" stroke="currentColor" stroke-width="2" stroke-linecap="round" stroke-linejoin="round" class="lucide lucide-ellipsis-vertical w-4 h-4 text-gray-600" aria-hidden="true"><circle cx="12" cy="12" r="1"></circle><circle cx="12" cy="5" r="1"></circle><circle cx="12" cy="19" r="1"></circle></svg></button></div><p class="text-sm text-gray-800 whitespace-pre-wrap mb-2">Well said! Couldn't agree more.</p><div class="flex items-center gap-3"><div class="flex items-center gap-3"><button data-testid="reaction-button-like" class="
                            group inline-flex items-center gap-1.5 px-3 py-1.5 rounded-md font-medium text-sm transition-all duration-200
                            bg-white text-gray-700 hover:bg-gray-50 border border-gray-300
                            cursor-pointer hover:scale-105
                        " type="button" id="radix-_r_8j_" aria-haspopup="menu" aria-expanded="false" data-state="closed"><span class="text-base">👍</span><span class="font-medium text-sm">Like</span></button></div><button data-testid="reply-button" class="flex items-center gap-1 text-sm text-gray-600 hover:text-gray-900 transition-colors"><svg xmlns="http://www.w3.org/2000/svg" width="24" height="24" viewBox="0 0 24 24" fill="none" stroke="currentColor" stroke-width="2" stroke-linecap="round" stroke-linejoin="round" class="lucide lucide-reply w-4 h-4" aria-hidden="true"><path d="M20 18v-2a4 4 0 0 0-4-4H4"></path><path d="m9 17-5-5 5-5"></path></svg>Reply</button></div></div></div><div class=""><div class="bg-white rounded-md border border-gray-200 p-3"><div class="flex items-start justify-between mb-2"><div class="flex items-center gap-2"><div class="w-8 h-8 bg-gradient-to-br from-gray-700 to-gray-900 rounded-full flex items-center justify-center text-white font-semibold text-sm flex-shrink-0 cursor-pointer hover:ring-2 hover:ring-gray-900 hover:ring-offset-1 transition-all">J</div><div><div class="flex items-center gap-1.5"><span class="text-sm font-semibold text-gray-900 cursor-pointer hover:underline">Jackson Jackson</span></div><span class="text-xs text-gray-500">Nov 30, 2025, 06:17 PM</span></div></div><button class="p-1 hover:bg-gray-100 rounded-full transition-colors" type="button" id="radix-_r_8o_" aria-haspopup="menu" aria-expanded="false" data-state="closed"><svg xmlns="http://www.w3.org/2000/svg" width="24" height="24" viewBox="0 0 24 24" fill="none" stroke="currentColor" stroke-width="2" stroke-linecap="round" stroke-linejoin="round" class="lucide lucide-ellipsis-vertical w-4 h-4 text-gray-600" aria-hidden="true"><circle cx="12" cy="12" r="1"></circle><circle cx="12" cy="5" r="1"></circle><circle cx="12" cy="19" r="1"></circle></svg></button></div><p class="text-sm text-gray-800 whitespace-pre-wrap mb-2">Fantastic post! Keep it up!</p><div class="flex items-center gap-3"><div class="flex items-center gap-3"><button data-testid="reaction-button-like" class="
                            group inline-flex items-center gap-1.5 px-3 py-1.5 rounded-md font-medium text-sm transition-all duration-200
                            bg-white text-gray-700 hover:bg-gray-50 border border-gray-300
                            cursor-pointer hover:scale-105
                        " type="button" id="radix-_r_8q_" aria-haspopup="menu" aria-expanded="false" data-state="closed"><span class="text-base">👍</span><span class="font-medium text-sm">Like</span></button></div><button data-testid="reply-button" class="flex items-center gap-1 text-sm text-gray-600 hover:text-gray-900 transition-colors"><svg xmlns="http://www.w3.org/2000/svg" width="24" height="24" viewBox="0 0 24 24" fill="none" stroke="currentColor" stroke-width="2" stroke-linecap="round" stroke-linejoin="round" class="lucide lucide-reply w-4 h-4" aria-hidden="true"><path d="M20 18v-2a4 4 0 0 0-4-4H4"></path><path d="m9 17-5-5 5-5"></path></svg>Reply</button></div></div><div class="mt-2 space-y-2"><div class="ml-10"><div class="bg-white rounded-md border border-gray-200 p-3"><div class="flex items-start justify-between mb-2"><div class="flex items-center gap-2"><div class="w-8 h-8 bg-gradient-to-br from-gray-700 to-gray-900 rounded-full flex items-center justify-center text-white font-semibold text-sm flex-shrink-0 cursor-pointer hover:ring-2 hover:ring-gray-900 hover:ring-offset-1 transition-all">J</div><div><div class="flex items-center gap-1.5"><span class="text-sm font-semibold text-gray-900 cursor-pointer hover:underline">Jackson Jackson</span></div><span class="text-xs text-gray-500">Nov 30, 2025, 06:17 PM</span></div></div><button class="p-1 hover:bg-gray-100 rounded-full transition-colors" type="button" id="radix-_r_8s_" aria-haspopup="menu" aria-expanded="false" data-state="closed"><svg xmlns="http://www.w3.org/2000/svg" width="24" height="24" viewBox="0 0 24 24" fill="none" stroke="currentColor" stroke-width="2" stroke-linecap="round" stroke-linejoin="round" class="lucide lucide-ellipsis-vertical w-4 h-4 text-gray-600" aria-hidden="true"><circle cx="12" cy="12" r="1"></circle><circle cx="12" cy="5" r="1"></circle><circle cx="12" cy="19" r="1"></circle></svg></button></div><p class="text-sm text-gray-800 whitespace-pre-wrap mb-2">I agree with you!</p><div class="flex items-center gap-3"><div class="flex items-center gap-3"><button data-testid="reaction-button-like" class="
                            group inline-flex items-center gap-1.5 px-3 py-1.5 rounded-md font-medium text-sm transition-all duration-200
                            bg-white text-gray-700 hover:bg-gray-50 border border-gray-300
                            cursor-pointer hover:scale-105
                        " type="button" id="radix-_r_8u_" aria-haspopup="menu" aria-expanded="false" data-state="closed"><span class="text-base">👍</span><span class="font-medium text-sm">Like</span></button></div></div></div></div><div class="ml-10"><div class="bg-white rounded-md border border-gray-200 p-3"><div class="flex items-start justify-between mb-2"><div class="flex items-center gap-2"><div class="w-8 h-8 bg-gradient-to-br from-gray-700 to-gray-900 rounded-full flex items-center justify-center text-white font-semibold text-sm flex-shrink-0 cursor-pointer hover:ring-2 hover:ring-gray-900 hover:ring-offset-1 transition-all">S</div><div><div class="flex items-center gap-1.5"><span class="text-sm font-semibold text-gray-900 cursor-pointer hover:underline">Sebastian Thomas</span></div><span class="text-xs text-gray-500">Nov 30, 2025, 06:17 PM</span></div></div><button class="p-1 hover:bg-gray-100 rounded-full transition-colors" type="button" id="radix-_r_93_" aria-haspopup="menu" aria-expanded="false" data-state="closed"><svg xmlns="http://www.w3.org/2000/svg" width="24" height="24" viewBox="0 0 24 24" fill="none" stroke="currentColor" stroke-width="2" stroke-linecap="round" stroke-linejoin="round" class="lucide lucide-ellipsis-vertical w-4 h-4 text-gray-600" aria-hidden="true"><circle cx="12" cy="12" r="1"></circle><circle cx="12" cy="5" r="1"></circle><circle cx="12" cy="19" r="1"></circle></svg></button></div><p class="text-sm text-gray-800 whitespace-pre-wrap mb-2">Interesting perspective!</p><div class="flex items-center gap-3"><div class="flex items-center gap-3"><button data-testid="reaction-button-like" class="
                            group inline-flex items-center gap-1.5 px-3 py-1.5 rounded-md font-medium text-sm transition-all duration-200
                            bg-white text-gray-700 hover:bg-gray-50 border border-gray-300
                            cursor-pointer hover:scale-105
                        " type="button" id="radix-_r_95_" aria-haspopup="menu" aria-expanded="false" data-state="closed"><span class="text-base">👍</span><span class="font-medium text-sm">Like</span></button></div></div></div></div></div></div><div class=""><div class="bg-white rounded-md border border-gray-200 p-3"><div class="flex items-start justify-between mb-2"><div class="flex items-center gap-2"><div class="w-8 h-8 bg-gradient-to-br from-gray-700 to-gray-900 rounded-full flex items-center justify-center text-white font-semibold text-sm flex-shrink-0 cursor-pointer hover:ring-2 hover:ring-gray-900 hover:ring-offset-1 transition-all">M</div><div><div class="flex items-center gap-1.5"><span class="text-sm font-semibold text-gray-900 cursor-pointer hover:underline">Mason Jones</span></div><span class="text-xs text-gray-500">Nov 30, 2025, 06:17 PM</span></div></div><button class="p-1 hover:bg-gray-100 rounded-full transition-colors" type="button" id="radix-_r_9d_" aria-haspopup="menu" aria-expanded="false" data-state="closed"><svg xmlns="http://www.w3.org/2000/svg" width="24" height="24" viewBox="0 0 24 24" fill="none" stroke="currentColor" stroke-width="2" stroke-linecap="round" stroke-linejoin="round" class="lucide lucide-ellipsis-vertical w-4 h-4 text-gray-600" aria-hidden="true"><circle cx="12" cy="12" r="1"></circle><circle cx="12" cy="5" r="1"></circle><circle cx="12" cy="19" r="1"></circle></svg></button></div><p class="text-sm text-gray-800 whitespace-pre-wrap mb-2">Could you elaborate more on this?</p><div class="flex items-center gap-3"><div class="flex items-center gap-3"><button data-testid="reaction-button-like" class="
                            group inline-flex items-center gap-1.5 px-3 py-1.5 rounded-md font-medium text-sm transition-all duration-200
                            bg-white text-gray-700 hover:bg-gray-50 border border-gray-300
                            cursor-pointer hover:scale-105
                        " type="button" id="radix-_r_9f_" aria-haspopup="menu" aria-expanded="false" data-state="closed"><span class="text-base">👍</span><span class="font-medium text-sm">Like</span></button></div><button data-testid="reply-button" class="flex items-center gap-1 text-sm text-gray-600 hover:text-gray-900 transition-colors"><svg xmlns="http://www.w3.org/2000/svg" width="24" height="24" viewBox="0 0 24 24" fill="none" stroke="currentColor" stroke-width="2" stroke-linecap="round" stroke-linejoin="round" class="lucide lucide-reply w-4 h-4" aria-hidden="true"><path d="M20 18v-2a4 4 0 0 0-4-4H4"></path><path d="m9 17-5-5 5-5"></path></svg>Reply</button></div></div><div class="mt-2 space-y-2"><div class="ml-10"><div class="bg-white rounded-md border border-gray-200 p-3"><div class="flex items-start justify-between mb-2"><div class="flex items-center gap-2"><div class="w-8 h-8 bg-gradient-to-br from-gray-700 to-gray-900 rounded-full flex items-center justify-center text-white font-semibold text-sm flex-shrink-0 cursor-pointer hover:ring-2 hover:ring-gray-900 hover:ring-offset-1 transition-all">M</div><div><div class="flex items-center gap-1.5"><span class="text-sm font-semibold text-gray-900 cursor-pointer hover:underline">Mia Davis</span></div><span class="text-xs text-gray-500">Nov 30, 2025, 06:17 PM</span></div></div><button class="p-1 hover:bg-gray-100 rounded-full transition-colors" type="button" id="radix-_r_9h_" aria-haspopup="menu" aria-expanded="false" data-state="closed"><svg xmlns="http://www.w3.org/2000/svg" width="24" height="24" viewBox="0 0 24 24" fill="none" stroke="currentColor" stroke-width="2" stroke-linecap="round" stroke-linejoin="round" class="lucide lucide-ellipsis-vertical w-4 h-4 text-gray-600" aria-hidden="true"><circle cx="12" cy="12" r="1"></circle><circle cx="12" cy="5" r="1"></circle><circle cx="12" cy="19" r="1"></circle></svg></button></div><p class="text-sm text-gray-800 whitespace-pre-wrap mb-2">Interesting perspective!</p><div class="flex items-center gap-3"><div class="flex items-center gap-3"><button data-testid="reaction-button-like" class="
                            group inline-flex items-center gap-1.5 px-3 py-1.5 rounded-md font-medium text-sm transition-all duration-200
                            bg-white text-gray-700 hover:bg-gray-50 border border-gray-300
                            cursor-pointer hover:scale-105
                        " type="button" id="radix-_r_9j_" aria-haspopup="menu" aria-expanded="false" data-state="closed"><span class="text-base">👍</span><span class="font-medium text-sm">Like</span></button></div></div></div></div><div class="ml-10"><div class="bg-white rounded-md border border-gray-200 p-3"><div class="flex items-start justify-between mb-2"><div class="flex items-center gap-2"><div class="w-8 h-8 bg-gradient-to-br from-gray-700 to-gray-900 rounded-full flex items-center justify-center text-white font-semibold text-sm flex-shrink-0 cursor-pointer hover:ring-2 hover:ring-gray-900 hover:ring-offset-1 transition-all">L</div><div><div class="flex items-center gap-1.5"><span class="text-sm font-semibold text-gray-900 cursor-pointer hover:underline">Lily Martinez</span></div><span class="text-xs text-gray-500">Nov 30, 2025, 06:17 PM</span></div></div><button class="p-1 hover:bg-gray-100 rounded-full transition-colors" type="button" id="radix-_r_9o_" aria-haspopup="menu" aria-expanded="false" data-state="closed"><svg xmlns="http://www.w3.org/2000/svg" width="24" height="24" viewBox="0 0 24 24" fill="none" stroke="currentColor" stroke-width="2" stroke-linecap="round" stroke-linejoin="round" class="lucide lucide-ellipsis-vertical w-4 h-4 text-gray-600" aria-hidden="true"><circle cx="12" cy="12" r="1"></circle><circle cx="12" cy="5" r="1"></circle><circle cx="12" cy="19" r="1"></circle></svg></button></div><p class="text-sm text-gray-800 whitespace-pre-wrap mb-2">Thanks for your comment!</p><div class="flex items-center gap-3"><div class="flex items-center gap-3"><button data-testid="reaction-button-like" class="
                            group inline-flex items-center gap-1.5 px-3 py-1.5 rounded-md font-medium text-sm transition-all duration-200
                            bg-white text-gray-700 hover:bg-gray-50 border border-gray-300
                            cursor-pointer hover:scale-105
                        " type="button" id="radix-_r_9q_" aria-haspopup="menu" aria-expanded="false" data-state="closed"><span class="text-base">👍</span><span class="font-medium text-sm">Like</span></button></div></div></div></div></div></div><div class=""><div class="bg-white rounded-md border border-gray-200 p-3"><div class="flex items-start justify-between mb-2"><div class="flex items-center gap-2"><div class="w-8 h-8 bg-gradient-to-br from-gray-700 to-gray-900 rounded-full flex items-center justify-center text-white font-semibold text-sm flex-shrink-0 cursor-pointer hover:ring-2 hover:ring-gray-900 hover:ring-offset-1 transition-all">A</div><div><div class="flex items-center gap-1.5"><span class="text-sm font-semibold text-gray-900 cursor-pointer hover:underline">Amelia Anderson</span></div><span class="text-xs text-gray-500">Nov 30, 2025, 06:17 PM</span></div></div><button class="p-1 hover:bg-gray-100 rounded-full transition-colors" type="button" id="radix-_r_a2_" aria-haspopup="menu" aria-expanded="false" data-state="closed"><svg xmlns="http://www.w3.org/2000/svg" width="24" height="24" viewBox="0 0 24 24" fill="none" stroke="currentColor" stroke-width="2" stroke-linecap="round" stroke-linejoin="round" class="lucide lucide-ellipsis-vertical w-4 h-4 text-gray-600" aria-hidden="true"><circle cx="12" cy="12" r="1"></circle><circle cx="12" cy="5" r="1"></circle><circle cx="12" cy="19" r="1"></circle></svg></button></div><p class="text-sm text-gray-800 whitespace-pre-wrap mb-2">I totally agree with this.</p><div class="flex items-center gap-3"><div class="flex items-center gap-3"><button data-testid="reaction-button-like" class="
                            group inline-flex items-center gap-1.5 px-3 py-1.5 rounded-md font-medium text-sm transition-all duration-200
                            bg-white text-gray-700 hover:bg-gray-50 border border-gray-300
                            cursor-pointer hover:scale-105
                        " type="button" id="radix-_r_a4_" aria-haspopup="menu" aria-expanded="false" data-state="closed"><span class="text-base">👍</span><span class="font-medium text-sm">Like</span></button></div><button data-testid="reply-button" class="flex items-center gap-1 text-sm text-gray-600 hover:text-gray-900 transition-colors"><svg xmlns="http://www.w3.org/2000/svg" width="24" height="24" viewBox="0 0 24 24" fill="none" stroke="currentColor" stroke-width="2" stroke-linecap="round" stroke-linejoin="round" class="lucide lucide-reply w-4 h-4" aria-hidden="true"><path d="M20 18v-2a4 4 0 0 0-4-4H4"></path><path d="m9 17-5-5 5-5"></path></svg>Reply</button></div></div></div></div></div></div></div></article><article class="bg-white rounded-xl shadow-sm border border-gray-200 overflow-hidden hover:shadow-md transition-shadow"><div class="p-6"><h2 class="text-xl font-bold text-gray-900 mb-3">Thank You for 10K Users!</h2><p class="text-gray-600 leading-relaxed mb-6">We have reached an incredible milestone - 10,000 users! Thank you all for your support and engagement. We could not have done it without you. React with a ❤️ to celebrate with us!</p><div class="pt-4 border-t border-gray-100"><div class="flex items-center gap-3"><button data-testid="reaction-button-like" class="
                            group inline-flex items-center gap-1.5 px-3 py-1.5 rounded-md font-medium text-sm transition-all duration-200
                            bg-white text-gray-700 hover:bg-gray-50 border border-gray-300
                            cursor-pointer hover:scale-105
                        " type="button" id="radix-_r_a9_" aria-haspopup="menu" aria-expanded="false" data-state="closed"><span class="text-base">👍</span><span class="font-medium text-sm">Like</span></button><div class="flex items-center gap-1.5"><button data-testid="reaction-count-like" class="
                                    inline-flex items-center gap-1 px-2 py-1 rounded-full text-xs font-medium transition-all
                                    bg-gray-100 text-gray-700 hover:bg-gray-200
                                    cursor-pointer hover:scale-105
                                "><span class="text-base">👍</span><span>2</span></button><button data-testid="reaction-count-haha" class="
                                    inline-flex items-center gap-1 px-2 py-1 rounded-full text-xs font-medium transition-all
                                    bg-gray-100 text-gray-700 hover:bg-gray-200
                                    cursor-pointer hover:scale-105
                                "><span class="text-base">😂</span><span>1</span></button><button data-testid="reaction-count-wow" class="
                                    inline-flex items-center gap-1 px-2 py-1 rounded-full text-xs font-medium transition-all
                                    bg-gray-100 text-gray-700 hover:bg-gray-200
                                    cursor-pointer hover:scale-105
                                "><span class="text-base">😮</span><span>1</span></button><button data-testid="reaction-count-angry" class="
                                    inline-flex items-center gap-1 px-2 py-1 rounded-full text-xs font-medium transition-all
                                    bg-gray-100 text-gray-700 hover:bg-gray-200
                                    cursor-pointer hover:scale-105
                                "><span class="text-base">😠</span><span>1</span></button><button class="p-1.5 hover:bg-gray-100 rounded-full transition-colors" title="See who reacted"><svg xmlns="http://www.w3.org/2000/svg" width="24" height="24" viewBox="0 0 24 24" fill="none" stroke="currentColor" stroke-width="2" stroke-linecap="round" stroke-linejoin="round" class="lucide lucide-chevron-down w-4 h-4 text-gray-600" aria-hidden="true"><path d="m6 9 6 6 6-6"></path></svg></button></div></div></div><div class="pt-6 border-t border-gray-100 mt-6"><div class="space-y-3"><div class="flex items-center justify-between"><div class="flex items-center gap-2"><svg xmlns="http://www.w3.org/2000/svg" width="24" height="24" viewBox="0 0 24 24" fill="none" stroke="currentColor" stroke-width="2" stroke-linecap="round" stroke-linejoin="round" class="lucide lucide-message-square w-4 h-4 text-gray-600" aria-hidden="true"><path d="M22 17a2 2 0 0 1-2 2H6.828a2 2 0 0 0-1.414.586l-2.202 2.202A.71.71 0 0 1 2 21.286V5a2 2 0 0 1 2-2h16a2 2 0 0 1 2 2z"></path></svg><h3 class="text-base font-semibold text-gray-900">Comments (2)</h3></div><button data-testid="add-comment-button" class="px-3 py-1.5 text-sm font-medium text-white bg-gray-900 rounded-md hover:bg-gray-800 transition-colors">Add Comment</button></div><div class="space-y-2"><div class=""><div class="bg-white rounded-md border border-gray-200 p-3"><div class="flex items-start justify-between mb-2"><div class="flex items-center gap-2"><div class="w-8 h-8 bg-gradient-to-br from-gray-700 to-gray-900 rounded-full flex items-center justify-center text-white font-semibold text-sm flex-shrink-0 cursor-pointer hover:ring-2 hover:ring-gray-900 hover:ring-offset-1 transition-all">B</div><div><div class="flex items-center gap-1.5"><span class="text-sm font-semibold text-gray-900 cursor-pointer hover:underline">Benjamin Moore</span></div><span class="text-xs text-gray-500">Nov 30, 2025, 06:17 PM</span></div></div><button class="p-1 hover:bg-gray-100 rounded-full transition-colors" type="button" id="radix-_r_ab_" aria-haspopup="menu" aria-expanded="false" data-state="closed"><svg xmlns="http://www.w3.org/2000/svg" width="24" height="24" viewBox="0 0 24 24" fill="none" stroke="currentColor" stroke-width="2" stroke-linecap="round" stroke-linejoin="round" class="lucide lucide-ellipsis-vertical w-4 h-4 text-gray-600" aria-hidden="true"><circle cx="12" cy="12" r="1"></circle><circle cx="12" cy="5" r="1"></circle><circle cx="12" cy="19" r="1"></circle></svg></button></div><p class="text-sm text-gray-800 whitespace-pre-wrap mb-2">Brilliant insights here.</p><div class="flex items-center gap-3"><div class="flex items-center gap-3"><button data-testid="reaction-button-like" class="
                            group inline-flex items-center gap-1.5 px-3 py-1.5 rounded-md font-medium text-sm transition-all duration-200
                            bg-white text-gray-700 hover:bg-gray-50 border border-gray-300
                            cursor-pointer hover:scale-105
                        " type="button" id="radix-_r_ad_" aria-haspopup="menu" aria-expanded="false" data-state="closed"><span class="text-base">👍</span><span class="font-medium text-sm">Like</span></button></div><button data-testid="reply-button" class="flex items-center gap-1 text-sm text-gray-600 hover:text-gray-900 transition-colors"><svg xmlns="http://www.w3.org/2000/svg" width="24" height="24" viewBox="0 0 24 24" fill="none" stroke="currentColor" stroke-width="2" stroke-linecap="round" stroke-linejoin="round" class="lucide lucide-reply w-4 h-4" aria-hidden="true"><path d="M20 18v-2a4 4 0 0 0-4-4H4"></path><path d="m9 17-5-5 5-5"></path></svg>Reply</button></div></div></div><div class=""><div class="bg-white rounded-md border border-gray-200 p-3"><div class="flex items-start justify-between mb-2"><div class="flex items-center gap-2"><div class="w-8 h-8 bg-gradient-to-br from-gray-700 to-gray-900 rounded-full flex items-center justify-center text-white font-semibold text-sm flex-shrink-0 cursor-pointer hover:ring-2 hover:ring-gray-900 hover:ring-offset-1 transition-all">O</div><div><div class="flex items-center gap-1.5"><span class="text-sm font-semibold text-gray-900 cursor-pointer hover:underline">Olivia Lopez</span></div><span class="text-xs text-gray-500">Nov 30, 2025, 06:17 PM</span></div></div><button class="p-1 hover:bg-gray-100 rounded-full transition-colors" type="button" id="radix-_r_ai_" aria-haspopup="menu" aria-expanded="false" data-state="closed"><svg xmlns="http://www.w3.org/2000/svg" width="24" height="24" viewBox="0 0 24 24" fill="none" stroke="currentColor" stroke-width="2" stroke-linecap="round" stroke-linejoin="round" class="lucide lucide-ellipsis-vertical w-4 h-4 text-gray-600" aria-hidden="true"><circle cx="12" cy="12" r="1"></circle><circle cx="12" cy="5" r="1"></circle><circle cx="12" cy="19" r="1"></circle></svg></button></div><p class="text-sm text-gray-800 whitespace-pre-wrap mb-2">This is exactly what I needed to hear.</p><div class="flex items-center gap-3"><div class="flex items-center gap-3"><button data-testid="reaction-button-like" class="
                            group inline-flex items-center gap-1.5 px-3 py-1.5 rounded-md font-medium text-sm transition-all duration-200
                            bg-white text-gray-700 hover:bg-gray-50 border border-gray-300
                            cursor-pointer hover:scale-105
                        " type="button" id="radix-_r_ak_" aria-haspopup="menu" aria-expanded="false" data-state="closed"><span class="text-base">👍</span><span class="font-medium text-sm">Like</span></button></div><button data-testid="reply-button" class="flex items-center gap-1 text-sm text-gray-600 hover:text-gray-900 transition-colors"><svg xmlns="http://www.w3.org/2000/svg" width="24" height="24" viewBox="0 0 24 24" fill="none" stroke="currentColor" stroke-width="2" stroke-linecap="round" stroke-linejoin="round" class="lucide lucide-reply w-4 h-4" aria-hidden="true"><path d="M20 18v-2a4 4 0 0 0-4-4H4"></path><path d="m9 17-5-5 5-5"></path></svg>Reply</button></div></div></div></div></div></div></div></article><article class="bg-white rounded-xl shadow-sm border border-gray-200 overflow-hidden hover:shadow-md transition-shadow"><div class="p-6"><h2 class="text-xl font-bold text-gray-900 mb-3">Feature Request: What Do You Want Next?</h2><p class="text-gray-600 leading-relaxed mb-6">We are planning our next sprint and want to hear from you! What features would you like to see next? React and comment below with your ideas. Your input shapes our roadmap!</p><div class="pt-4 border-t border-gray-100"><div class="flex items-center gap-3"><button data-testid="reaction-button-like" class="
                            group inline-flex items-center gap-1.5 px-3 py-1.5 rounded-md font-medium text-sm transition-all duration-200
                            bg-white text-gray-700 hover:bg-gray-50 border border-gray-300
                            cursor-pointer hover:scale-105
                        " type="button" id="radix-_r_ap_" aria-haspopup="menu" aria-expanded="false" data-state="closed"><span class="text-base">👍</span><span class="font-medium text-sm">Like</span></button><div class="flex items-center gap-1.5"><button data-testid="reaction-count-love" class="
                                    inline-flex items-center gap-1 px-2 py-1 rounded-full text-xs font-medium transition-all
                                    bg-gray-100 text-gray-700 hover:bg-gray-200
                                    cursor-pointer hover:scale-105
                                "><span class="text-base">❤️</span><span>2</span></button><button data-testid="reaction-count-angry" class="
                                    inline-flex items-center gap-1 px-2 py-1 rounded-full text-xs font-medium transition-all
                                    bg-gray-100 text-gray-700 hover:bg-gray-200
                                    cursor-pointer hover:scale-105
                                "><span class="text-base">😠</span><span>2</span></button><button data-testid="reaction-count-like" class="
                                    inline-flex items-center gap-1 px-2 py-1 rounded-full text-xs font-medium transition-all
                                    bg-gray-100 text-gray-700 hover:bg-gray-200
                                    cursor-pointer hover:scale-105
                                "><span class="text-base">👍</span><span>1</span></button><button data-testid="reaction-count-haha" class="
                                    inline-flex items-center gap-1 px-2 py-1 rounded-full text-xs font-medium transition-all
                                    bg-gray-100 text-gray-700 hover:bg-gray-200
                                    cursor-pointer hover:scale-105
                                "><span class="text-base">😂</span><span>1</span></button><button data-testid="reaction-count-sad" class="
                                    inline-flex items-center gap-1 px-2 py-1 rounded-full text-xs font-medium transition-all
                                    bg-gray-100 text-gray-700 hover:bg-gray-200
                                    cursor-pointer hover:scale-105
                                "><span class="text-base">😢</span><span>1</span></button><button class="p-1.5 hover:bg-gray-100 rounded-full transition-colors" title="See who reacted"><svg xmlns="http://www.w3.org/2000/svg" width="24" height="24" viewBox="0 0 24 24" fill="none" stroke="currentColor" stroke-width="2" stroke-linecap="round" stroke-linejoin="round" class="lucide lucide-chevron-down w-4 h-4 text-gray-600" aria-hidden="true"><path d="m6 9 6 6 6-6"></path></svg></button></div></div></div><div class="pt-6 border-t border-gray-100 mt-6"><div class="space-y-3"><div class="flex items-center justify-between"><div class="flex items-center gap-2"><svg xmlns="http://www.w3.org/2000/svg" width="24" height="24" viewBox="0 0 24 24" fill="none" stroke="currentColor" stroke-width="2" stroke-linecap="round" stroke-linejoin="round" class="lucide lucide-message-square w-4 h-4 text-gray-600" aria-hidden="true"><path d="M22 17a2 2 0 0 1-2 2H6.828a2 2 0 0 0-1.414.586l-2.202 2.202A.71.71 0 0 1 2 21.286V5a2 2 0 0 1 2-2h16a2 2 0 0 1 2 2z"></path></svg><h3 class="text-base font-semibold text-gray-900">Comments (5)</h3></div><button data-testid="add-comment-button" class="px-3 py-1.5 text-sm font-medium text-white bg-gray-900 rounded-md hover:bg-gray-800 transition-colors">Add Comment</button></div><div class="space-y-2"><div class=""><div class="bg-white rounded-md border border-gray-200 p-3"><div class="flex items-start justify-between mb-2"><div class="flex items-center gap-2"><div class="w-8 h-8 bg-gradient-to-br from-gray-700 to-gray-900 rounded-full flex items-center justify-center text-white font-semibold text-sm flex-shrink-0 cursor-pointer hover:ring-2 hover:ring-gray-900 hover:ring-offset-1 transition-all">B</div><div><div class="flex items-center gap-1.5"><span class="text-sm font-semibold text-gray-900 cursor-pointer hover:underline">Bob Wilson</span></div><span class="text-xs text-gray-500">Nov 30, 2025, 06:17 PM</span></div></div><button class="p-1 hover:bg-gray-100 rounded-full transition-colors" type="button" id="radix-_r_ar_" aria-haspopup="menu" aria-expanded="false" data-state="closed"><svg xmlns="http://www.w3.org/2000/svg" width="24" height="24" viewBox="0 0 24 24" fill="none" stroke="currentColor" stroke-width="2" stroke-linecap="round" stroke-linejoin="round" class="lucide lucide-ellipsis-vertical w-4 h-4 text-gray-600" aria-hidden="true"><circle cx="12" cy="12" r="1"></circle><circle cx="12" cy="5" r="1"></circle><circle cx="12" cy="19" r="1"></circle></svg></button></div><p class="text-sm text-gray-800 whitespace-pre-wrap mb-2">Fantastic post! Keep it up!</p><div class="flex items-center gap-3"><div class="flex items-center gap-3"><button data-testid="reaction-button-like" class="
                            group inline-flex items-center gap-1.5 px-3 py-1.5 rounded-md font-medium text-sm transition-all duration-200
                            bg-white text-gray-700 hover:bg-gray-50 border border-gray-300
                            cursor-pointer hover:scale-105
                        " type="button" id="radix-_r_at_" aria-haspopup="menu" aria-expanded="false" data-state="closed"><span class="text-base">👍</span><span class="font-medium text-sm">Like</span></button></div><button data-testid="reply-button" class="flex items-center gap-1 text-sm text-gray-600 hover:text-gray-900 transition-colors"><svg xmlns="http://www.w3.org/2000/svg" width="24" height="24" viewBox="0 0 24 24" fill="none" stroke="currentColor" stroke-width="2" stroke-linecap="round" stroke-linejoin="round" class="lucide lucide-reply w-4 h-4" aria-hidden="true"><path d="M20 18v-2a4 4 0 0 0-4-4H4"></path><path d="m9 17-5-5 5-5"></path></svg>Reply</button></div></div></div><div class=""><div class="bg-white rounded-md border border-gray-200 p-3"><div class="flex items-start justify-between mb-2"><div class="flex items-center gap-2"><div class="w-8 h-8 bg-gradient-to-br from-gray-700 to-gray-900 rounded-full flex items-center justify-center text-white font-semibold text-sm flex-shrink-0 cursor-pointer hover:ring-2 hover:ring-gray-900 hover:ring-offset-1 transition-all">L</div><div><div class="flex items-center gap-1.5"><span class="text-sm font-semibold text-gray-900 cursor-pointer hover:underline">Luke Garcia</span></div><span class="text-xs text-gray-500">Nov 30, 2025, 06:17 PM</span></div></div><button class="p-1 hover:bg-gray-100 rounded-full transition-colors" type="button" id="radix-_r_b2_" aria-haspopup="menu" aria-expanded="false" data-state="closed"><svg xmlns="http://www.w3.org/2000/svg" width="24" height="24" viewBox="0 0 24 24" fill="none" stroke="currentColor" stroke-width="2" stroke-linecap="round" stroke-linejoin="round" class="lucide lucide-ellipsis-vertical w-4 h-4 text-gray-600" aria-hidden="true"><circle cx="12" cy="12" r="1"></circle><circle cx="12" cy="5" r="1"></circle><circle cx="12" cy="19" r="1"></circle></svg></button></div><p class="text-sm text-gray-800 whitespace-pre-wrap mb-2">Could you elaborate more on this?</p><div class="flex items-center gap-3"><div class="flex items-center gap-3"><button data-testid="reaction-button-like" class="
                            group inline-flex items-center gap-1.5 px-3 py-1.5 rounded-md font-medium text-sm transition-all duration-200
                            bg-white text-gray-700 hover:bg-gray-50 border border-gray-300
                            cursor-pointer hover:scale-105
                        " type="button" id="radix-_r_b4_" aria-haspopup="menu" aria-expanded="false" data-state="closed"><span class="text-base">👍</span><span class="font-medium text-sm">Like</span></button></div><button data-testid="reply-button" class="flex items-center gap-1 text-sm text-gray-600 hover:text-gray-900 transition-colors"><svg xmlns="http://www.w3.org/2000/svg" width="24" height="24" viewBox="0 0 24 24" fill="none" stroke="currentColor" stroke-width="2" stroke-linecap="round" stroke-linejoin="round" class="lucide lucide-reply w-4 h-4" aria-hidden="true"><path d="M20 18v-2a4 4 0 0 0-4-4H4"></path><path d="m9 17-5-5 5-5"></path></svg>Reply</button></div></div><div class="mt-2 space-y-2"><div class="ml-10"><div class="bg-white rounded-md border border-gray-200 p-3"><div class="flex items-start justify-between mb-2"><div class="flex items-center gap-2"><div class="w-8 h-8 bg-gradient-to-br from-gray-700 to-gray-900 rounded-full flex items-center justify-center text-white font-semibold text-sm flex-shrink-0 cursor-pointer hover:ring-2 hover:ring-gray-900 hover:ring-offset-1 transition-all">J</div><div><div class="flex items-center gap-1.5"><span class="text-sm font-semibold text-gray-900 cursor-pointer hover:underline">Jackson Wilson</span></div><span class="text-xs text-gray-500">Nov 30, 2025, 06:17 PM</span></div></div><button class="p-1 hover:bg-gray-100 rounded-full transition-colors" type="button" id="radix-_r_b6_" aria-haspopup="menu" aria-expanded="false" data-state="closed"><svg xmlns="http://www.w3.org/2000/svg" width="24" height="24" viewBox="0 0 24 24" fill="none" stroke="currentColor" stroke-width="2" stroke-linecap="round" stroke-linejoin="round" class="lucide lucide-ellipsis-vertical w-4 h-4 text-gray-600" aria-hidden="true"><circle cx="12" cy="12" r="1"></circle><circle cx="12" cy="5" r="1"></circle><circle cx="12" cy="19" r="1"></circle></svg></button></div><p class="text-sm text-gray-800 whitespace-pre-wrap mb-2">Great addition to the discussion!</p><div class="flex items-center gap-3"><div class="flex items-center gap-3"><button data-testid="reaction-button-like" class="
                            group inline-flex items-center gap-1.5 px-3 py-1.5 rounded-md font-medium text-sm transition-all duration-200
                            bg-white text-gray-700 hover:bg-gray-50 border border-gray-300
                            cursor-pointer hover:scale-105
                        " type="button" id="radix-_r_b8_" aria-haspopup="menu" aria-expanded="false" data-state="closed"><span class="text-base">👍</span><span class="font-medium text-sm">Like</span></button></div></div></div></div></div></div><div class=""><div class="bg-white rounded-md border border-gray-200 p-3"><div class="flex items-start justify-between mb-2"><div class="flex items-center gap-2"><div class="w-8 h-8 bg-gradient-to-br from-gray-700 to-gray-900 rounded-full flex items-center justify-center text-white font-semibold text-sm flex-shrink-0 cursor-pointer hover:ring-2 hover:ring-gray-900 hover:ring-offset-1 transition-all">L</div><div><div class="flex items-center gap-1.5"><span class="text-sm font-semibold text-gray-900 cursor-pointer hover:underline">Lily Martinez</span></div><span class="text-xs text-gray-500">Nov 30, 2025, 06:17 PM</span></div></div><button class="p-1 hover:bg-gray-100 rounded-full transition-colors" type="button" id="radix-_r_bg_" aria-haspopup="menu" aria-expanded="false" data-state="closed"><svg xmlns="http://www.w3.org/2000/svg" width="24" height="24" viewBox="0 0 24 24" fill="none" stroke="currentColor" stroke-width="2" stroke-linecap="round" stroke-linejoin="round" class="lucide lucide-ellipsis-vertical w-4 h-4 text-gray-600" aria-hidden="true"><circle cx="12" cy="12" r="1"></circle><circle cx="12" cy="5" r="1"></circle><circle cx="12" cy="19" r="1"></circle></svg></button></div><p class="text-sm text-gray-800 whitespace-pre-wrap mb-2">This is really helpful, thank you!</p><div class="flex items-center gap-3"><div class="flex items-center gap-3"><button data-testid="reaction-button-like" class="
                            group inline-flex items-center gap-1.5 px-3 py-1.5 rounded-md font-medium text-sm transition-all duration-200
                            bg-white text-gray-700 hover:bg-gray-50 border border-gray-300
                            cursor-pointer hover:scale-105
                        " type="button" id="radix-_r_bi_" aria-haspopup="menu" aria-expanded="false" data-state="closed"><span class="text-base">👍</span><span class="font-medium text-sm">Like</span></button></div><button data-testid="reply-button" class="flex items-center gap-1 text-sm text-gray-600 hover:text-gray-900 transition-colors"><svg xmlns="http://www.w3.org/2000/svg" width="24" height="24" viewBox="0 0 24 24" fill="none" stroke="currentColor" stroke-width="2" stroke-linecap="round" stroke-linejoin="round" class="lucide lucide-reply w-4 h-4" aria-hidden="true"><path d="M20 18v-2a4 4 0 0 0-4-4H4"></path><path d="m9 17-5-5 5-5"></path></svg>Reply</button></div></div></div><div class=""><div class="bg-white rounded-md border border-gray-200 p-3"><div class="flex items-start justify-between mb-2"><div class="flex items-center gap-2"><div class="w-8 h-8 bg-gradient-to-br from-gray-700 to-gray-900 rounded-full flex items-center justify-center text-white font-semibold text-sm flex-shrink-0 cursor-pointer hover:ring-2 hover:ring-gray-900 hover:ring-offset-1 transition-all">J</div><div><div class="flex items-center gap-1.5"><span class="text-sm font-semibold text-gray-900 cursor-pointer hover:underline">Jackson Jackson</span></div><span class="text-xs text-gray-500">Nov 30, 2025, 06:17 PM</span></div></div><button class="p-1 hover:bg-gray-100 rounded-full transition-colors" type="button" id="radix-_r_bn_" aria-haspopup="menu" aria-expanded="false" data-state="closed"><svg xmlns="http://www.w3.org/2000/svg" width="24" height="24" viewBox="0 0 24 24" fill="none" stroke="currentColor" stroke-width="2" stroke-linecap="round" stroke-linejoin="round" class="lucide lucide-ellipsis-vertical w-4 h-4 text-gray-600" aria-hidden="true"><circle cx="12" cy="12" r="1"></circle><circle cx="12" cy="5" r="1"></circle><circle cx="12" cy="19" r="1"></circle></svg></button></div><p class="text-sm text-gray-800 whitespace-pre-wrap mb-2">Very interesting perspective.</p><div class="flex items-center gap-3"><div class="flex items-center gap-3"><button data-testid="reaction-button-like" class="
                            group inline-flex items-center gap-1.5 px-3 py-1.5 rounded-md font-medium text-sm transition-all duration-200
                            bg-white text-gray-700 hover:bg-gray-50 border border-gray-300
                            cursor-pointer hover:scale-105
                        " type="button" id="radix-_r_bp_" aria-haspopup="menu" aria-expanded="false" data-state="closed"><span class="text-base">👍</span><span class="font-medium text-sm">Like</span></button></div><button data-testid="reply-button" class="flex items-center gap-1 text-sm text-gray-600 hover:text-gray-900 transition-colors"><svg xmlns="http://www.w3.org/2000/svg" width="24" height="24" viewBox="0 0 24 24" fill="none" stroke="currentColor" stroke-width="2" stroke-linecap="round" stroke-linejoin="round" class="lucide lucide-reply w-4 h-4" aria-hidden="true"><path d="M20 18v-2a4 4 0 0 0-4-4H4"></path><path d="m9 17-5-5 5-5"></path></svg>Reply</button></div></div></div><div class=""><div class="bg-white rounded-md border border-gray-200 p-3"><div class="flex items-start justify-between mb-2"><div class="flex items-center gap-2"><div class="w-8 h-8 bg-gradient-to-br from-gray-700 to-gray-900 rounded-full flex items-center justify-center text-white font-semibold text-sm flex-shrink-0 cursor-pointer hover:ring-2 hover:ring-gray-900 hover:ring-offset-1 transition-all">V</div><div><div class="flex items-center gap-1.5"><span class="text-sm font-semibold text-gray-900 cursor-pointer hover:underline">Victoria Thomas</span></div><span class="text-xs text-gray-500">Nov 30, 2025, 06:17 PM</span></div></div><button class="p-1 hover:bg-gray-100 rounded-full transition-colors" type="button" id="radix-_r_bu_" aria-haspopup="menu" aria-expanded="false" data-state="closed"><svg xmlns="http://www.w3.org/2000/svg" width="24" height="24" viewBox="0 0 24 24" fill="none" stroke="currentColor" stroke-width="2" stroke-linecap="round" stroke-linejoin="round" class="lucide lucide-ellipsis-vertical w-4 h-4 text-gray-600" aria-hidden="true"><circle cx="12" cy="12" r="1"></circle><circle cx="12" cy="5" r="1"></circle><circle cx="12" cy="19" r="1"></circle></svg></button></div><p class="text-sm text-gray-800 whitespace-pre-wrap mb-2">I totally agree with this.</p><div class="flex items-center gap-3"><div class="flex items-center gap-3"><button data-testid="reaction-button-like" class="
                            group inline-flex items-center gap-1.5 px-3 py-1.5 rounded-md font-medium text-sm transition-all duration-200
                            bg-white text-gray-700 hover:bg-gray-50 border border-gray-300
                            cursor-pointer hover:scale-105
                        " type="button" id="radix-_r_c0_" aria-haspopup="menu" aria-expanded="false" data-state="closed"><span class="text-base">👍</span><span class="font-medium text-sm">Like</span></button></div><button data-testid="reply-button" class="flex items-center gap-1 text-sm text-gray-600 hover:text-gray-900 transition-colors"><svg xmlns="http://www.w3.org/2000/svg" width="24" height="24" viewBox="0 0 24 24" fill="none" stroke="currentColor" stroke-width="2" stroke-linecap="round" stroke-linejoin="round" class="lucide lucide-reply w-4 h-4" aria-hidden="true"><path d="M20 18v-2a4 4 0 0 0-4-4H4"></path><path d="m9 17-5-5 5-5"></path></svg>Reply</button></div></div></div></div></div></div></div></article><article class="bg-white rounded-xl shadow-sm border border-gray-200 overflow-hidden hover:shadow-md transition-shadow"><div class="p-6"><h2 class="text-xl font-bold text-gray-900 mb-3">Weekend Vibes and Relaxation</h2><p class="text-gray-600 leading-relaxed mb-6">It is the weekend! Time to relax and unwind. What are your plans? Share your weekend vibes by reacting to this post. We hope you all have a wonderful time!</p><div class="pt-4 border-t border-gray-100"><div class="flex items-center gap-3"><button data-testid="reaction-button-like" class="
                            group inline-flex items-center gap-1.5 px-3 py-1.5 rounded-md font-medium text-sm transition-all duration-200
                            bg-white text-gray-700 hover:bg-gray-50 border border-gray-300
                            cursor-pointer hover:scale-105
                        " type="button" id="radix-_r_c5_" aria-haspopup="menu" aria-expanded="false" data-state="closed"><span class="text-base">👍</span><span class="font-medium text-sm">Like</span></button><div class="flex items-center gap-1.5"><button data-testid="reaction-count-sad" class="
                                    inline-flex items-center gap-1 px-2 py-1 rounded-full text-xs font-medium transition-all
                                    bg-gray-100 text-gray-700 hover:bg-gray-200
                                    cursor-pointer hover:scale-105
                                "><span class="text-base">😢</span><span>3</span></button><button data-testid="reaction-count-like" class="
                                    inline-flex items-center gap-1 px-2 py-1 rounded-full text-xs font-medium transition-all
                                    bg-gray-100 text-gray-700 hover:bg-gray-200
                                    cursor-pointer hover:scale-105
                                "><span class="text-base">👍</span><span>2</span></button><button data-testid="reaction-count-haha" class="
                                    inline-flex items-center gap-1 px-2 py-1 rounded-full text-xs font-medium transition-all
                                    bg-gray-100 text-gray-700 hover:bg-gray-200
                                    cursor-pointer hover:scale-105
                                "><span class="text-base">😂</span><span>2</span></button><button data-testid="reaction-count-wow" class="
                                    inline-flex items-center gap-1 px-2 py-1 rounded-full text-xs font-medium transition-all
                                    bg-gray-100 text-gray-700 hover:bg-gray-200
                                    cursor-pointer hover:scale-105
                                "><span class="text-base">😮</span><span>1</span></button><button class="p-1.5 hover:bg-gray-100 rounded-full transition-colors" title="See who reacted"><svg xmlns="http://www.w3.org/2000/svg" width="24" height="24" viewBox="0 0 24 24" fill="none" stroke="currentColor" stroke-width="2" stroke-linecap="round" stroke-linejoin="round" class="lucide lucide-chevron-down w-4 h-4 text-gray-600" aria-hidden="true"><path d="m6 9 6 6 6-6"></path></svg></button></div></div></div><div class="pt-6 border-t border-gray-100 mt-6"><div class="space-y-3"><div class="flex items-center justify-between"><div class="flex items-center gap-2"><svg xmlns="http://www.w3.org/2000/svg" width="24" height="24" viewBox="0 0 24 24" fill="none" stroke="currentColor" stroke-width="2" stroke-linecap="round" stroke-linejoin="round" class="lucide lucide-message-square w-4 h-4 text-gray-600" aria-hidden="true"><path d="M22 17a2 2 0 0 1-2 2H6.828a2 2 0 0 0-1.414.586l-2.202 2.202A.71.71 0 0 1 2 21.286V5a2 2 0 0 1 2-2h16a2 2 0 0 1 2 2z"></path></svg><h3 class="text-base font-semibold text-gray-900">Comments (5)</h3></div><button data-testid="add-comment-button" class="px-3 py-1.5 text-sm font-medium text-white bg-gray-900 rounded-md hover:bg-gray-800 transition-colors">Add Comment</button></div><div class="space-y-2"><div class=""><div class="bg-white rounded-md border border-gray-200 p-3"><div class="flex items-start justify-between mb-2"><div class="flex items-center gap-2"><div class="w-8 h-8 bg-gradient-to-br from-gray-700 to-gray-900 rounded-full flex items-center justify-center text-white font-semibold text-sm flex-shrink-0 cursor-pointer hover:ring-2 hover:ring-gray-900 hover:ring-offset-1 transition-all">J</div><div><div class="flex items-center gap-1.5"><span class="text-sm font-semibold text-gray-900 cursor-pointer hover:underline">John Doe</span></div><span class="text-xs text-gray-500">Nov 30, 2025, 06:17 PM</span></div></div><button class="p-1 hover:bg-gray-100 rounded-full transition-colors" type="button" id="radix-_r_c7_" aria-haspopup="menu" aria-expanded="false" data-state="closed"><svg xmlns="http://www.w3.org/2000/svg" width="24" height="24" viewBox="0 0 24 24" fill="none" stroke="currentColor" stroke-width="2" stroke-linecap="round" stroke-linejoin="round" class="lucide lucide-ellipsis-vertical w-4 h-4 text-gray-600" aria-hidden="true"><circle cx="12" cy="12" r="1"></circle><circle cx="12" cy="5" r="1"></circle><circle cx="12" cy="19" r="1"></circle></svg></button></div><p class="text-sm text-gray-800 whitespace-pre-wrap mb-2">This deserves more attention.</p><div class="flex items-center gap-3"><div class="flex items-center gap-3"><button data-testid="reaction-button-like" class="
                            group inline-flex items-center gap-1.5 px-3 py-1.5 rounded-md font-medium text-sm transition-all duration-200
                            bg-white text-gray-700 hover:bg-gray-50 border border-gray-300
                            cursor-pointer hover:scale-105
                        " type="button" id="radix-_r_c9_" aria-haspopup="menu" aria-expanded="false" data-state="closed"><span class="text-base">👍</span><span class="font-medium text-sm">Like</span></button></div><button data-testid="reply-button" class="flex items-center gap-1 text-sm text-gray-600 hover:text-gray-900 transition-colors"><svg xmlns="http://www.w3.org/2000/svg" width="24" height="24" viewBox="0 0 24 24" fill="none" stroke="currentColor" stroke-width="2" stroke-linecap="round" stroke-linejoin="round" class="lucide lucide-reply w-4 h-4" aria-hidden="true"><path d="M20 18v-2a4 4 0 0 0-4-4H4"></path><path d="m9 17-5-5 5-5"></path></svg>Reply</button></div></div><div class="mt-2 space-y-2"><div class="ml-10"><div class="bg-white rounded-md border border-gray-200 p-3"><div class="flex items-start justify-between mb-2"><div class="flex items-center gap-2"><div class="w-8 h-8 bg-gradient-to-br from-gray-700 to-gray-900 rounded-full flex items-center justify-center text-white font-semibold text-sm flex-shrink-0 cursor-pointer hover:ring-2 hover:ring-gray-900 hover:ring-offset-1 transition-all">L</div><div><div class="flex items-center gap-1.5"><span class="text-sm font-semibold text-gray-900 cursor-pointer hover:underline">Luke Garcia</span></div><span class="text-xs text-gray-500">Nov 30, 2025, 06:17 PM</span></div></div><button class="p-1 hover:bg-gray-100 rounded-full transition-colors" type="button" id="radix-_r_cb_" aria-haspopup="menu" aria-expanded="false" data-state="closed"><svg xmlns="http://www.w3.org/2000/svg" width="24" height="24" viewBox="0 0 24 24" fill="none" stroke="currentColor" stroke-width="2" stroke-linecap="round" stroke-linejoin="round" class="lucide lucide-ellipsis-vertical w-4 h-4 text-gray-600" aria-hidden="true"><circle cx="12" cy="12" r="1"></circle><circle cx="12" cy="5" r="1"></circle><circle cx="12" cy="19" r="1"></circle></svg></button></div><p class="text-sm text-gray-800 whitespace-pre-wrap mb-2">I agree with you!</p><div class="flex items-center gap-3"><div class="flex items-center gap-3"><button data-testid="reaction-button-like" class="
                            group inline-flex items-center gap-1.5 px-3 py-1.5 rounded-md font-medium text-sm transition-all duration-200
                            bg-white text-gray-700 hover:bg-gray-50 border border-gray-300
                            cursor-pointer hover:scale-105
                        " type="button" id="radix-_r_cd_" aria-haspopup="menu" aria-expanded="false" data-state="closed"><span class="text-base">👍</span><span class="font-medium text-sm">Like</span></button></div></div></div></div></div></div><div class=""><div class="bg-white rounded-md border border-gray-200 p-3"><div class="flex items-start justify-between mb-2"><div class="flex items-center gap-2"><div class="w-8 h-8 bg-gradient-to-br from-gray-700 to-gray-900 rounded-full flex items-center justify-center text-white font-semibold text-sm flex-shrink-0 cursor-pointer hover:ring-2 hover:ring-gray-900 hover:ring-offset-1 transition-all">A</div><div><div class="flex items-center gap-1.5"><span class="text-sm font-semibold text-gray-900 cursor-pointer hover:underline">Addison Martinez</span></div><span class="text-xs text-gray-500">Nov 30, 2025, 06:17 PM</span></div></div><button class="p-1 hover:bg-gray-100 rounded-full transition-colors" type="button" id="radix-_r_cl_" aria-haspopup="menu" aria-expanded="false" data-state="closed"><svg xmlns="http://www.w3.org/2000/svg" width="24" height="24" viewBox="0 0 24 24" fill="none" stroke="currentColor" stroke-width="2" stroke-linecap="round" stroke-linejoin="round" class="lucide lucide-ellipsis-vertical w-4 h-4 text-gray-600" aria-hidden="true"><circle cx="12" cy="12" r="1"></circle><circle cx="12" cy="5" r="1"></circle><circle cx="12" cy="19" r="1"></circle></svg></button></div><p class="text-sm text-gray-800 whitespace-pre-wrap mb-2">Brilliant insights here.</p><div class="flex items-center gap-3"><div class="flex items-center gap-3"><button data-testid="reaction-button-like" class="
                            group inline-flex items-center gap-1.5 px-3 py-1.5 rounded-md font-medium text-sm transition-all duration-200
                            bg-white text-gray-700 hover:bg-gray-50 border border-gray-300
                            cursor-pointer hover:scale-105
                        " type="button" id="radix-_r_cn_" aria-haspopup="menu" aria-expanded="false" data-state="closed"><span class="text-base">👍</span><span class="font-medium text-sm">Like</span></button></div><button data-testid="reply-button" class="flex items-center gap-1 text-sm text-gray-600 hover:text-gray-900 transition-colors"><svg xmlns="http://www.w3.org/2000/svg" width="24" height="24" viewBox="0 0 24 24" fill="none" stroke="currentColor" stroke-width="2" stroke-linecap="round" stroke-linejoin="round" class="lucide lucide-reply w-4 h-4" aria-hidden="true"><path d="M20 18v-2a4 4 0 0 0-4-4H4"></path><path d="m9 17-5-5 5-5"></path></svg>Reply</button></div></div><div class="mt-2 space-y-2"><div class="ml-10"><div class="bg-white rounded-md border border-gray-200 p-3"><div class="flex items-start justify-between mb-2"><div class="flex items-center gap-2"><div class="w-8 h-8 bg-gradient-to-br from-gray-700 to-gray-900 rounded-full flex items-center justify-center text-white font-semibold text-sm flex-shrink-0 cursor-pointer hover:ring-2 hover:ring-gray-900 hover:ring-offset-1 transition-all">M</div><div><div class="flex items-center gap-1.5"><span class="text-sm font-semibold text-gray-900 cursor-pointer hover:underline">Mia Davis</span></div><span class="text-xs text-gray-500">Nov 30, 2025, 06:17 PM</span></div></div><button class="p-1 hover:bg-gray-100 rounded-full transition-colors" type="button" id="radix-_r_cp_" aria-haspopup="menu" aria-expanded="false" data-state="closed"><svg xmlns="http://www.w3.org/2000/svg" width="24" height="24" viewBox="0 0 24 24" fill="none" stroke="currentColor" stroke-width="2" stroke-linecap="round" stroke-linejoin="round" class="lucide lucide-ellipsis-vertical w-4 h-4 text-gray-600" aria-hidden="true"><circle cx="12" cy="12" r="1"></circle><circle cx="12" cy="5" r="1"></circle><circle cx="12" cy="19" r="1"></circle></svg></button></div><p class="text-sm text-gray-800 whitespace-pre-wrap mb-2">Interesting perspective!</p><div class="flex items-center gap-3"><div class="flex items-center gap-3"><button data-testid="reaction-button-like" class="
                            group inline-flex items-center gap-1.5 px-3 py-1.5 rounded-md font-medium text-sm transition-all duration-200
                            bg-white text-gray-700 hover:bg-gray-50 border border-gray-300
                            cursor-pointer hover:scale-105
                        " type="button" id="radix-_r_cr_" aria-haspopup="menu" aria-expanded="false" data-state="closed"><span class="text-base">👍</span><span class="font-medium text-sm">Like</span></button></div></div></div></div><div class="ml-10"><div class="bg-white rounded-md border border-gray-200 p-3"><div class="flex items-start justify-between mb-2"><div class="flex items-center gap-2"><div class="w-8 h-8 bg-gradient-to-br from-gray-700 to-gray-900 rounded-full flex items-center justify-center text-white font-semibold text-sm flex-shrink-0 cursor-pointer hover:ring-2 hover:ring-gray-900 hover:ring-offset-1 transition-all">S</div><div><div class="flex items-center gap-1.5"><span class="text-sm font-semibold text-gray-900 cursor-pointer hover:underline">Sofia Anderson</span></div><span class="text-xs text-gray-500">Nov 30, 2025, 06:17 PM</span></div></div><button class="p-1 hover:bg-gray-100 rounded-full transition-colors" type="button" id="radix-_r_d0_" aria-haspopup="menu" aria-expanded="false" data-state="closed"><svg xmlns="http://www.w3.org/2000/svg" width="24" height="24" viewBox="0 0 24 24" fill="none" stroke="currentColor" stroke-width="2" stroke-linecap="round" stroke-linejoin="round" class="lucide lucide-ellipsis-vertical w-4 h-4 text-gray-600" aria-hidden="true"><circle cx="12" cy="12" r="1"></circle><circle cx="12" cy="5" r="1"></circle><circle cx="12" cy="19" r="1"></circle></svg></button></div><p class="text-sm text-gray-800 whitespace-pre-wrap mb-2">Thanks for your comment!</p><div class="flex items-center gap-3"><div class="flex items-center gap-3"><button data-testid="reaction-button-like" class="
                            group inline-flex items-center gap-1.5 px-3 py-1.5 rounded-md font-medium text-sm transition-all duration-200
                            bg-white text-gray-700 hover:bg-gray-50 border border-gray-300
                            cursor-pointer hover:scale-105
                        " type="button" id="radix-_r_d2_" aria-haspopup="menu" aria-expanded="false" data-state="closed"><span class="text-base">👍</span><span class="font-medium text-sm">Like</span></button></div></div></div></div></div></div><div class=""><div class="bg-white rounded-md border border-gray-200 p-3"><div class="flex items-start justify-between mb-2"><div class="flex items-center gap-2"><div class="w-8 h-8 bg-gradient-to-br from-gray-700 to-gray-900 rounded-full flex items-center justify-center text-white font-semibold text-sm flex-shrink-0 cursor-pointer hover:ring-2 hover:ring-gray-900 hover:ring-offset-1 transition-all">L</div><div><div class="flex items-center gap-1.5"><span class="text-sm font-semibold text-gray-900 cursor-pointer hover:underline">Lily Martinez</span></div><span class="text-xs text-gray-500">Nov 30, 2025, 06:17 PM</span></div></div><button class="p-1 hover:bg-gray-100 rounded-full transition-colors" type="button" id="radix-_r_da_" aria-haspopup="menu" aria-expanded="false" data-state="closed"><svg xmlns="http://www.w3.org/2000/svg" width="24" height="24" viewBox="0 0 24 24" fill="none" stroke="currentColor" stroke-width="2" stroke-linecap="round" stroke-linejoin="round" class="lucide lucide-ellipsis-vertical w-4 h-4 text-gray-600" aria-hidden="true"><circle cx="12" cy="12" r="1"></circle><circle cx="12" cy="5" r="1"></circle><circle cx="12" cy="19" r="1"></circle></svg></button></div><p class="text-sm text-gray-800 whitespace-pre-wrap mb-2">Could you elaborate more on this?</p><div class="flex items-center gap-3"><div class="flex items-center gap-3"><button data-testid="reaction-button-like" class="
                            group inline-flex items-center gap-1.5 px-3 py-1.5 rounded-md font-medium text-sm transition-all duration-200
                            bg-white text-gray-700 hover:bg-gray-50 border border-gray-300
                            cursor-pointer hover:scale-105
                        " type="button" id="radix-_r_dc_" aria-haspopup="menu" aria-expanded="false" data-state="closed"><span class="text-base">👍</span><span class="font-medium text-sm">Like</span></button></div><button data-testid="reply-button" class="flex items-center gap-1 text-sm text-gray-600 hover:text-gray-900 transition-colors"><svg xmlns="http://www.w3.org/2000/svg" width="24" height="24" viewBox="0 0 24 24" fill="none" stroke="currentColor" stroke-width="2" stroke-linecap="round" stroke-linejoin="round" class="lucide lucide-reply w-4 h-4" aria-hidden="true"><path d="M20 18v-2a4 4 0 0 0-4-4H4"></path><path d="m9 17-5-5 5-5"></path></svg>Reply</button></div></div><div class="mt-2 space-y-2"><div class="ml-10"><div class="bg-white rounded-md border border-gray-200 p-3"><div class="flex items-start justify-between mb-2"><div class="flex items-center gap-2"><div class="w-8 h-8 bg-gradient-to-br from-gray-700 to-gray-900 rounded-full flex items-center justify-center text-white font-semibold text-sm flex-shrink-0 cursor-pointer hover:ring-2 hover:ring-gray-900 hover:ring-offset-1 transition-all">O</div><div><div class="flex items-center gap-1.5"><span class="text-sm font-semibold text-gray-900 cursor-pointer hover:underline">Owen Anderson</span></div><span class="text-xs text-gray-500">Nov 30, 2025, 06:17 PM</span></div></div><button class="p-1 hover:bg-gray-100 rounded-full transition-colors" type="button" id="radix-_r_de_" aria-haspopup="menu" aria-expanded="false" data-state="closed"><svg xmlns="http://www.w3.org/2000/svg" width="24" height="24" viewBox="0 0 24 24" fill="none" stroke="currentColor" stroke-width="2" stroke-linecap="round" stroke-linejoin="round" class="lucide lucide-ellipsis-vertical w-4 h-4 text-gray-600" aria-hidden="true"><circle cx="12" cy="12" r="1"></circle><circle cx="12" cy="5" r="1"></circle><circle cx="12" cy="19" r="1"></circle></svg></button></div><p class="text-sm text-gray-800 whitespace-pre-wrap mb-2">Thanks for clarifying.</p><div class="flex items-center gap-3"><div class="flex items-center gap-3"><button data-testid="reaction-button-like" class="
                            group inline-flex items-center gap-1.5 px-3 py-1.5 rounded-md font-medium text-sm transition-all duration-200
                            bg-white text-gray-700 hover:bg-gray-50 border border-gray-300
                            cursor-pointer hover:scale-105
                        " type="button" id="radix-_r_dg_" aria-haspopup="menu" aria-expanded="false" data-state="closed"><span class="text-base">👍</span><span class="font-medium text-sm">Like</span></button></div></div></div></div></div></div><div class=""><div class="bg-white rounded-md border border-gray-200 p-3"><div class="flex items-start justify-between mb-2"><div class="flex items-center gap-2"><div class="w-8 h-8 bg-gradient-to-br from-gray-700 to-gray-900 rounded-full flex items-center justify-center text-white font-semibold text-sm flex-shrink-0 cursor-pointer hover:ring-2 hover:ring-gray-900 hover:ring-offset-1 transition-all">C</div><div><div class="flex items-center gap-1.5"><span class="text-sm font-semibold text-gray-900 cursor-pointer hover:underline">Charlotte Johnson</span></div><span class="text-xs text-gray-500">Nov 30, 2025, 06:17 PM</span></div></div><button class="p-1 hover:bg-gray-100 rounded-full transition-colors" type="button" id="radix-_r_do_" aria-haspopup="menu" aria-expanded="false" data-state="closed"><svg xmlns="http://www.w3.org/2000/svg" width="24" height="24" viewBox="0 0 24 24" fill="none" stroke="currentColor" stroke-width="2" stroke-linecap="round" stroke-linejoin="round" class="lucide lucide-ellipsis-vertical w-4 h-4 text-gray-600" aria-hidden="true"><circle cx="12" cy="12" r="1"></circle><circle cx="12" cy="5" r="1"></circle><circle cx="12" cy="19" r="1"></circle></svg></button></div><p class="text-sm text-gray-800 whitespace-pre-wrap mb-2">I have some thoughts on this...</p><div class="flex items-center gap-3"><div class="flex items-center gap-3"><button data-testid="reaction-button-like" class="
                            group inline-flex items-center gap-1.5 px-3 py-1.5 rounded-md font-medium text-sm transition-all duration-200
                            bg-white text-gray-700 hover:bg-gray-50 border border-gray-300
                            cursor-pointer hover:scale-105
                        " type="button" id="radix-_r_dq_" aria-haspopup="menu" aria-expanded="false" data-state="closed"><span class="text-base">👍</span><span class="font-medium text-sm">Like</span></button></div><button data-testid="reply-button" class="flex items-center gap-1 text-sm text-gray-600 hover:text-gray-900 transition-colors"><svg xmlns="http://www.w3.org/2000/svg" width="24" height="24" viewBox="0 0 24 24" fill="none" stroke="currentColor" stroke-width="2" stroke-linecap="round" stroke-linejoin="round" class="lucide lucide-reply w-4 h-4" aria-hidden="true"><path d="M20 18v-2a4 4 0 0 0-4-4H4"></path><path d="m9 17-5-5 5-5"></path></svg>Reply</button></div></div></div><div class=""><div class="bg-white rounded-md border border-gray-200 p-3"><div class="flex items-start justify-between mb-2"><div class="flex items-center gap-2"><div class="w-8 h-8 bg-gradient-to-br from-gray-700 to-gray-900 rounded-full flex items-center justify-center text-white font-semibold text-sm flex-shrink-0 cursor-pointer hover:ring-2 hover:ring-gray-900 hover:ring-offset-1 transition-all">L</div><div><div class="flex items-center gap-1.5"><span class="text-sm font-semibold text-gray-900 cursor-pointer hover:underline">Luke Wilson</span></div><span class="text-xs text-gray-500">Nov 30, 2025, 06:17 PM</span></div></div><button class="p-1 hover:bg-gray-100 rounded-full transition-colors" type="button" id="radix-_r_dv_" aria-haspopup="menu" aria-expanded="false" data-state="closed"><svg xmlns="http://www.w3.org/2000/svg" width="24" height="24" viewBox="0 0 24 24" fill="none" stroke="currentColor" stroke-width="2" stroke-linecap="round" stroke-linejoin="round" class="lucide lucide-ellipsis-vertical w-4 h-4 text-gray-600" aria-hidden="true"><circle cx="12" cy="12" r="1"></circle><circle cx="12" cy="5" r="1"></circle><circle cx="12" cy="19" r="1"></circle></svg></button></div><p class="text-sm text-gray-800 whitespace-pre-wrap mb-2">This is exactly what I needed to hear.</p><div class="flex items-center gap-3"><div class="flex items-center gap-3"><button data-testid="reaction-button-like" class="
                            group inline-flex items-center gap-1.5 px-3 py-1.5 rounded-md font-medium text-sm transition-all duration-200
                            bg-white text-gray-700 hover:bg-gray-50 border border-gray-300
                            cursor-pointer hover:scale-105
                        " type="button" id="radix-_r_e1_" aria-haspopup="menu" aria-expanded="false" data-state="closed"><span class="text-base">👍</span><span class="font-medium text-sm">Like</span></button></div><button data-testid="reply-button" class="flex items-center gap-1 text-sm text-gray-600 hover:text-gray-900 transition-colors"><svg xmlns="http://www.w3.org/2000/svg" width="24" height="24" viewBox="0 0 24 24" fill="none" stroke="currentColor" stroke-width="2" stroke-linecap="round" stroke-linejoin="round" class="lucide lucide-reply w-4 h-4" aria-hidden="true"><path d="M20 18v-2a4 4 0 0 0-4-4H4"></path><path d="m9 17-5-5 5-5"></path></svg>Reply</button></div></div><div class="mt-2 space-y-2"><div class="ml-10"><div class="bg-white rounded-md border border-gray-200 p-3"><div class="flex items-start justify-between mb-2"><div class="flex items-center gap-2"><div class="w-8 h-8 bg-gradient-to-br from-gray-700 to-gray-900 rounded-full flex items-center justify-center text-white font-semibold text-sm flex-shrink-0 cursor-pointer hover:ring-2 hover:ring-gray-900 hover:ring-offset-1 transition-all">L</div><div><div class="flex items-center gap-1.5"><span class="text-sm font-semibold text-gray-900 cursor-pointer hover:underline">Liam Garcia</span></div><span class="text-xs text-gray-500">Nov 30, 2025, 06:17 PM</span></div></div><button class="p-1 hover:bg-gray-100 rounded-full transition-colors" type="button" id="radix-_r_e3_" aria-haspopup="menu" aria-expanded="false" data-state="closed"><svg xmlns="http://www.w3.org/2000/svg" width="24" height="24" viewBox="0 0 24 24" fill="none" stroke="currentColor" stroke-width="2" stroke-linecap="round" stroke-linejoin="round" class="lucide lucide-ellipsis-vertical w-4 h-4 text-gray-600" aria-hidden="true"><circle cx="12" cy="12" r="1"></circle><circle cx="12" cy="5" r="1"></circle><circle cx="12" cy="19" r="1"></circle></svg></button></div><p class="text-sm text-gray-800 whitespace-pre-wrap mb-2">Great addition to the discussion!</p><div class="flex items-center gap-3"><div class="flex items-center gap-3"><button data-testid="reaction-button-like" class="
                            group inline-flex items-center gap-1.5 px-3 py-1.5 rounded-md font-medium text-sm transition-all duration-200
                            bg-white text-gray-700 hover:bg-gray-50 border border-gray-300
                            cursor-pointer hover:scale-105
                        " type="button" id="radix-_r_e5_" aria-haspopup="menu" aria-expanded="false" data-state="closed"><span class="text-base">👍</span><span class="font-medium text-sm">Like</span></button></div></div></div></div><div class="ml-10"><div class="bg-white rounded-md border border-gray-200 p-3"><div class="flex items-start justify-between mb-2"><div class="flex items-center gap-2"><div class="w-8 h-8 bg-gradient-to-br from-gray-700 to-gray-900 rounded-full flex items-center justify-center text-white font-semibold text-sm flex-shrink-0 cursor-pointer hover:ring-2 hover:ring-gray-900 hover:ring-offset-1 transition-all">A</div><div><div class="flex items-center gap-1.5"><span class="text-sm font-semibold text-gray-900 cursor-pointer hover:underline">Addison Garcia</span></div><span class="text-xs text-gray-500">Nov 30, 2025, 06:17 PM</span></div></div><button class="p-1 hover:bg-gray-100 rounded-full transition-colors" type="button" id="radix-_r_ea_" aria-haspopup="menu" aria-expanded="false" data-state="closed"><svg xmlns="http://www.w3.org/2000/svg" width="24" height="24" viewBox="0 0 24 24" fill="none" stroke="currentColor" stroke-width="2" stroke-linecap="round" stroke-linejoin="round" class="lucide lucide-ellipsis-vertical w-4 h-4 text-gray-600" aria-hidden="true"><circle cx="12" cy="12" r="1"></circle><circle cx="12" cy="5" r="1"></circle><circle cx="12" cy="19" r="1"></circle></svg></button></div><p class="text-sm text-gray-800 whitespace-pre-wrap mb-2">I see what you mean.</p><div class="flex items-center gap-3"><div class="flex items-center gap-3"><button data-testid="reaction-button-like" class="
                            group inline-flex items-center gap-1.5 px-3 py-1.5 rounded-md font-medium text-sm transition-all duration-200
                            bg-white text-gray-700 hover:bg-gray-50 border border-gray-300
                            cursor-pointer hover:scale-105
                        " type="button" id="radix-_r_ec_" aria-haspopup="menu" aria-expanded="false" data-state="closed"><span class="text-base">👍</span><span class="font-medium text-sm">Like</span></button></div></div></div></div></div></div></div></div></div></div></article></div></main><footer class="mt-16 py-8 border-t border-gray-200 bg-white"><div class="max-w-5xl mx-auto px-4 text-center text-sm text-gray-500"><p>Built with Laravel, Inertia.js, React &amp; shadcn/ui</p></div></footer></div><div role="region" aria-label="Notifications (F8)" tabindex="-1" style="pointer-events: none;"><ol tabindex="-1" class="fixed top-0 z-[100] flex max-h-screen w-full flex-col-reverse p-4 sm:bottom-0 sm:right-0 sm:top-auto sm:flex-col md:max-w-[420px]"></ol></div></div><script type="text/javascript">
var phpdebugbar = new PhpDebugBar.DebugBar({"theme":"auto","hideEmptyTabs":true});
phpdebugbar.addTab("request", new PhpDebugBar.DebugBar.Tab({"icon":"tags","order":-100,"title":"Request", "widget": new PhpDebugBar.Widgets.HtmlVariableListWidget()}));
phpdebugbar.addTab("messages", new PhpDebugBar.DebugBar.Tab({"icon":"list-alt","title":"Messages", "widget": new PhpDebugBar.Widgets.MessagesWidget()}));
phpdebugbar.addIndicator("time", new PhpDebugBar.DebugBar.Indicator({"icon":"clock-o","tooltip":"Request Duration","link":"timeline"}), "right");
phpdebugbar.addTab("timeline", new PhpDebugBar.DebugBar.Tab({"icon":"tasks","title":"Timeline", "widget": new PhpDebugBar.Widgets.TimelineWidget()}));
phpdebugbar.addIndicator("memory", new PhpDebugBar.DebugBar.Indicator({"icon":"cogs","tooltip":"Memory Usage"}), "right");
phpdebugbar.addTab("exceptions", new PhpDebugBar.DebugBar.Tab({"icon":"bug","title":"Exceptions", "widget": new PhpDebugBar.Widgets.ExceptionsWidget()}));
phpdebugbar.addIndicator("version", new PhpDebugBar.DebugBar.Indicator({"icon":"laravel phpdebugbar-fab"}), "right");
phpdebugbar.addTab("views", new PhpDebugBar.DebugBar.Tab({"icon":"leaf","title":"Views", "widget": new PhpDebugBar.Widgets.TemplatesWidget()}));
phpdebugbar.addTab("queries", new PhpDebugBar.DebugBar.Tab({"icon":"database","title":"Queries", "widget": new PhpDebugBar.Widgets.LaravelQueriesWidget()}));
phpdebugbar.addTab("models", new PhpDebugBar.DebugBar.Tab({"icon":"cubes","title":"Models", "widget": new PhpDebugBar.Widgets.TableVariableListWidget()}));
phpdebugbar.addTab("emails", new PhpDebugBar.DebugBar.Tab({"icon":"inbox","title":"Mails", "widget": new PhpDebugBar.Widgets.MailsWidget()}));
phpdebugbar.addTab("gate", new PhpDebugBar.DebugBar.Tab({"icon":"list-alt","title":"Gate", "widget": new PhpDebugBar.Widgets.MessagesWidget()}));
phpdebugbar.addIndicator("currentrequest", new PhpDebugBar.DebugBar.Indicator({"icon":"share","link":"request"}), "right");
phpdebugbar.setDataMap({
"request": ["request.data", {}],
"messages": ["messages.messages", []],
"messages:badge": ["messages.count", null],
"time": ["time.duration_str", '0ms'],
"timeline": ["time", {}],
"memory": ["memory.peak_usage_str", '0B'],
"exceptions": ["exceptions.exceptions", []],
"exceptions:badge": ["exceptions.count", null],
"version": ["laravel.version", ],
"version:tooltip": ["laravel.tooltip", {}],
"views": ["views", []],
"views:badge": ["views.nb_templates", 0],
"queries": ["queries", []],
"queries:badge": ["queries.nb_statements", 0],
"models": ["models", {}],
"models:badge": ["models.count", 0],
"emails": ["symfonymailer_mails.mails", []],
"emails:badge": ["symfonymailer_mails.count", null],
"gate": ["gate.messages", []],
"gate:badge": ["gate.count", null],
"request:badge": ["request.badge", null],
"currentrequest": ["request.data.uri", ],
"currentrequest:tooltip": ["request.tooltip", {}]
});
phpdebugbar.restoreState();
phpdebugbar.enableAjaxHandlerTab();
phpdebugbar.ajaxHandler = new PhpDebugBar.AjaxHandler(phpdebugbar, undefined, true);
phpdebugbar.ajaxHandler.bindToFetch();
phpdebugbar.ajaxHandler.bindToXHR();
phpdebugbar.setOpenHandler(new PhpDebugBar.OpenHandler({"url":"http:\/\/127.0.0.1:8000\/_debugbar\/open"}));
phpdebugbar.addDataSet({"__meta":{"id":"01KBAQRDQ2GM3RZBWW7K0SGCBR","datetime":"2025-11-30 15:57:58","utime":1764518278.88308,"method":"GET","uri":"\/login","ip":"127.0.0.1"},"messages":{"count":0,"messages":[]},"time":{"count":5,"start":1764518278.831611,"end":1764518278.883096,"duration":0.05148506164550781,"duration_str":"51.49ms","measures":[{"label":"Booting","start":1764518278.831611,"relative_start":0,"end":1764518278.869734,"relative_end":1764518278.869734,"duration":0.038123130798339844,"duration_str":"38.12ms","memory":0,"memory_str":"0B","params":[],"collector":"time","group":null},{"label":"Application","start":1764518278.869753,"relative_start":0.03814196586608887,"end":1764518278.883098,"relative_end":1.9073486328125e-6,"duration":0.013345003128051758,"duration_str":"13.35ms","memory":0,"memory_str":"0B","params":[],"collector":"time","group":null},{"label":"Routing","start":1764518278.872288,"relative_start":0.04067707061767578,"end":1764518278.873262,"relative_end":1764518278.873262,"duration":0.0009739398956298828,"duration_str":"974\u03bcs","memory":0,"memory_str":"0B","params":[],"collector":null,"group":null},{"label":"Preparing Response","start":1764518278.875841,"relative_start":0.044229984283447266,"end":1764518278.882748,"relative_end":1764518278.882748,"duration":0.006906986236572266,"duration_str":"6.91ms","memory":0,"memory_str":"0B","params":[],"collector":null,"group":null},{"label":"View: Auth\/Login","start":1764518278.877248,"relative_start":0.04563713073730469,"end":1764518278.877248,"relative_end":1764518278.877248,"duration":0,"duration_str":"0\u03bcs","memory":0,"memory_str":"0B","params":[],"collector":"views","group":"View"}]},"memory":{"peak_usage":1761000,"peak_usage_str":"2MB"},"exceptions":{"count":0,"exceptions":[]},"laravel":{"version":"12.x","tooltip":{"Laravel Version":"12.40.2","PHP Version":"8.4.15","Environment":"local","Debug Mode":"Enabled","URL":"localhost","Timezone":"UTC","Locale":"en"}},"views":{"count":1,"nb_templates":1,"templates":[{"name":"Auth\/Login","param_count":null,"params":[],"start":1764518278.87723,"type":"blade","hash":"blade\/Users\/vahan\/Herd\/laravel-react-reactions\/packages\/truefans\/laravel-react-reactions\/workbench\/resources\/views\/app.blade.phpAuth\/Login","xdebug_link":{"url":"phpstorm:\/\/open?file=%2FUsers%2Fvahan%2FHerd%2Flaravel-react-reactions%2Fpackages%2Ftruefans%2Flaravel-react-reactions%2Fworkbench%2Fresources%2Fviews%2Fapp.blade.php\u0026line=1","ajax":false,"filename":"app.blade.php","line":"?"}}]},"queries":{"count":0,"nb_statements":0,"nb_visible_statements":0,"nb_excluded_statements":0,"nb_failed_statements":0,"accumulated_duration":0,"accumulated_duration_str":"0\u03bcs","memory_usage":0,"memory_usage_str":null,"statements":[]},"models":{"data":[],"count":0,"key_map":{"retrieved":"Retrieved","created":"Created","updated":"Updated","deleted":"Deleted"},"is_counter":true,"badges":[]},"symfonymailer_mails":{"count":0,"mails":[]},"gate":{"count":0,"messages":[]},"request":{"data":{"status":"200 OK","full_url":"http:\/\/127.0.0.1:8000\/login","action_name":"login","controller_action":"Workbench\\App\\Http\\Controllers\\AuthController@showLogin","uri":"GET login","controller":"Workbench\\App\\Http\\Controllers\\AuthController@showLogin\u003Ca href=\u0022phpstorm:\/\/open?file=%2FUsers%2Fvahan%2FHerd%2Flaravel-react-reactions%2Fpackages%2Ftruefans%2Flaravel-react-reactions%2Fworkbench%2Fapp%2FHttp%2FControllers%2FAuthController.php\u0026line=14\u0022 class=\u0022phpdebugbar-widgets-editor-link\u0022\u003E\u003C\/a\u003E","file":"\u003Ca href=\u0022phpstorm:\/\/open?file=%2FUsers%2Fvahan%2FHerd%2Flaravel-react-reactions%2Fpackages%2Ftruefans%2Flaravel-react-reactions%2Fworkbench%2Fapp%2FHttp%2FControllers%2FAuthController.php\u0026line=14\u0022 onclick=\u0022\u0022 class=\u0022phpdebugbar-widgets-editor-link\u0022\u003EUsers\/vahan\/Herd\/laravel-react-reactions\/packages\/truefans\/laravel-react-reactions\/workbench\/app\/Http\/Controllers\/AuthController.php:14-17\u003C\/a\u003E","middleware":"web","duration":"51.35ms","peak_memory":"4MB","response":"text\/html; charset=utf-8","request_format":"html","request_query":"\u003Cpre class=sf-dump id=sf-dump-1575170080 data-indent-pad=\u0022  \u0022\u003E[]\n\u003C\/pre\u003E\u003Cscript\u003ESfdump(\u0022sf-dump-1575170080\u0022, {\u0022maxDepth\u0022:0})\u003C\/script\u003E\n","request_request":"\u003Cpre class=sf-dump id=sf-dump-1297832418 data-indent-pad=\u0022  \u0022\u003E[]\n\u003C\/pre\u003E\u003Cscript\u003ESfdump(\u0022sf-dump-1297832418\u0022, {\u0022maxDepth\u0022:0})\u003C\/script\u003E\n","request_headers":"\u003Cpre class=sf-dump id=sf-dump-2098253423 data-indent-pad=\u0022  \u0022\u003E\u003Cspan class=sf-dump-note\u003Earray:14\u003C\/span\u003E [\u003Csamp data-depth=1 class=sf-dump-expanded\u003E\n  \u0022\u003Cspan class=sf-dump-key\u003Ehost\u003C\/span\u003E\u0022 =\u003E \u003Cspan class=sf-dump-note\u003Earray:1\u003C\/span\u003E [\u003Csamp data-depth=2 class=sf-dump-compact\u003E\n    \u003Cspan class=sf-dump-index\u003E0\u003C\/span\u003E =\u003E \u0022\u003Cspan class=sf-dump-str title=\u002214 characters\u0022\u003E127.0.0.1:8000\u003C\/span\u003E\u0022\n  \u003C\/samp\u003E]\n  \u0022\u003Cspan class=sf-dump-key\u003Econnection\u003C\/span\u003E\u0022 =\u003E \u003Cspan class=sf-dump-note\u003Earray:1\u003C\/span\u003E [\u003Csamp data-depth=2 class=sf-dump-compact\u003E\n    \u003Cspan class=sf-dump-index\u003E0\u003C\/span\u003E =\u003E \u0022\u003Cspan class=sf-dump-str title=\u002210 characters\u0022\u003Ekeep-alive\u003C\/span\u003E\u0022\n  \u003C\/samp\u003E]\n  \u0022\u003Cspan class=sf-dump-key\u003Esec-ch-ua\u003C\/span\u003E\u0022 =\u003E \u003Cspan class=sf-dump-note\u003Earray:1\u003C\/span\u003E [\u003Csamp data-depth=2 class=sf-dump-compact\u003E\n    \u003Cspan class=sf-dump-index\u003E0\u003C\/span\u003E =\u003E \u0022\u003Cspan class=sf-dump-str title=\u002266 characters\u0022\u003E\u0026quot;HeadlessChrome\u0026quot;;v=\u0026quot;143\u0026quot;, \u0026quot;Chromium\u0026quot;;v=\u0026quot;143\u0026quot;, \u0026quot;Not A(Brand\u0026quot;;v=\u0026quot;24\u0026quot;\u003C\/span\u003E\u0022\n  \u003C\/samp\u003E]\n  \u0022\u003Cspan class=sf-dump-key\u003Esec-ch-ua-mobile\u003C\/span\u003E\u0022 =\u003E \u003Cspan class=sf-dump-note\u003Earray:1\u003C\/span\u003E [\u003Csamp data-depth=2 class=sf-dump-compact\u003E\n    \u003Cspan class=sf-dump-index\u003E0\u003C\/span\u003E =\u003E \u0022\u003Cspan class=sf-dump-str title=\u00222 characters\u0022\u003E?0\u003C\/span\u003E\u0022\n  \u003C\/samp\u003E]\n  \u0022\u003Cspan class=sf-dump-key\u003Esec-ch-ua-platform\u003C\/span\u003E\u0022 =\u003E \u003Cspan class=sf-dump-note\u003Earray:1\u003C\/span\u003E [\u003Csamp data-depth=2 class=sf-dump-compact\u003E\n    \u003Cspan class=sf-dump-index\u003E0\u003C\/span\u003E =\u003E \u0022\u003Cspan class=sf-dump-str title=\u00229 characters\u0022\u003E\u0026quot;Windows\u0026quot;\u003C\/span\u003E\u0022\n  \u003C\/samp\u003E]\n  \u0022\u003Cspan class=sf-dump-key\u003Eupgrade-insecure-requests\u003C\/span\u003E\u0022 =\u003E \u003Cspan class=sf-dump-note\u003Earray:1\u003C\/span\u003E [\u003Csamp data-depth=2 class=sf-dump-compact\u003E\n    \u003Cspan class=sf-dump-index\u003E0\u003C\/span\u003E =\u003E \u0022\u003Cspan class=sf-dump-str\u003E1\u003C\/span\u003E\u0022\n  \u003C\/samp\u003E]\n  \u0022\u003Cspan class=sf-dump-key\u003Euser-agent\u003C\/span\u003E\u0022 =\u003E \u003Cspan class=sf-dump-note\u003Earray:1\u003C\/span\u003E [\u003Csamp data-depth=2 class=sf-dump-compact\u003E\n    \u003Cspan class=sf-dump-index\u003E0\u003C\/span\u003E =\u003E \u0022\u003Cspan class=sf-dump-str title=\u0022114 characters\u0022\u003EMozilla\/5.0 (Windows NT 10.0; Win64; x64) AppleWebKit\/537.36 (KHTML, like Gecko) Chrome\/143.0.7499.4 Safari\/537.36\u003C\/span\u003E\u0022\n  \u003C\/samp\u003E]\n  \u0022\u003Cspan class=sf-dump-key\u003Eaccept-language\u003C\/span\u003E\u0022 =\u003E \u003Cspan class=sf-dump-note\u003Earray:1\u003C\/span\u003E [\u003Csamp data-depth=2 class=sf-dump-compact\u003E\n    \u003Cspan class=sf-dump-index\u003E0\u003C\/span\u003E =\u003E \u0022\u003Cspan class=sf-dump-str title=\u00225 characters\u0022\u003Een-US\u003C\/span\u003E\u0022\n  \u003C\/samp\u003E]\n  \u0022\u003Cspan class=sf-dump-key\u003Eaccept\u003C\/span\u003E\u0022 =\u003E \u003Cspan class=sf-dump-note\u003Earray:1\u003C\/span\u003E [\u003Csamp data-depth=2 class=sf-dump-compact\u003E\n    \u003Cspan class=sf-dump-index\u003E0\u003C\/span\u003E =\u003E \u0022\u003Cspan class=sf-dump-str title=\u0022135 characters\u0022\u003Etext\/html,application\/xhtml+xml,application\/xml;q=0.9,image\/avif,image\/webp,image\/apng,*\/*;q=0.8,application\/signed-exchange;v=b3;q=0.7\u003C\/span\u003E\u0022\n  \u003C\/samp\u003E]\n  \u0022\u003Cspan class=sf-dump-key\u003Esec-fetch-site\u003C\/span\u003E\u0022 =\u003E \u003Cspan class=sf-dump-note\u003Earray:1\u003C\/span\u003E [\u003Csamp data-depth=2 class=sf-dump-compact\u003E\n    \u003Cspan class=sf-dump-index\u003E0\u003C\/span\u003E =\u003E \u0022\u003Cspan class=sf-dump-str title=\u00224 characters\u0022\u003Enone\u003C\/span\u003E\u0022\n  \u003C\/samp\u003E]\n  \u0022\u003Cspan class=sf-dump-key\u003Esec-fetch-mode\u003C\/span\u003E\u0022 =\u003E \u003Cspan class=sf-dump-note\u003Earray:1\u003C\/span\u003E [\u003Csamp data-depth=2 class=sf-dump-compact\u003E\n    \u003Cspan class=sf-dump-index\u003E0\u003C\/span\u003E =\u003E \u0022\u003Cspan class=sf-dump-str title=\u00228 characters\u0022\u003Enavigate\u003C\/span\u003E\u0022\n  \u003C\/samp\u003E]\n  \u0022\u003Cspan class=sf-dump-key\u003Esec-fetch-user\u003C\/span\u003E\u0022 =\u003E \u003Cspan class=sf-dump-note\u003Earray:1\u003C\/span\u003E [\u003Csamp data-depth=2 class=sf-dump-compact\u003E\n    \u003Cspan class=sf-dump-index\u003E0\u003C\/span\u003E =\u003E \u0022\u003Cspan class=sf-dump-str title=\u00222 characters\u0022\u003E?1\u003C\/span\u003E\u0022\n  \u003C\/samp\u003E]\n  \u0022\u003Cspan class=sf-dump-key\u003Esec-fetch-dest\u003C\/span\u003E\u0022 =\u003E \u003Cspan class=sf-dump-note\u003Earray:1\u003C\/span\u003E [\u003Csamp data-depth=2 class=sf-dump-compact\u003E\n    \u003Cspan class=sf-dump-index\u003E0\u003C\/span\u003E =\u003E \u0022\u003Cspan class=sf-dump-str title=\u00228 characters\u0022\u003Edocument\u003C\/span\u003E\u0022\n  \u003C\/samp\u003E]\n  \u0022\u003Cspan class=sf-dump-key\u003Eaccept-encoding\u003C\/span\u003E\u0022 =\u003E \u003Cspan class=sf-dump-note\u003Earray:1\u003C\/span\u003E [\u003Csamp data-depth=2 class=sf-dump-compact\u003E\n    \u003Cspan class=sf-dump-index\u003E0\u003C\/span\u003E =\u003E \u0022\u003Cspan class=sf-dump-str title=\u002223 characters\u0022\u003Egzip, deflate, br, zstd\u003C\/span\u003E\u0022\n  \u003C\/samp\u003E]\n\u003C\/samp\u003E]\n\u003C\/pre\u003E\u003Cscript\u003ESfdump(\u0022sf-dump-2098253423\u0022, {\u0022maxDepth\u0022:0})\u003C\/script\u003E\n","request_cookies":"\u003Cpre class=sf-dump id=sf-dump-531731413 data-indent-pad=\u0022  \u0022\u003E[]\n\u003C\/pre\u003E\u003Cscript\u003ESfdump(\u0022sf-dump-531731413\u0022, {\u0022maxDepth\u0022:0})\u003C\/script\u003E\n","response_headers":"\u003Cpre class=sf-dump id=sf-dump-1744115776 data-indent-pad=\u0022  \u0022\u003E\u003Cspan class=sf-dump-note\u003Earray:3\u003C\/span\u003E [\u003Csamp data-depth=1 class=sf-dump-expanded\u003E\n  \u0022\u003Cspan class=sf-dump-key\u003Ecache-control\u003C\/span\u003E\u0022 =\u003E \u003Cspan class=sf-dump-note\u003Earray:1\u003C\/span\u003E [\u003Csamp data-depth=2 class=sf-dump-compact\u003E\n    \u003Cspan class=sf-dump-index\u003E0\u003C\/span\u003E =\u003E \u0022\u003Cspan class=sf-dump-str title=\u002217 characters\u0022\u003Eno-cache, private\u003C\/span\u003E\u0022\n  \u003C\/samp\u003E]\n  \u0022\u003Cspan class=sf-dump-key\u003Edate\u003C\/span\u003E\u0022 =\u003E \u003Cspan class=sf-dump-note\u003Earray:1\u003C\/span\u003E [\u003Csamp data-depth=2 class=sf-dump-compact\u003E\n    \u003Cspan class=sf-dump-index\u003E0\u003C\/span\u003E =\u003E \u0022\u003Cspan class=sf-dump-str title=\u002229 characters\u0022\u003ESun, 30 Nov 2025 15:57:58 GMT\u003C\/span\u003E\u0022\n  \u003C\/samp\u003E]\n  \u0022\u003Cspan class=sf-dump-key\u003Econtent-type\u003C\/span\u003E\u0022 =\u003E \u003Cspan class=sf-dump-note\u003Earray:1\u003C\/span\u003E [\u003Csamp data-depth=2 class=sf-dump-compact\u003E\n    \u003Cspan class=sf-dump-index\u003E0\u003C\/span\u003E =\u003E \u0022\u003Cspan class=sf-dump-str title=\u002224 characters\u0022\u003Etext\/html; charset=utf-8\u003C\/span\u003E\u0022\n  \u003C\/samp\u003E]\n\u003C\/samp\u003E]\n\u003C\/pre\u003E\u003Cscript\u003ESfdump(\u0022sf-dump-1744115776\u0022, {\u0022maxDepth\u0022:0})\u003C\/script\u003E\n","session_attributes":"\u003Cpre class=sf-dump id=sf-dump-1495090045 data-indent-pad=\u0022  \u0022\u003E\u003Cspan class=sf-dump-note\u003Earray:1\u003C\/span\u003E [\u003Csamp data-depth=1 class=sf-dump-expanded\u003E\n  \u0022\u003Cspan class=sf-dump-key\u003E_token\u003C\/span\u003E\u0022 =\u003E \u0022\u003Cspan class=sf-dump-str title=\u002240 characters\u0022\u003EiEkGQiOVH5dK9uPp8DPODRv7gHxUWz7V9DhUPcGy\u003C\/span\u003E\u0022\n\u003C\/samp\u003E]\n\u003C\/pre\u003E\u003Cscript\u003ESfdump(\u0022sf-dump-1495090045\u0022, {\u0022maxDepth\u0022:0})\u003C\/script\u003E\n"},"tooltip":{"status":"200 OK","full_url":"http:\/\/127.0.0.1:8000\/login","action_name":"login","controller_action":"Workbench\\App\\Http\\Controllers\\AuthController@showLogin"},"badge":null}}, "01KBAQRDQ2GM3RZBWW7K0SGCBR");

</script><div class="phpdebugbar phpdebugbar-minimized" data-bodymarginbottom="true" data-theme="light" data-openbtnposition="bottomLeft" data-hideemptytabs="true"><div class="phpdebugbar-drag-capture"></div><div class="phpdebugbar-resize-handle"></div><div class="phpdebugbar-header"><a class="phpdebugbar-restore-btn"></a><div class="phpdebugbar-header-left"><a class="phpdebugbar-tab" data-empty="false" data-collector="request"><i class="phpdebugbar-fa phpdebugbar-fa-tags"></i><span class="phpdebugbar-text">Request</span><span class="phpdebugbar-badge"></span></a><a class="phpdebugbar-tab" data-empty="true" data-collector="messages"><i class="phpdebugbar-fa phpdebugbar-fa-list-alt"></i><span class="phpdebugbar-text">Messages</span><span class="phpdebugbar-badge"></span></a><a class="phpdebugbar-tab" data-empty="false" data-collector="timeline"><i class="phpdebugbar-fa phpdebugbar-fa-tasks"></i><span class="phpdebugbar-text">Timeline</span><span class="phpdebugbar-badge"></span></a><a class="phpdebugbar-tab" data-empty="true" data-collector="exceptions"><i class="phpdebugbar-fa phpdebugbar-fa-bug"></i><span class="phpdebugbar-text">Exceptions</span><span class="phpdebugbar-badge"></span></a><a class="phpdebugbar-tab" data-empty="false" data-collector="views"><i class="phpdebugbar-fa phpdebugbar-fa-leaf"></i><span class="phpdebugbar-text">Views</span><span class="phpdebugbar-badge phpdebugbar-visible">1</span></a><a class="phpdebugbar-tab" data-empty="true" data-collector="queries"><i class="phpdebugbar-fa phpdebugbar-fa-database"></i><span class="phpdebugbar-text">Queries</span><span class="phpdebugbar-badge phpdebugbar-visible">0</span></a><a class="phpdebugbar-tab" data-empty="true" data-collector="models"><i class="phpdebugbar-fa phpdebugbar-fa-cubes"></i><span class="phpdebugbar-text">Models</span><span class="phpdebugbar-badge phpdebugbar-visible">0</span></a><a class="phpdebugbar-tab" data-empty="true" data-collector="emails"><i class="phpdebugbar-fa phpdebugbar-fa-inbox"></i><span class="phpdebugbar-text">Mails</span><span class="phpdebugbar-badge"></span></a><a class="phpdebugbar-tab" data-empty="true" data-collector="gate"><i class="phpdebugbar-fa phpdebugbar-fa-list-alt"></i><span class="phpdebugbar-text">Gate</span><span class="phpdebugbar-badge"></span></a></div><div class="phpdebugbar-header-right"><a class="phpdebugbar-close-btn"></a><a class="phpdebugbar-minimize-btn"></a><a class="phpdebugbar-tab phpdebugbar-tab-settings" data-collector="__settings"><i class="phpdebugbar-fa phpdebugbar-fa-sliders"></i><span class="phpdebugbar-text">Settings</span><span class="phpdebugbar-badge"></span></a><a class="phpdebugbar-maximize-btn"></a><a class="phpdebugbar-open-btn" style=""></a><a class="phpdebugbar-tab phpdebugbar-tab-history" data-collector="__datasets" style="" data-empty="false"><i class="phpdebugbar-fa phpdebugbar-fa-history"></i><span class="phpdebugbar-text">Request history</span><span class="phpdebugbar-badge"></span></a><select class="phpdebugbar-datasets-switcher" name="datasets-switcher"><option value="01KBAQRDQ2GM3RZBWW7K0SGCBR">#1 login (15:57:58)</option></select><span class="phpdebugbar-indicator" style="cursor: pointer;"><i class="phpdebugbar-fa phpdebugbar-fa-clock-o"></i><span class="phpdebugbar-text">51.49ms</span><span class="phpdebugbar-tooltip">Request Duration</span></span><span class="phpdebugbar-indicator"><i class="phpdebugbar-fa phpdebugbar-fa-cogs"></i><span class="phpdebugbar-text">2MB</span><span class="phpdebugbar-tooltip">Memory Usage</span></span><span class="phpdebugbar-indicator"><i class="phpdebugbar-fa phpdebugbar-fa-laravel phpdebugbar-fab"></i><span class="phpdebugbar-text">12.x</span><span class="phpdebugbar-tooltip"><dl><dt>Laravel Version</dt><dd>12.40.2</dd><dt>PHP Version</dt><dd>8.4.15</dd><dt>Environment</dt><dd>local</dd><dt>Debug Mode</dt><dd>Enabled</dd><dt>URL</dt><dd>localhost</dd><dt>Timezone</dt><dd>UTC</dd><dt>Locale</dt><dd>en</dd></dl></span></span><span class="phpdebugbar-indicator" style="cursor: pointer;"><i class="phpdebugbar-fa phpdebugbar-fa-share"></i><span class="phpdebugbar-text">GET login</span><span class="phpdebugbar-tooltip"><dl><dt>status</dt><dd>200 OK</dd><dt>full_url</dt><dd>http://127.0.0.1:8000/login</dd><dt>action_name</dt><dd>login</dd><dt>controller_action</dt><dd>Workbench\App\Http\Controllers\AuthController@showLogin</dd></dl></span></span></div></div><div class="phpdebugbar-body" style="height: 300px;"><div class="phpdebugbar-panel" data-collector="__settings"><form class="phpdebugbar-settings"><div class="phpdebugbar-form-row"><div class="phpdebugbar-form-label">Theme</div><div class="phpdebugbar-form-input"><select><option value="auto">Auto (System preference)</option><option value="light">Light</option><option value="dark">Dark</option></select></div></div><div class="phpdebugbar-form-row"><div class="phpdebugbar-form-label">Open Button Position</div><div class="phpdebugbar-form-input"><select><option value="bottomLeft">Bottom Left</option><option value="bottomRight">Bottom Right</option><option value="topLeft">Top Left</option><option value="topRight">Top Right</option></select></div></div><div class="phpdebugbar-form-row"><div class="phpdebugbar-form-label">Hide Empty Tabs</div><div class="phpdebugbar-form-input"><label><input type="checkbox">Hide empty tabs until they have data</label></div></div><div class="phpdebugbar-form-row"><div class="phpdebugbar-form-label">Autoshow</div><div class="phpdebugbar-form-input"><label><input type="checkbox">Automatically show new incoming Ajax requests</label></div></div><div class="phpdebugbar-form-row"><div class="phpdebugbar-form-label">Reset to defaults</div><div class="phpdebugbar-form-input"><button>Reset settings</button></div></div></form></div><div class="phpdebugbar-panel" data-collector="request"><dl class="phpdebugbar-widgets-kvlist phpdebugbar-widgets-htmlvarlist"><dt class="phpdebugbar-widgets-key"><span title="status">status</span></dt><dd class="phpdebugbar-widgets-value">200 OK</dd><dt class="phpdebugbar-widgets-key"><span title="full_url">full_url</span></dt><dd class="phpdebugbar-widgets-value">http://127.0.0.1:8000/login</dd><dt class="phpdebugbar-widgets-key"><span title="action_name">action_name</span></dt><dd class="phpdebugbar-widgets-value">login</dd><dt class="phpdebugbar-widgets-key"><span title="controller_action">controller_action</span></dt><dd class="phpdebugbar-widgets-value">Workbench\App\Http\Controllers\AuthController@showLogin</dd><dt class="phpdebugbar-widgets-key"><span title="uri">uri</span></dt><dd class="phpdebugbar-widgets-value">GET login</dd><dt class="phpdebugbar-widgets-key"><span title="controller">controller</span></dt><dd class="phpdebugbar-widgets-value">Workbench\App\Http\Controllers\AuthController@showLogin<a href="phpstorm://open?file=%2FUsers%2Fvahan%2FHerd%2Flaravel-react-reactions%2Fpackages%2Ftruefans%2Flaravel-react-reactions%2Fworkbench%2Fapp%2FHttp%2FControllers%2FAuthController.php&amp;line=14" class="phpdebugbar-widgets-editor-link"></a></dd><dt class="phpdebugbar-widgets-key"><span title="file">file</span></dt><dd class="phpdebugbar-widgets-value"><a href="phpstorm://open?file=%2FUsers%2Fvahan%2FHerd%2Flaravel-react-reactions%2Fpackages%2Ftruefans%2Flaravel-react-reactions%2Fworkbench%2Fapp%2FHttp%2FControllers%2FAuthController.php&amp;line=14" onclick="" class="phpdebugbar-widgets-editor-link">Users/vahan/Herd/laravel-react-reactions/packages/truefans/laravel-react-reactions/workbench/app/Http/Controllers/AuthController.php:14-17</a></dd><dt class="phpdebugbar-widgets-key"><span title="middleware">middleware</span></dt><dd class="phpdebugbar-widgets-value">web</dd><dt class="phpdebugbar-widgets-key"><span title="duration">duration</span></dt><dd class="phpdebugbar-widgets-value">51.35ms</dd><dt class="phpdebugbar-widgets-key"><span title="peak_memory">peak_memory</span></dt><dd class="phpdebugbar-widgets-value">4MB</dd><dt class="phpdebugbar-widgets-key"><span title="response">response</span></dt><dd class="phpdebugbar-widgets-value">text/html; charset=utf-8</dd><dt class="phpdebugbar-widgets-key"><span title="request_format">request_format</span></dt><dd class="phpdebugbar-widgets-value">html</dd><dt class="phpdebugbar-widgets-key"><span title="request_query">request_query</span></dt><dd class="phpdebugbar-widgets-value"><pre class="sf-dump" id="sf-dump-1575170080" data-indent-pad="  ">[]
</pre><script>Sfdump("sf-dump-1575170080", {"maxDepth":0})</script>
</dd><dt class="phpdebugbar-widgets-key"><span title="request_request">request_request</span></dt><dd class="phpdebugbar-widgets-value"><pre class="sf-dump" id="sf-dump-1297832418" data-indent-pad="  ">[]
</pre><script>Sfdump("sf-dump-1297832418", {"maxDepth":0})</script>
</dd><dt class="phpdebugbar-widgets-key"><span title="request_headers">request_headers</span></dt><dd class="phpdebugbar-widgets-value"><pre class="sf-dump" id="sf-dump-2098253423" data-indent-pad="  " tabindex="0"><div class="sf-dump-search-wrapper sf-dump-search-hidden"> <input type="text" class="sf-dump-search-input"> <span class="sf-dump-search-count">0 of 0</span> <button type="button" class="sf-dump-search-input-previous" tabindex="-1"> <svg viewBox="0 0 1792 1792" xmlns="http://www.w3.org/2000/svg"><path d="M1683 1331l-166 165q-19 19-45 19t-45-19L896 965l-531 531q-19 19-45 19t-45-19l-166-165q-19-19-19-45.5t19-45.5l742-741q19-19 45-19t45 19l742 741q19 19 19 45.5t-19 45.5z"></path></svg> </button> <button type="button" class="sf-dump-search-input-next" tabindex="-1"> <svg viewBox="0 0 1792 1792" xmlns="http://www.w3.org/2000/svg"><path d="M1683 808l-742 741q-19 19-45 19t-45-19L109 808q-19-19-19-45.5t19-45.5l166-165q19-19 45-19t45 19l531 531 531-531q19-19 45-19t45 19l166 165q19 19 19 45.5t-19 45.5z"></path></svg> </button> </div><span class="sf-dump-note">array:14</span> [<a class="sf-dump-ref sf-dump-toggle" title="[Cmd+click] Expand all children"><span>▼</span></a><samp data-depth="1" class="sf-dump-expanded">
  "<span class="sf-dump-key">host</span>" =&gt; <span class="sf-dump-note">array:1</span> [<a class="sf-dump-ref sf-dump-toggle" title="[Cmd+click] Expand all children"><span>▶</span></a><samp data-depth="2" class="sf-dump-compact">
    <span class="sf-dump-index">0</span> =&gt; "<span class="sf-dump-str" title="14 characters">127.0.0.1:8000</span>"
  </samp>]
  "<span class="sf-dump-key">connection</span>" =&gt; <span class="sf-dump-note">array:1</span> [<a class="sf-dump-ref sf-dump-toggle" title="[Cmd+click] Expand all children"><span>▶</span></a><samp data-depth="2" class="sf-dump-compact">
    <span class="sf-dump-index">0</span> =&gt; "<span class="sf-dump-str" title="10 characters">keep-alive</span>"
  </samp>]
  "<span class="sf-dump-key">sec-ch-ua</span>" =&gt; <span class="sf-dump-note">array:1</span> [<a class="sf-dump-ref sf-dump-toggle" title="[Cmd+click] Expand all children"><span>▶</span></a><samp data-depth="2" class="sf-dump-compact">
    <span class="sf-dump-index">0</span> =&gt; "<span class="sf-dump-str" title="66 characters">"HeadlessChrome";v="143", "Chromium";v="143", "Not A(Brand";v="24"</span>"
  </samp>]
  "<span class="sf-dump-key">sec-ch-ua-mobile</span>" =&gt; <span class="sf-dump-note">array:1</span> [<a class="sf-dump-ref sf-dump-toggle" title="[Cmd+click] Expand all children"><span>▶</span></a><samp data-depth="2" class="sf-dump-compact">
    <span class="sf-dump-index">0</span> =&gt; "<span class="sf-dump-str" title="2 characters">?0</span>"
  </samp>]
  "<span class="sf-dump-key">sec-ch-ua-platform</span>" =&gt; <span class="sf-dump-note">array:1</span> [<a class="sf-dump-ref sf-dump-toggle" title="[Cmd+click] Expand all children"><span>▶</span></a><samp data-depth="2" class="sf-dump-compact">
    <span class="sf-dump-index">0</span> =&gt; "<span class="sf-dump-str" title="9 characters">"Windows"</span>"
  </samp>]
  "<span class="sf-dump-key">upgrade-insecure-requests</span>" =&gt; <span class="sf-dump-note">array:1</span> [<a class="sf-dump-ref sf-dump-toggle" title="[Cmd+click] Expand all children"><span>▶</span></a><samp data-depth="2" class="sf-dump-compact">
    <span class="sf-dump-index">0</span> =&gt; "<span class="sf-dump-str">1</span>"
  </samp>]
  "<span class="sf-dump-key">user-agent</span>" =&gt; <span class="sf-dump-note">array:1</span> [<a class="sf-dump-ref sf-dump-toggle" title="[Cmd+click] Expand all children"><span>▶</span></a><samp data-depth="2" class="sf-dump-compact">
    <span class="sf-dump-index">0</span> =&gt; "<span class="sf-dump-str" title="114 characters">Mozilla/5.0 (Windows NT 10.0; Win64; x64) AppleWebKit/537.36 (KHTML, like Gecko) Chrome/143.0.7499.4 Safari/537.36</span>"
  </samp>]
  "<span class="sf-dump-key">accept-language</span>" =&gt; <span class="sf-dump-note">array:1</span> [<a class="sf-dump-ref sf-dump-toggle" title="[Cmd+click] Expand all children"><span>▶</span></a><samp data-depth="2" class="sf-dump-compact">
    <span class="sf-dump-index">0</span> =&gt; "<span class="sf-dump-str" title="5 characters">en-US</span>"
  </samp>]
  "<span class="sf-dump-key">accept</span>" =&gt; <span class="sf-dump-note">array:1</span> [<a class="sf-dump-ref sf-dump-toggle" title="[Cmd+click] Expand all children"><span>▶</span></a><samp data-depth="2" class="sf-dump-compact">
    <span class="sf-dump-index">0</span> =&gt; "<span class="sf-dump-str" title="135 characters">text/html,application/xhtml+xml,application/xml;q=0.9,image/avif,image/webp,image/apng,*/*;q=0.8,application/signed-exchange;v=b3;q=0.7</span>"
  </samp>]
  "<span class="sf-dump-key">sec-fetch-site</span>" =&gt; <span class="sf-dump-note">array:1</span> [<a class="sf-dump-ref sf-dump-toggle" title="[Cmd+click] Expand all children"><span>▶</span></a><samp data-depth="2" class="sf-dump-compact">
    <span class="sf-dump-index">0</span> =&gt; "<span class="sf-dump-str" title="4 characters">none</span>"
  </samp>]
  "<span class="sf-dump-key">sec-fetch-mode</span>" =&gt; <span class="sf-dump-note">array:1</span> [<a class="sf-dump-ref sf-dump-toggle" title="[Cmd+click] Expand all children"><span>▶</span></a><samp data-depth="2" class="sf-dump-compact">
    <span class="sf-dump-index">0</span> =&gt; "<span class="sf-dump-str" title="8 characters">navigate</span>"
  </samp>]
  "<span class="sf-dump-key">sec-fetch-user</span>" =&gt; <span class="sf-dump-note">array:1</span> [<a class="sf-dump-ref sf-dump-toggle" title="[Cmd+click] Expand all children"><span>▶</span></a><samp data-depth="2" class="sf-dump-compact">
    <span class="sf-dump-index">0</span> =&gt; "<span class="sf-dump-str" title="2 characters">?1</span>"
  </samp>]
  "<span class="sf-dump-key">sec-fetch-dest</span>" =&gt; <span class="sf-dump-note">array:1</span> [<a class="sf-dump-ref sf-dump-toggle" title="[Cmd+click] Expand all children"><span>▶</span></a><samp data-depth="2" class="sf-dump-compact">
    <span class="sf-dump-index">0</span> =&gt; "<span class="sf-dump-str" title="8 characters">document</span>"
  </samp>]
  "<span class="sf-dump-key">accept-encoding</span>" =&gt; <span class="sf-dump-note">array:1</span> [<a class="sf-dump-ref sf-dump-toggle" title="[Cmd+click] Expand all children"><span>▶</span></a><samp data-depth="2" class="sf-dump-compact">
    <span class="sf-dump-index">0</span> =&gt; "<span class="sf-dump-str" title="23 characters">gzip, deflate, br, zstd</span>"
  </samp>]
</samp>]
</pre><script>Sfdump("sf-dump-2098253423", {"maxDepth":0})</script>
</dd><dt class="phpdebugbar-widgets-key"><span title="request_cookies">request_cookies</span></dt><dd class="phpdebugbar-widgets-value"><pre class="sf-dump" id="sf-dump-531731413" data-indent-pad="  ">[]
</pre><script>Sfdump("sf-dump-531731413", {"maxDepth":0})</script>
</dd><dt class="phpdebugbar-widgets-key"><span title="response_headers">response_headers</span></dt><dd class="phpdebugbar-widgets-value"><pre class="sf-dump" id="sf-dump-1744115776" data-indent-pad="  " tabindex="0"><div class="sf-dump-search-wrapper sf-dump-search-hidden"> <input type="text" class="sf-dump-search-input"> <span class="sf-dump-search-count">0 of 0</span> <button type="button" class="sf-dump-search-input-previous" tabindex="-1"> <svg viewBox="0 0 1792 1792" xmlns="http://www.w3.org/2000/svg"><path d="M1683 1331l-166 165q-19 19-45 19t-45-19L896 965l-531 531q-19 19-45 19t-45-19l-166-165q-19-19-19-45.5t19-45.5l742-741q19-19 45-19t45 19l742 741q19 19 19 45.5t-19 45.5z"></path></svg> </button> <button type="button" class="sf-dump-search-input-next" tabindex="-1"> <svg viewBox="0 0 1792 1792" xmlns="http://www.w3.org/2000/svg"><path d="M1683 808l-742 741q-19 19-45 19t-45-19L109 808q-19-19-19-45.5t19-45.5l166-165q19-19 45-19t45 19l531 531 531-531q19-19 45-19t45 19l166 165q19 19 19 45.5t-19 45.5z"></path></svg> </button> </div><span class="sf-dump-note">array:3</span> [<a class="sf-dump-ref sf-dump-toggle" title="[Cmd+click] Expand all children"><span>▼</span></a><samp data-depth="1" class="sf-dump-expanded">
  "<span class="sf-dump-key">cache-control</span>" =&gt; <span class="sf-dump-note">array:1</span> [<a class="sf-dump-ref sf-dump-toggle" title="[Cmd+click] Expand all children"><span>▶</span></a><samp data-depth="2" class="sf-dump-compact">
    <span class="sf-dump-index">0</span> =&gt; "<span class="sf-dump-str" title="17 characters">no-cache, private</span>"
  </samp>]
  "<span class="sf-dump-key">date</span>" =&gt; <span class="sf-dump-note">array:1</span> [<a class="sf-dump-ref sf-dump-toggle" title="[Cmd+click] Expand all children"><span>▶</span></a><samp data-depth="2" class="sf-dump-compact">
    <span class="sf-dump-index">0</span> =&gt; "<span class="sf-dump-str" title="29 characters">Sun, 30 Nov 2025 15:57:58 GMT</span>"
  </samp>]
  "<span class="sf-dump-key">content-type</span>" =&gt; <span class="sf-dump-note">array:1</span> [<a class="sf-dump-ref sf-dump-toggle" title="[Cmd+click] Expand all children"><span>▶</span></a><samp data-depth="2" class="sf-dump-compact">
    <span class="sf-dump-index">0</span> =&gt; "<span class="sf-dump-str" title="24 characters">text/html; charset=utf-8</span>"
  </samp>]
</samp>]
</pre><script>Sfdump("sf-dump-1744115776", {"maxDepth":0})</script>
</dd><dt class="phpdebugbar-widgets-key"><span title="session_attributes">session_attributes</span></dt><dd class="phpdebugbar-widgets-value"><pre class="sf-dump" id="sf-dump-1495090045" data-indent-pad="  " tabindex="0"><div class="sf-dump-search-wrapper sf-dump-search-hidden"> <input type="text" class="sf-dump-search-input"> <span class="sf-dump-search-count">0 of 0</span> <button type="button" class="sf-dump-search-input-previous" tabindex="-1"> <svg viewBox="0 0 1792 1792" xmlns="http://www.w3.org/2000/svg"><path d="M1683 1331l-166 165q-19 19-45 19t-45-19L896 965l-531 531q-19 19-45 19t-45-19l-166-165q-19-19-19-45.5t19-45.5l742-741q19-19 45-19t45 19l742 741q19 19 19 45.5t-19 45.5z"></path></svg> </button> <button type="button" class="sf-dump-search-input-next" tabindex="-1"> <svg viewBox="0 0 1792 1792" xmlns="http://www.w3.org/2000/svg"><path d="M1683 808l-742 741q-19 19-45 19t-45-19L109 808q-19-19-19-45.5t19-45.5l166-165q19-19 45-19t45 19l531 531 531-531q19-19 45-19t45 19l166 165q19 19 19 45.5t-19 45.5z"></path></svg> </button> </div><span class="sf-dump-note">array:1</span> [<a class="sf-dump-ref sf-dump-toggle" title="[Cmd+click] Expand all children"><span>▼</span></a><samp data-depth="1" class="sf-dump-expanded">
  "<span class="sf-dump-key">_token</span>" =&gt; "<span class="sf-dump-str" title="40 characters">iEkGQiOVH5dK9uPp8DPODRv7gHxUWz7V9DhUPcGy</span>"
</samp>]
</pre><script>Sfdump("sf-dump-1495090045", {"maxDepth":0})</script>
</dd></dl></div><div class="phpdebugbar-panel" data-collector="messages"><div class="phpdebugbar-widgets-messages"><ul class="phpdebugbar-widgets-list"></ul><div class="phpdebugbar-widgets-toolbar"><i class="phpdebugbar-fa phpdebugbar-fa-search"></i><input type="text" name="search" aria-label="Search" placeholder="Search"><a class="phpdebugbar-widgets-filter" style="visibility: hidden;"></a></div></div></div><div class="phpdebugbar-panel" data-collector="timeline"><ul class="phpdebugbar-widgets-timeline"><li><div class="phpdebugbar-widgets-measure"><span class="phpdebugbar-widgets-value" style="left: 0%; width: 74.05%;"></span><span class="phpdebugbar-widgets-label">Booting (38.12ms)</span><span class="phpdebugbar-widgets-collector">time</span></div></li><li><div class="phpdebugbar-widgets-measure"><span class="phpdebugbar-widgets-value" style="left: 74.08%; width: 25.92%;"></span><span class="phpdebugbar-widgets-label">Application (13.35ms)</span><span class="phpdebugbar-widgets-collector">time</span></div></li><li><div class="phpdebugbar-widgets-measure"><span class="phpdebugbar-widgets-value" style="left: 79.01%; width: 1.89%;"></span><span class="phpdebugbar-widgets-label">Routing (974μs)</span></div></li><li><div class="phpdebugbar-widgets-measure"><span class="phpdebugbar-widgets-value" style="left: 85.91%; width: 13.42%;"></span><span class="phpdebugbar-widgets-label">Preparing Response (6.91ms)</span></div></li><li><div class="phpdebugbar-widgets-measure"><span class="phpdebugbar-widgets-value" style="left: 88.64%; width: 0%;"></span><span class="phpdebugbar-widgets-label">View: Auth/Login</span><span class="phpdebugbar-widgets-collector">views</span></div></li><li><table class="phpdebugbar-widgets-params"><tr><td class="phpdebugbar-widgets-name">1 x Booting (74.05%)</td><td class="phpdebugbar-widgets-value"><div class="phpdebugbar-widgets-measure"><span class="phpdebugbar-widgets-value" style="width: 74.05%;"></span><span class="phpdebugbar-widgets-label">38.12ms</span></div></td></tr><tr><td class="phpdebugbar-widgets-name">1 x Application (25.92%)</td><td class="phpdebugbar-widgets-value"><div class="phpdebugbar-widgets-measure"><span class="phpdebugbar-widgets-value" style="width: 25.92%;"></span><span class="phpdebugbar-widgets-label">13.35ms</span></div></td></tr><tr><td class="phpdebugbar-widgets-name">1 x Preparing Response (13.42%)</td><td class="phpdebugbar-widgets-value"><div class="phpdebugbar-widgets-measure"><span class="phpdebugbar-widgets-value" style="width: 13.42%;"></span><span class="phpdebugbar-widgets-label">6.91ms</span></div></td></tr><tr><td class="phpdebugbar-widgets-name">1 x Routing (1.89%)</td><td class="phpdebugbar-widgets-value"><div class="phpdebugbar-widgets-measure"><span class="phpdebugbar-widgets-value" style="width: 1.89%;"></span><span class="phpdebugbar-widgets-label">974μs</span></div></td></tr><tr><td class="phpdebugbar-widgets-name">1 x View (0%)</td><td class="phpdebugbar-widgets-value"><div class="phpdebugbar-widgets-measure"><span class="phpdebugbar-widgets-value" style="width: 0%;"></span><span class="phpdebugbar-widgets-label">0μs</span></div></td></tr></table></li></ul></div><div class="phpdebugbar-panel" data-collector="exceptions"><div class="phpdebugbar-widgets-exceptions"><ul class="phpdebugbar-widgets-list"></ul></div></div><div class="phpdebugbar-panel" data-collector="views"><div class="phpdebugbar-widgets-templates"><div class="phpdebugbar-widgets-status"><span>1 templates were rendered</span></div><ul class="phpdebugbar-widgets-list"><li class="phpdebugbar-widgets-list-item"><span class="phpdebugbar-widgets-name">Auth/Login</span><span class="phpdebugbar-widgets-filename">app.blade.php#?<a href="phpstorm://open?file=%2FUsers%2Fvahan%2FHerd%2Flaravel-react-reactions%2Fpackages%2Ftruefans%2Flaravel-react-reactions%2Fworkbench%2Fresources%2Fviews%2Fapp.blade.php&amp;line=1" class="phpdebugbar-widgets-editor-link"></a></span><span title="Parameter count" class="phpdebugbar-widgets-param-count"></span><span title="Type" class="phpdebugbar-widgets-type">blade</span></li></ul><div class="phpdebugbar-widgets-callgraph"></div></div></div><div class="phpdebugbar-panel" data-collector="queries"><div class="phpdebugbar-widgets-sqlqueries"><div class="phpdebugbar-widgets-status"><span>0 statements were executed</span><span title="Accumulated duration" class="phpdebugbar-widgets-duration">0μs</span></div><ul class="phpdebugbar-widgets-list"></ul></div></div><div class="phpdebugbar-panel" data-collector="models"><div class="phpdebugbar-widgets-tablevarlist"><table class="phpdebugbar-widgets-tablevar"><tr class="phpdebugbar-widgets-header"><td></td><td>Retrieved</td><td>Created</td><td>Updated</td><td>Deleted</td></tr></table></div></div><div class="phpdebugbar-panel" data-collector="emails"><div class="phpdebugbar-widgets-mails"><ul class="phpdebugbar-widgets-list"></ul></div></div><div class="phpdebugbar-panel" data-collector="gate"><div class="phpdebugbar-widgets-messages"><ul class="phpdebugbar-widgets-list"></ul><div class="phpdebugbar-widgets-toolbar"><i class="phpdebugbar-fa phpdebugbar-fa-search"></i><input type="text" name="search" aria-label="Search" placeholder="Search"><a class="phpdebugbar-widgets-filter" style="visibility: hidden;"></a></div></div></div><div class="phpdebugbar-panel" data-collector="__datasets"><div class="phpdebugbar-widgets-dataset-history"><div class="phpdebugbar-widgets-dataset-actions"><label>Autoshow<input type="checkbox"></label><a>Clear</a><a>Show all</a><select name="method" style="width:100px"><option>(method)</option><option>GET</option><option>POST</option><option>PUT</option><option>DELETE</option></select><input type="text" name="search" aria-label="Search" placeholder="Search"></div><table><thead><tr><th style="width: 30px;"></th><th style="width: 175px;">Date ↕</th><th style="width: 80px;">Method</th><th>URL</th><th width="40%">Data</th></tr></thead><tbody><tr data-id="01KBAQRDQ2GM3RZBWW7K0SGCBR" class="phpdebugbar-widgets-table-row phpdebugbar-widgets-active" style="cursor: pointer;"><td>#1</td><td>2025-11-30 15:57:58</td><td>GET</td><td>/login</td><td><a title="Views"><i class="phpdebugbar-fa phpdebugbar-fa-leaf"></i><span class="phpdebugbar-badge" style="display: inline-block;">1</span></a></td></tr></tbody></table></div></div></div><a class="phpdebugbar-restore-btn" style="display: none;"></a></div><div class="phpdebugbar-openhandler" data-theme="light" style="display: none;"><div class="phpdebugbar-openhandler-header">PHP DebugBar | Open<a><i class="phpdebugbar-fa phpdebugbar-fa-times"></i></a></div><table><thead><tr><th width="155">Date</th><th width="75">Method</th><th>URL</th><th width="125">IP</th><th width="100">Filter data</th></tr></thead><tbody></tbody></table><div class="phpdebugbar-openhandler-actions"><a>Load more</a><a>Show only current URL</a><a>Show all</a><a>Delete all</a><form><br><b>Filter results</b><br><select name="method"><option selected="">(Method)</option><option>GET</option><option>POST</option><option>PUT</option><option>DELETE</option></select><input type="text" name="uri" placeholder="URI"><input type="text" name="ip" placeholder="IP"><button type="submit">Search</button></form></div></div><div class="phpdebugbar-openhandler-overlay" style="display: none;"></div>


<div id="nprogress" style="transition: none; opacity: 1;"><div class="bar" role="bar" style="transform: translate3d(0%, 0px, 0px); transition: 200ms linear;"><div class="peg"></div></div></div></body></html>

[1A[2K[chromium] › tests/Browser/reactions.spec.js:119:5 › Reactions Component › should persist reaction after page reload
BROWSER LOG: [vite] connecting...

[1A[2KBROWSER LOG: %cDownload the React DevTools for a better development experience: https://react.dev/link/react-devtools font-weight:bold

[1A[2KBROWSER LOG: [vite] connected.

[1A[2K[chromium] › tests/Browser/reactions.spec.js:66:5 › Reactions Component › should change reaction type
BROWSER LOG: Comments initialized: {initialCount: 5, totalComments: 36, hasMore: true}

[1A[2KBROWSER LOG: Comments initialized: {initialCount: 3, totalComments: 3, hasMore: false}

[1A[2KBROWSER LOG: Comments initialized: {initialCount: 2, totalComments: 2, hasMore: false}

[1A[2KBROWSER LOG: Comments initialized: {initialCount: 5, totalComments: 5, hasMore: false}

[1A[2KBROWSER LOG: Comments initialized: {initialCount: 3, totalComments: 3, hasMore: false}

[1A[2KBROWSER LOG: Comments initialized: {initialCount: 4, totalComments: 4, hasMore: false}

[1A[2KBROWSER LOG: Comments initialized: {initialCount: 5, totalComments: 5, hasMore: false}

[1A[2KBROWSER LOG: Comments initialized: {initialCount: 2, totalComments: 2, hasMore: false}

[1A[2KBROWSER LOG: Comments initialized: {initialCount: 5, totalComments: 5, hasMore: false}

[1A[2KBROWSER LOG: Comments initialized: {initialCount: 5, totalComments: 5, hasMore: false}

[1A[2KBROWSER LOG: All props: {posts: Array(10), flash: Object, errors: Array(0)}

[1A[2KBROWSER LOG: Flash: {success: null} Errors: []

[1A[2KPAGE CONTENT: <!DOCTYPE html><html lang="en" class="sf-js-enabled nprogress-busy"><head>
    <meta charset="utf-8">
    <meta name="viewport" content="width=device-width, initial-scale=1">
    <meta name="csrf-token" content="Jea8AMN3c53E2aYyfJuDje541g5KILopIHcCrQKb">

    <title inertia="">Login - Laravel</title>

    <script type="module">
    import RefreshRuntime from 'http://localhost:5174/@react-refresh'
    RefreshRuntime.injectIntoGlobalHook(window)
    window.$RefreshReg$ = () => {}
    window.$RefreshSig$ = () => (type) => type
    window.__vite_plugin_react_preamble_installed__ = true
</script>    <script type="module" src="http://localhost:5174/@vite/client"></script><link rel="stylesheet" href="http://localhost:5174/workbench/resources/css/app.css"><script type="module" src="http://localhost:5174/workbench/resources/js/app.jsx"></script>    <link rel="stylesheet" type="text/css" property="stylesheet" href="/_debugbar/assets/stylesheets?v=1763541085" data-turbolinks-eval="false" data-turbo-eval="false"><script src="/_debugbar/assets/javascript?v=1763541085" data-turbolinks-eval="false" data-turbo-eval="false"></script><script data-turbo-eval="false">jQuery.noConflict(true);</script>
<script> Sfdump = window.Sfdump || (function (doc) { doc.documentElement.classList.add('sf-js-enabled'); var rxEsc = /([.*+?^${}()|\[\]\/\\])/g, idRx = /\bsf-dump-\d+-ref[012]\w+\b/, keyHint = 0 <= navigator.platform.toUpperCase().indexOf('MAC') ? 'Cmd' : 'Ctrl', addEventListener = function (e, n, cb) { e.addEventListener(n, cb, false); }; if (!doc.addEventListener) { addEventListener = function (element, eventName, callback) { element.attachEvent('on' + eventName, function (e) { e.preventDefault = function () {e.returnValue = false;}; e.target = e.srcElement; callback(e); }); }; } function toggle(a, recursive) { var s = a.nextSibling || {}, oldClass = s.className, arrow, newClass; if (/\bsf-dump-compact\b/.test(oldClass)) { arrow = '▼'; newClass = 'sf-dump-expanded'; } else if (/\bsf-dump-expanded\b/.test(oldClass)) { arrow = '▶'; newClass = 'sf-dump-compact'; } else { return false; } if (doc.createEvent && s.dispatchEvent) { var event = doc.createEvent('Event'); event.initEvent('sf-dump-expanded' === newClass ? 'sfbeforedumpexpand' : 'sfbeforedumpcollapse', true, false); s.dispatchEvent(event); } a.lastChild.innerHTML = arrow; s.className = s.className.replace(/\bsf-dump-(compact|expanded)\b/, newClass); if (recursive) { try { a = s.querySelectorAll('.'+oldClass); for (s = 0; s < a.length; ++s) { if (-1 == a[s].className.indexOf(newClass)) { a[s].className = newClass; a[s].previousSibling.lastChild.innerHTML = arrow; } } } catch (e) { } } return true; }; function collapse(a, recursive) { var s = a.nextSibling || {}, oldClass = s.className; if (/\bsf-dump-expanded\b/.test(oldClass)) { toggle(a, recursive); return true; } return false; }; function expand(a, recursive) { var s = a.nextSibling || {}, oldClass = s.className; if (/\bsf-dump-compact\b/.test(oldClass)) { toggle(a, recursive); return true; } return false; }; function collapseAll(root) { var a = root.querySelector('a.sf-dump-toggle'); if (a) { collapse(a, true); expand(a); return true; } return false; } function reveal(node) { var previous, parents = []; while ((node = node.parentNode || {}) && (previous = node.previousSibling) && 'A' === previous.tagName) { parents.push(previous); } if (0 !== parents.length) { parents.forEach(function (parent) { expand(parent); }); return true; } return false; } function highlight(root, activeNode, nodes) { resetHighlightedNodes(root); Array.from(nodes||[]).forEach(function (node) { if (!/\bsf-dump-highlight\b/.test(node.className)) { node.className = node.className + ' sf-dump-highlight'; } }); if (!/\bsf-dump-highlight-active\b/.test(activeNode.className)) { activeNode.className = activeNode.className + ' sf-dump-highlight-active'; } } function resetHighlightedNodes(root) { Array.from(root.querySelectorAll('.sf-dump-str, .sf-dump-key, .sf-dump-public, .sf-dump-protected, .sf-dump-private')).forEach(function (strNode) { strNode.className = strNode.className.replace(/\bsf-dump-highlight\b/, ''); strNode.className = strNode.className.replace(/\bsf-dump-highlight-active\b/, ''); }); } return function (root, x) { root = doc.getElementById(root); var indentRx = new RegExp('^('+(root.getAttribute('data-indent-pad') || ' ').replace(rxEsc, '\\$1')+')+', 'm'), options = {"maxDepth":1,"maxStringLength":160,"fileLinkFormat":false}, elt = root.getElementsByTagName('A'), len = elt.length, i = 0, s, h, t = []; while (i < len) t.push(elt[i++]); for (i in x) { options[i] = x[i]; } function a(e, f) { addEventListener(root, e, function (e, n) { if ('A' == e.target.tagName) { f(e.target, e); } else if ('A' == e.target.parentNode.tagName) { f(e.target.parentNode, e); } else { n = /\bsf-dump-ellipsis\b/.test(e.target.className) ? e.target.parentNode : e.target; if ((n = n.nextElementSibling) && 'A' == n.tagName) { if (!/\bsf-dump-toggle\b/.test(n.className)) { n = n.nextElementSibling || n; } f(n, e, true); } } }); }; function isCtrlKey(e) { return e.ctrlKey || e.metaKey; } function xpathString(str) { var parts = str.match(/[^'"]+|['"]/g).map(function (part) { if ("'" == part) { return '"\'"'; } if ('"' == part) { return "'\"'"; } return "'" + part + "'"; }); return "concat(" + parts.join(",") + ", '')"; } function xpathHasClass(className) { return "contains(concat(' ', normalize-space(@class), ' '), ' " + className +" ')"; } a('mouseover', function (a, e, c) { if (c) { e.target.style.cursor = "pointer"; } }); a('click', function (a, e, c) { if (/\bsf-dump-toggle\b/.test(a.className)) { e.preventDefault(); if (!toggle(a, isCtrlKey(e))) { var r = doc.getElementById(a.getAttribute('href').slice(1)), s = r.previousSibling, f = r.parentNode, t = a.parentNode; t.replaceChild(r, a); f.replaceChild(a, s); t.insertBefore(s, r); f = f.firstChild.nodeValue.match(indentRx); t = t.firstChild.nodeValue.match(indentRx); if (f && t && f[0] !== t[0]) { r.innerHTML = r.innerHTML.replace(new RegExp('^'+f[0].replace(rxEsc, '\\$1'), 'mg'), t[0]); } if (/\bsf-dump-compact\b/.test(r.className)) { toggle(s, isCtrlKey(e)); } } if (c) { } else if (doc.getSelection) { try { doc.getSelection().removeAllRanges(); } catch (e) { doc.getSelection().empty(); } } else { doc.selection.empty(); } } else if (/\bsf-dump-str-toggle\b/.test(a.className)) { e.preventDefault(); e = a.parentNode.parentNode; e.className = e.className.replace(/\bsf-dump-str-(expand|collapse)\b/, a.parentNode.className); } }); elt = root.getElementsByTagName('SAMP'); len = elt.length; i = 0; while (i < len) t.push(elt[i++]); len = t.length; for (i = 0; i < len; ++i) { elt = t[i]; if ('SAMP' == elt.tagName) { a = elt.previousSibling || {}; if ('A' != a.tagName) { a = doc.createElement('A'); a.className = 'sf-dump-ref'; elt.parentNode.insertBefore(a, elt); } else { a.innerHTML += ' '; } a.title = (a.title ? a.title+'\n[' : '[')+keyHint+'+click] Expand all children'; a.innerHTML += elt.className == 'sf-dump-compact' ? '<span>▶</span>' : '<span>▼</span>'; a.className += ' sf-dump-toggle'; x = 1; if ('sf-dump' != elt.parentNode.className) { x += elt.parentNode.getAttribute('data-depth')/1; } } else if (/\bsf-dump-ref\b/.test(elt.className) && (a = elt.getAttribute('href'))) { a = a.slice(1); elt.className += ' sf-dump-hover'; elt.className += ' '+a; if (/[\[{]$/.test(elt.previousSibling.nodeValue)) { a = a != elt.nextSibling.id && doc.getElementById(a); try { s = a.nextSibling; elt.appendChild(a); s.parentNode.insertBefore(a, s); if (/^[@#]/.test(elt.innerHTML)) { elt.innerHTML += ' <span>▶</span>'; } else { elt.innerHTML = '<span>▶</span>'; elt.className = 'sf-dump-ref'; } elt.className += ' sf-dump-toggle'; } catch (e) { if ('&' == elt.innerHTML.charAt(0)) { elt.innerHTML = '…'; elt.className = 'sf-dump-ref'; } } } } } if (doc.evaluate && Array.from && root.children.length > 1) { root.setAttribute('tabindex', 0); SearchState = function () { this.nodes = []; this.idx = 0; }; SearchState.prototype = { next: function () { if (this.isEmpty()) { return this.current(); } this.idx = this.idx < (this.nodes.length - 1) ? this.idx + 1 : 0; return this.current(); }, previous: function () { if (this.isEmpty()) { return this.current(); } this.idx = this.idx > 0 ? this.idx - 1 : (this.nodes.length - 1); return this.current(); }, isEmpty: function () { return 0 === this.count(); }, current: function () { if (this.isEmpty()) { return null; } return this.nodes[this.idx]; }, reset: function () { this.nodes = []; this.idx = 0; }, count: function () { return this.nodes.length; }, }; function showCurrent(state) { var currentNode = state.current(), currentRect, searchRect; if (currentNode) { reveal(currentNode); highlight(root, currentNode, state.nodes); if ('scrollIntoView' in currentNode) { currentNode.scrollIntoView(true); currentRect = currentNode.getBoundingClientRect(); searchRect = search.getBoundingClientRect(); if (currentRect.top < (searchRect.top + searchRect.height)) { window.scrollBy(0, -(searchRect.top + searchRect.height + 5)); } } } counter.textContent = (state.isEmpty() ? 0 : state.idx + 1) + ' of ' + state.count(); } var search = doc.createElement('div'); search.className = 'sf-dump-search-wrapper sf-dump-search-hidden'; search.innerHTML = ' <input type="text" class="sf-dump-search-input"> <span class="sf-dump-search-count">0 of 0<\/span> <button type="button" class="sf-dump-search-input-previous" tabindex="-1"> <svg viewBox="0 0 1792 1792" xmlns="http://www.w3.org/2000/svg"><path d="M1683 1331l-166 165q-19 19-45 19t-45-19L896 965l-531 531q-19 19-45 19t-45-19l-166-165q-19-19-19-45.5t19-45.5l742-741q19-19 45-19t45 19l742 741q19 19 19 45.5t-19 45.5z"\/><\/svg> <\/button> <button type="button" class="sf-dump-search-input-next" tabindex="-1"> <svg viewBox="0 0 1792 1792" xmlns="http://www.w3.org/2000/svg"><path d="M1683 808l-742 741q-19 19-45 19t-45-19L109 808q-19-19-19-45.5t19-45.5l166-165q19-19 45-19t45 19l531 531 531-531q19-19 45-19t45 19l166 165q19 19 19 45.5t-19 45.5z"\/><\/svg> <\/button> '; root.insertBefore(search, root.firstChild); var state = new SearchState(); var searchInput = search.querySelector('.sf-dump-search-input'); var counter = search.querySelector('.sf-dump-search-count'); var searchInputTimer = 0; var previousSearchQuery = ''; addEventListener(searchInput, 'keyup', function (e) { var searchQuery = e.target.value; /* Don't perform anything if the pressed key didn't change the query */ if (searchQuery === previousSearchQuery) { return; } previousSearchQuery = searchQuery; clearTimeout(searchInputTimer); searchInputTimer = setTimeout(function () { state.reset(); collapseAll(root); resetHighlightedNodes(root); if ('' === searchQuery) { counter.textContent = '0 of 0'; return; } var classMatches = [ "sf-dump-str", "sf-dump-key", "sf-dump-public", "sf-dump-protected", "sf-dump-private", ].map(xpathHasClass).join(' or '); var xpathResult = doc.evaluate('.//span[' + classMatches + '][contains(translate(child::text(), ' + xpathString(searchQuery.toUpperCase()) + ', ' + xpathString(searchQuery.toLowerCase()) + '), ' + xpathString(searchQuery.toLowerCase()) + ')]', root, null, XPathResult.ORDERED_NODE_ITERATOR_TYPE, null); while (node = xpathResult.iterateNext()) state.nodes.push(node); showCurrent(state); }, 400); }); Array.from(search.querySelectorAll('.sf-dump-search-input-next, .sf-dump-search-input-previous')).forEach(function (btn) { addEventListener(btn, 'click', function (e) { e.preventDefault(); -1 !== e.target.className.indexOf('next') ? state.next() : state.previous(); searchInput.focus(); collapseAll(root); showCurrent(state); }) }); addEventListener(root, 'keydown', function (e) { var isSearchActive = !/\bsf-dump-search-hidden\b/.test(search.className); if ((114 === e.keyCode && !isSearchActive) || (isCtrlKey(e) && 70 === e.keyCode)) { /* F3 or CMD/CTRL + F */ if (70 === e.keyCode && document.activeElement === searchInput) { /* * If CMD/CTRL + F is hit while having focus on search input, * the user probably meant to trigger browser search instead. * Let the browser execute its behavior: */ return; } e.preventDefault(); search.className = search.className.replace(/\bsf-dump-search-hidden\b/, ''); searchInput.focus(); } else if (isSearchActive) { if (27 === e.keyCode) { /* ESC key */ search.className += ' sf-dump-search-hidden'; e.preventDefault(); resetHighlightedNodes(root); searchInput.value = ''; } else if ( (isCtrlKey(e) && 71 === e.keyCode) /* CMD/CTRL + G */ || 13 === e.keyCode /* Enter */ || 114 === e.keyCode /* F3 */ ) { e.preventDefault(); e.shiftKey ? state.previous() : state.next(); collapseAll(root); showCurrent(state); } } }); } if (0 >= options.maxStringLength) { return; } try { elt = root.querySelectorAll('.sf-dump-str'); len = elt.length; i = 0; t = []; while (i < len) t.push(elt[i++]); len = t.length; for (i = 0; i < len; ++i) { elt = t[i]; s = elt.innerText || elt.textContent; x = s.length - options.maxStringLength; if (0 < x) { h = elt.innerHTML; elt[elt.innerText ? 'innerText' : 'textContent'] = s.substring(0, options.maxStringLength); elt.className += ' sf-dump-str-collapse'; elt.innerHTML = '<span class=sf-dump-str-collapse>'+h+'<a class="sf-dump-ref sf-dump-str-toggle" title="Collapse"> ◀</a></span>'+ '<span class=sf-dump-str-expand>'+elt.innerHTML+'<a class="sf-dump-ref sf-dump-str-toggle" title="'+x+' remaining characters"> ▶</a></span>'; } } } catch (e) { } }; })(document); </script><style> .sf-js-enabled .phpdebugbar pre.sf-dump .sf-dump-compact, .sf-js-enabled .sf-dump-str-collapse .sf-dump-str-collapse, .sf-js-enabled .sf-dump-str-expand .sf-dump-str-expand { display: none; } .sf-dump-hover:hover { background-color: #B729D9; color: #FFF !important; border-radius: 2px; } .phpdebugbar pre.sf-dump { display: block; white-space: pre; padding: 5px; overflow: initial !important; } .phpdebugbar pre.sf-dump:after { content: ""; visibility: hidden; display: block; height: 0; clear: both; } .phpdebugbar pre.sf-dump .sf-dump-ellipsization { display: inline-flex; } .phpdebugbar pre.sf-dump a { text-decoration: none; cursor: pointer; border: 0; outline: none; color: inherit; } .phpdebugbar pre.sf-dump img { max-width: 50em; max-height: 50em; margin: .5em 0 0 0; padding: 0; background: url(data:image/png;base64,iVBORw0KGgoAAAANSUhEUgAAABAAAAAQCAAAAAA6mKC9AAAAHUlEQVQY02O8zAABilCaiQEN0EeA8QuUcX9g3QEAAjcC5piyhyEAAAAASUVORK5CYII=) #D3D3D3; } .phpdebugbar pre.sf-dump .sf-dump-ellipsis { text-overflow: ellipsis; white-space: nowrap; overflow: hidden; } .phpdebugbar pre.sf-dump .sf-dump-ellipsis-tail { flex-shrink: 0; } .phpdebugbar pre.sf-dump code { display:inline; padding:0; background:none; } .sf-dump-public.sf-dump-highlight, .sf-dump-protected.sf-dump-highlight, .sf-dump-private.sf-dump-highlight, .sf-dump-str.sf-dump-highlight, .sf-dump-key.sf-dump-highlight { background: rgba(111, 172, 204, 0.3); border: 1px solid #7DA0B1; border-radius: 3px; } .sf-dump-public.sf-dump-highlight-active, .sf-dump-protected.sf-dump-highlight-active, .sf-dump-private.sf-dump-highlight-active, .sf-dump-str.sf-dump-highlight-active, .sf-dump-key.sf-dump-highlight-active { background: rgba(253, 175, 0, 0.4); border: 1px solid #ffa500; border-radius: 3px; } .phpdebugbar pre.sf-dump .sf-dump-search-hidden { display: none !important; } .phpdebugbar pre.sf-dump .sf-dump-search-wrapper { font-size: 0; white-space: nowrap; margin-bottom: 5px; display: flex; position: -webkit-sticky; position: sticky; top: 5px; } .phpdebugbar pre.sf-dump .sf-dump-search-wrapper > * { vertical-align: top; box-sizing: border-box; height: 21px; font-weight: normal; border-radius: 0; background: #FFF; color: #757575; border: 1px solid #BBB; } .phpdebugbar pre.sf-dump .sf-dump-search-wrapper > input.sf-dump-search-input { padding: 3px; height: 21px; font-size: 12px; border-right: none; border-top-left-radius: 3px; border-bottom-left-radius: 3px; color: #000; min-width: 15px; width: 100%; } .phpdebugbar pre.sf-dump .sf-dump-search-wrapper > .sf-dump-search-input-next, .phpdebugbar pre.sf-dump .sf-dump-search-wrapper > .sf-dump-search-input-previous { background: #F2F2F2; outline: none; border-left: none; font-size: 0; line-height: 0; } .phpdebugbar pre.sf-dump .sf-dump-search-wrapper > .sf-dump-search-input-next { border-top-right-radius: 3px; border-bottom-right-radius: 3px; } .phpdebugbar pre.sf-dump .sf-dump-search-wrapper > .sf-dump-search-input-next > svg, .phpdebugbar pre.sf-dump .sf-dump-search-wrapper > .sf-dump-search-input-previous > svg { pointer-events: none; width: 12px; height: 12px; } .phpdebugbar pre.sf-dump .sf-dump-search-wrapper > .sf-dump-search-count { display: inline-block; padding: 0 5px; margin: 0; border-left: none; line-height: 21px; font-size: 12px; }.phpdebugbar pre.sf-dump, .phpdebugbar pre.sf-dump .sf-dump-default{word-wrap: break-word; white-space: pre-wrap; word-break: normal}.phpdebugbar pre.sf-dump .sf-dump-num{font-weight:bold; color:#1299DA}.phpdebugbar pre.sf-dump .sf-dump-const{font-weight:bold}.phpdebugbar pre.sf-dump .sf-dump-str{font-weight:bold; color:#3A9B26}.phpdebugbar pre.sf-dump .sf-dump-note{color:#1299DA}.phpdebugbar pre.sf-dump .sf-dump-ref{color:#7B7B7B}.phpdebugbar pre.sf-dump .sf-dump-public{color:#000000}.phpdebugbar pre.sf-dump .sf-dump-protected{color:#000000}.phpdebugbar pre.sf-dump .sf-dump-private{color:#000000}.phpdebugbar pre.sf-dump .sf-dump-meta{color:#B729D9}.phpdebugbar pre.sf-dump .sf-dump-key{color:#3A9B26}.phpdebugbar pre.sf-dump .sf-dump-index{color:#1299DA}.phpdebugbar pre.sf-dump .sf-dump-ellipsis{color:#A0A000}.phpdebugbar pre.sf-dump .sf-dump-virtual{font-style:italic}.phpdebugbar pre.sf-dump .sf-dump-ns{user-select:none;}.phpdebugbar pre.sf-dump .sf-dump-ellipsis-note{color:#1299DA}.phpdebugbar[data-theme='dark'] pre.sf-dump, pre.sf-dump .sf-dump-default{background-color:#18171B; color:#FF8400; line-height:1.2em; font:12px Menlo, Monaco, Consolas, monospace; word-wrap: break-word; white-space: pre-wrap; position:relative; z-index:99999; word-break: break-all}.phpdebugbar[data-theme='dark'] pre.sf-dump .sf-dump-num{font-weight:bold; color:#1299DA}.phpdebugbar[data-theme='dark'] pre.sf-dump .sf-dump-const{font-weight:bold}.phpdebugbar[data-theme='dark'] pre.sf-dump .sf-dump-virtual{font-style:italic}.phpdebugbar[data-theme='dark'] pre.sf-dump .sf-dump-str{font-weight:bold; color:#56DB3A}.phpdebugbar[data-theme='dark'] pre.sf-dump .sf-dump-note{color:#1299DA}.phpdebugbar[data-theme='dark'] pre.sf-dump .sf-dump-ref{color:#A0A0A0}.phpdebugbar[data-theme='dark'] pre.sf-dump .sf-dump-public{color:#FFFFFF}.phpdebugbar[data-theme='dark'] pre.sf-dump .sf-dump-protected{color:#FFFFFF}.phpdebugbar[data-theme='dark'] pre.sf-dump .sf-dump-private{color:#FFFFFF}.phpdebugbar[data-theme='dark'] pre.sf-dump .sf-dump-meta{color:#B729D9}.phpdebugbar[data-theme='dark'] pre.sf-dump .sf-dump-key{color:#56DB3A}.phpdebugbar[data-theme='dark'] pre.sf-dump .sf-dump-index{color:#1299DA}.phpdebugbar[data-theme='dark'] pre.sf-dump .sf-dump-ellipsis{color:#FF8400}.phpdebugbar[data-theme='dark'] pre.sf-dump .sf-dump-ns{user-select:none;}.phpdebugbar[data-theme='dark'] pre.sf-dump .sf-dump-ellipsis-note{color:#1299DA}</style>
<style type="text/css" data-vite-dev-id="/Users/vahan/Herd/laravel-react-reactions/packages/truefans/laravel-react-reactions/workbench/resources/css/app.css">/*! tailwindcss v4.1.17 | MIT License | https://tailwindcss.com */
@layer properties;
@layer theme, base, components, utilities;
@layer theme {
  :root, :host {
    --font-sans: ui-sans-serif, system-ui, sans-serif, "Apple Color Emoji",
      "Segoe UI Emoji", "Segoe UI Symbol", "Noto Color Emoji";
    --font-mono: ui-monospace, SFMono-Regular, Menlo, Monaco, Consolas, "Liberation Mono",
      "Courier New", monospace;
    --color-red-500: oklch(63.7% 0.237 25.331);
    --color-red-600: oklch(57.7% 0.245 27.325);
    --color-red-700: oklch(50.5% 0.213 27.518);
    --color-amber-50: oklch(98.7% 0.022 95.277);
    --color-amber-100: oklch(96.2% 0.059 95.617);
    --color-amber-200: oklch(92.4% 0.12 95.746);
    --color-amber-800: oklch(47.3% 0.137 46.201);
    --color-amber-900: oklch(41.4% 0.112 45.904);
    --color-yellow-50: oklch(98.7% 0.026 102.212);
    --color-green-500: oklch(72.3% 0.219 149.579);
    --color-blue-100: oklch(93.2% 0.032 255.585);
    --color-blue-600: oklch(54.6% 0.245 262.881);
    --color-indigo-500: oklch(58.5% 0.233 277.117);
    --color-indigo-600: oklch(51.1% 0.262 276.966);
    --color-indigo-700: oklch(45.7% 0.24 277.023);
    --color-gray-50: oklch(98.5% 0.002 247.839);
    --color-gray-100: oklch(96.7% 0.003 264.542);
    --color-gray-200: oklch(92.8% 0.006 264.531);
    --color-gray-300: oklch(87.2% 0.01 258.338);
    --color-gray-400: oklch(70.7% 0.022 261.325);
    --color-gray-500: oklch(55.1% 0.027 264.364);
    --color-gray-600: oklch(44.6% 0.03 256.802);
    --color-gray-700: oklch(37.3% 0.034 259.733);
    --color-gray-800: oklch(27.8% 0.033 256.848);
    --color-gray-900: oklch(21% 0.034 264.665);
    --color-black: #000;
    --color-white: #fff;
    --spacing: 0.25rem;
    --container-md: 28rem;
    --container-lg: 32rem;
    --container-4xl: 56rem;
    --container-5xl: 64rem;
    --text-xs: 0.75rem;
    --text-xs--line-height: calc(1 / 0.75);
    --text-sm: 0.875rem;
    --text-sm--line-height: calc(1.25 / 0.875);
    --text-base: 1rem;
    --text-base--line-height: calc(1.5 / 1);
    --text-lg: 1.125rem;
    --text-lg--line-height: calc(1.75 / 1.125);
    --text-xl: 1.25rem;
    --text-xl--line-height: calc(1.75 / 1.25);
    --text-2xl: 1.5rem;
    --text-2xl--line-height: calc(2 / 1.5);
    --text-3xl: 1.875rem;
    --text-3xl--line-height: calc(2.25 / 1.875);
    --text-4xl: 2.25rem;
    --text-4xl--line-height: calc(2.5 / 2.25);
    --text-6xl: 3.75rem;
    --text-6xl--line-height: 1;
    --font-weight-medium: 500;
    --font-weight-semibold: 600;
    --font-weight-bold: 700;
    --font-weight-extrabold: 800;
    --tracking-tight: -0.025em;
    --leading-relaxed: 1.625;
    --radius-sm: 0.25rem;
    --radius-md: 0.375rem;
    --radius-lg: 0.5rem;
    --radius-xl: 0.75rem;
    --ease-out: cubic-bezier(0, 0, 0.2, 1);
    --animate-spin: spin 1s linear infinite;
    --animate-pulse: pulse 2s cubic-bezier(0.4, 0, 0.6, 1) infinite;
    --default-transition-duration: 150ms;
    --default-transition-timing-function: cubic-bezier(0.4, 0, 0.2, 1);
    --default-font-family: var(--font-sans);
    --default-mono-font-family: var(--font-mono);
  }
}
@layer base {
  *, ::after, ::before, ::backdrop, ::file-selector-button {
    box-sizing: border-box;
    margin: 0;
    padding: 0;
    border: 0 solid;
  }
  html, :host {
    line-height: 1.5;
    -webkit-text-size-adjust: 100%;
    tab-size: 4;
    font-family: var(--default-font-family, ui-sans-serif, system-ui, sans-serif, "Apple Color Emoji", "Segoe UI Emoji", "Segoe UI Symbol", "Noto Color Emoji");
    font-feature-settings: var(--default-font-feature-settings, normal);
    font-variation-settings: var(--default-font-variation-settings, normal);
    -webkit-tap-highlight-color: transparent;
  }
  hr {
    height: 0;
    color: inherit;
    border-top-width: 1px;
  }
  abbr:where([title]) {
    -webkit-text-decoration: underline dotted;
    text-decoration: underline dotted;
  }
  h1, h2, h3, h4, h5, h6 {
    font-size: inherit;
    font-weight: inherit;
  }
  a {
    color: inherit;
    -webkit-text-decoration: inherit;
    text-decoration: inherit;
  }
  b, strong {
    font-weight: bolder;
  }
  code, kbd, samp, pre {
    font-family: var(--default-mono-font-family, ui-monospace, SFMono-Regular, Menlo, Monaco, Consolas, "Liberation Mono", "Courier New", monospace);
    font-feature-settings: var(--default-mono-font-feature-settings, normal);
    font-variation-settings: var(--default-mono-font-variation-settings, normal);
    font-size: 1em;
  }
  small {
    font-size: 80%;
  }
  sub, sup {
    font-size: 75%;
    line-height: 0;
    position: relative;
    vertical-align: baseline;
  }
  sub {
    bottom: -0.25em;
  }
  sup {
    top: -0.5em;
  }
  table {
    text-indent: 0;
    border-color: inherit;
    border-collapse: collapse;
  }
  :-moz-focusring {
    outline: auto;
  }
  progress {
    vertical-align: baseline;
  }
  summary {
    display: list-item;
  }
  ol, ul, menu {
    list-style: none;
  }
  img, svg, video, canvas, audio, iframe, embed, object {
    display: block;
    vertical-align: middle;
  }
  img, video {
    max-width: 100%;
    height: auto;
  }
  button, input, select, optgroup, textarea, ::file-selector-button {
    font: inherit;
    font-feature-settings: inherit;
    font-variation-settings: inherit;
    letter-spacing: inherit;
    color: inherit;
    border-radius: 0;
    background-color: transparent;
    opacity: 1;
  }
  :where(select:is([multiple], [size])) optgroup {
    font-weight: bolder;
  }
  :where(select:is([multiple], [size])) optgroup option {
    padding-inline-start: 20px;
  }
  ::file-selector-button {
    margin-inline-end: 4px;
  }
  ::placeholder {
    opacity: 1;
  }
  @supports (not (-webkit-appearance: -apple-pay-button))  or (contain-intrinsic-size: 1px) {
    ::placeholder {
      color: currentcolor;
      @supports (color: color-mix(in lab, red, red)) {
        color: color-mix(in oklab, currentcolor 50%, transparent);
      }
    }
  }
  textarea {
    resize: vertical;
  }
  ::-webkit-search-decoration {
    -webkit-appearance: none;
  }
  ::-webkit-date-and-time-value {
    min-height: 1lh;
    text-align: inherit;
  }
  ::-webkit-datetime-edit {
    display: inline-flex;
  }
  ::-webkit-datetime-edit-fields-wrapper {
    padding: 0;
  }
  ::-webkit-datetime-edit, ::-webkit-datetime-edit-year-field, ::-webkit-datetime-edit-month-field, ::-webkit-datetime-edit-day-field, ::-webkit-datetime-edit-hour-field, ::-webkit-datetime-edit-minute-field, ::-webkit-datetime-edit-second-field, ::-webkit-datetime-edit-millisecond-field, ::-webkit-datetime-edit-meridiem-field {
    padding-block: 0;
  }
  ::-webkit-calendar-picker-indicator {
    line-height: 1;
  }
  :-moz-ui-invalid {
    box-shadow: none;
  }
  button, input:where([type="button"], [type="reset"], [type="submit"]), ::file-selector-button {
    appearance: button;
  }
  ::-webkit-inner-spin-button, ::-webkit-outer-spin-button {
    height: auto;
  }
  [hidden]:where(:not([hidden="until-found"])) {
    display: none !important;
  }
}
@layer utilities {
  .pointer-events-auto {
    pointer-events: auto;
  }
  .collapse {
    visibility: collapse;
  }
  .visible {
    visibility: visible;
  }
  .absolute {
    position: absolute;
  }
  .fixed {
    position: fixed;
  }
  .relative {
    position: relative;
  }
  .static {
    position: static;
  }
  .sticky {
    position: sticky;
  }
  .inset-0 {
    inset: calc(var(--spacing) * 0);
  }
  .top-0 {
    top: calc(var(--spacing) * 0);
  }
  .top-2 {
    top: calc(var(--spacing) * 2);
  }
  .top-\[50\%\] {
    top: 50%;
  }
  .right-2 {
    right: calc(var(--spacing) * 2);
  }
  .right-3 {
    right: calc(var(--spacing) * 3);
  }
  .right-4 {
    right: calc(var(--spacing) * 4);
  }
  .bottom-3 {
    bottom: calc(var(--spacing) * 3);
  }
  .bottom-4 {
    bottom: calc(var(--spacing) * 4);
  }
  .bottom-full {
    bottom: 100%;
  }
  .left-0 {
    left: calc(var(--spacing) * 0);
  }
  .left-\[50\%\] {
    left: 50%;
  }
  .z-10 {
    z-index: 10;
  }
  .z-50 {
    z-index: 50;
  }
  .z-\[100\] {
    z-index: 100;
  }
  .col-1 {
    grid-column: 1;
  }
  .col-11 {
    grid-column: 11;
  }
  .container {
    width: 100%;
    @media (width >= 40rem) {
      max-width: 40rem;
    }
    @media (width >= 48rem) {
      max-width: 48rem;
    }
    @media (width >= 64rem) {
      max-width: 64rem;
    }
    @media (width >= 80rem) {
      max-width: 80rem;
    }
    @media (width >= 96rem) {
      max-width: 96rem;
    }
  }
  .m-5 {
    margin: calc(var(--spacing) * 5);
  }
  .mx-auto {
    margin-inline: auto;
  }
  .mt-1 {
    margin-top: calc(var(--spacing) * 1);
  }
  .mt-2 {
    margin-top: calc(var(--spacing) * 2);
  }
  .mt-3 {
    margin-top: calc(var(--spacing) * 3);
  }
  .mt-4 {
    margin-top: calc(var(--spacing) * 4);
  }
  .mt-6 {
    margin-top: calc(var(--spacing) * 6);
  }
  .mt-8 {
    margin-top: calc(var(--spacing) * 8);
  }
  .mt-16 {
    margin-top: calc(var(--spacing) * 16);
  }
  .mr-2 {
    margin-right: calc(var(--spacing) * 2);
  }
  .mb-1 {
    margin-bottom: calc(var(--spacing) * 1);
  }
  .mb-2 {
    margin-bottom: calc(var(--spacing) * 2);
  }
  .mb-3 {
    margin-bottom: calc(var(--spacing) * 3);
  }
  .mb-4 {
    margin-bottom: calc(var(--spacing) * 4);
  }
  .mb-6 {
    margin-bottom: calc(var(--spacing) * 6);
  }
  .mb-8 {
    margin-bottom: calc(var(--spacing) * 8);
  }
  .ml-2 {
    margin-left: calc(var(--spacing) * 2);
  }
  .ml-10 {
    margin-left: calc(var(--spacing) * 10);
  }
  .ml-12 {
    margin-left: calc(var(--spacing) * 12);
  }
  .block {
    display: block;
  }
  .contents {
    display: contents;
  }
  .flex {
    display: flex;
  }
  .grid {
    display: grid;
  }
  .hidden {
    display: none;
  }
  .inline {
    display: inline;
  }
  .inline-block {
    display: inline-block;
  }
  .inline-flex {
    display: inline-flex;
  }
  .table {
    display: table;
  }
  .h-2\.5 {
    height: calc(var(--spacing) * 2.5);
  }
  .h-3 {
    height: calc(var(--spacing) * 3);
  }
  .h-4 {
    height: calc(var(--spacing) * 4);
  }
  .h-5 {
    height: calc(var(--spacing) * 5);
  }
  .h-8 {
    height: calc(var(--spacing) * 8);
  }
  .h-9 {
    height: calc(var(--spacing) * 9);
  }
  .h-10 {
    height: calc(var(--spacing) * 10);
  }
  .h-12 {
    height: calc(var(--spacing) * 12);
  }
  .h-16 {
    height: calc(var(--spacing) * 16);
  }
  .h-\[600px\] {
    height: 600px;
  }
  .max-h-48 {
    max-height: calc(var(--spacing) * 48);
  }
  .max-h-96 {
    max-height: calc(var(--spacing) * 96);
  }
  .max-h-\[600px\] {
    max-height: 600px;
  }
  .max-h-screen {
    max-height: 100vh;
  }
  .min-h-screen {
    min-height: 100vh;
  }
  .w-2\.5 {
    width: calc(var(--spacing) * 2.5);
  }
  .w-3 {
    width: calc(var(--spacing) * 3);
  }
  .w-4 {
    width: calc(var(--spacing) * 4);
  }
  .w-5 {
    width: calc(var(--spacing) * 5);
  }
  .w-8 {
    width: calc(var(--spacing) * 8);
  }
  .w-9 {
    width: calc(var(--spacing) * 9);
  }
  .w-10 {
    width: calc(var(--spacing) * 10);
  }
  .w-12 {
    width: calc(var(--spacing) * 12);
  }
  .w-16 {
    width: calc(var(--spacing) * 16);
  }
  .w-32 {
    width: calc(var(--spacing) * 32);
  }
  .w-48 {
    width: calc(var(--spacing) * 48);
  }
  .w-96 {
    width: calc(var(--spacing) * 96);
  }
  .w-full {
    width: 100%;
  }
  .max-w-4xl {
    max-width: var(--container-4xl);
  }
  .max-w-5xl {
    max-width: var(--container-5xl);
  }
  .max-w-lg {
    max-width: var(--container-lg);
  }
  .max-w-md {
    max-width: var(--container-md);
  }
  .max-w-none {
    max-width: none;
  }
  .min-w-0 {
    min-width: calc(var(--spacing) * 0);
  }
  .min-w-\[8rem\] {
    min-width: 8rem;
  }
  .flex-1 {
    flex: 1;
  }
  .flex-shrink-0 {
    flex-shrink: 0;
  }
  .shrink-0 {
    flex-shrink: 0;
  }
  .translate-x-\[-50\%\] {
    --tw-translate-x: -50%;
    translate: var(--tw-translate-x) var(--tw-translate-y);
  }
  .translate-y-\[-50\%\] {
    --tw-translate-y: -50%;
    translate: var(--tw-translate-x) var(--tw-translate-y);
  }
  .scale-95 {
    --tw-scale-x: 95%;
    --tw-scale-y: 95%;
    --tw-scale-z: 95%;
    scale: var(--tw-scale-x) var(--tw-scale-y);
  }
  .scale-100 {
    --tw-scale-x: 100%;
    --tw-scale-y: 100%;
    --tw-scale-z: 100%;
    scale: var(--tw-scale-x) var(--tw-scale-y);
  }
  .scale-110 {
    --tw-scale-x: 110%;
    --tw-scale-y: 110%;
    --tw-scale-z: 110%;
    scale: var(--tw-scale-x) var(--tw-scale-y);
  }
  .transform {
    transform: var(--tw-rotate-x,) var(--tw-rotate-y,) var(--tw-rotate-z,) var(--tw-skew-x,) var(--tw-skew-y,);
  }
  .animate-pulse {
    animation: var(--animate-pulse);
  }
  .animate-spin {
    animation: var(--animate-spin);
  }
  .cursor-not-allowed {
    cursor: not-allowed;
  }
  .cursor-pointer {
    cursor: pointer;
  }
  .resize {
    resize: both;
  }
  .resize-none {
    resize: none;
  }
  .appearance-none {
    appearance: none;
  }
  .flex-col {
    flex-direction: column;
  }
  .flex-col-reverse {
    flex-direction: column-reverse;
  }
  .items-center {
    align-items: center;
  }
  .items-start {
    align-items: flex-start;
  }
  .justify-between {
    justify-content: space-between;
  }
  .justify-center {
    justify-content: center;
  }
  .gap-0\.5 {
    gap: calc(var(--spacing) * 0.5);
  }
  .gap-1 {
    gap: calc(var(--spacing) * 1);
  }
  .gap-1\.5 {
    gap: calc(var(--spacing) * 1.5);
  }
  .gap-2 {
    gap: calc(var(--spacing) * 2);
  }
  .gap-3 {
    gap: calc(var(--spacing) * 3);
  }
  .gap-4 {
    gap: calc(var(--spacing) * 4);
  }
  .-space-y-px {
    :where(& > :not(:last-child)) {
      --tw-space-y-reverse: 0;
      margin-block-start: calc(-1px * var(--tw-space-y-reverse));
      margin-block-end: calc(-1px * calc(1 - var(--tw-space-y-reverse)));
    }
  }
  .space-y-1 {
    :where(& > :not(:last-child)) {
      --tw-space-y-reverse: 0;
      margin-block-start: calc(calc(var(--spacing) * 1) * var(--tw-space-y-reverse));
      margin-block-end: calc(calc(var(--spacing) * 1) * calc(1 - var(--tw-space-y-reverse)));
    }
  }
  .space-y-1\.5 {
    :where(& > :not(:last-child)) {
      --tw-space-y-reverse: 0;
      margin-block-start: calc(calc(var(--spacing) * 1.5) * var(--tw-space-y-reverse));
      margin-block-end: calc(calc(var(--spacing) * 1.5) * calc(1 - var(--tw-space-y-reverse)));
    }
  }
  .space-y-2 {
    :where(& > :not(:last-child)) {
      --tw-space-y-reverse: 0;
      margin-block-start: calc(calc(var(--spacing) * 2) * var(--tw-space-y-reverse));
      margin-block-end: calc(calc(var(--spacing) * 2) * calc(1 - var(--tw-space-y-reverse)));
    }
  }
  .space-y-3 {
    :where(& > :not(:last-child)) {
      --tw-space-y-reverse: 0;
      margin-block-start: calc(calc(var(--spacing) * 3) * var(--tw-space-y-reverse));
      margin-block-end: calc(calc(var(--spacing) * 3) * calc(1 - var(--tw-space-y-reverse)));
    }
  }
  .space-y-4 {
    :where(& > :not(:last-child)) {
      --tw-space-y-reverse: 0;
      margin-block-start: calc(calc(var(--spacing) * 4) * var(--tw-space-y-reverse));
      margin-block-end: calc(calc(var(--spacing) * 4) * calc(1 - var(--tw-space-y-reverse)));
    }
  }
  .space-y-6 {
    :where(& > :not(:last-child)) {
      --tw-space-y-reverse: 0;
      margin-block-start: calc(calc(var(--spacing) * 6) * var(--tw-space-y-reverse));
      margin-block-end: calc(calc(var(--spacing) * 6) * calc(1 - var(--tw-space-y-reverse)));
    }
  }
  .space-y-8 {
    :where(& > :not(:last-child)) {
      --tw-space-y-reverse: 0;
      margin-block-start: calc(calc(var(--spacing) * 8) * var(--tw-space-y-reverse));
      margin-block-end: calc(calc(var(--spacing) * 8) * calc(1 - var(--tw-space-y-reverse)));
    }
  }
  .space-x-4 {
    :where(& > :not(:last-child)) {
      --tw-space-x-reverse: 0;
      margin-inline-start: calc(calc(var(--spacing) * 4) * var(--tw-space-x-reverse));
      margin-inline-end: calc(calc(var(--spacing) * 4) * calc(1 - var(--tw-space-x-reverse)));
    }
  }
  .truncate {
    overflow: hidden;
    text-overflow: ellipsis;
    white-space: nowrap;
  }
  .overflow-auto {
    overflow: auto;
  }
  .overflow-hidden {
    overflow: hidden;
  }
  .overflow-x-auto {
    overflow-x: auto;
  }
  .overflow-y-auto {
    overflow-y: auto;
  }
  .rounded {
    border-radius: 0.25rem;
  }
  .rounded-full {
    border-radius: calc(infinity * 1px);
  }
  .rounded-lg {
    border-radius: var(--radius-lg);
  }
  .rounded-md {
    border-radius: var(--radius-md);
  }
  .rounded-sm {
    border-radius: var(--radius-sm);
  }
  .rounded-xl {
    border-radius: var(--radius-xl);
  }
  .border {
    border-style: var(--tw-border-style);
    border-width: 1px;
  }
  .border-2 {
    border-style: var(--tw-border-style);
    border-width: 2px;
  }
  .border-t {
    border-top-style: var(--tw-border-style);
    border-top-width: 1px;
  }
  .border-b {
    border-bottom-style: var(--tw-border-style);
    border-bottom-width: 1px;
  }
  .border-amber-200 {
    border-color: var(--color-amber-200);
  }
  .border-gray-100 {
    border-color: var(--color-gray-100);
  }
  .border-gray-200 {
    border-color: var(--color-gray-200);
  }
  .border-gray-300 {
    border-color: var(--color-gray-300);
  }
  .border-green-500 {
    border-color: var(--color-green-500);
  }
  .border-red-500 {
    border-color: var(--color-red-500);
  }
  .border-transparent {
    border-color: transparent;
  }
  .border-white {
    border-color: var(--color-white);
  }
  .border-t-transparent {
    border-top-color: transparent;
  }
  .bg-amber-100 {
    background-color: var(--color-amber-100);
  }
  .bg-black\/0 {
    background-color: color-mix(in srgb, #000 0%, transparent);
    @supports (color: color-mix(in lab, red, red)) {
      background-color: color-mix(in oklab, var(--color-black) 0%, transparent);
    }
  }
  .bg-black\/50 {
    background-color: color-mix(in srgb, #000 50%, transparent);
    @supports (color: color-mix(in lab, red, red)) {
      background-color: color-mix(in oklab, var(--color-black) 50%, transparent);
    }
  }
  .bg-black\/80 {
    background-color: color-mix(in srgb, #000 80%, transparent);
    @supports (color: color-mix(in lab, red, red)) {
      background-color: color-mix(in oklab, var(--color-black) 80%, transparent);
    }
  }
  .bg-blue-100 {
    background-color: var(--color-blue-100);
  }
  .bg-gray-50 {
    background-color: var(--color-gray-50);
  }
  .bg-gray-100 {
    background-color: var(--color-gray-100);
  }
  .bg-gray-200 {
    background-color: var(--color-gray-200);
  }
  .bg-gray-900 {
    background-color: var(--color-gray-900);
  }
  .bg-green-500 {
    background-color: var(--color-green-500);
  }
  .bg-indigo-600 {
    background-color: var(--color-indigo-600);
  }
  .bg-red-500 {
    background-color: var(--color-red-500);
  }
  .bg-red-600 {
    background-color: var(--color-red-600);
  }
  .bg-transparent {
    background-color: transparent;
  }
  .bg-white {
    background-color: var(--color-white);
  }
  .bg-gradient-to-br {
    --tw-gradient-position: to bottom right in oklab;
    background-image: linear-gradient(var(--tw-gradient-stops));
  }
  .bg-gradient-to-r {
    --tw-gradient-position: to right in oklab;
    background-image: linear-gradient(var(--tw-gradient-stops));
  }
  .from-amber-50 {
    --tw-gradient-from: var(--color-amber-50);
    --tw-gradient-stops: var(--tw-gradient-via-stops, var(--tw-gradient-position), var(--tw-gradient-from) var(--tw-gradient-from-position), var(--tw-gradient-to) var(--tw-gradient-to-position));
  }
  .from-gray-50 {
    --tw-gradient-from: var(--color-gray-50);
    --tw-gradient-stops: var(--tw-gradient-via-stops, var(--tw-gradient-position), var(--tw-gradient-from) var(--tw-gradient-from-position), var(--tw-gradient-to) var(--tw-gradient-to-position));
  }
  .from-gray-700 {
    --tw-gradient-from: var(--color-gray-700);
    --tw-gradient-stops: var(--tw-gradient-via-stops, var(--tw-gradient-position), var(--tw-gradient-from) var(--tw-gradient-from-position), var(--tw-gradient-to) var(--tw-gradient-to-position));
  }
  .to-gray-100 {
    --tw-gradient-to: var(--color-gray-100);
    --tw-gradient-stops: var(--tw-gradient-via-stops, var(--tw-gradient-position), var(--tw-gradient-from) var(--tw-gradient-from-position), var(--tw-gradient-to) var(--tw-gradient-to-position));
  }
  .to-gray-900 {
    --tw-gradient-to: var(--color-gray-900);
    --tw-gradient-stops: var(--tw-gradient-via-stops, var(--tw-gradient-position), var(--tw-gradient-from) var(--tw-gradient-from-position), var(--tw-gradient-to) var(--tw-gradient-to-position));
  }
  .to-yellow-50 {
    --tw-gradient-to: var(--color-yellow-50);
    --tw-gradient-stops: var(--tw-gradient-via-stops, var(--tw-gradient-position), var(--tw-gradient-from) var(--tw-gradient-from-position), var(--tw-gradient-to) var(--tw-gradient-to-position));
  }
  .p-1 {
    padding: calc(var(--spacing) * 1);
  }
  .p-1\.5 {
    padding: calc(var(--spacing) * 1.5);
  }
  .p-2 {
    padding: calc(var(--spacing) * 2);
  }
  .p-2\.5 {
    padding: calc(var(--spacing) * 2.5);
  }
  .p-3 {
    padding: calc(var(--spacing) * 3);
  }
  .p-4 {
    padding: calc(var(--spacing) * 4);
  }
  .p-6 {
    padding: calc(var(--spacing) * 6);
  }
  .p-8 {
    padding: calc(var(--spacing) * 8);
  }
  .px-2 {
    padding-inline: calc(var(--spacing) * 2);
  }
  .px-3 {
    padding-inline: calc(var(--spacing) * 3);
  }
  .px-4 {
    padding-inline: calc(var(--spacing) * 4);
  }
  .px-6 {
    padding-inline: calc(var(--spacing) * 6);
  }
  .px-8 {
    padding-inline: calc(var(--spacing) * 8);
  }
  .py-1 {
    padding-block: calc(var(--spacing) * 1);
  }
  .py-1\.5 {
    padding-block: calc(var(--spacing) * 1.5);
  }
  .py-2 {
    padding-block: calc(var(--spacing) * 2);
  }
  .py-2\.5 {
    padding-block: calc(var(--spacing) * 2.5);
  }
  .py-3 {
    padding-block: calc(var(--spacing) * 3);
  }
  .py-4 {
    padding-block: calc(var(--spacing) * 4);
  }
  .py-8 {
    padding-block: calc(var(--spacing) * 8);
  }
  .py-12 {
    padding-block: calc(var(--spacing) * 12);
  }
  .py-16 {
    padding-block: calc(var(--spacing) * 16);
  }
  .pt-0 {
    padding-top: calc(var(--spacing) * 0);
  }
  .pt-4 {
    padding-top: calc(var(--spacing) * 4);
  }
  .pt-6 {
    padding-top: calc(var(--spacing) * 6);
  }
  .pr-8 {
    padding-right: calc(var(--spacing) * 8);
  }
  .pr-12 {
    padding-right: calc(var(--spacing) * 12);
  }
  .pl-8 {
    padding-left: calc(var(--spacing) * 8);
  }
  .text-center {
    text-align: center;
  }
  .text-end {
    text-align: end;
  }
  .text-left {
    text-align: left;
  }
  .text-right {
    text-align: right;
  }
  .font-mono {
    font-family: var(--font-mono);
  }
  .font-sans {
    font-family: var(--font-sans);
  }
  .text-2xl {
    font-size: var(--text-2xl);
    line-height: var(--tw-leading, var(--text-2xl--line-height));
  }
  .text-3xl {
    font-size: var(--text-3xl);
    line-height: var(--tw-leading, var(--text-3xl--line-height));
  }
  .text-4xl {
    font-size: var(--text-4xl);
    line-height: var(--tw-leading, var(--text-4xl--line-height));
  }
  .text-6xl {
    font-size: var(--text-6xl);
    line-height: var(--tw-leading, var(--text-6xl--line-height));
  }
  .text-base {
    font-size: var(--text-base);
    line-height: var(--tw-leading, var(--text-base--line-height));
  }
  .text-lg {
    font-size: var(--text-lg);
    line-height: var(--tw-leading, var(--text-lg--line-height));
  }
  .text-sm {
    font-size: var(--text-sm);
    line-height: var(--tw-leading, var(--text-sm--line-height));
  }
  .text-xl {
    font-size: var(--text-xl);
    line-height: var(--tw-leading, var(--text-xl--line-height));
  }
  .text-xs {
    font-size: var(--text-xs);
    line-height: var(--tw-leading, var(--text-xs--line-height));
  }
  .leading-none {
    --tw-leading: 1;
    line-height: 1;
  }
  .leading-relaxed {
    --tw-leading: var(--leading-relaxed);
    line-height: var(--leading-relaxed);
  }
  .font-bold {
    --tw-font-weight: var(--font-weight-bold);
    font-weight: var(--font-weight-bold);
  }
  .font-extrabold {
    --tw-font-weight: var(--font-weight-extrabold);
    font-weight: var(--font-weight-extrabold);
  }
  .font-medium {
    --tw-font-weight: var(--font-weight-medium);
    font-weight: var(--font-weight-medium);
  }
  .font-semibold {
    --tw-font-weight: var(--font-weight-semibold);
    font-weight: var(--font-weight-semibold);
  }
  .tracking-tight {
    --tw-tracking: var(--tracking-tight);
    letter-spacing: var(--tracking-tight);
  }
  .whitespace-nowrap {
    white-space: nowrap;
  }
  .whitespace-pre-wrap {
    white-space: pre-wrap;
  }
  .text-amber-800 {
    color: var(--color-amber-800);
  }
  .text-amber-900 {
    color: var(--color-amber-900);
  }
  .text-blue-600 {
    color: var(--color-blue-600);
  }
  .text-gray-300 {
    color: var(--color-gray-300);
  }
  .text-gray-400 {
    color: var(--color-gray-400);
  }
  .text-gray-500 {
    color: var(--color-gray-500);
  }
  .text-gray-600 {
    color: var(--color-gray-600);
  }
  .text-gray-700 {
    color: var(--color-gray-700);
  }
  .text-gray-800 {
    color: var(--color-gray-800);
  }
  .text-gray-900 {
    color: var(--color-gray-900);
  }
  .text-indigo-600 {
    color: var(--color-indigo-600);
  }
  .text-red-500 {
    color: var(--color-red-500);
  }
  .text-red-600 {
    color: var(--color-red-600);
  }
  .text-white {
    color: var(--color-white);
  }
  .text-white\/50 {
    color: color-mix(in srgb, #fff 50%, transparent);
    @supports (color: color-mix(in lab, red, red)) {
      color: color-mix(in oklab, var(--color-white) 50%, transparent);
    }
  }
  .underline {
    text-decoration-line: underline;
  }
  .underline-offset-4 {
    text-underline-offset: 4px;
  }
  .antialiased {
    -webkit-font-smoothing: antialiased;
    -moz-osx-font-smoothing: grayscale;
  }
  .placeholder-gray-500 {
    &::placeholder {
      color: var(--color-gray-500);
    }
  }
  .opacity-0 {
    opacity: 0%;
  }
  .opacity-50 {
    opacity: 50%;
  }
  .opacity-90 {
    opacity: 90%;
  }
  .opacity-100 {
    opacity: 100%;
  }
  .shadow {
    --tw-shadow: 0 1px 3px 0 var(--tw-shadow-color, rgb(0 0 0 / 0.1)), 0 1px 2px -1px var(--tw-shadow-color, rgb(0 0 0 / 0.1));
    box-shadow: var(--tw-inset-shadow), var(--tw-inset-ring-shadow), var(--tw-ring-offset-shadow), var(--tw-ring-shadow), var(--tw-shadow);
  }
  .shadow-lg {
    --tw-shadow: 0 10px 15px -3px var(--tw-shadow-color, rgb(0 0 0 / 0.1)), 0 4px 6px -4px var(--tw-shadow-color, rgb(0 0 0 / 0.1));
    box-shadow: var(--tw-inset-shadow), var(--tw-inset-ring-shadow), var(--tw-ring-offset-shadow), var(--tw-ring-shadow), var(--tw-shadow);
  }
  .shadow-md {
    --tw-shadow: 0 4px 6px -1px var(--tw-shadow-color, rgb(0 0 0 / 0.1)), 0 2px 4px -2px var(--tw-shadow-color, rgb(0 0 0 / 0.1));
    box-shadow: var(--tw-inset-shadow), var(--tw-inset-ring-shadow), var(--tw-ring-offset-shadow), var(--tw-ring-shadow), var(--tw-shadow);
  }
  .shadow-sm {
    --tw-shadow: 0 1px 3px 0 var(--tw-shadow-color, rgb(0 0 0 / 0.1)), 0 1px 2px -1px var(--tw-shadow-color, rgb(0 0 0 / 0.1));
    box-shadow: var(--tw-inset-shadow), var(--tw-inset-ring-shadow), var(--tw-ring-offset-shadow), var(--tw-ring-shadow), var(--tw-shadow);
  }
  .shadow-xl {
    --tw-shadow: 0 20px 25px -5px var(--tw-shadow-color, rgb(0 0 0 / 0.1)), 0 8px 10px -6px var(--tw-shadow-color, rgb(0 0 0 / 0.1));
    box-shadow: var(--tw-inset-shadow), var(--tw-inset-ring-shadow), var(--tw-ring-offset-shadow), var(--tw-ring-shadow), var(--tw-shadow);
  }
  .ring-offset-white {
    --tw-ring-offset-color: var(--color-white);
  }
  .outline {
    outline-style: var(--tw-outline-style);
    outline-width: 1px;
  }
  .blur {
    --tw-blur: blur(8px);
    filter: var(--tw-blur,) var(--tw-brightness,) var(--tw-contrast,) var(--tw-grayscale,) var(--tw-hue-rotate,) var(--tw-invert,) var(--tw-saturate,) var(--tw-sepia,) var(--tw-drop-shadow,);
  }
  .invert {
    --tw-invert: invert(100%);
    filter: var(--tw-blur,) var(--tw-brightness,) var(--tw-contrast,) var(--tw-grayscale,) var(--tw-hue-rotate,) var(--tw-invert,) var(--tw-saturate,) var(--tw-sepia,) var(--tw-drop-shadow,);
  }
  .filter {
    filter: var(--tw-blur,) var(--tw-brightness,) var(--tw-contrast,) var(--tw-grayscale,) var(--tw-hue-rotate,) var(--tw-invert,) var(--tw-saturate,) var(--tw-sepia,) var(--tw-drop-shadow,);
  }
  .transition {
    transition-property: color, background-color, border-color, outline-color, text-decoration-color, fill, stroke, --tw-gradient-from, --tw-gradient-via, --tw-gradient-to, opacity, box-shadow, transform, translate, scale, rotate, filter, -webkit-backdrop-filter, backdrop-filter, display, content-visibility, overlay, pointer-events;
    transition-timing-function: var(--tw-ease, var(--default-transition-timing-function));
    transition-duration: var(--tw-duration, var(--default-transition-duration));
  }
  .transition-all {
    transition-property: all;
    transition-timing-function: var(--tw-ease, var(--default-transition-timing-function));
    transition-duration: var(--tw-duration, var(--default-transition-duration));
  }
  .transition-colors {
    transition-property: color, background-color, border-color, outline-color, text-decoration-color, fill, stroke, --tw-gradient-from, --tw-gradient-via, --tw-gradient-to;
    transition-timing-function: var(--tw-ease, var(--default-transition-timing-function));
    transition-duration: var(--tw-duration, var(--default-transition-duration));
  }
  .transition-opacity {
    transition-property: opacity;
    transition-timing-function: var(--tw-ease, var(--default-transition-timing-function));
    transition-duration: var(--tw-duration, var(--default-transition-duration));
  }
  .transition-shadow {
    transition-property: box-shadow;
    transition-timing-function: var(--tw-ease, var(--default-transition-timing-function));
    transition-duration: var(--tw-duration, var(--default-transition-duration));
  }
  .duration-200 {
    --tw-duration: 200ms;
    transition-duration: 200ms;
  }
  .ease-out {
    --tw-ease: var(--ease-out);
    transition-timing-function: var(--ease-out);
  }
  .outline-none {
    --tw-outline-style: none;
    outline-style: none;
  }
  .select-none {
    -webkit-user-select: none;
    user-select: none;
  }
  .\[program\:laravel-worker\] {
    program: laravel-worker;
  }
  .group-hover\:opacity-100 {
    &:is(:where(.group):hover *) {
      @media (hover: hover) {
        opacity: 100%;
      }
    }
  }
  .hover\:scale-105 {
    &:hover {
      @media (hover: hover) {
        --tw-scale-x: 105%;
        --tw-scale-y: 105%;
        --tw-scale-z: 105%;
        scale: var(--tw-scale-x) var(--tw-scale-y);
      }
    }
  }
  .hover\:scale-125 {
    &:hover {
      @media (hover: hover) {
        --tw-scale-x: 125%;
        --tw-scale-y: 125%;
        --tw-scale-z: 125%;
        scale: var(--tw-scale-x) var(--tw-scale-y);
      }
    }
  }
  .hover\:bg-gray-50 {
    &:hover {
      @media (hover: hover) {
        background-color: var(--color-gray-50);
      }
    }
  }
  .hover\:bg-gray-100 {
    &:hover {
      @media (hover: hover) {
        background-color: var(--color-gray-100);
      }
    }
  }
  .hover\:bg-gray-200 {
    &:hover {
      @media (hover: hover) {
        background-color: var(--color-gray-200);
      }
    }
  }
  .hover\:bg-gray-800 {
    &:hover {
      @media (hover: hover) {
        background-color: var(--color-gray-800);
      }
    }
  }
  .hover\:bg-indigo-700 {
    &:hover {
      @media (hover: hover) {
        background-color: var(--color-indigo-700);
      }
    }
  }
  .hover\:bg-red-700 {
    &:hover {
      @media (hover: hover) {
        background-color: var(--color-red-700);
      }
    }
  }
  .hover\:text-amber-900 {
    &:hover {
      @media (hover: hover) {
        color: var(--color-amber-900);
      }
    }
  }
  .hover\:text-blue-600 {
    &:hover {
      @media (hover: hover) {
        color: var(--color-blue-600);
      }
    }
  }
  .hover\:text-gray-900 {
    &:hover {
      @media (hover: hover) {
        color: var(--color-gray-900);
      }
    }
  }
  .hover\:text-white {
    &:hover {
      @media (hover: hover) {
        color: var(--color-white);
      }
    }
  }
  .hover\:underline {
    &:hover {
      @media (hover: hover) {
        text-decoration-line: underline;
      }
    }
  }
  .hover\:shadow-md {
    &:hover {
      @media (hover: hover) {
        --tw-shadow: 0 4px 6px -1px var(--tw-shadow-color, rgb(0 0 0 / 0.1)), 0 2px 4px -2px var(--tw-shadow-color, rgb(0 0 0 / 0.1));
        box-shadow: var(--tw-inset-shadow), var(--tw-inset-ring-shadow), var(--tw-ring-offset-shadow), var(--tw-ring-shadow), var(--tw-shadow);
      }
    }
  }
  .hover\:ring-2 {
    &:hover {
      @media (hover: hover) {
        --tw-ring-shadow: var(--tw-ring-inset,) 0 0 0 calc(2px + var(--tw-ring-offset-width)) var(--tw-ring-color, currentcolor);
        box-shadow: var(--tw-inset-shadow), var(--tw-inset-ring-shadow), var(--tw-ring-offset-shadow), var(--tw-ring-shadow), var(--tw-shadow);
      }
    }
  }
  .hover\:ring-gray-900 {
    &:hover {
      @media (hover: hover) {
        --tw-ring-color: var(--color-gray-900);
      }
    }
  }
  .hover\:ring-offset-1 {
    &:hover {
      @media (hover: hover) {
        --tw-ring-offset-width: 1px;
        --tw-ring-offset-shadow: var(--tw-ring-inset,) 0 0 0 var(--tw-ring-offset-width) var(--tw-ring-offset-color);
      }
    }
  }
  .hover\:ring-offset-2 {
    &:hover {
      @media (hover: hover) {
        --tw-ring-offset-width: 2px;
        --tw-ring-offset-shadow: var(--tw-ring-inset,) 0 0 0 var(--tw-ring-offset-width) var(--tw-ring-offset-color);
      }
    }
  }
  .focus\:z-10 {
    &:focus {
      z-index: 10;
    }
  }
  .focus\:border-indigo-500 {
    &:focus {
      border-color: var(--color-indigo-500);
    }
  }
  .focus\:border-transparent {
    &:focus {
      border-color: transparent;
    }
  }
  .focus\:opacity-100 {
    &:focus {
      opacity: 100%;
    }
  }
  .focus\:ring-2 {
    &:focus {
      --tw-ring-shadow: var(--tw-ring-inset,) 0 0 0 calc(2px + var(--tw-ring-offset-width)) var(--tw-ring-color, currentcolor);
      box-shadow: var(--tw-inset-shadow), var(--tw-inset-ring-shadow), var(--tw-ring-offset-shadow), var(--tw-ring-shadow), var(--tw-shadow);
    }
  }
  .focus\:ring-gray-900 {
    &:focus {
      --tw-ring-color: var(--color-gray-900);
    }
  }
  .focus\:ring-indigo-500 {
    &:focus {
      --tw-ring-color: var(--color-indigo-500);
    }
  }
  .focus\:ring-offset-2 {
    &:focus {
      --tw-ring-offset-width: 2px;
      --tw-ring-offset-shadow: var(--tw-ring-inset,) 0 0 0 var(--tw-ring-offset-width) var(--tw-ring-offset-color);
    }
  }
  .focus\:outline-none {
    &:focus {
      --tw-outline-style: none;
      outline-style: none;
    }
  }
  .focus-visible\:ring-1 {
    &:focus-visible {
      --tw-ring-shadow: var(--tw-ring-inset,) 0 0 0 calc(1px + var(--tw-ring-offset-width)) var(--tw-ring-color, currentcolor);
      box-shadow: var(--tw-inset-shadow), var(--tw-inset-ring-shadow), var(--tw-ring-offset-shadow), var(--tw-ring-shadow), var(--tw-shadow);
    }
  }
  .focus-visible\:outline-none {
    &:focus-visible {
      --tw-outline-style: none;
      outline-style: none;
    }
  }
  .active\:bg-gray-200 {
    &:active {
      background-color: var(--color-gray-200);
    }
  }
  .disabled\:pointer-events-none {
    &:disabled {
      pointer-events: none;
    }
  }
  .disabled\:cursor-not-allowed {
    &:disabled {
      cursor: not-allowed;
    }
  }
  .disabled\:opacity-50 {
    &:disabled {
      opacity: 50%;
    }
  }
  .data-\[disabled\]\:pointer-events-none {
    &[data-disabled] {
      pointer-events: none;
    }
  }
  .data-\[disabled\]\:opacity-50 {
    &[data-disabled] {
      opacity: 50%;
    }
  }
  .data-\[swipe\=cancel\]\:translate-x-0 {
    &[data-swipe="cancel"] {
      --tw-translate-x: calc(var(--spacing) * 0);
      translate: var(--tw-translate-x) var(--tw-translate-y);
    }
  }
  .data-\[swipe\=end\]\:translate-x-\[var\(--radix-toast-swipe-end-x\)\] {
    &[data-swipe="end"] {
      --tw-translate-x: var(--radix-toast-swipe-end-x);
      translate: var(--tw-translate-x) var(--tw-translate-y);
    }
  }
  .data-\[swipe\=move\]\:translate-x-\[var\(--radix-toast-swipe-move-x\)\] {
    &[data-swipe="move"] {
      --tw-translate-x: var(--radix-toast-swipe-move-x);
      translate: var(--tw-translate-x) var(--tw-translate-y);
    }
  }
  .data-\[swipe\=move\]\:transition-none {
    &[data-swipe="move"] {
      transition-property: none;
    }
  }
  .sm\:top-auto {
    @media (width >= 40rem) {
      top: auto;
    }
  }
  .sm\:right-0 {
    @media (width >= 40rem) {
      right: calc(var(--spacing) * 0);
    }
  }
  .sm\:bottom-0 {
    @media (width >= 40rem) {
      bottom: calc(var(--spacing) * 0);
    }
  }
  .sm\:mt-0 {
    @media (width >= 40rem) {
      margin-top: calc(var(--spacing) * 0);
    }
  }
  .sm\:flex-col {
    @media (width >= 40rem) {
      flex-direction: column;
    }
  }
  .sm\:flex-row {
    @media (width >= 40rem) {
      flex-direction: row;
    }
  }
  .sm\:justify-end {
    @media (width >= 40rem) {
      justify-content: flex-end;
    }
  }
  .sm\:space-x-2 {
    @media (width >= 40rem) {
      :where(& > :not(:last-child)) {
        --tw-space-x-reverse: 0;
        margin-inline-start: calc(calc(var(--spacing) * 2) * var(--tw-space-x-reverse));
        margin-inline-end: calc(calc(var(--spacing) * 2) * calc(1 - var(--tw-space-x-reverse)));
      }
    }
  }
  .sm\:rounded-lg {
    @media (width >= 40rem) {
      border-radius: var(--radius-lg);
    }
  }
  .sm\:px-6 {
    @media (width >= 40rem) {
      padding-inline: calc(var(--spacing) * 6);
    }
  }
  .sm\:text-left {
    @media (width >= 40rem) {
      text-align: left;
    }
  }
  .sm\:text-sm {
    @media (width >= 40rem) {
      font-size: var(--text-sm);
      line-height: var(--tw-leading, var(--text-sm--line-height));
    }
  }
  .md\:max-w-\[420px\] {
    @media (width >= 48rem) {
      max-width: 420px;
    }
  }
  .lg\:px-8 {
    @media (width >= 64rem) {
      padding-inline: calc(var(--spacing) * 8);
    }
  }
  .\[\&_svg\]\:pointer-events-none {
    & svg {
      pointer-events: none;
    }
  }
  .\[\&_svg\]\:size-4 {
    & svg {
      width: calc(var(--spacing) * 4);
      height: calc(var(--spacing) * 4);
    }
  }
  .\[\&_svg\]\:shrink-0 {
    & svg {
      flex-shrink: 0;
    }
  }
}
@property --tw-translate-x {
  syntax: "*";
  inherits: false;
  initial-value: 0;
}
@property --tw-translate-y {
  syntax: "*";
  inherits: false;
  initial-value: 0;
}
@property --tw-translate-z {
  syntax: "*";
  inherits: false;
  initial-value: 0;
}
@property --tw-scale-x {
  syntax: "*";
  inherits: false;
  initial-value: 1;
}
@property --tw-scale-y {
  syntax: "*";
  inherits: false;
  initial-value: 1;
}
@property --tw-scale-z {
  syntax: "*";
  inherits: false;
  initial-value: 1;
}
@property --tw-rotate-x {
  syntax: "*";
  inherits: false;
}
@property --tw-rotate-y {
  syntax: "*";
  inherits: false;
}
@property --tw-rotate-z {
  syntax: "*";
  inherits: false;
}
@property --tw-skew-x {
  syntax: "*";
  inherits: false;
}
@property --tw-skew-y {
  syntax: "*";
  inherits: false;
}
@property --tw-space-y-reverse {
  syntax: "*";
  inherits: false;
  initial-value: 0;
}
@property --tw-space-x-reverse {
  syntax: "*";
  inherits: false;
  initial-value: 0;
}
@property --tw-border-style {
  syntax: "*";
  inherits: false;
  initial-value: solid;
}
@property --tw-gradient-position {
  syntax: "*";
  inherits: false;
}
@property --tw-gradient-from {
  syntax: "<color>";
  inherits: false;
  initial-value: #0000;
}
@property --tw-gradient-via {
  syntax: "<color>";
  inherits: false;
  initial-value: #0000;
}
@property --tw-gradient-to {
  syntax: "<color>";
  inherits: false;
  initial-value: #0000;
}
@property --tw-gradient-stops {
  syntax: "*";
  inherits: false;
}
@property --tw-gradient-via-stops {
  syntax: "*";
  inherits: false;
}
@property --tw-gradient-from-position {
  syntax: "<length-percentage>";
  inherits: false;
  initial-value: 0%;
}
@property --tw-gradient-via-position {
  syntax: "<length-percentage>";
  inherits: false;
  initial-value: 50%;
}
@property --tw-gradient-to-position {
  syntax: "<length-percentage>";
  inherits: false;
  initial-value: 100%;
}
@property --tw-leading {
  syntax: "*";
  inherits: false;
}
@property --tw-font-weight {
  syntax: "*";
  inherits: false;
}
@property --tw-tracking {
  syntax: "*";
  inherits: false;
}
@property --tw-shadow {
  syntax: "*";
  inherits: false;
  initial-value: 0 0 #0000;
}
@property --tw-shadow-color {
  syntax: "*";
  inherits: false;
}
@property --tw-shadow-alpha {
  syntax: "<percentage>";
  inherits: false;
  initial-value: 100%;
}
@property --tw-inset-shadow {
  syntax: "*";
  inherits: false;
  initial-value: 0 0 #0000;
}
@property --tw-inset-shadow-color {
  syntax: "*";
  inherits: false;
}
@property --tw-inset-shadow-alpha {
  syntax: "<percentage>";
  inherits: false;
  initial-value: 100%;
}
@property --tw-ring-color {
  syntax: "*";
  inherits: false;
}
@property --tw-ring-shadow {
  syntax: "*";
  inherits: false;
  initial-value: 0 0 #0000;
}
@property --tw-inset-ring-color {
  syntax: "*";
  inherits: false;
}
@property --tw-inset-ring-shadow {
  syntax: "*";
  inherits: false;
  initial-value: 0 0 #0000;
}
@property --tw-ring-inset {
  syntax: "*";
  inherits: false;
}
@property --tw-ring-offset-width {
  syntax: "<length>";
  inherits: false;
  initial-value: 0px;
}
@property --tw-ring-offset-color {
  syntax: "*";
  inherits: false;
  initial-value: #fff;
}
@property --tw-ring-offset-shadow {
  syntax: "*";
  inherits: false;
  initial-value: 0 0 #0000;
}
@property --tw-outline-style {
  syntax: "*";
  inherits: false;
  initial-value: solid;
}
@property --tw-blur {
  syntax: "*";
  inherits: false;
}
@property --tw-brightness {
  syntax: "*";
  inherits: false;
}
@property --tw-contrast {
  syntax: "*";
  inherits: false;
}
@property --tw-grayscale {
  syntax: "*";
  inherits: false;
}
@property --tw-hue-rotate {
  syntax: "*";
  inherits: false;
}
@property --tw-invert {
  syntax: "*";
  inherits: false;
}
@property --tw-opacity {
  syntax: "*";
  inherits: false;
}
@property --tw-saturate {
  syntax: "*";
  inherits: false;
}
@property --tw-sepia {
  syntax: "*";
  inherits: false;
}
@property --tw-drop-shadow {
  syntax: "*";
  inherits: false;
}
@property --tw-drop-shadow-color {
  syntax: "*";
  inherits: false;
}
@property --tw-drop-shadow-alpha {
  syntax: "<percentage>";
  inherits: false;
  initial-value: 100%;
}
@property --tw-drop-shadow-size {
  syntax: "*";
  inherits: false;
}
@property --tw-duration {
  syntax: "*";
  inherits: false;
}
@property --tw-ease {
  syntax: "*";
  inherits: false;
}
@keyframes spin {
  to {
    transform: rotate(360deg);
  }
}
@keyframes pulse {
  50% {
    opacity: 0.5;
  }
}
@layer properties {
  @supports ((-webkit-hyphens: none) and (not (margin-trim: inline))) or ((-moz-orient: inline) and (not (color:rgb(from red r g b)))) {
    *, ::before, ::after, ::backdrop {
      --tw-translate-x: 0;
      --tw-translate-y: 0;
      --tw-translate-z: 0;
      --tw-scale-x: 1;
      --tw-scale-y: 1;
      --tw-scale-z: 1;
      --tw-rotate-x: initial;
      --tw-rotate-y: initial;
      --tw-rotate-z: initial;
      --tw-skew-x: initial;
      --tw-skew-y: initial;
      --tw-space-y-reverse: 0;
      --tw-space-x-reverse: 0;
      --tw-border-style: solid;
      --tw-gradient-position: initial;
      --tw-gradient-from: #0000;
      --tw-gradient-via: #0000;
      --tw-gradient-to: #0000;
      --tw-gradient-stops: initial;
      --tw-gradient-via-stops: initial;
      --tw-gradient-from-position: 0%;
      --tw-gradient-via-position: 50%;
      --tw-gradient-to-position: 100%;
      --tw-leading: initial;
      --tw-font-weight: initial;
      --tw-tracking: initial;
      --tw-shadow: 0 0 #0000;
      --tw-shadow-color: initial;
      --tw-shadow-alpha: 100%;
      --tw-inset-shadow: 0 0 #0000;
      --tw-inset-shadow-color: initial;
      --tw-inset-shadow-alpha: 100%;
      --tw-ring-color: initial;
      --tw-ring-shadow: 0 0 #0000;
      --tw-inset-ring-color: initial;
      --tw-inset-ring-shadow: 0 0 #0000;
      --tw-ring-inset: initial;
      --tw-ring-offset-width: 0px;
      --tw-ring-offset-color: #fff;
      --tw-ring-offset-shadow: 0 0 #0000;
      --tw-outline-style: solid;
      --tw-blur: initial;
      --tw-brightness: initial;
      --tw-contrast: initial;
      --tw-grayscale: initial;
      --tw-hue-rotate: initial;
      --tw-invert: initial;
      --tw-opacity: initial;
      --tw-saturate: initial;
      --tw-sepia: initial;
      --tw-drop-shadow: initial;
      --tw-drop-shadow-color: initial;
      --tw-drop-shadow-alpha: 100%;
      --tw-drop-shadow-size: initial;
      --tw-duration: initial;
      --tw-ease: initial;
    }
  }
}
</style><style>
    #nprogress {
      pointer-events: none;
    }

    #nprogress .bar {
      background: #4B5563;

      position: fixed;
      z-index: 1031;
      top: 0;
      left: 0;

      width: 100%;
      height: 2px;
    }

    #nprogress .peg {
      display: block;
      position: absolute;
      right: 0px;
      width: 100px;
      height: 100%;
      box-shadow: 0 0 10px #4B5563, 0 0 5px #4B5563;
      opacity: 1.0;

      transform: rotate(3deg) translate(0px, -4px);
    }

    #nprogress .spinner {
      display: block;
      position: fixed;
      z-index: 1031;
      top: 15px;
      right: 15px;
    }

    #nprogress .spinner-icon {
      width: 18px;
      height: 18px;
      box-sizing: border-box;

      border: solid 2px transparent;
      border-top-color: #4B5563;
      border-left-color: #4B5563;
      border-radius: 50%;

      animation: nprogress-spinner 400ms linear infinite;
    }

    .nprogress-custom-parent {
      overflow: hidden;
      position: relative;
    }

    .nprogress-custom-parent #nprogress .spinner,
    .nprogress-custom-parent #nprogress .bar {
      position: absolute;
    }

    @keyframes nprogress-spinner {
      0%   { transform: rotate(0deg); }
      100% { transform: rotate(360deg); }
    }
  </style></head>

<body class="font-sans antialiased" style="margin-bottom: 32px;">
    <div id="app" data-page="{&quot;component&quot;:&quot;Auth\/Login&quot;,&quot;props&quot;:[],&quot;url&quot;:&quot;\/login&quot;,&quot;version&quot;:&quot;&quot;,&quot;clearHistory&quot;:false,&quot;encryptHistory&quot;:false}"><div class="min-h-screen bg-gradient-to-br from-gray-50 to-gray-100"><header class="bg-white border-b border-gray-200 sticky top-0 z-10 shadow-sm"><div class="max-w-5xl mx-auto px-4 py-4"><div class="flex items-center justify-between"><div><h1 class="text-2xl font-bold text-gray-900">Reactions Demo</h1><p class="text-sm text-gray-500 mt-1">Facebook-like reaction system</p></div><a class="inline-flex items-center gap-2 px-6 py-2.5 text-sm font-medium text-white bg-gray-900 hover:bg-gray-800 rounded-lg transition-colors shadow-sm" href="/login"><svg xmlns="http://www.w3.org/2000/svg" width="24" height="24" viewBox="0 0 24 24" fill="none" stroke="currentColor" stroke-width="2" stroke-linecap="round" stroke-linejoin="round" class="lucide lucide-user w-4 h-4" aria-hidden="true"><path d="M19 21v-2a4 4 0 0 0-4-4H9a4 4 0 0 0-4 4v2"></path><circle cx="12" cy="7" r="4"></circle></svg>Login to React</a></div></div></header><main class="max-w-5xl mx-auto px-4 py-8"><div class="mb-8 p-6 bg-gradient-to-r from-amber-50 to-yellow-50 border border-amber-200 rounded-xl shadow-sm"><div class="flex items-start gap-4"><div class="flex-shrink-0 w-10 h-10 bg-amber-100 rounded-full flex items-center justify-center"><span class="text-xl">💡</span></div><div><h3 class="text-sm font-semibold text-amber-900 mb-1">Login Required</h3><p class="text-sm text-amber-800">You need to be logged in to add reactions to posts. <a class="underline font-medium hover:text-amber-900" href="/login">Click here to login</a></p></div></div></div><div class="space-y-6"><article class="bg-white rounded-xl shadow-sm border border-gray-200 overflow-hidden hover:shadow-md transition-shadow"><div class="p-6"><h2 class="text-xl font-bold text-gray-900 mb-3">Welcome to Our Reaction System!</h2><p class="text-gray-600 leading-relaxed mb-6">This is a demonstration of our Facebook-like reaction system. Hover over the Like button to see all available reactions! You can express yourself with 👍 Like, ❤️ Love, 😂 Haha, 😮 Wow, 😢 Sad, or 😠 Angry.</p><div class="pt-4 border-t border-gray-100"><div class="flex items-center gap-3"><button data-testid="reaction-button-like" class="
                            group inline-flex items-center gap-1.5 px-3 py-1.5 rounded-md font-medium text-sm transition-all duration-200
                            bg-gray-900 text-white hover:bg-gray-800 shadow-sm
                            cursor-pointer hover:scale-105
                        " type="button" id="radix-_r_0_" aria-haspopup="menu" aria-expanded="false" data-state="closed"><span class="text-base">👍</span><span class="font-medium text-sm">Like</span></button><div class="flex items-center gap-1.5"><button data-testid="reaction-count-haha" class="
                                    inline-flex items-center gap-1 px-2 py-1 rounded-full text-xs font-medium transition-all
                                    bg-gray-100 text-gray-700 hover:bg-gray-200
                                    cursor-pointer hover:scale-105
                                "><span class="text-base">😂</span><span>13</span></button><button data-testid="reaction-count-love" class="
                                    inline-flex items-center gap-1 px-2 py-1 rounded-full text-xs font-medium transition-all
                                    bg-gray-100 text-gray-700 hover:bg-gray-200
                                    cursor-pointer hover:scale-105
                                "><span class="text-base">❤️</span><span>11</span></button><button data-testid="reaction-count-angry" class="
                                    inline-flex items-center gap-1 px-2 py-1 rounded-full text-xs font-medium transition-all
                                    bg-gray-100 text-gray-700 hover:bg-gray-200
                                    cursor-pointer hover:scale-105
                                "><span class="text-base">😠</span><span>8</span></button><button data-testid="reaction-count-like" class="
                                    inline-flex items-center gap-1 px-2 py-1 rounded-full text-xs font-medium transition-all
                                    bg-gray-900 text-white shadow-sm
                                    cursor-pointer hover:scale-105
                                "><span class="text-base">👍</span><span>7</span></button><button data-testid="reaction-count-sad" class="
                                    inline-flex items-center gap-1 px-2 py-1 rounded-full text-xs font-medium transition-all
                                    bg-gray-100 text-gray-700 hover:bg-gray-200
                                    cursor-pointer hover:scale-105
                                "><span class="text-base">😢</span><span>6</span></button><button data-testid="reaction-count-wow" class="
                                    inline-flex items-center gap-1 px-2 py-1 rounded-full text-xs font-medium transition-all
                                    bg-gray-100 text-gray-700 hover:bg-gray-200
                                    cursor-pointer hover:scale-105
                                "><span class="text-base">😮</span><span>5</span></button><button class="p-1.5 hover:bg-gray-100 rounded-full transition-colors" title="See who reacted"><svg xmlns="http://www.w3.org/2000/svg" width="24" height="24" viewBox="0 0 24 24" fill="none" stroke="currentColor" stroke-width="2" stroke-linecap="round" stroke-linejoin="round" class="lucide lucide-chevron-down w-4 h-4 text-gray-600" aria-hidden="true"><path d="m6 9 6 6 6-6"></path></svg></button></div></div></div><div class="pt-6 border-t border-gray-100 mt-6"><div class="space-y-3"><div class="flex items-center justify-between"><div class="flex items-center gap-2"><svg xmlns="http://www.w3.org/2000/svg" width="24" height="24" viewBox="0 0 24 24" fill="none" stroke="currentColor" stroke-width="2" stroke-linecap="round" stroke-linejoin="round" class="lucide lucide-message-square w-4 h-4 text-gray-600" aria-hidden="true"><path d="M22 17a2 2 0 0 1-2 2H6.828a2 2 0 0 0-1.414.586l-2.202 2.202A.71.71 0 0 1 2 21.286V5a2 2 0 0 1 2-2h16a2 2 0 0 1 2 2z"></path></svg><h3 class="text-base font-semibold text-gray-900">Comments (36)</h3></div><button data-testid="add-comment-button" class="px-3 py-1.5 text-sm font-medium text-white bg-gray-900 rounded-md hover:bg-gray-800 transition-colors">Add Comment</button></div><div class="space-y-2"><div class=""><div class="bg-white rounded-md border border-gray-200 p-3"><div class="flex items-start justify-between mb-2"><div class="flex items-center gap-2"><div class="w-8 h-8 bg-gradient-to-br from-gray-700 to-gray-900 rounded-full flex items-center justify-center text-white font-semibold text-sm flex-shrink-0 cursor-pointer hover:ring-2 hover:ring-gray-900 hover:ring-offset-1 transition-all">T</div><div><div class="flex items-center gap-1.5"><span class="text-sm font-semibold text-gray-900 cursor-pointer hover:underline">Test User</span></div><span class="text-xs text-gray-500">Nov 30, 2025, 07:57 PM</span></div></div><button class="p-1 hover:bg-gray-100 rounded-full transition-colors" type="button" id="radix-_r_2_" aria-haspopup="menu" aria-expanded="false" data-state="closed"><svg xmlns="http://www.w3.org/2000/svg" width="24" height="24" viewBox="0 0 24 24" fill="none" stroke="currentColor" stroke-width="2" stroke-linecap="round" stroke-linejoin="round" class="lucide lucide-ellipsis-vertical w-4 h-4 text-gray-600" aria-hidden="true"><circle cx="12" cy="12" r="1"></circle><circle cx="12" cy="5" r="1"></circle><circle cx="12" cy="19" r="1"></circle></svg></button></div><p class="text-sm text-gray-800 whitespace-pre-wrap mb-2">Test comment 1764518241645</p><div class="flex items-center gap-3"><div class="flex items-center gap-3"><button data-testid="reaction-button-like" class="
                            group inline-flex items-center gap-1.5 px-3 py-1.5 rounded-md font-medium text-sm transition-all duration-200
                            bg-white text-gray-700 hover:bg-gray-50 border border-gray-300
                            cursor-pointer hover:scale-105
                        " type="button" id="radix-_r_4_" aria-haspopup="menu" aria-expanded="false" data-state="closed"><span class="text-base">👍</span><span class="font-medium text-sm">Like</span></button></div><button data-testid="reply-button" class="flex items-center gap-1 text-sm text-gray-600 hover:text-gray-900 transition-colors"><svg xmlns="http://www.w3.org/2000/svg" width="24" height="24" viewBox="0 0 24 24" fill="none" stroke="currentColor" stroke-width="2" stroke-linecap="round" stroke-linejoin="round" class="lucide lucide-reply w-4 h-4" aria-hidden="true"><path d="M20 18v-2a4 4 0 0 0-4-4H4"></path><path d="m9 17-5-5 5-5"></path></svg>Reply</button></div></div></div><div class=""><div class="bg-white rounded-md border border-gray-200 p-3"><div class="flex items-start justify-between mb-2"><div class="flex items-center gap-2"><div class="w-8 h-8 bg-gradient-to-br from-gray-700 to-gray-900 rounded-full flex items-center justify-center text-white font-semibold text-sm flex-shrink-0 cursor-pointer hover:ring-2 hover:ring-gray-900 hover:ring-offset-1 transition-all">T</div><div><div class="flex items-center gap-1.5"><span class="text-sm font-semibold text-gray-900 cursor-pointer hover:underline">Test User</span></div><span class="text-xs text-gray-500">Nov 30, 2025, 07:54 PM</span></div></div><button class="p-1 hover:bg-gray-100 rounded-full transition-colors" type="button" id="radix-_r_9_" aria-haspopup="menu" aria-expanded="false" data-state="closed"><svg xmlns="http://www.w3.org/2000/svg" width="24" height="24" viewBox="0 0 24 24" fill="none" stroke="currentColor" stroke-width="2" stroke-linecap="round" stroke-linejoin="round" class="lucide lucide-ellipsis-vertical w-4 h-4 text-gray-600" aria-hidden="true"><circle cx="12" cy="12" r="1"></circle><circle cx="12" cy="5" r="1"></circle><circle cx="12" cy="19" r="1"></circle></svg></button></div><p class="text-sm text-gray-800 whitespace-pre-wrap mb-2">Test comment 1764518097186</p><div class="flex items-center gap-3"><div class="flex items-center gap-3"><button data-testid="reaction-button-like" class="
                            group inline-flex items-center gap-1.5 px-3 py-1.5 rounded-md font-medium text-sm transition-all duration-200
                            bg-white text-gray-700 hover:bg-gray-50 border border-gray-300
                            cursor-pointer hover:scale-105
                        " type="button" id="radix-_r_b_" aria-haspopup="menu" aria-expanded="false" data-state="closed"><span class="text-base">👍</span><span class="font-medium text-sm">Like</span></button></div><button data-testid="reply-button" class="flex items-center gap-1 text-sm text-gray-600 hover:text-gray-900 transition-colors"><svg xmlns="http://www.w3.org/2000/svg" width="24" height="24" viewBox="0 0 24 24" fill="none" stroke="currentColor" stroke-width="2" stroke-linecap="round" stroke-linejoin="round" class="lucide lucide-reply w-4 h-4" aria-hidden="true"><path d="M20 18v-2a4 4 0 0 0-4-4H4"></path><path d="m9 17-5-5 5-5"></path></svg>Reply</button></div></div><div class="mt-2 space-y-2"><div class="ml-10"><div class="bg-white rounded-md border border-gray-200 p-3"><div class="flex items-start justify-between mb-2"><div class="flex items-center gap-2"><div class="w-8 h-8 bg-gradient-to-br from-gray-700 to-gray-900 rounded-full flex items-center justify-center text-white font-semibold text-sm flex-shrink-0 cursor-pointer hover:ring-2 hover:ring-gray-900 hover:ring-offset-1 transition-all">T</div><div><div class="flex items-center gap-1.5"><span class="text-sm font-semibold text-gray-900 cursor-pointer hover:underline">Test User</span></div><span class="text-xs text-gray-500">Nov 30, 2025, 07:57 PM</span></div></div><button class="p-1 hover:bg-gray-100 rounded-full transition-colors" type="button" id="radix-_r_d_" aria-haspopup="menu" aria-expanded="false" data-state="closed"><svg xmlns="http://www.w3.org/2000/svg" width="24" height="24" viewBox="0 0 24 24" fill="none" stroke="currentColor" stroke-width="2" stroke-linecap="round" stroke-linejoin="round" class="lucide lucide-ellipsis-vertical w-4 h-4 text-gray-600" aria-hidden="true"><circle cx="12" cy="12" r="1"></circle><circle cx="12" cy="5" r="1"></circle><circle cx="12" cy="19" r="1"></circle></svg></button></div><p class="text-sm text-gray-800 whitespace-pre-wrap mb-2">Test reply 1764518242023</p><div class="flex items-center gap-3"><div class="flex items-center gap-3"><button data-testid="reaction-button-like" class="
                            group inline-flex items-center gap-1.5 px-3 py-1.5 rounded-md font-medium text-sm transition-all duration-200
                            bg-white text-gray-700 hover:bg-gray-50 border border-gray-300
                            cursor-pointer hover:scale-105
                        " type="button" id="radix-_r_f_" aria-haspopup="menu" aria-expanded="false" data-state="closed"><span class="text-base">👍</span><span class="font-medium text-sm">Like</span></button></div></div></div></div></div></div><div class=""><div class="bg-white rounded-md border border-gray-200 p-3"><div class="flex items-start justify-between mb-2"><div class="flex items-center gap-2"><div class="w-8 h-8 bg-gradient-to-br from-gray-700 to-gray-900 rounded-full flex items-center justify-center text-white font-semibold text-sm flex-shrink-0 cursor-pointer hover:ring-2 hover:ring-gray-900 hover:ring-offset-1 transition-all">T</div><div><div class="flex items-center gap-1.5"><span class="text-sm font-semibold text-gray-900 cursor-pointer hover:underline">Test User</span></div><span class="text-xs text-gray-500">Nov 30, 2025, 07:52 PM</span></div></div><button class="p-1 hover:bg-gray-100 rounded-full transition-colors" type="button" id="radix-_r_n_" aria-haspopup="menu" aria-expanded="false" data-state="closed"><svg xmlns="http://www.w3.org/2000/svg" width="24" height="24" viewBox="0 0 24 24" fill="none" stroke="currentColor" stroke-width="2" stroke-linecap="round" stroke-linejoin="round" class="lucide lucide-ellipsis-vertical w-4 h-4 text-gray-600" aria-hidden="true"><circle cx="12" cy="12" r="1"></circle><circle cx="12" cy="5" r="1"></circle><circle cx="12" cy="19" r="1"></circle></svg></button></div><p class="text-sm text-gray-800 whitespace-pre-wrap mb-2">Test comment 1764517923365</p><div class="flex items-center gap-3"><div class="flex items-center gap-3"><button data-testid="reaction-button-like" class="
                            group inline-flex items-center gap-1.5 px-3 py-1.5 rounded-md font-medium text-sm transition-all duration-200
                            bg-white text-gray-700 hover:bg-gray-50 border border-gray-300
                            cursor-pointer hover:scale-105
                        " type="button" id="radix-_r_p_" aria-haspopup="menu" aria-expanded="false" data-state="closed"><span class="text-base">👍</span><span class="font-medium text-sm">Like</span></button></div><button data-testid="reply-button" class="flex items-center gap-1 text-sm text-gray-600 hover:text-gray-900 transition-colors"><svg xmlns="http://www.w3.org/2000/svg" width="24" height="24" viewBox="0 0 24 24" fill="none" stroke="currentColor" stroke-width="2" stroke-linecap="round" stroke-linejoin="round" class="lucide lucide-reply w-4 h-4" aria-hidden="true"><path d="M20 18v-2a4 4 0 0 0-4-4H4"></path><path d="m9 17-5-5 5-5"></path></svg>Reply</button></div></div><div class="mt-2 space-y-2"><div class="ml-10"><div class="bg-white rounded-md border border-gray-200 p-3"><div class="flex items-start justify-between mb-2"><div class="flex items-center gap-2"><div class="w-8 h-8 bg-gradient-to-br from-gray-700 to-gray-900 rounded-full flex items-center justify-center text-white font-semibold text-sm flex-shrink-0 cursor-pointer hover:ring-2 hover:ring-gray-900 hover:ring-offset-1 transition-all">T</div><div><div class="flex items-center gap-1.5"><span class="text-sm font-semibold text-gray-900 cursor-pointer hover:underline">Test User</span></div><span class="text-xs text-gray-500">Nov 30, 2025, 07:54 PM</span></div></div><button class="p-1 hover:bg-gray-100 rounded-full transition-colors" type="button" id="radix-_r_r_" aria-haspopup="menu" aria-expanded="false" data-state="closed"><svg xmlns="http://www.w3.org/2000/svg" width="24" height="24" viewBox="0 0 24 24" fill="none" stroke="currentColor" stroke-width="2" stroke-linecap="round" stroke-linejoin="round" class="lucide lucide-ellipsis-vertical w-4 h-4 text-gray-600" aria-hidden="true"><circle cx="12" cy="12" r="1"></circle><circle cx="12" cy="5" r="1"></circle><circle cx="12" cy="19" r="1"></circle></svg></button></div><p class="text-sm text-gray-800 whitespace-pre-wrap mb-2">Test reply 1764518096026</p><div class="flex items-center gap-3"><div class="flex items-center gap-3"><button data-testid="reaction-button-like" class="
                            group inline-flex items-center gap-1.5 px-3 py-1.5 rounded-md font-medium text-sm transition-all duration-200
                            bg-white text-gray-700 hover:bg-gray-50 border border-gray-300
                            cursor-pointer hover:scale-105
                        " type="button" id="radix-_r_t_" aria-haspopup="menu" aria-expanded="false" data-state="closed"><span class="text-base">👍</span><span class="font-medium text-sm">Like</span></button></div></div></div></div></div></div><div class=""><div class="bg-white rounded-md border border-gray-200 p-3"><div class="flex items-start justify-between mb-2"><div class="flex items-center gap-2"><div class="w-8 h-8 bg-gradient-to-br from-gray-700 to-gray-900 rounded-full flex items-center justify-center text-white font-semibold text-sm flex-shrink-0 cursor-pointer hover:ring-2 hover:ring-gray-900 hover:ring-offset-1 transition-all">T</div><div><div class="flex items-center gap-1.5"><span class="text-sm font-semibold text-gray-900 cursor-pointer hover:underline">Test User</span></div><span class="text-xs text-gray-500">Nov 30, 2025, 07:28 PM</span></div></div><button class="p-1 hover:bg-gray-100 rounded-full transition-colors" type="button" id="radix-_r_15_" aria-haspopup="menu" aria-expanded="false" data-state="closed"><svg xmlns="http://www.w3.org/2000/svg" width="24" height="24" viewBox="0 0 24 24" fill="none" stroke="currentColor" stroke-width="2" stroke-linecap="round" stroke-linejoin="round" class="lucide lucide-ellipsis-vertical w-4 h-4 text-gray-600" aria-hidden="true"><circle cx="12" cy="12" r="1"></circle><circle cx="12" cy="5" r="1"></circle><circle cx="12" cy="19" r="1"></circle></svg></button></div><p class="text-sm text-gray-800 whitespace-pre-wrap mb-2">sgsgs</p><div class="flex items-center gap-3"><div class="flex items-center gap-3"><button data-testid="reaction-button-like" class="
                            group inline-flex items-center gap-1.5 px-3 py-1.5 rounded-md font-medium text-sm transition-all duration-200
                            bg-white text-gray-700 hover:bg-gray-50 border border-gray-300
                            cursor-pointer hover:scale-105
                        " type="button" id="radix-_r_17_" aria-haspopup="menu" aria-expanded="false" data-state="closed"><span class="text-base">👍</span><span class="font-medium text-sm">Like</span></button></div><button data-testid="reply-button" class="flex items-center gap-1 text-sm text-gray-600 hover:text-gray-900 transition-colors"><svg xmlns="http://www.w3.org/2000/svg" width="24" height="24" viewBox="0 0 24 24" fill="none" stroke="currentColor" stroke-width="2" stroke-linecap="round" stroke-linejoin="round" class="lucide lucide-reply w-4 h-4" aria-hidden="true"><path d="M20 18v-2a4 4 0 0 0-4-4H4"></path><path d="m9 17-5-5 5-5"></path></svg>Reply</button></div></div><div class="mt-2 space-y-2"><div class="ml-10"><div class="bg-white rounded-md border border-gray-200 p-3"><div class="flex items-start justify-between mb-2"><div class="flex items-center gap-2"><div class="w-8 h-8 bg-gradient-to-br from-gray-700 to-gray-900 rounded-full flex items-center justify-center text-white font-semibold text-sm flex-shrink-0 cursor-pointer hover:ring-2 hover:ring-gray-900 hover:ring-offset-1 transition-all">T</div><div><div class="flex items-center gap-1.5"><span class="text-sm font-semibold text-gray-900 cursor-pointer hover:underline">Test User</span></div><span class="text-xs text-gray-500">Nov 30, 2025, 07:52 PM</span></div></div><button class="p-1 hover:bg-gray-100 rounded-full transition-colors" type="button" id="radix-_r_19_" aria-haspopup="menu" aria-expanded="false" data-state="closed"><svg xmlns="http://www.w3.org/2000/svg" width="24" height="24" viewBox="0 0 24 24" fill="none" stroke="currentColor" stroke-width="2" stroke-linecap="round" stroke-linejoin="round" class="lucide lucide-ellipsis-vertical w-4 h-4 text-gray-600" aria-hidden="true"><circle cx="12" cy="12" r="1"></circle><circle cx="12" cy="5" r="1"></circle><circle cx="12" cy="19" r="1"></circle></svg></button></div><p class="text-sm text-gray-800 whitespace-pre-wrap mb-2">Test reply 1764517923381</p><div class="flex items-center gap-3"><div class="flex items-center gap-3"><button data-testid="reaction-button-like" class="
                            group inline-flex items-center gap-1.5 px-3 py-1.5 rounded-md font-medium text-sm transition-all duration-200
                            bg-white text-gray-700 hover:bg-gray-50 border border-gray-300
                            cursor-pointer hover:scale-105
                        " type="button" id="radix-_r_1b_" aria-haspopup="menu" aria-expanded="false" data-state="closed"><span class="text-base">👍</span><span class="font-medium text-sm">Like</span></button></div></div></div></div><div class="ml-10"><div class="bg-white rounded-md border border-gray-200 p-3"><div class="flex items-start justify-between mb-2"><div class="flex items-center gap-2"><div class="w-8 h-8 bg-gradient-to-br from-gray-700 to-gray-900 rounded-full flex items-center justify-center text-white font-semibold text-sm flex-shrink-0 cursor-pointer hover:ring-2 hover:ring-gray-900 hover:ring-offset-1 transition-all">T</div><div><div class="flex items-center gap-1.5"><span class="text-sm font-semibold text-gray-900 cursor-pointer hover:underline">Test User</span></div><span class="text-xs text-gray-500">Nov 30, 2025, 07:28 PM</span></div></div><button class="p-1 hover:bg-gray-100 rounded-full transition-colors" type="button" id="radix-_r_1g_" aria-haspopup="menu" aria-expanded="false" data-state="closed"><svg xmlns="http://www.w3.org/2000/svg" width="24" height="24" viewBox="0 0 24 24" fill="none" stroke="currentColor" stroke-width="2" stroke-linecap="round" stroke-linejoin="round" class="lucide lucide-ellipsis-vertical w-4 h-4 text-gray-600" aria-hidden="true"><circle cx="12" cy="12" r="1"></circle><circle cx="12" cy="5" r="1"></circle><circle cx="12" cy="19" r="1"></circle></svg></button></div><p class="text-sm text-gray-800 whitespace-pre-wrap mb-2">sfgsgfs</p><div class="flex items-center gap-3"><div class="flex items-center gap-3"><button data-testid="reaction-button-like" class="
                            group inline-flex items-center gap-1.5 px-3 py-1.5 rounded-md font-medium text-sm transition-all duration-200
                            bg-white text-gray-700 hover:bg-gray-50 border border-gray-300
                            cursor-pointer hover:scale-105
                        " type="button" id="radix-_r_1i_" aria-haspopup="menu" aria-expanded="false" data-state="closed"><span class="text-base">👍</span><span class="font-medium text-sm">Like</span></button></div></div></div></div></div></div><div class=""><div class="bg-white rounded-md border border-gray-200 p-3"><div class="flex items-start justify-between mb-2"><div class="flex items-center gap-2"><div class="w-8 h-8 bg-gradient-to-br from-gray-700 to-gray-900 rounded-full flex items-center justify-center text-white font-semibold text-sm flex-shrink-0 cursor-pointer hover:ring-2 hover:ring-gray-900 hover:ring-offset-1 transition-all">T</div><div><div class="flex items-center gap-1.5"><span class="text-sm font-semibold text-gray-900 cursor-pointer hover:underline">Test User</span></div><span class="text-xs text-gray-500">Nov 30, 2025, 07:24 PM</span></div></div><button class="p-1 hover:bg-gray-100 rounded-full transition-colors" type="button" id="radix-_r_1q_" aria-haspopup="menu" aria-expanded="false" data-state="closed"><svg xmlns="http://www.w3.org/2000/svg" width="24" height="24" viewBox="0 0 24 24" fill="none" stroke="currentColor" stroke-width="2" stroke-linecap="round" stroke-linejoin="round" class="lucide lucide-ellipsis-vertical w-4 h-4 text-gray-600" aria-hidden="true"><circle cx="12" cy="12" r="1"></circle><circle cx="12" cy="5" r="1"></circle><circle cx="12" cy="19" r="1"></circle></svg></button></div><p class="text-sm text-gray-800 whitespace-pre-wrap mb-2">Test comment 1764516258855</p><div class="flex items-center gap-3"><div class="flex items-center gap-3"><button data-testid="reaction-button-like" class="
                            group inline-flex items-center gap-1.5 px-3 py-1.5 rounded-md font-medium text-sm transition-all duration-200
                            bg-white text-gray-700 hover:bg-gray-50 border border-gray-300
                            cursor-pointer hover:scale-105
                        " type="button" id="radix-_r_1s_" aria-haspopup="menu" aria-expanded="false" data-state="closed"><span class="text-base">👍</span><span class="font-medium text-sm">Like</span></button></div><button data-testid="reply-button" class="flex items-center gap-1 text-sm text-gray-600 hover:text-gray-900 transition-colors"><svg xmlns="http://www.w3.org/2000/svg" width="24" height="24" viewBox="0 0 24 24" fill="none" stroke="currentColor" stroke-width="2" stroke-linecap="round" stroke-linejoin="round" class="lucide lucide-reply w-4 h-4" aria-hidden="true"><path d="M20 18v-2a4 4 0 0 0-4-4H4"></path><path d="m9 17-5-5 5-5"></path></svg>Reply</button></div></div></div><div class="pt-4 flex justify-center gap-3"><button class="px-4 py-2 text-sm font-medium text-gray-700 bg-white border border-gray-300 rounded-md hover:bg-gray-50 transition-colors disabled:opacity-50 disabled:cursor-not-allowed flex items-center gap-2">Show More Comments</button></div></div></div></div></div></article><article class="bg-white rounded-xl shadow-sm border border-gray-200 overflow-hidden hover:shadow-md transition-shadow"><div class="p-6"><h2 class="text-xl font-bold text-gray-900 mb-3">Amazing New Features Released</h2><p class="text-gray-600 leading-relaxed mb-6">We are excited to announce the release of our new features! The reaction system now supports real-time updates and beautiful animations. Try it out and let us know what you think!</p><div class="pt-4 border-t border-gray-100"><div class="flex items-center gap-3"><button data-testid="reaction-button-like" class="
                            group inline-flex items-center gap-1.5 px-3 py-1.5 rounded-md font-medium text-sm transition-all duration-200
                            bg-white text-gray-700 hover:bg-gray-50 border border-gray-300
                            cursor-pointer hover:scale-105
                        " type="button" id="radix-_r_21_" aria-haspopup="menu" aria-expanded="false" data-state="closed"><span class="text-base">👍</span><span class="font-medium text-sm">Like</span></button><div class="flex items-center gap-1.5"><button data-testid="reaction-count-angry" class="
                                    inline-flex items-center gap-1 px-2 py-1 rounded-full text-xs font-medium transition-all
                                    bg-gray-100 text-gray-700 hover:bg-gray-200
                                    cursor-pointer hover:scale-105
                                "><span class="text-base">😠</span><span>3</span></button><button data-testid="reaction-count-like" class="
                                    inline-flex items-center gap-1 px-2 py-1 rounded-full text-xs font-medium transition-all
                                    bg-gray-100 text-gray-700 hover:bg-gray-200
                                    cursor-pointer hover:scale-105
                                "><span class="text-base">👍</span><span>1</span></button><button data-testid="reaction-count-wow" class="
                                    inline-flex items-center gap-1 px-2 py-1 rounded-full text-xs font-medium transition-all
                                    bg-gray-100 text-gray-700 hover:bg-gray-200
                                    cursor-pointer hover:scale-105
                                "><span class="text-base">😮</span><span>1</span></button><button class="p-1.5 hover:bg-gray-100 rounded-full transition-colors" title="See who reacted"><svg xmlns="http://www.w3.org/2000/svg" width="24" height="24" viewBox="0 0 24 24" fill="none" stroke="currentColor" stroke-width="2" stroke-linecap="round" stroke-linejoin="round" class="lucide lucide-chevron-down w-4 h-4 text-gray-600" aria-hidden="true"><path d="m6 9 6 6 6-6"></path></svg></button></div></div></div><div class="pt-6 border-t border-gray-100 mt-6"><div class="space-y-3"><div class="flex items-center justify-between"><div class="flex items-center gap-2"><svg xmlns="http://www.w3.org/2000/svg" width="24" height="24" viewBox="0 0 24 24" fill="none" stroke="currentColor" stroke-width="2" stroke-linecap="round" stroke-linejoin="round" class="lucide lucide-message-square w-4 h-4 text-gray-600" aria-hidden="true"><path d="M22 17a2 2 0 0 1-2 2H6.828a2 2 0 0 0-1.414.586l-2.202 2.202A.71.71 0 0 1 2 21.286V5a2 2 0 0 1 2-2h16a2 2 0 0 1 2 2z"></path></svg><h3 class="text-base font-semibold text-gray-900">Comments (3)</h3></div><button data-testid="add-comment-button" class="px-3 py-1.5 text-sm font-medium text-white bg-gray-900 rounded-md hover:bg-gray-800 transition-colors">Add Comment</button></div><div class="space-y-2"><div class=""><div class="bg-white rounded-md border border-gray-200 p-3"><div class="flex items-start justify-between mb-2"><div class="flex items-center gap-2"><div class="w-8 h-8 bg-gradient-to-br from-gray-700 to-gray-900 rounded-full flex items-center justify-center text-white font-semibold text-sm flex-shrink-0 cursor-pointer hover:ring-2 hover:ring-gray-900 hover:ring-offset-1 transition-all">D</div><div><div class="flex items-center gap-1.5"><span class="text-sm font-semibold text-gray-900 cursor-pointer hover:underline">David Taylor</span></div><span class="text-xs text-gray-500">Nov 30, 2025, 06:17 PM</span></div></div><button class="p-1 hover:bg-gray-100 rounded-full transition-colors" type="button" id="radix-_r_23_" aria-haspopup="menu" aria-expanded="false" data-state="closed"><svg xmlns="http://www.w3.org/2000/svg" width="24" height="24" viewBox="0 0 24 24" fill="none" stroke="currentColor" stroke-width="2" stroke-linecap="round" stroke-linejoin="round" class="lucide lucide-ellipsis-vertical w-4 h-4 text-gray-600" aria-hidden="true"><circle cx="12" cy="12" r="1"></circle><circle cx="12" cy="5" r="1"></circle><circle cx="12" cy="19" r="1"></circle></svg></button></div><p class="text-sm text-gray-800 whitespace-pre-wrap mb-2">Fantastic post! Keep it up!</p><div class="flex items-center gap-3"><div class="flex items-center gap-3"><button data-testid="reaction-button-like" class="
                            group inline-flex items-center gap-1.5 px-3 py-1.5 rounded-md font-medium text-sm transition-all duration-200
                            bg-white text-gray-700 hover:bg-gray-50 border border-gray-300
                            cursor-pointer hover:scale-105
                        " type="button" id="radix-_r_25_" aria-haspopup="menu" aria-expanded="false" data-state="closed"><span class="text-base">👍</span><span class="font-medium text-sm">Like</span></button></div><button data-testid="reply-button" class="flex items-center gap-1 text-sm text-gray-600 hover:text-gray-900 transition-colors"><svg xmlns="http://www.w3.org/2000/svg" width="24" height="24" viewBox="0 0 24 24" fill="none" stroke="currentColor" stroke-width="2" stroke-linecap="round" stroke-linejoin="round" class="lucide lucide-reply w-4 h-4" aria-hidden="true"><path d="M20 18v-2a4 4 0 0 0-4-4H4"></path><path d="m9 17-5-5 5-5"></path></svg>Reply</button></div></div></div><div class=""><div class="bg-white rounded-md border border-gray-200 p-3"><div class="flex items-start justify-between mb-2"><div class="flex items-center gap-2"><div class="w-8 h-8 bg-gradient-to-br from-gray-700 to-gray-900 rounded-full flex items-center justify-center text-white font-semibold text-sm flex-shrink-0 cursor-pointer hover:ring-2 hover:ring-gray-900 hover:ring-offset-1 transition-all">I</div><div><div class="flex items-center gap-1.5"><span class="text-sm font-semibold text-gray-900 cursor-pointer hover:underline">Isabella Jones</span></div><span class="text-xs text-gray-500">Nov 30, 2025, 06:17 PM</span></div></div><button class="p-1 hover:bg-gray-100 rounded-full transition-colors" type="button" id="radix-_r_2a_" aria-haspopup="menu" aria-expanded="false" data-state="closed"><svg xmlns="http://www.w3.org/2000/svg" width="24" height="24" viewBox="0 0 24 24" fill="none" stroke="currentColor" stroke-width="2" stroke-linecap="round" stroke-linejoin="round" class="lucide lucide-ellipsis-vertical w-4 h-4 text-gray-600" aria-hidden="true"><circle cx="12" cy="12" r="1"></circle><circle cx="12" cy="5" r="1"></circle><circle cx="12" cy="19" r="1"></circle></svg></button></div><p class="text-sm text-gray-800 whitespace-pre-wrap mb-2">Very interesting perspective.</p><div class="flex items-center gap-3"><div class="flex items-center gap-3"><button data-testid="reaction-button-like" class="
                            group inline-flex items-center gap-1.5 px-3 py-1.5 rounded-md font-medium text-sm transition-all duration-200
                            bg-white text-gray-700 hover:bg-gray-50 border border-gray-300
                            cursor-pointer hover:scale-105
                        " type="button" id="radix-_r_2c_" aria-haspopup="menu" aria-expanded="false" data-state="closed"><span class="text-base">👍</span><span class="font-medium text-sm">Like</span></button></div><button data-testid="reply-button" class="flex items-center gap-1 text-sm text-gray-600 hover:text-gray-900 transition-colors"><svg xmlns="http://www.w3.org/2000/svg" width="24" height="24" viewBox="0 0 24 24" fill="none" stroke="currentColor" stroke-width="2" stroke-linecap="round" stroke-linejoin="round" class="lucide lucide-reply w-4 h-4" aria-hidden="true"><path d="M20 18v-2a4 4 0 0 0-4-4H4"></path><path d="m9 17-5-5 5-5"></path></svg>Reply</button></div></div></div><div class=""><div class="bg-white rounded-md border border-gray-200 p-3"><div class="flex items-start justify-between mb-2"><div class="flex items-center gap-2"><div class="w-8 h-8 bg-gradient-to-br from-gray-700 to-gray-900 rounded-full flex items-center justify-center text-white font-semibold text-sm flex-shrink-0 cursor-pointer hover:ring-2 hover:ring-gray-900 hover:ring-offset-1 transition-all">E</div><div><div class="flex items-center gap-1.5"><span class="text-sm font-semibold text-gray-900 cursor-pointer hover:underline">Ethan Lopez</span></div><span class="text-xs text-gray-500">Nov 30, 2025, 06:17 PM</span></div></div><button class="p-1 hover:bg-gray-100 rounded-full transition-colors" type="button" id="radix-_r_2h_" aria-haspopup="menu" aria-expanded="false" data-state="closed"><svg xmlns="http://www.w3.org/2000/svg" width="24" height="24" viewBox="0 0 24 24" fill="none" stroke="currentColor" stroke-width="2" stroke-linecap="round" stroke-linejoin="round" class="lucide lucide-ellipsis-vertical w-4 h-4 text-gray-600" aria-hidden="true"><circle cx="12" cy="12" r="1"></circle><circle cx="12" cy="5" r="1"></circle><circle cx="12" cy="19" r="1"></circle></svg></button></div><p class="text-sm text-gray-800 whitespace-pre-wrap mb-2">Well said! Couldn't agree more.</p><div class="flex items-center gap-3"><div class="flex items-center gap-3"><button data-testid="reaction-button-like" class="
                            group inline-flex items-center gap-1.5 px-3 py-1.5 rounded-md font-medium text-sm transition-all duration-200
                            bg-white text-gray-700 hover:bg-gray-50 border border-gray-300
                            cursor-pointer hover:scale-105
                        " type="button" id="radix-_r_2j_" aria-haspopup="menu" aria-expanded="false" data-state="closed"><span class="text-base">👍</span><span class="font-medium text-sm">Like</span></button></div><button data-testid="reply-button" class="flex items-center gap-1 text-sm text-gray-600 hover:text-gray-900 transition-colors"><svg xmlns="http://www.w3.org/2000/svg" width="24" height="24" viewBox="0 0 24 24" fill="none" stroke="currentColor" stroke-width="2" stroke-linecap="round" stroke-linejoin="round" class="lucide lucide-reply w-4 h-4" aria-hidden="true"><path d="M20 18v-2a4 4 0 0 0-4-4H4"></path><path d="m9 17-5-5 5-5"></path></svg>Reply</button></div></div></div></div></div></div></div></article><article class="bg-white rounded-xl shadow-sm border border-gray-200 overflow-hidden hover:shadow-md transition-shadow"><div class="p-6"><h2 class="text-xl font-bold text-gray-900 mb-3">Community Guidelines Update</h2><p class="text-gray-600 leading-relaxed mb-6">We have updated our community guidelines to ensure a safe and welcoming environment for everyone. Please take a moment to review the changes and react to show your acknowledgment.</p><div class="pt-4 border-t border-gray-100"><div class="flex items-center gap-3"><button data-testid="reaction-button-like" class="
                            group inline-flex items-center gap-1.5 px-3 py-1.5 rounded-md font-medium text-sm transition-all duration-200
                            bg-white text-gray-700 hover:bg-gray-50 border border-gray-300
                            cursor-pointer hover:scale-105
                        " type="button" id="radix-_r_2o_" aria-haspopup="menu" aria-expanded="false" data-state="closed"><span class="text-base">👍</span><span class="font-medium text-sm">Like</span></button><div class="flex items-center gap-1.5"><button data-testid="reaction-count-sad" class="
                                    inline-flex items-center gap-1 px-2 py-1 rounded-full text-xs font-medium transition-all
                                    bg-gray-100 text-gray-700 hover:bg-gray-200
                                    cursor-pointer hover:scale-105
                                "><span class="text-base">😢</span><span>2</span></button><button data-testid="reaction-count-angry" class="
                                    inline-flex items-center gap-1 px-2 py-1 rounded-full text-xs font-medium transition-all
                                    bg-gray-100 text-gray-700 hover:bg-gray-200
                                    cursor-pointer hover:scale-105
                                "><span class="text-base">😠</span><span>2</span></button><button data-testid="reaction-count-like" class="
                                    inline-flex items-center gap-1 px-2 py-1 rounded-full text-xs font-medium transition-all
                                    bg-gray-100 text-gray-700 hover:bg-gray-200
                                    cursor-pointer hover:scale-105
                                "><span class="text-base">👍</span><span>1</span></button><button data-testid="reaction-count-love" class="
                                    inline-flex items-center gap-1 px-2 py-1 rounded-full text-xs font-medium transition-all
                                    bg-gray-100 text-gray-700 hover:bg-gray-200
                                    cursor-pointer hover:scale-105
                                "><span class="text-base">❤️</span><span>1</span></button><button data-testid="reaction-count-haha" class="
                                    inline-flex items-center gap-1 px-2 py-1 rounded-full text-xs font-medium transition-all
                                    bg-gray-100 text-gray-700 hover:bg-gray-200
                                    cursor-pointer hover:scale-105
                                "><span class="text-base">😂</span><span>1</span></button><button class="p-1.5 hover:bg-gray-100 rounded-full transition-colors" title="See who reacted"><svg xmlns="http://www.w3.org/2000/svg" width="24" height="24" viewBox="0 0 24 24" fill="none" stroke="currentColor" stroke-width="2" stroke-linecap="round" stroke-linejoin="round" class="lucide lucide-chevron-down w-4 h-4 text-gray-600" aria-hidden="true"><path d="m6 9 6 6 6-6"></path></svg></button></div></div></div><div class="pt-6 border-t border-gray-100 mt-6"><div class="space-y-3"><div class="flex items-center justify-between"><div class="flex items-center gap-2"><svg xmlns="http://www.w3.org/2000/svg" width="24" height="24" viewBox="0 0 24 24" fill="none" stroke="currentColor" stroke-width="2" stroke-linecap="round" stroke-linejoin="round" class="lucide lucide-message-square w-4 h-4 text-gray-600" aria-hidden="true"><path d="M22 17a2 2 0 0 1-2 2H6.828a2 2 0 0 0-1.414.586l-2.202 2.202A.71.71 0 0 1 2 21.286V5a2 2 0 0 1 2-2h16a2 2 0 0 1 2 2z"></path></svg><h3 class="text-base font-semibold text-gray-900">Comments (2)</h3></div><button data-testid="add-comment-button" class="px-3 py-1.5 text-sm font-medium text-white bg-gray-900 rounded-md hover:bg-gray-800 transition-colors">Add Comment</button></div><div class="space-y-2"><div class=""><div class="bg-white rounded-md border border-gray-200 p-3"><div class="flex items-start justify-between mb-2"><div class="flex items-center gap-2"><div class="w-8 h-8 bg-gradient-to-br from-gray-700 to-gray-900 rounded-full flex items-center justify-center text-white font-semibold text-sm flex-shrink-0 cursor-pointer hover:ring-2 hover:ring-gray-900 hover:ring-offset-1 transition-all">L</div><div><div class="flex items-center gap-1.5"><span class="text-sm font-semibold text-gray-900 cursor-pointer hover:underline">Liam Garcia</span></div><span class="text-xs text-gray-500">Nov 30, 2025, 06:17 PM</span></div></div><button class="p-1 hover:bg-gray-100 rounded-full transition-colors" type="button" id="radix-_r_2q_" aria-haspopup="menu" aria-expanded="false" data-state="closed"><svg xmlns="http://www.w3.org/2000/svg" width="24" height="24" viewBox="0 0 24 24" fill="none" stroke="currentColor" stroke-width="2" stroke-linecap="round" stroke-linejoin="round" class="lucide lucide-ellipsis-vertical w-4 h-4 text-gray-600" aria-hidden="true"><circle cx="12" cy="12" r="1"></circle><circle cx="12" cy="5" r="1"></circle><circle cx="12" cy="19" r="1"></circle></svg></button></div><p class="text-sm text-gray-800 whitespace-pre-wrap mb-2">Thanks for sharing this information.</p><div class="flex items-center gap-3"><div class="flex items-center gap-3"><button data-testid="reaction-button-like" class="
                            group inline-flex items-center gap-1.5 px-3 py-1.5 rounded-md font-medium text-sm transition-all duration-200
                            bg-white text-gray-700 hover:bg-gray-50 border border-gray-300
                            cursor-pointer hover:scale-105
                        " type="button" id="radix-_r_2s_" aria-haspopup="menu" aria-expanded="false" data-state="closed"><span class="text-base">👍</span><span class="font-medium text-sm">Like</span></button></div><button data-testid="reply-button" class="flex items-center gap-1 text-sm text-gray-600 hover:text-gray-900 transition-colors"><svg xmlns="http://www.w3.org/2000/svg" width="24" height="24" viewBox="0 0 24 24" fill="none" stroke="currentColor" stroke-width="2" stroke-linecap="round" stroke-linejoin="round" class="lucide lucide-reply w-4 h-4" aria-hidden="true"><path d="M20 18v-2a4 4 0 0 0-4-4H4"></path><path d="m9 17-5-5 5-5"></path></svg>Reply</button></div></div></div><div class=""><div class="bg-white rounded-md border border-gray-200 p-3"><div class="flex items-start justify-between mb-2"><div class="flex items-center gap-2"><div class="w-8 h-8 bg-gradient-to-br from-gray-700 to-gray-900 rounded-full flex items-center justify-center text-white font-semibold text-sm flex-shrink-0 cursor-pointer hover:ring-2 hover:ring-gray-900 hover:ring-offset-1 transition-all">S</div><div><div class="flex items-center gap-1.5"><span class="text-sm font-semibold text-gray-900 cursor-pointer hover:underline">Sebastian Thomas</span></div><span class="text-xs text-gray-500">Nov 30, 2025, 06:17 PM</span></div></div><button class="p-1 hover:bg-gray-100 rounded-full transition-colors" type="button" id="radix-_r_31_" aria-haspopup="menu" aria-expanded="false" data-state="closed"><svg xmlns="http://www.w3.org/2000/svg" width="24" height="24" viewBox="0 0 24 24" fill="none" stroke="currentColor" stroke-width="2" stroke-linecap="round" stroke-linejoin="round" class="lucide lucide-ellipsis-vertical w-4 h-4 text-gray-600" aria-hidden="true"><circle cx="12" cy="12" r="1"></circle><circle cx="12" cy="5" r="1"></circle><circle cx="12" cy="19" r="1"></circle></svg></button></div><p class="text-sm text-gray-800 whitespace-pre-wrap mb-2">Could you elaborate more on this?</p><div class="flex items-center gap-3"><div class="flex items-center gap-3"><button data-testid="reaction-button-like" class="
                            group inline-flex items-center gap-1.5 px-3 py-1.5 rounded-md font-medium text-sm transition-all duration-200
                            bg-white text-gray-700 hover:bg-gray-50 border border-gray-300
                            cursor-pointer hover:scale-105
                        " type="button" id="radix-_r_33_" aria-haspopup="menu" aria-expanded="false" data-state="closed"><span class="text-base">👍</span><span class="font-medium text-sm">Like</span></button></div><button data-testid="reply-button" class="flex items-center gap-1 text-sm text-gray-600 hover:text-gray-900 transition-colors"><svg xmlns="http://www.w3.org/2000/svg" width="24" height="24" viewBox="0 0 24 24" fill="none" stroke="currentColor" stroke-width="2" stroke-linecap="round" stroke-linejoin="round" class="lucide lucide-reply w-4 h-4" aria-hidden="true"><path d="M20 18v-2a4 4 0 0 0-4-4H4"></path><path d="m9 17-5-5 5-5"></path></svg>Reply</button></div></div><div class="mt-2 space-y-2"><div class="ml-10"><div class="bg-white rounded-md border border-gray-200 p-3"><div class="flex items-start justify-between mb-2"><div class="flex items-center gap-2"><div class="w-8 h-8 bg-gradient-to-br from-gray-700 to-gray-900 rounded-full flex items-center justify-center text-white font-semibold text-sm flex-shrink-0 cursor-pointer hover:ring-2 hover:ring-gray-900 hover:ring-offset-1 transition-all">L</div><div><div class="flex items-center gap-1.5"><span class="text-sm font-semibold text-gray-900 cursor-pointer hover:underline">Liam Garcia</span></div><span class="text-xs text-gray-500">Nov 30, 2025, 06:17 PM</span></div></div><button class="p-1 hover:bg-gray-100 rounded-full transition-colors" type="button" id="radix-_r_35_" aria-haspopup="menu" aria-expanded="false" data-state="closed"><svg xmlns="http://www.w3.org/2000/svg" width="24" height="24" viewBox="0 0 24 24" fill="none" stroke="currentColor" stroke-width="2" stroke-linecap="round" stroke-linejoin="round" class="lucide lucide-ellipsis-vertical w-4 h-4 text-gray-600" aria-hidden="true"><circle cx="12" cy="12" r="1"></circle><circle cx="12" cy="5" r="1"></circle><circle cx="12" cy="19" r="1"></circle></svg></button></div><p class="text-sm text-gray-800 whitespace-pre-wrap mb-2">Interesting perspective!</p><div class="flex items-center gap-3"><div class="flex items-center gap-3"><button data-testid="reaction-button-like" class="
                            group inline-flex items-center gap-1.5 px-3 py-1.5 rounded-md font-medium text-sm transition-all duration-200
                            bg-white text-gray-700 hover:bg-gray-50 border border-gray-300
                            cursor-pointer hover:scale-105
                        " type="button" id="radix-_r_37_" aria-haspopup="menu" aria-expanded="false" data-state="closed"><span class="text-base">👍</span><span class="font-medium text-sm">Like</span></button></div></div></div></div><div class="ml-10"><div class="bg-white rounded-md border border-gray-200 p-3"><div class="flex items-start justify-between mb-2"><div class="flex items-center gap-2"><div class="w-8 h-8 bg-gradient-to-br from-gray-700 to-gray-900 rounded-full flex items-center justify-center text-white font-semibold text-sm flex-shrink-0 cursor-pointer hover:ring-2 hover:ring-gray-900 hover:ring-offset-1 transition-all">V</div><div><div class="flex items-center gap-1.5"><span class="text-sm font-semibold text-gray-900 cursor-pointer hover:underline">Victoria White</span></div><span class="text-xs text-gray-500">Nov 30, 2025, 06:17 PM</span></div></div><button class="p-1 hover:bg-gray-100 rounded-full transition-colors" type="button" id="radix-_r_3c_" aria-haspopup="menu" aria-expanded="false" data-state="closed"><svg xmlns="http://www.w3.org/2000/svg" width="24" height="24" viewBox="0 0 24 24" fill="none" stroke="currentColor" stroke-width="2" stroke-linecap="round" stroke-linejoin="round" class="lucide lucide-ellipsis-vertical w-4 h-4 text-gray-600" aria-hidden="true"><circle cx="12" cy="12" r="1"></circle><circle cx="12" cy="5" r="1"></circle><circle cx="12" cy="19" r="1"></circle></svg></button></div><p class="text-sm text-gray-800 whitespace-pre-wrap mb-2">I hadn't thought of it that way.</p><div class="flex items-center gap-3"><div class="flex items-center gap-3"><button data-testid="reaction-button-like" class="
                            group inline-flex items-center gap-1.5 px-3 py-1.5 rounded-md font-medium text-sm transition-all duration-200
                            bg-white text-gray-700 hover:bg-gray-50 border border-gray-300
                            cursor-pointer hover:scale-105
                        " type="button" id="radix-_r_3e_" aria-haspopup="menu" aria-expanded="false" data-state="closed"><span class="text-base">👍</span><span class="font-medium text-sm">Like</span></button></div></div></div></div></div></div></div></div></div></div></article><article class="bg-white rounded-xl shadow-sm border border-gray-200 overflow-hidden hover:shadow-md transition-shadow"><div class="p-6"><h2 class="text-xl font-bold text-gray-900 mb-3">Behind the Scenes: Development Journey</h2><p class="text-gray-600 leading-relaxed mb-6">Ever wondered how we built this reaction system? In this post, we share our development journey, the challenges we faced, and the solutions we implemented. It has been an amazing ride!</p><div class="pt-4 border-t border-gray-100"><div class="flex items-center gap-3"><button data-testid="reaction-button-like" class="
                            group inline-flex items-center gap-1.5 px-3 py-1.5 rounded-md font-medium text-sm transition-all duration-200
                            bg-white text-gray-700 hover:bg-gray-50 border border-gray-300
                            cursor-pointer hover:scale-105
                        " type="button" id="radix-_r_3m_" aria-haspopup="menu" aria-expanded="false" data-state="closed"><span class="text-base">👍</span><span class="font-medium text-sm">Like</span></button><div class="flex items-center gap-1.5"><button data-testid="reaction-count-haha" class="
                                    inline-flex items-center gap-1 px-2 py-1 rounded-full text-xs font-medium transition-all
                                    bg-gray-100 text-gray-700 hover:bg-gray-200
                                    cursor-pointer hover:scale-105
                                "><span class="text-base">😂</span><span>3</span></button><button data-testid="reaction-count-sad" class="
                                    inline-flex items-center gap-1 px-2 py-1 rounded-full text-xs font-medium transition-all
                                    bg-gray-100 text-gray-700 hover:bg-gray-200
                                    cursor-pointer hover:scale-105
                                "><span class="text-base">😢</span><span>2</span></button><button data-testid="reaction-count-like" class="
                                    inline-flex items-center gap-1 px-2 py-1 rounded-full text-xs font-medium transition-all
                                    bg-gray-100 text-gray-700 hover:bg-gray-200
                                    cursor-pointer hover:scale-105
                                "><span class="text-base">👍</span><span>1</span></button><button data-testid="reaction-count-love" class="
                                    inline-flex items-center gap-1 px-2 py-1 rounded-full text-xs font-medium transition-all
                                    bg-gray-100 text-gray-700 hover:bg-gray-200
                                    cursor-pointer hover:scale-105
                                "><span class="text-base">❤️</span><span>1</span></button><button data-testid="reaction-count-wow" class="
                                    inline-flex items-center gap-1 px-2 py-1 rounded-full text-xs font-medium transition-all
                                    bg-gray-100 text-gray-700 hover:bg-gray-200
                                    cursor-pointer hover:scale-105
                                "><span class="text-base">😮</span><span>1</span></button><button class="p-1.5 hover:bg-gray-100 rounded-full transition-colors" title="See who reacted"><svg xmlns="http://www.w3.org/2000/svg" width="24" height="24" viewBox="0 0 24 24" fill="none" stroke="currentColor" stroke-width="2" stroke-linecap="round" stroke-linejoin="round" class="lucide lucide-chevron-down w-4 h-4 text-gray-600" aria-hidden="true"><path d="m6 9 6 6 6-6"></path></svg></button></div></div></div><div class="pt-6 border-t border-gray-100 mt-6"><div class="space-y-3"><div class="flex items-center justify-between"><div class="flex items-center gap-2"><svg xmlns="http://www.w3.org/2000/svg" width="24" height="24" viewBox="0 0 24 24" fill="none" stroke="currentColor" stroke-width="2" stroke-linecap="round" stroke-linejoin="round" class="lucide lucide-message-square w-4 h-4 text-gray-600" aria-hidden="true"><path d="M22 17a2 2 0 0 1-2 2H6.828a2 2 0 0 0-1.414.586l-2.202 2.202A.71.71 0 0 1 2 21.286V5a2 2 0 0 1 2-2h16a2 2 0 0 1 2 2z"></path></svg><h3 class="text-base font-semibold text-gray-900">Comments (5)</h3></div><button data-testid="add-comment-button" class="px-3 py-1.5 text-sm font-medium text-white bg-gray-900 rounded-md hover:bg-gray-800 transition-colors">Add Comment</button></div><div class="space-y-2"><div class=""><div class="bg-white rounded-md border border-gray-200 p-3"><div class="flex items-start justify-between mb-2"><div class="flex items-center gap-2"><div class="w-8 h-8 bg-gradient-to-br from-gray-700 to-gray-900 rounded-full flex items-center justify-center text-white font-semibold text-sm flex-shrink-0 cursor-pointer hover:ring-2 hover:ring-gray-900 hover:ring-offset-1 transition-all">A</div><div><div class="flex items-center gap-1.5"><span class="text-sm font-semibold text-gray-900 cursor-pointer hover:underline">Amelia Anderson</span></div><span class="text-xs text-gray-500">Nov 30, 2025, 06:17 PM</span></div></div><button class="p-1 hover:bg-gray-100 rounded-full transition-colors" type="button" id="radix-_r_3o_" aria-haspopup="menu" aria-expanded="false" data-state="closed"><svg xmlns="http://www.w3.org/2000/svg" width="24" height="24" viewBox="0 0 24 24" fill="none" stroke="currentColor" stroke-width="2" stroke-linecap="round" stroke-linejoin="round" class="lucide lucide-ellipsis-vertical w-4 h-4 text-gray-600" aria-hidden="true"><circle cx="12" cy="12" r="1"></circle><circle cx="12" cy="5" r="1"></circle><circle cx="12" cy="19" r="1"></circle></svg></button></div><p class="text-sm text-gray-800 whitespace-pre-wrap mb-2">Interesting take on this topic.</p><div class="flex items-center gap-3"><div class="flex items-center gap-3"><button data-testid="reaction-button-like" class="
                            group inline-flex items-center gap-1.5 px-3 py-1.5 rounded-md font-medium text-sm transition-all duration-200
                            bg-white text-gray-700 hover:bg-gray-50 border border-gray-300
                            cursor-pointer hover:scale-105
                        " type="button" id="radix-_r_3q_" aria-haspopup="menu" aria-expanded="false" data-state="closed"><span class="text-base">👍</span><span class="font-medium text-sm">Like</span></button></div><button data-testid="reply-button" class="flex items-center gap-1 text-sm text-gray-600 hover:text-gray-900 transition-colors"><svg xmlns="http://www.w3.org/2000/svg" width="24" height="24" viewBox="0 0 24 24" fill="none" stroke="currentColor" stroke-width="2" stroke-linecap="round" stroke-linejoin="round" class="lucide lucide-reply w-4 h-4" aria-hidden="true"><path d="M20 18v-2a4 4 0 0 0-4-4H4"></path><path d="m9 17-5-5 5-5"></path></svg>Reply</button></div></div><div class="mt-2 space-y-2"><div class="ml-10"><div class="bg-white rounded-md border border-gray-200 p-3"><div class="flex items-start justify-between mb-2"><div class="flex items-center gap-2"><div class="w-8 h-8 bg-gradient-to-br from-gray-700 to-gray-900 rounded-full flex items-center justify-center text-white font-semibold text-sm flex-shrink-0 cursor-pointer hover:ring-2 hover:ring-gray-900 hover:ring-offset-1 transition-all">W</div><div><div class="flex items-center gap-1.5"><span class="text-sm font-semibold text-gray-900 cursor-pointer hover:underline">Wyatt Wilson</span></div><span class="text-xs text-gray-500">Nov 30, 2025, 06:17 PM</span></div></div><button class="p-1 hover:bg-gray-100 rounded-full transition-colors" type="button" id="radix-_r_3s_" aria-haspopup="menu" aria-expanded="false" data-state="closed"><svg xmlns="http://www.w3.org/2000/svg" width="24" height="24" viewBox="0 0 24 24" fill="none" stroke="currentColor" stroke-width="2" stroke-linecap="round" stroke-linejoin="round" class="lucide lucide-ellipsis-vertical w-4 h-4 text-gray-600" aria-hidden="true"><circle cx="12" cy="12" r="1"></circle><circle cx="12" cy="5" r="1"></circle><circle cx="12" cy="19" r="1"></circle></svg></button></div><p class="text-sm text-gray-800 whitespace-pre-wrap mb-2">That's a good point.</p><div class="flex items-center gap-3"><div class="flex items-center gap-3"><button data-testid="reaction-button-like" class="
                            group inline-flex items-center gap-1.5 px-3 py-1.5 rounded-md font-medium text-sm transition-all duration-200
                            bg-white text-gray-700 hover:bg-gray-50 border border-gray-300
                            cursor-pointer hover:scale-105
                        " type="button" id="radix-_r_3u_" aria-haspopup="menu" aria-expanded="false" data-state="closed"><span class="text-base">👍</span><span class="font-medium text-sm">Like</span></button></div></div></div></div></div></div><div class=""><div class="bg-white rounded-md border border-gray-200 p-3"><div class="flex items-start justify-between mb-2"><div class="flex items-center gap-2"><div class="w-8 h-8 bg-gradient-to-br from-gray-700 to-gray-900 rounded-full flex items-center justify-center text-white font-semibold text-sm flex-shrink-0 cursor-pointer hover:ring-2 hover:ring-gray-900 hover:ring-offset-1 transition-all">O</div><div><div class="flex items-center gap-1.5"><span class="text-sm font-semibold text-gray-900 cursor-pointer hover:underline">Owen Miller</span></div><span class="text-xs text-gray-500">Nov 30, 2025, 06:17 PM</span></div></div><button class="p-1 hover:bg-gray-100 rounded-full transition-colors" type="button" id="radix-_r_46_" aria-haspopup="menu" aria-expanded="false" data-state="closed"><svg xmlns="http://www.w3.org/2000/svg" width="24" height="24" viewBox="0 0 24 24" fill="none" stroke="currentColor" stroke-width="2" stroke-linecap="round" stroke-linejoin="round" class="lucide lucide-ellipsis-vertical w-4 h-4 text-gray-600" aria-hidden="true"><circle cx="12" cy="12" r="1"></circle><circle cx="12" cy="5" r="1"></circle><circle cx="12" cy="19" r="1"></circle></svg></button></div><p class="text-sm text-gray-800 whitespace-pre-wrap mb-2">This is really helpful, thank you!</p><div class="flex items-center gap-3"><div class="flex items-center gap-3"><button data-testid="reaction-button-like" class="
                            group inline-flex items-center gap-1.5 px-3 py-1.5 rounded-md font-medium text-sm transition-all duration-200
                            bg-white text-gray-700 hover:bg-gray-50 border border-gray-300
                            cursor-pointer hover:scale-105
                        " type="button" id="radix-_r_48_" aria-haspopup="menu" aria-expanded="false" data-state="closed"><span class="text-base">👍</span><span class="font-medium text-sm">Like</span></button></div><button data-testid="reply-button" class="flex items-center gap-1 text-sm text-gray-600 hover:text-gray-900 transition-colors"><svg xmlns="http://www.w3.org/2000/svg" width="24" height="24" viewBox="0 0 24 24" fill="none" stroke="currentColor" stroke-width="2" stroke-linecap="round" stroke-linejoin="round" class="lucide lucide-reply w-4 h-4" aria-hidden="true"><path d="M20 18v-2a4 4 0 0 0-4-4H4"></path><path d="m9 17-5-5 5-5"></path></svg>Reply</button></div></div></div><div class=""><div class="bg-white rounded-md border border-gray-200 p-3"><div class="flex items-start justify-between mb-2"><div class="flex items-center gap-2"><div class="w-8 h-8 bg-gradient-to-br from-gray-700 to-gray-900 rounded-full flex items-center justify-center text-white font-semibold text-sm flex-shrink-0 cursor-pointer hover:ring-2 hover:ring-gray-900 hover:ring-offset-1 transition-all">J</div><div><div class="flex items-center gap-1.5"><span class="text-sm font-semibold text-gray-900 cursor-pointer hover:underline">Jackson Taylor</span></div><span class="text-xs text-gray-500">Nov 30, 2025, 06:17 PM</span></div></div><button class="p-1 hover:bg-gray-100 rounded-full transition-colors" type="button" id="radix-_r_4d_" aria-haspopup="menu" aria-expanded="false" data-state="closed"><svg xmlns="http://www.w3.org/2000/svg" width="24" height="24" viewBox="0 0 24 24" fill="none" stroke="currentColor" stroke-width="2" stroke-linecap="round" stroke-linejoin="round" class="lucide lucide-ellipsis-vertical w-4 h-4 text-gray-600" aria-hidden="true"><circle cx="12" cy="12" r="1"></circle><circle cx="12" cy="5" r="1"></circle><circle cx="12" cy="19" r="1"></circle></svg></button></div><p class="text-sm text-gray-800 whitespace-pre-wrap mb-2">I learned something new today!</p><div class="flex items-center gap-3"><div class="flex items-center gap-3"><button data-testid="reaction-button-like" class="
                            group inline-flex items-center gap-1.5 px-3 py-1.5 rounded-md font-medium text-sm transition-all duration-200
                            bg-white text-gray-700 hover:bg-gray-50 border border-gray-300
                            cursor-pointer hover:scale-105
                        " type="button" id="radix-_r_4f_" aria-haspopup="menu" aria-expanded="false" data-state="closed"><span class="text-base">👍</span><span class="font-medium text-sm">Like</span></button></div><button data-testid="reply-button" class="flex items-center gap-1 text-sm text-gray-600 hover:text-gray-900 transition-colors"><svg xmlns="http://www.w3.org/2000/svg" width="24" height="24" viewBox="0 0 24 24" fill="none" stroke="currentColor" stroke-width="2" stroke-linecap="round" stroke-linejoin="round" class="lucide lucide-reply w-4 h-4" aria-hidden="true"><path d="M20 18v-2a4 4 0 0 0-4-4H4"></path><path d="m9 17-5-5 5-5"></path></svg>Reply</button></div></div><div class="mt-2 space-y-2"><div class="ml-10"><div class="bg-white rounded-md border border-gray-200 p-3"><div class="flex items-start justify-between mb-2"><div class="flex items-center gap-2"><div class="w-8 h-8 bg-gradient-to-br from-gray-700 to-gray-900 rounded-full flex items-center justify-center text-white font-semibold text-sm flex-shrink-0 cursor-pointer hover:ring-2 hover:ring-gray-900 hover:ring-offset-1 transition-all">L</div><div><div class="flex items-center gap-1.5"><span class="text-sm font-semibold text-gray-900 cursor-pointer hover:underline">Luke Wilson</span></div><span class="text-xs text-gray-500">Nov 30, 2025, 06:17 PM</span></div></div><button class="p-1 hover:bg-gray-100 rounded-full transition-colors" type="button" id="radix-_r_4h_" aria-haspopup="menu" aria-expanded="false" data-state="closed"><svg xmlns="http://www.w3.org/2000/svg" width="24" height="24" viewBox="0 0 24 24" fill="none" stroke="currentColor" stroke-width="2" stroke-linecap="round" stroke-linejoin="round" class="lucide lucide-ellipsis-vertical w-4 h-4 text-gray-600" aria-hidden="true"><circle cx="12" cy="12" r="1"></circle><circle cx="12" cy="5" r="1"></circle><circle cx="12" cy="19" r="1"></circle></svg></button></div><p class="text-sm text-gray-800 whitespace-pre-wrap mb-2">Great addition to the discussion!</p><div class="flex items-center gap-3"><div class="flex items-center gap-3"><button data-testid="reaction-button-like" class="
                            group inline-flex items-center gap-1.5 px-3 py-1.5 rounded-md font-medium text-sm transition-all duration-200
                            bg-white text-gray-700 hover:bg-gray-50 border border-gray-300
                            cursor-pointer hover:scale-105
                        " type="button" id="radix-_r_4j_" aria-haspopup="menu" aria-expanded="false" data-state="closed"><span class="text-base">👍</span><span class="font-medium text-sm">Like</span></button></div></div></div></div><div class="ml-10"><div class="bg-white rounded-md border border-gray-200 p-3"><div class="flex items-start justify-between mb-2"><div class="flex items-center gap-2"><div class="w-8 h-8 bg-gradient-to-br from-gray-700 to-gray-900 rounded-full flex items-center justify-center text-white font-semibold text-sm flex-shrink-0 cursor-pointer hover:ring-2 hover:ring-gray-900 hover:ring-offset-1 transition-all">R</div><div><div class="flex items-center gap-1.5"><span class="text-sm font-semibold text-gray-900 cursor-pointer hover:underline">Riley Williams</span></div><span class="text-xs text-gray-500">Nov 30, 2025, 06:17 PM</span></div></div><button class="p-1 hover:bg-gray-100 rounded-full transition-colors" type="button" id="radix-_r_4o_" aria-haspopup="menu" aria-expanded="false" data-state="closed"><svg xmlns="http://www.w3.org/2000/svg" width="24" height="24" viewBox="0 0 24 24" fill="none" stroke="currentColor" stroke-width="2" stroke-linecap="round" stroke-linejoin="round" class="lucide lucide-ellipsis-vertical w-4 h-4 text-gray-600" aria-hidden="true"><circle cx="12" cy="12" r="1"></circle><circle cx="12" cy="5" r="1"></circle><circle cx="12" cy="19" r="1"></circle></svg></button></div><p class="text-sm text-gray-800 whitespace-pre-wrap mb-2">Well put!</p><div class="flex items-center gap-3"><div class="flex items-center gap-3"><button data-testid="reaction-button-like" class="
                            group inline-flex items-center gap-1.5 px-3 py-1.5 rounded-md font-medium text-sm transition-all duration-200
                            bg-white text-gray-700 hover:bg-gray-50 border border-gray-300
                            cursor-pointer hover:scale-105
                        " type="button" id="radix-_r_4q_" aria-haspopup="menu" aria-expanded="false" data-state="closed"><span class="text-base">👍</span><span class="font-medium text-sm">Like</span></button></div></div></div></div></div></div><div class=""><div class="bg-white rounded-md border border-gray-200 p-3"><div class="flex items-start justify-between mb-2"><div class="flex items-center gap-2"><div class="w-8 h-8 bg-gradient-to-br from-gray-700 to-gray-900 rounded-full flex items-center justify-center text-white font-semibold text-sm flex-shrink-0 cursor-pointer hover:ring-2 hover:ring-gray-900 hover:ring-offset-1 transition-all">C</div><div><div class="flex items-center gap-1.5"><span class="text-sm font-semibold text-gray-900 cursor-pointer hover:underline">Charlotte Johnson</span></div><span class="text-xs text-gray-500">Nov 30, 2025, 06:17 PM</span></div></div><button class="p-1 hover:bg-gray-100 rounded-full transition-colors" type="button" id="radix-_r_52_" aria-haspopup="menu" aria-expanded="false" data-state="closed"><svg xmlns="http://www.w3.org/2000/svg" width="24" height="24" viewBox="0 0 24 24" fill="none" stroke="currentColor" stroke-width="2" stroke-linecap="round" stroke-linejoin="round" class="lucide lucide-ellipsis-vertical w-4 h-4 text-gray-600" aria-hidden="true"><circle cx="12" cy="12" r="1"></circle><circle cx="12" cy="5" r="1"></circle><circle cx="12" cy="19" r="1"></circle></svg></button></div><p class="text-sm text-gray-800 whitespace-pre-wrap mb-2">Could you elaborate more on this?</p><div class="flex items-center gap-3"><div class="flex items-center gap-3"><button data-testid="reaction-button-like" class="
                            group inline-flex items-center gap-1.5 px-3 py-1.5 rounded-md font-medium text-sm transition-all duration-200
                            bg-white text-gray-700 hover:bg-gray-50 border border-gray-300
                            cursor-pointer hover:scale-105
                        " type="button" id="radix-_r_54_" aria-haspopup="menu" aria-expanded="false" data-state="closed"><span class="text-base">👍</span><span class="font-medium text-sm">Like</span></button></div><button data-testid="reply-button" class="flex items-center gap-1 text-sm text-gray-600 hover:text-gray-900 transition-colors"><svg xmlns="http://www.w3.org/2000/svg" width="24" height="24" viewBox="0 0 24 24" fill="none" stroke="currentColor" stroke-width="2" stroke-linecap="round" stroke-linejoin="round" class="lucide lucide-reply w-4 h-4" aria-hidden="true"><path d="M20 18v-2a4 4 0 0 0-4-4H4"></path><path d="m9 17-5-5 5-5"></path></svg>Reply</button></div></div></div><div class=""><div class="bg-white rounded-md border border-gray-200 p-3"><div class="flex items-start justify-between mb-2"><div class="flex items-center gap-2"><div class="w-8 h-8 bg-gradient-to-br from-gray-700 to-gray-900 rounded-full flex items-center justify-center text-white font-semibold text-sm flex-shrink-0 cursor-pointer hover:ring-2 hover:ring-gray-900 hover:ring-offset-1 transition-all">S</div><div><div class="flex items-center gap-1.5"><span class="text-sm font-semibold text-gray-900 cursor-pointer hover:underline">Samuel Rodriguez</span></div><span class="text-xs text-gray-500">Nov 30, 2025, 06:17 PM</span></div></div><button class="p-1 hover:bg-gray-100 rounded-full transition-colors" type="button" id="radix-_r_59_" aria-haspopup="menu" aria-expanded="false" data-state="closed"><svg xmlns="http://www.w3.org/2000/svg" width="24" height="24" viewBox="0 0 24 24" fill="none" stroke="currentColor" stroke-width="2" stroke-linecap="round" stroke-linejoin="round" class="lucide lucide-ellipsis-vertical w-4 h-4 text-gray-600" aria-hidden="true"><circle cx="12" cy="12" r="1"></circle><circle cx="12" cy="5" r="1"></circle><circle cx="12" cy="19" r="1"></circle></svg></button></div><p class="text-sm text-gray-800 whitespace-pre-wrap mb-2">This resonates with me so much.</p><div class="flex items-center gap-3"><div class="flex items-center gap-3"><button data-testid="reaction-button-like" class="
                            group inline-flex items-center gap-1.5 px-3 py-1.5 rounded-md font-medium text-sm transition-all duration-200
                            bg-white text-gray-700 hover:bg-gray-50 border border-gray-300
                            cursor-pointer hover:scale-105
                        " type="button" id="radix-_r_5b_" aria-haspopup="menu" aria-expanded="false" data-state="closed"><span class="text-base">👍</span><span class="font-medium text-sm">Like</span></button></div><button data-testid="reply-button" class="flex items-center gap-1 text-sm text-gray-600 hover:text-gray-900 transition-colors"><svg xmlns="http://www.w3.org/2000/svg" width="24" height="24" viewBox="0 0 24 24" fill="none" stroke="currentColor" stroke-width="2" stroke-linecap="round" stroke-linejoin="round" class="lucide lucide-reply w-4 h-4" aria-hidden="true"><path d="M20 18v-2a4 4 0 0 0-4-4H4"></path><path d="m9 17-5-5 5-5"></path></svg>Reply</button></div></div></div></div></div></div></div></article><article class="bg-white rounded-xl shadow-sm border border-gray-200 overflow-hidden hover:shadow-md transition-shadow"><div class="p-6"><h2 class="text-xl font-bold text-gray-900 mb-3">User Success Stories</h2><p class="text-gray-600 leading-relaxed mb-6">We love hearing from our users! Today we are sharing some incredible success stories from our community. Your feedback and reactions mean the world to us. Keep them coming!</p><div class="pt-4 border-t border-gray-100"><div class="flex items-center gap-3"><button data-testid="reaction-button-like" class="
                            group inline-flex items-center gap-1.5 px-3 py-1.5 rounded-md font-medium text-sm transition-all duration-200
                            bg-white text-gray-700 hover:bg-gray-50 border border-gray-300
                            cursor-pointer hover:scale-105
                        " type="button" id="radix-_r_5g_" aria-haspopup="menu" aria-expanded="false" data-state="closed"><span class="text-base">👍</span><span class="font-medium text-sm">Like</span></button><div class="flex items-center gap-1.5"><button data-testid="reaction-count-love" class="
                                    inline-flex items-center gap-1 px-2 py-1 rounded-full text-xs font-medium transition-all
                                    bg-gray-100 text-gray-700 hover:bg-gray-200
                                    cursor-pointer hover:scale-105
                                "><span class="text-base">❤️</span><span>3</span></button><button data-testid="reaction-count-sad" class="
                                    inline-flex items-center gap-1 px-2 py-1 rounded-full text-xs font-medium transition-all
                                    bg-gray-100 text-gray-700 hover:bg-gray-200
                                    cursor-pointer hover:scale-105
                                "><span class="text-base">😢</span><span>2</span></button><button data-testid="reaction-count-like" class="
                                    inline-flex items-center gap-1 px-2 py-1 rounded-full text-xs font-medium transition-all
                                    bg-gray-100 text-gray-700 hover:bg-gray-200
                                    cursor-pointer hover:scale-105
                                "><span class="text-base">👍</span><span>1</span></button><button data-testid="reaction-count-wow" class="
                                    inline-flex items-center gap-1 px-2 py-1 rounded-full text-xs font-medium transition-all
                                    bg-gray-100 text-gray-700 hover:bg-gray-200
                                    cursor-pointer hover:scale-105
                                "><span class="text-base">😮</span><span>1</span></button><button data-testid="reaction-count-angry" class="
                                    inline-flex items-center gap-1 px-2 py-1 rounded-full text-xs font-medium transition-all
                                    bg-gray-100 text-gray-700 hover:bg-gray-200
                                    cursor-pointer hover:scale-105
                                "><span class="text-base">😠</span><span>1</span></button><button class="p-1.5 hover:bg-gray-100 rounded-full transition-colors" title="See who reacted"><svg xmlns="http://www.w3.org/2000/svg" width="24" height="24" viewBox="0 0 24 24" fill="none" stroke="currentColor" stroke-width="2" stroke-linecap="round" stroke-linejoin="round" class="lucide lucide-chevron-down w-4 h-4 text-gray-600" aria-hidden="true"><path d="m6 9 6 6 6-6"></path></svg></button></div></div></div><div class="pt-6 border-t border-gray-100 mt-6"><div class="space-y-3"><div class="flex items-center justify-between"><div class="flex items-center gap-2"><svg xmlns="http://www.w3.org/2000/svg" width="24" height="24" viewBox="0 0 24 24" fill="none" stroke="currentColor" stroke-width="2" stroke-linecap="round" stroke-linejoin="round" class="lucide lucide-message-square w-4 h-4 text-gray-600" aria-hidden="true"><path d="M22 17a2 2 0 0 1-2 2H6.828a2 2 0 0 0-1.414.586l-2.202 2.202A.71.71 0 0 1 2 21.286V5a2 2 0 0 1 2-2h16a2 2 0 0 1 2 2z"></path></svg><h3 class="text-base font-semibold text-gray-900">Comments (3)</h3></div><button data-testid="add-comment-button" class="px-3 py-1.5 text-sm font-medium text-white bg-gray-900 rounded-md hover:bg-gray-800 transition-colors">Add Comment</button></div><div class="space-y-2"><div class=""><div class="bg-white rounded-md border border-gray-200 p-3"><div class="flex items-start justify-between mb-2"><div class="flex items-center gap-2"><div class="w-8 h-8 bg-gradient-to-br from-gray-700 to-gray-900 rounded-full flex items-center justify-center text-white font-semibold text-sm flex-shrink-0 cursor-pointer hover:ring-2 hover:ring-gray-900 hover:ring-offset-1 transition-all">L</div><div><div class="flex items-center gap-1.5"><span class="text-sm font-semibold text-gray-900 cursor-pointer hover:underline">Lillian Gonzalez</span></div><span class="text-xs text-gray-500">Nov 30, 2025, 06:17 PM</span></div></div><button class="p-1 hover:bg-gray-100 rounded-full transition-colors" type="button" id="radix-_r_5i_" aria-haspopup="menu" aria-expanded="false" data-state="closed"><svg xmlns="http://www.w3.org/2000/svg" width="24" height="24" viewBox="0 0 24 24" fill="none" stroke="currentColor" stroke-width="2" stroke-linecap="round" stroke-linejoin="round" class="lucide lucide-ellipsis-vertical w-4 h-4 text-gray-600" aria-hidden="true"><circle cx="12" cy="12" r="1"></circle><circle cx="12" cy="5" r="1"></circle><circle cx="12" cy="19" r="1"></circle></svg></button></div><p class="text-sm text-gray-800 whitespace-pre-wrap mb-2">This is really helpful, thank you!</p><div class="flex items-center gap-3"><div class="flex items-center gap-3"><button data-testid="reaction-button-like" class="
                            group inline-flex items-center gap-1.5 px-3 py-1.5 rounded-md font-medium text-sm transition-all duration-200
                            bg-white text-gray-700 hover:bg-gray-50 border border-gray-300
                            cursor-pointer hover:scale-105
                        " type="button" id="radix-_r_5k_" aria-haspopup="menu" aria-expanded="false" data-state="closed"><span class="text-base">👍</span><span class="font-medium text-sm">Like</span></button></div><button data-testid="reply-button" class="flex items-center gap-1 text-sm text-gray-600 hover:text-gray-900 transition-colors"><svg xmlns="http://www.w3.org/2000/svg" width="24" height="24" viewBox="0 0 24 24" fill="none" stroke="currentColor" stroke-width="2" stroke-linecap="round" stroke-linejoin="round" class="lucide lucide-reply w-4 h-4" aria-hidden="true"><path d="M20 18v-2a4 4 0 0 0-4-4H4"></path><path d="m9 17-5-5 5-5"></path></svg>Reply</button></div></div></div><div class=""><div class="bg-white rounded-md border border-gray-200 p-3"><div class="flex items-start justify-between mb-2"><div class="flex items-center gap-2"><div class="w-8 h-8 bg-gradient-to-br from-gray-700 to-gray-900 rounded-full flex items-center justify-center text-white font-semibold text-sm flex-shrink-0 cursor-pointer hover:ring-2 hover:ring-gray-900 hover:ring-offset-1 transition-all">M</div><div><div class="flex items-center gap-1.5"><span class="text-sm font-semibold text-gray-900 cursor-pointer hover:underline">Mason Miller</span></div><span class="text-xs text-gray-500">Nov 30, 2025, 06:17 PM</span></div></div><button class="p-1 hover:bg-gray-100 rounded-full transition-colors" type="button" id="radix-_r_5p_" aria-haspopup="menu" aria-expanded="false" data-state="closed"><svg xmlns="http://www.w3.org/2000/svg" width="24" height="24" viewBox="0 0 24 24" fill="none" stroke="currentColor" stroke-width="2" stroke-linecap="round" stroke-linejoin="round" class="lucide lucide-ellipsis-vertical w-4 h-4 text-gray-600" aria-hidden="true"><circle cx="12" cy="12" r="1"></circle><circle cx="12" cy="5" r="1"></circle><circle cx="12" cy="19" r="1"></circle></svg></button></div><p class="text-sm text-gray-800 whitespace-pre-wrap mb-2">Thanks for sharing this information.</p><div class="flex items-center gap-3"><div class="flex items-center gap-3"><button data-testid="reaction-button-like" class="
                            group inline-flex items-center gap-1.5 px-3 py-1.5 rounded-md font-medium text-sm transition-all duration-200
                            bg-white text-gray-700 hover:bg-gray-50 border border-gray-300
                            cursor-pointer hover:scale-105
                        " type="button" id="radix-_r_5r_" aria-haspopup="menu" aria-expanded="false" data-state="closed"><span class="text-base">👍</span><span class="font-medium text-sm">Like</span></button></div><button data-testid="reply-button" class="flex items-center gap-1 text-sm text-gray-600 hover:text-gray-900 transition-colors"><svg xmlns="http://www.w3.org/2000/svg" width="24" height="24" viewBox="0 0 24 24" fill="none" stroke="currentColor" stroke-width="2" stroke-linecap="round" stroke-linejoin="round" class="lucide lucide-reply w-4 h-4" aria-hidden="true"><path d="M20 18v-2a4 4 0 0 0-4-4H4"></path><path d="m9 17-5-5 5-5"></path></svg>Reply</button></div></div></div><div class=""><div class="bg-white rounded-md border border-gray-200 p-3"><div class="flex items-start justify-between mb-2"><div class="flex items-center gap-2"><div class="w-8 h-8 bg-gradient-to-br from-gray-700 to-gray-900 rounded-full flex items-center justify-center text-white font-semibold text-sm flex-shrink-0 cursor-pointer hover:ring-2 hover:ring-gray-900 hover:ring-offset-1 transition-all">S</div><div><div class="flex items-center gap-1.5"><span class="text-sm font-semibold text-gray-900 cursor-pointer hover:underline">Sebastian Thomas</span></div><span class="text-xs text-gray-500">Nov 30, 2025, 06:17 PM</span></div></div><button class="p-1 hover:bg-gray-100 rounded-full transition-colors" type="button" id="radix-_r_60_" aria-haspopup="menu" aria-expanded="false" data-state="closed"><svg xmlns="http://www.w3.org/2000/svg" width="24" height="24" viewBox="0 0 24 24" fill="none" stroke="currentColor" stroke-width="2" stroke-linecap="round" stroke-linejoin="round" class="lucide lucide-ellipsis-vertical w-4 h-4 text-gray-600" aria-hidden="true"><circle cx="12" cy="12" r="1"></circle><circle cx="12" cy="5" r="1"></circle><circle cx="12" cy="19" r="1"></circle></svg></button></div><p class="text-sm text-gray-800 whitespace-pre-wrap mb-2">This is amazing! Great work!</p><div class="flex items-center gap-3"><div class="flex items-center gap-3"><button data-testid="reaction-button-like" class="
                            group inline-flex items-center gap-1.5 px-3 py-1.5 rounded-md font-medium text-sm transition-all duration-200
                            bg-white text-gray-700 hover:bg-gray-50 border border-gray-300
                            cursor-pointer hover:scale-105
                        " type="button" id="radix-_r_62_" aria-haspopup="menu" aria-expanded="false" data-state="closed"><span class="text-base">👍</span><span class="font-medium text-sm">Like</span></button></div><button data-testid="reply-button" class="flex items-center gap-1 text-sm text-gray-600 hover:text-gray-900 transition-colors"><svg xmlns="http://www.w3.org/2000/svg" width="24" height="24" viewBox="0 0 24 24" fill="none" stroke="currentColor" stroke-width="2" stroke-linecap="round" stroke-linejoin="round" class="lucide lucide-reply w-4 h-4" aria-hidden="true"><path d="M20 18v-2a4 4 0 0 0-4-4H4"></path><path d="m9 17-5-5 5-5"></path></svg>Reply</button></div></div><div class="mt-2 space-y-2"><div class="ml-10"><div class="bg-white rounded-md border border-gray-200 p-3"><div class="flex items-start justify-between mb-2"><div class="flex items-center gap-2"><div class="w-8 h-8 bg-gradient-to-br from-gray-700 to-gray-900 rounded-full flex items-center justify-center text-white font-semibold text-sm flex-shrink-0 cursor-pointer hover:ring-2 hover:ring-gray-900 hover:ring-offset-1 transition-all">L</div><div><div class="flex items-center gap-1.5"><span class="text-sm font-semibold text-gray-900 cursor-pointer hover:underline">Liam Brown</span></div><span class="text-xs text-gray-500">Nov 30, 2025, 06:17 PM</span></div></div><button class="p-1 hover:bg-gray-100 rounded-full transition-colors" type="button" id="radix-_r_64_" aria-haspopup="menu" aria-expanded="false" data-state="closed"><svg xmlns="http://www.w3.org/2000/svg" width="24" height="24" viewBox="0 0 24 24" fill="none" stroke="currentColor" stroke-width="2" stroke-linecap="round" stroke-linejoin="round" class="lucide lucide-ellipsis-vertical w-4 h-4 text-gray-600" aria-hidden="true"><circle cx="12" cy="12" r="1"></circle><circle cx="12" cy="5" r="1"></circle><circle cx="12" cy="19" r="1"></circle></svg></button></div><p class="text-sm text-gray-800 whitespace-pre-wrap mb-2">I agree with you!</p><div class="flex items-center gap-3"><div class="flex items-center gap-3"><button data-testid="reaction-button-like" class="
                            group inline-flex items-center gap-1.5 px-3 py-1.5 rounded-md font-medium text-sm transition-all duration-200
                            bg-white text-gray-700 hover:bg-gray-50 border border-gray-300
                            cursor-pointer hover:scale-105
                        " type="button" id="radix-_r_66_" aria-haspopup="menu" aria-expanded="false" data-state="closed"><span class="text-base">👍</span><span class="font-medium text-sm">Like</span></button></div></div></div></div><div class="ml-10"><div class="bg-white rounded-md border border-gray-200 p-3"><div class="flex items-start justify-between mb-2"><div class="flex items-center gap-2"><div class="w-8 h-8 bg-gradient-to-br from-gray-700 to-gray-900 rounded-full flex items-center justify-center text-white font-semibold text-sm flex-shrink-0 cursor-pointer hover:ring-2 hover:ring-gray-900 hover:ring-offset-1 transition-all">S</div><div><div class="flex items-center gap-1.5"><span class="text-sm font-semibold text-gray-900 cursor-pointer hover:underline">Sebastian Thomas</span></div><span class="text-xs text-gray-500">Nov 30, 2025, 06:17 PM</span></div></div><button class="p-1 hover:bg-gray-100 rounded-full transition-colors" type="button" id="radix-_r_6b_" aria-haspopup="menu" aria-expanded="false" data-state="closed"><svg xmlns="http://www.w3.org/2000/svg" width="24" height="24" viewBox="0 0 24 24" fill="none" stroke="currentColor" stroke-width="2" stroke-linecap="round" stroke-linejoin="round" class="lucide lucide-ellipsis-vertical w-4 h-4 text-gray-600" aria-hidden="true"><circle cx="12" cy="12" r="1"></circle><circle cx="12" cy="5" r="1"></circle><circle cx="12" cy="19" r="1"></circle></svg></button></div><p class="text-sm text-gray-800 whitespace-pre-wrap mb-2">Thanks for your comment!</p><div class="flex items-center gap-3"><div class="flex items-center gap-3"><button data-testid="reaction-button-like" class="
                            group inline-flex items-center gap-1.5 px-3 py-1.5 rounded-md font-medium text-sm transition-all duration-200
                            bg-white text-gray-700 hover:bg-gray-50 border border-gray-300
                            cursor-pointer hover:scale-105
                        " type="button" id="radix-_r_6d_" aria-haspopup="menu" aria-expanded="false" data-state="closed"><span class="text-base">👍</span><span class="font-medium text-sm">Like</span></button></div></div></div></div></div></div></div></div></div></div></article><article class="bg-white rounded-xl shadow-sm border border-gray-200 overflow-hidden hover:shadow-md transition-shadow"><div class="p-6"><h2 class="text-xl font-bold text-gray-900 mb-3">Tips and Tricks for Power Users</h2><p class="text-gray-600 leading-relaxed mb-6">Did you know you can quickly react by hovering over the button? Here are some tips and tricks to get the most out of our platform. Become a power user today!</p><div class="pt-4 border-t border-gray-100"><div class="flex items-center gap-3"><button data-testid="reaction-button-like" class="
                            group inline-flex items-center gap-1.5 px-3 py-1.5 rounded-md font-medium text-sm transition-all duration-200
                            bg-white text-gray-700 hover:bg-gray-50 border border-gray-300
                            cursor-pointer hover:scale-105
                        " type="button" id="radix-_r_6l_" aria-haspopup="menu" aria-expanded="false" data-state="closed"><span class="text-base">👍</span><span class="font-medium text-sm">Like</span></button><div class="flex items-center gap-1.5"><button data-testid="reaction-count-love" class="
                                    inline-flex items-center gap-1 px-2 py-1 rounded-full text-xs font-medium transition-all
                                    bg-gray-100 text-gray-700 hover:bg-gray-200
                                    cursor-pointer hover:scale-105
                                "><span class="text-base">❤️</span><span>2</span></button><button data-testid="reaction-count-like" class="
                                    inline-flex items-center gap-1 px-2 py-1 rounded-full text-xs font-medium transition-all
                                    bg-gray-100 text-gray-700 hover:bg-gray-200
                                    cursor-pointer hover:scale-105
                                "><span class="text-base">👍</span><span>1</span></button><button data-testid="reaction-count-wow" class="
                                    inline-flex items-center gap-1 px-2 py-1 rounded-full text-xs font-medium transition-all
                                    bg-gray-100 text-gray-700 hover:bg-gray-200
                                    cursor-pointer hover:scale-105
                                "><span class="text-base">😮</span><span>1</span></button><button class="p-1.5 hover:bg-gray-100 rounded-full transition-colors" title="See who reacted"><svg xmlns="http://www.w3.org/2000/svg" width="24" height="24" viewBox="0 0 24 24" fill="none" stroke="currentColor" stroke-width="2" stroke-linecap="round" stroke-linejoin="round" class="lucide lucide-chevron-down w-4 h-4 text-gray-600" aria-hidden="true"><path d="m6 9 6 6 6-6"></path></svg></button></div></div></div><div class="pt-6 border-t border-gray-100 mt-6"><div class="space-y-3"><div class="flex items-center justify-between"><div class="flex items-center gap-2"><svg xmlns="http://www.w3.org/2000/svg" width="24" height="24" viewBox="0 0 24 24" fill="none" stroke="currentColor" stroke-width="2" stroke-linecap="round" stroke-linejoin="round" class="lucide lucide-message-square w-4 h-4 text-gray-600" aria-hidden="true"><path d="M22 17a2 2 0 0 1-2 2H6.828a2 2 0 0 0-1.414.586l-2.202 2.202A.71.71 0 0 1 2 21.286V5a2 2 0 0 1 2-2h16a2 2 0 0 1 2 2z"></path></svg><h3 class="text-base font-semibold text-gray-900">Comments (4)</h3></div><button data-testid="add-comment-button" class="px-3 py-1.5 text-sm font-medium text-white bg-gray-900 rounded-md hover:bg-gray-800 transition-colors">Add Comment</button></div><div class="space-y-2"><div class=""><div class="bg-white rounded-md border border-gray-200 p-3"><div class="flex items-start justify-between mb-2"><div class="flex items-center gap-2"><div class="w-8 h-8 bg-gradient-to-br from-gray-700 to-gray-900 rounded-full flex items-center justify-center text-white font-semibold text-sm flex-shrink-0 cursor-pointer hover:ring-2 hover:ring-gray-900 hover:ring-offset-1 transition-all">V</div><div><div class="flex items-center gap-1.5"><span class="text-sm font-semibold text-gray-900 cursor-pointer hover:underline">Victoria Thomas</span></div><span class="text-xs text-gray-500">Nov 30, 2025, 06:17 PM</span></div></div><button class="p-1 hover:bg-gray-100 rounded-full transition-colors" type="button" id="radix-_r_6n_" aria-haspopup="menu" aria-expanded="false" data-state="closed"><svg xmlns="http://www.w3.org/2000/svg" width="24" height="24" viewBox="0 0 24 24" fill="none" stroke="currentColor" stroke-width="2" stroke-linecap="round" stroke-linejoin="round" class="lucide lucide-ellipsis-vertical w-4 h-4 text-gray-600" aria-hidden="true"><circle cx="12" cy="12" r="1"></circle><circle cx="12" cy="5" r="1"></circle><circle cx="12" cy="19" r="1"></circle></svg></button></div><p class="text-sm text-gray-800 whitespace-pre-wrap mb-2">Fantastic post! Keep it up!</p><div class="flex items-center gap-3"><div class="flex items-center gap-3"><button data-testid="reaction-button-like" class="
                            group inline-flex items-center gap-1.5 px-3 py-1.5 rounded-md font-medium text-sm transition-all duration-200
                            bg-white text-gray-700 hover:bg-gray-50 border border-gray-300
                            cursor-pointer hover:scale-105
                        " type="button" id="radix-_r_6p_" aria-haspopup="menu" aria-expanded="false" data-state="closed"><span class="text-base">👍</span><span class="font-medium text-sm">Like</span></button></div><button data-testid="reply-button" class="flex items-center gap-1 text-sm text-gray-600 hover:text-gray-900 transition-colors"><svg xmlns="http://www.w3.org/2000/svg" width="24" height="24" viewBox="0 0 24 24" fill="none" stroke="currentColor" stroke-width="2" stroke-linecap="round" stroke-linejoin="round" class="lucide lucide-reply w-4 h-4" aria-hidden="true"><path d="M20 18v-2a4 4 0 0 0-4-4H4"></path><path d="m9 17-5-5 5-5"></path></svg>Reply</button></div></div><div class="mt-2 space-y-2"><div class="ml-10"><div class="bg-white rounded-md border border-gray-200 p-3"><div class="flex items-start justify-between mb-2"><div class="flex items-center gap-2"><div class="w-8 h-8 bg-gradient-to-br from-gray-700 to-gray-900 rounded-full flex items-center justify-center text-white font-semibold text-sm flex-shrink-0 cursor-pointer hover:ring-2 hover:ring-gray-900 hover:ring-offset-1 transition-all">M</div><div><div class="flex items-center gap-1.5"><span class="text-sm font-semibold text-gray-900 cursor-pointer hover:underline">Mason Jones</span></div><span class="text-xs text-gray-500">Nov 30, 2025, 06:17 PM</span></div></div><button class="p-1 hover:bg-gray-100 rounded-full transition-colors" type="button" id="radix-_r_6r_" aria-haspopup="menu" aria-expanded="false" data-state="closed"><svg xmlns="http://www.w3.org/2000/svg" width="24" height="24" viewBox="0 0 24 24" fill="none" stroke="currentColor" stroke-width="2" stroke-linecap="round" stroke-linejoin="round" class="lucide lucide-ellipsis-vertical w-4 h-4 text-gray-600" aria-hidden="true"><circle cx="12" cy="12" r="1"></circle><circle cx="12" cy="5" r="1"></circle><circle cx="12" cy="19" r="1"></circle></svg></button></div><p class="text-sm text-gray-800 whitespace-pre-wrap mb-2">Interesting perspective!</p><div class="flex items-center gap-3"><div class="flex items-center gap-3"><button data-testid="reaction-button-like" class="
                            group inline-flex items-center gap-1.5 px-3 py-1.5 rounded-md font-medium text-sm transition-all duration-200
                            bg-white text-gray-700 hover:bg-gray-50 border border-gray-300
                            cursor-pointer hover:scale-105
                        " type="button" id="radix-_r_6t_" aria-haspopup="menu" aria-expanded="false" data-state="closed"><span class="text-base">👍</span><span class="font-medium text-sm">Like</span></button></div></div></div></div></div></div><div class=""><div class="bg-white rounded-md border border-gray-200 p-3"><div class="flex items-start justify-between mb-2"><div class="flex items-center gap-2"><div class="w-8 h-8 bg-gradient-to-br from-gray-700 to-gray-900 rounded-full flex items-center justify-center text-white font-semibold text-sm flex-shrink-0 cursor-pointer hover:ring-2 hover:ring-gray-900 hover:ring-offset-1 transition-all">B</div><div><div class="flex items-center gap-1.5"><span class="text-sm font-semibold text-gray-900 cursor-pointer hover:underline">Benjamin Moore</span></div><span class="text-xs text-gray-500">Nov 30, 2025, 06:17 PM</span></div></div><button class="p-1 hover:bg-gray-100 rounded-full transition-colors" type="button" id="radix-_r_75_" aria-haspopup="menu" aria-expanded="false" data-state="closed"><svg xmlns="http://www.w3.org/2000/svg" width="24" height="24" viewBox="0 0 24 24" fill="none" stroke="currentColor" stroke-width="2" stroke-linecap="round" stroke-linejoin="round" class="lucide lucide-ellipsis-vertical w-4 h-4 text-gray-600" aria-hidden="true"><circle cx="12" cy="12" r="1"></circle><circle cx="12" cy="5" r="1"></circle><circle cx="12" cy="19" r="1"></circle></svg></button></div><p class="text-sm text-gray-800 whitespace-pre-wrap mb-2">This resonates with me so much.</p><div class="flex items-center gap-3"><div class="flex items-center gap-3"><button data-testid="reaction-button-like" class="
                            group inline-flex items-center gap-1.5 px-3 py-1.5 rounded-md font-medium text-sm transition-all duration-200
                            bg-white text-gray-700 hover:bg-gray-50 border border-gray-300
                            cursor-pointer hover:scale-105
                        " type="button" id="radix-_r_77_" aria-haspopup="menu" aria-expanded="false" data-state="closed"><span class="text-base">👍</span><span class="font-medium text-sm">Like</span></button></div><button data-testid="reply-button" class="flex items-center gap-1 text-sm text-gray-600 hover:text-gray-900 transition-colors"><svg xmlns="http://www.w3.org/2000/svg" width="24" height="24" viewBox="0 0 24 24" fill="none" stroke="currentColor" stroke-width="2" stroke-linecap="round" stroke-linejoin="round" class="lucide lucide-reply w-4 h-4" aria-hidden="true"><path d="M20 18v-2a4 4 0 0 0-4-4H4"></path><path d="m9 17-5-5 5-5"></path></svg>Reply</button></div></div><div class="mt-2 space-y-2"><div class="ml-10"><div class="bg-white rounded-md border border-gray-200 p-3"><div class="flex items-start justify-between mb-2"><div class="flex items-center gap-2"><div class="w-8 h-8 bg-gradient-to-br from-gray-700 to-gray-900 rounded-full flex items-center justify-center text-white font-semibold text-sm flex-shrink-0 cursor-pointer hover:ring-2 hover:ring-gray-900 hover:ring-offset-1 transition-all">L</div><div><div class="flex items-center gap-1.5"><span class="text-sm font-semibold text-gray-900 cursor-pointer hover:underline">Liam Brown</span></div><span class="text-xs text-gray-500">Nov 30, 2025, 06:17 PM</span></div></div><button class="p-1 hover:bg-gray-100 rounded-full transition-colors" type="button" id="radix-_r_79_" aria-haspopup="menu" aria-expanded="false" data-state="closed"><svg xmlns="http://www.w3.org/2000/svg" width="24" height="24" viewBox="0 0 24 24" fill="none" stroke="currentColor" stroke-width="2" stroke-linecap="round" stroke-linejoin="round" class="lucide lucide-ellipsis-vertical w-4 h-4 text-gray-600" aria-hidden="true"><circle cx="12" cy="12" r="1"></circle><circle cx="12" cy="5" r="1"></circle><circle cx="12" cy="19" r="1"></circle></svg></button></div><p class="text-sm text-gray-800 whitespace-pre-wrap mb-2">I agree with you!</p><div class="flex items-center gap-3"><div class="flex items-center gap-3"><button data-testid="reaction-button-like" class="
                            group inline-flex items-center gap-1.5 px-3 py-1.5 rounded-md font-medium text-sm transition-all duration-200
                            bg-white text-gray-700 hover:bg-gray-50 border border-gray-300
                            cursor-pointer hover:scale-105
                        " type="button" id="radix-_r_7b_" aria-haspopup="menu" aria-expanded="false" data-state="closed"><span class="text-base">👍</span><span class="font-medium text-sm">Like</span></button></div></div></div></div><div class="ml-10"><div class="bg-white rounded-md border border-gray-200 p-3"><div class="flex items-start justify-between mb-2"><div class="flex items-center gap-2"><div class="w-8 h-8 bg-gradient-to-br from-gray-700 to-gray-900 rounded-full flex items-center justify-center text-white font-semibold text-sm flex-shrink-0 cursor-pointer hover:ring-2 hover:ring-gray-900 hover:ring-offset-1 transition-all">O</div><div><div class="flex items-center gap-1.5"><span class="text-sm font-semibold text-gray-900 cursor-pointer hover:underline">Owen Anderson</span></div><span class="text-xs text-gray-500">Nov 30, 2025, 06:17 PM</span></div></div><button class="p-1 hover:bg-gray-100 rounded-full transition-colors" type="button" id="radix-_r_7g_" aria-haspopup="menu" aria-expanded="false" data-state="closed"><svg xmlns="http://www.w3.org/2000/svg" width="24" height="24" viewBox="0 0 24 24" fill="none" stroke="currentColor" stroke-width="2" stroke-linecap="round" stroke-linejoin="round" class="lucide lucide-ellipsis-vertical w-4 h-4 text-gray-600" aria-hidden="true"><circle cx="12" cy="12" r="1"></circle><circle cx="12" cy="5" r="1"></circle><circle cx="12" cy="19" r="1"></circle></svg></button></div><p class="text-sm text-gray-800 whitespace-pre-wrap mb-2">Thanks for your comment!</p><div class="flex items-center gap-3"><div class="flex items-center gap-3"><button data-testid="reaction-button-like" class="
                            group inline-flex items-center gap-1.5 px-3 py-1.5 rounded-md font-medium text-sm transition-all duration-200
                            bg-white text-gray-700 hover:bg-gray-50 border border-gray-300
                            cursor-pointer hover:scale-105
                        " type="button" id="radix-_r_7i_" aria-haspopup="menu" aria-expanded="false" data-state="closed"><span class="text-base">👍</span><span class="font-medium text-sm">Like</span></button></div></div></div></div></div></div><div class=""><div class="bg-white rounded-md border border-gray-200 p-3"><div class="flex items-start justify-between mb-2"><div class="flex items-center gap-2"><div class="w-8 h-8 bg-gradient-to-br from-gray-700 to-gray-900 rounded-full flex items-center justify-center text-white font-semibold text-sm flex-shrink-0 cursor-pointer hover:ring-2 hover:ring-gray-900 hover:ring-offset-1 transition-all">E</div><div><div class="flex items-center gap-1.5"><span class="text-sm font-semibold text-gray-900 cursor-pointer hover:underline">Ethan Clark</span></div><span class="text-xs text-gray-500">Nov 30, 2025, 06:17 PM</span></div></div><button class="p-1 hover:bg-gray-100 rounded-full transition-colors" type="button" id="radix-_r_7q_" aria-haspopup="menu" aria-expanded="false" data-state="closed"><svg xmlns="http://www.w3.org/2000/svg" width="24" height="24" viewBox="0 0 24 24" fill="none" stroke="currentColor" stroke-width="2" stroke-linecap="round" stroke-linejoin="round" class="lucide lucide-ellipsis-vertical w-4 h-4 text-gray-600" aria-hidden="true"><circle cx="12" cy="12" r="1"></circle><circle cx="12" cy="5" r="1"></circle><circle cx="12" cy="19" r="1"></circle></svg></button></div><p class="text-sm text-gray-800 whitespace-pre-wrap mb-2">Well said! Couldn't agree more.</p><div class="flex items-center gap-3"><div class="flex items-center gap-3"><button data-testid="reaction-button-like" class="
                            group inline-flex items-center gap-1.5 px-3 py-1.5 rounded-md font-medium text-sm transition-all duration-200
                            bg-white text-gray-700 hover:bg-gray-50 border border-gray-300
                            cursor-pointer hover:scale-105
                        " type="button" id="radix-_r_7s_" aria-haspopup="menu" aria-expanded="false" data-state="closed"><span class="text-base">👍</span><span class="font-medium text-sm">Like</span></button></div><button data-testid="reply-button" class="flex items-center gap-1 text-sm text-gray-600 hover:text-gray-900 transition-colors"><svg xmlns="http://www.w3.org/2000/svg" width="24" height="24" viewBox="0 0 24 24" fill="none" stroke="currentColor" stroke-width="2" stroke-linecap="round" stroke-linejoin="round" class="lucide lucide-reply w-4 h-4" aria-hidden="true"><path d="M20 18v-2a4 4 0 0 0-4-4H4"></path><path d="m9 17-5-5 5-5"></path></svg>Reply</button></div></div></div><div class=""><div class="bg-white rounded-md border border-gray-200 p-3"><div class="flex items-start justify-between mb-2"><div class="flex items-center gap-2"><div class="w-8 h-8 bg-gradient-to-br from-gray-700 to-gray-900 rounded-full flex items-center justify-center text-white font-semibold text-sm flex-shrink-0 cursor-pointer hover:ring-2 hover:ring-gray-900 hover:ring-offset-1 transition-all">L</div><div><div class="flex items-center gap-1.5"><span class="text-sm font-semibold text-gray-900 cursor-pointer hover:underline">Luke Wilson</span></div><span class="text-xs text-gray-500">Nov 30, 2025, 06:17 PM</span></div></div><button class="p-1 hover:bg-gray-100 rounded-full transition-colors" type="button" id="radix-_r_81_" aria-haspopup="menu" aria-expanded="false" data-state="closed"><svg xmlns="http://www.w3.org/2000/svg" width="24" height="24" viewBox="0 0 24 24" fill="none" stroke="currentColor" stroke-width="2" stroke-linecap="round" stroke-linejoin="round" class="lucide lucide-ellipsis-vertical w-4 h-4 text-gray-600" aria-hidden="true"><circle cx="12" cy="12" r="1"></circle><circle cx="12" cy="5" r="1"></circle><circle cx="12" cy="19" r="1"></circle></svg></button></div><p class="text-sm text-gray-800 whitespace-pre-wrap mb-2">Fantastic post! Keep it up!</p><div class="flex items-center gap-3"><div class="flex items-center gap-3"><button data-testid="reaction-button-like" class="
                            group inline-flex items-center gap-1.5 px-3 py-1.5 rounded-md font-medium text-sm transition-all duration-200
                            bg-white text-gray-700 hover:bg-gray-50 border border-gray-300
                            cursor-pointer hover:scale-105
                        " type="button" id="radix-_r_83_" aria-haspopup="menu" aria-expanded="false" data-state="closed"><span class="text-base">👍</span><span class="font-medium text-sm">Like</span></button></div><button data-testid="reply-button" class="flex items-center gap-1 text-sm text-gray-600 hover:text-gray-900 transition-colors"><svg xmlns="http://www.w3.org/2000/svg" width="24" height="24" viewBox="0 0 24 24" fill="none" stroke="currentColor" stroke-width="2" stroke-linecap="round" stroke-linejoin="round" class="lucide lucide-reply w-4 h-4" aria-hidden="true"><path d="M20 18v-2a4 4 0 0 0-4-4H4"></path><path d="m9 17-5-5 5-5"></path></svg>Reply</button></div></div></div></div></div></div></div></article><article class="bg-white rounded-xl shadow-sm border border-gray-200 overflow-hidden hover:shadow-md transition-shadow"><div class="p-6"><h2 class="text-xl font-bold text-gray-900 mb-3">Upcoming Events and Webinars</h2><p class="text-gray-600 leading-relaxed mb-6">Join us for our upcoming webinar series where we will dive deep into advanced features and best practices. React to this post if you are interested in attending!</p><div class="pt-4 border-t border-gray-100"><div class="flex items-center gap-3"><button data-testid="reaction-button-like" class="
                            group inline-flex items-center gap-1.5 px-3 py-1.5 rounded-md font-medium text-sm transition-all duration-200
                            bg-white text-gray-700 hover:bg-gray-50 border border-gray-300
                            cursor-pointer hover:scale-105
                        " type="button" id="radix-_r_88_" aria-haspopup="menu" aria-expanded="false" data-state="closed"><span class="text-base">👍</span><span class="font-medium text-sm">Like</span></button><div class="flex items-center gap-1.5"><button data-testid="reaction-count-like" class="
                                    inline-flex items-center gap-1 px-2 py-1 rounded-full text-xs font-medium transition-all
                                    bg-gray-100 text-gray-700 hover:bg-gray-200
                                    cursor-pointer hover:scale-105
                                "><span class="text-base">👍</span><span>1</span></button><button data-testid="reaction-count-haha" class="
                                    inline-flex items-center gap-1 px-2 py-1 rounded-full text-xs font-medium transition-all
                                    bg-gray-100 text-gray-700 hover:bg-gray-200
                                    cursor-pointer hover:scale-105
                                "><span class="text-base">😂</span><span>1</span></button><button data-testid="reaction-count-angry" class="
                                    inline-flex items-center gap-1 px-2 py-1 rounded-full text-xs font-medium transition-all
                                    bg-gray-100 text-gray-700 hover:bg-gray-200
                                    cursor-pointer hover:scale-105
                                "><span class="text-base">😠</span><span>1</span></button><button class="p-1.5 hover:bg-gray-100 rounded-full transition-colors" title="See who reacted"><svg xmlns="http://www.w3.org/2000/svg" width="24" height="24" viewBox="0 0 24 24" fill="none" stroke="currentColor" stroke-width="2" stroke-linecap="round" stroke-linejoin="round" class="lucide lucide-chevron-down w-4 h-4 text-gray-600" aria-hidden="true"><path d="m6 9 6 6 6-6"></path></svg></button></div></div></div><div class="pt-6 border-t border-gray-100 mt-6"><div class="space-y-3"><div class="flex items-center justify-between"><div class="flex items-center gap-2"><svg xmlns="http://www.w3.org/2000/svg" width="24" height="24" viewBox="0 0 24 24" fill="none" stroke="currentColor" stroke-width="2" stroke-linecap="round" stroke-linejoin="round" class="lucide lucide-message-square w-4 h-4 text-gray-600" aria-hidden="true"><path d="M22 17a2 2 0 0 1-2 2H6.828a2 2 0 0 0-1.414.586l-2.202 2.202A.71.71 0 0 1 2 21.286V5a2 2 0 0 1 2-2h16a2 2 0 0 1 2 2z"></path></svg><h3 class="text-base font-semibold text-gray-900">Comments (5)</h3></div><button data-testid="add-comment-button" class="px-3 py-1.5 text-sm font-medium text-white bg-gray-900 rounded-md hover:bg-gray-800 transition-colors">Add Comment</button></div><div class="space-y-2"><div class=""><div class="bg-white rounded-md border border-gray-200 p-3"><div class="flex items-start justify-between mb-2"><div class="flex items-center gap-2"><div class="w-8 h-8 bg-gradient-to-br from-gray-700 to-gray-900 rounded-full flex items-center justify-center text-white font-semibold text-sm flex-shrink-0 cursor-pointer hover:ring-2 hover:ring-gray-900 hover:ring-offset-1 transition-all">N</div><div><div class="flex items-center gap-1.5"><span class="text-sm font-semibold text-gray-900 cursor-pointer hover:underline">Noah Moore</span></div><span class="text-xs text-gray-500">Nov 30, 2025, 06:17 PM</span></div></div><button class="p-1 hover:bg-gray-100 rounded-full transition-colors" type="button" id="radix-_r_8a_" aria-haspopup="menu" aria-expanded="false" data-state="closed"><svg xmlns="http://www.w3.org/2000/svg" width="24" height="24" viewBox="0 0 24 24" fill="none" stroke="currentColor" stroke-width="2" stroke-linecap="round" stroke-linejoin="round" class="lucide lucide-ellipsis-vertical w-4 h-4 text-gray-600" aria-hidden="true"><circle cx="12" cy="12" r="1"></circle><circle cx="12" cy="5" r="1"></circle><circle cx="12" cy="19" r="1"></circle></svg></button></div><p class="text-sm text-gray-800 whitespace-pre-wrap mb-2">This deserves more attention.</p><div class="flex items-center gap-3"><div class="flex items-center gap-3"><button data-testid="reaction-button-like" class="
                            group inline-flex items-center gap-1.5 px-3 py-1.5 rounded-md font-medium text-sm transition-all duration-200
                            bg-white text-gray-700 hover:bg-gray-50 border border-gray-300
                            cursor-pointer hover:scale-105
                        " type="button" id="radix-_r_8c_" aria-haspopup="menu" aria-expanded="false" data-state="closed"><span class="text-base">👍</span><span class="font-medium text-sm">Like</span></button></div><button data-testid="reply-button" class="flex items-center gap-1 text-sm text-gray-600 hover:text-gray-900 transition-colors"><svg xmlns="http://www.w3.org/2000/svg" width="24" height="24" viewBox="0 0 24 24" fill="none" stroke="currentColor" stroke-width="2" stroke-linecap="round" stroke-linejoin="round" class="lucide lucide-reply w-4 h-4" aria-hidden="true"><path d="M20 18v-2a4 4 0 0 0-4-4H4"></path><path d="m9 17-5-5 5-5"></path></svg>Reply</button></div></div></div><div class=""><div class="bg-white rounded-md border border-gray-200 p-3"><div class="flex items-start justify-between mb-2"><div class="flex items-center gap-2"><div class="w-8 h-8 bg-gradient-to-br from-gray-700 to-gray-900 rounded-full flex items-center justify-center text-white font-semibold text-sm flex-shrink-0 cursor-pointer hover:ring-2 hover:ring-gray-900 hover:ring-offset-1 transition-all">E</div><div><div class="flex items-center gap-1.5"><span class="text-sm font-semibold text-gray-900 cursor-pointer hover:underline">Emily Thomas</span></div><span class="text-xs text-gray-500">Nov 30, 2025, 06:17 PM</span></div></div><button class="p-1 hover:bg-gray-100 rounded-full transition-colors" type="button" id="radix-_r_8h_" aria-haspopup="menu" aria-expanded="false" data-state="closed"><svg xmlns="http://www.w3.org/2000/svg" width="24" height="24" viewBox="0 0 24 24" fill="none" stroke="currentColor" stroke-width="2" stroke-linecap="round" stroke-linejoin="round" class="lucide lucide-ellipsis-vertical w-4 h-4 text-gray-600" aria-hidden="true"><circle cx="12" cy="12" r="1"></circle><circle cx="12" cy="5" r="1"></circle><circle cx="12" cy="19" r="1"></circle></svg></button></div><p class="text-sm text-gray-800 whitespace-pre-wrap mb-2">Well said! Couldn't agree more.</p><div class="flex items-center gap-3"><div class="flex items-center gap-3"><button data-testid="reaction-button-like" class="
                            group inline-flex items-center gap-1.5 px-3 py-1.5 rounded-md font-medium text-sm transition-all duration-200
                            bg-white text-gray-700 hover:bg-gray-50 border border-gray-300
                            cursor-pointer hover:scale-105
                        " type="button" id="radix-_r_8j_" aria-haspopup="menu" aria-expanded="false" data-state="closed"><span class="text-base">👍</span><span class="font-medium text-sm">Like</span></button></div><button data-testid="reply-button" class="flex items-center gap-1 text-sm text-gray-600 hover:text-gray-900 transition-colors"><svg xmlns="http://www.w3.org/2000/svg" width="24" height="24" viewBox="0 0 24 24" fill="none" stroke="currentColor" stroke-width="2" stroke-linecap="round" stroke-linejoin="round" class="lucide lucide-reply w-4 h-4" aria-hidden="true"><path d="M20 18v-2a4 4 0 0 0-4-4H4"></path><path d="m9 17-5-5 5-5"></path></svg>Reply</button></div></div></div><div class=""><div class="bg-white rounded-md border border-gray-200 p-3"><div class="flex items-start justify-between mb-2"><div class="flex items-center gap-2"><div class="w-8 h-8 bg-gradient-to-br from-gray-700 to-gray-900 rounded-full flex items-center justify-center text-white font-semibold text-sm flex-shrink-0 cursor-pointer hover:ring-2 hover:ring-gray-900 hover:ring-offset-1 transition-all">J</div><div><div class="flex items-center gap-1.5"><span class="text-sm font-semibold text-gray-900 cursor-pointer hover:underline">Jackson Jackson</span></div><span class="text-xs text-gray-500">Nov 30, 2025, 06:17 PM</span></div></div><button class="p-1 hover:bg-gray-100 rounded-full transition-colors" type="button" id="radix-_r_8o_" aria-haspopup="menu" aria-expanded="false" data-state="closed"><svg xmlns="http://www.w3.org/2000/svg" width="24" height="24" viewBox="0 0 24 24" fill="none" stroke="currentColor" stroke-width="2" stroke-linecap="round" stroke-linejoin="round" class="lucide lucide-ellipsis-vertical w-4 h-4 text-gray-600" aria-hidden="true"><circle cx="12" cy="12" r="1"></circle><circle cx="12" cy="5" r="1"></circle><circle cx="12" cy="19" r="1"></circle></svg></button></div><p class="text-sm text-gray-800 whitespace-pre-wrap mb-2">Fantastic post! Keep it up!</p><div class="flex items-center gap-3"><div class="flex items-center gap-3"><button data-testid="reaction-button-like" class="
                            group inline-flex items-center gap-1.5 px-3 py-1.5 rounded-md font-medium text-sm transition-all duration-200
                            bg-white text-gray-700 hover:bg-gray-50 border border-gray-300
                            cursor-pointer hover:scale-105
                        " type="button" id="radix-_r_8q_" aria-haspopup="menu" aria-expanded="false" data-state="closed"><span class="text-base">👍</span><span class="font-medium text-sm">Like</span></button></div><button data-testid="reply-button" class="flex items-center gap-1 text-sm text-gray-600 hover:text-gray-900 transition-colors"><svg xmlns="http://www.w3.org/2000/svg" width="24" height="24" viewBox="0 0 24 24" fill="none" stroke="currentColor" stroke-width="2" stroke-linecap="round" stroke-linejoin="round" class="lucide lucide-reply w-4 h-4" aria-hidden="true"><path d="M20 18v-2a4 4 0 0 0-4-4H4"></path><path d="m9 17-5-5 5-5"></path></svg>Reply</button></div></div><div class="mt-2 space-y-2"><div class="ml-10"><div class="bg-white rounded-md border border-gray-200 p-3"><div class="flex items-start justify-between mb-2"><div class="flex items-center gap-2"><div class="w-8 h-8 bg-gradient-to-br from-gray-700 to-gray-900 rounded-full flex items-center justify-center text-white font-semibold text-sm flex-shrink-0 cursor-pointer hover:ring-2 hover:ring-gray-900 hover:ring-offset-1 transition-all">J</div><div><div class="flex items-center gap-1.5"><span class="text-sm font-semibold text-gray-900 cursor-pointer hover:underline">Jackson Jackson</span></div><span class="text-xs text-gray-500">Nov 30, 2025, 06:17 PM</span></div></div><button class="p-1 hover:bg-gray-100 rounded-full transition-colors" type="button" id="radix-_r_8s_" aria-haspopup="menu" aria-expanded="false" data-state="closed"><svg xmlns="http://www.w3.org/2000/svg" width="24" height="24" viewBox="0 0 24 24" fill="none" stroke="currentColor" stroke-width="2" stroke-linecap="round" stroke-linejoin="round" class="lucide lucide-ellipsis-vertical w-4 h-4 text-gray-600" aria-hidden="true"><circle cx="12" cy="12" r="1"></circle><circle cx="12" cy="5" r="1"></circle><circle cx="12" cy="19" r="1"></circle></svg></button></div><p class="text-sm text-gray-800 whitespace-pre-wrap mb-2">I agree with you!</p><div class="flex items-center gap-3"><div class="flex items-center gap-3"><button data-testid="reaction-button-like" class="
                            group inline-flex items-center gap-1.5 px-3 py-1.5 rounded-md font-medium text-sm transition-all duration-200
                            bg-white text-gray-700 hover:bg-gray-50 border border-gray-300
                            cursor-pointer hover:scale-105
                        " type="button" id="radix-_r_8u_" aria-haspopup="menu" aria-expanded="false" data-state="closed"><span class="text-base">👍</span><span class="font-medium text-sm">Like</span></button></div></div></div></div><div class="ml-10"><div class="bg-white rounded-md border border-gray-200 p-3"><div class="flex items-start justify-between mb-2"><div class="flex items-center gap-2"><div class="w-8 h-8 bg-gradient-to-br from-gray-700 to-gray-900 rounded-full flex items-center justify-center text-white font-semibold text-sm flex-shrink-0 cursor-pointer hover:ring-2 hover:ring-gray-900 hover:ring-offset-1 transition-all">S</div><div><div class="flex items-center gap-1.5"><span class="text-sm font-semibold text-gray-900 cursor-pointer hover:underline">Sebastian Thomas</span></div><span class="text-xs text-gray-500">Nov 30, 2025, 06:17 PM</span></div></div><button class="p-1 hover:bg-gray-100 rounded-full transition-colors" type="button" id="radix-_r_93_" aria-haspopup="menu" aria-expanded="false" data-state="closed"><svg xmlns="http://www.w3.org/2000/svg" width="24" height="24" viewBox="0 0 24 24" fill="none" stroke="currentColor" stroke-width="2" stroke-linecap="round" stroke-linejoin="round" class="lucide lucide-ellipsis-vertical w-4 h-4 text-gray-600" aria-hidden="true"><circle cx="12" cy="12" r="1"></circle><circle cx="12" cy="5" r="1"></circle><circle cx="12" cy="19" r="1"></circle></svg></button></div><p class="text-sm text-gray-800 whitespace-pre-wrap mb-2">Interesting perspective!</p><div class="flex items-center gap-3"><div class="flex items-center gap-3"><button data-testid="reaction-button-like" class="
                            group inline-flex items-center gap-1.5 px-3 py-1.5 rounded-md font-medium text-sm transition-all duration-200
                            bg-white text-gray-700 hover:bg-gray-50 border border-gray-300
                            cursor-pointer hover:scale-105
                        " type="button" id="radix-_r_95_" aria-haspopup="menu" aria-expanded="false" data-state="closed"><span class="text-base">👍</span><span class="font-medium text-sm">Like</span></button></div></div></div></div></div></div><div class=""><div class="bg-white rounded-md border border-gray-200 p-3"><div class="flex items-start justify-between mb-2"><div class="flex items-center gap-2"><div class="w-8 h-8 bg-gradient-to-br from-gray-700 to-gray-900 rounded-full flex items-center justify-center text-white font-semibold text-sm flex-shrink-0 cursor-pointer hover:ring-2 hover:ring-gray-900 hover:ring-offset-1 transition-all">M</div><div><div class="flex items-center gap-1.5"><span class="text-sm font-semibold text-gray-900 cursor-pointer hover:underline">Mason Jones</span></div><span class="text-xs text-gray-500">Nov 30, 2025, 06:17 PM</span></div></div><button class="p-1 hover:bg-gray-100 rounded-full transition-colors" type="button" id="radix-_r_9d_" aria-haspopup="menu" aria-expanded="false" data-state="closed"><svg xmlns="http://www.w3.org/2000/svg" width="24" height="24" viewBox="0 0 24 24" fill="none" stroke="currentColor" stroke-width="2" stroke-linecap="round" stroke-linejoin="round" class="lucide lucide-ellipsis-vertical w-4 h-4 text-gray-600" aria-hidden="true"><circle cx="12" cy="12" r="1"></circle><circle cx="12" cy="5" r="1"></circle><circle cx="12" cy="19" r="1"></circle></svg></button></div><p class="text-sm text-gray-800 whitespace-pre-wrap mb-2">Could you elaborate more on this?</p><div class="flex items-center gap-3"><div class="flex items-center gap-3"><button data-testid="reaction-button-like" class="
                            group inline-flex items-center gap-1.5 px-3 py-1.5 rounded-md font-medium text-sm transition-all duration-200
                            bg-white text-gray-700 hover:bg-gray-50 border border-gray-300
                            cursor-pointer hover:scale-105
                        " type="button" id="radix-_r_9f_" aria-haspopup="menu" aria-expanded="false" data-state="closed"><span class="text-base">👍</span><span class="font-medium text-sm">Like</span></button></div><button data-testid="reply-button" class="flex items-center gap-1 text-sm text-gray-600 hover:text-gray-900 transition-colors"><svg xmlns="http://www.w3.org/2000/svg" width="24" height="24" viewBox="0 0 24 24" fill="none" stroke="currentColor" stroke-width="2" stroke-linecap="round" stroke-linejoin="round" class="lucide lucide-reply w-4 h-4" aria-hidden="true"><path d="M20 18v-2a4 4 0 0 0-4-4H4"></path><path d="m9 17-5-5 5-5"></path></svg>Reply</button></div></div><div class="mt-2 space-y-2"><div class="ml-10"><div class="bg-white rounded-md border border-gray-200 p-3"><div class="flex items-start justify-between mb-2"><div class="flex items-center gap-2"><div class="w-8 h-8 bg-gradient-to-br from-gray-700 to-gray-900 rounded-full flex items-center justify-center text-white font-semibold text-sm flex-shrink-0 cursor-pointer hover:ring-2 hover:ring-gray-900 hover:ring-offset-1 transition-all">M</div><div><div class="flex items-center gap-1.5"><span class="text-sm font-semibold text-gray-900 cursor-pointer hover:underline">Mia Davis</span></div><span class="text-xs text-gray-500">Nov 30, 2025, 06:17 PM</span></div></div><button class="p-1 hover:bg-gray-100 rounded-full transition-colors" type="button" id="radix-_r_9h_" aria-haspopup="menu" aria-expanded="false" data-state="closed"><svg xmlns="http://www.w3.org/2000/svg" width="24" height="24" viewBox="0 0 24 24" fill="none" stroke="currentColor" stroke-width="2" stroke-linecap="round" stroke-linejoin="round" class="lucide lucide-ellipsis-vertical w-4 h-4 text-gray-600" aria-hidden="true"><circle cx="12" cy="12" r="1"></circle><circle cx="12" cy="5" r="1"></circle><circle cx="12" cy="19" r="1"></circle></svg></button></div><p class="text-sm text-gray-800 whitespace-pre-wrap mb-2">Interesting perspective!</p><div class="flex items-center gap-3"><div class="flex items-center gap-3"><button data-testid="reaction-button-like" class="
                            group inline-flex items-center gap-1.5 px-3 py-1.5 rounded-md font-medium text-sm transition-all duration-200
                            bg-white text-gray-700 hover:bg-gray-50 border border-gray-300
                            cursor-pointer hover:scale-105
                        " type="button" id="radix-_r_9j_" aria-haspopup="menu" aria-expanded="false" data-state="closed"><span class="text-base">👍</span><span class="font-medium text-sm">Like</span></button></div></div></div></div><div class="ml-10"><div class="bg-white rounded-md border border-gray-200 p-3"><div class="flex items-start justify-between mb-2"><div class="flex items-center gap-2"><div class="w-8 h-8 bg-gradient-to-br from-gray-700 to-gray-900 rounded-full flex items-center justify-center text-white font-semibold text-sm flex-shrink-0 cursor-pointer hover:ring-2 hover:ring-gray-900 hover:ring-offset-1 transition-all">L</div><div><div class="flex items-center gap-1.5"><span class="text-sm font-semibold text-gray-900 cursor-pointer hover:underline">Lily Martinez</span></div><span class="text-xs text-gray-500">Nov 30, 2025, 06:17 PM</span></div></div><button class="p-1 hover:bg-gray-100 rounded-full transition-colors" type="button" id="radix-_r_9o_" aria-haspopup="menu" aria-expanded="false" data-state="closed"><svg xmlns="http://www.w3.org/2000/svg" width="24" height="24" viewBox="0 0 24 24" fill="none" stroke="currentColor" stroke-width="2" stroke-linecap="round" stroke-linejoin="round" class="lucide lucide-ellipsis-vertical w-4 h-4 text-gray-600" aria-hidden="true"><circle cx="12" cy="12" r="1"></circle><circle cx="12" cy="5" r="1"></circle><circle cx="12" cy="19" r="1"></circle></svg></button></div><p class="text-sm text-gray-800 whitespace-pre-wrap mb-2">Thanks for your comment!</p><div class="flex items-center gap-3"><div class="flex items-center gap-3"><button data-testid="reaction-button-like" class="
                            group inline-flex items-center gap-1.5 px-3 py-1.5 rounded-md font-medium text-sm transition-all duration-200
                            bg-white text-gray-700 hover:bg-gray-50 border border-gray-300
                            cursor-pointer hover:scale-105
                        " type="button" id="radix-_r_9q_" aria-haspopup="menu" aria-expanded="false" data-state="closed"><span class="text-base">👍</span><span class="font-medium text-sm">Like</span></button></div></div></div></div></div></div><div class=""><div class="bg-white rounded-md border border-gray-200 p-3"><div class="flex items-start justify-between mb-2"><div class="flex items-center gap-2"><div class="w-8 h-8 bg-gradient-to-br from-gray-700 to-gray-900 rounded-full flex items-center justify-center text-white font-semibold text-sm flex-shrink-0 cursor-pointer hover:ring-2 hover:ring-gray-900 hover:ring-offset-1 transition-all">A</div><div><div class="flex items-center gap-1.5"><span class="text-sm font-semibold text-gray-900 cursor-pointer hover:underline">Amelia Anderson</span></div><span class="text-xs text-gray-500">Nov 30, 2025, 06:17 PM</span></div></div><button class="p-1 hover:bg-gray-100 rounded-full transition-colors" type="button" id="radix-_r_a2_" aria-haspopup="menu" aria-expanded="false" data-state="closed"><svg xmlns="http://www.w3.org/2000/svg" width="24" height="24" viewBox="0 0 24 24" fill="none" stroke="currentColor" stroke-width="2" stroke-linecap="round" stroke-linejoin="round" class="lucide lucide-ellipsis-vertical w-4 h-4 text-gray-600" aria-hidden="true"><circle cx="12" cy="12" r="1"></circle><circle cx="12" cy="5" r="1"></circle><circle cx="12" cy="19" r="1"></circle></svg></button></div><p class="text-sm text-gray-800 whitespace-pre-wrap mb-2">I totally agree with this.</p><div class="flex items-center gap-3"><div class="flex items-center gap-3"><button data-testid="reaction-button-like" class="
                            group inline-flex items-center gap-1.5 px-3 py-1.5 rounded-md font-medium text-sm transition-all duration-200
                            bg-white text-gray-700 hover:bg-gray-50 border border-gray-300
                            cursor-pointer hover:scale-105
                        " type="button" id="radix-_r_a4_" aria-haspopup="menu" aria-expanded="false" data-state="closed"><span class="text-base">👍</span><span class="font-medium text-sm">Like</span></button></div><button data-testid="reply-button" class="flex items-center gap-1 text-sm text-gray-600 hover:text-gray-900 transition-colors"><svg xmlns="http://www.w3.org/2000/svg" width="24" height="24" viewBox="0 0 24 24" fill="none" stroke="currentColor" stroke-width="2" stroke-linecap="round" stroke-linejoin="round" class="lucide lucide-reply w-4 h-4" aria-hidden="true"><path d="M20 18v-2a4 4 0 0 0-4-4H4"></path><path d="m9 17-5-5 5-5"></path></svg>Reply</button></div></div></div></div></div></div></div></article><article class="bg-white rounded-xl shadow-sm border border-gray-200 overflow-hidden hover:shadow-md transition-shadow"><div class="p-6"><h2 class="text-xl font-bold text-gray-900 mb-3">Thank You for 10K Users!</h2><p class="text-gray-600 leading-relaxed mb-6">We have reached an incredible milestone - 10,000 users! Thank you all for your support and engagement. We could not have done it without you. React with a ❤️ to celebrate with us!</p><div class="pt-4 border-t border-gray-100"><div class="flex items-center gap-3"><button data-testid="reaction-button-like" class="
                            group inline-flex items-center gap-1.5 px-3 py-1.5 rounded-md font-medium text-sm transition-all duration-200
                            bg-white text-gray-700 hover:bg-gray-50 border border-gray-300
                            cursor-pointer hover:scale-105
                        " type="button" id="radix-_r_a9_" aria-haspopup="menu" aria-expanded="false" data-state="closed"><span class="text-base">👍</span><span class="font-medium text-sm">Like</span></button><div class="flex items-center gap-1.5"><button data-testid="reaction-count-like" class="
                                    inline-flex items-center gap-1 px-2 py-1 rounded-full text-xs font-medium transition-all
                                    bg-gray-100 text-gray-700 hover:bg-gray-200
                                    cursor-pointer hover:scale-105
                                "><span class="text-base">👍</span><span>2</span></button><button data-testid="reaction-count-haha" class="
                                    inline-flex items-center gap-1 px-2 py-1 rounded-full text-xs font-medium transition-all
                                    bg-gray-100 text-gray-700 hover:bg-gray-200
                                    cursor-pointer hover:scale-105
                                "><span class="text-base">😂</span><span>1</span></button><button data-testid="reaction-count-wow" class="
                                    inline-flex items-center gap-1 px-2 py-1 rounded-full text-xs font-medium transition-all
                                    bg-gray-100 text-gray-700 hover:bg-gray-200
                                    cursor-pointer hover:scale-105
                                "><span class="text-base">😮</span><span>1</span></button><button data-testid="reaction-count-angry" class="
                                    inline-flex items-center gap-1 px-2 py-1 rounded-full text-xs font-medium transition-all
                                    bg-gray-100 text-gray-700 hover:bg-gray-200
                                    cursor-pointer hover:scale-105
                                "><span class="text-base">😠</span><span>1</span></button><button class="p-1.5 hover:bg-gray-100 rounded-full transition-colors" title="See who reacted"><svg xmlns="http://www.w3.org/2000/svg" width="24" height="24" viewBox="0 0 24 24" fill="none" stroke="currentColor" stroke-width="2" stroke-linecap="round" stroke-linejoin="round" class="lucide lucide-chevron-down w-4 h-4 text-gray-600" aria-hidden="true"><path d="m6 9 6 6 6-6"></path></svg></button></div></div></div><div class="pt-6 border-t border-gray-100 mt-6"><div class="space-y-3"><div class="flex items-center justify-between"><div class="flex items-center gap-2"><svg xmlns="http://www.w3.org/2000/svg" width="24" height="24" viewBox="0 0 24 24" fill="none" stroke="currentColor" stroke-width="2" stroke-linecap="round" stroke-linejoin="round" class="lucide lucide-message-square w-4 h-4 text-gray-600" aria-hidden="true"><path d="M22 17a2 2 0 0 1-2 2H6.828a2 2 0 0 0-1.414.586l-2.202 2.202A.71.71 0 0 1 2 21.286V5a2 2 0 0 1 2-2h16a2 2 0 0 1 2 2z"></path></svg><h3 class="text-base font-semibold text-gray-900">Comments (2)</h3></div><button data-testid="add-comment-button" class="px-3 py-1.5 text-sm font-medium text-white bg-gray-900 rounded-md hover:bg-gray-800 transition-colors">Add Comment</button></div><div class="space-y-2"><div class=""><div class="bg-white rounded-md border border-gray-200 p-3"><div class="flex items-start justify-between mb-2"><div class="flex items-center gap-2"><div class="w-8 h-8 bg-gradient-to-br from-gray-700 to-gray-900 rounded-full flex items-center justify-center text-white font-semibold text-sm flex-shrink-0 cursor-pointer hover:ring-2 hover:ring-gray-900 hover:ring-offset-1 transition-all">B</div><div><div class="flex items-center gap-1.5"><span class="text-sm font-semibold text-gray-900 cursor-pointer hover:underline">Benjamin Moore</span></div><span class="text-xs text-gray-500">Nov 30, 2025, 06:17 PM</span></div></div><button class="p-1 hover:bg-gray-100 rounded-full transition-colors" type="button" id="radix-_r_ab_" aria-haspopup="menu" aria-expanded="false" data-state="closed"><svg xmlns="http://www.w3.org/2000/svg" width="24" height="24" viewBox="0 0 24 24" fill="none" stroke="currentColor" stroke-width="2" stroke-linecap="round" stroke-linejoin="round" class="lucide lucide-ellipsis-vertical w-4 h-4 text-gray-600" aria-hidden="true"><circle cx="12" cy="12" r="1"></circle><circle cx="12" cy="5" r="1"></circle><circle cx="12" cy="19" r="1"></circle></svg></button></div><p class="text-sm text-gray-800 whitespace-pre-wrap mb-2">Brilliant insights here.</p><div class="flex items-center gap-3"><div class="flex items-center gap-3"><button data-testid="reaction-button-like" class="
                            group inline-flex items-center gap-1.5 px-3 py-1.5 rounded-md font-medium text-sm transition-all duration-200
                            bg-white text-gray-700 hover:bg-gray-50 border border-gray-300
                            cursor-pointer hover:scale-105
                        " type="button" id="radix-_r_ad_" aria-haspopup="menu" aria-expanded="false" data-state="closed"><span class="text-base">👍</span><span class="font-medium text-sm">Like</span></button></div><button data-testid="reply-button" class="flex items-center gap-1 text-sm text-gray-600 hover:text-gray-900 transition-colors"><svg xmlns="http://www.w3.org/2000/svg" width="24" height="24" viewBox="0 0 24 24" fill="none" stroke="currentColor" stroke-width="2" stroke-linecap="round" stroke-linejoin="round" class="lucide lucide-reply w-4 h-4" aria-hidden="true"><path d="M20 18v-2a4 4 0 0 0-4-4H4"></path><path d="m9 17-5-5 5-5"></path></svg>Reply</button></div></div></div><div class=""><div class="bg-white rounded-md border border-gray-200 p-3"><div class="flex items-start justify-between mb-2"><div class="flex items-center gap-2"><div class="w-8 h-8 bg-gradient-to-br from-gray-700 to-gray-900 rounded-full flex items-center justify-center text-white font-semibold text-sm flex-shrink-0 cursor-pointer hover:ring-2 hover:ring-gray-900 hover:ring-offset-1 transition-all">O</div><div><div class="flex items-center gap-1.5"><span class="text-sm font-semibold text-gray-900 cursor-pointer hover:underline">Olivia Lopez</span></div><span class="text-xs text-gray-500">Nov 30, 2025, 06:17 PM</span></div></div><button class="p-1 hover:bg-gray-100 rounded-full transition-colors" type="button" id="radix-_r_ai_" aria-haspopup="menu" aria-expanded="false" data-state="closed"><svg xmlns="http://www.w3.org/2000/svg" width="24" height="24" viewBox="0 0 24 24" fill="none" stroke="currentColor" stroke-width="2" stroke-linecap="round" stroke-linejoin="round" class="lucide lucide-ellipsis-vertical w-4 h-4 text-gray-600" aria-hidden="true"><circle cx="12" cy="12" r="1"></circle><circle cx="12" cy="5" r="1"></circle><circle cx="12" cy="19" r="1"></circle></svg></button></div><p class="text-sm text-gray-800 whitespace-pre-wrap mb-2">This is exactly what I needed to hear.</p><div class="flex items-center gap-3"><div class="flex items-center gap-3"><button data-testid="reaction-button-like" class="
                            group inline-flex items-center gap-1.5 px-3 py-1.5 rounded-md font-medium text-sm transition-all duration-200
                            bg-white text-gray-700 hover:bg-gray-50 border border-gray-300
                            cursor-pointer hover:scale-105
                        " type="button" id="radix-_r_ak_" aria-haspopup="menu" aria-expanded="false" data-state="closed"><span class="text-base">👍</span><span class="font-medium text-sm">Like</span></button></div><button data-testid="reply-button" class="flex items-center gap-1 text-sm text-gray-600 hover:text-gray-900 transition-colors"><svg xmlns="http://www.w3.org/2000/svg" width="24" height="24" viewBox="0 0 24 24" fill="none" stroke="currentColor" stroke-width="2" stroke-linecap="round" stroke-linejoin="round" class="lucide lucide-reply w-4 h-4" aria-hidden="true"><path d="M20 18v-2a4 4 0 0 0-4-4H4"></path><path d="m9 17-5-5 5-5"></path></svg>Reply</button></div></div></div></div></div></div></div></article><article class="bg-white rounded-xl shadow-sm border border-gray-200 overflow-hidden hover:shadow-md transition-shadow"><div class="p-6"><h2 class="text-xl font-bold text-gray-900 mb-3">Feature Request: What Do You Want Next?</h2><p class="text-gray-600 leading-relaxed mb-6">We are planning our next sprint and want to hear from you! What features would you like to see next? React and comment below with your ideas. Your input shapes our roadmap!</p><div class="pt-4 border-t border-gray-100"><div class="flex items-center gap-3"><button data-testid="reaction-button-like" class="
                            group inline-flex items-center gap-1.5 px-3 py-1.5 rounded-md font-medium text-sm transition-all duration-200
                            bg-white text-gray-700 hover:bg-gray-50 border border-gray-300
                            cursor-pointer hover:scale-105
                        " type="button" id="radix-_r_ap_" aria-haspopup="menu" aria-expanded="false" data-state="closed"><span class="text-base">👍</span><span class="font-medium text-sm">Like</span></button><div class="flex items-center gap-1.5"><button data-testid="reaction-count-love" class="
                                    inline-flex items-center gap-1 px-2 py-1 rounded-full text-xs font-medium transition-all
                                    bg-gray-100 text-gray-700 hover:bg-gray-200
                                    cursor-pointer hover:scale-105
                                "><span class="text-base">❤️</span><span>2</span></button><button data-testid="reaction-count-angry" class="
                                    inline-flex items-center gap-1 px-2 py-1 rounded-full text-xs font-medium transition-all
                                    bg-gray-100 text-gray-700 hover:bg-gray-200
                                    cursor-pointer hover:scale-105
                                "><span class="text-base">😠</span><span>2</span></button><button data-testid="reaction-count-like" class="
                                    inline-flex items-center gap-1 px-2 py-1 rounded-full text-xs font-medium transition-all
                                    bg-gray-100 text-gray-700 hover:bg-gray-200
                                    cursor-pointer hover:scale-105
                                "><span class="text-base">👍</span><span>1</span></button><button data-testid="reaction-count-haha" class="
                                    inline-flex items-center gap-1 px-2 py-1 rounded-full text-xs font-medium transition-all
                                    bg-gray-100 text-gray-700 hover:bg-gray-200
                                    cursor-pointer hover:scale-105
                                "><span class="text-base">😂</span><span>1</span></button><button data-testid="reaction-count-sad" class="
                                    inline-flex items-center gap-1 px-2 py-1 rounded-full text-xs font-medium transition-all
                                    bg-gray-100 text-gray-700 hover:bg-gray-200
                                    cursor-pointer hover:scale-105
                                "><span class="text-base">😢</span><span>1</span></button><button class="p-1.5 hover:bg-gray-100 rounded-full transition-colors" title="See who reacted"><svg xmlns="http://www.w3.org/2000/svg" width="24" height="24" viewBox="0 0 24 24" fill="none" stroke="currentColor" stroke-width="2" stroke-linecap="round" stroke-linejoin="round" class="lucide lucide-chevron-down w-4 h-4 text-gray-600" aria-hidden="true"><path d="m6 9 6 6 6-6"></path></svg></button></div></div></div><div class="pt-6 border-t border-gray-100 mt-6"><div class="space-y-3"><div class="flex items-center justify-between"><div class="flex items-center gap-2"><svg xmlns="http://www.w3.org/2000/svg" width="24" height="24" viewBox="0 0 24 24" fill="none" stroke="currentColor" stroke-width="2" stroke-linecap="round" stroke-linejoin="round" class="lucide lucide-message-square w-4 h-4 text-gray-600" aria-hidden="true"><path d="M22 17a2 2 0 0 1-2 2H6.828a2 2 0 0 0-1.414.586l-2.202 2.202A.71.71 0 0 1 2 21.286V5a2 2 0 0 1 2-2h16a2 2 0 0 1 2 2z"></path></svg><h3 class="text-base font-semibold text-gray-900">Comments (5)</h3></div><button data-testid="add-comment-button" class="px-3 py-1.5 text-sm font-medium text-white bg-gray-900 rounded-md hover:bg-gray-800 transition-colors">Add Comment</button></div><div class="space-y-2"><div class=""><div class="bg-white rounded-md border border-gray-200 p-3"><div class="flex items-start justify-between mb-2"><div class="flex items-center gap-2"><div class="w-8 h-8 bg-gradient-to-br from-gray-700 to-gray-900 rounded-full flex items-center justify-center text-white font-semibold text-sm flex-shrink-0 cursor-pointer hover:ring-2 hover:ring-gray-900 hover:ring-offset-1 transition-all">B</div><div><div class="flex items-center gap-1.5"><span class="text-sm font-semibold text-gray-900 cursor-pointer hover:underline">Bob Wilson</span></div><span class="text-xs text-gray-500">Nov 30, 2025, 06:17 PM</span></div></div><button class="p-1 hover:bg-gray-100 rounded-full transition-colors" type="button" id="radix-_r_ar_" aria-haspopup="menu" aria-expanded="false" data-state="closed"><svg xmlns="http://www.w3.org/2000/svg" width="24" height="24" viewBox="0 0 24 24" fill="none" stroke="currentColor" stroke-width="2" stroke-linecap="round" stroke-linejoin="round" class="lucide lucide-ellipsis-vertical w-4 h-4 text-gray-600" aria-hidden="true"><circle cx="12" cy="12" r="1"></circle><circle cx="12" cy="5" r="1"></circle><circle cx="12" cy="19" r="1"></circle></svg></button></div><p class="text-sm text-gray-800 whitespace-pre-wrap mb-2">Fantastic post! Keep it up!</p><div class="flex items-center gap-3"><div class="flex items-center gap-3"><button data-testid="reaction-button-like" class="
                            group inline-flex items-center gap-1.5 px-3 py-1.5 rounded-md font-medium text-sm transition-all duration-200
                            bg-white text-gray-700 hover:bg-gray-50 border border-gray-300
                            cursor-pointer hover:scale-105
                        " type="button" id="radix-_r_at_" aria-haspopup="menu" aria-expanded="false" data-state="closed"><span class="text-base">👍</span><span class="font-medium text-sm">Like</span></button></div><button data-testid="reply-button" class="flex items-center gap-1 text-sm text-gray-600 hover:text-gray-900 transition-colors"><svg xmlns="http://www.w3.org/2000/svg" width="24" height="24" viewBox="0 0 24 24" fill="none" stroke="currentColor" stroke-width="2" stroke-linecap="round" stroke-linejoin="round" class="lucide lucide-reply w-4 h-4" aria-hidden="true"><path d="M20 18v-2a4 4 0 0 0-4-4H4"></path><path d="m9 17-5-5 5-5"></path></svg>Reply</button></div></div></div><div class=""><div class="bg-white rounded-md border border-gray-200 p-3"><div class="flex items-start justify-between mb-2"><div class="flex items-center gap-2"><div class="w-8 h-8 bg-gradient-to-br from-gray-700 to-gray-900 rounded-full flex items-center justify-center text-white font-semibold text-sm flex-shrink-0 cursor-pointer hover:ring-2 hover:ring-gray-900 hover:ring-offset-1 transition-all">L</div><div><div class="flex items-center gap-1.5"><span class="text-sm font-semibold text-gray-900 cursor-pointer hover:underline">Luke Garcia</span></div><span class="text-xs text-gray-500">Nov 30, 2025, 06:17 PM</span></div></div><button class="p-1 hover:bg-gray-100 rounded-full transition-colors" type="button" id="radix-_r_b2_" aria-haspopup="menu" aria-expanded="false" data-state="closed"><svg xmlns="http://www.w3.org/2000/svg" width="24" height="24" viewBox="0 0 24 24" fill="none" stroke="currentColor" stroke-width="2" stroke-linecap="round" stroke-linejoin="round" class="lucide lucide-ellipsis-vertical w-4 h-4 text-gray-600" aria-hidden="true"><circle cx="12" cy="12" r="1"></circle><circle cx="12" cy="5" r="1"></circle><circle cx="12" cy="19" r="1"></circle></svg></button></div><p class="text-sm text-gray-800 whitespace-pre-wrap mb-2">Could you elaborate more on this?</p><div class="flex items-center gap-3"><div class="flex items-center gap-3"><button data-testid="reaction-button-like" class="
                            group inline-flex items-center gap-1.5 px-3 py-1.5 rounded-md font-medium text-sm transition-all duration-200
                            bg-white text-gray-700 hover:bg-gray-50 border border-gray-300
                            cursor-pointer hover:scale-105
                        " type="button" id="radix-_r_b4_" aria-haspopup="menu" aria-expanded="false" data-state="closed"><span class="text-base">👍</span><span class="font-medium text-sm">Like</span></button></div><button data-testid="reply-button" class="flex items-center gap-1 text-sm text-gray-600 hover:text-gray-900 transition-colors"><svg xmlns="http://www.w3.org/2000/svg" width="24" height="24" viewBox="0 0 24 24" fill="none" stroke="currentColor" stroke-width="2" stroke-linecap="round" stroke-linejoin="round" class="lucide lucide-reply w-4 h-4" aria-hidden="true"><path d="M20 18v-2a4 4 0 0 0-4-4H4"></path><path d="m9 17-5-5 5-5"></path></svg>Reply</button></div></div><div class="mt-2 space-y-2"><div class="ml-10"><div class="bg-white rounded-md border border-gray-200 p-3"><div class="flex items-start justify-between mb-2"><div class="flex items-center gap-2"><div class="w-8 h-8 bg-gradient-to-br from-gray-700 to-gray-900 rounded-full flex items-center justify-center text-white font-semibold text-sm flex-shrink-0 cursor-pointer hover:ring-2 hover:ring-gray-900 hover:ring-offset-1 transition-all">J</div><div><div class="flex items-center gap-1.5"><span class="text-sm font-semibold text-gray-900 cursor-pointer hover:underline">Jackson Wilson</span></div><span class="text-xs text-gray-500">Nov 30, 2025, 06:17 PM</span></div></div><button class="p-1 hover:bg-gray-100 rounded-full transition-colors" type="button" id="radix-_r_b6_" aria-haspopup="menu" aria-expanded="false" data-state="closed"><svg xmlns="http://www.w3.org/2000/svg" width="24" height="24" viewBox="0 0 24 24" fill="none" stroke="currentColor" stroke-width="2" stroke-linecap="round" stroke-linejoin="round" class="lucide lucide-ellipsis-vertical w-4 h-4 text-gray-600" aria-hidden="true"><circle cx="12" cy="12" r="1"></circle><circle cx="12" cy="5" r="1"></circle><circle cx="12" cy="19" r="1"></circle></svg></button></div><p class="text-sm text-gray-800 whitespace-pre-wrap mb-2">Great addition to the discussion!</p><div class="flex items-center gap-3"><div class="flex items-center gap-3"><button data-testid="reaction-button-like" class="
                            group inline-flex items-center gap-1.5 px-3 py-1.5 rounded-md font-medium text-sm transition-all duration-200
                            bg-white text-gray-700 hover:bg-gray-50 border border-gray-300
                            cursor-pointer hover:scale-105
                        " type="button" id="radix-_r_b8_" aria-haspopup="menu" aria-expanded="false" data-state="closed"><span class="text-base">👍</span><span class="font-medium text-sm">Like</span></button></div></div></div></div></div></div><div class=""><div class="bg-white rounded-md border border-gray-200 p-3"><div class="flex items-start justify-between mb-2"><div class="flex items-center gap-2"><div class="w-8 h-8 bg-gradient-to-br from-gray-700 to-gray-900 rounded-full flex items-center justify-center text-white font-semibold text-sm flex-shrink-0 cursor-pointer hover:ring-2 hover:ring-gray-900 hover:ring-offset-1 transition-all">L</div><div><div class="flex items-center gap-1.5"><span class="text-sm font-semibold text-gray-900 cursor-pointer hover:underline">Lily Martinez</span></div><span class="text-xs text-gray-500">Nov 30, 2025, 06:17 PM</span></div></div><button class="p-1 hover:bg-gray-100 rounded-full transition-colors" type="button" id="radix-_r_bg_" aria-haspopup="menu" aria-expanded="false" data-state="closed"><svg xmlns="http://www.w3.org/2000/svg" width="24" height="24" viewBox="0 0 24 24" fill="none" stroke="currentColor" stroke-width="2" stroke-linecap="round" stroke-linejoin="round" class="lucide lucide-ellipsis-vertical w-4 h-4 text-gray-600" aria-hidden="true"><circle cx="12" cy="12" r="1"></circle><circle cx="12" cy="5" r="1"></circle><circle cx="12" cy="19" r="1"></circle></svg></button></div><p class="text-sm text-gray-800 whitespace-pre-wrap mb-2">This is really helpful, thank you!</p><div class="flex items-center gap-3"><div class="flex items-center gap-3"><button data-testid="reaction-button-like" class="
                            group inline-flex items-center gap-1.5 px-3 py-1.5 rounded-md font-medium text-sm transition-all duration-200
                            bg-white text-gray-700 hover:bg-gray-50 border border-gray-300
                            cursor-pointer hover:scale-105
                        " type="button" id="radix-_r_bi_" aria-haspopup="menu" aria-expanded="false" data-state="closed"><span class="text-base">👍</span><span class="font-medium text-sm">Like</span></button></div><button data-testid="reply-button" class="flex items-center gap-1 text-sm text-gray-600 hover:text-gray-900 transition-colors"><svg xmlns="http://www.w3.org/2000/svg" width="24" height="24" viewBox="0 0 24 24" fill="none" stroke="currentColor" stroke-width="2" stroke-linecap="round" stroke-linejoin="round" class="lucide lucide-reply w-4 h-4" aria-hidden="true"><path d="M20 18v-2a4 4 0 0 0-4-4H4"></path><path d="m9 17-5-5 5-5"></path></svg>Reply</button></div></div></div><div class=""><div class="bg-white rounded-md border border-gray-200 p-3"><div class="flex items-start justify-between mb-2"><div class="flex items-center gap-2"><div class="w-8 h-8 bg-gradient-to-br from-gray-700 to-gray-900 rounded-full flex items-center justify-center text-white font-semibold text-sm flex-shrink-0 cursor-pointer hover:ring-2 hover:ring-gray-900 hover:ring-offset-1 transition-all">J</div><div><div class="flex items-center gap-1.5"><span class="text-sm font-semibold text-gray-900 cursor-pointer hover:underline">Jackson Jackson</span></div><span class="text-xs text-gray-500">Nov 30, 2025, 06:17 PM</span></div></div><button class="p-1 hover:bg-gray-100 rounded-full transition-colors" type="button" id="radix-_r_bn_" aria-haspopup="menu" aria-expanded="false" data-state="closed"><svg xmlns="http://www.w3.org/2000/svg" width="24" height="24" viewBox="0 0 24 24" fill="none" stroke="currentColor" stroke-width="2" stroke-linecap="round" stroke-linejoin="round" class="lucide lucide-ellipsis-vertical w-4 h-4 text-gray-600" aria-hidden="true"><circle cx="12" cy="12" r="1"></circle><circle cx="12" cy="5" r="1"></circle><circle cx="12" cy="19" r="1"></circle></svg></button></div><p class="text-sm text-gray-800 whitespace-pre-wrap mb-2">Very interesting perspective.</p><div class="flex items-center gap-3"><div class="flex items-center gap-3"><button data-testid="reaction-button-like" class="
                            group inline-flex items-center gap-1.5 px-3 py-1.5 rounded-md font-medium text-sm transition-all duration-200
                            bg-white text-gray-700 hover:bg-gray-50 border border-gray-300
                            cursor-pointer hover:scale-105
                        " type="button" id="radix-_r_bp_" aria-haspopup="menu" aria-expanded="false" data-state="closed"><span class="text-base">👍</span><span class="font-medium text-sm">Like</span></button></div><button data-testid="reply-button" class="flex items-center gap-1 text-sm text-gray-600 hover:text-gray-900 transition-colors"><svg xmlns="http://www.w3.org/2000/svg" width="24" height="24" viewBox="0 0 24 24" fill="none" stroke="currentColor" stroke-width="2" stroke-linecap="round" stroke-linejoin="round" class="lucide lucide-reply w-4 h-4" aria-hidden="true"><path d="M20 18v-2a4 4 0 0 0-4-4H4"></path><path d="m9 17-5-5 5-5"></path></svg>Reply</button></div></div></div><div class=""><div class="bg-white rounded-md border border-gray-200 p-3"><div class="flex items-start justify-between mb-2"><div class="flex items-center gap-2"><div class="w-8 h-8 bg-gradient-to-br from-gray-700 to-gray-900 rounded-full flex items-center justify-center text-white font-semibold text-sm flex-shrink-0 cursor-pointer hover:ring-2 hover:ring-gray-900 hover:ring-offset-1 transition-all">V</div><div><div class="flex items-center gap-1.5"><span class="text-sm font-semibold text-gray-900 cursor-pointer hover:underline">Victoria Thomas</span></div><span class="text-xs text-gray-500">Nov 30, 2025, 06:17 PM</span></div></div><button class="p-1 hover:bg-gray-100 rounded-full transition-colors" type="button" id="radix-_r_bu_" aria-haspopup="menu" aria-expanded="false" data-state="closed"><svg xmlns="http://www.w3.org/2000/svg" width="24" height="24" viewBox="0 0 24 24" fill="none" stroke="currentColor" stroke-width="2" stroke-linecap="round" stroke-linejoin="round" class="lucide lucide-ellipsis-vertical w-4 h-4 text-gray-600" aria-hidden="true"><circle cx="12" cy="12" r="1"></circle><circle cx="12" cy="5" r="1"></circle><circle cx="12" cy="19" r="1"></circle></svg></button></div><p class="text-sm text-gray-800 whitespace-pre-wrap mb-2">I totally agree with this.</p><div class="flex items-center gap-3"><div class="flex items-center gap-3"><button data-testid="reaction-button-like" class="
                            group inline-flex items-center gap-1.5 px-3 py-1.5 rounded-md font-medium text-sm transition-all duration-200
                            bg-white text-gray-700 hover:bg-gray-50 border border-gray-300
                            cursor-pointer hover:scale-105
                        " type="button" id="radix-_r_c0_" aria-haspopup="menu" aria-expanded="false" data-state="closed"><span class="text-base">👍</span><span class="font-medium text-sm">Like</span></button></div><button data-testid="reply-button" class="flex items-center gap-1 text-sm text-gray-600 hover:text-gray-900 transition-colors"><svg xmlns="http://www.w3.org/2000/svg" width="24" height="24" viewBox="0 0 24 24" fill="none" stroke="currentColor" stroke-width="2" stroke-linecap="round" stroke-linejoin="round" class="lucide lucide-reply w-4 h-4" aria-hidden="true"><path d="M20 18v-2a4 4 0 0 0-4-4H4"></path><path d="m9 17-5-5 5-5"></path></svg>Reply</button></div></div></div></div></div></div></div></article><article class="bg-white rounded-xl shadow-sm border border-gray-200 overflow-hidden hover:shadow-md transition-shadow"><div class="p-6"><h2 class="text-xl font-bold text-gray-900 mb-3">Weekend Vibes and Relaxation</h2><p class="text-gray-600 leading-relaxed mb-6">It is the weekend! Time to relax and unwind. What are your plans? Share your weekend vibes by reacting to this post. We hope you all have a wonderful time!</p><div class="pt-4 border-t border-gray-100"><div class="flex items-center gap-3"><button data-testid="reaction-button-like" class="
                            group inline-flex items-center gap-1.5 px-3 py-1.5 rounded-md font-medium text-sm transition-all duration-200
                            bg-white text-gray-700 hover:bg-gray-50 border border-gray-300
                            cursor-pointer hover:scale-105
                        " type="button" id="radix-_r_c5_" aria-haspopup="menu" aria-expanded="false" data-state="closed"><span class="text-base">👍</span><span class="font-medium text-sm">Like</span></button><div class="flex items-center gap-1.5"><button data-testid="reaction-count-sad" class="
                                    inline-flex items-center gap-1 px-2 py-1 rounded-full text-xs font-medium transition-all
                                    bg-gray-100 text-gray-700 hover:bg-gray-200
                                    cursor-pointer hover:scale-105
                                "><span class="text-base">😢</span><span>3</span></button><button data-testid="reaction-count-like" class="
                                    inline-flex items-center gap-1 px-2 py-1 rounded-full text-xs font-medium transition-all
                                    bg-gray-100 text-gray-700 hover:bg-gray-200
                                    cursor-pointer hover:scale-105
                                "><span class="text-base">👍</span><span>2</span></button><button data-testid="reaction-count-haha" class="
                                    inline-flex items-center gap-1 px-2 py-1 rounded-full text-xs font-medium transition-all
                                    bg-gray-100 text-gray-700 hover:bg-gray-200
                                    cursor-pointer hover:scale-105
                                "><span class="text-base">😂</span><span>2</span></button><button data-testid="reaction-count-wow" class="
                                    inline-flex items-center gap-1 px-2 py-1 rounded-full text-xs font-medium transition-all
                                    bg-gray-100 text-gray-700 hover:bg-gray-200
                                    cursor-pointer hover:scale-105
                                "><span class="text-base">😮</span><span>1</span></button><button class="p-1.5 hover:bg-gray-100 rounded-full transition-colors" title="See who reacted"><svg xmlns="http://www.w3.org/2000/svg" width="24" height="24" viewBox="0 0 24 24" fill="none" stroke="currentColor" stroke-width="2" stroke-linecap="round" stroke-linejoin="round" class="lucide lucide-chevron-down w-4 h-4 text-gray-600" aria-hidden="true"><path d="m6 9 6 6 6-6"></path></svg></button></div></div></div><div class="pt-6 border-t border-gray-100 mt-6"><div class="space-y-3"><div class="flex items-center justify-between"><div class="flex items-center gap-2"><svg xmlns="http://www.w3.org/2000/svg" width="24" height="24" viewBox="0 0 24 24" fill="none" stroke="currentColor" stroke-width="2" stroke-linecap="round" stroke-linejoin="round" class="lucide lucide-message-square w-4 h-4 text-gray-600" aria-hidden="true"><path d="M22 17a2 2 0 0 1-2 2H6.828a2 2 0 0 0-1.414.586l-2.202 2.202A.71.71 0 0 1 2 21.286V5a2 2 0 0 1 2-2h16a2 2 0 0 1 2 2z"></path></svg><h3 class="text-base font-semibold text-gray-900">Comments (5)</h3></div><button data-testid="add-comment-button" class="px-3 py-1.5 text-sm font-medium text-white bg-gray-900 rounded-md hover:bg-gray-800 transition-colors">Add Comment</button></div><div class="space-y-2"><div class=""><div class="bg-white rounded-md border border-gray-200 p-3"><div class="flex items-start justify-between mb-2"><div class="flex items-center gap-2"><div class="w-8 h-8 bg-gradient-to-br from-gray-700 to-gray-900 rounded-full flex items-center justify-center text-white font-semibold text-sm flex-shrink-0 cursor-pointer hover:ring-2 hover:ring-gray-900 hover:ring-offset-1 transition-all">J</div><div><div class="flex items-center gap-1.5"><span class="text-sm font-semibold text-gray-900 cursor-pointer hover:underline">John Doe</span></div><span class="text-xs text-gray-500">Nov 30, 2025, 06:17 PM</span></div></div><button class="p-1 hover:bg-gray-100 rounded-full transition-colors" type="button" id="radix-_r_c7_" aria-haspopup="menu" aria-expanded="false" data-state="closed"><svg xmlns="http://www.w3.org/2000/svg" width="24" height="24" viewBox="0 0 24 24" fill="none" stroke="currentColor" stroke-width="2" stroke-linecap="round" stroke-linejoin="round" class="lucide lucide-ellipsis-vertical w-4 h-4 text-gray-600" aria-hidden="true"><circle cx="12" cy="12" r="1"></circle><circle cx="12" cy="5" r="1"></circle><circle cx="12" cy="19" r="1"></circle></svg></button></div><p class="text-sm text-gray-800 whitespace-pre-wrap mb-2">This deserves more attention.</p><div class="flex items-center gap-3"><div class="flex items-center gap-3"><button data-testid="reaction-button-like" class="
                            group inline-flex items-center gap-1.5 px-3 py-1.5 rounded-md font-medium text-sm transition-all duration-200
                            bg-white text-gray-700 hover:bg-gray-50 border border-gray-300
                            cursor-pointer hover:scale-105
                        " type="button" id="radix-_r_c9_" aria-haspopup="menu" aria-expanded="false" data-state="closed"><span class="text-base">👍</span><span class="font-medium text-sm">Like</span></button></div><button data-testid="reply-button" class="flex items-center gap-1 text-sm text-gray-600 hover:text-gray-900 transition-colors"><svg xmlns="http://www.w3.org/2000/svg" width="24" height="24" viewBox="0 0 24 24" fill="none" stroke="currentColor" stroke-width="2" stroke-linecap="round" stroke-linejoin="round" class="lucide lucide-reply w-4 h-4" aria-hidden="true"><path d="M20 18v-2a4 4 0 0 0-4-4H4"></path><path d="m9 17-5-5 5-5"></path></svg>Reply</button></div></div><div class="mt-2 space-y-2"><div class="ml-10"><div class="bg-white rounded-md border border-gray-200 p-3"><div class="flex items-start justify-between mb-2"><div class="flex items-center gap-2"><div class="w-8 h-8 bg-gradient-to-br from-gray-700 to-gray-900 rounded-full flex items-center justify-center text-white font-semibold text-sm flex-shrink-0 cursor-pointer hover:ring-2 hover:ring-gray-900 hover:ring-offset-1 transition-all">L</div><div><div class="flex items-center gap-1.5"><span class="text-sm font-semibold text-gray-900 cursor-pointer hover:underline">Luke Garcia</span></div><span class="text-xs text-gray-500">Nov 30, 2025, 06:17 PM</span></div></div><button class="p-1 hover:bg-gray-100 rounded-full transition-colors" type="button" id="radix-_r_cb_" aria-haspopup="menu" aria-expanded="false" data-state="closed"><svg xmlns="http://www.w3.org/2000/svg" width="24" height="24" viewBox="0 0 24 24" fill="none" stroke="currentColor" stroke-width="2" stroke-linecap="round" stroke-linejoin="round" class="lucide lucide-ellipsis-vertical w-4 h-4 text-gray-600" aria-hidden="true"><circle cx="12" cy="12" r="1"></circle><circle cx="12" cy="5" r="1"></circle><circle cx="12" cy="19" r="1"></circle></svg></button></div><p class="text-sm text-gray-800 whitespace-pre-wrap mb-2">I agree with you!</p><div class="flex items-center gap-3"><div class="flex items-center gap-3"><button data-testid="reaction-button-like" class="
                            group inline-flex items-center gap-1.5 px-3 py-1.5 rounded-md font-medium text-sm transition-all duration-200
                            bg-white text-gray-700 hover:bg-gray-50 border border-gray-300
                            cursor-pointer hover:scale-105
                        " type="button" id="radix-_r_cd_" aria-haspopup="menu" aria-expanded="false" data-state="closed"><span class="text-base">👍</span><span class="font-medium text-sm">Like</span></button></div></div></div></div></div></div><div class=""><div class="bg-white rounded-md border border-gray-200 p-3"><div class="flex items-start justify-between mb-2"><div class="flex items-center gap-2"><div class="w-8 h-8 bg-gradient-to-br from-gray-700 to-gray-900 rounded-full flex items-center justify-center text-white font-semibold text-sm flex-shrink-0 cursor-pointer hover:ring-2 hover:ring-gray-900 hover:ring-offset-1 transition-all">A</div><div><div class="flex items-center gap-1.5"><span class="text-sm font-semibold text-gray-900 cursor-pointer hover:underline">Addison Martinez</span></div><span class="text-xs text-gray-500">Nov 30, 2025, 06:17 PM</span></div></div><button class="p-1 hover:bg-gray-100 rounded-full transition-colors" type="button" id="radix-_r_cl_" aria-haspopup="menu" aria-expanded="false" data-state="closed"><svg xmlns="http://www.w3.org/2000/svg" width="24" height="24" viewBox="0 0 24 24" fill="none" stroke="currentColor" stroke-width="2" stroke-linecap="round" stroke-linejoin="round" class="lucide lucide-ellipsis-vertical w-4 h-4 text-gray-600" aria-hidden="true"><circle cx="12" cy="12" r="1"></circle><circle cx="12" cy="5" r="1"></circle><circle cx="12" cy="19" r="1"></circle></svg></button></div><p class="text-sm text-gray-800 whitespace-pre-wrap mb-2">Brilliant insights here.</p><div class="flex items-center gap-3"><div class="flex items-center gap-3"><button data-testid="reaction-button-like" class="
                            group inline-flex items-center gap-1.5 px-3 py-1.5 rounded-md font-medium text-sm transition-all duration-200
                            bg-white text-gray-700 hover:bg-gray-50 border border-gray-300
                            cursor-pointer hover:scale-105
                        " type="button" id="radix-_r_cn_" aria-haspopup="menu" aria-expanded="false" data-state="closed"><span class="text-base">👍</span><span class="font-medium text-sm">Like</span></button></div><button data-testid="reply-button" class="flex items-center gap-1 text-sm text-gray-600 hover:text-gray-900 transition-colors"><svg xmlns="http://www.w3.org/2000/svg" width="24" height="24" viewBox="0 0 24 24" fill="none" stroke="currentColor" stroke-width="2" stroke-linecap="round" stroke-linejoin="round" class="lucide lucide-reply w-4 h-4" aria-hidden="true"><path d="M20 18v-2a4 4 0 0 0-4-4H4"></path><path d="m9 17-5-5 5-5"></path></svg>Reply</button></div></div><div class="mt-2 space-y-2"><div class="ml-10"><div class="bg-white rounded-md border border-gray-200 p-3"><div class="flex items-start justify-between mb-2"><div class="flex items-center gap-2"><div class="w-8 h-8 bg-gradient-to-br from-gray-700 to-gray-900 rounded-full flex items-center justify-center text-white font-semibold text-sm flex-shrink-0 cursor-pointer hover:ring-2 hover:ring-gray-900 hover:ring-offset-1 transition-all">M</div><div><div class="flex items-center gap-1.5"><span class="text-sm font-semibold text-gray-900 cursor-pointer hover:underline">Mia Davis</span></div><span class="text-xs text-gray-500">Nov 30, 2025, 06:17 PM</span></div></div><button class="p-1 hover:bg-gray-100 rounded-full transition-colors" type="button" id="radix-_r_cp_" aria-haspopup="menu" aria-expanded="false" data-state="closed"><svg xmlns="http://www.w3.org/2000/svg" width="24" height="24" viewBox="0 0 24 24" fill="none" stroke="currentColor" stroke-width="2" stroke-linecap="round" stroke-linejoin="round" class="lucide lucide-ellipsis-vertical w-4 h-4 text-gray-600" aria-hidden="true"><circle cx="12" cy="12" r="1"></circle><circle cx="12" cy="5" r="1"></circle><circle cx="12" cy="19" r="1"></circle></svg></button></div><p class="text-sm text-gray-800 whitespace-pre-wrap mb-2">Interesting perspective!</p><div class="flex items-center gap-3"><div class="flex items-center gap-3"><button data-testid="reaction-button-like" class="
                            group inline-flex items-center gap-1.5 px-3 py-1.5 rounded-md font-medium text-sm transition-all duration-200
                            bg-white text-gray-700 hover:bg-gray-50 border border-gray-300
                            cursor-pointer hover:scale-105
                        " type="button" id="radix-_r_cr_" aria-haspopup="menu" aria-expanded="false" data-state="closed"><span class="text-base">👍</span><span class="font-medium text-sm">Like</span></button></div></div></div></div><div class="ml-10"><div class="bg-white rounded-md border border-gray-200 p-3"><div class="flex items-start justify-between mb-2"><div class="flex items-center gap-2"><div class="w-8 h-8 bg-gradient-to-br from-gray-700 to-gray-900 rounded-full flex items-center justify-center text-white font-semibold text-sm flex-shrink-0 cursor-pointer hover:ring-2 hover:ring-gray-900 hover:ring-offset-1 transition-all">S</div><div><div class="flex items-center gap-1.5"><span class="text-sm font-semibold text-gray-900 cursor-pointer hover:underline">Sofia Anderson</span></div><span class="text-xs text-gray-500">Nov 30, 2025, 06:17 PM</span></div></div><button class="p-1 hover:bg-gray-100 rounded-full transition-colors" type="button" id="radix-_r_d0_" aria-haspopup="menu" aria-expanded="false" data-state="closed"><svg xmlns="http://www.w3.org/2000/svg" width="24" height="24" viewBox="0 0 24 24" fill="none" stroke="currentColor" stroke-width="2" stroke-linecap="round" stroke-linejoin="round" class="lucide lucide-ellipsis-vertical w-4 h-4 text-gray-600" aria-hidden="true"><circle cx="12" cy="12" r="1"></circle><circle cx="12" cy="5" r="1"></circle><circle cx="12" cy="19" r="1"></circle></svg></button></div><p class="text-sm text-gray-800 whitespace-pre-wrap mb-2">Thanks for your comment!</p><div class="flex items-center gap-3"><div class="flex items-center gap-3"><button data-testid="reaction-button-like" class="
                            group inline-flex items-center gap-1.5 px-3 py-1.5 rounded-md font-medium text-sm transition-all duration-200
                            bg-white text-gray-700 hover:bg-gray-50 border border-gray-300
                            cursor-pointer hover:scale-105
                        " type="button" id="radix-_r_d2_" aria-haspopup="menu" aria-expanded="false" data-state="closed"><span class="text-base">👍</span><span class="font-medium text-sm">Like</span></button></div></div></div></div></div></div><div class=""><div class="bg-white rounded-md border border-gray-200 p-3"><div class="flex items-start justify-between mb-2"><div class="flex items-center gap-2"><div class="w-8 h-8 bg-gradient-to-br from-gray-700 to-gray-900 rounded-full flex items-center justify-center text-white font-semibold text-sm flex-shrink-0 cursor-pointer hover:ring-2 hover:ring-gray-900 hover:ring-offset-1 transition-all">L</div><div><div class="flex items-center gap-1.5"><span class="text-sm font-semibold text-gray-900 cursor-pointer hover:underline">Lily Martinez</span></div><span class="text-xs text-gray-500">Nov 30, 2025, 06:17 PM</span></div></div><button class="p-1 hover:bg-gray-100 rounded-full transition-colors" type="button" id="radix-_r_da_" aria-haspopup="menu" aria-expanded="false" data-state="closed"><svg xmlns="http://www.w3.org/2000/svg" width="24" height="24" viewBox="0 0 24 24" fill="none" stroke="currentColor" stroke-width="2" stroke-linecap="round" stroke-linejoin="round" class="lucide lucide-ellipsis-vertical w-4 h-4 text-gray-600" aria-hidden="true"><circle cx="12" cy="12" r="1"></circle><circle cx="12" cy="5" r="1"></circle><circle cx="12" cy="19" r="1"></circle></svg></button></div><p class="text-sm text-gray-800 whitespace-pre-wrap mb-2">Could you elaborate more on this?</p><div class="flex items-center gap-3"><div class="flex items-center gap-3"><button data-testid="reaction-button-like" class="
                            group inline-flex items-center gap-1.5 px-3 py-1.5 rounded-md font-medium text-sm transition-all duration-200
                            bg-white text-gray-700 hover:bg-gray-50 border border-gray-300
                            cursor-pointer hover:scale-105
                        " type="button" id="radix-_r_dc_" aria-haspopup="menu" aria-expanded="false" data-state="closed"><span class="text-base">👍</span><span class="font-medium text-sm">Like</span></button></div><button data-testid="reply-button" class="flex items-center gap-1 text-sm text-gray-600 hover:text-gray-900 transition-colors"><svg xmlns="http://www.w3.org/2000/svg" width="24" height="24" viewBox="0 0 24 24" fill="none" stroke="currentColor" stroke-width="2" stroke-linecap="round" stroke-linejoin="round" class="lucide lucide-reply w-4 h-4" aria-hidden="true"><path d="M20 18v-2a4 4 0 0 0-4-4H4"></path><path d="m9 17-5-5 5-5"></path></svg>Reply</button></div></div><div class="mt-2 space-y-2"><div class="ml-10"><div class="bg-white rounded-md border border-gray-200 p-3"><div class="flex items-start justify-between mb-2"><div class="flex items-center gap-2"><div class="w-8 h-8 bg-gradient-to-br from-gray-700 to-gray-900 rounded-full flex items-center justify-center text-white font-semibold text-sm flex-shrink-0 cursor-pointer hover:ring-2 hover:ring-gray-900 hover:ring-offset-1 transition-all">O</div><div><div class="flex items-center gap-1.5"><span class="text-sm font-semibold text-gray-900 cursor-pointer hover:underline">Owen Anderson</span></div><span class="text-xs text-gray-500">Nov 30, 2025, 06:17 PM</span></div></div><button class="p-1 hover:bg-gray-100 rounded-full transition-colors" type="button" id="radix-_r_de_" aria-haspopup="menu" aria-expanded="false" data-state="closed"><svg xmlns="http://www.w3.org/2000/svg" width="24" height="24" viewBox="0 0 24 24" fill="none" stroke="currentColor" stroke-width="2" stroke-linecap="round" stroke-linejoin="round" class="lucide lucide-ellipsis-vertical w-4 h-4 text-gray-600" aria-hidden="true"><circle cx="12" cy="12" r="1"></circle><circle cx="12" cy="5" r="1"></circle><circle cx="12" cy="19" r="1"></circle></svg></button></div><p class="text-sm text-gray-800 whitespace-pre-wrap mb-2">Thanks for clarifying.</p><div class="flex items-center gap-3"><div class="flex items-center gap-3"><button data-testid="reaction-button-like" class="
                            group inline-flex items-center gap-1.5 px-3 py-1.5 rounded-md font-medium text-sm transition-all duration-200
                            bg-white text-gray-700 hover:bg-gray-50 border border-gray-300
                            cursor-pointer hover:scale-105
                        " type="button" id="radix-_r_dg_" aria-haspopup="menu" aria-expanded="false" data-state="closed"><span class="text-base">👍</span><span class="font-medium text-sm">Like</span></button></div></div></div></div></div></div><div class=""><div class="bg-white rounded-md border border-gray-200 p-3"><div class="flex items-start justify-between mb-2"><div class="flex items-center gap-2"><div class="w-8 h-8 bg-gradient-to-br from-gray-700 to-gray-900 rounded-full flex items-center justify-center text-white font-semibold text-sm flex-shrink-0 cursor-pointer hover:ring-2 hover:ring-gray-900 hover:ring-offset-1 transition-all">C</div><div><div class="flex items-center gap-1.5"><span class="text-sm font-semibold text-gray-900 cursor-pointer hover:underline">Charlotte Johnson</span></div><span class="text-xs text-gray-500">Nov 30, 2025, 06:17 PM</span></div></div><button class="p-1 hover:bg-gray-100 rounded-full transition-colors" type="button" id="radix-_r_do_" aria-haspopup="menu" aria-expanded="false" data-state="closed"><svg xmlns="http://www.w3.org/2000/svg" width="24" height="24" viewBox="0 0 24 24" fill="none" stroke="currentColor" stroke-width="2" stroke-linecap="round" stroke-linejoin="round" class="lucide lucide-ellipsis-vertical w-4 h-4 text-gray-600" aria-hidden="true"><circle cx="12" cy="12" r="1"></circle><circle cx="12" cy="5" r="1"></circle><circle cx="12" cy="19" r="1"></circle></svg></button></div><p class="text-sm text-gray-800 whitespace-pre-wrap mb-2">I have some thoughts on this...</p><div class="flex items-center gap-3"><div class="flex items-center gap-3"><button data-testid="reaction-button-like" class="
                            group inline-flex items-center gap-1.5 px-3 py-1.5 rounded-md font-medium text-sm transition-all duration-200
                            bg-white text-gray-700 hover:bg-gray-50 border border-gray-300
                            cursor-pointer hover:scale-105
                        " type="button" id="radix-_r_dq_" aria-haspopup="menu" aria-expanded="false" data-state="closed"><span class="text-base">👍</span><span class="font-medium text-sm">Like</span></button></div><button data-testid="reply-button" class="flex items-center gap-1 text-sm text-gray-600 hover:text-gray-900 transition-colors"><svg xmlns="http://www.w3.org/2000/svg" width="24" height="24" viewBox="0 0 24 24" fill="none" stroke="currentColor" stroke-width="2" stroke-linecap="round" stroke-linejoin="round" class="lucide lucide-reply w-4 h-4" aria-hidden="true"><path d="M20 18v-2a4 4 0 0 0-4-4H4"></path><path d="m9 17-5-5 5-5"></path></svg>Reply</button></div></div></div><div class=""><div class="bg-white rounded-md border border-gray-200 p-3"><div class="flex items-start justify-between mb-2"><div class="flex items-center gap-2"><div class="w-8 h-8 bg-gradient-to-br from-gray-700 to-gray-900 rounded-full flex items-center justify-center text-white font-semibold text-sm flex-shrink-0 cursor-pointer hover:ring-2 hover:ring-gray-900 hover:ring-offset-1 transition-all">L</div><div><div class="flex items-center gap-1.5"><span class="text-sm font-semibold text-gray-900 cursor-pointer hover:underline">Luke Wilson</span></div><span class="text-xs text-gray-500">Nov 30, 2025, 06:17 PM</span></div></div><button class="p-1 hover:bg-gray-100 rounded-full transition-colors" type="button" id="radix-_r_dv_" aria-haspopup="menu" aria-expanded="false" data-state="closed"><svg xmlns="http://www.w3.org/2000/svg" width="24" height="24" viewBox="0 0 24 24" fill="none" stroke="currentColor" stroke-width="2" stroke-linecap="round" stroke-linejoin="round" class="lucide lucide-ellipsis-vertical w-4 h-4 text-gray-600" aria-hidden="true"><circle cx="12" cy="12" r="1"></circle><circle cx="12" cy="5" r="1"></circle><circle cx="12" cy="19" r="1"></circle></svg></button></div><p class="text-sm text-gray-800 whitespace-pre-wrap mb-2">This is exactly what I needed to hear.</p><div class="flex items-center gap-3"><div class="flex items-center gap-3"><button data-testid="reaction-button-like" class="
                            group inline-flex items-center gap-1.5 px-3 py-1.5 rounded-md font-medium text-sm transition-all duration-200
                            bg-white text-gray-700 hover:bg-gray-50 border border-gray-300
                            cursor-pointer hover:scale-105
                        " type="button" id="radix-_r_e1_" aria-haspopup="menu" aria-expanded="false" data-state="closed"><span class="text-base">👍</span><span class="font-medium text-sm">Like</span></button></div><button data-testid="reply-button" class="flex items-center gap-1 text-sm text-gray-600 hover:text-gray-900 transition-colors"><svg xmlns="http://www.w3.org/2000/svg" width="24" height="24" viewBox="0 0 24 24" fill="none" stroke="currentColor" stroke-width="2" stroke-linecap="round" stroke-linejoin="round" class="lucide lucide-reply w-4 h-4" aria-hidden="true"><path d="M20 18v-2a4 4 0 0 0-4-4H4"></path><path d="m9 17-5-5 5-5"></path></svg>Reply</button></div></div><div class="mt-2 space-y-2"><div class="ml-10"><div class="bg-white rounded-md border border-gray-200 p-3"><div class="flex items-start justify-between mb-2"><div class="flex items-center gap-2"><div class="w-8 h-8 bg-gradient-to-br from-gray-700 to-gray-900 rounded-full flex items-center justify-center text-white font-semibold text-sm flex-shrink-0 cursor-pointer hover:ring-2 hover:ring-gray-900 hover:ring-offset-1 transition-all">L</div><div><div class="flex items-center gap-1.5"><span class="text-sm font-semibold text-gray-900 cursor-pointer hover:underline">Liam Garcia</span></div><span class="text-xs text-gray-500">Nov 30, 2025, 06:17 PM</span></div></div><button class="p-1 hover:bg-gray-100 rounded-full transition-colors" type="button" id="radix-_r_e3_" aria-haspopup="menu" aria-expanded="false" data-state="closed"><svg xmlns="http://www.w3.org/2000/svg" width="24" height="24" viewBox="0 0 24 24" fill="none" stroke="currentColor" stroke-width="2" stroke-linecap="round" stroke-linejoin="round" class="lucide lucide-ellipsis-vertical w-4 h-4 text-gray-600" aria-hidden="true"><circle cx="12" cy="12" r="1"></circle><circle cx="12" cy="5" r="1"></circle><circle cx="12" cy="19" r="1"></circle></svg></button></div><p class="text-sm text-gray-800 whitespace-pre-wrap mb-2">Great addition to the discussion!</p><div class="flex items-center gap-3"><div class="flex items-center gap-3"><button data-testid="reaction-button-like" class="
                            group inline-flex items-center gap-1.5 px-3 py-1.5 rounded-md font-medium text-sm transition-all duration-200
                            bg-white text-gray-700 hover:bg-gray-50 border border-gray-300
                            cursor-pointer hover:scale-105
                        " type="button" id="radix-_r_e5_" aria-haspopup="menu" aria-expanded="false" data-state="closed"><span class="text-base">👍</span><span class="font-medium text-sm">Like</span></button></div></div></div></div><div class="ml-10"><div class="bg-white rounded-md border border-gray-200 p-3"><div class="flex items-start justify-between mb-2"><div class="flex items-center gap-2"><div class="w-8 h-8 bg-gradient-to-br from-gray-700 to-gray-900 rounded-full flex items-center justify-center text-white font-semibold text-sm flex-shrink-0 cursor-pointer hover:ring-2 hover:ring-gray-900 hover:ring-offset-1 transition-all">A</div><div><div class="flex items-center gap-1.5"><span class="text-sm font-semibold text-gray-900 cursor-pointer hover:underline">Addison Garcia</span></div><span class="text-xs text-gray-500">Nov 30, 2025, 06:17 PM</span></div></div><button class="p-1 hover:bg-gray-100 rounded-full transition-colors" type="button" id="radix-_r_ea_" aria-haspopup="menu" aria-expanded="false" data-state="closed"><svg xmlns="http://www.w3.org/2000/svg" width="24" height="24" viewBox="0 0 24 24" fill="none" stroke="currentColor" stroke-width="2" stroke-linecap="round" stroke-linejoin="round" class="lucide lucide-ellipsis-vertical w-4 h-4 text-gray-600" aria-hidden="true"><circle cx="12" cy="12" r="1"></circle><circle cx="12" cy="5" r="1"></circle><circle cx="12" cy="19" r="1"></circle></svg></button></div><p class="text-sm text-gray-800 whitespace-pre-wrap mb-2">I see what you mean.</p><div class="flex items-center gap-3"><div class="flex items-center gap-3"><button data-testid="reaction-button-like" class="
                            group inline-flex items-center gap-1.5 px-3 py-1.5 rounded-md font-medium text-sm transition-all duration-200
                            bg-white text-gray-700 hover:bg-gray-50 border border-gray-300
                            cursor-pointer hover:scale-105
                        " type="button" id="radix-_r_ec_" aria-haspopup="menu" aria-expanded="false" data-state="closed"><span class="text-base">👍</span><span class="font-medium text-sm">Like</span></button></div></div></div></div></div></div></div></div></div></div></article></div></main><footer class="mt-16 py-8 border-t border-gray-200 bg-white"><div class="max-w-5xl mx-auto px-4 text-center text-sm text-gray-500"><p>Built with Laravel, Inertia.js, React &amp; shadcn/ui</p></div></footer></div><div role="region" aria-label="Notifications (F8)" tabindex="-1" style="pointer-events: none;"><ol tabindex="-1" class="fixed top-0 z-[100] flex max-h-screen w-full flex-col-reverse p-4 sm:bottom-0 sm:right-0 sm:top-auto sm:flex-col md:max-w-[420px]"></ol></div></div><script type="text/javascript">
var phpdebugbar = new PhpDebugBar.DebugBar({"theme":"auto","hideEmptyTabs":true});
phpdebugbar.addTab("request", new PhpDebugBar.DebugBar.Tab({"icon":"tags","order":-100,"title":"Request", "widget": new PhpDebugBar.Widgets.HtmlVariableListWidget()}));
phpdebugbar.addTab("messages", new PhpDebugBar.DebugBar.Tab({"icon":"list-alt","title":"Messages", "widget": new PhpDebugBar.Widgets.MessagesWidget()}));
phpdebugbar.addIndicator("time", new PhpDebugBar.DebugBar.Indicator({"icon":"clock-o","tooltip":"Request Duration","link":"timeline"}), "right");
phpdebugbar.addTab("timeline", new PhpDebugBar.DebugBar.Tab({"icon":"tasks","title":"Timeline", "widget": new PhpDebugBar.Widgets.TimelineWidget()}));
phpdebugbar.addIndicator("memory", new PhpDebugBar.DebugBar.Indicator({"icon":"cogs","tooltip":"Memory Usage"}), "right");
phpdebugbar.addTab("exceptions", new PhpDebugBar.DebugBar.Tab({"icon":"bug","title":"Exceptions", "widget": new PhpDebugBar.Widgets.ExceptionsWidget()}));
phpdebugbar.addIndicator("version", new PhpDebugBar.DebugBar.Indicator({"icon":"laravel phpdebugbar-fab"}), "right");
phpdebugbar.addTab("views", new PhpDebugBar.DebugBar.Tab({"icon":"leaf","title":"Views", "widget": new PhpDebugBar.Widgets.TemplatesWidget()}));
phpdebugbar.addTab("queries", new PhpDebugBar.DebugBar.Tab({"icon":"database","title":"Queries", "widget": new PhpDebugBar.Widgets.LaravelQueriesWidget()}));
phpdebugbar.addTab("models", new PhpDebugBar.DebugBar.Tab({"icon":"cubes","title":"Models", "widget": new PhpDebugBar.Widgets.TableVariableListWidget()}));
phpdebugbar.addTab("emails", new PhpDebugBar.DebugBar.Tab({"icon":"inbox","title":"Mails", "widget": new PhpDebugBar.Widgets.MailsWidget()}));
phpdebugbar.addTab("gate", new PhpDebugBar.DebugBar.Tab({"icon":"list-alt","title":"Gate", "widget": new PhpDebugBar.Widgets.MessagesWidget()}));
phpdebugbar.addIndicator("currentrequest", new PhpDebugBar.DebugBar.Indicator({"icon":"share","link":"request"}), "right");
phpdebugbar.setDataMap({
"request": ["request.data", {}],
"messages": ["messages.messages", []],
"messages:badge": ["messages.count", null],
"time": ["time.duration_str", '0ms'],
"timeline": ["time", {}],
"memory": ["memory.peak_usage_str", '0B'],
"exceptions": ["exceptions.exceptions", []],
"exceptions:badge": ["exceptions.count", null],
"version": ["laravel.version", ],
"version:tooltip": ["laravel.tooltip", {}],
"views": ["views", []],
"views:badge": ["views.nb_templates", 0],
"queries": ["queries", []],
"queries:badge": ["queries.nb_statements", 0],
"models": ["models", {}],
"models:badge": ["models.count", 0],
"emails": ["symfonymailer_mails.mails", []],
"emails:badge": ["symfonymailer_mails.count", null],
"gate": ["gate.messages", []],
"gate:badge": ["gate.count", null],
"request:badge": ["request.badge", null],
"currentrequest": ["request.data.uri", ],
"currentrequest:tooltip": ["request.tooltip", {}]
});
phpdebugbar.restoreState();
phpdebugbar.enableAjaxHandlerTab();
phpdebugbar.ajaxHandler = new PhpDebugBar.AjaxHandler(phpdebugbar, undefined, true);
phpdebugbar.ajaxHandler.bindToFetch();
phpdebugbar.ajaxHandler.bindToXHR();
phpdebugbar.setOpenHandler(new PhpDebugBar.OpenHandler({"url":"http:\/\/127.0.0.1:8000\/_debugbar\/open"}));
phpdebugbar.addDataSet({"__meta":{"id":"01KBAQRDRJ6JQT7ZVS4XGHXDQP","datetime":"2025-11-30 15:57:58","utime":1764518278.930393,"method":"GET","uri":"\/login","ip":"127.0.0.1"},"messages":{"count":0,"messages":[]},"time":{"count":5,"start":1764518278.891634,"end":1764518278.930412,"duration":0.038778066635131836,"duration_str":"38.78ms","measures":[{"label":"Booting","start":1764518278.891634,"relative_start":0,"end":1764518278.915347,"relative_end":1764518278.915347,"duration":0.023713111877441406,"duration_str":"23.71ms","memory":0,"memory_str":"0B","params":[],"collector":"time","group":null},{"label":"Application","start":1764518278.915362,"relative_start":0.023727893829345703,"end":1764518278.930415,"relative_end":2.86102294921875e-6,"duration":0.015053033828735352,"duration_str":"15.05ms","memory":0,"memory_str":"0B","params":[],"collector":"time","group":null},{"label":"Routing","start":1764518278.917369,"relative_start":0.025734901428222656,"end":1764518278.917673,"relative_end":1764518278.917673,"duration":0.00030422210693359375,"duration_str":"304\u03bcs","memory":0,"memory_str":"0B","params":[],"collector":null,"group":null},{"label":"Preparing Response","start":1764518278.918366,"relative_start":0.02673196792602539,"end":1764518278.927681,"relative_end":1764518278.927681,"duration":0.009315013885498047,"duration_str":"9.32ms","memory":0,"memory_str":"0B","params":[],"collector":null,"group":null},{"label":"View: Auth\/Login","start":1764518278.919316,"relative_start":0.027682065963745117,"end":1764518278.919316,"relative_end":1764518278.919316,"duration":0,"duration_str":"0\u03bcs","memory":0,"memory_str":"0B","params":[],"collector":"views","group":"View"}]},"memory":{"peak_usage":1761000,"peak_usage_str":"2MB"},"exceptions":{"count":0,"exceptions":[]},"laravel":{"version":"12.x","tooltip":{"Laravel Version":"12.40.2","PHP Version":"8.4.15","Environment":"local","Debug Mode":"Enabled","URL":"localhost","Timezone":"UTC","Locale":"en"}},"views":{"count":1,"nb_templates":1,"templates":[{"name":"Auth\/Login","param_count":null,"params":[],"start":1764518278.9193,"type":"blade","hash":"blade\/Users\/vahan\/Herd\/laravel-react-reactions\/packages\/truefans\/laravel-react-reactions\/workbench\/resources\/views\/app.blade.phpAuth\/Login","xdebug_link":{"url":"phpstorm:\/\/open?file=%2FUsers%2Fvahan%2FHerd%2Flaravel-react-reactions%2Fpackages%2Ftruefans%2Flaravel-react-reactions%2Fworkbench%2Fresources%2Fviews%2Fapp.blade.php\u0026line=1","ajax":false,"filename":"app.blade.php","line":"?"}}]},"queries":{"count":0,"nb_statements":0,"nb_visible_statements":0,"nb_excluded_statements":0,"nb_failed_statements":0,"accumulated_duration":0,"accumulated_duration_str":"0\u03bcs","memory_usage":0,"memory_usage_str":null,"statements":[]},"models":{"data":[],"count":0,"key_map":{"retrieved":"Retrieved","created":"Created","updated":"Updated","deleted":"Deleted"},"is_counter":true,"badges":[]},"symfonymailer_mails":{"count":0,"mails":[]},"gate":{"count":0,"messages":[]},"request":{"data":{"status":"200 OK","full_url":"http:\/\/127.0.0.1:8000\/login","action_name":"login","controller_action":"Workbench\\App\\Http\\Controllers\\AuthController@showLogin","uri":"GET login","controller":"Workbench\\App\\Http\\Controllers\\AuthController@showLogin\u003Ca href=\u0022phpstorm:\/\/open?file=%2FUsers%2Fvahan%2FHerd%2Flaravel-react-reactions%2Fpackages%2Ftruefans%2Flaravel-react-reactions%2Fworkbench%2Fapp%2FHttp%2FControllers%2FAuthController.php\u0026line=14\u0022 class=\u0022phpdebugbar-widgets-editor-link\u0022\u003E\u003C\/a\u003E","file":"\u003Ca href=\u0022phpstorm:\/\/open?file=%2FUsers%2Fvahan%2FHerd%2Flaravel-react-reactions%2Fpackages%2Ftruefans%2Flaravel-react-reactions%2Fworkbench%2Fapp%2FHttp%2FControllers%2FAuthController.php\u0026line=14\u0022 onclick=\u0022\u0022 class=\u0022phpdebugbar-widgets-editor-link\u0022\u003EUsers\/vahan\/Herd\/laravel-react-reactions\/packages\/truefans\/laravel-react-reactions\/workbench\/app\/Http\/Controllers\/AuthController.php:14-17\u003C\/a\u003E","middleware":"web","duration":"38.76ms","peak_memory":"4MB","response":"text\/html; charset=utf-8","request_format":"html","request_query":"\u003Cpre class=sf-dump id=sf-dump-495857015 data-indent-pad=\u0022  \u0022\u003E[]\n\u003C\/pre\u003E\u003Cscript\u003ESfdump(\u0022sf-dump-495857015\u0022, {\u0022maxDepth\u0022:0})\u003C\/script\u003E\n","request_request":"\u003Cpre class=sf-dump id=sf-dump-1944102245 data-indent-pad=\u0022  \u0022\u003E[]\n\u003C\/pre\u003E\u003Cscript\u003ESfdump(\u0022sf-dump-1944102245\u0022, {\u0022maxDepth\u0022:0})\u003C\/script\u003E\n","request_headers":"\u003Cpre class=sf-dump id=sf-dump-786267623 data-indent-pad=\u0022  \u0022\u003E\u003Cspan class=sf-dump-note\u003Earray:14\u003C\/span\u003E [\u003Csamp data-depth=1 class=sf-dump-expanded\u003E\n  \u0022\u003Cspan class=sf-dump-key\u003Ehost\u003C\/span\u003E\u0022 =\u003E \u003Cspan class=sf-dump-note\u003Earray:1\u003C\/span\u003E [\u003Csamp data-depth=2 class=sf-dump-compact\u003E\n    \u003Cspan class=sf-dump-index\u003E0\u003C\/span\u003E =\u003E \u0022\u003Cspan class=sf-dump-str title=\u002214 characters\u0022\u003E127.0.0.1:8000\u003C\/span\u003E\u0022\n  \u003C\/samp\u003E]\n  \u0022\u003Cspan class=sf-dump-key\u003Econnection\u003C\/span\u003E\u0022 =\u003E \u003Cspan class=sf-dump-note\u003Earray:1\u003C\/span\u003E [\u003Csamp data-depth=2 class=sf-dump-compact\u003E\n    \u003Cspan class=sf-dump-index\u003E0\u003C\/span\u003E =\u003E \u0022\u003Cspan class=sf-dump-str title=\u002210 characters\u0022\u003Ekeep-alive\u003C\/span\u003E\u0022\n  \u003C\/samp\u003E]\n  \u0022\u003Cspan class=sf-dump-key\u003Esec-ch-ua\u003C\/span\u003E\u0022 =\u003E \u003Cspan class=sf-dump-note\u003Earray:1\u003C\/span\u003E [\u003Csamp data-depth=2 class=sf-dump-compact\u003E\n    \u003Cspan class=sf-dump-index\u003E0\u003C\/span\u003E =\u003E \u0022\u003Cspan class=sf-dump-str title=\u002266 characters\u0022\u003E\u0026quot;HeadlessChrome\u0026quot;;v=\u0026quot;143\u0026quot;, \u0026quot;Chromium\u0026quot;;v=\u0026quot;143\u0026quot;, \u0026quot;Not A(Brand\u0026quot;;v=\u0026quot;24\u0026quot;\u003C\/span\u003E\u0022\n  \u003C\/samp\u003E]\n  \u0022\u003Cspan class=sf-dump-key\u003Esec-ch-ua-mobile\u003C\/span\u003E\u0022 =\u003E \u003Cspan class=sf-dump-note\u003Earray:1\u003C\/span\u003E [\u003Csamp data-depth=2 class=sf-dump-compact\u003E\n    \u003Cspan class=sf-dump-index\u003E0\u003C\/span\u003E =\u003E \u0022\u003Cspan class=sf-dump-str title=\u00222 characters\u0022\u003E?0\u003C\/span\u003E\u0022\n  \u003C\/samp\u003E]\n  \u0022\u003Cspan class=sf-dump-key\u003Esec-ch-ua-platform\u003C\/span\u003E\u0022 =\u003E \u003Cspan class=sf-dump-note\u003Earray:1\u003C\/span\u003E [\u003Csamp data-depth=2 class=sf-dump-compact\u003E\n    \u003Cspan class=sf-dump-index\u003E0\u003C\/span\u003E =\u003E \u0022\u003Cspan class=sf-dump-str title=\u00229 characters\u0022\u003E\u0026quot;Windows\u0026quot;\u003C\/span\u003E\u0022\n  \u003C\/samp\u003E]\n  \u0022\u003Cspan class=sf-dump-key\u003Eupgrade-insecure-requests\u003C\/span\u003E\u0022 =\u003E \u003Cspan class=sf-dump-note\u003Earray:1\u003C\/span\u003E [\u003Csamp data-depth=2 class=sf-dump-compact\u003E\n    \u003Cspan class=sf-dump-index\u003E0\u003C\/span\u003E =\u003E \u0022\u003Cspan class=sf-dump-str\u003E1\u003C\/span\u003E\u0022\n  \u003C\/samp\u003E]\n  \u0022\u003Cspan class=sf-dump-key\u003Euser-agent\u003C\/span\u003E\u0022 =\u003E \u003Cspan class=sf-dump-note\u003Earray:1\u003C\/span\u003E [\u003Csamp data-depth=2 class=sf-dump-compact\u003E\n    \u003Cspan class=sf-dump-index\u003E0\u003C\/span\u003E =\u003E \u0022\u003Cspan class=sf-dump-str title=\u0022114 characters\u0022\u003EMozilla\/5.0 (Windows NT 10.0; Win64; x64) AppleWebKit\/537.36 (KHTML, like Gecko) Chrome\/143.0.7499.4 Safari\/537.36\u003C\/span\u003E\u0022\n  \u003C\/samp\u003E]\n  \u0022\u003Cspan class=sf-dump-key\u003Eaccept-language\u003C\/span\u003E\u0022 =\u003E \u003Cspan class=sf-dump-note\u003Earray:1\u003C\/span\u003E [\u003Csamp data-depth=2 class=sf-dump-compact\u003E\n    \u003Cspan class=sf-dump-index\u003E0\u003C\/span\u003E =\u003E \u0022\u003Cspan class=sf-dump-str title=\u00225 characters\u0022\u003Een-US\u003C\/span\u003E\u0022\n  \u003C\/samp\u003E]\n  \u0022\u003Cspan class=sf-dump-key\u003Eaccept\u003C\/span\u003E\u0022 =\u003E \u003Cspan class=sf-dump-note\u003Earray:1\u003C\/span\u003E [\u003Csamp data-depth=2 class=sf-dump-compact\u003E\n    \u003Cspan class=sf-dump-index\u003E0\u003C\/span\u003E =\u003E \u0022\u003Cspan class=sf-dump-str title=\u0022135 characters\u0022\u003Etext\/html,application\/xhtml+xml,application\/xml;q=0.9,image\/avif,image\/webp,image\/apng,*\/*;q=0.8,application\/signed-exchange;v=b3;q=0.7\u003C\/span\u003E\u0022\n  \u003C\/samp\u003E]\n  \u0022\u003Cspan class=sf-dump-key\u003Esec-fetch-site\u003C\/span\u003E\u0022 =\u003E \u003Cspan class=sf-dump-note\u003Earray:1\u003C\/span\u003E [\u003Csamp data-depth=2 class=sf-dump-compact\u003E\n    \u003Cspan class=sf-dump-index\u003E0\u003C\/span\u003E =\u003E \u0022\u003Cspan class=sf-dump-str title=\u00224 characters\u0022\u003Enone\u003C\/span\u003E\u0022\n  \u003C\/samp\u003E]\n  \u0022\u003Cspan class=sf-dump-key\u003Esec-fetch-mode\u003C\/span\u003E\u0022 =\u003E \u003Cspan class=sf-dump-note\u003Earray:1\u003C\/span\u003E [\u003Csamp data-depth=2 class=sf-dump-compact\u003E\n    \u003Cspan class=sf-dump-index\u003E0\u003C\/span\u003E =\u003E \u0022\u003Cspan class=sf-dump-str title=\u00228 characters\u0022\u003Enavigate\u003C\/span\u003E\u0022\n  \u003C\/samp\u003E]\n  \u0022\u003Cspan class=sf-dump-key\u003Esec-fetch-user\u003C\/span\u003E\u0022 =\u003E \u003Cspan class=sf-dump-note\u003Earray:1\u003C\/span\u003E [\u003Csamp data-depth=2 class=sf-dump-compact\u003E\n    \u003Cspan class=sf-dump-index\u003E0\u003C\/span\u003E =\u003E \u0022\u003Cspan class=sf-dump-str title=\u00222 characters\u0022\u003E?1\u003C\/span\u003E\u0022\n  \u003C\/samp\u003E]\n  \u0022\u003Cspan class=sf-dump-key\u003Esec-fetch-dest\u003C\/span\u003E\u0022 =\u003E \u003Cspan class=sf-dump-note\u003Earray:1\u003C\/span\u003E [\u003Csamp data-depth=2 class=sf-dump-compact\u003E\n    \u003Cspan class=sf-dump-index\u003E0\u003C\/span\u003E =\u003E \u0022\u003Cspan class=sf-dump-str title=\u00228 characters\u0022\u003Edocument\u003C\/span\u003E\u0022\n  \u003C\/samp\u003E]\n  \u0022\u003Cspan class=sf-dump-key\u003Eaccept-encoding\u003C\/span\u003E\u0022 =\u003E \u003Cspan class=sf-dump-note\u003Earray:1\u003C\/span\u003E [\u003Csamp data-depth=2 class=sf-dump-compact\u003E\n    \u003Cspan class=sf-dump-index\u003E0\u003C\/span\u003E =\u003E \u0022\u003Cspan class=sf-dump-str title=\u002223 characters\u0022\u003Egzip, deflate, br, zstd\u003C\/span\u003E\u0022\n  \u003C\/samp\u003E]\n\u003C\/samp\u003E]\n\u003C\/pre\u003E\u003Cscript\u003ESfdump(\u0022sf-dump-786267623\u0022, {\u0022maxDepth\u0022:0})\u003C\/script\u003E\n","request_cookies":"\u003Cpre class=sf-dump id=sf-dump-1965187497 data-indent-pad=\u0022  \u0022\u003E[]\n\u003C\/pre\u003E\u003Cscript\u003ESfdump(\u0022sf-dump-1965187497\u0022, {\u0022maxDepth\u0022:0})\u003C\/script\u003E\n","response_headers":"\u003Cpre class=sf-dump id=sf-dump-1176157373 data-indent-pad=\u0022  \u0022\u003E\u003Cspan class=sf-dump-note\u003Earray:3\u003C\/span\u003E [\u003Csamp data-depth=1 class=sf-dump-expanded\u003E\n  \u0022\u003Cspan class=sf-dump-key\u003Ecache-control\u003C\/span\u003E\u0022 =\u003E \u003Cspan class=sf-dump-note\u003Earray:1\u003C\/span\u003E [\u003Csamp data-depth=2 class=sf-dump-compact\u003E\n    \u003Cspan class=sf-dump-index\u003E0\u003C\/span\u003E =\u003E \u0022\u003Cspan class=sf-dump-str title=\u002217 characters\u0022\u003Eno-cache, private\u003C\/span\u003E\u0022\n  \u003C\/samp\u003E]\n  \u0022\u003Cspan class=sf-dump-key\u003Edate\u003C\/span\u003E\u0022 =\u003E \u003Cspan class=sf-dump-note\u003Earray:1\u003C\/span\u003E [\u003Csamp data-depth=2 class=sf-dump-compact\u003E\n    \u003Cspan class=sf-dump-index\u003E0\u003C\/span\u003E =\u003E \u0022\u003Cspan class=sf-dump-str title=\u002229 characters\u0022\u003ESun, 30 Nov 2025 15:57:58 GMT\u003C\/span\u003E\u0022\n  \u003C\/samp\u003E]\n  \u0022\u003Cspan class=sf-dump-key\u003Econtent-type\u003C\/span\u003E\u0022 =\u003E \u003Cspan class=sf-dump-note\u003Earray:1\u003C\/span\u003E [\u003Csamp data-depth=2 class=sf-dump-compact\u003E\n    \u003Cspan class=sf-dump-index\u003E0\u003C\/span\u003E =\u003E \u0022\u003Cspan class=sf-dump-str title=\u002224 characters\u0022\u003Etext\/html; charset=utf-8\u003C\/span\u003E\u0022\n  \u003C\/samp\u003E]\n\u003C\/samp\u003E]\n\u003C\/pre\u003E\u003Cscript\u003ESfdump(\u0022sf-dump-1176157373\u0022, {\u0022maxDepth\u0022:0})\u003C\/script\u003E\n","session_attributes":"\u003Cpre class=sf-dump id=sf-dump-268350441 data-indent-pad=\u0022  \u0022\u003E\u003Cspan class=sf-dump-note\u003Earray:1\u003C\/span\u003E [\u003Csamp data-depth=1 class=sf-dump-expanded\u003E\n  \u0022\u003Cspan class=sf-dump-key\u003E_token\u003C\/span\u003E\u0022 =\u003E \u0022\u003Cspan class=sf-dump-str title=\u002240 characters\u0022\u003EJea8AMN3c53E2aYyfJuDje541g5KILopIHcCrQKb\u003C\/span\u003E\u0022\n\u003C\/samp\u003E]\n\u003C\/pre\u003E\u003Cscript\u003ESfdump(\u0022sf-dump-268350441\u0022, {\u0022maxDepth\u0022:0})\u003C\/script\u003E\n"},"tooltip":{"status":"200 OK","full_url":"http:\/\/127.0.0.1:8000\/login","action_name":"login","controller_action":"Workbench\\App\\Http\\Controllers\\AuthController@showLogin"},"badge":null}}, "01KBAQRDRJ6JQT7ZVS4XGHXDQP");

</script><div class="phpdebugbar phpdebugbar-minimized" data-bodymarginbottom="true" data-theme="light" data-openbtnposition="bottomLeft" data-hideemptytabs="true"><div class="phpdebugbar-drag-capture"></div><div class="phpdebugbar-resize-handle"></div><div class="phpdebugbar-header"><a class="phpdebugbar-restore-btn"></a><div class="phpdebugbar-header-left"><a class="phpdebugbar-tab" data-empty="false" data-collector="request"><i class="phpdebugbar-fa phpdebugbar-fa-tags"></i><span class="phpdebugbar-text">Request</span><span class="phpdebugbar-badge"></span></a><a class="phpdebugbar-tab" data-empty="true" data-collector="messages"><i class="phpdebugbar-fa phpdebugbar-fa-list-alt"></i><span class="phpdebugbar-text">Messages</span><span class="phpdebugbar-badge"></span></a><a class="phpdebugbar-tab" data-empty="false" data-collector="timeline"><i class="phpdebugbar-fa phpdebugbar-fa-tasks"></i><span class="phpdebugbar-text">Timeline</span><span class="phpdebugbar-badge"></span></a><a class="phpdebugbar-tab" data-empty="true" data-collector="exceptions"><i class="phpdebugbar-fa phpdebugbar-fa-bug"></i><span class="phpdebugbar-text">Exceptions</span><span class="phpdebugbar-badge"></span></a><a class="phpdebugbar-tab" data-empty="false" data-collector="views"><i class="phpdebugbar-fa phpdebugbar-fa-leaf"></i><span class="phpdebugbar-text">Views</span><span class="phpdebugbar-badge phpdebugbar-visible">1</span></a><a class="phpdebugbar-tab" data-empty="true" data-collector="queries"><i class="phpdebugbar-fa phpdebugbar-fa-database"></i><span class="phpdebugbar-text">Queries</span><span class="phpdebugbar-badge phpdebugbar-visible">0</span></a><a class="phpdebugbar-tab" data-empty="true" data-collector="models"><i class="phpdebugbar-fa phpdebugbar-fa-cubes"></i><span class="phpdebugbar-text">Models</span><span class="phpdebugbar-badge phpdebugbar-visible">0</span></a><a class="phpdebugbar-tab" data-empty="true" data-collector="emails"><i class="phpdebugbar-fa phpdebugbar-fa-inbox"></i><span class="phpdebugbar-text">Mails</span><span class="phpdebugbar-badge"></span></a><a class="phpdebugbar-tab" data-empty="true" data-collector="gate"><i class="phpdebugbar-fa phpdebugbar-fa-list-alt"></i><span class="phpdebugbar-text">Gate</span><span class="phpdebugbar-badge"></span></a></div><div class="phpdebugbar-header-right"><a class="phpdebugbar-close-btn"></a><a class="phpdebugbar-minimize-btn"></a><a class="phpdebugbar-tab phpdebugbar-tab-settings" data-collector="__settings"><i class="phpdebugbar-fa phpdebugbar-fa-sliders"></i><span class="phpdebugbar-text">Settings</span><span class="phpdebugbar-badge"></span></a><a class="phpdebugbar-maximize-btn"></a><a class="phpdebugbar-open-btn" style=""></a><a class="phpdebugbar-tab phpdebugbar-tab-history" data-collector="__datasets" style="" data-empty="false"><i class="phpdebugbar-fa phpdebugbar-fa-history"></i><span class="phpdebugbar-text">Request history</span><span class="phpdebugbar-badge"></span></a><select class="phpdebugbar-datasets-switcher" name="datasets-switcher"><option value="01KBAQRDRJ6JQT7ZVS4XGHXDQP">#1 login (15:57:58)</option></select><span class="phpdebugbar-indicator" style="cursor: pointer;"><i class="phpdebugbar-fa phpdebugbar-fa-clock-o"></i><span class="phpdebugbar-text">38.78ms</span><span class="phpdebugbar-tooltip">Request Duration</span></span><span class="phpdebugbar-indicator"><i class="phpdebugbar-fa phpdebugbar-fa-cogs"></i><span class="phpdebugbar-text">2MB</span><span class="phpdebugbar-tooltip">Memory Usage</span></span><span class="phpdebugbar-indicator"><i class="phpdebugbar-fa phpdebugbar-fa-laravel phpdebugbar-fab"></i><span class="phpdebugbar-text">12.x</span><span class="phpdebugbar-tooltip"><dl><dt>Laravel Version</dt><dd>12.40.2</dd><dt>PHP Version</dt><dd>8.4.15</dd><dt>Environment</dt><dd>local</dd><dt>Debug Mode</dt><dd>Enabled</dd><dt>URL</dt><dd>localhost</dd><dt>Timezone</dt><dd>UTC</dd><dt>Locale</dt><dd>en</dd></dl></span></span><span class="phpdebugbar-indicator" style="cursor: pointer;"><i class="phpdebugbar-fa phpdebugbar-fa-share"></i><span class="phpdebugbar-text">GET login</span><span class="phpdebugbar-tooltip"><dl><dt>status</dt><dd>200 OK</dd><dt>full_url</dt><dd>http://127.0.0.1:8000/login</dd><dt>action_name</dt><dd>login</dd><dt>controller_action</dt><dd>Workbench\App\Http\Controllers\AuthController@showLogin</dd></dl></span></span></div></div><div class="phpdebugbar-body" style="height: 300px;"><div class="phpdebugbar-panel" data-collector="__settings"><form class="phpdebugbar-settings"><div class="phpdebugbar-form-row"><div class="phpdebugbar-form-label">Theme</div><div class="phpdebugbar-form-input"><select><option value="auto">Auto (System preference)</option><option value="light">Light</option><option value="dark">Dark</option></select></div></div><div class="phpdebugbar-form-row"><div class="phpdebugbar-form-label">Open Button Position</div><div class="phpdebugbar-form-input"><select><option value="bottomLeft">Bottom Left</option><option value="bottomRight">Bottom Right</option><option value="topLeft">Top Left</option><option value="topRight">Top Right</option></select></div></div><div class="phpdebugbar-form-row"><div class="phpdebugbar-form-label">Hide Empty Tabs</div><div class="phpdebugbar-form-input"><label><input type="checkbox">Hide empty tabs until they have data</label></div></div><div class="phpdebugbar-form-row"><div class="phpdebugbar-form-label">Autoshow</div><div class="phpdebugbar-form-input"><label><input type="checkbox">Automatically show new incoming Ajax requests</label></div></div><div class="phpdebugbar-form-row"><div class="phpdebugbar-form-label">Reset to defaults</div><div class="phpdebugbar-form-input"><button>Reset settings</button></div></div></form></div><div class="phpdebugbar-panel" data-collector="request"><dl class="phpdebugbar-widgets-kvlist phpdebugbar-widgets-htmlvarlist"><dt class="phpdebugbar-widgets-key"><span title="status">status</span></dt><dd class="phpdebugbar-widgets-value">200 OK</dd><dt class="phpdebugbar-widgets-key"><span title="full_url">full_url</span></dt><dd class="phpdebugbar-widgets-value">http://127.0.0.1:8000/login</dd><dt class="phpdebugbar-widgets-key"><span title="action_name">action_name</span></dt><dd class="phpdebugbar-widgets-value">login</dd><dt class="phpdebugbar-widgets-key"><span title="controller_action">controller_action</span></dt><dd class="phpdebugbar-widgets-value">Workbench\App\Http\Controllers\AuthController@showLogin</dd><dt class="phpdebugbar-widgets-key"><span title="uri">uri</span></dt><dd class="phpdebugbar-widgets-value">GET login</dd><dt class="phpdebugbar-widgets-key"><span title="controller">controller</span></dt><dd class="phpdebugbar-widgets-value">Workbench\App\Http\Controllers\AuthController@showLogin<a href="phpstorm://open?file=%2FUsers%2Fvahan%2FHerd%2Flaravel-react-reactions%2Fpackages%2Ftruefans%2Flaravel-react-reactions%2Fworkbench%2Fapp%2FHttp%2FControllers%2FAuthController.php&amp;line=14" class="phpdebugbar-widgets-editor-link"></a></dd><dt class="phpdebugbar-widgets-key"><span title="file">file</span></dt><dd class="phpdebugbar-widgets-value"><a href="phpstorm://open?file=%2FUsers%2Fvahan%2FHerd%2Flaravel-react-reactions%2Fpackages%2Ftruefans%2Flaravel-react-reactions%2Fworkbench%2Fapp%2FHttp%2FControllers%2FAuthController.php&amp;line=14" onclick="" class="phpdebugbar-widgets-editor-link">Users/vahan/Herd/laravel-react-reactions/packages/truefans/laravel-react-reactions/workbench/app/Http/Controllers/AuthController.php:14-17</a></dd><dt class="phpdebugbar-widgets-key"><span title="middleware">middleware</span></dt><dd class="phpdebugbar-widgets-value">web</dd><dt class="phpdebugbar-widgets-key"><span title="duration">duration</span></dt><dd class="phpdebugbar-widgets-value">38.76ms</dd><dt class="phpdebugbar-widgets-key"><span title="peak_memory">peak_memory</span></dt><dd class="phpdebugbar-widgets-value">4MB</dd><dt class="phpdebugbar-widgets-key"><span title="response">response</span></dt><dd class="phpdebugbar-widgets-value">text/html; charset=utf-8</dd><dt class="phpdebugbar-widgets-key"><span title="request_format">request_format</span></dt><dd class="phpdebugbar-widgets-value">html</dd><dt class="phpdebugbar-widgets-key"><span title="request_query">request_query</span></dt><dd class="phpdebugbar-widgets-value"><pre class="sf-dump" id="sf-dump-495857015" data-indent-pad="  ">[]
</pre><script>Sfdump("sf-dump-495857015", {"maxDepth":0})</script>
</dd><dt class="phpdebugbar-widgets-key"><span title="request_request">request_request</span></dt><dd class="phpdebugbar-widgets-value"><pre class="sf-dump" id="sf-dump-1944102245" data-indent-pad="  ">[]
</pre><script>Sfdump("sf-dump-1944102245", {"maxDepth":0})</script>
</dd><dt class="phpdebugbar-widgets-key"><span title="request_headers">request_headers</span></dt><dd class="phpdebugbar-widgets-value"><pre class="sf-dump" id="sf-dump-786267623" data-indent-pad="  " tabindex="0"><div class="sf-dump-search-wrapper sf-dump-search-hidden"> <input type="text" class="sf-dump-search-input"> <span class="sf-dump-search-count">0 of 0</span> <button type="button" class="sf-dump-search-input-previous" tabindex="-1"> <svg viewBox="0 0 1792 1792" xmlns="http://www.w3.org/2000/svg"><path d="M1683 1331l-166 165q-19 19-45 19t-45-19L896 965l-531 531q-19 19-45 19t-45-19l-166-165q-19-19-19-45.5t19-45.5l742-741q19-19 45-19t45 19l742 741q19 19 19 45.5t-19 45.5z"></path></svg> </button> <button type="button" class="sf-dump-search-input-next" tabindex="-1"> <svg viewBox="0 0 1792 1792" xmlns="http://www.w3.org/2000/svg"><path d="M1683 808l-742 741q-19 19-45 19t-45-19L109 808q-19-19-19-45.5t19-45.5l166-165q19-19 45-19t45 19l531 531 531-531q19-19 45-19t45 19l166 165q19 19 19 45.5t-19 45.5z"></path></svg> </button> </div><span class="sf-dump-note">array:14</span> [<a class="sf-dump-ref sf-dump-toggle" title="[Cmd+click] Expand all children"><span>▼</span></a><samp data-depth="1" class="sf-dump-expanded">
  "<span class="sf-dump-key">host</span>" =&gt; <span class="sf-dump-note">array:1</span> [<a class="sf-dump-ref sf-dump-toggle" title="[Cmd+click] Expand all children"><span>▶</span></a><samp data-depth="2" class="sf-dump-compact">
    <span class="sf-dump-index">0</span> =&gt; "<span class="sf-dump-str" title="14 characters">127.0.0.1:8000</span>"
  </samp>]
  "<span class="sf-dump-key">connection</span>" =&gt; <span class="sf-dump-note">array:1</span> [<a class="sf-dump-ref sf-dump-toggle" title="[Cmd+click] Expand all children"><span>▶</span></a><samp data-depth="2" class="sf-dump-compact">
    <span class="sf-dump-index">0</span> =&gt; "<span class="sf-dump-str" title="10 characters">keep-alive</span>"
  </samp>]
  "<span class="sf-dump-key">sec-ch-ua</span>" =&gt; <span class="sf-dump-note">array:1</span> [<a class="sf-dump-ref sf-dump-toggle" title="[Cmd+click] Expand all children"><span>▶</span></a><samp data-depth="2" class="sf-dump-compact">
    <span class="sf-dump-index">0</span> =&gt; "<span class="sf-dump-str" title="66 characters">"HeadlessChrome";v="143", "Chromium";v="143", "Not A(Brand";v="24"</span>"
  </samp>]
  "<span class="sf-dump-key">sec-ch-ua-mobile</span>" =&gt; <span class="sf-dump-note">array:1</span> [<a class="sf-dump-ref sf-dump-toggle" title="[Cmd+click] Expand all children"><span>▶</span></a><samp data-depth="2" class="sf-dump-compact">
    <span class="sf-dump-index">0</span> =&gt; "<span class="sf-dump-str" title="2 characters">?0</span>"
  </samp>]
  "<span class="sf-dump-key">sec-ch-ua-platform</span>" =&gt; <span class="sf-dump-note">array:1</span> [<a class="sf-dump-ref sf-dump-toggle" title="[Cmd+click] Expand all children"><span>▶</span></a><samp data-depth="2" class="sf-dump-compact">
    <span class="sf-dump-index">0</span> =&gt; "<span class="sf-dump-str" title="9 characters">"Windows"</span>"
  </samp>]
  "<span class="sf-dump-key">upgrade-insecure-requests</span>" =&gt; <span class="sf-dump-note">array:1</span> [<a class="sf-dump-ref sf-dump-toggle" title="[Cmd+click] Expand all children"><span>▶</span></a><samp data-depth="2" class="sf-dump-compact">
    <span class="sf-dump-index">0</span> =&gt; "<span class="sf-dump-str">1</span>"
  </samp>]
  "<span class="sf-dump-key">user-agent</span>" =&gt; <span class="sf-dump-note">array:1</span> [<a class="sf-dump-ref sf-dump-toggle" title="[Cmd+click] Expand all children"><span>▶</span></a><samp data-depth="2" class="sf-dump-compact">
    <span class="sf-dump-index">0</span> =&gt; "<span class="sf-dump-str" title="114 characters">Mozilla/5.0 (Windows NT 10.0; Win64; x64) AppleWebKit/537.36 (KHTML, like Gecko) Chrome/143.0.7499.4 Safari/537.36</span>"
  </samp>]
  "<span class="sf-dump-key">accept-language</span>" =&gt; <span class="sf-dump-note">array:1</span> [<a class="sf-dump-ref sf-dump-toggle" title="[Cmd+click] Expand all children"><span>▶</span></a><samp data-depth="2" class="sf-dump-compact">
    <span class="sf-dump-index">0</span> =&gt; "<span class="sf-dump-str" title="5 characters">en-US</span>"
  </samp>]
  "<span class="sf-dump-key">accept</span>" =&gt; <span class="sf-dump-note">array:1</span> [<a class="sf-dump-ref sf-dump-toggle" title="[Cmd+click] Expand all children"><span>▶</span></a><samp data-depth="2" class="sf-dump-compact">
    <span class="sf-dump-index">0</span> =&gt; "<span class="sf-dump-str" title="135 characters">text/html,application/xhtml+xml,application/xml;q=0.9,image/avif,image/webp,image/apng,*/*;q=0.8,application/signed-exchange;v=b3;q=0.7</span>"
  </samp>]
  "<span class="sf-dump-key">sec-fetch-site</span>" =&gt; <span class="sf-dump-note">array:1</span> [<a class="sf-dump-ref sf-dump-toggle" title="[Cmd+click] Expand all children"><span>▶</span></a><samp data-depth="2" class="sf-dump-compact">
    <span class="sf-dump-index">0</span> =&gt; "<span class="sf-dump-str" title="4 characters">none</span>"
  </samp>]
  "<span class="sf-dump-key">sec-fetch-mode</span>" =&gt; <span class="sf-dump-note">array:1</span> [<a class="sf-dump-ref sf-dump-toggle" title="[Cmd+click] Expand all children"><span>▶</span></a><samp data-depth="2" class="sf-dump-compact">
    <span class="sf-dump-index">0</span> =&gt; "<span class="sf-dump-str" title="8 characters">navigate</span>"
  </samp>]
  "<span class="sf-dump-key">sec-fetch-user</span>" =&gt; <span class="sf-dump-note">array:1</span> [<a class="sf-dump-ref sf-dump-toggle" title="[Cmd+click] Expand all children"><span>▶</span></a><samp data-depth="2" class="sf-dump-compact">
    <span class="sf-dump-index">0</span> =&gt; "<span class="sf-dump-str" title="2 characters">?1</span>"
  </samp>]
  "<span class="sf-dump-key">sec-fetch-dest</span>" =&gt; <span class="sf-dump-note">array:1</span> [<a class="sf-dump-ref sf-dump-toggle" title="[Cmd+click] Expand all children"><span>▶</span></a><samp data-depth="2" class="sf-dump-compact">
    <span class="sf-dump-index">0</span> =&gt; "<span class="sf-dump-str" title="8 characters">document</span>"
  </samp>]
  "<span class="sf-dump-key">accept-encoding</span>" =&gt; <span class="sf-dump-note">array:1</span> [<a class="sf-dump-ref sf-dump-toggle" title="[Cmd+click] Expand all children"><span>▶</span></a><samp data-depth="2" class="sf-dump-compact">
    <span class="sf-dump-index">0</span> =&gt; "<span class="sf-dump-str" title="23 characters">gzip, deflate, br, zstd</span>"
  </samp>]
</samp>]
</pre><script>Sfdump("sf-dump-786267623", {"maxDepth":0})</script>
</dd><dt class="phpdebugbar-widgets-key"><span title="request_cookies">request_cookies</span></dt><dd class="phpdebugbar-widgets-value"><pre class="sf-dump" id="sf-dump-1965187497" data-indent-pad="  ">[]
</pre><script>Sfdump("sf-dump-1965187497", {"maxDepth":0})</script>
</dd><dt class="phpdebugbar-widgets-key"><span title="response_headers">response_headers</span></dt><dd class="phpdebugbar-widgets-value"><pre class="sf-dump" id="sf-dump-1176157373" data-indent-pad="  " tabindex="0"><div class="sf-dump-search-wrapper sf-dump-search-hidden"> <input type="text" class="sf-dump-search-input"> <span class="sf-dump-search-count">0 of 0</span> <button type="button" class="sf-dump-search-input-previous" tabindex="-1"> <svg viewBox="0 0 1792 1792" xmlns="http://www.w3.org/2000/svg"><path d="M1683 1331l-166 165q-19 19-45 19t-45-19L896 965l-531 531q-19 19-45 19t-45-19l-166-165q-19-19-19-45.5t19-45.5l742-741q19-19 45-19t45 19l742 741q19 19 19 45.5t-19 45.5z"></path></svg> </button> <button type="button" class="sf-dump-search-input-next" tabindex="-1"> <svg viewBox="0 0 1792 1792" xmlns="http://www.w3.org/2000/svg"><path d="M1683 808l-742 741q-19 19-45 19t-45-19L109 808q-19-19-19-45.5t19-45.5l166-165q19-19 45-19t45 19l531 531 531-531q19-19 45-19t45 19l166 165q19 19 19 45.5t-19 45.5z"></path></svg> </button> </div><span class="sf-dump-note">array:3</span> [<a class="sf-dump-ref sf-dump-toggle" title="[Cmd+click] Expand all children"><span>▼</span></a><samp data-depth="1" class="sf-dump-expanded">
  "<span class="sf-dump-key">cache-control</span>" =&gt; <span class="sf-dump-note">array:1</span> [<a class="sf-dump-ref sf-dump-toggle" title="[Cmd+click] Expand all children"><span>▶</span></a><samp data-depth="2" class="sf-dump-compact">
    <span class="sf-dump-index">0</span> =&gt; "<span class="sf-dump-str" title="17 characters">no-cache, private</span>"
  </samp>]
  "<span class="sf-dump-key">date</span>" =&gt; <span class="sf-dump-note">array:1</span> [<a class="sf-dump-ref sf-dump-toggle" title="[Cmd+click] Expand all children"><span>▶</span></a><samp data-depth="2" class="sf-dump-compact">
    <span class="sf-dump-index">0</span> =&gt; "<span class="sf-dump-str" title="29 characters">Sun, 30 Nov 2025 15:57:58 GMT</span>"
  </samp>]
  "<span class="sf-dump-key">content-type</span>" =&gt; <span class="sf-dump-note">array:1</span> [<a class="sf-dump-ref sf-dump-toggle" title="[Cmd+click] Expand all children"><span>▶</span></a><samp data-depth="2" class="sf-dump-compact">
    <span class="sf-dump-index">0</span> =&gt; "<span class="sf-dump-str" title="24 characters">text/html; charset=utf-8</span>"
  </samp>]
</samp>]
</pre><script>Sfdump("sf-dump-1176157373", {"maxDepth":0})</script>
</dd><dt class="phpdebugbar-widgets-key"><span title="session_attributes">session_attributes</span></dt><dd class="phpdebugbar-widgets-value"><pre class="sf-dump" id="sf-dump-268350441" data-indent-pad="  " tabindex="0"><div class="sf-dump-search-wrapper sf-dump-search-hidden"> <input type="text" class="sf-dump-search-input"> <span class="sf-dump-search-count">0 of 0</span> <button type="button" class="sf-dump-search-input-previous" tabindex="-1"> <svg viewBox="0 0 1792 1792" xmlns="http://www.w3.org/2000/svg"><path d="M1683 1331l-166 165q-19 19-45 19t-45-19L896 965l-531 531q-19 19-45 19t-45-19l-166-165q-19-19-19-45.5t19-45.5l742-741q19-19 45-19t45 19l742 741q19 19 19 45.5t-19 45.5z"></path></svg> </button> <button type="button" class="sf-dump-search-input-next" tabindex="-1"> <svg viewBox="0 0 1792 1792" xmlns="http://www.w3.org/2000/svg"><path d="M1683 808l-742 741q-19 19-45 19t-45-19L109 808q-19-19-19-45.5t19-45.5l166-165q19-19 45-19t45 19l531 531 531-531q19-19 45-19t45 19l166 165q19 19 19 45.5t-19 45.5z"></path></svg> </button> </div><span class="sf-dump-note">array:1</span> [<a class="sf-dump-ref sf-dump-toggle" title="[Cmd+click] Expand all children"><span>▼</span></a><samp data-depth="1" class="sf-dump-expanded">
  "<span class="sf-dump-key">_token</span>" =&gt; "<span class="sf-dump-str" title="40 characters">Jea8AMN3c53E2aYyfJuDje541g5KILopIHcCrQKb</span>"
</samp>]
</pre><script>Sfdump("sf-dump-268350441", {"maxDepth":0})</script>
</dd></dl></div><div class="phpdebugbar-panel" data-collector="messages"><div class="phpdebugbar-widgets-messages"><ul class="phpdebugbar-widgets-list"></ul><div class="phpdebugbar-widgets-toolbar"><i class="phpdebugbar-fa phpdebugbar-fa-search"></i><input type="text" name="search" aria-label="Search" placeholder="Search"><a class="phpdebugbar-widgets-filter" style="visibility: hidden;"></a></div></div></div><div class="phpdebugbar-panel" data-collector="timeline"><ul class="phpdebugbar-widgets-timeline"><li><div class="phpdebugbar-widgets-measure"><span class="phpdebugbar-widgets-value" style="left: 0%; width: 61.15%;"></span><span class="phpdebugbar-widgets-label">Booting (23.71ms)</span><span class="phpdebugbar-widgets-collector">time</span></div></li><li><div class="phpdebugbar-widgets-measure"><span class="phpdebugbar-widgets-value" style="left: 61.19%; width: 38.81%;"></span><span class="phpdebugbar-widgets-label">Application (15.05ms)</span><span class="phpdebugbar-widgets-collector">time</span></div></li><li><div class="phpdebugbar-widgets-measure"><span class="phpdebugbar-widgets-value" style="left: 66.36%; width: 0.78%;"></span><span class="phpdebugbar-widgets-label">Routing (304μs)</span></div></li><li><div class="phpdebugbar-widgets-measure"><span class="phpdebugbar-widgets-value" style="left: 68.94%; width: 24.02%;"></span><span class="phpdebugbar-widgets-label">Preparing Response (9.32ms)</span></div></li><li><div class="phpdebugbar-widgets-measure"><span class="phpdebugbar-widgets-value" style="left: 71.39%; width: 0%;"></span><span class="phpdebugbar-widgets-label">View: Auth/Login</span><span class="phpdebugbar-widgets-collector">views</span></div></li><li><table class="phpdebugbar-widgets-params"><tr><td class="phpdebugbar-widgets-name">1 x Booting (61.15%)</td><td class="phpdebugbar-widgets-value"><div class="phpdebugbar-widgets-measure"><span class="phpdebugbar-widgets-value" style="width: 61.15%;"></span><span class="phpdebugbar-widgets-label">23.71ms</span></div></td></tr><tr><td class="phpdebugbar-widgets-name">1 x Application (38.82%)</td><td class="phpdebugbar-widgets-value"><div class="phpdebugbar-widgets-measure"><span class="phpdebugbar-widgets-value" style="width: 38.82%;"></span><span class="phpdebugbar-widgets-label">15.05ms</span></div></td></tr><tr><td class="phpdebugbar-widgets-name">1 x Preparing Response (24.02%)</td><td class="phpdebugbar-widgets-value"><div class="phpdebugbar-widgets-measure"><span class="phpdebugbar-widgets-value" style="width: 24.02%;"></span><span class="phpdebugbar-widgets-label">9.32ms</span></div></td></tr><tr><td class="phpdebugbar-widgets-name">1 x Routing (0.78%)</td><td class="phpdebugbar-widgets-value"><div class="phpdebugbar-widgets-measure"><span class="phpdebugbar-widgets-value" style="width: 0.78%;"></span><span class="phpdebugbar-widgets-label">304μs</span></div></td></tr><tr><td class="phpdebugbar-widgets-name">1 x View (0%)</td><td class="phpdebugbar-widgets-value"><div class="phpdebugbar-widgets-measure"><span class="phpdebugbar-widgets-value" style="width: 0%;"></span><span class="phpdebugbar-widgets-label">0μs</span></div></td></tr></table></li></ul></div><div class="phpdebugbar-panel" data-collector="exceptions"><div class="phpdebugbar-widgets-exceptions"><ul class="phpdebugbar-widgets-list"></ul></div></div><div class="phpdebugbar-panel" data-collector="views"><div class="phpdebugbar-widgets-templates"><div class="phpdebugbar-widgets-status"><span>1 templates were rendered</span></div><ul class="phpdebugbar-widgets-list"><li class="phpdebugbar-widgets-list-item"><span class="phpdebugbar-widgets-name">Auth/Login</span><span class="phpdebugbar-widgets-filename">app.blade.php#?<a href="phpstorm://open?file=%2FUsers%2Fvahan%2FHerd%2Flaravel-react-reactions%2Fpackages%2Ftruefans%2Flaravel-react-reactions%2Fworkbench%2Fresources%2Fviews%2Fapp.blade.php&amp;line=1" class="phpdebugbar-widgets-editor-link"></a></span><span title="Parameter count" class="phpdebugbar-widgets-param-count"></span><span title="Type" class="phpdebugbar-widgets-type">blade</span></li></ul><div class="phpdebugbar-widgets-callgraph"></div></div></div><div class="phpdebugbar-panel" data-collector="queries"><div class="phpdebugbar-widgets-sqlqueries"><div class="phpdebugbar-widgets-status"><span>0 statements were executed</span><span title="Accumulated duration" class="phpdebugbar-widgets-duration">0μs</span></div><ul class="phpdebugbar-widgets-list"></ul></div></div><div class="phpdebugbar-panel" data-collector="models"><div class="phpdebugbar-widgets-tablevarlist"><table class="phpdebugbar-widgets-tablevar"><tr class="phpdebugbar-widgets-header"><td></td><td>Retrieved</td><td>Created</td><td>Updated</td><td>Deleted</td></tr></table></div></div><div class="phpdebugbar-panel" data-collector="emails"><div class="phpdebugbar-widgets-mails"><ul class="phpdebugbar-widgets-list"></ul></div></div><div class="phpdebugbar-panel" data-collector="gate"><div class="phpdebugbar-widgets-messages"><ul class="phpdebugbar-widgets-list"></ul><div class="phpdebugbar-widgets-toolbar"><i class="phpdebugbar-fa phpdebugbar-fa-search"></i><input type="text" name="search" aria-label="Search" placeholder="Search"><a class="phpdebugbar-widgets-filter" style="visibility: hidden;"></a></div></div></div><div class="phpdebugbar-panel" data-collector="__datasets"><div class="phpdebugbar-widgets-dataset-history"><div class="phpdebugbar-widgets-dataset-actions"><label>Autoshow<input type="checkbox"></label><a>Clear</a><a>Show all</a><select name="method" style="width:100px"><option>(method)</option><option>GET</option><option>POST</option><option>PUT</option><option>DELETE</option></select><input type="text" name="search" aria-label="Search" placeholder="Search"></div><table><thead><tr><th style="width: 30px;"></th><th style="width: 175px;">Date ↕</th><th style="width: 80px;">Method</th><th>URL</th><th width="40%">Data</th></tr></thead><tbody><tr data-id="01KBAQRDRJ6JQT7ZVS4XGHXDQP" class="phpdebugbar-widgets-table-row phpdebugbar-widgets-active" style="cursor: pointer;"><td>#1</td><td>2025-11-30 15:57:58</td><td>GET</td><td>/login</td><td><a title="Views"><i class="phpdebugbar-fa phpdebugbar-fa-leaf"></i><span class="phpdebugbar-badge" style="display: inline-block;">1</span></a></td></tr></tbody></table></div></div></div><a class="phpdebugbar-restore-btn" style="display: none;"></a></div><div class="phpdebugbar-openhandler" data-theme="light" style="display: none;"><div class="phpdebugbar-openhandler-header">PHP DebugBar | Open<a><i class="phpdebugbar-fa phpdebugbar-fa-times"></i></a></div><table><thead><tr><th width="155">Date</th><th width="75">Method</th><th>URL</th><th width="125">IP</th><th width="100">Filter data</th></tr></thead><tbody></tbody></table><div class="phpdebugbar-openhandler-actions"><a>Load more</a><a>Show only current URL</a><a>Show all</a><a>Delete all</a><form><br><b>Filter results</b><br><select name="method"><option selected="">(Method)</option><option>GET</option><option>POST</option><option>PUT</option><option>DELETE</option></select><input type="text" name="uri" placeholder="URI"><input type="text" name="ip" placeholder="IP"><button type="submit">Search</button></form></div></div><div class="phpdebugbar-openhandler-overlay" style="display: none;"></div>


<div id="nprogress" style="transition: none; opacity: 1;"><div class="bar" role="bar" style="transform: translate3d(0%, 0px, 0px); transition: 200ms linear;"><div class="peg"></div></div></div></body></html>

[1A[2K  19) [chromium] › tests/Browser/reactions.spec.js:50:5 › Reactions Component › should add a reaction when clicked 

    Error: locator.click: Error: strict mode violation: getByRole('button', { name: /like/i }) resolved to 74 elements:
        1) <button type="button" id="radix-_r_0_" data-state="closed" aria-haspopup="menu" aria-expanded="false" data-testid="reaction-button-like" class="↵                            group inline-flex items-center gap-1.5 px-3 py-1.5 rounded-md font-medium text-sm transition-all duration-200↵                            bg-gray-900 text-white hover:bg-gray-800 shadow-sm↵                            cursor-pointer hover:scale-105↵                        ">…</button> aka locator('#radix-_r_0_')
        2) <button type="button" id="radix-_r_4_" data-state="closed" aria-haspopup="menu" aria-expanded="false" data-testid="reaction-button-like" class="↵                            group inline-flex items-center gap-1.5 px-3 py-1.5 rounded-md font-medium text-sm transition-all duration-200↵                            bg-white text-gray-700 hover:bg-gray-50 border border-gray-300↵                            cursor-pointer hover:scale-105↵                        ">…</button> aka locator('#radix-_r_4_')
        3) <button type="button" id="radix-_r_b_" data-state="closed" aria-haspopup="menu" aria-expanded="false" data-testid="reaction-button-like" class="↵                            group inline-flex items-center gap-1.5 px-3 py-1.5 rounded-md font-medium text-sm transition-all duration-200↵                            bg-white text-gray-700 hover:bg-gray-50 border border-gray-300↵                            cursor-pointer hover:scale-105↵                        ">…</button> aka locator('#radix-_r_b_')
        4) <button type="button" id="radix-_r_f_" data-state="closed" aria-haspopup="menu" aria-expanded="false" data-testid="reaction-button-like" class="↵                            group inline-flex items-center gap-1.5 px-3 py-1.5 rounded-md font-medium text-sm transition-all duration-200↵                            bg-white text-gray-700 hover:bg-gray-50 border border-gray-300↵                            cursor-pointer hover:scale-105↵                        ">…</button> aka locator('#radix-_r_f_')
        5) <button type="button" id="radix-_r_p_" data-state="closed" aria-haspopup="menu" aria-expanded="false" data-testid="reaction-button-like" class="↵                            group inline-flex items-center gap-1.5 px-3 py-1.5 rounded-md font-medium text-sm transition-all duration-200↵                            bg-white text-gray-700 hover:bg-gray-50 border border-gray-300↵                            cursor-pointer hover:scale-105↵                        ">…</button> aka locator('#radix-_r_p_')
        6) <button type="button" id="radix-_r_t_" data-state="closed" aria-haspopup="menu" aria-expanded="false" data-testid="reaction-button-like" class="↵                            group inline-flex items-center gap-1.5 px-3 py-1.5 rounded-md font-medium text-sm transition-all duration-200↵                            bg-white text-gray-700 hover:bg-gray-50 border border-gray-300↵                            cursor-pointer hover:scale-105↵                        ">…</button> aka locator('#radix-_r_t_')
        7) <button type="button" id="radix-_r_17_" data-state="closed" aria-haspopup="menu" aria-expanded="false" data-testid="reaction-button-like" class="↵                            group inline-flex items-center gap-1.5 px-3 py-1.5 rounded-md font-medium text-sm transition-all duration-200↵                            bg-white text-gray-700 hover:bg-gray-50 border border-gray-300↵                            cursor-pointer hover:scale-105↵                        ">…</button> aka locator('#radix-_r_17_')
        8) <button type="button" id="radix-_r_1b_" data-state="closed" aria-haspopup="menu" aria-expanded="false" data-testid="reaction-button-like" class="↵                            group inline-flex items-center gap-1.5 px-3 py-1.5 rounded-md font-medium text-sm transition-all duration-200↵                            bg-white text-gray-700 hover:bg-gray-50 border border-gray-300↵                            cursor-pointer hover:scale-105↵                        ">…</button> aka locator('#radix-_r_1b_')
        9) <button type="button" id="radix-_r_1i_" data-state="closed" aria-haspopup="menu" aria-expanded="false" data-testid="reaction-button-like" class="↵                            group inline-flex items-center gap-1.5 px-3 py-1.5 rounded-md font-medium text-sm transition-all duration-200↵                            bg-white text-gray-700 hover:bg-gray-50 border border-gray-300↵                            cursor-pointer hover:scale-105↵                        ">…</button> aka locator('#radix-_r_1i_')
        10) <button type="button" id="radix-_r_1s_" data-state="closed" aria-haspopup="menu" aria-expanded="false" data-testid="reaction-button-like" class="↵                            group inline-flex items-center gap-1.5 px-3 py-1.5 rounded-md font-medium text-sm transition-all duration-200↵                            bg-white text-gray-700 hover:bg-gray-50 border border-gray-300↵                            cursor-pointer hover:scale-105↵                        ">…</button> aka locator('#radix-_r_1s_')
        ...

    Call log:
    [2m  - waiting for getByRole('button', { name: /like/i })[22m


      52 |         
      53 |         // Click the Like button
    > 54 |         await likeButton.click();
         |                          ^
      55 |         
      56 |         // Wait for the reaction to be processed
      57 |         await page.waitForTimeout(500);
        at /Users/vahan/Herd/laravel-react-reactions/packages/truefans/laravel-react-reactions/tests/Browser/reactions.spec.js:54:26

    attachment #1: screenshot (image/png) ──────────────────────────────────────────────────────────
    test-results/reactions-Reactions-Compon-5550b-add-a-reaction-when-clicked-chromium/test-failed-1.png
    ────────────────────────────────────────────────────────────────────────────────────────────────

    Error Context: test-results/reactions-Reactions-Compon-5550b-add-a-reaction-when-clicked-chromium/error-context.md


[1A[2K[chromium] › tests/Browser/reactions.spec.js:104:5 › Reactions Component › should display reaction counts
BROWSER LOG: Comments initialized: {initialCount: 5, totalComments: 36, hasMore: true}

[1A[2KBROWSER LOG: Comments initialized: {initialCount: 3, totalComments: 3, hasMore: false}

[1A[2KBROWSER LOG: Comments initialized: {initialCount: 2, totalComments: 2, hasMore: false}

[1A[2KBROWSER LOG: Comments initialized: {initialCount: 5, totalComments: 5, hasMore: false}

[1A[2KBROWSER LOG: Comments initialized: {initialCount: 3, totalComments: 3, hasMore: false}

[1A[2KBROWSER LOG: Comments initialized: {initialCount: 4, totalComments: 4, hasMore: false}

[1A[2KBROWSER LOG: Comments initialized: {initialCount: 5, totalComments: 5, hasMore: false}

[1A[2KBROWSER LOG: Comments initialized: {initialCount: 2, totalComments: 2, hasMore: false}

[1A[2KBROWSER LOG: Comments initialized: {initialCount: 5, totalComments: 5, hasMore: false}

[1A[2KBROWSER LOG: Comments initialized: {initialCount: 5, totalComments: 5, hasMore: false}

[1A[2KBROWSER LOG: All props: {posts: Array(10), flash: Object, errors: Array(0)}

[1A[2KBROWSER LOG: Flash: {success: null} Errors: []

[1A[2K[chromium] › tests/Browser/reactions.spec.js:138:5 › Reactions Component › should handle multiple reaction types
BROWSER LOG: [vite] connecting...

[1A[2KBROWSER LOG: %cDownload the React DevTools for a better development experience: https://react.dev/link/react-devtools font-weight:bold

[1A[2KBROWSER LOG: [vite] connected.

[1A[2K[chromium] › tests/Browser/reactions.spec.js:104:5 › Reactions Component › should display reaction counts
PAGE CONTENT: <!DOCTYPE html><html lang="en" class="sf-js-enabled nprogress-busy"><head>
    <meta charset="utf-8">
    <meta name="viewport" content="width=device-width, initial-scale=1">
    <meta name="csrf-token" content="6GA2n5w2nuA4qsM2ykCMd4UuE5xwDsLUKczuV7mO">

    <title inertia="">Login - Laravel</title>

    <script type="module">
    import RefreshRuntime from 'http://localhost:5174/@react-refresh'
    RefreshRuntime.injectIntoGlobalHook(window)
    window.$RefreshReg$ = () => {}
    window.$RefreshSig$ = () => (type) => type
    window.__vite_plugin_react_preamble_installed__ = true
</script>    <script type="module" src="http://localhost:5174/@vite/client"></script><link rel="stylesheet" href="http://localhost:5174/workbench/resources/css/app.css"><script type="module" src="http://localhost:5174/workbench/resources/js/app.jsx"></script>    <link rel="stylesheet" type="text/css" property="stylesheet" href="/_debugbar/assets/stylesheets?v=1763541085" data-turbolinks-eval="false" data-turbo-eval="false"><script src="/_debugbar/assets/javascript?v=1763541085" data-turbolinks-eval="false" data-turbo-eval="false"></script><script data-turbo-eval="false">jQuery.noConflict(true);</script>
<script> Sfdump = window.Sfdump || (function (doc) { doc.documentElement.classList.add('sf-js-enabled'); var rxEsc = /([.*+?^${}()|\[\]\/\\])/g, idRx = /\bsf-dump-\d+-ref[012]\w+\b/, keyHint = 0 <= navigator.platform.toUpperCase().indexOf('MAC') ? 'Cmd' : 'Ctrl', addEventListener = function (e, n, cb) { e.addEventListener(n, cb, false); }; if (!doc.addEventListener) { addEventListener = function (element, eventName, callback) { element.attachEvent('on' + eventName, function (e) { e.preventDefault = function () {e.returnValue = false;}; e.target = e.srcElement; callback(e); }); }; } function toggle(a, recursive) { var s = a.nextSibling || {}, oldClass = s.className, arrow, newClass; if (/\bsf-dump-compact\b/.test(oldClass)) { arrow = '▼'; newClass = 'sf-dump-expanded'; } else if (/\bsf-dump-expanded\b/.test(oldClass)) { arrow = '▶'; newClass = 'sf-dump-compact'; } else { return false; } if (doc.createEvent && s.dispatchEvent) { var event = doc.createEvent('Event'); event.initEvent('sf-dump-expanded' === newClass ? 'sfbeforedumpexpand' : 'sfbeforedumpcollapse', true, false); s.dispatchEvent(event); } a.lastChild.innerHTML = arrow; s.className = s.className.replace(/\bsf-dump-(compact|expanded)\b/, newClass); if (recursive) { try { a = s.querySelectorAll('.'+oldClass); for (s = 0; s < a.length; ++s) { if (-1 == a[s].className.indexOf(newClass)) { a[s].className = newClass; a[s].previousSibling.lastChild.innerHTML = arrow; } } } catch (e) { } } return true; }; function collapse(a, recursive) { var s = a.nextSibling || {}, oldClass = s.className; if (/\bsf-dump-expanded\b/.test(oldClass)) { toggle(a, recursive); return true; } return false; }; function expand(a, recursive) { var s = a.nextSibling || {}, oldClass = s.className; if (/\bsf-dump-compact\b/.test(oldClass)) { toggle(a, recursive); return true; } return false; }; function collapseAll(root) { var a = root.querySelector('a.sf-dump-toggle'); if (a) { collapse(a, true); expand(a); return true; } return false; } function reveal(node) { var previous, parents = []; while ((node = node.parentNode || {}) && (previous = node.previousSibling) && 'A' === previous.tagName) { parents.push(previous); } if (0 !== parents.length) { parents.forEach(function (parent) { expand(parent); }); return true; } return false; } function highlight(root, activeNode, nodes) { resetHighlightedNodes(root); Array.from(nodes||[]).forEach(function (node) { if (!/\bsf-dump-highlight\b/.test(node.className)) { node.className = node.className + ' sf-dump-highlight'; } }); if (!/\bsf-dump-highlight-active\b/.test(activeNode.className)) { activeNode.className = activeNode.className + ' sf-dump-highlight-active'; } } function resetHighlightedNodes(root) { Array.from(root.querySelectorAll('.sf-dump-str, .sf-dump-key, .sf-dump-public, .sf-dump-protected, .sf-dump-private')).forEach(function (strNode) { strNode.className = strNode.className.replace(/\bsf-dump-highlight\b/, ''); strNode.className = strNode.className.replace(/\bsf-dump-highlight-active\b/, ''); }); } return function (root, x) { root = doc.getElementById(root); var indentRx = new RegExp('^('+(root.getAttribute('data-indent-pad') || ' ').replace(rxEsc, '\\$1')+')+', 'm'), options = {"maxDepth":1,"maxStringLength":160,"fileLinkFormat":false}, elt = root.getElementsByTagName('A'), len = elt.length, i = 0, s, h, t = []; while (i < len) t.push(elt[i++]); for (i in x) { options[i] = x[i]; } function a(e, f) { addEventListener(root, e, function (e, n) { if ('A' == e.target.tagName) { f(e.target, e); } else if ('A' == e.target.parentNode.tagName) { f(e.target.parentNode, e); } else { n = /\bsf-dump-ellipsis\b/.test(e.target.className) ? e.target.parentNode : e.target; if ((n = n.nextElementSibling) && 'A' == n.tagName) { if (!/\bsf-dump-toggle\b/.test(n.className)) { n = n.nextElementSibling || n; } f(n, e, true); } } }); }; function isCtrlKey(e) { return e.ctrlKey || e.metaKey; } function xpathString(str) { var parts = str.match(/[^'"]+|['"]/g).map(function (part) { if ("'" == part) { return '"\'"'; } if ('"' == part) { return "'\"'"; } return "'" + part + "'"; }); return "concat(" + parts.join(",") + ", '')"; } function xpathHasClass(className) { return "contains(concat(' ', normalize-space(@class), ' '), ' " + className +" ')"; } a('mouseover', function (a, e, c) { if (c) { e.target.style.cursor = "pointer"; } }); a('click', function (a, e, c) { if (/\bsf-dump-toggle\b/.test(a.className)) { e.preventDefault(); if (!toggle(a, isCtrlKey(e))) { var r = doc.getElementById(a.getAttribute('href').slice(1)), s = r.previousSibling, f = r.parentNode, t = a.parentNode; t.replaceChild(r, a); f.replaceChild(a, s); t.insertBefore(s, r); f = f.firstChild.nodeValue.match(indentRx); t = t.firstChild.nodeValue.match(indentRx); if (f && t && f[0] !== t[0]) { r.innerHTML = r.innerHTML.replace(new RegExp('^'+f[0].replace(rxEsc, '\\$1'), 'mg'), t[0]); } if (/\bsf-dump-compact\b/.test(r.className)) { toggle(s, isCtrlKey(e)); } } if (c) { } else if (doc.getSelection) { try { doc.getSelection().removeAllRanges(); } catch (e) { doc.getSelection().empty(); } } else { doc.selection.empty(); } } else if (/\bsf-dump-str-toggle\b/.test(a.className)) { e.preventDefault(); e = a.parentNode.parentNode; e.className = e.className.replace(/\bsf-dump-str-(expand|collapse)\b/, a.parentNode.className); } }); elt = root.getElementsByTagName('SAMP'); len = elt.length; i = 0; while (i < len) t.push(elt[i++]); len = t.length; for (i = 0; i < len; ++i) { elt = t[i]; if ('SAMP' == elt.tagName) { a = elt.previousSibling || {}; if ('A' != a.tagName) { a = doc.createElement('A'); a.className = 'sf-dump-ref'; elt.parentNode.insertBefore(a, elt); } else { a.innerHTML += ' '; } a.title = (a.title ? a.title+'\n[' : '[')+keyHint+'+click] Expand all children'; a.innerHTML += elt.className == 'sf-dump-compact' ? '<span>▶</span>' : '<span>▼</span>'; a.className += ' sf-dump-toggle'; x = 1; if ('sf-dump' != elt.parentNode.className) { x += elt.parentNode.getAttribute('data-depth')/1; } } else if (/\bsf-dump-ref\b/.test(elt.className) && (a = elt.getAttribute('href'))) { a = a.slice(1); elt.className += ' sf-dump-hover'; elt.className += ' '+a; if (/[\[{]$/.test(elt.previousSibling.nodeValue)) { a = a != elt.nextSibling.id && doc.getElementById(a); try { s = a.nextSibling; elt.appendChild(a); s.parentNode.insertBefore(a, s); if (/^[@#]/.test(elt.innerHTML)) { elt.innerHTML += ' <span>▶</span>'; } else { elt.innerHTML = '<span>▶</span>'; elt.className = 'sf-dump-ref'; } elt.className += ' sf-dump-toggle'; } catch (e) { if ('&' == elt.innerHTML.charAt(0)) { elt.innerHTML = '…'; elt.className = 'sf-dump-ref'; } } } } } if (doc.evaluate && Array.from && root.children.length > 1) { root.setAttribute('tabindex', 0); SearchState = function () { this.nodes = []; this.idx = 0; }; SearchState.prototype = { next: function () { if (this.isEmpty()) { return this.current(); } this.idx = this.idx < (this.nodes.length - 1) ? this.idx + 1 : 0; return this.current(); }, previous: function () { if (this.isEmpty()) { return this.current(); } this.idx = this.idx > 0 ? this.idx - 1 : (this.nodes.length - 1); return this.current(); }, isEmpty: function () { return 0 === this.count(); }, current: function () { if (this.isEmpty()) { return null; } return this.nodes[this.idx]; }, reset: function () { this.nodes = []; this.idx = 0; }, count: function () { return this.nodes.length; }, }; function showCurrent(state) { var currentNode = state.current(), currentRect, searchRect; if (currentNode) { reveal(currentNode); highlight(root, currentNode, state.nodes); if ('scrollIntoView' in currentNode) { currentNode.scrollIntoView(true); currentRect = currentNode.getBoundingClientRect(); searchRect = search.getBoundingClientRect(); if (currentRect.top < (searchRect.top + searchRect.height)) { window.scrollBy(0, -(searchRect.top + searchRect.height + 5)); } } } counter.textContent = (state.isEmpty() ? 0 : state.idx + 1) + ' of ' + state.count(); } var search = doc.createElement('div'); search.className = 'sf-dump-search-wrapper sf-dump-search-hidden'; search.innerHTML = ' <input type="text" class="sf-dump-search-input"> <span class="sf-dump-search-count">0 of 0<\/span> <button type="button" class="sf-dump-search-input-previous" tabindex="-1"> <svg viewBox="0 0 1792 1792" xmlns="http://www.w3.org/2000/svg"><path d="M1683 1331l-166 165q-19 19-45 19t-45-19L896 965l-531 531q-19 19-45 19t-45-19l-166-165q-19-19-19-45.5t19-45.5l742-741q19-19 45-19t45 19l742 741q19 19 19 45.5t-19 45.5z"\/><\/svg> <\/button> <button type="button" class="sf-dump-search-input-next" tabindex="-1"> <svg viewBox="0 0 1792 1792" xmlns="http://www.w3.org/2000/svg"><path d="M1683 808l-742 741q-19 19-45 19t-45-19L109 808q-19-19-19-45.5t19-45.5l166-165q19-19 45-19t45 19l531 531 531-531q19-19 45-19t45 19l166 165q19 19 19 45.5t-19 45.5z"\/><\/svg> <\/button> '; root.insertBefore(search, root.firstChild); var state = new SearchState(); var searchInput = search.querySelector('.sf-dump-search-input'); var counter = search.querySelector('.sf-dump-search-count'); var searchInputTimer = 0; var previousSearchQuery = ''; addEventListener(searchInput, 'keyup', function (e) { var searchQuery = e.target.value; /* Don't perform anything if the pressed key didn't change the query */ if (searchQuery === previousSearchQuery) { return; } previousSearchQuery = searchQuery; clearTimeout(searchInputTimer); searchInputTimer = setTimeout(function () { state.reset(); collapseAll(root); resetHighlightedNodes(root); if ('' === searchQuery) { counter.textContent = '0 of 0'; return; } var classMatches = [ "sf-dump-str", "sf-dump-key", "sf-dump-public", "sf-dump-protected", "sf-dump-private", ].map(xpathHasClass).join(' or '); var xpathResult = doc.evaluate('.//span[' + classMatches + '][contains(translate(child::text(), ' + xpathString(searchQuery.toUpperCase()) + ', ' + xpathString(searchQuery.toLowerCase()) + '), ' + xpathString(searchQuery.toLowerCase()) + ')]', root, null, XPathResult.ORDERED_NODE_ITERATOR_TYPE, null); while (node = xpathResult.iterateNext()) state.nodes.push(node); showCurrent(state); }, 400); }); Array.from(search.querySelectorAll('.sf-dump-search-input-next, .sf-dump-search-input-previous')).forEach(function (btn) { addEventListener(btn, 'click', function (e) { e.preventDefault(); -1 !== e.target.className.indexOf('next') ? state.next() : state.previous(); searchInput.focus(); collapseAll(root); showCurrent(state); }) }); addEventListener(root, 'keydown', function (e) { var isSearchActive = !/\bsf-dump-search-hidden\b/.test(search.className); if ((114 === e.keyCode && !isSearchActive) || (isCtrlKey(e) && 70 === e.keyCode)) { /* F3 or CMD/CTRL + F */ if (70 === e.keyCode && document.activeElement === searchInput) { /* * If CMD/CTRL + F is hit while having focus on search input, * the user probably meant to trigger browser search instead. * Let the browser execute its behavior: */ return; } e.preventDefault(); search.className = search.className.replace(/\bsf-dump-search-hidden\b/, ''); searchInput.focus(); } else if (isSearchActive) { if (27 === e.keyCode) { /* ESC key */ search.className += ' sf-dump-search-hidden'; e.preventDefault(); resetHighlightedNodes(root); searchInput.value = ''; } else if ( (isCtrlKey(e) && 71 === e.keyCode) /* CMD/CTRL + G */ || 13 === e.keyCode /* Enter */ || 114 === e.keyCode /* F3 */ ) { e.preventDefault(); e.shiftKey ? state.previous() : state.next(); collapseAll(root); showCurrent(state); } } }); } if (0 >= options.maxStringLength) { return; } try { elt = root.querySelectorAll('.sf-dump-str'); len = elt.length; i = 0; t = []; while (i < len) t.push(elt[i++]); len = t.length; for (i = 0; i < len; ++i) { elt = t[i]; s = elt.innerText || elt.textContent; x = s.length - options.maxStringLength; if (0 < x) { h = elt.innerHTML; elt[elt.innerText ? 'innerText' : 'textContent'] = s.substring(0, options.maxStringLength); elt.className += ' sf-dump-str-collapse'; elt.innerHTML = '<span class=sf-dump-str-collapse>'+h+'<a class="sf-dump-ref sf-dump-str-toggle" title="Collapse"> ◀</a></span>'+ '<span class=sf-dump-str-expand>'+elt.innerHTML+'<a class="sf-dump-ref sf-dump-str-toggle" title="'+x+' remaining characters"> ▶</a></span>'; } } } catch (e) { } }; })(document); </script><style> .sf-js-enabled .phpdebugbar pre.sf-dump .sf-dump-compact, .sf-js-enabled .sf-dump-str-collapse .sf-dump-str-collapse, .sf-js-enabled .sf-dump-str-expand .sf-dump-str-expand { display: none; } .sf-dump-hover:hover { background-color: #B729D9; color: #FFF !important; border-radius: 2px; } .phpdebugbar pre.sf-dump { display: block; white-space: pre; padding: 5px; overflow: initial !important; } .phpdebugbar pre.sf-dump:after { content: ""; visibility: hidden; display: block; height: 0; clear: both; } .phpdebugbar pre.sf-dump .sf-dump-ellipsization { display: inline-flex; } .phpdebugbar pre.sf-dump a { text-decoration: none; cursor: pointer; border: 0; outline: none; color: inherit; } .phpdebugbar pre.sf-dump img { max-width: 50em; max-height: 50em; margin: .5em 0 0 0; padding: 0; background: url(data:image/png;base64,iVBORw0KGgoAAAANSUhEUgAAABAAAAAQCAAAAAA6mKC9AAAAHUlEQVQY02O8zAABilCaiQEN0EeA8QuUcX9g3QEAAjcC5piyhyEAAAAASUVORK5CYII=) #D3D3D3; } .phpdebugbar pre.sf-dump .sf-dump-ellipsis { text-overflow: ellipsis; white-space: nowrap; overflow: hidden; } .phpdebugbar pre.sf-dump .sf-dump-ellipsis-tail { flex-shrink: 0; } .phpdebugbar pre.sf-dump code { display:inline; padding:0; background:none; } .sf-dump-public.sf-dump-highlight, .sf-dump-protected.sf-dump-highlight, .sf-dump-private.sf-dump-highlight, .sf-dump-str.sf-dump-highlight, .sf-dump-key.sf-dump-highlight { background: rgba(111, 172, 204, 0.3); border: 1px solid #7DA0B1; border-radius: 3px; } .sf-dump-public.sf-dump-highlight-active, .sf-dump-protected.sf-dump-highlight-active, .sf-dump-private.sf-dump-highlight-active, .sf-dump-str.sf-dump-highlight-active, .sf-dump-key.sf-dump-highlight-active { background: rgba(253, 175, 0, 0.4); border: 1px solid #ffa500; border-radius: 3px; } .phpdebugbar pre.sf-dump .sf-dump-search-hidden { display: none !important; } .phpdebugbar pre.sf-dump .sf-dump-search-wrapper { font-size: 0; white-space: nowrap; margin-bottom: 5px; display: flex; position: -webkit-sticky; position: sticky; top: 5px; } .phpdebugbar pre.sf-dump .sf-dump-search-wrapper > * { vertical-align: top; box-sizing: border-box; height: 21px; font-weight: normal; border-radius: 0; background: #FFF; color: #757575; border: 1px solid #BBB; } .phpdebugbar pre.sf-dump .sf-dump-search-wrapper > input.sf-dump-search-input { padding: 3px; height: 21px; font-size: 12px; border-right: none; border-top-left-radius: 3px; border-bottom-left-radius: 3px; color: #000; min-width: 15px; width: 100%; } .phpdebugbar pre.sf-dump .sf-dump-search-wrapper > .sf-dump-search-input-next, .phpdebugbar pre.sf-dump .sf-dump-search-wrapper > .sf-dump-search-input-previous { background: #F2F2F2; outline: none; border-left: none; font-size: 0; line-height: 0; } .phpdebugbar pre.sf-dump .sf-dump-search-wrapper > .sf-dump-search-input-next { border-top-right-radius: 3px; border-bottom-right-radius: 3px; } .phpdebugbar pre.sf-dump .sf-dump-search-wrapper > .sf-dump-search-input-next > svg, .phpdebugbar pre.sf-dump .sf-dump-search-wrapper > .sf-dump-search-input-previous > svg { pointer-events: none; width: 12px; height: 12px; } .phpdebugbar pre.sf-dump .sf-dump-search-wrapper > .sf-dump-search-count { display: inline-block; padding: 0 5px; margin: 0; border-left: none; line-height: 21px; font-size: 12px; }.phpdebugbar pre.sf-dump, .phpdebugbar pre.sf-dump .sf-dump-default{word-wrap: break-word; white-space: pre-wrap; word-break: normal}.phpdebugbar pre.sf-dump .sf-dump-num{font-weight:bold; color:#1299DA}.phpdebugbar pre.sf-dump .sf-dump-const{font-weight:bold}.phpdebugbar pre.sf-dump .sf-dump-str{font-weight:bold; color:#3A9B26}.phpdebugbar pre.sf-dump .sf-dump-note{color:#1299DA}.phpdebugbar pre.sf-dump .sf-dump-ref{color:#7B7B7B}.phpdebugbar pre.sf-dump .sf-dump-public{color:#000000}.phpdebugbar pre.sf-dump .sf-dump-protected{color:#000000}.phpdebugbar pre.sf-dump .sf-dump-private{color:#000000}.phpdebugbar pre.sf-dump .sf-dump-meta{color:#B729D9}.phpdebugbar pre.sf-dump .sf-dump-key{color:#3A9B26}.phpdebugbar pre.sf-dump .sf-dump-index{color:#1299DA}.phpdebugbar pre.sf-dump .sf-dump-ellipsis{color:#A0A000}.phpdebugbar pre.sf-dump .sf-dump-virtual{font-style:italic}.phpdebugbar pre.sf-dump .sf-dump-ns{user-select:none;}.phpdebugbar pre.sf-dump .sf-dump-ellipsis-note{color:#1299DA}.phpdebugbar[data-theme='dark'] pre.sf-dump, pre.sf-dump .sf-dump-default{background-color:#18171B; color:#FF8400; line-height:1.2em; font:12px Menlo, Monaco, Consolas, monospace; word-wrap: break-word; white-space: pre-wrap; position:relative; z-index:99999; word-break: break-all}.phpdebugbar[data-theme='dark'] pre.sf-dump .sf-dump-num{font-weight:bold; color:#1299DA}.phpdebugbar[data-theme='dark'] pre.sf-dump .sf-dump-const{font-weight:bold}.phpdebugbar[data-theme='dark'] pre.sf-dump .sf-dump-virtual{font-style:italic}.phpdebugbar[data-theme='dark'] pre.sf-dump .sf-dump-str{font-weight:bold; color:#56DB3A}.phpdebugbar[data-theme='dark'] pre.sf-dump .sf-dump-note{color:#1299DA}.phpdebugbar[data-theme='dark'] pre.sf-dump .sf-dump-ref{color:#A0A0A0}.phpdebugbar[data-theme='dark'] pre.sf-dump .sf-dump-public{color:#FFFFFF}.phpdebugbar[data-theme='dark'] pre.sf-dump .sf-dump-protected{color:#FFFFFF}.phpdebugbar[data-theme='dark'] pre.sf-dump .sf-dump-private{color:#FFFFFF}.phpdebugbar[data-theme='dark'] pre.sf-dump .sf-dump-meta{color:#B729D9}.phpdebugbar[data-theme='dark'] pre.sf-dump .sf-dump-key{color:#56DB3A}.phpdebugbar[data-theme='dark'] pre.sf-dump .sf-dump-index{color:#1299DA}.phpdebugbar[data-theme='dark'] pre.sf-dump .sf-dump-ellipsis{color:#FF8400}.phpdebugbar[data-theme='dark'] pre.sf-dump .sf-dump-ns{user-select:none;}.phpdebugbar[data-theme='dark'] pre.sf-dump .sf-dump-ellipsis-note{color:#1299DA}</style>
<style type="text/css" data-vite-dev-id="/Users/vahan/Herd/laravel-react-reactions/packages/truefans/laravel-react-reactions/workbench/resources/css/app.css">/*! tailwindcss v4.1.17 | MIT License | https://tailwindcss.com */
@layer properties;
@layer theme, base, components, utilities;
@layer theme {
  :root, :host {
    --font-sans: ui-sans-serif, system-ui, sans-serif, "Apple Color Emoji",
      "Segoe UI Emoji", "Segoe UI Symbol", "Noto Color Emoji";
    --font-mono: ui-monospace, SFMono-Regular, Menlo, Monaco, Consolas, "Liberation Mono",
      "Courier New", monospace;
    --color-red-500: oklch(63.7% 0.237 25.331);
    --color-red-600: oklch(57.7% 0.245 27.325);
    --color-red-700: oklch(50.5% 0.213 27.518);
    --color-amber-50: oklch(98.7% 0.022 95.277);
    --color-amber-100: oklch(96.2% 0.059 95.617);
    --color-amber-200: oklch(92.4% 0.12 95.746);
    --color-amber-800: oklch(47.3% 0.137 46.201);
    --color-amber-900: oklch(41.4% 0.112 45.904);
    --color-yellow-50: oklch(98.7% 0.026 102.212);
    --color-green-500: oklch(72.3% 0.219 149.579);
    --color-blue-100: oklch(93.2% 0.032 255.585);
    --color-blue-600: oklch(54.6% 0.245 262.881);
    --color-indigo-500: oklch(58.5% 0.233 277.117);
    --color-indigo-600: oklch(51.1% 0.262 276.966);
    --color-indigo-700: oklch(45.7% 0.24 277.023);
    --color-gray-50: oklch(98.5% 0.002 247.839);
    --color-gray-100: oklch(96.7% 0.003 264.542);
    --color-gray-200: oklch(92.8% 0.006 264.531);
    --color-gray-300: oklch(87.2% 0.01 258.338);
    --color-gray-400: oklch(70.7% 0.022 261.325);
    --color-gray-500: oklch(55.1% 0.027 264.364);
    --color-gray-600: oklch(44.6% 0.03 256.802);
    --color-gray-700: oklch(37.3% 0.034 259.733);
    --color-gray-800: oklch(27.8% 0.033 256.848);
    --color-gray-900: oklch(21% 0.034 264.665);
    --color-black: #000;
    --color-white: #fff;
    --spacing: 0.25rem;
    --container-md: 28rem;
    --container-lg: 32rem;
    --container-4xl: 56rem;
    --container-5xl: 64rem;
    --text-xs: 0.75rem;
    --text-xs--line-height: calc(1 / 0.75);
    --text-sm: 0.875rem;
    --text-sm--line-height: calc(1.25 / 0.875);
    --text-base: 1rem;
    --text-base--line-height: calc(1.5 / 1);
    --text-lg: 1.125rem;
    --text-lg--line-height: calc(1.75 / 1.125);
    --text-xl: 1.25rem;
    --text-xl--line-height: calc(1.75 / 1.25);
    --text-2xl: 1.5rem;
    --text-2xl--line-height: calc(2 / 1.5);
    --text-3xl: 1.875rem;
    --text-3xl--line-height: calc(2.25 / 1.875);
    --text-4xl: 2.25rem;
    --text-4xl--line-height: calc(2.5 / 2.25);
    --text-6xl: 3.75rem;
    --text-6xl--line-height: 1;
    --font-weight-medium: 500;
    --font-weight-semibold: 600;
    --font-weight-bold: 700;
    --font-weight-extrabold: 800;
    --tracking-tight: -0.025em;
    --leading-relaxed: 1.625;
    --radius-sm: 0.25rem;
    --radius-md: 0.375rem;
    --radius-lg: 0.5rem;
    --radius-xl: 0.75rem;
    --ease-out: cubic-bezier(0, 0, 0.2, 1);
    --animate-spin: spin 1s linear infinite;
    --animate-pulse: pulse 2s cubic-bezier(0.4, 0, 0.6, 1) infinite;
    --default-transition-duration: 150ms;
    --default-transition-timing-function: cubic-bezier(0.4, 0, 0.2, 1);
    --default-font-family: var(--font-sans);
    --default-mono-font-family: var(--font-mono);
  }
}
@layer base {
  *, ::after, ::before, ::backdrop, ::file-selector-button {
    box-sizing: border-box;
    margin: 0;
    padding: 0;
    border: 0 solid;
  }
  html, :host {
    line-height: 1.5;
    -webkit-text-size-adjust: 100%;
    tab-size: 4;
    font-family: var(--default-font-family, ui-sans-serif, system-ui, sans-serif, "Apple Color Emoji", "Segoe UI Emoji", "Segoe UI Symbol", "Noto Color Emoji");
    font-feature-settings: var(--default-font-feature-settings, normal);
    font-variation-settings: var(--default-font-variation-settings, normal);
    -webkit-tap-highlight-color: transparent;
  }
  hr {
    height: 0;
    color: inherit;
    border-top-width: 1px;
  }
  abbr:where([title]) {
    -webkit-text-decoration: underline dotted;
    text-decoration: underline dotted;
  }
  h1, h2, h3, h4, h5, h6 {
    font-size: inherit;
    font-weight: inherit;
  }
  a {
    color: inherit;
    -webkit-text-decoration: inherit;
    text-decoration: inherit;
  }
  b, strong {
    font-weight: bolder;
  }
  code, kbd, samp, pre {
    font-family: var(--default-mono-font-family, ui-monospace, SFMono-Regular, Menlo, Monaco, Consolas, "Liberation Mono", "Courier New", monospace);
    font-feature-settings: var(--default-mono-font-feature-settings, normal);
    font-variation-settings: var(--default-mono-font-variation-settings, normal);
    font-size: 1em;
  }
  small {
    font-size: 80%;
  }
  sub, sup {
    font-size: 75%;
    line-height: 0;
    position: relative;
    vertical-align: baseline;
  }
  sub {
    bottom: -0.25em;
  }
  sup {
    top: -0.5em;
  }
  table {
    text-indent: 0;
    border-color: inherit;
    border-collapse: collapse;
  }
  :-moz-focusring {
    outline: auto;
  }
  progress {
    vertical-align: baseline;
  }
  summary {
    display: list-item;
  }
  ol, ul, menu {
    list-style: none;
  }
  img, svg, video, canvas, audio, iframe, embed, object {
    display: block;
    vertical-align: middle;
  }
  img, video {
    max-width: 100%;
    height: auto;
  }
  button, input, select, optgroup, textarea, ::file-selector-button {
    font: inherit;
    font-feature-settings: inherit;
    font-variation-settings: inherit;
    letter-spacing: inherit;
    color: inherit;
    border-radius: 0;
    background-color: transparent;
    opacity: 1;
  }
  :where(select:is([multiple], [size])) optgroup {
    font-weight: bolder;
  }
  :where(select:is([multiple], [size])) optgroup option {
    padding-inline-start: 20px;
  }
  ::file-selector-button {
    margin-inline-end: 4px;
  }
  ::placeholder {
    opacity: 1;
  }
  @supports (not (-webkit-appearance: -apple-pay-button))  or (contain-intrinsic-size: 1px) {
    ::placeholder {
      color: currentcolor;
      @supports (color: color-mix(in lab, red, red)) {
        color: color-mix(in oklab, currentcolor 50%, transparent);
      }
    }
  }
  textarea {
    resize: vertical;
  }
  ::-webkit-search-decoration {
    -webkit-appearance: none;
  }
  ::-webkit-date-and-time-value {
    min-height: 1lh;
    text-align: inherit;
  }
  ::-webkit-datetime-edit {
    display: inline-flex;
  }
  ::-webkit-datetime-edit-fields-wrapper {
    padding: 0;
  }
  ::-webkit-datetime-edit, ::-webkit-datetime-edit-year-field, ::-webkit-datetime-edit-month-field, ::-webkit-datetime-edit-day-field, ::-webkit-datetime-edit-hour-field, ::-webkit-datetime-edit-minute-field, ::-webkit-datetime-edit-second-field, ::-webkit-datetime-edit-millisecond-field, ::-webkit-datetime-edit-meridiem-field {
    padding-block: 0;
  }
  ::-webkit-calendar-picker-indicator {
    line-height: 1;
  }
  :-moz-ui-invalid {
    box-shadow: none;
  }
  button, input:where([type="button"], [type="reset"], [type="submit"]), ::file-selector-button {
    appearance: button;
  }
  ::-webkit-inner-spin-button, ::-webkit-outer-spin-button {
    height: auto;
  }
  [hidden]:where(:not([hidden="until-found"])) {
    display: none !important;
  }
}
@layer utilities {
  .pointer-events-auto {
    pointer-events: auto;
  }
  .collapse {
    visibility: collapse;
  }
  .visible {
    visibility: visible;
  }
  .absolute {
    position: absolute;
  }
  .fixed {
    position: fixed;
  }
  .relative {
    position: relative;
  }
  .static {
    position: static;
  }
  .sticky {
    position: sticky;
  }
  .inset-0 {
    inset: calc(var(--spacing) * 0);
  }
  .top-0 {
    top: calc(var(--spacing) * 0);
  }
  .top-2 {
    top: calc(var(--spacing) * 2);
  }
  .top-\[50\%\] {
    top: 50%;
  }
  .right-2 {
    right: calc(var(--spacing) * 2);
  }
  .right-3 {
    right: calc(var(--spacing) * 3);
  }
  .right-4 {
    right: calc(var(--spacing) * 4);
  }
  .bottom-3 {
    bottom: calc(var(--spacing) * 3);
  }
  .bottom-4 {
    bottom: calc(var(--spacing) * 4);
  }
  .bottom-full {
    bottom: 100%;
  }
  .left-0 {
    left: calc(var(--spacing) * 0);
  }
  .left-\[50\%\] {
    left: 50%;
  }
  .z-10 {
    z-index: 10;
  }
  .z-50 {
    z-index: 50;
  }
  .z-\[100\] {
    z-index: 100;
  }
  .col-1 {
    grid-column: 1;
  }
  .col-11 {
    grid-column: 11;
  }
  .container {
    width: 100%;
    @media (width >= 40rem) {
      max-width: 40rem;
    }
    @media (width >= 48rem) {
      max-width: 48rem;
    }
    @media (width >= 64rem) {
      max-width: 64rem;
    }
    @media (width >= 80rem) {
      max-width: 80rem;
    }
    @media (width >= 96rem) {
      max-width: 96rem;
    }
  }
  .m-5 {
    margin: calc(var(--spacing) * 5);
  }
  .mx-auto {
    margin-inline: auto;
  }
  .mt-1 {
    margin-top: calc(var(--spacing) * 1);
  }
  .mt-2 {
    margin-top: calc(var(--spacing) * 2);
  }
  .mt-3 {
    margin-top: calc(var(--spacing) * 3);
  }
  .mt-4 {
    margin-top: calc(var(--spacing) * 4);
  }
  .mt-6 {
    margin-top: calc(var(--spacing) * 6);
  }
  .mt-8 {
    margin-top: calc(var(--spacing) * 8);
  }
  .mt-16 {
    margin-top: calc(var(--spacing) * 16);
  }
  .mr-2 {
    margin-right: calc(var(--spacing) * 2);
  }
  .mb-1 {
    margin-bottom: calc(var(--spacing) * 1);
  }
  .mb-2 {
    margin-bottom: calc(var(--spacing) * 2);
  }
  .mb-3 {
    margin-bottom: calc(var(--spacing) * 3);
  }
  .mb-4 {
    margin-bottom: calc(var(--spacing) * 4);
  }
  .mb-6 {
    margin-bottom: calc(var(--spacing) * 6);
  }
  .mb-8 {
    margin-bottom: calc(var(--spacing) * 8);
  }
  .ml-2 {
    margin-left: calc(var(--spacing) * 2);
  }
  .ml-10 {
    margin-left: calc(var(--spacing) * 10);
  }
  .ml-12 {
    margin-left: calc(var(--spacing) * 12);
  }
  .block {
    display: block;
  }
  .contents {
    display: contents;
  }
  .flex {
    display: flex;
  }
  .grid {
    display: grid;
  }
  .hidden {
    display: none;
  }
  .inline {
    display: inline;
  }
  .inline-block {
    display: inline-block;
  }
  .inline-flex {
    display: inline-flex;
  }
  .table {
    display: table;
  }
  .h-2\.5 {
    height: calc(var(--spacing) * 2.5);
  }
  .h-3 {
    height: calc(var(--spacing) * 3);
  }
  .h-4 {
    height: calc(var(--spacing) * 4);
  }
  .h-5 {
    height: calc(var(--spacing) * 5);
  }
  .h-8 {
    height: calc(var(--spacing) * 8);
  }
  .h-9 {
    height: calc(var(--spacing) * 9);
  }
  .h-10 {
    height: calc(var(--spacing) * 10);
  }
  .h-12 {
    height: calc(var(--spacing) * 12);
  }
  .h-16 {
    height: calc(var(--spacing) * 16);
  }
  .h-\[600px\] {
    height: 600px;
  }
  .max-h-48 {
    max-height: calc(var(--spacing) * 48);
  }
  .max-h-96 {
    max-height: calc(var(--spacing) * 96);
  }
  .max-h-\[600px\] {
    max-height: 600px;
  }
  .max-h-screen {
    max-height: 100vh;
  }
  .min-h-screen {
    min-height: 100vh;
  }
  .w-2\.5 {
    width: calc(var(--spacing) * 2.5);
  }
  .w-3 {
    width: calc(var(--spacing) * 3);
  }
  .w-4 {
    width: calc(var(--spacing) * 4);
  }
  .w-5 {
    width: calc(var(--spacing) * 5);
  }
  .w-8 {
    width: calc(var(--spacing) * 8);
  }
  .w-9 {
    width: calc(var(--spacing) * 9);
  }
  .w-10 {
    width: calc(var(--spacing) * 10);
  }
  .w-12 {
    width: calc(var(--spacing) * 12);
  }
  .w-16 {
    width: calc(var(--spacing) * 16);
  }
  .w-32 {
    width: calc(var(--spacing) * 32);
  }
  .w-48 {
    width: calc(var(--spacing) * 48);
  }
  .w-96 {
    width: calc(var(--spacing) * 96);
  }
  .w-full {
    width: 100%;
  }
  .max-w-4xl {
    max-width: var(--container-4xl);
  }
  .max-w-5xl {
    max-width: var(--container-5xl);
  }
  .max-w-lg {
    max-width: var(--container-lg);
  }
  .max-w-md {
    max-width: var(--container-md);
  }
  .max-w-none {
    max-width: none;
  }
  .min-w-0 {
    min-width: calc(var(--spacing) * 0);
  }
  .min-w-\[8rem\] {
    min-width: 8rem;
  }
  .flex-1 {
    flex: 1;
  }
  .flex-shrink-0 {
    flex-shrink: 0;
  }
  .shrink-0 {
    flex-shrink: 0;
  }
  .translate-x-\[-50\%\] {
    --tw-translate-x: -50%;
    translate: var(--tw-translate-x) var(--tw-translate-y);
  }
  .translate-y-\[-50\%\] {
    --tw-translate-y: -50%;
    translate: var(--tw-translate-x) var(--tw-translate-y);
  }
  .scale-95 {
    --tw-scale-x: 95%;
    --tw-scale-y: 95%;
    --tw-scale-z: 95%;
    scale: var(--tw-scale-x) var(--tw-scale-y);
  }
  .scale-100 {
    --tw-scale-x: 100%;
    --tw-scale-y: 100%;
    --tw-scale-z: 100%;
    scale: var(--tw-scale-x) var(--tw-scale-y);
  }
  .scale-110 {
    --tw-scale-x: 110%;
    --tw-scale-y: 110%;
    --tw-scale-z: 110%;
    scale: var(--tw-scale-x) var(--tw-scale-y);
  }
  .transform {
    transform: var(--tw-rotate-x,) var(--tw-rotate-y,) var(--tw-rotate-z,) var(--tw-skew-x,) var(--tw-skew-y,);
  }
  .animate-pulse {
    animation: var(--animate-pulse);
  }
  .animate-spin {
    animation: var(--animate-spin);
  }
  .cursor-not-allowed {
    cursor: not-allowed;
  }
  .cursor-pointer {
    cursor: pointer;
  }
  .resize {
    resize: both;
  }
  .resize-none {
    resize: none;
  }
  .appearance-none {
    appearance: none;
  }
  .flex-col {
    flex-direction: column;
  }
  .flex-col-reverse {
    flex-direction: column-reverse;
  }
  .items-center {
    align-items: center;
  }
  .items-start {
    align-items: flex-start;
  }
  .justify-between {
    justify-content: space-between;
  }
  .justify-center {
    justify-content: center;
  }
  .gap-0\.5 {
    gap: calc(var(--spacing) * 0.5);
  }
  .gap-1 {
    gap: calc(var(--spacing) * 1);
  }
  .gap-1\.5 {
    gap: calc(var(--spacing) * 1.5);
  }
  .gap-2 {
    gap: calc(var(--spacing) * 2);
  }
  .gap-3 {
    gap: calc(var(--spacing) * 3);
  }
  .gap-4 {
    gap: calc(var(--spacing) * 4);
  }
  .-space-y-px {
    :where(& > :not(:last-child)) {
      --tw-space-y-reverse: 0;
      margin-block-start: calc(-1px * var(--tw-space-y-reverse));
      margin-block-end: calc(-1px * calc(1 - var(--tw-space-y-reverse)));
    }
  }
  .space-y-1 {
    :where(& > :not(:last-child)) {
      --tw-space-y-reverse: 0;
      margin-block-start: calc(calc(var(--spacing) * 1) * var(--tw-space-y-reverse));
      margin-block-end: calc(calc(var(--spacing) * 1) * calc(1 - var(--tw-space-y-reverse)));
    }
  }
  .space-y-1\.5 {
    :where(& > :not(:last-child)) {
      --tw-space-y-reverse: 0;
      margin-block-start: calc(calc(var(--spacing) * 1.5) * var(--tw-space-y-reverse));
      margin-block-end: calc(calc(var(--spacing) * 1.5) * calc(1 - var(--tw-space-y-reverse)));
    }
  }
  .space-y-2 {
    :where(& > :not(:last-child)) {
      --tw-space-y-reverse: 0;
      margin-block-start: calc(calc(var(--spacing) * 2) * var(--tw-space-y-reverse));
      margin-block-end: calc(calc(var(--spacing) * 2) * calc(1 - var(--tw-space-y-reverse)));
    }
  }
  .space-y-3 {
    :where(& > :not(:last-child)) {
      --tw-space-y-reverse: 0;
      margin-block-start: calc(calc(var(--spacing) * 3) * var(--tw-space-y-reverse));
      margin-block-end: calc(calc(var(--spacing) * 3) * calc(1 - var(--tw-space-y-reverse)));
    }
  }
  .space-y-4 {
    :where(& > :not(:last-child)) {
      --tw-space-y-reverse: 0;
      margin-block-start: calc(calc(var(--spacing) * 4) * var(--tw-space-y-reverse));
      margin-block-end: calc(calc(var(--spacing) * 4) * calc(1 - var(--tw-space-y-reverse)));
    }
  }
  .space-y-6 {
    :where(& > :not(:last-child)) {
      --tw-space-y-reverse: 0;
      margin-block-start: calc(calc(var(--spacing) * 6) * var(--tw-space-y-reverse));
      margin-block-end: calc(calc(var(--spacing) * 6) * calc(1 - var(--tw-space-y-reverse)));
    }
  }
  .space-y-8 {
    :where(& > :not(:last-child)) {
      --tw-space-y-reverse: 0;
      margin-block-start: calc(calc(var(--spacing) * 8) * var(--tw-space-y-reverse));
      margin-block-end: calc(calc(var(--spacing) * 8) * calc(1 - var(--tw-space-y-reverse)));
    }
  }
  .space-x-4 {
    :where(& > :not(:last-child)) {
      --tw-space-x-reverse: 0;
      margin-inline-start: calc(calc(var(--spacing) * 4) * var(--tw-space-x-reverse));
      margin-inline-end: calc(calc(var(--spacing) * 4) * calc(1 - var(--tw-space-x-reverse)));
    }
  }
  .truncate {
    overflow: hidden;
    text-overflow: ellipsis;
    white-space: nowrap;
  }
  .overflow-auto {
    overflow: auto;
  }
  .overflow-hidden {
    overflow: hidden;
  }
  .overflow-x-auto {
    overflow-x: auto;
  }
  .overflow-y-auto {
    overflow-y: auto;
  }
  .rounded {
    border-radius: 0.25rem;
  }
  .rounded-full {
    border-radius: calc(infinity * 1px);
  }
  .rounded-lg {
    border-radius: var(--radius-lg);
  }
  .rounded-md {
    border-radius: var(--radius-md);
  }
  .rounded-sm {
    border-radius: var(--radius-sm);
  }
  .rounded-xl {
    border-radius: var(--radius-xl);
  }
  .border {
    border-style: var(--tw-border-style);
    border-width: 1px;
  }
  .border-2 {
    border-style: var(--tw-border-style);
    border-width: 2px;
  }
  .border-t {
    border-top-style: var(--tw-border-style);
    border-top-width: 1px;
  }
  .border-b {
    border-bottom-style: var(--tw-border-style);
    border-bottom-width: 1px;
  }
  .border-amber-200 {
    border-color: var(--color-amber-200);
  }
  .border-gray-100 {
    border-color: var(--color-gray-100);
  }
  .border-gray-200 {
    border-color: var(--color-gray-200);
  }
  .border-gray-300 {
    border-color: var(--color-gray-300);
  }
  .border-green-500 {
    border-color: var(--color-green-500);
  }
  .border-red-500 {
    border-color: var(--color-red-500);
  }
  .border-transparent {
    border-color: transparent;
  }
  .border-white {
    border-color: var(--color-white);
  }
  .border-t-transparent {
    border-top-color: transparent;
  }
  .bg-amber-100 {
    background-color: var(--color-amber-100);
  }
  .bg-black\/0 {
    background-color: color-mix(in srgb, #000 0%, transparent);
    @supports (color: color-mix(in lab, red, red)) {
      background-color: color-mix(in oklab, var(--color-black) 0%, transparent);
    }
  }
  .bg-black\/50 {
    background-color: color-mix(in srgb, #000 50%, transparent);
    @supports (color: color-mix(in lab, red, red)) {
      background-color: color-mix(in oklab, var(--color-black) 50%, transparent);
    }
  }
  .bg-black\/80 {
    background-color: color-mix(in srgb, #000 80%, transparent);
    @supports (color: color-mix(in lab, red, red)) {
      background-color: color-mix(in oklab, var(--color-black) 80%, transparent);
    }
  }
  .bg-blue-100 {
    background-color: var(--color-blue-100);
  }
  .bg-gray-50 {
    background-color: var(--color-gray-50);
  }
  .bg-gray-100 {
    background-color: var(--color-gray-100);
  }
  .bg-gray-200 {
    background-color: var(--color-gray-200);
  }
  .bg-gray-900 {
    background-color: var(--color-gray-900);
  }
  .bg-green-500 {
    background-color: var(--color-green-500);
  }
  .bg-indigo-600 {
    background-color: var(--color-indigo-600);
  }
  .bg-red-500 {
    background-color: var(--color-red-500);
  }
  .bg-red-600 {
    background-color: var(--color-red-600);
  }
  .bg-transparent {
    background-color: transparent;
  }
  .bg-white {
    background-color: var(--color-white);
  }
  .bg-gradient-to-br {
    --tw-gradient-position: to bottom right in oklab;
    background-image: linear-gradient(var(--tw-gradient-stops));
  }
  .bg-gradient-to-r {
    --tw-gradient-position: to right in oklab;
    background-image: linear-gradient(var(--tw-gradient-stops));
  }
  .from-amber-50 {
    --tw-gradient-from: var(--color-amber-50);
    --tw-gradient-stops: var(--tw-gradient-via-stops, var(--tw-gradient-position), var(--tw-gradient-from) var(--tw-gradient-from-position), var(--tw-gradient-to) var(--tw-gradient-to-position));
  }
  .from-gray-50 {
    --tw-gradient-from: var(--color-gray-50);
    --tw-gradient-stops: var(--tw-gradient-via-stops, var(--tw-gradient-position), var(--tw-gradient-from) var(--tw-gradient-from-position), var(--tw-gradient-to) var(--tw-gradient-to-position));
  }
  .from-gray-700 {
    --tw-gradient-from: var(--color-gray-700);
    --tw-gradient-stops: var(--tw-gradient-via-stops, var(--tw-gradient-position), var(--tw-gradient-from) var(--tw-gradient-from-position), var(--tw-gradient-to) var(--tw-gradient-to-position));
  }
  .to-gray-100 {
    --tw-gradient-to: var(--color-gray-100);
    --tw-gradient-stops: var(--tw-gradient-via-stops, var(--tw-gradient-position), var(--tw-gradient-from) var(--tw-gradient-from-position), var(--tw-gradient-to) var(--tw-gradient-to-position));
  }
  .to-gray-900 {
    --tw-gradient-to: var(--color-gray-900);
    --tw-gradient-stops: var(--tw-gradient-via-stops, var(--tw-gradient-position), var(--tw-gradient-from) var(--tw-gradient-from-position), var(--tw-gradient-to) var(--tw-gradient-to-position));
  }
  .to-yellow-50 {
    --tw-gradient-to: var(--color-yellow-50);
    --tw-gradient-stops: var(--tw-gradient-via-stops, var(--tw-gradient-position), var(--tw-gradient-from) var(--tw-gradient-from-position), var(--tw-gradient-to) var(--tw-gradient-to-position));
  }
  .p-1 {
    padding: calc(var(--spacing) * 1);
  }
  .p-1\.5 {
    padding: calc(var(--spacing) * 1.5);
  }
  .p-2 {
    padding: calc(var(--spacing) * 2);
  }
  .p-2\.5 {
    padding: calc(var(--spacing) * 2.5);
  }
  .p-3 {
    padding: calc(var(--spacing) * 3);
  }
  .p-4 {
    padding: calc(var(--spacing) * 4);
  }
  .p-6 {
    padding: calc(var(--spacing) * 6);
  }
  .p-8 {
    padding: calc(var(--spacing) * 8);
  }
  .px-2 {
    padding-inline: calc(var(--spacing) * 2);
  }
  .px-3 {
    padding-inline: calc(var(--spacing) * 3);
  }
  .px-4 {
    padding-inline: calc(var(--spacing) * 4);
  }
  .px-6 {
    padding-inline: calc(var(--spacing) * 6);
  }
  .px-8 {
    padding-inline: calc(var(--spacing) * 8);
  }
  .py-1 {
    padding-block: calc(var(--spacing) * 1);
  }
  .py-1\.5 {
    padding-block: calc(var(--spacing) * 1.5);
  }
  .py-2 {
    padding-block: calc(var(--spacing) * 2);
  }
  .py-2\.5 {
    padding-block: calc(var(--spacing) * 2.5);
  }
  .py-3 {
    padding-block: calc(var(--spacing) * 3);
  }
  .py-4 {
    padding-block: calc(var(--spacing) * 4);
  }
  .py-8 {
    padding-block: calc(var(--spacing) * 8);
  }
  .py-12 {
    padding-block: calc(var(--spacing) * 12);
  }
  .py-16 {
    padding-block: calc(var(--spacing) * 16);
  }
  .pt-0 {
    padding-top: calc(var(--spacing) * 0);
  }
  .pt-4 {
    padding-top: calc(var(--spacing) * 4);
  }
  .pt-6 {
    padding-top: calc(var(--spacing) * 6);
  }
  .pr-8 {
    padding-right: calc(var(--spacing) * 8);
  }
  .pr-12 {
    padding-right: calc(var(--spacing) * 12);
  }
  .pl-8 {
    padding-left: calc(var(--spacing) * 8);
  }
  .text-center {
    text-align: center;
  }
  .text-end {
    text-align: end;
  }
  .text-left {
    text-align: left;
  }
  .text-right {
    text-align: right;
  }
  .font-mono {
    font-family: var(--font-mono);
  }
  .font-sans {
    font-family: var(--font-sans);
  }
  .text-2xl {
    font-size: var(--text-2xl);
    line-height: var(--tw-leading, var(--text-2xl--line-height));
  }
  .text-3xl {
    font-size: var(--text-3xl);
    line-height: var(--tw-leading, var(--text-3xl--line-height));
  }
  .text-4xl {
    font-size: var(--text-4xl);
    line-height: var(--tw-leading, var(--text-4xl--line-height));
  }
  .text-6xl {
    font-size: var(--text-6xl);
    line-height: var(--tw-leading, var(--text-6xl--line-height));
  }
  .text-base {
    font-size: var(--text-base);
    line-height: var(--tw-leading, var(--text-base--line-height));
  }
  .text-lg {
    font-size: var(--text-lg);
    line-height: var(--tw-leading, var(--text-lg--line-height));
  }
  .text-sm {
    font-size: var(--text-sm);
    line-height: var(--tw-leading, var(--text-sm--line-height));
  }
  .text-xl {
    font-size: var(--text-xl);
    line-height: var(--tw-leading, var(--text-xl--line-height));
  }
  .text-xs {
    font-size: var(--text-xs);
    line-height: var(--tw-leading, var(--text-xs--line-height));
  }
  .leading-none {
    --tw-leading: 1;
    line-height: 1;
  }
  .leading-relaxed {
    --tw-leading: var(--leading-relaxed);
    line-height: var(--leading-relaxed);
  }
  .font-bold {
    --tw-font-weight: var(--font-weight-bold);
    font-weight: var(--font-weight-bold);
  }
  .font-extrabold {
    --tw-font-weight: var(--font-weight-extrabold);
    font-weight: var(--font-weight-extrabold);
  }
  .font-medium {
    --tw-font-weight: var(--font-weight-medium);
    font-weight: var(--font-weight-medium);
  }
  .font-semibold {
    --tw-font-weight: var(--font-weight-semibold);
    font-weight: var(--font-weight-semibold);
  }
  .tracking-tight {
    --tw-tracking: var(--tracking-tight);
    letter-spacing: var(--tracking-tight);
  }
  .whitespace-nowrap {
    white-space: nowrap;
  }
  .whitespace-pre-wrap {
    white-space: pre-wrap;
  }
  .text-amber-800 {
    color: var(--color-amber-800);
  }
  .text-amber-900 {
    color: var(--color-amber-900);
  }
  .text-blue-600 {
    color: var(--color-blue-600);
  }
  .text-gray-300 {
    color: var(--color-gray-300);
  }
  .text-gray-400 {
    color: var(--color-gray-400);
  }
  .text-gray-500 {
    color: var(--color-gray-500);
  }
  .text-gray-600 {
    color: var(--color-gray-600);
  }
  .text-gray-700 {
    color: var(--color-gray-700);
  }
  .text-gray-800 {
    color: var(--color-gray-800);
  }
  .text-gray-900 {
    color: var(--color-gray-900);
  }
  .text-indigo-600 {
    color: var(--color-indigo-600);
  }
  .text-red-500 {
    color: var(--color-red-500);
  }
  .text-red-600 {
    color: var(--color-red-600);
  }
  .text-white {
    color: var(--color-white);
  }
  .text-white\/50 {
    color: color-mix(in srgb, #fff 50%, transparent);
    @supports (color: color-mix(in lab, red, red)) {
      color: color-mix(in oklab, var(--color-white) 50%, transparent);
    }
  }
  .underline {
    text-decoration-line: underline;
  }
  .underline-offset-4 {
    text-underline-offset: 4px;
  }
  .antialiased {
    -webkit-font-smoothing: antialiased;
    -moz-osx-font-smoothing: grayscale;
  }
  .placeholder-gray-500 {
    &::placeholder {
      color: var(--color-gray-500);
    }
  }
  .opacity-0 {
    opacity: 0%;
  }
  .opacity-50 {
    opacity: 50%;
  }
  .opacity-90 {
    opacity: 90%;
  }
  .opacity-100 {
    opacity: 100%;
  }
  .shadow {
    --tw-shadow: 0 1px 3px 0 var(--tw-shadow-color, rgb(0 0 0 / 0.1)), 0 1px 2px -1px var(--tw-shadow-color, rgb(0 0 0 / 0.1));
    box-shadow: var(--tw-inset-shadow), var(--tw-inset-ring-shadow), var(--tw-ring-offset-shadow), var(--tw-ring-shadow), var(--tw-shadow);
  }
  .shadow-lg {
    --tw-shadow: 0 10px 15px -3px var(--tw-shadow-color, rgb(0 0 0 / 0.1)), 0 4px 6px -4px var(--tw-shadow-color, rgb(0 0 0 / 0.1));
    box-shadow: var(--tw-inset-shadow), var(--tw-inset-ring-shadow), var(--tw-ring-offset-shadow), var(--tw-ring-shadow), var(--tw-shadow);
  }
  .shadow-md {
    --tw-shadow: 0 4px 6px -1px var(--tw-shadow-color, rgb(0 0 0 / 0.1)), 0 2px 4px -2px var(--tw-shadow-color, rgb(0 0 0 / 0.1));
    box-shadow: var(--tw-inset-shadow), var(--tw-inset-ring-shadow), var(--tw-ring-offset-shadow), var(--tw-ring-shadow), var(--tw-shadow);
  }
  .shadow-sm {
    --tw-shadow: 0 1px 3px 0 var(--tw-shadow-color, rgb(0 0 0 / 0.1)), 0 1px 2px -1px var(--tw-shadow-color, rgb(0 0 0 / 0.1));
    box-shadow: var(--tw-inset-shadow), var(--tw-inset-ring-shadow), var(--tw-ring-offset-shadow), var(--tw-ring-shadow), var(--tw-shadow);
  }
  .shadow-xl {
    --tw-shadow: 0 20px 25px -5px var(--tw-shadow-color, rgb(0 0 0 / 0.1)), 0 8px 10px -6px var(--tw-shadow-color, rgb(0 0 0 / 0.1));
    box-shadow: var(--tw-inset-shadow), var(--tw-inset-ring-shadow), var(--tw-ring-offset-shadow), var(--tw-ring-shadow), var(--tw-shadow);
  }
  .ring-offset-white {
    --tw-ring-offset-color: var(--color-white);
  }
  .outline {
    outline-style: var(--tw-outline-style);
    outline-width: 1px;
  }
  .blur {
    --tw-blur: blur(8px);
    filter: var(--tw-blur,) var(--tw-brightness,) var(--tw-contrast,) var(--tw-grayscale,) var(--tw-hue-rotate,) var(--tw-invert,) var(--tw-saturate,) var(--tw-sepia,) var(--tw-drop-shadow,);
  }
  .invert {
    --tw-invert: invert(100%);
    filter: var(--tw-blur,) var(--tw-brightness,) var(--tw-contrast,) var(--tw-grayscale,) var(--tw-hue-rotate,) var(--tw-invert,) var(--tw-saturate,) var(--tw-sepia,) var(--tw-drop-shadow,);
  }
  .filter {
    filter: var(--tw-blur,) var(--tw-brightness,) var(--tw-contrast,) var(--tw-grayscale,) var(--tw-hue-rotate,) var(--tw-invert,) var(--tw-saturate,) var(--tw-sepia,) var(--tw-drop-shadow,);
  }
  .transition {
    transition-property: color, background-color, border-color, outline-color, text-decoration-color, fill, stroke, --tw-gradient-from, --tw-gradient-via, --tw-gradient-to, opacity, box-shadow, transform, translate, scale, rotate, filter, -webkit-backdrop-filter, backdrop-filter, display, content-visibility, overlay, pointer-events;
    transition-timing-function: var(--tw-ease, var(--default-transition-timing-function));
    transition-duration: var(--tw-duration, var(--default-transition-duration));
  }
  .transition-all {
    transition-property: all;
    transition-timing-function: var(--tw-ease, var(--default-transition-timing-function));
    transition-duration: var(--tw-duration, var(--default-transition-duration));
  }
  .transition-colors {
    transition-property: color, background-color, border-color, outline-color, text-decoration-color, fill, stroke, --tw-gradient-from, --tw-gradient-via, --tw-gradient-to;
    transition-timing-function: var(--tw-ease, var(--default-transition-timing-function));
    transition-duration: var(--tw-duration, var(--default-transition-duration));
  }
  .transition-opacity {
    transition-property: opacity;
    transition-timing-function: var(--tw-ease, var(--default-transition-timing-function));
    transition-duration: var(--tw-duration, var(--default-transition-duration));
  }
  .transition-shadow {
    transition-property: box-shadow;
    transition-timing-function: var(--tw-ease, var(--default-transition-timing-function));
    transition-duration: var(--tw-duration, var(--default-transition-duration));
  }
  .duration-200 {
    --tw-duration: 200ms;
    transition-duration: 200ms;
  }
  .ease-out {
    --tw-ease: var(--ease-out);
    transition-timing-function: var(--ease-out);
  }
  .outline-none {
    --tw-outline-style: none;
    outline-style: none;
  }
  .select-none {
    -webkit-user-select: none;
    user-select: none;
  }
  .\[program\:laravel-worker\] {
    program: laravel-worker;
  }
  .group-hover\:opacity-100 {
    &:is(:where(.group):hover *) {
      @media (hover: hover) {
        opacity: 100%;
      }
    }
  }
  .hover\:scale-105 {
    &:hover {
      @media (hover: hover) {
        --tw-scale-x: 105%;
        --tw-scale-y: 105%;
        --tw-scale-z: 105%;
        scale: var(--tw-scale-x) var(--tw-scale-y);
      }
    }
  }
  .hover\:scale-125 {
    &:hover {
      @media (hover: hover) {
        --tw-scale-x: 125%;
        --tw-scale-y: 125%;
        --tw-scale-z: 125%;
        scale: var(--tw-scale-x) var(--tw-scale-y);
      }
    }
  }
  .hover\:bg-gray-50 {
    &:hover {
      @media (hover: hover) {
        background-color: var(--color-gray-50);
      }
    }
  }
  .hover\:bg-gray-100 {
    &:hover {
      @media (hover: hover) {
        background-color: var(--color-gray-100);
      }
    }
  }
  .hover\:bg-gray-200 {
    &:hover {
      @media (hover: hover) {
        background-color: var(--color-gray-200);
      }
    }
  }
  .hover\:bg-gray-800 {
    &:hover {
      @media (hover: hover) {
        background-color: var(--color-gray-800);
      }
    }
  }
  .hover\:bg-indigo-700 {
    &:hover {
      @media (hover: hover) {
        background-color: var(--color-indigo-700);
      }
    }
  }
  .hover\:bg-red-700 {
    &:hover {
      @media (hover: hover) {
        background-color: var(--color-red-700);
      }
    }
  }
  .hover\:text-amber-900 {
    &:hover {
      @media (hover: hover) {
        color: var(--color-amber-900);
      }
    }
  }
  .hover\:text-blue-600 {
    &:hover {
      @media (hover: hover) {
        color: var(--color-blue-600);
      }
    }
  }
  .hover\:text-gray-900 {
    &:hover {
      @media (hover: hover) {
        color: var(--color-gray-900);
      }
    }
  }
  .hover\:text-white {
    &:hover {
      @media (hover: hover) {
        color: var(--color-white);
      }
    }
  }
  .hover\:underline {
    &:hover {
      @media (hover: hover) {
        text-decoration-line: underline;
      }
    }
  }
  .hover\:shadow-md {
    &:hover {
      @media (hover: hover) {
        --tw-shadow: 0 4px 6px -1px var(--tw-shadow-color, rgb(0 0 0 / 0.1)), 0 2px 4px -2px var(--tw-shadow-color, rgb(0 0 0 / 0.1));
        box-shadow: var(--tw-inset-shadow), var(--tw-inset-ring-shadow), var(--tw-ring-offset-shadow), var(--tw-ring-shadow), var(--tw-shadow);
      }
    }
  }
  .hover\:ring-2 {
    &:hover {
      @media (hover: hover) {
        --tw-ring-shadow: var(--tw-ring-inset,) 0 0 0 calc(2px + var(--tw-ring-offset-width)) var(--tw-ring-color, currentcolor);
        box-shadow: var(--tw-inset-shadow), var(--tw-inset-ring-shadow), var(--tw-ring-offset-shadow), var(--tw-ring-shadow), var(--tw-shadow);
      }
    }
  }
  .hover\:ring-gray-900 {
    &:hover {
      @media (hover: hover) {
        --tw-ring-color: var(--color-gray-900);
      }
    }
  }
  .hover\:ring-offset-1 {
    &:hover {
      @media (hover: hover) {
        --tw-ring-offset-width: 1px;
        --tw-ring-offset-shadow: var(--tw-ring-inset,) 0 0 0 var(--tw-ring-offset-width) var(--tw-ring-offset-color);
      }
    }
  }
  .hover\:ring-offset-2 {
    &:hover {
      @media (hover: hover) {
        --tw-ring-offset-width: 2px;
        --tw-ring-offset-shadow: var(--tw-ring-inset,) 0 0 0 var(--tw-ring-offset-width) var(--tw-ring-offset-color);
      }
    }
  }
  .focus\:z-10 {
    &:focus {
      z-index: 10;
    }
  }
  .focus\:border-indigo-500 {
    &:focus {
      border-color: var(--color-indigo-500);
    }
  }
  .focus\:border-transparent {
    &:focus {
      border-color: transparent;
    }
  }
  .focus\:opacity-100 {
    &:focus {
      opacity: 100%;
    }
  }
  .focus\:ring-2 {
    &:focus {
      --tw-ring-shadow: var(--tw-ring-inset,) 0 0 0 calc(2px + var(--tw-ring-offset-width)) var(--tw-ring-color, currentcolor);
      box-shadow: var(--tw-inset-shadow), var(--tw-inset-ring-shadow), var(--tw-ring-offset-shadow), var(--tw-ring-shadow), var(--tw-shadow);
    }
  }
  .focus\:ring-gray-900 {
    &:focus {
      --tw-ring-color: var(--color-gray-900);
    }
  }
  .focus\:ring-indigo-500 {
    &:focus {
      --tw-ring-color: var(--color-indigo-500);
    }
  }
  .focus\:ring-offset-2 {
    &:focus {
      --tw-ring-offset-width: 2px;
      --tw-ring-offset-shadow: var(--tw-ring-inset,) 0 0 0 var(--tw-ring-offset-width) var(--tw-ring-offset-color);
    }
  }
  .focus\:outline-none {
    &:focus {
      --tw-outline-style: none;
      outline-style: none;
    }
  }
  .focus-visible\:ring-1 {
    &:focus-visible {
      --tw-ring-shadow: var(--tw-ring-inset,) 0 0 0 calc(1px + var(--tw-ring-offset-width)) var(--tw-ring-color, currentcolor);
      box-shadow: var(--tw-inset-shadow), var(--tw-inset-ring-shadow), var(--tw-ring-offset-shadow), var(--tw-ring-shadow), var(--tw-shadow);
    }
  }
  .focus-visible\:outline-none {
    &:focus-visible {
      --tw-outline-style: none;
      outline-style: none;
    }
  }
  .active\:bg-gray-200 {
    &:active {
      background-color: var(--color-gray-200);
    }
  }
  .disabled\:pointer-events-none {
    &:disabled {
      pointer-events: none;
    }
  }
  .disabled\:cursor-not-allowed {
    &:disabled {
      cursor: not-allowed;
    }
  }
  .disabled\:opacity-50 {
    &:disabled {
      opacity: 50%;
    }
  }
  .data-\[disabled\]\:pointer-events-none {
    &[data-disabled] {
      pointer-events: none;
    }
  }
  .data-\[disabled\]\:opacity-50 {
    &[data-disabled] {
      opacity: 50%;
    }
  }
  .data-\[swipe\=cancel\]\:translate-x-0 {
    &[data-swipe="cancel"] {
      --tw-translate-x: calc(var(--spacing) * 0);
      translate: var(--tw-translate-x) var(--tw-translate-y);
    }
  }
  .data-\[swipe\=end\]\:translate-x-\[var\(--radix-toast-swipe-end-x\)\] {
    &[data-swipe="end"] {
      --tw-translate-x: var(--radix-toast-swipe-end-x);
      translate: var(--tw-translate-x) var(--tw-translate-y);
    }
  }
  .data-\[swipe\=move\]\:translate-x-\[var\(--radix-toast-swipe-move-x\)\] {
    &[data-swipe="move"] {
      --tw-translate-x: var(--radix-toast-swipe-move-x);
      translate: var(--tw-translate-x) var(--tw-translate-y);
    }
  }
  .data-\[swipe\=move\]\:transition-none {
    &[data-swipe="move"] {
      transition-property: none;
    }
  }
  .sm\:top-auto {
    @media (width >= 40rem) {
      top: auto;
    }
  }
  .sm\:right-0 {
    @media (width >= 40rem) {
      right: calc(var(--spacing) * 0);
    }
  }
  .sm\:bottom-0 {
    @media (width >= 40rem) {
      bottom: calc(var(--spacing) * 0);
    }
  }
  .sm\:mt-0 {
    @media (width >= 40rem) {
      margin-top: calc(var(--spacing) * 0);
    }
  }
  .sm\:flex-col {
    @media (width >= 40rem) {
      flex-direction: column;
    }
  }
  .sm\:flex-row {
    @media (width >= 40rem) {
      flex-direction: row;
    }
  }
  .sm\:justify-end {
    @media (width >= 40rem) {
      justify-content: flex-end;
    }
  }
  .sm\:space-x-2 {
    @media (width >= 40rem) {
      :where(& > :not(:last-child)) {
        --tw-space-x-reverse: 0;
        margin-inline-start: calc(calc(var(--spacing) * 2) * var(--tw-space-x-reverse));
        margin-inline-end: calc(calc(var(--spacing) * 2) * calc(1 - var(--tw-space-x-reverse)));
      }
    }
  }
  .sm\:rounded-lg {
    @media (width >= 40rem) {
      border-radius: var(--radius-lg);
    }
  }
  .sm\:px-6 {
    @media (width >= 40rem) {
      padding-inline: calc(var(--spacing) * 6);
    }
  }
  .sm\:text-left {
    @media (width >= 40rem) {
      text-align: left;
    }
  }
  .sm\:text-sm {
    @media (width >= 40rem) {
      font-size: var(--text-sm);
      line-height: var(--tw-leading, var(--text-sm--line-height));
    }
  }
  .md\:max-w-\[420px\] {
    @media (width >= 48rem) {
      max-width: 420px;
    }
  }
  .lg\:px-8 {
    @media (width >= 64rem) {
      padding-inline: calc(var(--spacing) * 8);
    }
  }
  .\[\&_svg\]\:pointer-events-none {
    & svg {
      pointer-events: none;
    }
  }
  .\[\&_svg\]\:size-4 {
    & svg {
      width: calc(var(--spacing) * 4);
      height: calc(var(--spacing) * 4);
    }
  }
  .\[\&_svg\]\:shrink-0 {
    & svg {
      flex-shrink: 0;
    }
  }
}
@property --tw-translate-x {
  syntax: "*";
  inherits: false;
  initial-value: 0;
}
@property --tw-translate-y {
  syntax: "*";
  inherits: false;
  initial-value: 0;
}
@property --tw-translate-z {
  syntax: "*";
  inherits: false;
  initial-value: 0;
}
@property --tw-scale-x {
  syntax: "*";
  inherits: false;
  initial-value: 1;
}
@property --tw-scale-y {
  syntax: "*";
  inherits: false;
  initial-value: 1;
}
@property --tw-scale-z {
  syntax: "*";
  inherits: false;
  initial-value: 1;
}
@property --tw-rotate-x {
  syntax: "*";
  inherits: false;
}
@property --tw-rotate-y {
  syntax: "*";
  inherits: false;
}
@property --tw-rotate-z {
  syntax: "*";
  inherits: false;
}
@property --tw-skew-x {
  syntax: "*";
  inherits: false;
}
@property --tw-skew-y {
  syntax: "*";
  inherits: false;
}
@property --tw-space-y-reverse {
  syntax: "*";
  inherits: false;
  initial-value: 0;
}
@property --tw-space-x-reverse {
  syntax: "*";
  inherits: false;
  initial-value: 0;
}
@property --tw-border-style {
  syntax: "*";
  inherits: false;
  initial-value: solid;
}
@property --tw-gradient-position {
  syntax: "*";
  inherits: false;
}
@property --tw-gradient-from {
  syntax: "<color>";
  inherits: false;
  initial-value: #0000;
}
@property --tw-gradient-via {
  syntax: "<color>";
  inherits: false;
  initial-value: #0000;
}
@property --tw-gradient-to {
  syntax: "<color>";
  inherits: false;
  initial-value: #0000;
}
@property --tw-gradient-stops {
  syntax: "*";
  inherits: false;
}
@property --tw-gradient-via-stops {
  syntax: "*";
  inherits: false;
}
@property --tw-gradient-from-position {
  syntax: "<length-percentage>";
  inherits: false;
  initial-value: 0%;
}
@property --tw-gradient-via-position {
  syntax: "<length-percentage>";
  inherits: false;
  initial-value: 50%;
}
@property --tw-gradient-to-position {
  syntax: "<length-percentage>";
  inherits: false;
  initial-value: 100%;
}
@property --tw-leading {
  syntax: "*";
  inherits: false;
}
@property --tw-font-weight {
  syntax: "*";
  inherits: false;
}
@property --tw-tracking {
  syntax: "*";
  inherits: false;
}
@property --tw-shadow {
  syntax: "*";
  inherits: false;
  initial-value: 0 0 #0000;
}
@property --tw-shadow-color {
  syntax: "*";
  inherits: false;
}
@property --tw-shadow-alpha {
  syntax: "<percentage>";
  inherits: false;
  initial-value: 100%;
}
@property --tw-inset-shadow {
  syntax: "*";
  inherits: false;
  initial-value: 0 0 #0000;
}
@property --tw-inset-shadow-color {
  syntax: "*";
  inherits: false;
}
@property --tw-inset-shadow-alpha {
  syntax: "<percentage>";
  inherits: false;
  initial-value: 100%;
}
@property --tw-ring-color {
  syntax: "*";
  inherits: false;
}
@property --tw-ring-shadow {
  syntax: "*";
  inherits: false;
  initial-value: 0 0 #0000;
}
@property --tw-inset-ring-color {
  syntax: "*";
  inherits: false;
}
@property --tw-inset-ring-shadow {
  syntax: "*";
  inherits: false;
  initial-value: 0 0 #0000;
}
@property --tw-ring-inset {
  syntax: "*";
  inherits: false;
}
@property --tw-ring-offset-width {
  syntax: "<length>";
  inherits: false;
  initial-value: 0px;
}
@property --tw-ring-offset-color {
  syntax: "*";
  inherits: false;
  initial-value: #fff;
}
@property --tw-ring-offset-shadow {
  syntax: "*";
  inherits: false;
  initial-value: 0 0 #0000;
}
@property --tw-outline-style {
  syntax: "*";
  inherits: false;
  initial-value: solid;
}
@property --tw-blur {
  syntax: "*";
  inherits: false;
}
@property --tw-brightness {
  syntax: "*";
  inherits: false;
}
@property --tw-contrast {
  syntax: "*";
  inherits: false;
}
@property --tw-grayscale {
  syntax: "*";
  inherits: false;
}
@property --tw-hue-rotate {
  syntax: "*";
  inherits: false;
}
@property --tw-invert {
  syntax: "*";
  inherits: false;
}
@property --tw-opacity {
  syntax: "*";
  inherits: false;
}
@property --tw-saturate {
  syntax: "*";
  inherits: false;
}
@property --tw-sepia {
  syntax: "*";
  inherits: false;
}
@property --tw-drop-shadow {
  syntax: "*";
  inherits: false;
}
@property --tw-drop-shadow-color {
  syntax: "*";
  inherits: false;
}
@property --tw-drop-shadow-alpha {
  syntax: "<percentage>";
  inherits: false;
  initial-value: 100%;
}
@property --tw-drop-shadow-size {
  syntax: "*";
  inherits: false;
}
@property --tw-duration {
  syntax: "*";
  inherits: false;
}
@property --tw-ease {
  syntax: "*";
  inherits: false;
}
@keyframes spin {
  to {
    transform: rotate(360deg);
  }
}
@keyframes pulse {
  50% {
    opacity: 0.5;
  }
}
@layer properties {
  @supports ((-webkit-hyphens: none) and (not (margin-trim: inline))) or ((-moz-orient: inline) and (not (color:rgb(from red r g b)))) {
    *, ::before, ::after, ::backdrop {
      --tw-translate-x: 0;
      --tw-translate-y: 0;
      --tw-translate-z: 0;
      --tw-scale-x: 1;
      --tw-scale-y: 1;
      --tw-scale-z: 1;
      --tw-rotate-x: initial;
      --tw-rotate-y: initial;
      --tw-rotate-z: initial;
      --tw-skew-x: initial;
      --tw-skew-y: initial;
      --tw-space-y-reverse: 0;
      --tw-space-x-reverse: 0;
      --tw-border-style: solid;
      --tw-gradient-position: initial;
      --tw-gradient-from: #0000;
      --tw-gradient-via: #0000;
      --tw-gradient-to: #0000;
      --tw-gradient-stops: initial;
      --tw-gradient-via-stops: initial;
      --tw-gradient-from-position: 0%;
      --tw-gradient-via-position: 50%;
      --tw-gradient-to-position: 100%;
      --tw-leading: initial;
      --tw-font-weight: initial;
      --tw-tracking: initial;
      --tw-shadow: 0 0 #0000;
      --tw-shadow-color: initial;
      --tw-shadow-alpha: 100%;
      --tw-inset-shadow: 0 0 #0000;
      --tw-inset-shadow-color: initial;
      --tw-inset-shadow-alpha: 100%;
      --tw-ring-color: initial;
      --tw-ring-shadow: 0 0 #0000;
      --tw-inset-ring-color: initial;
      --tw-inset-ring-shadow: 0 0 #0000;
      --tw-ring-inset: initial;
      --tw-ring-offset-width: 0px;
      --tw-ring-offset-color: #fff;
      --tw-ring-offset-shadow: 0 0 #0000;
      --tw-outline-style: solid;
      --tw-blur: initial;
      --tw-brightness: initial;
      --tw-contrast: initial;
      --tw-grayscale: initial;
      --tw-hue-rotate: initial;
      --tw-invert: initial;
      --tw-opacity: initial;
      --tw-saturate: initial;
      --tw-sepia: initial;
      --tw-drop-shadow: initial;
      --tw-drop-shadow-color: initial;
      --tw-drop-shadow-alpha: 100%;
      --tw-drop-shadow-size: initial;
      --tw-duration: initial;
      --tw-ease: initial;
    }
  }
}
</style><style>
    #nprogress {
      pointer-events: none;
    }

    #nprogress .bar {
      background: #4B5563;

      position: fixed;
      z-index: 1031;
      top: 0;
      left: 0;

      width: 100%;
      height: 2px;
    }

    #nprogress .peg {
      display: block;
      position: absolute;
      right: 0px;
      width: 100px;
      height: 100%;
      box-shadow: 0 0 10px #4B5563, 0 0 5px #4B5563;
      opacity: 1.0;

      transform: rotate(3deg) translate(0px, -4px);
    }

    #nprogress .spinner {
      display: block;
      position: fixed;
      z-index: 1031;
      top: 15px;
      right: 15px;
    }

    #nprogress .spinner-icon {
      width: 18px;
      height: 18px;
      box-sizing: border-box;

      border: solid 2px transparent;
      border-top-color: #4B5563;
      border-left-color: #4B5563;
      border-radius: 50%;

      animation: nprogress-spinner 400ms linear infinite;
    }

    .nprogress-custom-parent {
      overflow: hidden;
      position: relative;
    }

    .nprogress-custom-parent #nprogress .spinner,
    .nprogress-custom-parent #nprogress .bar {
      position: absolute;
    }

    @keyframes nprogress-spinner {
      0%   { transform: rotate(0deg); }
      100% { transform: rotate(360deg); }
    }
  </style></head>

<body class="font-sans antialiased" style="margin-bottom: 32px;">
    <div id="app" data-page="{&quot;component&quot;:&quot;Auth\/Login&quot;,&quot;props&quot;:[],&quot;url&quot;:&quot;\/login&quot;,&quot;version&quot;:&quot;&quot;,&quot;clearHistory&quot;:false,&quot;encryptHistory&quot;:false}"><div class="min-h-screen bg-gradient-to-br from-gray-50 to-gray-100"><header class="bg-white border-b border-gray-200 sticky top-0 z-10 shadow-sm"><div class="max-w-5xl mx-auto px-4 py-4"><div class="flex items-center justify-between"><div><h1 class="text-2xl font-bold text-gray-900">Reactions Demo</h1><p class="text-sm text-gray-500 mt-1">Facebook-like reaction system</p></div><a class="inline-flex items-center gap-2 px-6 py-2.5 text-sm font-medium text-white bg-gray-900 hover:bg-gray-800 rounded-lg transition-colors shadow-sm" href="/login"><svg xmlns="http://www.w3.org/2000/svg" width="24" height="24" viewBox="0 0 24 24" fill="none" stroke="currentColor" stroke-width="2" stroke-linecap="round" stroke-linejoin="round" class="lucide lucide-user w-4 h-4" aria-hidden="true"><path d="M19 21v-2a4 4 0 0 0-4-4H9a4 4 0 0 0-4 4v2"></path><circle cx="12" cy="7" r="4"></circle></svg>Login to React</a></div></div></header><main class="max-w-5xl mx-auto px-4 py-8"><div class="mb-8 p-6 bg-gradient-to-r from-amber-50 to-yellow-50 border border-amber-200 rounded-xl shadow-sm"><div class="flex items-start gap-4"><div class="flex-shrink-0 w-10 h-10 bg-amber-100 rounded-full flex items-center justify-center"><span class="text-xl">💡</span></div><div><h3 class="text-sm font-semibold text-amber-900 mb-1">Login Required</h3><p class="text-sm text-amber-800">You need to be logged in to add reactions to posts. <a class="underline font-medium hover:text-amber-900" href="/login">Click here to login</a></p></div></div></div><div class="space-y-6"><article class="bg-white rounded-xl shadow-sm border border-gray-200 overflow-hidden hover:shadow-md transition-shadow"><div class="p-6"><h2 class="text-xl font-bold text-gray-900 mb-3">Welcome to Our Reaction System!</h2><p class="text-gray-600 leading-relaxed mb-6">This is a demonstration of our Facebook-like reaction system. Hover over the Like button to see all available reactions! You can express yourself with 👍 Like, ❤️ Love, 😂 Haha, 😮 Wow, 😢 Sad, or 😠 Angry.</p><div class="pt-4 border-t border-gray-100"><div class="flex items-center gap-3"><button data-testid="reaction-button-like" class="
                            group inline-flex items-center gap-1.5 px-3 py-1.5 rounded-md font-medium text-sm transition-all duration-200
                            bg-gray-900 text-white hover:bg-gray-800 shadow-sm
                            cursor-pointer hover:scale-105
                        " type="button" id="radix-_r_0_" aria-haspopup="menu" aria-expanded="false" data-state="closed"><span class="text-base">👍</span><span class="font-medium text-sm">Like</span></button><div class="flex items-center gap-1.5"><button data-testid="reaction-count-haha" class="
                                    inline-flex items-center gap-1 px-2 py-1 rounded-full text-xs font-medium transition-all
                                    bg-gray-100 text-gray-700 hover:bg-gray-200
                                    cursor-pointer hover:scale-105
                                "><span class="text-base">😂</span><span>13</span></button><button data-testid="reaction-count-love" class="
                                    inline-flex items-center gap-1 px-2 py-1 rounded-full text-xs font-medium transition-all
                                    bg-gray-100 text-gray-700 hover:bg-gray-200
                                    cursor-pointer hover:scale-105
                                "><span class="text-base">❤️</span><span>11</span></button><button data-testid="reaction-count-angry" class="
                                    inline-flex items-center gap-1 px-2 py-1 rounded-full text-xs font-medium transition-all
                                    bg-gray-100 text-gray-700 hover:bg-gray-200
                                    cursor-pointer hover:scale-105
                                "><span class="text-base">😠</span><span>8</span></button><button data-testid="reaction-count-like" class="
                                    inline-flex items-center gap-1 px-2 py-1 rounded-full text-xs font-medium transition-all
                                    bg-gray-900 text-white shadow-sm
                                    cursor-pointer hover:scale-105
                                "><span class="text-base">👍</span><span>7</span></button><button data-testid="reaction-count-sad" class="
                                    inline-flex items-center gap-1 px-2 py-1 rounded-full text-xs font-medium transition-all
                                    bg-gray-100 text-gray-700 hover:bg-gray-200
                                    cursor-pointer hover:scale-105
                                "><span class="text-base">😢</span><span>6</span></button><button data-testid="reaction-count-wow" class="
                                    inline-flex items-center gap-1 px-2 py-1 rounded-full text-xs font-medium transition-all
                                    bg-gray-100 text-gray-700 hover:bg-gray-200
                                    cursor-pointer hover:scale-105
                                "><span class="text-base">😮</span><span>5</span></button><button class="p-1.5 hover:bg-gray-100 rounded-full transition-colors" title="See who reacted"><svg xmlns="http://www.w3.org/2000/svg" width="24" height="24" viewBox="0 0 24 24" fill="none" stroke="currentColor" stroke-width="2" stroke-linecap="round" stroke-linejoin="round" class="lucide lucide-chevron-down w-4 h-4 text-gray-600" aria-hidden="true"><path d="m6 9 6 6 6-6"></path></svg></button></div></div></div><div class="pt-6 border-t border-gray-100 mt-6"><div class="space-y-3"><div class="flex items-center justify-between"><div class="flex items-center gap-2"><svg xmlns="http://www.w3.org/2000/svg" width="24" height="24" viewBox="0 0 24 24" fill="none" stroke="currentColor" stroke-width="2" stroke-linecap="round" stroke-linejoin="round" class="lucide lucide-message-square w-4 h-4 text-gray-600" aria-hidden="true"><path d="M22 17a2 2 0 0 1-2 2H6.828a2 2 0 0 0-1.414.586l-2.202 2.202A.71.71 0 0 1 2 21.286V5a2 2 0 0 1 2-2h16a2 2 0 0 1 2 2z"></path></svg><h3 class="text-base font-semibold text-gray-900">Comments (36)</h3></div><button data-testid="add-comment-button" class="px-3 py-1.5 text-sm font-medium text-white bg-gray-900 rounded-md hover:bg-gray-800 transition-colors">Add Comment</button></div><div class="space-y-2"><div class=""><div class="bg-white rounded-md border border-gray-200 p-3"><div class="flex items-start justify-between mb-2"><div class="flex items-center gap-2"><div class="w-8 h-8 bg-gradient-to-br from-gray-700 to-gray-900 rounded-full flex items-center justify-center text-white font-semibold text-sm flex-shrink-0 cursor-pointer hover:ring-2 hover:ring-gray-900 hover:ring-offset-1 transition-all">T</div><div><div class="flex items-center gap-1.5"><span class="text-sm font-semibold text-gray-900 cursor-pointer hover:underline">Test User</span></div><span class="text-xs text-gray-500">Nov 30, 2025, 07:57 PM</span></div></div><button class="p-1 hover:bg-gray-100 rounded-full transition-colors" type="button" id="radix-_r_2_" aria-haspopup="menu" aria-expanded="false" data-state="closed"><svg xmlns="http://www.w3.org/2000/svg" width="24" height="24" viewBox="0 0 24 24" fill="none" stroke="currentColor" stroke-width="2" stroke-linecap="round" stroke-linejoin="round" class="lucide lucide-ellipsis-vertical w-4 h-4 text-gray-600" aria-hidden="true"><circle cx="12" cy="12" r="1"></circle><circle cx="12" cy="5" r="1"></circle><circle cx="12" cy="19" r="1"></circle></svg></button></div><p class="text-sm text-gray-800 whitespace-pre-wrap mb-2">Test comment 1764518241645</p><div class="flex items-center gap-3"><div class="flex items-center gap-3"><button data-testid="reaction-button-like" class="
                            group inline-flex items-center gap-1.5 px-3 py-1.5 rounded-md font-medium text-sm transition-all duration-200
                            bg-white text-gray-700 hover:bg-gray-50 border border-gray-300
                            cursor-pointer hover:scale-105
                        " type="button" id="radix-_r_4_" aria-haspopup="menu" aria-expanded="false" data-state="closed"><span class="text-base">👍</span><span class="font-medium text-sm">Like</span></button></div><button data-testid="reply-button" class="flex items-center gap-1 text-sm text-gray-600 hover:text-gray-900 transition-colors"><svg xmlns="http://www.w3.org/2000/svg" width="24" height="24" viewBox="0 0 24 24" fill="none" stroke="currentColor" stroke-width="2" stroke-linecap="round" stroke-linejoin="round" class="lucide lucide-reply w-4 h-4" aria-hidden="true"><path d="M20 18v-2a4 4 0 0 0-4-4H4"></path><path d="m9 17-5-5 5-5"></path></svg>Reply</button></div></div></div><div class=""><div class="bg-white rounded-md border border-gray-200 p-3"><div class="flex items-start justify-between mb-2"><div class="flex items-center gap-2"><div class="w-8 h-8 bg-gradient-to-br from-gray-700 to-gray-900 rounded-full flex items-center justify-center text-white font-semibold text-sm flex-shrink-0 cursor-pointer hover:ring-2 hover:ring-gray-900 hover:ring-offset-1 transition-all">T</div><div><div class="flex items-center gap-1.5"><span class="text-sm font-semibold text-gray-900 cursor-pointer hover:underline">Test User</span></div><span class="text-xs text-gray-500">Nov 30, 2025, 07:54 PM</span></div></div><button class="p-1 hover:bg-gray-100 rounded-full transition-colors" type="button" id="radix-_r_9_" aria-haspopup="menu" aria-expanded="false" data-state="closed"><svg xmlns="http://www.w3.org/2000/svg" width="24" height="24" viewBox="0 0 24 24" fill="none" stroke="currentColor" stroke-width="2" stroke-linecap="round" stroke-linejoin="round" class="lucide lucide-ellipsis-vertical w-4 h-4 text-gray-600" aria-hidden="true"><circle cx="12" cy="12" r="1"></circle><circle cx="12" cy="5" r="1"></circle><circle cx="12" cy="19" r="1"></circle></svg></button></div><p class="text-sm text-gray-800 whitespace-pre-wrap mb-2">Test comment 1764518097186</p><div class="flex items-center gap-3"><div class="flex items-center gap-3"><button data-testid="reaction-button-like" class="
                            group inline-flex items-center gap-1.5 px-3 py-1.5 rounded-md font-medium text-sm transition-all duration-200
                            bg-white text-gray-700 hover:bg-gray-50 border border-gray-300
                            cursor-pointer hover:scale-105
                        " type="button" id="radix-_r_b_" aria-haspopup="menu" aria-expanded="false" data-state="closed"><span class="text-base">👍</span><span class="font-medium text-sm">Like</span></button></div><button data-testid="reply-button" class="flex items-center gap-1 text-sm text-gray-600 hover:text-gray-900 transition-colors"><svg xmlns="http://www.w3.org/2000/svg" width="24" height="24" viewBox="0 0 24 24" fill="none" stroke="currentColor" stroke-width="2" stroke-linecap="round" stroke-linejoin="round" class="lucide lucide-reply w-4 h-4" aria-hidden="true"><path d="M20 18v-2a4 4 0 0 0-4-4H4"></path><path d="m9 17-5-5 5-5"></path></svg>Reply</button></div></div><div class="mt-2 space-y-2"><div class="ml-10"><div class="bg-white rounded-md border border-gray-200 p-3"><div class="flex items-start justify-between mb-2"><div class="flex items-center gap-2"><div class="w-8 h-8 bg-gradient-to-br from-gray-700 to-gray-900 rounded-full flex items-center justify-center text-white font-semibold text-sm flex-shrink-0 cursor-pointer hover:ring-2 hover:ring-gray-900 hover:ring-offset-1 transition-all">T</div><div><div class="flex items-center gap-1.5"><span class="text-sm font-semibold text-gray-900 cursor-pointer hover:underline">Test User</span></div><span class="text-xs text-gray-500">Nov 30, 2025, 07:57 PM</span></div></div><button class="p-1 hover:bg-gray-100 rounded-full transition-colors" type="button" id="radix-_r_d_" aria-haspopup="menu" aria-expanded="false" data-state="closed"><svg xmlns="http://www.w3.org/2000/svg" width="24" height="24" viewBox="0 0 24 24" fill="none" stroke="currentColor" stroke-width="2" stroke-linecap="round" stroke-linejoin="round" class="lucide lucide-ellipsis-vertical w-4 h-4 text-gray-600" aria-hidden="true"><circle cx="12" cy="12" r="1"></circle><circle cx="12" cy="5" r="1"></circle><circle cx="12" cy="19" r="1"></circle></svg></button></div><p class="text-sm text-gray-800 whitespace-pre-wrap mb-2">Test reply 1764518242023</p><div class="flex items-center gap-3"><div class="flex items-center gap-3"><button data-testid="reaction-button-like" class="
                            group inline-flex items-center gap-1.5 px-3 py-1.5 rounded-md font-medium text-sm transition-all duration-200
                            bg-white text-gray-700 hover:bg-gray-50 border border-gray-300
                            cursor-pointer hover:scale-105
                        " type="button" id="radix-_r_f_" aria-haspopup="menu" aria-expanded="false" data-state="closed"><span class="text-base">👍</span><span class="font-medium text-sm">Like</span></button></div></div></div></div></div></div><div class=""><div class="bg-white rounded-md border border-gray-200 p-3"><div class="flex items-start justify-between mb-2"><div class="flex items-center gap-2"><div class="w-8 h-8 bg-gradient-to-br from-gray-700 to-gray-900 rounded-full flex items-center justify-center text-white font-semibold text-sm flex-shrink-0 cursor-pointer hover:ring-2 hover:ring-gray-900 hover:ring-offset-1 transition-all">T</div><div><div class="flex items-center gap-1.5"><span class="text-sm font-semibold text-gray-900 cursor-pointer hover:underline">Test User</span></div><span class="text-xs text-gray-500">Nov 30, 2025, 07:52 PM</span></div></div><button class="p-1 hover:bg-gray-100 rounded-full transition-colors" type="button" id="radix-_r_n_" aria-haspopup="menu" aria-expanded="false" data-state="closed"><svg xmlns="http://www.w3.org/2000/svg" width="24" height="24" viewBox="0 0 24 24" fill="none" stroke="currentColor" stroke-width="2" stroke-linecap="round" stroke-linejoin="round" class="lucide lucide-ellipsis-vertical w-4 h-4 text-gray-600" aria-hidden="true"><circle cx="12" cy="12" r="1"></circle><circle cx="12" cy="5" r="1"></circle><circle cx="12" cy="19" r="1"></circle></svg></button></div><p class="text-sm text-gray-800 whitespace-pre-wrap mb-2">Test comment 1764517923365</p><div class="flex items-center gap-3"><div class="flex items-center gap-3"><button data-testid="reaction-button-like" class="
                            group inline-flex items-center gap-1.5 px-3 py-1.5 rounded-md font-medium text-sm transition-all duration-200
                            bg-white text-gray-700 hover:bg-gray-50 border border-gray-300
                            cursor-pointer hover:scale-105
                        " type="button" id="radix-_r_p_" aria-haspopup="menu" aria-expanded="false" data-state="closed"><span class="text-base">👍</span><span class="font-medium text-sm">Like</span></button></div><button data-testid="reply-button" class="flex items-center gap-1 text-sm text-gray-600 hover:text-gray-900 transition-colors"><svg xmlns="http://www.w3.org/2000/svg" width="24" height="24" viewBox="0 0 24 24" fill="none" stroke="currentColor" stroke-width="2" stroke-linecap="round" stroke-linejoin="round" class="lucide lucide-reply w-4 h-4" aria-hidden="true"><path d="M20 18v-2a4 4 0 0 0-4-4H4"></path><path d="m9 17-5-5 5-5"></path></svg>Reply</button></div></div><div class="mt-2 space-y-2"><div class="ml-10"><div class="bg-white rounded-md border border-gray-200 p-3"><div class="flex items-start justify-between mb-2"><div class="flex items-center gap-2"><div class="w-8 h-8 bg-gradient-to-br from-gray-700 to-gray-900 rounded-full flex items-center justify-center text-white font-semibold text-sm flex-shrink-0 cursor-pointer hover:ring-2 hover:ring-gray-900 hover:ring-offset-1 transition-all">T</div><div><div class="flex items-center gap-1.5"><span class="text-sm font-semibold text-gray-900 cursor-pointer hover:underline">Test User</span></div><span class="text-xs text-gray-500">Nov 30, 2025, 07:54 PM</span></div></div><button class="p-1 hover:bg-gray-100 rounded-full transition-colors" type="button" id="radix-_r_r_" aria-haspopup="menu" aria-expanded="false" data-state="closed"><svg xmlns="http://www.w3.org/2000/svg" width="24" height="24" viewBox="0 0 24 24" fill="none" stroke="currentColor" stroke-width="2" stroke-linecap="round" stroke-linejoin="round" class="lucide lucide-ellipsis-vertical w-4 h-4 text-gray-600" aria-hidden="true"><circle cx="12" cy="12" r="1"></circle><circle cx="12" cy="5" r="1"></circle><circle cx="12" cy="19" r="1"></circle></svg></button></div><p class="text-sm text-gray-800 whitespace-pre-wrap mb-2">Test reply 1764518096026</p><div class="flex items-center gap-3"><div class="flex items-center gap-3"><button data-testid="reaction-button-like" class="
                            group inline-flex items-center gap-1.5 px-3 py-1.5 rounded-md font-medium text-sm transition-all duration-200
                            bg-white text-gray-700 hover:bg-gray-50 border border-gray-300
                            cursor-pointer hover:scale-105
                        " type="button" id="radix-_r_t_" aria-haspopup="menu" aria-expanded="false" data-state="closed"><span class="text-base">👍</span><span class="font-medium text-sm">Like</span></button></div></div></div></div></div></div><div class=""><div class="bg-white rounded-md border border-gray-200 p-3"><div class="flex items-start justify-between mb-2"><div class="flex items-center gap-2"><div class="w-8 h-8 bg-gradient-to-br from-gray-700 to-gray-900 rounded-full flex items-center justify-center text-white font-semibold text-sm flex-shrink-0 cursor-pointer hover:ring-2 hover:ring-gray-900 hover:ring-offset-1 transition-all">T</div><div><div class="flex items-center gap-1.5"><span class="text-sm font-semibold text-gray-900 cursor-pointer hover:underline">Test User</span></div><span class="text-xs text-gray-500">Nov 30, 2025, 07:28 PM</span></div></div><button class="p-1 hover:bg-gray-100 rounded-full transition-colors" type="button" id="radix-_r_15_" aria-haspopup="menu" aria-expanded="false" data-state="closed"><svg xmlns="http://www.w3.org/2000/svg" width="24" height="24" viewBox="0 0 24 24" fill="none" stroke="currentColor" stroke-width="2" stroke-linecap="round" stroke-linejoin="round" class="lucide lucide-ellipsis-vertical w-4 h-4 text-gray-600" aria-hidden="true"><circle cx="12" cy="12" r="1"></circle><circle cx="12" cy="5" r="1"></circle><circle cx="12" cy="19" r="1"></circle></svg></button></div><p class="text-sm text-gray-800 whitespace-pre-wrap mb-2">sgsgs</p><div class="flex items-center gap-3"><div class="flex items-center gap-3"><button data-testid="reaction-button-like" class="
                            group inline-flex items-center gap-1.5 px-3 py-1.5 rounded-md font-medium text-sm transition-all duration-200
                            bg-white text-gray-700 hover:bg-gray-50 border border-gray-300
                            cursor-pointer hover:scale-105
                        " type="button" id="radix-_r_17_" aria-haspopup="menu" aria-expanded="false" data-state="closed"><span class="text-base">👍</span><span class="font-medium text-sm">Like</span></button></div><button data-testid="reply-button" class="flex items-center gap-1 text-sm text-gray-600 hover:text-gray-900 transition-colors"><svg xmlns="http://www.w3.org/2000/svg" width="24" height="24" viewBox="0 0 24 24" fill="none" stroke="currentColor" stroke-width="2" stroke-linecap="round" stroke-linejoin="round" class="lucide lucide-reply w-4 h-4" aria-hidden="true"><path d="M20 18v-2a4 4 0 0 0-4-4H4"></path><path d="m9 17-5-5 5-5"></path></svg>Reply</button></div></div><div class="mt-2 space-y-2"><div class="ml-10"><div class="bg-white rounded-md border border-gray-200 p-3"><div class="flex items-start justify-between mb-2"><div class="flex items-center gap-2"><div class="w-8 h-8 bg-gradient-to-br from-gray-700 to-gray-900 rounded-full flex items-center justify-center text-white font-semibold text-sm flex-shrink-0 cursor-pointer hover:ring-2 hover:ring-gray-900 hover:ring-offset-1 transition-all">T</div><div><div class="flex items-center gap-1.5"><span class="text-sm font-semibold text-gray-900 cursor-pointer hover:underline">Test User</span></div><span class="text-xs text-gray-500">Nov 30, 2025, 07:52 PM</span></div></div><button class="p-1 hover:bg-gray-100 rounded-full transition-colors" type="button" id="radix-_r_19_" aria-haspopup="menu" aria-expanded="false" data-state="closed"><svg xmlns="http://www.w3.org/2000/svg" width="24" height="24" viewBox="0 0 24 24" fill="none" stroke="currentColor" stroke-width="2" stroke-linecap="round" stroke-linejoin="round" class="lucide lucide-ellipsis-vertical w-4 h-4 text-gray-600" aria-hidden="true"><circle cx="12" cy="12" r="1"></circle><circle cx="12" cy="5" r="1"></circle><circle cx="12" cy="19" r="1"></circle></svg></button></div><p class="text-sm text-gray-800 whitespace-pre-wrap mb-2">Test reply 1764517923381</p><div class="flex items-center gap-3"><div class="flex items-center gap-3"><button data-testid="reaction-button-like" class="
                            group inline-flex items-center gap-1.5 px-3 py-1.5 rounded-md font-medium text-sm transition-all duration-200
                            bg-white text-gray-700 hover:bg-gray-50 border border-gray-300
                            cursor-pointer hover:scale-105
                        " type="button" id="radix-_r_1b_" aria-haspopup="menu" aria-expanded="false" data-state="closed"><span class="text-base">👍</span><span class="font-medium text-sm">Like</span></button></div></div></div></div><div class="ml-10"><div class="bg-white rounded-md border border-gray-200 p-3"><div class="flex items-start justify-between mb-2"><div class="flex items-center gap-2"><div class="w-8 h-8 bg-gradient-to-br from-gray-700 to-gray-900 rounded-full flex items-center justify-center text-white font-semibold text-sm flex-shrink-0 cursor-pointer hover:ring-2 hover:ring-gray-900 hover:ring-offset-1 transition-all">T</div><div><div class="flex items-center gap-1.5"><span class="text-sm font-semibold text-gray-900 cursor-pointer hover:underline">Test User</span></div><span class="text-xs text-gray-500">Nov 30, 2025, 07:28 PM</span></div></div><button class="p-1 hover:bg-gray-100 rounded-full transition-colors" type="button" id="radix-_r_1g_" aria-haspopup="menu" aria-expanded="false" data-state="closed"><svg xmlns="http://www.w3.org/2000/svg" width="24" height="24" viewBox="0 0 24 24" fill="none" stroke="currentColor" stroke-width="2" stroke-linecap="round" stroke-linejoin="round" class="lucide lucide-ellipsis-vertical w-4 h-4 text-gray-600" aria-hidden="true"><circle cx="12" cy="12" r="1"></circle><circle cx="12" cy="5" r="1"></circle><circle cx="12" cy="19" r="1"></circle></svg></button></div><p class="text-sm text-gray-800 whitespace-pre-wrap mb-2">sfgsgfs</p><div class="flex items-center gap-3"><div class="flex items-center gap-3"><button data-testid="reaction-button-like" class="
                            group inline-flex items-center gap-1.5 px-3 py-1.5 rounded-md font-medium text-sm transition-all duration-200
                            bg-white text-gray-700 hover:bg-gray-50 border border-gray-300
                            cursor-pointer hover:scale-105
                        " type="button" id="radix-_r_1i_" aria-haspopup="menu" aria-expanded="false" data-state="closed"><span class="text-base">👍</span><span class="font-medium text-sm">Like</span></button></div></div></div></div></div></div><div class=""><div class="bg-white rounded-md border border-gray-200 p-3"><div class="flex items-start justify-between mb-2"><div class="flex items-center gap-2"><div class="w-8 h-8 bg-gradient-to-br from-gray-700 to-gray-900 rounded-full flex items-center justify-center text-white font-semibold text-sm flex-shrink-0 cursor-pointer hover:ring-2 hover:ring-gray-900 hover:ring-offset-1 transition-all">T</div><div><div class="flex items-center gap-1.5"><span class="text-sm font-semibold text-gray-900 cursor-pointer hover:underline">Test User</span></div><span class="text-xs text-gray-500">Nov 30, 2025, 07:24 PM</span></div></div><button class="p-1 hover:bg-gray-100 rounded-full transition-colors" type="button" id="radix-_r_1q_" aria-haspopup="menu" aria-expanded="false" data-state="closed"><svg xmlns="http://www.w3.org/2000/svg" width="24" height="24" viewBox="0 0 24 24" fill="none" stroke="currentColor" stroke-width="2" stroke-linecap="round" stroke-linejoin="round" class="lucide lucide-ellipsis-vertical w-4 h-4 text-gray-600" aria-hidden="true"><circle cx="12" cy="12" r="1"></circle><circle cx="12" cy="5" r="1"></circle><circle cx="12" cy="19" r="1"></circle></svg></button></div><p class="text-sm text-gray-800 whitespace-pre-wrap mb-2">Test comment 1764516258855</p><div class="flex items-center gap-3"><div class="flex items-center gap-3"><button data-testid="reaction-button-like" class="
                            group inline-flex items-center gap-1.5 px-3 py-1.5 rounded-md font-medium text-sm transition-all duration-200
                            bg-white text-gray-700 hover:bg-gray-50 border border-gray-300
                            cursor-pointer hover:scale-105
                        " type="button" id="radix-_r_1s_" aria-haspopup="menu" aria-expanded="false" data-state="closed"><span class="text-base">👍</span><span class="font-medium text-sm">Like</span></button></div><button data-testid="reply-button" class="flex items-center gap-1 text-sm text-gray-600 hover:text-gray-900 transition-colors"><svg xmlns="http://www.w3.org/2000/svg" width="24" height="24" viewBox="0 0 24 24" fill="none" stroke="currentColor" stroke-width="2" stroke-linecap="round" stroke-linejoin="round" class="lucide lucide-reply w-4 h-4" aria-hidden="true"><path d="M20 18v-2a4 4 0 0 0-4-4H4"></path><path d="m9 17-5-5 5-5"></path></svg>Reply</button></div></div></div><div class="pt-4 flex justify-center gap-3"><button class="px-4 py-2 text-sm font-medium text-gray-700 bg-white border border-gray-300 rounded-md hover:bg-gray-50 transition-colors disabled:opacity-50 disabled:cursor-not-allowed flex items-center gap-2">Show More Comments</button></div></div></div></div></div></article><article class="bg-white rounded-xl shadow-sm border border-gray-200 overflow-hidden hover:shadow-md transition-shadow"><div class="p-6"><h2 class="text-xl font-bold text-gray-900 mb-3">Amazing New Features Released</h2><p class="text-gray-600 leading-relaxed mb-6">We are excited to announce the release of our new features! The reaction system now supports real-time updates and beautiful animations. Try it out and let us know what you think!</p><div class="pt-4 border-t border-gray-100"><div class="flex items-center gap-3"><button data-testid="reaction-button-like" class="
                            group inline-flex items-center gap-1.5 px-3 py-1.5 rounded-md font-medium text-sm transition-all duration-200
                            bg-white text-gray-700 hover:bg-gray-50 border border-gray-300
                            cursor-pointer hover:scale-105
                        " type="button" id="radix-_r_21_" aria-haspopup="menu" aria-expanded="false" data-state="closed"><span class="text-base">👍</span><span class="font-medium text-sm">Like</span></button><div class="flex items-center gap-1.5"><button data-testid="reaction-count-angry" class="
                                    inline-flex items-center gap-1 px-2 py-1 rounded-full text-xs font-medium transition-all
                                    bg-gray-100 text-gray-700 hover:bg-gray-200
                                    cursor-pointer hover:scale-105
                                "><span class="text-base">😠</span><span>3</span></button><button data-testid="reaction-count-like" class="
                                    inline-flex items-center gap-1 px-2 py-1 rounded-full text-xs font-medium transition-all
                                    bg-gray-100 text-gray-700 hover:bg-gray-200
                                    cursor-pointer hover:scale-105
                                "><span class="text-base">👍</span><span>1</span></button><button data-testid="reaction-count-wow" class="
                                    inline-flex items-center gap-1 px-2 py-1 rounded-full text-xs font-medium transition-all
                                    bg-gray-100 text-gray-700 hover:bg-gray-200
                                    cursor-pointer hover:scale-105
                                "><span class="text-base">😮</span><span>1</span></button><button class="p-1.5 hover:bg-gray-100 rounded-full transition-colors" title="See who reacted"><svg xmlns="http://www.w3.org/2000/svg" width="24" height="24" viewBox="0 0 24 24" fill="none" stroke="currentColor" stroke-width="2" stroke-linecap="round" stroke-linejoin="round" class="lucide lucide-chevron-down w-4 h-4 text-gray-600" aria-hidden="true"><path d="m6 9 6 6 6-6"></path></svg></button></div></div></div><div class="pt-6 border-t border-gray-100 mt-6"><div class="space-y-3"><div class="flex items-center justify-between"><div class="flex items-center gap-2"><svg xmlns="http://www.w3.org/2000/svg" width="24" height="24" viewBox="0 0 24 24" fill="none" stroke="currentColor" stroke-width="2" stroke-linecap="round" stroke-linejoin="round" class="lucide lucide-message-square w-4 h-4 text-gray-600" aria-hidden="true"><path d="M22 17a2 2 0 0 1-2 2H6.828a2 2 0 0 0-1.414.586l-2.202 2.202A.71.71 0 0 1 2 21.286V5a2 2 0 0 1 2-2h16a2 2 0 0 1 2 2z"></path></svg><h3 class="text-base font-semibold text-gray-900">Comments (3)</h3></div><button data-testid="add-comment-button" class="px-3 py-1.5 text-sm font-medium text-white bg-gray-900 rounded-md hover:bg-gray-800 transition-colors">Add Comment</button></div><div class="space-y-2"><div class=""><div class="bg-white rounded-md border border-gray-200 p-3"><div class="flex items-start justify-between mb-2"><div class="flex items-center gap-2"><div class="w-8 h-8 bg-gradient-to-br from-gray-700 to-gray-900 rounded-full flex items-center justify-center text-white font-semibold text-sm flex-shrink-0 cursor-pointer hover:ring-2 hover:ring-gray-900 hover:ring-offset-1 transition-all">D</div><div><div class="flex items-center gap-1.5"><span class="text-sm font-semibold text-gray-900 cursor-pointer hover:underline">David Taylor</span></div><span class="text-xs text-gray-500">Nov 30, 2025, 06:17 PM</span></div></div><button class="p-1 hover:bg-gray-100 rounded-full transition-colors" type="button" id="radix-_r_23_" aria-haspopup="menu" aria-expanded="false" data-state="closed"><svg xmlns="http://www.w3.org/2000/svg" width="24" height="24" viewBox="0 0 24 24" fill="none" stroke="currentColor" stroke-width="2" stroke-linecap="round" stroke-linejoin="round" class="lucide lucide-ellipsis-vertical w-4 h-4 text-gray-600" aria-hidden="true"><circle cx="12" cy="12" r="1"></circle><circle cx="12" cy="5" r="1"></circle><circle cx="12" cy="19" r="1"></circle></svg></button></div><p class="text-sm text-gray-800 whitespace-pre-wrap mb-2">Fantastic post! Keep it up!</p><div class="flex items-center gap-3"><div class="flex items-center gap-3"><button data-testid="reaction-button-like" class="
                            group inline-flex items-center gap-1.5 px-3 py-1.5 rounded-md font-medium text-sm transition-all duration-200
                            bg-white text-gray-700 hover:bg-gray-50 border border-gray-300
                            cursor-pointer hover:scale-105
                        " type="button" id="radix-_r_25_" aria-haspopup="menu" aria-expanded="false" data-state="closed"><span class="text-base">👍</span><span class="font-medium text-sm">Like</span></button></div><button data-testid="reply-button" class="flex items-center gap-1 text-sm text-gray-600 hover:text-gray-900 transition-colors"><svg xmlns="http://www.w3.org/2000/svg" width="24" height="24" viewBox="0 0 24 24" fill="none" stroke="currentColor" stroke-width="2" stroke-linecap="round" stroke-linejoin="round" class="lucide lucide-reply w-4 h-4" aria-hidden="true"><path d="M20 18v-2a4 4 0 0 0-4-4H4"></path><path d="m9 17-5-5 5-5"></path></svg>Reply</button></div></div></div><div class=""><div class="bg-white rounded-md border border-gray-200 p-3"><div class="flex items-start justify-between mb-2"><div class="flex items-center gap-2"><div class="w-8 h-8 bg-gradient-to-br from-gray-700 to-gray-900 rounded-full flex items-center justify-center text-white font-semibold text-sm flex-shrink-0 cursor-pointer hover:ring-2 hover:ring-gray-900 hover:ring-offset-1 transition-all">I</div><div><div class="flex items-center gap-1.5"><span class="text-sm font-semibold text-gray-900 cursor-pointer hover:underline">Isabella Jones</span></div><span class="text-xs text-gray-500">Nov 30, 2025, 06:17 PM</span></div></div><button class="p-1 hover:bg-gray-100 rounded-full transition-colors" type="button" id="radix-_r_2a_" aria-haspopup="menu" aria-expanded="false" data-state="closed"><svg xmlns="http://www.w3.org/2000/svg" width="24" height="24" viewBox="0 0 24 24" fill="none" stroke="currentColor" stroke-width="2" stroke-linecap="round" stroke-linejoin="round" class="lucide lucide-ellipsis-vertical w-4 h-4 text-gray-600" aria-hidden="true"><circle cx="12" cy="12" r="1"></circle><circle cx="12" cy="5" r="1"></circle><circle cx="12" cy="19" r="1"></circle></svg></button></div><p class="text-sm text-gray-800 whitespace-pre-wrap mb-2">Very interesting perspective.</p><div class="flex items-center gap-3"><div class="flex items-center gap-3"><button data-testid="reaction-button-like" class="
                            group inline-flex items-center gap-1.5 px-3 py-1.5 rounded-md font-medium text-sm transition-all duration-200
                            bg-white text-gray-700 hover:bg-gray-50 border border-gray-300
                            cursor-pointer hover:scale-105
                        " type="button" id="radix-_r_2c_" aria-haspopup="menu" aria-expanded="false" data-state="closed"><span class="text-base">👍</span><span class="font-medium text-sm">Like</span></button></div><button data-testid="reply-button" class="flex items-center gap-1 text-sm text-gray-600 hover:text-gray-900 transition-colors"><svg xmlns="http://www.w3.org/2000/svg" width="24" height="24" viewBox="0 0 24 24" fill="none" stroke="currentColor" stroke-width="2" stroke-linecap="round" stroke-linejoin="round" class="lucide lucide-reply w-4 h-4" aria-hidden="true"><path d="M20 18v-2a4 4 0 0 0-4-4H4"></path><path d="m9 17-5-5 5-5"></path></svg>Reply</button></div></div></div><div class=""><div class="bg-white rounded-md border border-gray-200 p-3"><div class="flex items-start justify-between mb-2"><div class="flex items-center gap-2"><div class="w-8 h-8 bg-gradient-to-br from-gray-700 to-gray-900 rounded-full flex items-center justify-center text-white font-semibold text-sm flex-shrink-0 cursor-pointer hover:ring-2 hover:ring-gray-900 hover:ring-offset-1 transition-all">E</div><div><div class="flex items-center gap-1.5"><span class="text-sm font-semibold text-gray-900 cursor-pointer hover:underline">Ethan Lopez</span></div><span class="text-xs text-gray-500">Nov 30, 2025, 06:17 PM</span></div></div><button class="p-1 hover:bg-gray-100 rounded-full transition-colors" type="button" id="radix-_r_2h_" aria-haspopup="menu" aria-expanded="false" data-state="closed"><svg xmlns="http://www.w3.org/2000/svg" width="24" height="24" viewBox="0 0 24 24" fill="none" stroke="currentColor" stroke-width="2" stroke-linecap="round" stroke-linejoin="round" class="lucide lucide-ellipsis-vertical w-4 h-4 text-gray-600" aria-hidden="true"><circle cx="12" cy="12" r="1"></circle><circle cx="12" cy="5" r="1"></circle><circle cx="12" cy="19" r="1"></circle></svg></button></div><p class="text-sm text-gray-800 whitespace-pre-wrap mb-2">Well said! Couldn't agree more.</p><div class="flex items-center gap-3"><div class="flex items-center gap-3"><button data-testid="reaction-button-like" class="
                            group inline-flex items-center gap-1.5 px-3 py-1.5 rounded-md font-medium text-sm transition-all duration-200
                            bg-white text-gray-700 hover:bg-gray-50 border border-gray-300
                            cursor-pointer hover:scale-105
                        " type="button" id="radix-_r_2j_" aria-haspopup="menu" aria-expanded="false" data-state="closed"><span class="text-base">👍</span><span class="font-medium text-sm">Like</span></button></div><button data-testid="reply-button" class="flex items-center gap-1 text-sm text-gray-600 hover:text-gray-900 transition-colors"><svg xmlns="http://www.w3.org/2000/svg" width="24" height="24" viewBox="0 0 24 24" fill="none" stroke="currentColor" stroke-width="2" stroke-linecap="round" stroke-linejoin="round" class="lucide lucide-reply w-4 h-4" aria-hidden="true"><path d="M20 18v-2a4 4 0 0 0-4-4H4"></path><path d="m9 17-5-5 5-5"></path></svg>Reply</button></div></div></div></div></div></div></div></article><article class="bg-white rounded-xl shadow-sm border border-gray-200 overflow-hidden hover:shadow-md transition-shadow"><div class="p-6"><h2 class="text-xl font-bold text-gray-900 mb-3">Community Guidelines Update</h2><p class="text-gray-600 leading-relaxed mb-6">We have updated our community guidelines to ensure a safe and welcoming environment for everyone. Please take a moment to review the changes and react to show your acknowledgment.</p><div class="pt-4 border-t border-gray-100"><div class="flex items-center gap-3"><button data-testid="reaction-button-like" class="
                            group inline-flex items-center gap-1.5 px-3 py-1.5 rounded-md font-medium text-sm transition-all duration-200
                            bg-white text-gray-700 hover:bg-gray-50 border border-gray-300
                            cursor-pointer hover:scale-105
                        " type="button" id="radix-_r_2o_" aria-haspopup="menu" aria-expanded="false" data-state="closed"><span class="text-base">👍</span><span class="font-medium text-sm">Like</span></button><div class="flex items-center gap-1.5"><button data-testid="reaction-count-sad" class="
                                    inline-flex items-center gap-1 px-2 py-1 rounded-full text-xs font-medium transition-all
                                    bg-gray-100 text-gray-700 hover:bg-gray-200
                                    cursor-pointer hover:scale-105
                                "><span class="text-base">😢</span><span>2</span></button><button data-testid="reaction-count-angry" class="
                                    inline-flex items-center gap-1 px-2 py-1 rounded-full text-xs font-medium transition-all
                                    bg-gray-100 text-gray-700 hover:bg-gray-200
                                    cursor-pointer hover:scale-105
                                "><span class="text-base">😠</span><span>2</span></button><button data-testid="reaction-count-like" class="
                                    inline-flex items-center gap-1 px-2 py-1 rounded-full text-xs font-medium transition-all
                                    bg-gray-100 text-gray-700 hover:bg-gray-200
                                    cursor-pointer hover:scale-105
                                "><span class="text-base">👍</span><span>1</span></button><button data-testid="reaction-count-love" class="
                                    inline-flex items-center gap-1 px-2 py-1 rounded-full text-xs font-medium transition-all
                                    bg-gray-100 text-gray-700 hover:bg-gray-200
                                    cursor-pointer hover:scale-105
                                "><span class="text-base">❤️</span><span>1</span></button><button data-testid="reaction-count-haha" class="
                                    inline-flex items-center gap-1 px-2 py-1 rounded-full text-xs font-medium transition-all
                                    bg-gray-100 text-gray-700 hover:bg-gray-200
                                    cursor-pointer hover:scale-105
                                "><span class="text-base">😂</span><span>1</span></button><button class="p-1.5 hover:bg-gray-100 rounded-full transition-colors" title="See who reacted"><svg xmlns="http://www.w3.org/2000/svg" width="24" height="24" viewBox="0 0 24 24" fill="none" stroke="currentColor" stroke-width="2" stroke-linecap="round" stroke-linejoin="round" class="lucide lucide-chevron-down w-4 h-4 text-gray-600" aria-hidden="true"><path d="m6 9 6 6 6-6"></path></svg></button></div></div></div><div class="pt-6 border-t border-gray-100 mt-6"><div class="space-y-3"><div class="flex items-center justify-between"><div class="flex items-center gap-2"><svg xmlns="http://www.w3.org/2000/svg" width="24" height="24" viewBox="0 0 24 24" fill="none" stroke="currentColor" stroke-width="2" stroke-linecap="round" stroke-linejoin="round" class="lucide lucide-message-square w-4 h-4 text-gray-600" aria-hidden="true"><path d="M22 17a2 2 0 0 1-2 2H6.828a2 2 0 0 0-1.414.586l-2.202 2.202A.71.71 0 0 1 2 21.286V5a2 2 0 0 1 2-2h16a2 2 0 0 1 2 2z"></path></svg><h3 class="text-base font-semibold text-gray-900">Comments (2)</h3></div><button data-testid="add-comment-button" class="px-3 py-1.5 text-sm font-medium text-white bg-gray-900 rounded-md hover:bg-gray-800 transition-colors">Add Comment</button></div><div class="space-y-2"><div class=""><div class="bg-white rounded-md border border-gray-200 p-3"><div class="flex items-start justify-between mb-2"><div class="flex items-center gap-2"><div class="w-8 h-8 bg-gradient-to-br from-gray-700 to-gray-900 rounded-full flex items-center justify-center text-white font-semibold text-sm flex-shrink-0 cursor-pointer hover:ring-2 hover:ring-gray-900 hover:ring-offset-1 transition-all">L</div><div><div class="flex items-center gap-1.5"><span class="text-sm font-semibold text-gray-900 cursor-pointer hover:underline">Liam Garcia</span></div><span class="text-xs text-gray-500">Nov 30, 2025, 06:17 PM</span></div></div><button class="p-1 hover:bg-gray-100 rounded-full transition-colors" type="button" id="radix-_r_2q_" aria-haspopup="menu" aria-expanded="false" data-state="closed"><svg xmlns="http://www.w3.org/2000/svg" width="24" height="24" viewBox="0 0 24 24" fill="none" stroke="currentColor" stroke-width="2" stroke-linecap="round" stroke-linejoin="round" class="lucide lucide-ellipsis-vertical w-4 h-4 text-gray-600" aria-hidden="true"><circle cx="12" cy="12" r="1"></circle><circle cx="12" cy="5" r="1"></circle><circle cx="12" cy="19" r="1"></circle></svg></button></div><p class="text-sm text-gray-800 whitespace-pre-wrap mb-2">Thanks for sharing this information.</p><div class="flex items-center gap-3"><div class="flex items-center gap-3"><button data-testid="reaction-button-like" class="
                            group inline-flex items-center gap-1.5 px-3 py-1.5 rounded-md font-medium text-sm transition-all duration-200
                            bg-white text-gray-700 hover:bg-gray-50 border border-gray-300
                            cursor-pointer hover:scale-105
                        " type="button" id="radix-_r_2s_" aria-haspopup="menu" aria-expanded="false" data-state="closed"><span class="text-base">👍</span><span class="font-medium text-sm">Like</span></button></div><button data-testid="reply-button" class="flex items-center gap-1 text-sm text-gray-600 hover:text-gray-900 transition-colors"><svg xmlns="http://www.w3.org/2000/svg" width="24" height="24" viewBox="0 0 24 24" fill="none" stroke="currentColor" stroke-width="2" stroke-linecap="round" stroke-linejoin="round" class="lucide lucide-reply w-4 h-4" aria-hidden="true"><path d="M20 18v-2a4 4 0 0 0-4-4H4"></path><path d="m9 17-5-5 5-5"></path></svg>Reply</button></div></div></div><div class=""><div class="bg-white rounded-md border border-gray-200 p-3"><div class="flex items-start justify-between mb-2"><div class="flex items-center gap-2"><div class="w-8 h-8 bg-gradient-to-br from-gray-700 to-gray-900 rounded-full flex items-center justify-center text-white font-semibold text-sm flex-shrink-0 cursor-pointer hover:ring-2 hover:ring-gray-900 hover:ring-offset-1 transition-all">S</div><div><div class="flex items-center gap-1.5"><span class="text-sm font-semibold text-gray-900 cursor-pointer hover:underline">Sebastian Thomas</span></div><span class="text-xs text-gray-500">Nov 30, 2025, 06:17 PM</span></div></div><button class="p-1 hover:bg-gray-100 rounded-full transition-colors" type="button" id="radix-_r_31_" aria-haspopup="menu" aria-expanded="false" data-state="closed"><svg xmlns="http://www.w3.org/2000/svg" width="24" height="24" viewBox="0 0 24 24" fill="none" stroke="currentColor" stroke-width="2" stroke-linecap="round" stroke-linejoin="round" class="lucide lucide-ellipsis-vertical w-4 h-4 text-gray-600" aria-hidden="true"><circle cx="12" cy="12" r="1"></circle><circle cx="12" cy="5" r="1"></circle><circle cx="12" cy="19" r="1"></circle></svg></button></div><p class="text-sm text-gray-800 whitespace-pre-wrap mb-2">Could you elaborate more on this?</p><div class="flex items-center gap-3"><div class="flex items-center gap-3"><button data-testid="reaction-button-like" class="
                            group inline-flex items-center gap-1.5 px-3 py-1.5 rounded-md font-medium text-sm transition-all duration-200
                            bg-white text-gray-700 hover:bg-gray-50 border border-gray-300
                            cursor-pointer hover:scale-105
                        " type="button" id="radix-_r_33_" aria-haspopup="menu" aria-expanded="false" data-state="closed"><span class="text-base">👍</span><span class="font-medium text-sm">Like</span></button></div><button data-testid="reply-button" class="flex items-center gap-1 text-sm text-gray-600 hover:text-gray-900 transition-colors"><svg xmlns="http://www.w3.org/2000/svg" width="24" height="24" viewBox="0 0 24 24" fill="none" stroke="currentColor" stroke-width="2" stroke-linecap="round" stroke-linejoin="round" class="lucide lucide-reply w-4 h-4" aria-hidden="true"><path d="M20 18v-2a4 4 0 0 0-4-4H4"></path><path d="m9 17-5-5 5-5"></path></svg>Reply</button></div></div><div class="mt-2 space-y-2"><div class="ml-10"><div class="bg-white rounded-md border border-gray-200 p-3"><div class="flex items-start justify-between mb-2"><div class="flex items-center gap-2"><div class="w-8 h-8 bg-gradient-to-br from-gray-700 to-gray-900 rounded-full flex items-center justify-center text-white font-semibold text-sm flex-shrink-0 cursor-pointer hover:ring-2 hover:ring-gray-900 hover:ring-offset-1 transition-all">L</div><div><div class="flex items-center gap-1.5"><span class="text-sm font-semibold text-gray-900 cursor-pointer hover:underline">Liam Garcia</span></div><span class="text-xs text-gray-500">Nov 30, 2025, 06:17 PM</span></div></div><button class="p-1 hover:bg-gray-100 rounded-full transition-colors" type="button" id="radix-_r_35_" aria-haspopup="menu" aria-expanded="false" data-state="closed"><svg xmlns="http://www.w3.org/2000/svg" width="24" height="24" viewBox="0 0 24 24" fill="none" stroke="currentColor" stroke-width="2" stroke-linecap="round" stroke-linejoin="round" class="lucide lucide-ellipsis-vertical w-4 h-4 text-gray-600" aria-hidden="true"><circle cx="12" cy="12" r="1"></circle><circle cx="12" cy="5" r="1"></circle><circle cx="12" cy="19" r="1"></circle></svg></button></div><p class="text-sm text-gray-800 whitespace-pre-wrap mb-2">Interesting perspective!</p><div class="flex items-center gap-3"><div class="flex items-center gap-3"><button data-testid="reaction-button-like" class="
                            group inline-flex items-center gap-1.5 px-3 py-1.5 rounded-md font-medium text-sm transition-all duration-200
                            bg-white text-gray-700 hover:bg-gray-50 border border-gray-300
                            cursor-pointer hover:scale-105
                        " type="button" id="radix-_r_37_" aria-haspopup="menu" aria-expanded="false" data-state="closed"><span class="text-base">👍</span><span class="font-medium text-sm">Like</span></button></div></div></div></div><div class="ml-10"><div class="bg-white rounded-md border border-gray-200 p-3"><div class="flex items-start justify-between mb-2"><div class="flex items-center gap-2"><div class="w-8 h-8 bg-gradient-to-br from-gray-700 to-gray-900 rounded-full flex items-center justify-center text-white font-semibold text-sm flex-shrink-0 cursor-pointer hover:ring-2 hover:ring-gray-900 hover:ring-offset-1 transition-all">V</div><div><div class="flex items-center gap-1.5"><span class="text-sm font-semibold text-gray-900 cursor-pointer hover:underline">Victoria White</span></div><span class="text-xs text-gray-500">Nov 30, 2025, 06:17 PM</span></div></div><button class="p-1 hover:bg-gray-100 rounded-full transition-colors" type="button" id="radix-_r_3c_" aria-haspopup="menu" aria-expanded="false" data-state="closed"><svg xmlns="http://www.w3.org/2000/svg" width="24" height="24" viewBox="0 0 24 24" fill="none" stroke="currentColor" stroke-width="2" stroke-linecap="round" stroke-linejoin="round" class="lucide lucide-ellipsis-vertical w-4 h-4 text-gray-600" aria-hidden="true"><circle cx="12" cy="12" r="1"></circle><circle cx="12" cy="5" r="1"></circle><circle cx="12" cy="19" r="1"></circle></svg></button></div><p class="text-sm text-gray-800 whitespace-pre-wrap mb-2">I hadn't thought of it that way.</p><div class="flex items-center gap-3"><div class="flex items-center gap-3"><button data-testid="reaction-button-like" class="
                            group inline-flex items-center gap-1.5 px-3 py-1.5 rounded-md font-medium text-sm transition-all duration-200
                            bg-white text-gray-700 hover:bg-gray-50 border border-gray-300
                            cursor-pointer hover:scale-105
                        " type="button" id="radix-_r_3e_" aria-haspopup="menu" aria-expanded="false" data-state="closed"><span class="text-base">👍</span><span class="font-medium text-sm">Like</span></button></div></div></div></div></div></div></div></div></div></div></article><article class="bg-white rounded-xl shadow-sm border border-gray-200 overflow-hidden hover:shadow-md transition-shadow"><div class="p-6"><h2 class="text-xl font-bold text-gray-900 mb-3">Behind the Scenes: Development Journey</h2><p class="text-gray-600 leading-relaxed mb-6">Ever wondered how we built this reaction system? In this post, we share our development journey, the challenges we faced, and the solutions we implemented. It has been an amazing ride!</p><div class="pt-4 border-t border-gray-100"><div class="flex items-center gap-3"><button data-testid="reaction-button-like" class="
                            group inline-flex items-center gap-1.5 px-3 py-1.5 rounded-md font-medium text-sm transition-all duration-200
                            bg-white text-gray-700 hover:bg-gray-50 border border-gray-300
                            cursor-pointer hover:scale-105
                        " type="button" id="radix-_r_3m_" aria-haspopup="menu" aria-expanded="false" data-state="closed"><span class="text-base">👍</span><span class="font-medium text-sm">Like</span></button><div class="flex items-center gap-1.5"><button data-testid="reaction-count-haha" class="
                                    inline-flex items-center gap-1 px-2 py-1 rounded-full text-xs font-medium transition-all
                                    bg-gray-100 text-gray-700 hover:bg-gray-200
                                    cursor-pointer hover:scale-105
                                "><span class="text-base">😂</span><span>3</span></button><button data-testid="reaction-count-sad" class="
                                    inline-flex items-center gap-1 px-2 py-1 rounded-full text-xs font-medium transition-all
                                    bg-gray-100 text-gray-700 hover:bg-gray-200
                                    cursor-pointer hover:scale-105
                                "><span class="text-base">😢</span><span>2</span></button><button data-testid="reaction-count-like" class="
                                    inline-flex items-center gap-1 px-2 py-1 rounded-full text-xs font-medium transition-all
                                    bg-gray-100 text-gray-700 hover:bg-gray-200
                                    cursor-pointer hover:scale-105
                                "><span class="text-base">👍</span><span>1</span></button><button data-testid="reaction-count-love" class="
                                    inline-flex items-center gap-1 px-2 py-1 rounded-full text-xs font-medium transition-all
                                    bg-gray-100 text-gray-700 hover:bg-gray-200
                                    cursor-pointer hover:scale-105
                                "><span class="text-base">❤️</span><span>1</span></button><button data-testid="reaction-count-wow" class="
                                    inline-flex items-center gap-1 px-2 py-1 rounded-full text-xs font-medium transition-all
                                    bg-gray-100 text-gray-700 hover:bg-gray-200
                                    cursor-pointer hover:scale-105
                                "><span class="text-base">😮</span><span>1</span></button><button class="p-1.5 hover:bg-gray-100 rounded-full transition-colors" title="See who reacted"><svg xmlns="http://www.w3.org/2000/svg" width="24" height="24" viewBox="0 0 24 24" fill="none" stroke="currentColor" stroke-width="2" stroke-linecap="round" stroke-linejoin="round" class="lucide lucide-chevron-down w-4 h-4 text-gray-600" aria-hidden="true"><path d="m6 9 6 6 6-6"></path></svg></button></div></div></div><div class="pt-6 border-t border-gray-100 mt-6"><div class="space-y-3"><div class="flex items-center justify-between"><div class="flex items-center gap-2"><svg xmlns="http://www.w3.org/2000/svg" width="24" height="24" viewBox="0 0 24 24" fill="none" stroke="currentColor" stroke-width="2" stroke-linecap="round" stroke-linejoin="round" class="lucide lucide-message-square w-4 h-4 text-gray-600" aria-hidden="true"><path d="M22 17a2 2 0 0 1-2 2H6.828a2 2 0 0 0-1.414.586l-2.202 2.202A.71.71 0 0 1 2 21.286V5a2 2 0 0 1 2-2h16a2 2 0 0 1 2 2z"></path></svg><h3 class="text-base font-semibold text-gray-900">Comments (5)</h3></div><button data-testid="add-comment-button" class="px-3 py-1.5 text-sm font-medium text-white bg-gray-900 rounded-md hover:bg-gray-800 transition-colors">Add Comment</button></div><div class="space-y-2"><div class=""><div class="bg-white rounded-md border border-gray-200 p-3"><div class="flex items-start justify-between mb-2"><div class="flex items-center gap-2"><div class="w-8 h-8 bg-gradient-to-br from-gray-700 to-gray-900 rounded-full flex items-center justify-center text-white font-semibold text-sm flex-shrink-0 cursor-pointer hover:ring-2 hover:ring-gray-900 hover:ring-offset-1 transition-all">A</div><div><div class="flex items-center gap-1.5"><span class="text-sm font-semibold text-gray-900 cursor-pointer hover:underline">Amelia Anderson</span></div><span class="text-xs text-gray-500">Nov 30, 2025, 06:17 PM</span></div></div><button class="p-1 hover:bg-gray-100 rounded-full transition-colors" type="button" id="radix-_r_3o_" aria-haspopup="menu" aria-expanded="false" data-state="closed"><svg xmlns="http://www.w3.org/2000/svg" width="24" height="24" viewBox="0 0 24 24" fill="none" stroke="currentColor" stroke-width="2" stroke-linecap="round" stroke-linejoin="round" class="lucide lucide-ellipsis-vertical w-4 h-4 text-gray-600" aria-hidden="true"><circle cx="12" cy="12" r="1"></circle><circle cx="12" cy="5" r="1"></circle><circle cx="12" cy="19" r="1"></circle></svg></button></div><p class="text-sm text-gray-800 whitespace-pre-wrap mb-2">Interesting take on this topic.</p><div class="flex items-center gap-3"><div class="flex items-center gap-3"><button data-testid="reaction-button-like" class="
                            group inline-flex items-center gap-1.5 px-3 py-1.5 rounded-md font-medium text-sm transition-all duration-200
                            bg-white text-gray-700 hover:bg-gray-50 border border-gray-300
                            cursor-pointer hover:scale-105
                        " type="button" id="radix-_r_3q_" aria-haspopup="menu" aria-expanded="false" data-state="closed"><span class="text-base">👍</span><span class="font-medium text-sm">Like</span></button></div><button data-testid="reply-button" class="flex items-center gap-1 text-sm text-gray-600 hover:text-gray-900 transition-colors"><svg xmlns="http://www.w3.org/2000/svg" width="24" height="24" viewBox="0 0 24 24" fill="none" stroke="currentColor" stroke-width="2" stroke-linecap="round" stroke-linejoin="round" class="lucide lucide-reply w-4 h-4" aria-hidden="true"><path d="M20 18v-2a4 4 0 0 0-4-4H4"></path><path d="m9 17-5-5 5-5"></path></svg>Reply</button></div></div><div class="mt-2 space-y-2"><div class="ml-10"><div class="bg-white rounded-md border border-gray-200 p-3"><div class="flex items-start justify-between mb-2"><div class="flex items-center gap-2"><div class="w-8 h-8 bg-gradient-to-br from-gray-700 to-gray-900 rounded-full flex items-center justify-center text-white font-semibold text-sm flex-shrink-0 cursor-pointer hover:ring-2 hover:ring-gray-900 hover:ring-offset-1 transition-all">W</div><div><div class="flex items-center gap-1.5"><span class="text-sm font-semibold text-gray-900 cursor-pointer hover:underline">Wyatt Wilson</span></div><span class="text-xs text-gray-500">Nov 30, 2025, 06:17 PM</span></div></div><button class="p-1 hover:bg-gray-100 rounded-full transition-colors" type="button" id="radix-_r_3s_" aria-haspopup="menu" aria-expanded="false" data-state="closed"><svg xmlns="http://www.w3.org/2000/svg" width="24" height="24" viewBox="0 0 24 24" fill="none" stroke="currentColor" stroke-width="2" stroke-linecap="round" stroke-linejoin="round" class="lucide lucide-ellipsis-vertical w-4 h-4 text-gray-600" aria-hidden="true"><circle cx="12" cy="12" r="1"></circle><circle cx="12" cy="5" r="1"></circle><circle cx="12" cy="19" r="1"></circle></svg></button></div><p class="text-sm text-gray-800 whitespace-pre-wrap mb-2">That's a good point.</p><div class="flex items-center gap-3"><div class="flex items-center gap-3"><button data-testid="reaction-button-like" class="
                            group inline-flex items-center gap-1.5 px-3 py-1.5 rounded-md font-medium text-sm transition-all duration-200
                            bg-white text-gray-700 hover:bg-gray-50 border border-gray-300
                            cursor-pointer hover:scale-105
                        " type="button" id="radix-_r_3u_" aria-haspopup="menu" aria-expanded="false" data-state="closed"><span class="text-base">👍</span><span class="font-medium text-sm">Like</span></button></div></div></div></div></div></div><div class=""><div class="bg-white rounded-md border border-gray-200 p-3"><div class="flex items-start justify-between mb-2"><div class="flex items-center gap-2"><div class="w-8 h-8 bg-gradient-to-br from-gray-700 to-gray-900 rounded-full flex items-center justify-center text-white font-semibold text-sm flex-shrink-0 cursor-pointer hover:ring-2 hover:ring-gray-900 hover:ring-offset-1 transition-all">O</div><div><div class="flex items-center gap-1.5"><span class="text-sm font-semibold text-gray-900 cursor-pointer hover:underline">Owen Miller</span></div><span class="text-xs text-gray-500">Nov 30, 2025, 06:17 PM</span></div></div><button class="p-1 hover:bg-gray-100 rounded-full transition-colors" type="button" id="radix-_r_46_" aria-haspopup="menu" aria-expanded="false" data-state="closed"><svg xmlns="http://www.w3.org/2000/svg" width="24" height="24" viewBox="0 0 24 24" fill="none" stroke="currentColor" stroke-width="2" stroke-linecap="round" stroke-linejoin="round" class="lucide lucide-ellipsis-vertical w-4 h-4 text-gray-600" aria-hidden="true"><circle cx="12" cy="12" r="1"></circle><circle cx="12" cy="5" r="1"></circle><circle cx="12" cy="19" r="1"></circle></svg></button></div><p class="text-sm text-gray-800 whitespace-pre-wrap mb-2">This is really helpful, thank you!</p><div class="flex items-center gap-3"><div class="flex items-center gap-3"><button data-testid="reaction-button-like" class="
                            group inline-flex items-center gap-1.5 px-3 py-1.5 rounded-md font-medium text-sm transition-all duration-200
                            bg-white text-gray-700 hover:bg-gray-50 border border-gray-300
                            cursor-pointer hover:scale-105
                        " type="button" id="radix-_r_48_" aria-haspopup="menu" aria-expanded="false" data-state="closed"><span class="text-base">👍</span><span class="font-medium text-sm">Like</span></button></div><button data-testid="reply-button" class="flex items-center gap-1 text-sm text-gray-600 hover:text-gray-900 transition-colors"><svg xmlns="http://www.w3.org/2000/svg" width="24" height="24" viewBox="0 0 24 24" fill="none" stroke="currentColor" stroke-width="2" stroke-linecap="round" stroke-linejoin="round" class="lucide lucide-reply w-4 h-4" aria-hidden="true"><path d="M20 18v-2a4 4 0 0 0-4-4H4"></path><path d="m9 17-5-5 5-5"></path></svg>Reply</button></div></div></div><div class=""><div class="bg-white rounded-md border border-gray-200 p-3"><div class="flex items-start justify-between mb-2"><div class="flex items-center gap-2"><div class="w-8 h-8 bg-gradient-to-br from-gray-700 to-gray-900 rounded-full flex items-center justify-center text-white font-semibold text-sm flex-shrink-0 cursor-pointer hover:ring-2 hover:ring-gray-900 hover:ring-offset-1 transition-all">J</div><div><div class="flex items-center gap-1.5"><span class="text-sm font-semibold text-gray-900 cursor-pointer hover:underline">Jackson Taylor</span></div><span class="text-xs text-gray-500">Nov 30, 2025, 06:17 PM</span></div></div><button class="p-1 hover:bg-gray-100 rounded-full transition-colors" type="button" id="radix-_r_4d_" aria-haspopup="menu" aria-expanded="false" data-state="closed"><svg xmlns="http://www.w3.org/2000/svg" width="24" height="24" viewBox="0 0 24 24" fill="none" stroke="currentColor" stroke-width="2" stroke-linecap="round" stroke-linejoin="round" class="lucide lucide-ellipsis-vertical w-4 h-4 text-gray-600" aria-hidden="true"><circle cx="12" cy="12" r="1"></circle><circle cx="12" cy="5" r="1"></circle><circle cx="12" cy="19" r="1"></circle></svg></button></div><p class="text-sm text-gray-800 whitespace-pre-wrap mb-2">I learned something new today!</p><div class="flex items-center gap-3"><div class="flex items-center gap-3"><button data-testid="reaction-button-like" class="
                            group inline-flex items-center gap-1.5 px-3 py-1.5 rounded-md font-medium text-sm transition-all duration-200
                            bg-white text-gray-700 hover:bg-gray-50 border border-gray-300
                            cursor-pointer hover:scale-105
                        " type="button" id="radix-_r_4f_" aria-haspopup="menu" aria-expanded="false" data-state="closed"><span class="text-base">👍</span><span class="font-medium text-sm">Like</span></button></div><button data-testid="reply-button" class="flex items-center gap-1 text-sm text-gray-600 hover:text-gray-900 transition-colors"><svg xmlns="http://www.w3.org/2000/svg" width="24" height="24" viewBox="0 0 24 24" fill="none" stroke="currentColor" stroke-width="2" stroke-linecap="round" stroke-linejoin="round" class="lucide lucide-reply w-4 h-4" aria-hidden="true"><path d="M20 18v-2a4 4 0 0 0-4-4H4"></path><path d="m9 17-5-5 5-5"></path></svg>Reply</button></div></div><div class="mt-2 space-y-2"><div class="ml-10"><div class="bg-white rounded-md border border-gray-200 p-3"><div class="flex items-start justify-between mb-2"><div class="flex items-center gap-2"><div class="w-8 h-8 bg-gradient-to-br from-gray-700 to-gray-900 rounded-full flex items-center justify-center text-white font-semibold text-sm flex-shrink-0 cursor-pointer hover:ring-2 hover:ring-gray-900 hover:ring-offset-1 transition-all">L</div><div><div class="flex items-center gap-1.5"><span class="text-sm font-semibold text-gray-900 cursor-pointer hover:underline">Luke Wilson</span></div><span class="text-xs text-gray-500">Nov 30, 2025, 06:17 PM</span></div></div><button class="p-1 hover:bg-gray-100 rounded-full transition-colors" type="button" id="radix-_r_4h_" aria-haspopup="menu" aria-expanded="false" data-state="closed"><svg xmlns="http://www.w3.org/2000/svg" width="24" height="24" viewBox="0 0 24 24" fill="none" stroke="currentColor" stroke-width="2" stroke-linecap="round" stroke-linejoin="round" class="lucide lucide-ellipsis-vertical w-4 h-4 text-gray-600" aria-hidden="true"><circle cx="12" cy="12" r="1"></circle><circle cx="12" cy="5" r="1"></circle><circle cx="12" cy="19" r="1"></circle></svg></button></div><p class="text-sm text-gray-800 whitespace-pre-wrap mb-2">Great addition to the discussion!</p><div class="flex items-center gap-3"><div class="flex items-center gap-3"><button data-testid="reaction-button-like" class="
                            group inline-flex items-center gap-1.5 px-3 py-1.5 rounded-md font-medium text-sm transition-all duration-200
                            bg-white text-gray-700 hover:bg-gray-50 border border-gray-300
                            cursor-pointer hover:scale-105
                        " type="button" id="radix-_r_4j_" aria-haspopup="menu" aria-expanded="false" data-state="closed"><span class="text-base">👍</span><span class="font-medium text-sm">Like</span></button></div></div></div></div><div class="ml-10"><div class="bg-white rounded-md border border-gray-200 p-3"><div class="flex items-start justify-between mb-2"><div class="flex items-center gap-2"><div class="w-8 h-8 bg-gradient-to-br from-gray-700 to-gray-900 rounded-full flex items-center justify-center text-white font-semibold text-sm flex-shrink-0 cursor-pointer hover:ring-2 hover:ring-gray-900 hover:ring-offset-1 transition-all">R</div><div><div class="flex items-center gap-1.5"><span class="text-sm font-semibold text-gray-900 cursor-pointer hover:underline">Riley Williams</span></div><span class="text-xs text-gray-500">Nov 30, 2025, 06:17 PM</span></div></div><button class="p-1 hover:bg-gray-100 rounded-full transition-colors" type="button" id="radix-_r_4o_" aria-haspopup="menu" aria-expanded="false" data-state="closed"><svg xmlns="http://www.w3.org/2000/svg" width="24" height="24" viewBox="0 0 24 24" fill="none" stroke="currentColor" stroke-width="2" stroke-linecap="round" stroke-linejoin="round" class="lucide lucide-ellipsis-vertical w-4 h-4 text-gray-600" aria-hidden="true"><circle cx="12" cy="12" r="1"></circle><circle cx="12" cy="5" r="1"></circle><circle cx="12" cy="19" r="1"></circle></svg></button></div><p class="text-sm text-gray-800 whitespace-pre-wrap mb-2">Well put!</p><div class="flex items-center gap-3"><div class="flex items-center gap-3"><button data-testid="reaction-button-like" class="
                            group inline-flex items-center gap-1.5 px-3 py-1.5 rounded-md font-medium text-sm transition-all duration-200
                            bg-white text-gray-700 hover:bg-gray-50 border border-gray-300
                            cursor-pointer hover:scale-105
                        " type="button" id="radix-_r_4q_" aria-haspopup="menu" aria-expanded="false" data-state="closed"><span class="text-base">👍</span><span class="font-medium text-sm">Like</span></button></div></div></div></div></div></div><div class=""><div class="bg-white rounded-md border border-gray-200 p-3"><div class="flex items-start justify-between mb-2"><div class="flex items-center gap-2"><div class="w-8 h-8 bg-gradient-to-br from-gray-700 to-gray-900 rounded-full flex items-center justify-center text-white font-semibold text-sm flex-shrink-0 cursor-pointer hover:ring-2 hover:ring-gray-900 hover:ring-offset-1 transition-all">C</div><div><div class="flex items-center gap-1.5"><span class="text-sm font-semibold text-gray-900 cursor-pointer hover:underline">Charlotte Johnson</span></div><span class="text-xs text-gray-500">Nov 30, 2025, 06:17 PM</span></div></div><button class="p-1 hover:bg-gray-100 rounded-full transition-colors" type="button" id="radix-_r_52_" aria-haspopup="menu" aria-expanded="false" data-state="closed"><svg xmlns="http://www.w3.org/2000/svg" width="24" height="24" viewBox="0 0 24 24" fill="none" stroke="currentColor" stroke-width="2" stroke-linecap="round" stroke-linejoin="round" class="lucide lucide-ellipsis-vertical w-4 h-4 text-gray-600" aria-hidden="true"><circle cx="12" cy="12" r="1"></circle><circle cx="12" cy="5" r="1"></circle><circle cx="12" cy="19" r="1"></circle></svg></button></div><p class="text-sm text-gray-800 whitespace-pre-wrap mb-2">Could you elaborate more on this?</p><div class="flex items-center gap-3"><div class="flex items-center gap-3"><button data-testid="reaction-button-like" class="
                            group inline-flex items-center gap-1.5 px-3 py-1.5 rounded-md font-medium text-sm transition-all duration-200
                            bg-white text-gray-700 hover:bg-gray-50 border border-gray-300
                            cursor-pointer hover:scale-105
                        " type="button" id="radix-_r_54_" aria-haspopup="menu" aria-expanded="false" data-state="closed"><span class="text-base">👍</span><span class="font-medium text-sm">Like</span></button></div><button data-testid="reply-button" class="flex items-center gap-1 text-sm text-gray-600 hover:text-gray-900 transition-colors"><svg xmlns="http://www.w3.org/2000/svg" width="24" height="24" viewBox="0 0 24 24" fill="none" stroke="currentColor" stroke-width="2" stroke-linecap="round" stroke-linejoin="round" class="lucide lucide-reply w-4 h-4" aria-hidden="true"><path d="M20 18v-2a4 4 0 0 0-4-4H4"></path><path d="m9 17-5-5 5-5"></path></svg>Reply</button></div></div></div><div class=""><div class="bg-white rounded-md border border-gray-200 p-3"><div class="flex items-start justify-between mb-2"><div class="flex items-center gap-2"><div class="w-8 h-8 bg-gradient-to-br from-gray-700 to-gray-900 rounded-full flex items-center justify-center text-white font-semibold text-sm flex-shrink-0 cursor-pointer hover:ring-2 hover:ring-gray-900 hover:ring-offset-1 transition-all">S</div><div><div class="flex items-center gap-1.5"><span class="text-sm font-semibold text-gray-900 cursor-pointer hover:underline">Samuel Rodriguez</span></div><span class="text-xs text-gray-500">Nov 30, 2025, 06:17 PM</span></div></div><button class="p-1 hover:bg-gray-100 rounded-full transition-colors" type="button" id="radix-_r_59_" aria-haspopup="menu" aria-expanded="false" data-state="closed"><svg xmlns="http://www.w3.org/2000/svg" width="24" height="24" viewBox="0 0 24 24" fill="none" stroke="currentColor" stroke-width="2" stroke-linecap="round" stroke-linejoin="round" class="lucide lucide-ellipsis-vertical w-4 h-4 text-gray-600" aria-hidden="true"><circle cx="12" cy="12" r="1"></circle><circle cx="12" cy="5" r="1"></circle><circle cx="12" cy="19" r="1"></circle></svg></button></div><p class="text-sm text-gray-800 whitespace-pre-wrap mb-2">This resonates with me so much.</p><div class="flex items-center gap-3"><div class="flex items-center gap-3"><button data-testid="reaction-button-like" class="
                            group inline-flex items-center gap-1.5 px-3 py-1.5 rounded-md font-medium text-sm transition-all duration-200
                            bg-white text-gray-700 hover:bg-gray-50 border border-gray-300
                            cursor-pointer hover:scale-105
                        " type="button" id="radix-_r_5b_" aria-haspopup="menu" aria-expanded="false" data-state="closed"><span class="text-base">👍</span><span class="font-medium text-sm">Like</span></button></div><button data-testid="reply-button" class="flex items-center gap-1 text-sm text-gray-600 hover:text-gray-900 transition-colors"><svg xmlns="http://www.w3.org/2000/svg" width="24" height="24" viewBox="0 0 24 24" fill="none" stroke="currentColor" stroke-width="2" stroke-linecap="round" stroke-linejoin="round" class="lucide lucide-reply w-4 h-4" aria-hidden="true"><path d="M20 18v-2a4 4 0 0 0-4-4H4"></path><path d="m9 17-5-5 5-5"></path></svg>Reply</button></div></div></div></div></div></div></div></article><article class="bg-white rounded-xl shadow-sm border border-gray-200 overflow-hidden hover:shadow-md transition-shadow"><div class="p-6"><h2 class="text-xl font-bold text-gray-900 mb-3">User Success Stories</h2><p class="text-gray-600 leading-relaxed mb-6">We love hearing from our users! Today we are sharing some incredible success stories from our community. Your feedback and reactions mean the world to us. Keep them coming!</p><div class="pt-4 border-t border-gray-100"><div class="flex items-center gap-3"><button data-testid="reaction-button-like" class="
                            group inline-flex items-center gap-1.5 px-3 py-1.5 rounded-md font-medium text-sm transition-all duration-200
                            bg-white text-gray-700 hover:bg-gray-50 border border-gray-300
                            cursor-pointer hover:scale-105
                        " type="button" id="radix-_r_5g_" aria-haspopup="menu" aria-expanded="false" data-state="closed"><span class="text-base">👍</span><span class="font-medium text-sm">Like</span></button><div class="flex items-center gap-1.5"><button data-testid="reaction-count-love" class="
                                    inline-flex items-center gap-1 px-2 py-1 rounded-full text-xs font-medium transition-all
                                    bg-gray-100 text-gray-700 hover:bg-gray-200
                                    cursor-pointer hover:scale-105
                                "><span class="text-base">❤️</span><span>3</span></button><button data-testid="reaction-count-sad" class="
                                    inline-flex items-center gap-1 px-2 py-1 rounded-full text-xs font-medium transition-all
                                    bg-gray-100 text-gray-700 hover:bg-gray-200
                                    cursor-pointer hover:scale-105
                                "><span class="text-base">😢</span><span>2</span></button><button data-testid="reaction-count-like" class="
                                    inline-flex items-center gap-1 px-2 py-1 rounded-full text-xs font-medium transition-all
                                    bg-gray-100 text-gray-700 hover:bg-gray-200
                                    cursor-pointer hover:scale-105
                                "><span class="text-base">👍</span><span>1</span></button><button data-testid="reaction-count-wow" class="
                                    inline-flex items-center gap-1 px-2 py-1 rounded-full text-xs font-medium transition-all
                                    bg-gray-100 text-gray-700 hover:bg-gray-200
                                    cursor-pointer hover:scale-105
                                "><span class="text-base">😮</span><span>1</span></button><button data-testid="reaction-count-angry" class="
                                    inline-flex items-center gap-1 px-2 py-1 rounded-full text-xs font-medium transition-all
                                    bg-gray-100 text-gray-700 hover:bg-gray-200
                                    cursor-pointer hover:scale-105
                                "><span class="text-base">😠</span><span>1</span></button><button class="p-1.5 hover:bg-gray-100 rounded-full transition-colors" title="See who reacted"><svg xmlns="http://www.w3.org/2000/svg" width="24" height="24" viewBox="0 0 24 24" fill="none" stroke="currentColor" stroke-width="2" stroke-linecap="round" stroke-linejoin="round" class="lucide lucide-chevron-down w-4 h-4 text-gray-600" aria-hidden="true"><path d="m6 9 6 6 6-6"></path></svg></button></div></div></div><div class="pt-6 border-t border-gray-100 mt-6"><div class="space-y-3"><div class="flex items-center justify-between"><div class="flex items-center gap-2"><svg xmlns="http://www.w3.org/2000/svg" width="24" height="24" viewBox="0 0 24 24" fill="none" stroke="currentColor" stroke-width="2" stroke-linecap="round" stroke-linejoin="round" class="lucide lucide-message-square w-4 h-4 text-gray-600" aria-hidden="true"><path d="M22 17a2 2 0 0 1-2 2H6.828a2 2 0 0 0-1.414.586l-2.202 2.202A.71.71 0 0 1 2 21.286V5a2 2 0 0 1 2-2h16a2 2 0 0 1 2 2z"></path></svg><h3 class="text-base font-semibold text-gray-900">Comments (3)</h3></div><button data-testid="add-comment-button" class="px-3 py-1.5 text-sm font-medium text-white bg-gray-900 rounded-md hover:bg-gray-800 transition-colors">Add Comment</button></div><div class="space-y-2"><div class=""><div class="bg-white rounded-md border border-gray-200 p-3"><div class="flex items-start justify-between mb-2"><div class="flex items-center gap-2"><div class="w-8 h-8 bg-gradient-to-br from-gray-700 to-gray-900 rounded-full flex items-center justify-center text-white font-semibold text-sm flex-shrink-0 cursor-pointer hover:ring-2 hover:ring-gray-900 hover:ring-offset-1 transition-all">L</div><div><div class="flex items-center gap-1.5"><span class="text-sm font-semibold text-gray-900 cursor-pointer hover:underline">Lillian Gonzalez</span></div><span class="text-xs text-gray-500">Nov 30, 2025, 06:17 PM</span></div></div><button class="p-1 hover:bg-gray-100 rounded-full transition-colors" type="button" id="radix-_r_5i_" aria-haspopup="menu" aria-expanded="false" data-state="closed"><svg xmlns="http://www.w3.org/2000/svg" width="24" height="24" viewBox="0 0 24 24" fill="none" stroke="currentColor" stroke-width="2" stroke-linecap="round" stroke-linejoin="round" class="lucide lucide-ellipsis-vertical w-4 h-4 text-gray-600" aria-hidden="true"><circle cx="12" cy="12" r="1"></circle><circle cx="12" cy="5" r="1"></circle><circle cx="12" cy="19" r="1"></circle></svg></button></div><p class="text-sm text-gray-800 whitespace-pre-wrap mb-2">This is really helpful, thank you!</p><div class="flex items-center gap-3"><div class="flex items-center gap-3"><button data-testid="reaction-button-like" class="
                            group inline-flex items-center gap-1.5 px-3 py-1.5 rounded-md font-medium text-sm transition-all duration-200
                            bg-white text-gray-700 hover:bg-gray-50 border border-gray-300
                            cursor-pointer hover:scale-105
                        " type="button" id="radix-_r_5k_" aria-haspopup="menu" aria-expanded="false" data-state="closed"><span class="text-base">👍</span><span class="font-medium text-sm">Like</span></button></div><button data-testid="reply-button" class="flex items-center gap-1 text-sm text-gray-600 hover:text-gray-900 transition-colors"><svg xmlns="http://www.w3.org/2000/svg" width="24" height="24" viewBox="0 0 24 24" fill="none" stroke="currentColor" stroke-width="2" stroke-linecap="round" stroke-linejoin="round" class="lucide lucide-reply w-4 h-4" aria-hidden="true"><path d="M20 18v-2a4 4 0 0 0-4-4H4"></path><path d="m9 17-5-5 5-5"></path></svg>Reply</button></div></div></div><div class=""><div class="bg-white rounded-md border border-gray-200 p-3"><div class="flex items-start justify-between mb-2"><div class="flex items-center gap-2"><div class="w-8 h-8 bg-gradient-to-br from-gray-700 to-gray-900 rounded-full flex items-center justify-center text-white font-semibold text-sm flex-shrink-0 cursor-pointer hover:ring-2 hover:ring-gray-900 hover:ring-offset-1 transition-all">M</div><div><div class="flex items-center gap-1.5"><span class="text-sm font-semibold text-gray-900 cursor-pointer hover:underline">Mason Miller</span></div><span class="text-xs text-gray-500">Nov 30, 2025, 06:17 PM</span></div></div><button class="p-1 hover:bg-gray-100 rounded-full transition-colors" type="button" id="radix-_r_5p_" aria-haspopup="menu" aria-expanded="false" data-state="closed"><svg xmlns="http://www.w3.org/2000/svg" width="24" height="24" viewBox="0 0 24 24" fill="none" stroke="currentColor" stroke-width="2" stroke-linecap="round" stroke-linejoin="round" class="lucide lucide-ellipsis-vertical w-4 h-4 text-gray-600" aria-hidden="true"><circle cx="12" cy="12" r="1"></circle><circle cx="12" cy="5" r="1"></circle><circle cx="12" cy="19" r="1"></circle></svg></button></div><p class="text-sm text-gray-800 whitespace-pre-wrap mb-2">Thanks for sharing this information.</p><div class="flex items-center gap-3"><div class="flex items-center gap-3"><button data-testid="reaction-button-like" class="
                            group inline-flex items-center gap-1.5 px-3 py-1.5 rounded-md font-medium text-sm transition-all duration-200
                            bg-white text-gray-700 hover:bg-gray-50 border border-gray-300
                            cursor-pointer hover:scale-105
                        " type="button" id="radix-_r_5r_" aria-haspopup="menu" aria-expanded="false" data-state="closed"><span class="text-base">👍</span><span class="font-medium text-sm">Like</span></button></div><button data-testid="reply-button" class="flex items-center gap-1 text-sm text-gray-600 hover:text-gray-900 transition-colors"><svg xmlns="http://www.w3.org/2000/svg" width="24" height="24" viewBox="0 0 24 24" fill="none" stroke="currentColor" stroke-width="2" stroke-linecap="round" stroke-linejoin="round" class="lucide lucide-reply w-4 h-4" aria-hidden="true"><path d="M20 18v-2a4 4 0 0 0-4-4H4"></path><path d="m9 17-5-5 5-5"></path></svg>Reply</button></div></div></div><div class=""><div class="bg-white rounded-md border border-gray-200 p-3"><div class="flex items-start justify-between mb-2"><div class="flex items-center gap-2"><div class="w-8 h-8 bg-gradient-to-br from-gray-700 to-gray-900 rounded-full flex items-center justify-center text-white font-semibold text-sm flex-shrink-0 cursor-pointer hover:ring-2 hover:ring-gray-900 hover:ring-offset-1 transition-all">S</div><div><div class="flex items-center gap-1.5"><span class="text-sm font-semibold text-gray-900 cursor-pointer hover:underline">Sebastian Thomas</span></div><span class="text-xs text-gray-500">Nov 30, 2025, 06:17 PM</span></div></div><button class="p-1 hover:bg-gray-100 rounded-full transition-colors" type="button" id="radix-_r_60_" aria-haspopup="menu" aria-expanded="false" data-state="closed"><svg xmlns="http://www.w3.org/2000/svg" width="24" height="24" viewBox="0 0 24 24" fill="none" stroke="currentColor" stroke-width="2" stroke-linecap="round" stroke-linejoin="round" class="lucide lucide-ellipsis-vertical w-4 h-4 text-gray-600" aria-hidden="true"><circle cx="12" cy="12" r="1"></circle><circle cx="12" cy="5" r="1"></circle><circle cx="12" cy="19" r="1"></circle></svg></button></div><p class="text-sm text-gray-800 whitespace-pre-wrap mb-2">This is amazing! Great work!</p><div class="flex items-center gap-3"><div class="flex items-center gap-3"><button data-testid="reaction-button-like" class="
                            group inline-flex items-center gap-1.5 px-3 py-1.5 rounded-md font-medium text-sm transition-all duration-200
                            bg-white text-gray-700 hover:bg-gray-50 border border-gray-300
                            cursor-pointer hover:scale-105
                        " type="button" id="radix-_r_62_" aria-haspopup="menu" aria-expanded="false" data-state="closed"><span class="text-base">👍</span><span class="font-medium text-sm">Like</span></button></div><button data-testid="reply-button" class="flex items-center gap-1 text-sm text-gray-600 hover:text-gray-900 transition-colors"><svg xmlns="http://www.w3.org/2000/svg" width="24" height="24" viewBox="0 0 24 24" fill="none" stroke="currentColor" stroke-width="2" stroke-linecap="round" stroke-linejoin="round" class="lucide lucide-reply w-4 h-4" aria-hidden="true"><path d="M20 18v-2a4 4 0 0 0-4-4H4"></path><path d="m9 17-5-5 5-5"></path></svg>Reply</button></div></div><div class="mt-2 space-y-2"><div class="ml-10"><div class="bg-white rounded-md border border-gray-200 p-3"><div class="flex items-start justify-between mb-2"><div class="flex items-center gap-2"><div class="w-8 h-8 bg-gradient-to-br from-gray-700 to-gray-900 rounded-full flex items-center justify-center text-white font-semibold text-sm flex-shrink-0 cursor-pointer hover:ring-2 hover:ring-gray-900 hover:ring-offset-1 transition-all">L</div><div><div class="flex items-center gap-1.5"><span class="text-sm font-semibold text-gray-900 cursor-pointer hover:underline">Liam Brown</span></div><span class="text-xs text-gray-500">Nov 30, 2025, 06:17 PM</span></div></div><button class="p-1 hover:bg-gray-100 rounded-full transition-colors" type="button" id="radix-_r_64_" aria-haspopup="menu" aria-expanded="false" data-state="closed"><svg xmlns="http://www.w3.org/2000/svg" width="24" height="24" viewBox="0 0 24 24" fill="none" stroke="currentColor" stroke-width="2" stroke-linecap="round" stroke-linejoin="round" class="lucide lucide-ellipsis-vertical w-4 h-4 text-gray-600" aria-hidden="true"><circle cx="12" cy="12" r="1"></circle><circle cx="12" cy="5" r="1"></circle><circle cx="12" cy="19" r="1"></circle></svg></button></div><p class="text-sm text-gray-800 whitespace-pre-wrap mb-2">I agree with you!</p><div class="flex items-center gap-3"><div class="flex items-center gap-3"><button data-testid="reaction-button-like" class="
                            group inline-flex items-center gap-1.5 px-3 py-1.5 rounded-md font-medium text-sm transition-all duration-200
                            bg-white text-gray-700 hover:bg-gray-50 border border-gray-300
                            cursor-pointer hover:scale-105
                        " type="button" id="radix-_r_66_" aria-haspopup="menu" aria-expanded="false" data-state="closed"><span class="text-base">👍</span><span class="font-medium text-sm">Like</span></button></div></div></div></div><div class="ml-10"><div class="bg-white rounded-md border border-gray-200 p-3"><div class="flex items-start justify-between mb-2"><div class="flex items-center gap-2"><div class="w-8 h-8 bg-gradient-to-br from-gray-700 to-gray-900 rounded-full flex items-center justify-center text-white font-semibold text-sm flex-shrink-0 cursor-pointer hover:ring-2 hover:ring-gray-900 hover:ring-offset-1 transition-all">S</div><div><div class="flex items-center gap-1.5"><span class="text-sm font-semibold text-gray-900 cursor-pointer hover:underline">Sebastian Thomas</span></div><span class="text-xs text-gray-500">Nov 30, 2025, 06:17 PM</span></div></div><button class="p-1 hover:bg-gray-100 rounded-full transition-colors" type="button" id="radix-_r_6b_" aria-haspopup="menu" aria-expanded="false" data-state="closed"><svg xmlns="http://www.w3.org/2000/svg" width="24" height="24" viewBox="0 0 24 24" fill="none" stroke="currentColor" stroke-width="2" stroke-linecap="round" stroke-linejoin="round" class="lucide lucide-ellipsis-vertical w-4 h-4 text-gray-600" aria-hidden="true"><circle cx="12" cy="12" r="1"></circle><circle cx="12" cy="5" r="1"></circle><circle cx="12" cy="19" r="1"></circle></svg></button></div><p class="text-sm text-gray-800 whitespace-pre-wrap mb-2">Thanks for your comment!</p><div class="flex items-center gap-3"><div class="flex items-center gap-3"><button data-testid="reaction-button-like" class="
                            group inline-flex items-center gap-1.5 px-3 py-1.5 rounded-md font-medium text-sm transition-all duration-200
                            bg-white text-gray-700 hover:bg-gray-50 border border-gray-300
                            cursor-pointer hover:scale-105
                        " type="button" id="radix-_r_6d_" aria-haspopup="menu" aria-expanded="false" data-state="closed"><span class="text-base">👍</span><span class="font-medium text-sm">Like</span></button></div></div></div></div></div></div></div></div></div></div></article><article class="bg-white rounded-xl shadow-sm border border-gray-200 overflow-hidden hover:shadow-md transition-shadow"><div class="p-6"><h2 class="text-xl font-bold text-gray-900 mb-3">Tips and Tricks for Power Users</h2><p class="text-gray-600 leading-relaxed mb-6">Did you know you can quickly react by hovering over the button? Here are some tips and tricks to get the most out of our platform. Become a power user today!</p><div class="pt-4 border-t border-gray-100"><div class="flex items-center gap-3"><button data-testid="reaction-button-like" class="
                            group inline-flex items-center gap-1.5 px-3 py-1.5 rounded-md font-medium text-sm transition-all duration-200
                            bg-white text-gray-700 hover:bg-gray-50 border border-gray-300
                            cursor-pointer hover:scale-105
                        " type="button" id="radix-_r_6l_" aria-haspopup="menu" aria-expanded="false" data-state="closed"><span class="text-base">👍</span><span class="font-medium text-sm">Like</span></button><div class="flex items-center gap-1.5"><button data-testid="reaction-count-love" class="
                                    inline-flex items-center gap-1 px-2 py-1 rounded-full text-xs font-medium transition-all
                                    bg-gray-100 text-gray-700 hover:bg-gray-200
                                    cursor-pointer hover:scale-105
                                "><span class="text-base">❤️</span><span>2</span></button><button data-testid="reaction-count-like" class="
                                    inline-flex items-center gap-1 px-2 py-1 rounded-full text-xs font-medium transition-all
                                    bg-gray-100 text-gray-700 hover:bg-gray-200
                                    cursor-pointer hover:scale-105
                                "><span class="text-base">👍</span><span>1</span></button><button data-testid="reaction-count-wow" class="
                                    inline-flex items-center gap-1 px-2 py-1 rounded-full text-xs font-medium transition-all
                                    bg-gray-100 text-gray-700 hover:bg-gray-200
                                    cursor-pointer hover:scale-105
                                "><span class="text-base">😮</span><span>1</span></button><button class="p-1.5 hover:bg-gray-100 rounded-full transition-colors" title="See who reacted"><svg xmlns="http://www.w3.org/2000/svg" width="24" height="24" viewBox="0 0 24 24" fill="none" stroke="currentColor" stroke-width="2" stroke-linecap="round" stroke-linejoin="round" class="lucide lucide-chevron-down w-4 h-4 text-gray-600" aria-hidden="true"><path d="m6 9 6 6 6-6"></path></svg></button></div></div></div><div class="pt-6 border-t border-gray-100 mt-6"><div class="space-y-3"><div class="flex items-center justify-between"><div class="flex items-center gap-2"><svg xmlns="http://www.w3.org/2000/svg" width="24" height="24" viewBox="0 0 24 24" fill="none" stroke="currentColor" stroke-width="2" stroke-linecap="round" stroke-linejoin="round" class="lucide lucide-message-square w-4 h-4 text-gray-600" aria-hidden="true"><path d="M22 17a2 2 0 0 1-2 2H6.828a2 2 0 0 0-1.414.586l-2.202 2.202A.71.71 0 0 1 2 21.286V5a2 2 0 0 1 2-2h16a2 2 0 0 1 2 2z"></path></svg><h3 class="text-base font-semibold text-gray-900">Comments (4)</h3></div><button data-testid="add-comment-button" class="px-3 py-1.5 text-sm font-medium text-white bg-gray-900 rounded-md hover:bg-gray-800 transition-colors">Add Comment</button></div><div class="space-y-2"><div class=""><div class="bg-white rounded-md border border-gray-200 p-3"><div class="flex items-start justify-between mb-2"><div class="flex items-center gap-2"><div class="w-8 h-8 bg-gradient-to-br from-gray-700 to-gray-900 rounded-full flex items-center justify-center text-white font-semibold text-sm flex-shrink-0 cursor-pointer hover:ring-2 hover:ring-gray-900 hover:ring-offset-1 transition-all">V</div><div><div class="flex items-center gap-1.5"><span class="text-sm font-semibold text-gray-900 cursor-pointer hover:underline">Victoria Thomas</span></div><span class="text-xs text-gray-500">Nov 30, 2025, 06:17 PM</span></div></div><button class="p-1 hover:bg-gray-100 rounded-full transition-colors" type="button" id="radix-_r_6n_" aria-haspopup="menu" aria-expanded="false" data-state="closed"><svg xmlns="http://www.w3.org/2000/svg" width="24" height="24" viewBox="0 0 24 24" fill="none" stroke="currentColor" stroke-width="2" stroke-linecap="round" stroke-linejoin="round" class="lucide lucide-ellipsis-vertical w-4 h-4 text-gray-600" aria-hidden="true"><circle cx="12" cy="12" r="1"></circle><circle cx="12" cy="5" r="1"></circle><circle cx="12" cy="19" r="1"></circle></svg></button></div><p class="text-sm text-gray-800 whitespace-pre-wrap mb-2">Fantastic post! Keep it up!</p><div class="flex items-center gap-3"><div class="flex items-center gap-3"><button data-testid="reaction-button-like" class="
                            group inline-flex items-center gap-1.5 px-3 py-1.5 rounded-md font-medium text-sm transition-all duration-200
                            bg-white text-gray-700 hover:bg-gray-50 border border-gray-300
                            cursor-pointer hover:scale-105
                        " type="button" id="radix-_r_6p_" aria-haspopup="menu" aria-expanded="false" data-state="closed"><span class="text-base">👍</span><span class="font-medium text-sm">Like</span></button></div><button data-testid="reply-button" class="flex items-center gap-1 text-sm text-gray-600 hover:text-gray-900 transition-colors"><svg xmlns="http://www.w3.org/2000/svg" width="24" height="24" viewBox="0 0 24 24" fill="none" stroke="currentColor" stroke-width="2" stroke-linecap="round" stroke-linejoin="round" class="lucide lucide-reply w-4 h-4" aria-hidden="true"><path d="M20 18v-2a4 4 0 0 0-4-4H4"></path><path d="m9 17-5-5 5-5"></path></svg>Reply</button></div></div><div class="mt-2 space-y-2"><div class="ml-10"><div class="bg-white rounded-md border border-gray-200 p-3"><div class="flex items-start justify-between mb-2"><div class="flex items-center gap-2"><div class="w-8 h-8 bg-gradient-to-br from-gray-700 to-gray-900 rounded-full flex items-center justify-center text-white font-semibold text-sm flex-shrink-0 cursor-pointer hover:ring-2 hover:ring-gray-900 hover:ring-offset-1 transition-all">M</div><div><div class="flex items-center gap-1.5"><span class="text-sm font-semibold text-gray-900 cursor-pointer hover:underline">Mason Jones</span></div><span class="text-xs text-gray-500">Nov 30, 2025, 06:17 PM</span></div></div><button class="p-1 hover:bg-gray-100 rounded-full transition-colors" type="button" id="radix-_r_6r_" aria-haspopup="menu" aria-expanded="false" data-state="closed"><svg xmlns="http://www.w3.org/2000/svg" width="24" height="24" viewBox="0 0 24 24" fill="none" stroke="currentColor" stroke-width="2" stroke-linecap="round" stroke-linejoin="round" class="lucide lucide-ellipsis-vertical w-4 h-4 text-gray-600" aria-hidden="true"><circle cx="12" cy="12" r="1"></circle><circle cx="12" cy="5" r="1"></circle><circle cx="12" cy="19" r="1"></circle></svg></button></div><p class="text-sm text-gray-800 whitespace-pre-wrap mb-2">Interesting perspective!</p><div class="flex items-center gap-3"><div class="flex items-center gap-3"><button data-testid="reaction-button-like" class="
                            group inline-flex items-center gap-1.5 px-3 py-1.5 rounded-md font-medium text-sm transition-all duration-200
                            bg-white text-gray-700 hover:bg-gray-50 border border-gray-300
                            cursor-pointer hover:scale-105
                        " type="button" id="radix-_r_6t_" aria-haspopup="menu" aria-expanded="false" data-state="closed"><span class="text-base">👍</span><span class="font-medium text-sm">Like</span></button></div></div></div></div></div></div><div class=""><div class="bg-white rounded-md border border-gray-200 p-3"><div class="flex items-start justify-between mb-2"><div class="flex items-center gap-2"><div class="w-8 h-8 bg-gradient-to-br from-gray-700 to-gray-900 rounded-full flex items-center justify-center text-white font-semibold text-sm flex-shrink-0 cursor-pointer hover:ring-2 hover:ring-gray-900 hover:ring-offset-1 transition-all">B</div><div><div class="flex items-center gap-1.5"><span class="text-sm font-semibold text-gray-900 cursor-pointer hover:underline">Benjamin Moore</span></div><span class="text-xs text-gray-500">Nov 30, 2025, 06:17 PM</span></div></div><button class="p-1 hover:bg-gray-100 rounded-full transition-colors" type="button" id="radix-_r_75_" aria-haspopup="menu" aria-expanded="false" data-state="closed"><svg xmlns="http://www.w3.org/2000/svg" width="24" height="24" viewBox="0 0 24 24" fill="none" stroke="currentColor" stroke-width="2" stroke-linecap="round" stroke-linejoin="round" class="lucide lucide-ellipsis-vertical w-4 h-4 text-gray-600" aria-hidden="true"><circle cx="12" cy="12" r="1"></circle><circle cx="12" cy="5" r="1"></circle><circle cx="12" cy="19" r="1"></circle></svg></button></div><p class="text-sm text-gray-800 whitespace-pre-wrap mb-2">This resonates with me so much.</p><div class="flex items-center gap-3"><div class="flex items-center gap-3"><button data-testid="reaction-button-like" class="
                            group inline-flex items-center gap-1.5 px-3 py-1.5 rounded-md font-medium text-sm transition-all duration-200
                            bg-white text-gray-700 hover:bg-gray-50 border border-gray-300
                            cursor-pointer hover:scale-105
                        " type="button" id="radix-_r_77_" aria-haspopup="menu" aria-expanded="false" data-state="closed"><span class="text-base">👍</span><span class="font-medium text-sm">Like</span></button></div><button data-testid="reply-button" class="flex items-center gap-1 text-sm text-gray-600 hover:text-gray-900 transition-colors"><svg xmlns="http://www.w3.org/2000/svg" width="24" height="24" viewBox="0 0 24 24" fill="none" stroke="currentColor" stroke-width="2" stroke-linecap="round" stroke-linejoin="round" class="lucide lucide-reply w-4 h-4" aria-hidden="true"><path d="M20 18v-2a4 4 0 0 0-4-4H4"></path><path d="m9 17-5-5 5-5"></path></svg>Reply</button></div></div><div class="mt-2 space-y-2"><div class="ml-10"><div class="bg-white rounded-md border border-gray-200 p-3"><div class="flex items-start justify-between mb-2"><div class="flex items-center gap-2"><div class="w-8 h-8 bg-gradient-to-br from-gray-700 to-gray-900 rounded-full flex items-center justify-center text-white font-semibold text-sm flex-shrink-0 cursor-pointer hover:ring-2 hover:ring-gray-900 hover:ring-offset-1 transition-all">L</div><div><div class="flex items-center gap-1.5"><span class="text-sm font-semibold text-gray-900 cursor-pointer hover:underline">Liam Brown</span></div><span class="text-xs text-gray-500">Nov 30, 2025, 06:17 PM</span></div></div><button class="p-1 hover:bg-gray-100 rounded-full transition-colors" type="button" id="radix-_r_79_" aria-haspopup="menu" aria-expanded="false" data-state="closed"><svg xmlns="http://www.w3.org/2000/svg" width="24" height="24" viewBox="0 0 24 24" fill="none" stroke="currentColor" stroke-width="2" stroke-linecap="round" stroke-linejoin="round" class="lucide lucide-ellipsis-vertical w-4 h-4 text-gray-600" aria-hidden="true"><circle cx="12" cy="12" r="1"></circle><circle cx="12" cy="5" r="1"></circle><circle cx="12" cy="19" r="1"></circle></svg></button></div><p class="text-sm text-gray-800 whitespace-pre-wrap mb-2">I agree with you!</p><div class="flex items-center gap-3"><div class="flex items-center gap-3"><button data-testid="reaction-button-like" class="
                            group inline-flex items-center gap-1.5 px-3 py-1.5 rounded-md font-medium text-sm transition-all duration-200
                            bg-white text-gray-700 hover:bg-gray-50 border border-gray-300
                            cursor-pointer hover:scale-105
                        " type="button" id="radix-_r_7b_" aria-haspopup="menu" aria-expanded="false" data-state="closed"><span class="text-base">👍</span><span class="font-medium text-sm">Like</span></button></div></div></div></div><div class="ml-10"><div class="bg-white rounded-md border border-gray-200 p-3"><div class="flex items-start justify-between mb-2"><div class="flex items-center gap-2"><div class="w-8 h-8 bg-gradient-to-br from-gray-700 to-gray-900 rounded-full flex items-center justify-center text-white font-semibold text-sm flex-shrink-0 cursor-pointer hover:ring-2 hover:ring-gray-900 hover:ring-offset-1 transition-all">O</div><div><div class="flex items-center gap-1.5"><span class="text-sm font-semibold text-gray-900 cursor-pointer hover:underline">Owen Anderson</span></div><span class="text-xs text-gray-500">Nov 30, 2025, 06:17 PM</span></div></div><button class="p-1 hover:bg-gray-100 rounded-full transition-colors" type="button" id="radix-_r_7g_" aria-haspopup="menu" aria-expanded="false" data-state="closed"><svg xmlns="http://www.w3.org/2000/svg" width="24" height="24" viewBox="0 0 24 24" fill="none" stroke="currentColor" stroke-width="2" stroke-linecap="round" stroke-linejoin="round" class="lucide lucide-ellipsis-vertical w-4 h-4 text-gray-600" aria-hidden="true"><circle cx="12" cy="12" r="1"></circle><circle cx="12" cy="5" r="1"></circle><circle cx="12" cy="19" r="1"></circle></svg></button></div><p class="text-sm text-gray-800 whitespace-pre-wrap mb-2">Thanks for your comment!</p><div class="flex items-center gap-3"><div class="flex items-center gap-3"><button data-testid="reaction-button-like" class="
                            group inline-flex items-center gap-1.5 px-3 py-1.5 rounded-md font-medium text-sm transition-all duration-200
                            bg-white text-gray-700 hover:bg-gray-50 border border-gray-300
                            cursor-pointer hover:scale-105
                        " type="button" id="radix-_r_7i_" aria-haspopup="menu" aria-expanded="false" data-state="closed"><span class="text-base">👍</span><span class="font-medium text-sm">Like</span></button></div></div></div></div></div></div><div class=""><div class="bg-white rounded-md border border-gray-200 p-3"><div class="flex items-start justify-between mb-2"><div class="flex items-center gap-2"><div class="w-8 h-8 bg-gradient-to-br from-gray-700 to-gray-900 rounded-full flex items-center justify-center text-white font-semibold text-sm flex-shrink-0 cursor-pointer hover:ring-2 hover:ring-gray-900 hover:ring-offset-1 transition-all">E</div><div><div class="flex items-center gap-1.5"><span class="text-sm font-semibold text-gray-900 cursor-pointer hover:underline">Ethan Clark</span></div><span class="text-xs text-gray-500">Nov 30, 2025, 06:17 PM</span></div></div><button class="p-1 hover:bg-gray-100 rounded-full transition-colors" type="button" id="radix-_r_7q_" aria-haspopup="menu" aria-expanded="false" data-state="closed"><svg xmlns="http://www.w3.org/2000/svg" width="24" height="24" viewBox="0 0 24 24" fill="none" stroke="currentColor" stroke-width="2" stroke-linecap="round" stroke-linejoin="round" class="lucide lucide-ellipsis-vertical w-4 h-4 text-gray-600" aria-hidden="true"><circle cx="12" cy="12" r="1"></circle><circle cx="12" cy="5" r="1"></circle><circle cx="12" cy="19" r="1"></circle></svg></button></div><p class="text-sm text-gray-800 whitespace-pre-wrap mb-2">Well said! Couldn't agree more.</p><div class="flex items-center gap-3"><div class="flex items-center gap-3"><button data-testid="reaction-button-like" class="
                            group inline-flex items-center gap-1.5 px-3 py-1.5 rounded-md font-medium text-sm transition-all duration-200
                            bg-white text-gray-700 hover:bg-gray-50 border border-gray-300
                            cursor-pointer hover:scale-105
                        " type="button" id="radix-_r_7s_" aria-haspopup="menu" aria-expanded="false" data-state="closed"><span class="text-base">👍</span><span class="font-medium text-sm">Like</span></button></div><button data-testid="reply-button" class="flex items-center gap-1 text-sm text-gray-600 hover:text-gray-900 transition-colors"><svg xmlns="http://www.w3.org/2000/svg" width="24" height="24" viewBox="0 0 24 24" fill="none" stroke="currentColor" stroke-width="2" stroke-linecap="round" stroke-linejoin="round" class="lucide lucide-reply w-4 h-4" aria-hidden="true"><path d="M20 18v-2a4 4 0 0 0-4-4H4"></path><path d="m9 17-5-5 5-5"></path></svg>Reply</button></div></div></div><div class=""><div class="bg-white rounded-md border border-gray-200 p-3"><div class="flex items-start justify-between mb-2"><div class="flex items-center gap-2"><div class="w-8 h-8 bg-gradient-to-br from-gray-700 to-gray-900 rounded-full flex items-center justify-center text-white font-semibold text-sm flex-shrink-0 cursor-pointer hover:ring-2 hover:ring-gray-900 hover:ring-offset-1 transition-all">L</div><div><div class="flex items-center gap-1.5"><span class="text-sm font-semibold text-gray-900 cursor-pointer hover:underline">Luke Wilson</span></div><span class="text-xs text-gray-500">Nov 30, 2025, 06:17 PM</span></div></div><button class="p-1 hover:bg-gray-100 rounded-full transition-colors" type="button" id="radix-_r_81_" aria-haspopup="menu" aria-expanded="false" data-state="closed"><svg xmlns="http://www.w3.org/2000/svg" width="24" height="24" viewBox="0 0 24 24" fill="none" stroke="currentColor" stroke-width="2" stroke-linecap="round" stroke-linejoin="round" class="lucide lucide-ellipsis-vertical w-4 h-4 text-gray-600" aria-hidden="true"><circle cx="12" cy="12" r="1"></circle><circle cx="12" cy="5" r="1"></circle><circle cx="12" cy="19" r="1"></circle></svg></button></div><p class="text-sm text-gray-800 whitespace-pre-wrap mb-2">Fantastic post! Keep it up!</p><div class="flex items-center gap-3"><div class="flex items-center gap-3"><button data-testid="reaction-button-like" class="
                            group inline-flex items-center gap-1.5 px-3 py-1.5 rounded-md font-medium text-sm transition-all duration-200
                            bg-white text-gray-700 hover:bg-gray-50 border border-gray-300
                            cursor-pointer hover:scale-105
                        " type="button" id="radix-_r_83_" aria-haspopup="menu" aria-expanded="false" data-state="closed"><span class="text-base">👍</span><span class="font-medium text-sm">Like</span></button></div><button data-testid="reply-button" class="flex items-center gap-1 text-sm text-gray-600 hover:text-gray-900 transition-colors"><svg xmlns="http://www.w3.org/2000/svg" width="24" height="24" viewBox="0 0 24 24" fill="none" stroke="currentColor" stroke-width="2" stroke-linecap="round" stroke-linejoin="round" class="lucide lucide-reply w-4 h-4" aria-hidden="true"><path d="M20 18v-2a4 4 0 0 0-4-4H4"></path><path d="m9 17-5-5 5-5"></path></svg>Reply</button></div></div></div></div></div></div></div></article><article class="bg-white rounded-xl shadow-sm border border-gray-200 overflow-hidden hover:shadow-md transition-shadow"><div class="p-6"><h2 class="text-xl font-bold text-gray-900 mb-3">Upcoming Events and Webinars</h2><p class="text-gray-600 leading-relaxed mb-6">Join us for our upcoming webinar series where we will dive deep into advanced features and best practices. React to this post if you are interested in attending!</p><div class="pt-4 border-t border-gray-100"><div class="flex items-center gap-3"><button data-testid="reaction-button-like" class="
                            group inline-flex items-center gap-1.5 px-3 py-1.5 rounded-md font-medium text-sm transition-all duration-200
                            bg-white text-gray-700 hover:bg-gray-50 border border-gray-300
                            cursor-pointer hover:scale-105
                        " type="button" id="radix-_r_88_" aria-haspopup="menu" aria-expanded="false" data-state="closed"><span class="text-base">👍</span><span class="font-medium text-sm">Like</span></button><div class="flex items-center gap-1.5"><button data-testid="reaction-count-like" class="
                                    inline-flex items-center gap-1 px-2 py-1 rounded-full text-xs font-medium transition-all
                                    bg-gray-100 text-gray-700 hover:bg-gray-200
                                    cursor-pointer hover:scale-105
                                "><span class="text-base">👍</span><span>1</span></button><button data-testid="reaction-count-haha" class="
                                    inline-flex items-center gap-1 px-2 py-1 rounded-full text-xs font-medium transition-all
                                    bg-gray-100 text-gray-700 hover:bg-gray-200
                                    cursor-pointer hover:scale-105
                                "><span class="text-base">😂</span><span>1</span></button><button data-testid="reaction-count-angry" class="
                                    inline-flex items-center gap-1 px-2 py-1 rounded-full text-xs font-medium transition-all
                                    bg-gray-100 text-gray-700 hover:bg-gray-200
                                    cursor-pointer hover:scale-105
                                "><span class="text-base">😠</span><span>1</span></button><button class="p-1.5 hover:bg-gray-100 rounded-full transition-colors" title="See who reacted"><svg xmlns="http://www.w3.org/2000/svg" width="24" height="24" viewBox="0 0 24 24" fill="none" stroke="currentColor" stroke-width="2" stroke-linecap="round" stroke-linejoin="round" class="lucide lucide-chevron-down w-4 h-4 text-gray-600" aria-hidden="true"><path d="m6 9 6 6 6-6"></path></svg></button></div></div></div><div class="pt-6 border-t border-gray-100 mt-6"><div class="space-y-3"><div class="flex items-center justify-between"><div class="flex items-center gap-2"><svg xmlns="http://www.w3.org/2000/svg" width="24" height="24" viewBox="0 0 24 24" fill="none" stroke="currentColor" stroke-width="2" stroke-linecap="round" stroke-linejoin="round" class="lucide lucide-message-square w-4 h-4 text-gray-600" aria-hidden="true"><path d="M22 17a2 2 0 0 1-2 2H6.828a2 2 0 0 0-1.414.586l-2.202 2.202A.71.71 0 0 1 2 21.286V5a2 2 0 0 1 2-2h16a2 2 0 0 1 2 2z"></path></svg><h3 class="text-base font-semibold text-gray-900">Comments (5)</h3></div><button data-testid="add-comment-button" class="px-3 py-1.5 text-sm font-medium text-white bg-gray-900 rounded-md hover:bg-gray-800 transition-colors">Add Comment</button></div><div class="space-y-2"><div class=""><div class="bg-white rounded-md border border-gray-200 p-3"><div class="flex items-start justify-between mb-2"><div class="flex items-center gap-2"><div class="w-8 h-8 bg-gradient-to-br from-gray-700 to-gray-900 rounded-full flex items-center justify-center text-white font-semibold text-sm flex-shrink-0 cursor-pointer hover:ring-2 hover:ring-gray-900 hover:ring-offset-1 transition-all">N</div><div><div class="flex items-center gap-1.5"><span class="text-sm font-semibold text-gray-900 cursor-pointer hover:underline">Noah Moore</span></div><span class="text-xs text-gray-500">Nov 30, 2025, 06:17 PM</span></div></div><button class="p-1 hover:bg-gray-100 rounded-full transition-colors" type="button" id="radix-_r_8a_" aria-haspopup="menu" aria-expanded="false" data-state="closed"><svg xmlns="http://www.w3.org/2000/svg" width="24" height="24" viewBox="0 0 24 24" fill="none" stroke="currentColor" stroke-width="2" stroke-linecap="round" stroke-linejoin="round" class="lucide lucide-ellipsis-vertical w-4 h-4 text-gray-600" aria-hidden="true"><circle cx="12" cy="12" r="1"></circle><circle cx="12" cy="5" r="1"></circle><circle cx="12" cy="19" r="1"></circle></svg></button></div><p class="text-sm text-gray-800 whitespace-pre-wrap mb-2">This deserves more attention.</p><div class="flex items-center gap-3"><div class="flex items-center gap-3"><button data-testid="reaction-button-like" class="
                            group inline-flex items-center gap-1.5 px-3 py-1.5 rounded-md font-medium text-sm transition-all duration-200
                            bg-white text-gray-700 hover:bg-gray-50 border border-gray-300
                            cursor-pointer hover:scale-105
                        " type="button" id="radix-_r_8c_" aria-haspopup="menu" aria-expanded="false" data-state="closed"><span class="text-base">👍</span><span class="font-medium text-sm">Like</span></button></div><button data-testid="reply-button" class="flex items-center gap-1 text-sm text-gray-600 hover:text-gray-900 transition-colors"><svg xmlns="http://www.w3.org/2000/svg" width="24" height="24" viewBox="0 0 24 24" fill="none" stroke="currentColor" stroke-width="2" stroke-linecap="round" stroke-linejoin="round" class="lucide lucide-reply w-4 h-4" aria-hidden="true"><path d="M20 18v-2a4 4 0 0 0-4-4H4"></path><path d="m9 17-5-5 5-5"></path></svg>Reply</button></div></div></div><div class=""><div class="bg-white rounded-md border border-gray-200 p-3"><div class="flex items-start justify-between mb-2"><div class="flex items-center gap-2"><div class="w-8 h-8 bg-gradient-to-br from-gray-700 to-gray-900 rounded-full flex items-center justify-center text-white font-semibold text-sm flex-shrink-0 cursor-pointer hover:ring-2 hover:ring-gray-900 hover:ring-offset-1 transition-all">E</div><div><div class="flex items-center gap-1.5"><span class="text-sm font-semibold text-gray-900 cursor-pointer hover:underline">Emily Thomas</span></div><span class="text-xs text-gray-500">Nov 30, 2025, 06:17 PM</span></div></div><button class="p-1 hover:bg-gray-100 rounded-full transition-colors" type="button" id="radix-_r_8h_" aria-haspopup="menu" aria-expanded="false" data-state="closed"><svg xmlns="http://www.w3.org/2000/svg" width="24" height="24" viewBox="0 0 24 24" fill="none" stroke="currentColor" stroke-width="2" stroke-linecap="round" stroke-linejoin="round" class="lucide lucide-ellipsis-vertical w-4 h-4 text-gray-600" aria-hidden="true"><circle cx="12" cy="12" r="1"></circle><circle cx="12" cy="5" r="1"></circle><circle cx="12" cy="19" r="1"></circle></svg></button></div><p class="text-sm text-gray-800 whitespace-pre-wrap mb-2">Well said! Couldn't agree more.</p><div class="flex items-center gap-3"><div class="flex items-center gap-3"><button data-testid="reaction-button-like" class="
                            group inline-flex items-center gap-1.5 px-3 py-1.5 rounded-md font-medium text-sm transition-all duration-200
                            bg-white text-gray-700 hover:bg-gray-50 border border-gray-300
                            cursor-pointer hover:scale-105
                        " type="button" id="radix-_r_8j_" aria-haspopup="menu" aria-expanded="false" data-state="closed"><span class="text-base">👍</span><span class="font-medium text-sm">Like</span></button></div><button data-testid="reply-button" class="flex items-center gap-1 text-sm text-gray-600 hover:text-gray-900 transition-colors"><svg xmlns="http://www.w3.org/2000/svg" width="24" height="24" viewBox="0 0 24 24" fill="none" stroke="currentColor" stroke-width="2" stroke-linecap="round" stroke-linejoin="round" class="lucide lucide-reply w-4 h-4" aria-hidden="true"><path d="M20 18v-2a4 4 0 0 0-4-4H4"></path><path d="m9 17-5-5 5-5"></path></svg>Reply</button></div></div></div><div class=""><div class="bg-white rounded-md border border-gray-200 p-3"><div class="flex items-start justify-between mb-2"><div class="flex items-center gap-2"><div class="w-8 h-8 bg-gradient-to-br from-gray-700 to-gray-900 rounded-full flex items-center justify-center text-white font-semibold text-sm flex-shrink-0 cursor-pointer hover:ring-2 hover:ring-gray-900 hover:ring-offset-1 transition-all">J</div><div><div class="flex items-center gap-1.5"><span class="text-sm font-semibold text-gray-900 cursor-pointer hover:underline">Jackson Jackson</span></div><span class="text-xs text-gray-500">Nov 30, 2025, 06:17 PM</span></div></div><button class="p-1 hover:bg-gray-100 rounded-full transition-colors" type="button" id="radix-_r_8o_" aria-haspopup="menu" aria-expanded="false" data-state="closed"><svg xmlns="http://www.w3.org/2000/svg" width="24" height="24" viewBox="0 0 24 24" fill="none" stroke="currentColor" stroke-width="2" stroke-linecap="round" stroke-linejoin="round" class="lucide lucide-ellipsis-vertical w-4 h-4 text-gray-600" aria-hidden="true"><circle cx="12" cy="12" r="1"></circle><circle cx="12" cy="5" r="1"></circle><circle cx="12" cy="19" r="1"></circle></svg></button></div><p class="text-sm text-gray-800 whitespace-pre-wrap mb-2">Fantastic post! Keep it up!</p><div class="flex items-center gap-3"><div class="flex items-center gap-3"><button data-testid="reaction-button-like" class="
                            group inline-flex items-center gap-1.5 px-3 py-1.5 rounded-md font-medium text-sm transition-all duration-200
                            bg-white text-gray-700 hover:bg-gray-50 border border-gray-300
                            cursor-pointer hover:scale-105
                        " type="button" id="radix-_r_8q_" aria-haspopup="menu" aria-expanded="false" data-state="closed"><span class="text-base">👍</span><span class="font-medium text-sm">Like</span></button></div><button data-testid="reply-button" class="flex items-center gap-1 text-sm text-gray-600 hover:text-gray-900 transition-colors"><svg xmlns="http://www.w3.org/2000/svg" width="24" height="24" viewBox="0 0 24 24" fill="none" stroke="currentColor" stroke-width="2" stroke-linecap="round" stroke-linejoin="round" class="lucide lucide-reply w-4 h-4" aria-hidden="true"><path d="M20 18v-2a4 4 0 0 0-4-4H4"></path><path d="m9 17-5-5 5-5"></path></svg>Reply</button></div></div><div class="mt-2 space-y-2"><div class="ml-10"><div class="bg-white rounded-md border border-gray-200 p-3"><div class="flex items-start justify-between mb-2"><div class="flex items-center gap-2"><div class="w-8 h-8 bg-gradient-to-br from-gray-700 to-gray-900 rounded-full flex items-center justify-center text-white font-semibold text-sm flex-shrink-0 cursor-pointer hover:ring-2 hover:ring-gray-900 hover:ring-offset-1 transition-all">J</div><div><div class="flex items-center gap-1.5"><span class="text-sm font-semibold text-gray-900 cursor-pointer hover:underline">Jackson Jackson</span></div><span class="text-xs text-gray-500">Nov 30, 2025, 06:17 PM</span></div></div><button class="p-1 hover:bg-gray-100 rounded-full transition-colors" type="button" id="radix-_r_8s_" aria-haspopup="menu" aria-expanded="false" data-state="closed"><svg xmlns="http://www.w3.org/2000/svg" width="24" height="24" viewBox="0 0 24 24" fill="none" stroke="currentColor" stroke-width="2" stroke-linecap="round" stroke-linejoin="round" class="lucide lucide-ellipsis-vertical w-4 h-4 text-gray-600" aria-hidden="true"><circle cx="12" cy="12" r="1"></circle><circle cx="12" cy="5" r="1"></circle><circle cx="12" cy="19" r="1"></circle></svg></button></div><p class="text-sm text-gray-800 whitespace-pre-wrap mb-2">I agree with you!</p><div class="flex items-center gap-3"><div class="flex items-center gap-3"><button data-testid="reaction-button-like" class="
                            group inline-flex items-center gap-1.5 px-3 py-1.5 rounded-md font-medium text-sm transition-all duration-200
                            bg-white text-gray-700 hover:bg-gray-50 border border-gray-300
                            cursor-pointer hover:scale-105
                        " type="button" id="radix-_r_8u_" aria-haspopup="menu" aria-expanded="false" data-state="closed"><span class="text-base">👍</span><span class="font-medium text-sm">Like</span></button></div></div></div></div><div class="ml-10"><div class="bg-white rounded-md border border-gray-200 p-3"><div class="flex items-start justify-between mb-2"><div class="flex items-center gap-2"><div class="w-8 h-8 bg-gradient-to-br from-gray-700 to-gray-900 rounded-full flex items-center justify-center text-white font-semibold text-sm flex-shrink-0 cursor-pointer hover:ring-2 hover:ring-gray-900 hover:ring-offset-1 transition-all">S</div><div><div class="flex items-center gap-1.5"><span class="text-sm font-semibold text-gray-900 cursor-pointer hover:underline">Sebastian Thomas</span></div><span class="text-xs text-gray-500">Nov 30, 2025, 06:17 PM</span></div></div><button class="p-1 hover:bg-gray-100 rounded-full transition-colors" type="button" id="radix-_r_93_" aria-haspopup="menu" aria-expanded="false" data-state="closed"><svg xmlns="http://www.w3.org/2000/svg" width="24" height="24" viewBox="0 0 24 24" fill="none" stroke="currentColor" stroke-width="2" stroke-linecap="round" stroke-linejoin="round" class="lucide lucide-ellipsis-vertical w-4 h-4 text-gray-600" aria-hidden="true"><circle cx="12" cy="12" r="1"></circle><circle cx="12" cy="5" r="1"></circle><circle cx="12" cy="19" r="1"></circle></svg></button></div><p class="text-sm text-gray-800 whitespace-pre-wrap mb-2">Interesting perspective!</p><div class="flex items-center gap-3"><div class="flex items-center gap-3"><button data-testid="reaction-button-like" class="
                            group inline-flex items-center gap-1.5 px-3 py-1.5 rounded-md font-medium text-sm transition-all duration-200
                            bg-white text-gray-700 hover:bg-gray-50 border border-gray-300
                            cursor-pointer hover:scale-105
                        " type="button" id="radix-_r_95_" aria-haspopup="menu" aria-expanded="false" data-state="closed"><span class="text-base">👍</span><span class="font-medium text-sm">Like</span></button></div></div></div></div></div></div><div class=""><div class="bg-white rounded-md border border-gray-200 p-3"><div class="flex items-start justify-between mb-2"><div class="flex items-center gap-2"><div class="w-8 h-8 bg-gradient-to-br from-gray-700 to-gray-900 rounded-full flex items-center justify-center text-white font-semibold text-sm flex-shrink-0 cursor-pointer hover:ring-2 hover:ring-gray-900 hover:ring-offset-1 transition-all">M</div><div><div class="flex items-center gap-1.5"><span class="text-sm font-semibold text-gray-900 cursor-pointer hover:underline">Mason Jones</span></div><span class="text-xs text-gray-500">Nov 30, 2025, 06:17 PM</span></div></div><button class="p-1 hover:bg-gray-100 rounded-full transition-colors" type="button" id="radix-_r_9d_" aria-haspopup="menu" aria-expanded="false" data-state="closed"><svg xmlns="http://www.w3.org/2000/svg" width="24" height="24" viewBox="0 0 24 24" fill="none" stroke="currentColor" stroke-width="2" stroke-linecap="round" stroke-linejoin="round" class="lucide lucide-ellipsis-vertical w-4 h-4 text-gray-600" aria-hidden="true"><circle cx="12" cy="12" r="1"></circle><circle cx="12" cy="5" r="1"></circle><circle cx="12" cy="19" r="1"></circle></svg></button></div><p class="text-sm text-gray-800 whitespace-pre-wrap mb-2">Could you elaborate more on this?</p><div class="flex items-center gap-3"><div class="flex items-center gap-3"><button data-testid="reaction-button-like" class="
                            group inline-flex items-center gap-1.5 px-3 py-1.5 rounded-md font-medium text-sm transition-all duration-200
                            bg-white text-gray-700 hover:bg-gray-50 border border-gray-300
                            cursor-pointer hover:scale-105
                        " type="button" id="radix-_r_9f_" aria-haspopup="menu" aria-expanded="false" data-state="closed"><span class="text-base">👍</span><span class="font-medium text-sm">Like</span></button></div><button data-testid="reply-button" class="flex items-center gap-1 text-sm text-gray-600 hover:text-gray-900 transition-colors"><svg xmlns="http://www.w3.org/2000/svg" width="24" height="24" viewBox="0 0 24 24" fill="none" stroke="currentColor" stroke-width="2" stroke-linecap="round" stroke-linejoin="round" class="lucide lucide-reply w-4 h-4" aria-hidden="true"><path d="M20 18v-2a4 4 0 0 0-4-4H4"></path><path d="m9 17-5-5 5-5"></path></svg>Reply</button></div></div><div class="mt-2 space-y-2"><div class="ml-10"><div class="bg-white rounded-md border border-gray-200 p-3"><div class="flex items-start justify-between mb-2"><div class="flex items-center gap-2"><div class="w-8 h-8 bg-gradient-to-br from-gray-700 to-gray-900 rounded-full flex items-center justify-center text-white font-semibold text-sm flex-shrink-0 cursor-pointer hover:ring-2 hover:ring-gray-900 hover:ring-offset-1 transition-all">M</div><div><div class="flex items-center gap-1.5"><span class="text-sm font-semibold text-gray-900 cursor-pointer hover:underline">Mia Davis</span></div><span class="text-xs text-gray-500">Nov 30, 2025, 06:17 PM</span></div></div><button class="p-1 hover:bg-gray-100 rounded-full transition-colors" type="button" id="radix-_r_9h_" aria-haspopup="menu" aria-expanded="false" data-state="closed"><svg xmlns="http://www.w3.org/2000/svg" width="24" height="24" viewBox="0 0 24 24" fill="none" stroke="currentColor" stroke-width="2" stroke-linecap="round" stroke-linejoin="round" class="lucide lucide-ellipsis-vertical w-4 h-4 text-gray-600" aria-hidden="true"><circle cx="12" cy="12" r="1"></circle><circle cx="12" cy="5" r="1"></circle><circle cx="12" cy="19" r="1"></circle></svg></button></div><p class="text-sm text-gray-800 whitespace-pre-wrap mb-2">Interesting perspective!</p><div class="flex items-center gap-3"><div class="flex items-center gap-3"><button data-testid="reaction-button-like" class="
                            group inline-flex items-center gap-1.5 px-3 py-1.5 rounded-md font-medium text-sm transition-all duration-200
                            bg-white text-gray-700 hover:bg-gray-50 border border-gray-300
                            cursor-pointer hover:scale-105
                        " type="button" id="radix-_r_9j_" aria-haspopup="menu" aria-expanded="false" data-state="closed"><span class="text-base">👍</span><span class="font-medium text-sm">Like</span></button></div></div></div></div><div class="ml-10"><div class="bg-white rounded-md border border-gray-200 p-3"><div class="flex items-start justify-between mb-2"><div class="flex items-center gap-2"><div class="w-8 h-8 bg-gradient-to-br from-gray-700 to-gray-900 rounded-full flex items-center justify-center text-white font-semibold text-sm flex-shrink-0 cursor-pointer hover:ring-2 hover:ring-gray-900 hover:ring-offset-1 transition-all">L</div><div><div class="flex items-center gap-1.5"><span class="text-sm font-semibold text-gray-900 cursor-pointer hover:underline">Lily Martinez</span></div><span class="text-xs text-gray-500">Nov 30, 2025, 06:17 PM</span></div></div><button class="p-1 hover:bg-gray-100 rounded-full transition-colors" type="button" id="radix-_r_9o_" aria-haspopup="menu" aria-expanded="false" data-state="closed"><svg xmlns="http://www.w3.org/2000/svg" width="24" height="24" viewBox="0 0 24 24" fill="none" stroke="currentColor" stroke-width="2" stroke-linecap="round" stroke-linejoin="round" class="lucide lucide-ellipsis-vertical w-4 h-4 text-gray-600" aria-hidden="true"><circle cx="12" cy="12" r="1"></circle><circle cx="12" cy="5" r="1"></circle><circle cx="12" cy="19" r="1"></circle></svg></button></div><p class="text-sm text-gray-800 whitespace-pre-wrap mb-2">Thanks for your comment!</p><div class="flex items-center gap-3"><div class="flex items-center gap-3"><button data-testid="reaction-button-like" class="
                            group inline-flex items-center gap-1.5 px-3 py-1.5 rounded-md font-medium text-sm transition-all duration-200
                            bg-white text-gray-700 hover:bg-gray-50 border border-gray-300
                            cursor-pointer hover:scale-105
                        " type="button" id="radix-_r_9q_" aria-haspopup="menu" aria-expanded="false" data-state="closed"><span class="text-base">👍</span><span class="font-medium text-sm">Like</span></button></div></div></div></div></div></div><div class=""><div class="bg-white rounded-md border border-gray-200 p-3"><div class="flex items-start justify-between mb-2"><div class="flex items-center gap-2"><div class="w-8 h-8 bg-gradient-to-br from-gray-700 to-gray-900 rounded-full flex items-center justify-center text-white font-semibold text-sm flex-shrink-0 cursor-pointer hover:ring-2 hover:ring-gray-900 hover:ring-offset-1 transition-all">A</div><div><div class="flex items-center gap-1.5"><span class="text-sm font-semibold text-gray-900 cursor-pointer hover:underline">Amelia Anderson</span></div><span class="text-xs text-gray-500">Nov 30, 2025, 06:17 PM</span></div></div><button class="p-1 hover:bg-gray-100 rounded-full transition-colors" type="button" id="radix-_r_a2_" aria-haspopup="menu" aria-expanded="false" data-state="closed"><svg xmlns="http://www.w3.org/2000/svg" width="24" height="24" viewBox="0 0 24 24" fill="none" stroke="currentColor" stroke-width="2" stroke-linecap="round" stroke-linejoin="round" class="lucide lucide-ellipsis-vertical w-4 h-4 text-gray-600" aria-hidden="true"><circle cx="12" cy="12" r="1"></circle><circle cx="12" cy="5" r="1"></circle><circle cx="12" cy="19" r="1"></circle></svg></button></div><p class="text-sm text-gray-800 whitespace-pre-wrap mb-2">I totally agree with this.</p><div class="flex items-center gap-3"><div class="flex items-center gap-3"><button data-testid="reaction-button-like" class="
                            group inline-flex items-center gap-1.5 px-3 py-1.5 rounded-md font-medium text-sm transition-all duration-200
                            bg-white text-gray-700 hover:bg-gray-50 border border-gray-300
                            cursor-pointer hover:scale-105
                        " type="button" id="radix-_r_a4_" aria-haspopup="menu" aria-expanded="false" data-state="closed"><span class="text-base">👍</span><span class="font-medium text-sm">Like</span></button></div><button data-testid="reply-button" class="flex items-center gap-1 text-sm text-gray-600 hover:text-gray-900 transition-colors"><svg xmlns="http://www.w3.org/2000/svg" width="24" height="24" viewBox="0 0 24 24" fill="none" stroke="currentColor" stroke-width="2" stroke-linecap="round" stroke-linejoin="round" class="lucide lucide-reply w-4 h-4" aria-hidden="true"><path d="M20 18v-2a4 4 0 0 0-4-4H4"></path><path d="m9 17-5-5 5-5"></path></svg>Reply</button></div></div></div></div></div></div></div></article><article class="bg-white rounded-xl shadow-sm border border-gray-200 overflow-hidden hover:shadow-md transition-shadow"><div class="p-6"><h2 class="text-xl font-bold text-gray-900 mb-3">Thank You for 10K Users!</h2><p class="text-gray-600 leading-relaxed mb-6">We have reached an incredible milestone - 10,000 users! Thank you all for your support and engagement. We could not have done it without you. React with a ❤️ to celebrate with us!</p><div class="pt-4 border-t border-gray-100"><div class="flex items-center gap-3"><button data-testid="reaction-button-like" class="
                            group inline-flex items-center gap-1.5 px-3 py-1.5 rounded-md font-medium text-sm transition-all duration-200
                            bg-white text-gray-700 hover:bg-gray-50 border border-gray-300
                            cursor-pointer hover:scale-105
                        " type="button" id="radix-_r_a9_" aria-haspopup="menu" aria-expanded="false" data-state="closed"><span class="text-base">👍</span><span class="font-medium text-sm">Like</span></button><div class="flex items-center gap-1.5"><button data-testid="reaction-count-like" class="
                                    inline-flex items-center gap-1 px-2 py-1 rounded-full text-xs font-medium transition-all
                                    bg-gray-100 text-gray-700 hover:bg-gray-200
                                    cursor-pointer hover:scale-105
                                "><span class="text-base">👍</span><span>2</span></button><button data-testid="reaction-count-haha" class="
                                    inline-flex items-center gap-1 px-2 py-1 rounded-full text-xs font-medium transition-all
                                    bg-gray-100 text-gray-700 hover:bg-gray-200
                                    cursor-pointer hover:scale-105
                                "><span class="text-base">😂</span><span>1</span></button><button data-testid="reaction-count-wow" class="
                                    inline-flex items-center gap-1 px-2 py-1 rounded-full text-xs font-medium transition-all
                                    bg-gray-100 text-gray-700 hover:bg-gray-200
                                    cursor-pointer hover:scale-105
                                "><span class="text-base">😮</span><span>1</span></button><button data-testid="reaction-count-angry" class="
                                    inline-flex items-center gap-1 px-2 py-1 rounded-full text-xs font-medium transition-all
                                    bg-gray-100 text-gray-700 hover:bg-gray-200
                                    cursor-pointer hover:scale-105
                                "><span class="text-base">😠</span><span>1</span></button><button class="p-1.5 hover:bg-gray-100 rounded-full transition-colors" title="See who reacted"><svg xmlns="http://www.w3.org/2000/svg" width="24" height="24" viewBox="0 0 24 24" fill="none" stroke="currentColor" stroke-width="2" stroke-linecap="round" stroke-linejoin="round" class="lucide lucide-chevron-down w-4 h-4 text-gray-600" aria-hidden="true"><path d="m6 9 6 6 6-6"></path></svg></button></div></div></div><div class="pt-6 border-t border-gray-100 mt-6"><div class="space-y-3"><div class="flex items-center justify-between"><div class="flex items-center gap-2"><svg xmlns="http://www.w3.org/2000/svg" width="24" height="24" viewBox="0 0 24 24" fill="none" stroke="currentColor" stroke-width="2" stroke-linecap="round" stroke-linejoin="round" class="lucide lucide-message-square w-4 h-4 text-gray-600" aria-hidden="true"><path d="M22 17a2 2 0 0 1-2 2H6.828a2 2 0 0 0-1.414.586l-2.202 2.202A.71.71 0 0 1 2 21.286V5a2 2 0 0 1 2-2h16a2 2 0 0 1 2 2z"></path></svg><h3 class="text-base font-semibold text-gray-900">Comments (2)</h3></div><button data-testid="add-comment-button" class="px-3 py-1.5 text-sm font-medium text-white bg-gray-900 rounded-md hover:bg-gray-800 transition-colors">Add Comment</button></div><div class="space-y-2"><div class=""><div class="bg-white rounded-md border border-gray-200 p-3"><div class="flex items-start justify-between mb-2"><div class="flex items-center gap-2"><div class="w-8 h-8 bg-gradient-to-br from-gray-700 to-gray-900 rounded-full flex items-center justify-center text-white font-semibold text-sm flex-shrink-0 cursor-pointer hover:ring-2 hover:ring-gray-900 hover:ring-offset-1 transition-all">B</div><div><div class="flex items-center gap-1.5"><span class="text-sm font-semibold text-gray-900 cursor-pointer hover:underline">Benjamin Moore</span></div><span class="text-xs text-gray-500">Nov 30, 2025, 06:17 PM</span></div></div><button class="p-1 hover:bg-gray-100 rounded-full transition-colors" type="button" id="radix-_r_ab_" aria-haspopup="menu" aria-expanded="false" data-state="closed"><svg xmlns="http://www.w3.org/2000/svg" width="24" height="24" viewBox="0 0 24 24" fill="none" stroke="currentColor" stroke-width="2" stroke-linecap="round" stroke-linejoin="round" class="lucide lucide-ellipsis-vertical w-4 h-4 text-gray-600" aria-hidden="true"><circle cx="12" cy="12" r="1"></circle><circle cx="12" cy="5" r="1"></circle><circle cx="12" cy="19" r="1"></circle></svg></button></div><p class="text-sm text-gray-800 whitespace-pre-wrap mb-2">Brilliant insights here.</p><div class="flex items-center gap-3"><div class="flex items-center gap-3"><button data-testid="reaction-button-like" class="
                            group inline-flex items-center gap-1.5 px-3 py-1.5 rounded-md font-medium text-sm transition-all duration-200
                            bg-white text-gray-700 hover:bg-gray-50 border border-gray-300
                            cursor-pointer hover:scale-105
                        " type="button" id="radix-_r_ad_" aria-haspopup="menu" aria-expanded="false" data-state="closed"><span class="text-base">👍</span><span class="font-medium text-sm">Like</span></button></div><button data-testid="reply-button" class="flex items-center gap-1 text-sm text-gray-600 hover:text-gray-900 transition-colors"><svg xmlns="http://www.w3.org/2000/svg" width="24" height="24" viewBox="0 0 24 24" fill="none" stroke="currentColor" stroke-width="2" stroke-linecap="round" stroke-linejoin="round" class="lucide lucide-reply w-4 h-4" aria-hidden="true"><path d="M20 18v-2a4 4 0 0 0-4-4H4"></path><path d="m9 17-5-5 5-5"></path></svg>Reply</button></div></div></div><div class=""><div class="bg-white rounded-md border border-gray-200 p-3"><div class="flex items-start justify-between mb-2"><div class="flex items-center gap-2"><div class="w-8 h-8 bg-gradient-to-br from-gray-700 to-gray-900 rounded-full flex items-center justify-center text-white font-semibold text-sm flex-shrink-0 cursor-pointer hover:ring-2 hover:ring-gray-900 hover:ring-offset-1 transition-all">O</div><div><div class="flex items-center gap-1.5"><span class="text-sm font-semibold text-gray-900 cursor-pointer hover:underline">Olivia Lopez</span></div><span class="text-xs text-gray-500">Nov 30, 2025, 06:17 PM</span></div></div><button class="p-1 hover:bg-gray-100 rounded-full transition-colors" type="button" id="radix-_r_ai_" aria-haspopup="menu" aria-expanded="false" data-state="closed"><svg xmlns="http://www.w3.org/2000/svg" width="24" height="24" viewBox="0 0 24 24" fill="none" stroke="currentColor" stroke-width="2" stroke-linecap="round" stroke-linejoin="round" class="lucide lucide-ellipsis-vertical w-4 h-4 text-gray-600" aria-hidden="true"><circle cx="12" cy="12" r="1"></circle><circle cx="12" cy="5" r="1"></circle><circle cx="12" cy="19" r="1"></circle></svg></button></div><p class="text-sm text-gray-800 whitespace-pre-wrap mb-2">This is exactly what I needed to hear.</p><div class="flex items-center gap-3"><div class="flex items-center gap-3"><button data-testid="reaction-button-like" class="
                            group inline-flex items-center gap-1.5 px-3 py-1.5 rounded-md font-medium text-sm transition-all duration-200
                            bg-white text-gray-700 hover:bg-gray-50 border border-gray-300
                            cursor-pointer hover:scale-105
                        " type="button" id="radix-_r_ak_" aria-haspopup="menu" aria-expanded="false" data-state="closed"><span class="text-base">👍</span><span class="font-medium text-sm">Like</span></button></div><button data-testid="reply-button" class="flex items-center gap-1 text-sm text-gray-600 hover:text-gray-900 transition-colors"><svg xmlns="http://www.w3.org/2000/svg" width="24" height="24" viewBox="0 0 24 24" fill="none" stroke="currentColor" stroke-width="2" stroke-linecap="round" stroke-linejoin="round" class="lucide lucide-reply w-4 h-4" aria-hidden="true"><path d="M20 18v-2a4 4 0 0 0-4-4H4"></path><path d="m9 17-5-5 5-5"></path></svg>Reply</button></div></div></div></div></div></div></div></article><article class="bg-white rounded-xl shadow-sm border border-gray-200 overflow-hidden hover:shadow-md transition-shadow"><div class="p-6"><h2 class="text-xl font-bold text-gray-900 mb-3">Feature Request: What Do You Want Next?</h2><p class="text-gray-600 leading-relaxed mb-6">We are planning our next sprint and want to hear from you! What features would you like to see next? React and comment below with your ideas. Your input shapes our roadmap!</p><div class="pt-4 border-t border-gray-100"><div class="flex items-center gap-3"><button data-testid="reaction-button-like" class="
                            group inline-flex items-center gap-1.5 px-3 py-1.5 rounded-md font-medium text-sm transition-all duration-200
                            bg-white text-gray-700 hover:bg-gray-50 border border-gray-300
                            cursor-pointer hover:scale-105
                        " type="button" id="radix-_r_ap_" aria-haspopup="menu" aria-expanded="false" data-state="closed"><span class="text-base">👍</span><span class="font-medium text-sm">Like</span></button><div class="flex items-center gap-1.5"><button data-testid="reaction-count-love" class="
                                    inline-flex items-center gap-1 px-2 py-1 rounded-full text-xs font-medium transition-all
                                    bg-gray-100 text-gray-700 hover:bg-gray-200
                                    cursor-pointer hover:scale-105
                                "><span class="text-base">❤️</span><span>2</span></button><button data-testid="reaction-count-angry" class="
                                    inline-flex items-center gap-1 px-2 py-1 rounded-full text-xs font-medium transition-all
                                    bg-gray-100 text-gray-700 hover:bg-gray-200
                                    cursor-pointer hover:scale-105
                                "><span class="text-base">😠</span><span>2</span></button><button data-testid="reaction-count-like" class="
                                    inline-flex items-center gap-1 px-2 py-1 rounded-full text-xs font-medium transition-all
                                    bg-gray-100 text-gray-700 hover:bg-gray-200
                                    cursor-pointer hover:scale-105
                                "><span class="text-base">👍</span><span>1</span></button><button data-testid="reaction-count-haha" class="
                                    inline-flex items-center gap-1 px-2 py-1 rounded-full text-xs font-medium transition-all
                                    bg-gray-100 text-gray-700 hover:bg-gray-200
                                    cursor-pointer hover:scale-105
                                "><span class="text-base">😂</span><span>1</span></button><button data-testid="reaction-count-sad" class="
                                    inline-flex items-center gap-1 px-2 py-1 rounded-full text-xs font-medium transition-all
                                    bg-gray-100 text-gray-700 hover:bg-gray-200
                                    cursor-pointer hover:scale-105
                                "><span class="text-base">😢</span><span>1</span></button><button class="p-1.5 hover:bg-gray-100 rounded-full transition-colors" title="See who reacted"><svg xmlns="http://www.w3.org/2000/svg" width="24" height="24" viewBox="0 0 24 24" fill="none" stroke="currentColor" stroke-width="2" stroke-linecap="round" stroke-linejoin="round" class="lucide lucide-chevron-down w-4 h-4 text-gray-600" aria-hidden="true"><path d="m6 9 6 6 6-6"></path></svg></button></div></div></div><div class="pt-6 border-t border-gray-100 mt-6"><div class="space-y-3"><div class="flex items-center justify-between"><div class="flex items-center gap-2"><svg xmlns="http://www.w3.org/2000/svg" width="24" height="24" viewBox="0 0 24 24" fill="none" stroke="currentColor" stroke-width="2" stroke-linecap="round" stroke-linejoin="round" class="lucide lucide-message-square w-4 h-4 text-gray-600" aria-hidden="true"><path d="M22 17a2 2 0 0 1-2 2H6.828a2 2 0 0 0-1.414.586l-2.202 2.202A.71.71 0 0 1 2 21.286V5a2 2 0 0 1 2-2h16a2 2 0 0 1 2 2z"></path></svg><h3 class="text-base font-semibold text-gray-900">Comments (5)</h3></div><button data-testid="add-comment-button" class="px-3 py-1.5 text-sm font-medium text-white bg-gray-900 rounded-md hover:bg-gray-800 transition-colors">Add Comment</button></div><div class="space-y-2"><div class=""><div class="bg-white rounded-md border border-gray-200 p-3"><div class="flex items-start justify-between mb-2"><div class="flex items-center gap-2"><div class="w-8 h-8 bg-gradient-to-br from-gray-700 to-gray-900 rounded-full flex items-center justify-center text-white font-semibold text-sm flex-shrink-0 cursor-pointer hover:ring-2 hover:ring-gray-900 hover:ring-offset-1 transition-all">B</div><div><div class="flex items-center gap-1.5"><span class="text-sm font-semibold text-gray-900 cursor-pointer hover:underline">Bob Wilson</span></div><span class="text-xs text-gray-500">Nov 30, 2025, 06:17 PM</span></div></div><button class="p-1 hover:bg-gray-100 rounded-full transition-colors" type="button" id="radix-_r_ar_" aria-haspopup="menu" aria-expanded="false" data-state="closed"><svg xmlns="http://www.w3.org/2000/svg" width="24" height="24" viewBox="0 0 24 24" fill="none" stroke="currentColor" stroke-width="2" stroke-linecap="round" stroke-linejoin="round" class="lucide lucide-ellipsis-vertical w-4 h-4 text-gray-600" aria-hidden="true"><circle cx="12" cy="12" r="1"></circle><circle cx="12" cy="5" r="1"></circle><circle cx="12" cy="19" r="1"></circle></svg></button></div><p class="text-sm text-gray-800 whitespace-pre-wrap mb-2">Fantastic post! Keep it up!</p><div class="flex items-center gap-3"><div class="flex items-center gap-3"><button data-testid="reaction-button-like" class="
                            group inline-flex items-center gap-1.5 px-3 py-1.5 rounded-md font-medium text-sm transition-all duration-200
                            bg-white text-gray-700 hover:bg-gray-50 border border-gray-300
                            cursor-pointer hover:scale-105
                        " type="button" id="radix-_r_at_" aria-haspopup="menu" aria-expanded="false" data-state="closed"><span class="text-base">👍</span><span class="font-medium text-sm">Like</span></button></div><button data-testid="reply-button" class="flex items-center gap-1 text-sm text-gray-600 hover:text-gray-900 transition-colors"><svg xmlns="http://www.w3.org/2000/svg" width="24" height="24" viewBox="0 0 24 24" fill="none" stroke="currentColor" stroke-width="2" stroke-linecap="round" stroke-linejoin="round" class="lucide lucide-reply w-4 h-4" aria-hidden="true"><path d="M20 18v-2a4 4 0 0 0-4-4H4"></path><path d="m9 17-5-5 5-5"></path></svg>Reply</button></div></div></div><div class=""><div class="bg-white rounded-md border border-gray-200 p-3"><div class="flex items-start justify-between mb-2"><div class="flex items-center gap-2"><div class="w-8 h-8 bg-gradient-to-br from-gray-700 to-gray-900 rounded-full flex items-center justify-center text-white font-semibold text-sm flex-shrink-0 cursor-pointer hover:ring-2 hover:ring-gray-900 hover:ring-offset-1 transition-all">L</div><div><div class="flex items-center gap-1.5"><span class="text-sm font-semibold text-gray-900 cursor-pointer hover:underline">Luke Garcia</span></div><span class="text-xs text-gray-500">Nov 30, 2025, 06:17 PM</span></div></div><button class="p-1 hover:bg-gray-100 rounded-full transition-colors" type="button" id="radix-_r_b2_" aria-haspopup="menu" aria-expanded="false" data-state="closed"><svg xmlns="http://www.w3.org/2000/svg" width="24" height="24" viewBox="0 0 24 24" fill="none" stroke="currentColor" stroke-width="2" stroke-linecap="round" stroke-linejoin="round" class="lucide lucide-ellipsis-vertical w-4 h-4 text-gray-600" aria-hidden="true"><circle cx="12" cy="12" r="1"></circle><circle cx="12" cy="5" r="1"></circle><circle cx="12" cy="19" r="1"></circle></svg></button></div><p class="text-sm text-gray-800 whitespace-pre-wrap mb-2">Could you elaborate more on this?</p><div class="flex items-center gap-3"><div class="flex items-center gap-3"><button data-testid="reaction-button-like" class="
                            group inline-flex items-center gap-1.5 px-3 py-1.5 rounded-md font-medium text-sm transition-all duration-200
                            bg-white text-gray-700 hover:bg-gray-50 border border-gray-300
                            cursor-pointer hover:scale-105
                        " type="button" id="radix-_r_b4_" aria-haspopup="menu" aria-expanded="false" data-state="closed"><span class="text-base">👍</span><span class="font-medium text-sm">Like</span></button></div><button data-testid="reply-button" class="flex items-center gap-1 text-sm text-gray-600 hover:text-gray-900 transition-colors"><svg xmlns="http://www.w3.org/2000/svg" width="24" height="24" viewBox="0 0 24 24" fill="none" stroke="currentColor" stroke-width="2" stroke-linecap="round" stroke-linejoin="round" class="lucide lucide-reply w-4 h-4" aria-hidden="true"><path d="M20 18v-2a4 4 0 0 0-4-4H4"></path><path d="m9 17-5-5 5-5"></path></svg>Reply</button></div></div><div class="mt-2 space-y-2"><div class="ml-10"><div class="bg-white rounded-md border border-gray-200 p-3"><div class="flex items-start justify-between mb-2"><div class="flex items-center gap-2"><div class="w-8 h-8 bg-gradient-to-br from-gray-700 to-gray-900 rounded-full flex items-center justify-center text-white font-semibold text-sm flex-shrink-0 cursor-pointer hover:ring-2 hover:ring-gray-900 hover:ring-offset-1 transition-all">J</div><div><div class="flex items-center gap-1.5"><span class="text-sm font-semibold text-gray-900 cursor-pointer hover:underline">Jackson Wilson</span></div><span class="text-xs text-gray-500">Nov 30, 2025, 06:17 PM</span></div></div><button class="p-1 hover:bg-gray-100 rounded-full transition-colors" type="button" id="radix-_r_b6_" aria-haspopup="menu" aria-expanded="false" data-state="closed"><svg xmlns="http://www.w3.org/2000/svg" width="24" height="24" viewBox="0 0 24 24" fill="none" stroke="currentColor" stroke-width="2" stroke-linecap="round" stroke-linejoin="round" class="lucide lucide-ellipsis-vertical w-4 h-4 text-gray-600" aria-hidden="true"><circle cx="12" cy="12" r="1"></circle><circle cx="12" cy="5" r="1"></circle><circle cx="12" cy="19" r="1"></circle></svg></button></div><p class="text-sm text-gray-800 whitespace-pre-wrap mb-2">Great addition to the discussion!</p><div class="flex items-center gap-3"><div class="flex items-center gap-3"><button data-testid="reaction-button-like" class="
                            group inline-flex items-center gap-1.5 px-3 py-1.5 rounded-md font-medium text-sm transition-all duration-200
                            bg-white text-gray-700 hover:bg-gray-50 border border-gray-300
                            cursor-pointer hover:scale-105
                        " type="button" id="radix-_r_b8_" aria-haspopup="menu" aria-expanded="false" data-state="closed"><span class="text-base">👍</span><span class="font-medium text-sm">Like</span></button></div></div></div></div></div></div><div class=""><div class="bg-white rounded-md border border-gray-200 p-3"><div class="flex items-start justify-between mb-2"><div class="flex items-center gap-2"><div class="w-8 h-8 bg-gradient-to-br from-gray-700 to-gray-900 rounded-full flex items-center justify-center text-white font-semibold text-sm flex-shrink-0 cursor-pointer hover:ring-2 hover:ring-gray-900 hover:ring-offset-1 transition-all">L</div><div><div class="flex items-center gap-1.5"><span class="text-sm font-semibold text-gray-900 cursor-pointer hover:underline">Lily Martinez</span></div><span class="text-xs text-gray-500">Nov 30, 2025, 06:17 PM</span></div></div><button class="p-1 hover:bg-gray-100 rounded-full transition-colors" type="button" id="radix-_r_bg_" aria-haspopup="menu" aria-expanded="false" data-state="closed"><svg xmlns="http://www.w3.org/2000/svg" width="24" height="24" viewBox="0 0 24 24" fill="none" stroke="currentColor" stroke-width="2" stroke-linecap="round" stroke-linejoin="round" class="lucide lucide-ellipsis-vertical w-4 h-4 text-gray-600" aria-hidden="true"><circle cx="12" cy="12" r="1"></circle><circle cx="12" cy="5" r="1"></circle><circle cx="12" cy="19" r="1"></circle></svg></button></div><p class="text-sm text-gray-800 whitespace-pre-wrap mb-2">This is really helpful, thank you!</p><div class="flex items-center gap-3"><div class="flex items-center gap-3"><button data-testid="reaction-button-like" class="
                            group inline-flex items-center gap-1.5 px-3 py-1.5 rounded-md font-medium text-sm transition-all duration-200
                            bg-white text-gray-700 hover:bg-gray-50 border border-gray-300
                            cursor-pointer hover:scale-105
                        " type="button" id="radix-_r_bi_" aria-haspopup="menu" aria-expanded="false" data-state="closed"><span class="text-base">👍</span><span class="font-medium text-sm">Like</span></button></div><button data-testid="reply-button" class="flex items-center gap-1 text-sm text-gray-600 hover:text-gray-900 transition-colors"><svg xmlns="http://www.w3.org/2000/svg" width="24" height="24" viewBox="0 0 24 24" fill="none" stroke="currentColor" stroke-width="2" stroke-linecap="round" stroke-linejoin="round" class="lucide lucide-reply w-4 h-4" aria-hidden="true"><path d="M20 18v-2a4 4 0 0 0-4-4H4"></path><path d="m9 17-5-5 5-5"></path></svg>Reply</button></div></div></div><div class=""><div class="bg-white rounded-md border border-gray-200 p-3"><div class="flex items-start justify-between mb-2"><div class="flex items-center gap-2"><div class="w-8 h-8 bg-gradient-to-br from-gray-700 to-gray-900 rounded-full flex items-center justify-center text-white font-semibold text-sm flex-shrink-0 cursor-pointer hover:ring-2 hover:ring-gray-900 hover:ring-offset-1 transition-all">J</div><div><div class="flex items-center gap-1.5"><span class="text-sm font-semibold text-gray-900 cursor-pointer hover:underline">Jackson Jackson</span></div><span class="text-xs text-gray-500">Nov 30, 2025, 06:17 PM</span></div></div><button class="p-1 hover:bg-gray-100 rounded-full transition-colors" type="button" id="radix-_r_bn_" aria-haspopup="menu" aria-expanded="false" data-state="closed"><svg xmlns="http://www.w3.org/2000/svg" width="24" height="24" viewBox="0 0 24 24" fill="none" stroke="currentColor" stroke-width="2" stroke-linecap="round" stroke-linejoin="round" class="lucide lucide-ellipsis-vertical w-4 h-4 text-gray-600" aria-hidden="true"><circle cx="12" cy="12" r="1"></circle><circle cx="12" cy="5" r="1"></circle><circle cx="12" cy="19" r="1"></circle></svg></button></div><p class="text-sm text-gray-800 whitespace-pre-wrap mb-2">Very interesting perspective.</p><div class="flex items-center gap-3"><div class="flex items-center gap-3"><button data-testid="reaction-button-like" class="
                            group inline-flex items-center gap-1.5 px-3 py-1.5 rounded-md font-medium text-sm transition-all duration-200
                            bg-white text-gray-700 hover:bg-gray-50 border border-gray-300
                            cursor-pointer hover:scale-105
                        " type="button" id="radix-_r_bp_" aria-haspopup="menu" aria-expanded="false" data-state="closed"><span class="text-base">👍</span><span class="font-medium text-sm">Like</span></button></div><button data-testid="reply-button" class="flex items-center gap-1 text-sm text-gray-600 hover:text-gray-900 transition-colors"><svg xmlns="http://www.w3.org/2000/svg" width="24" height="24" viewBox="0 0 24 24" fill="none" stroke="currentColor" stroke-width="2" stroke-linecap="round" stroke-linejoin="round" class="lucide lucide-reply w-4 h-4" aria-hidden="true"><path d="M20 18v-2a4 4 0 0 0-4-4H4"></path><path d="m9 17-5-5 5-5"></path></svg>Reply</button></div></div></div><div class=""><div class="bg-white rounded-md border border-gray-200 p-3"><div class="flex items-start justify-between mb-2"><div class="flex items-center gap-2"><div class="w-8 h-8 bg-gradient-to-br from-gray-700 to-gray-900 rounded-full flex items-center justify-center text-white font-semibold text-sm flex-shrink-0 cursor-pointer hover:ring-2 hover:ring-gray-900 hover:ring-offset-1 transition-all">V</div><div><div class="flex items-center gap-1.5"><span class="text-sm font-semibold text-gray-900 cursor-pointer hover:underline">Victoria Thomas</span></div><span class="text-xs text-gray-500">Nov 30, 2025, 06:17 PM</span></div></div><button class="p-1 hover:bg-gray-100 rounded-full transition-colors" type="button" id="radix-_r_bu_" aria-haspopup="menu" aria-expanded="false" data-state="closed"><svg xmlns="http://www.w3.org/2000/svg" width="24" height="24" viewBox="0 0 24 24" fill="none" stroke="currentColor" stroke-width="2" stroke-linecap="round" stroke-linejoin="round" class="lucide lucide-ellipsis-vertical w-4 h-4 text-gray-600" aria-hidden="true"><circle cx="12" cy="12" r="1"></circle><circle cx="12" cy="5" r="1"></circle><circle cx="12" cy="19" r="1"></circle></svg></button></div><p class="text-sm text-gray-800 whitespace-pre-wrap mb-2">I totally agree with this.</p><div class="flex items-center gap-3"><div class="flex items-center gap-3"><button data-testid="reaction-button-like" class="
                            group inline-flex items-center gap-1.5 px-3 py-1.5 rounded-md font-medium text-sm transition-all duration-200
                            bg-white text-gray-700 hover:bg-gray-50 border border-gray-300
                            cursor-pointer hover:scale-105
                        " type="button" id="radix-_r_c0_" aria-haspopup="menu" aria-expanded="false" data-state="closed"><span class="text-base">👍</span><span class="font-medium text-sm">Like</span></button></div><button data-testid="reply-button" class="flex items-center gap-1 text-sm text-gray-600 hover:text-gray-900 transition-colors"><svg xmlns="http://www.w3.org/2000/svg" width="24" height="24" viewBox="0 0 24 24" fill="none" stroke="currentColor" stroke-width="2" stroke-linecap="round" stroke-linejoin="round" class="lucide lucide-reply w-4 h-4" aria-hidden="true"><path d="M20 18v-2a4 4 0 0 0-4-4H4"></path><path d="m9 17-5-5 5-5"></path></svg>Reply</button></div></div></div></div></div></div></div></article><article class="bg-white rounded-xl shadow-sm border border-gray-200 overflow-hidden hover:shadow-md transition-shadow"><div class="p-6"><h2 class="text-xl font-bold text-gray-900 mb-3">Weekend Vibes and Relaxation</h2><p class="text-gray-600 leading-relaxed mb-6">It is the weekend! Time to relax and unwind. What are your plans? Share your weekend vibes by reacting to this post. We hope you all have a wonderful time!</p><div class="pt-4 border-t border-gray-100"><div class="flex items-center gap-3"><button data-testid="reaction-button-like" class="
                            group inline-flex items-center gap-1.5 px-3 py-1.5 rounded-md font-medium text-sm transition-all duration-200
                            bg-white text-gray-700 hover:bg-gray-50 border border-gray-300
                            cursor-pointer hover:scale-105
                        " type="button" id="radix-_r_c5_" aria-haspopup="menu" aria-expanded="false" data-state="closed"><span class="text-base">👍</span><span class="font-medium text-sm">Like</span></button><div class="flex items-center gap-1.5"><button data-testid="reaction-count-sad" class="
                                    inline-flex items-center gap-1 px-2 py-1 rounded-full text-xs font-medium transition-all
                                    bg-gray-100 text-gray-700 hover:bg-gray-200
                                    cursor-pointer hover:scale-105
                                "><span class="text-base">😢</span><span>3</span></button><button data-testid="reaction-count-like" class="
                                    inline-flex items-center gap-1 px-2 py-1 rounded-full text-xs font-medium transition-all
                                    bg-gray-100 text-gray-700 hover:bg-gray-200
                                    cursor-pointer hover:scale-105
                                "><span class="text-base">👍</span><span>2</span></button><button data-testid="reaction-count-haha" class="
                                    inline-flex items-center gap-1 px-2 py-1 rounded-full text-xs font-medium transition-all
                                    bg-gray-100 text-gray-700 hover:bg-gray-200
                                    cursor-pointer hover:scale-105
                                "><span class="text-base">😂</span><span>2</span></button><button data-testid="reaction-count-wow" class="
                                    inline-flex items-center gap-1 px-2 py-1 rounded-full text-xs font-medium transition-all
                                    bg-gray-100 text-gray-700 hover:bg-gray-200
                                    cursor-pointer hover:scale-105
                                "><span class="text-base">😮</span><span>1</span></button><button class="p-1.5 hover:bg-gray-100 rounded-full transition-colors" title="See who reacted"><svg xmlns="http://www.w3.org/2000/svg" width="24" height="24" viewBox="0 0 24 24" fill="none" stroke="currentColor" stroke-width="2" stroke-linecap="round" stroke-linejoin="round" class="lucide lucide-chevron-down w-4 h-4 text-gray-600" aria-hidden="true"><path d="m6 9 6 6 6-6"></path></svg></button></div></div></div><div class="pt-6 border-t border-gray-100 mt-6"><div class="space-y-3"><div class="flex items-center justify-between"><div class="flex items-center gap-2"><svg xmlns="http://www.w3.org/2000/svg" width="24" height="24" viewBox="0 0 24 24" fill="none" stroke="currentColor" stroke-width="2" stroke-linecap="round" stroke-linejoin="round" class="lucide lucide-message-square w-4 h-4 text-gray-600" aria-hidden="true"><path d="M22 17a2 2 0 0 1-2 2H6.828a2 2 0 0 0-1.414.586l-2.202 2.202A.71.71 0 0 1 2 21.286V5a2 2 0 0 1 2-2h16a2 2 0 0 1 2 2z"></path></svg><h3 class="text-base font-semibold text-gray-900">Comments (5)</h3></div><button data-testid="add-comment-button" class="px-3 py-1.5 text-sm font-medium text-white bg-gray-900 rounded-md hover:bg-gray-800 transition-colors">Add Comment</button></div><div class="space-y-2"><div class=""><div class="bg-white rounded-md border border-gray-200 p-3"><div class="flex items-start justify-between mb-2"><div class="flex items-center gap-2"><div class="w-8 h-8 bg-gradient-to-br from-gray-700 to-gray-900 rounded-full flex items-center justify-center text-white font-semibold text-sm flex-shrink-0 cursor-pointer hover:ring-2 hover:ring-gray-900 hover:ring-offset-1 transition-all">J</div><div><div class="flex items-center gap-1.5"><span class="text-sm font-semibold text-gray-900 cursor-pointer hover:underline">John Doe</span></div><span class="text-xs text-gray-500">Nov 30, 2025, 06:17 PM</span></div></div><button class="p-1 hover:bg-gray-100 rounded-full transition-colors" type="button" id="radix-_r_c7_" aria-haspopup="menu" aria-expanded="false" data-state="closed"><svg xmlns="http://www.w3.org/2000/svg" width="24" height="24" viewBox="0 0 24 24" fill="none" stroke="currentColor" stroke-width="2" stroke-linecap="round" stroke-linejoin="round" class="lucide lucide-ellipsis-vertical w-4 h-4 text-gray-600" aria-hidden="true"><circle cx="12" cy="12" r="1"></circle><circle cx="12" cy="5" r="1"></circle><circle cx="12" cy="19" r="1"></circle></svg></button></div><p class="text-sm text-gray-800 whitespace-pre-wrap mb-2">This deserves more attention.</p><div class="flex items-center gap-3"><div class="flex items-center gap-3"><button data-testid="reaction-button-like" class="
                            group inline-flex items-center gap-1.5 px-3 py-1.5 rounded-md font-medium text-sm transition-all duration-200
                            bg-white text-gray-700 hover:bg-gray-50 border border-gray-300
                            cursor-pointer hover:scale-105
                        " type="button" id="radix-_r_c9_" aria-haspopup="menu" aria-expanded="false" data-state="closed"><span class="text-base">👍</span><span class="font-medium text-sm">Like</span></button></div><button data-testid="reply-button" class="flex items-center gap-1 text-sm text-gray-600 hover:text-gray-900 transition-colors"><svg xmlns="http://www.w3.org/2000/svg" width="24" height="24" viewBox="0 0 24 24" fill="none" stroke="currentColor" stroke-width="2" stroke-linecap="round" stroke-linejoin="round" class="lucide lucide-reply w-4 h-4" aria-hidden="true"><path d="M20 18v-2a4 4 0 0 0-4-4H4"></path><path d="m9 17-5-5 5-5"></path></svg>Reply</button></div></div><div class="mt-2 space-y-2"><div class="ml-10"><div class="bg-white rounded-md border border-gray-200 p-3"><div class="flex items-start justify-between mb-2"><div class="flex items-center gap-2"><div class="w-8 h-8 bg-gradient-to-br from-gray-700 to-gray-900 rounded-full flex items-center justify-center text-white font-semibold text-sm flex-shrink-0 cursor-pointer hover:ring-2 hover:ring-gray-900 hover:ring-offset-1 transition-all">L</div><div><div class="flex items-center gap-1.5"><span class="text-sm font-semibold text-gray-900 cursor-pointer hover:underline">Luke Garcia</span></div><span class="text-xs text-gray-500">Nov 30, 2025, 06:17 PM</span></div></div><button class="p-1 hover:bg-gray-100 rounded-full transition-colors" type="button" id="radix-_r_cb_" aria-haspopup="menu" aria-expanded="false" data-state="closed"><svg xmlns="http://www.w3.org/2000/svg" width="24" height="24" viewBox="0 0 24 24" fill="none" stroke="currentColor" stroke-width="2" stroke-linecap="round" stroke-linejoin="round" class="lucide lucide-ellipsis-vertical w-4 h-4 text-gray-600" aria-hidden="true"><circle cx="12" cy="12" r="1"></circle><circle cx="12" cy="5" r="1"></circle><circle cx="12" cy="19" r="1"></circle></svg></button></div><p class="text-sm text-gray-800 whitespace-pre-wrap mb-2">I agree with you!</p><div class="flex items-center gap-3"><div class="flex items-center gap-3"><button data-testid="reaction-button-like" class="
                            group inline-flex items-center gap-1.5 px-3 py-1.5 rounded-md font-medium text-sm transition-all duration-200
                            bg-white text-gray-700 hover:bg-gray-50 border border-gray-300
                            cursor-pointer hover:scale-105
                        " type="button" id="radix-_r_cd_" aria-haspopup="menu" aria-expanded="false" data-state="closed"><span class="text-base">👍</span><span class="font-medium text-sm">Like</span></button></div></div></div></div></div></div><div class=""><div class="bg-white rounded-md border border-gray-200 p-3"><div class="flex items-start justify-between mb-2"><div class="flex items-center gap-2"><div class="w-8 h-8 bg-gradient-to-br from-gray-700 to-gray-900 rounded-full flex items-center justify-center text-white font-semibold text-sm flex-shrink-0 cursor-pointer hover:ring-2 hover:ring-gray-900 hover:ring-offset-1 transition-all">A</div><div><div class="flex items-center gap-1.5"><span class="text-sm font-semibold text-gray-900 cursor-pointer hover:underline">Addison Martinez</span></div><span class="text-xs text-gray-500">Nov 30, 2025, 06:17 PM</span></div></div><button class="p-1 hover:bg-gray-100 rounded-full transition-colors" type="button" id="radix-_r_cl_" aria-haspopup="menu" aria-expanded="false" data-state="closed"><svg xmlns="http://www.w3.org/2000/svg" width="24" height="24" viewBox="0 0 24 24" fill="none" stroke="currentColor" stroke-width="2" stroke-linecap="round" stroke-linejoin="round" class="lucide lucide-ellipsis-vertical w-4 h-4 text-gray-600" aria-hidden="true"><circle cx="12" cy="12" r="1"></circle><circle cx="12" cy="5" r="1"></circle><circle cx="12" cy="19" r="1"></circle></svg></button></div><p class="text-sm text-gray-800 whitespace-pre-wrap mb-2">Brilliant insights here.</p><div class="flex items-center gap-3"><div class="flex items-center gap-3"><button data-testid="reaction-button-like" class="
                            group inline-flex items-center gap-1.5 px-3 py-1.5 rounded-md font-medium text-sm transition-all duration-200
                            bg-white text-gray-700 hover:bg-gray-50 border border-gray-300
                            cursor-pointer hover:scale-105
                        " type="button" id="radix-_r_cn_" aria-haspopup="menu" aria-expanded="false" data-state="closed"><span class="text-base">👍</span><span class="font-medium text-sm">Like</span></button></div><button data-testid="reply-button" class="flex items-center gap-1 text-sm text-gray-600 hover:text-gray-900 transition-colors"><svg xmlns="http://www.w3.org/2000/svg" width="24" height="24" viewBox="0 0 24 24" fill="none" stroke="currentColor" stroke-width="2" stroke-linecap="round" stroke-linejoin="round" class="lucide lucide-reply w-4 h-4" aria-hidden="true"><path d="M20 18v-2a4 4 0 0 0-4-4H4"></path><path d="m9 17-5-5 5-5"></path></svg>Reply</button></div></div><div class="mt-2 space-y-2"><div class="ml-10"><div class="bg-white rounded-md border border-gray-200 p-3"><div class="flex items-start justify-between mb-2"><div class="flex items-center gap-2"><div class="w-8 h-8 bg-gradient-to-br from-gray-700 to-gray-900 rounded-full flex items-center justify-center text-white font-semibold text-sm flex-shrink-0 cursor-pointer hover:ring-2 hover:ring-gray-900 hover:ring-offset-1 transition-all">M</div><div><div class="flex items-center gap-1.5"><span class="text-sm font-semibold text-gray-900 cursor-pointer hover:underline">Mia Davis</span></div><span class="text-xs text-gray-500">Nov 30, 2025, 06:17 PM</span></div></div><button class="p-1 hover:bg-gray-100 rounded-full transition-colors" type="button" id="radix-_r_cp_" aria-haspopup="menu" aria-expanded="false" data-state="closed"><svg xmlns="http://www.w3.org/2000/svg" width="24" height="24" viewBox="0 0 24 24" fill="none" stroke="currentColor" stroke-width="2" stroke-linecap="round" stroke-linejoin="round" class="lucide lucide-ellipsis-vertical w-4 h-4 text-gray-600" aria-hidden="true"><circle cx="12" cy="12" r="1"></circle><circle cx="12" cy="5" r="1"></circle><circle cx="12" cy="19" r="1"></circle></svg></button></div><p class="text-sm text-gray-800 whitespace-pre-wrap mb-2">Interesting perspective!</p><div class="flex items-center gap-3"><div class="flex items-center gap-3"><button data-testid="reaction-button-like" class="
                            group inline-flex items-center gap-1.5 px-3 py-1.5 rounded-md font-medium text-sm transition-all duration-200
                            bg-white text-gray-700 hover:bg-gray-50 border border-gray-300
                            cursor-pointer hover:scale-105
                        " type="button" id="radix-_r_cr_" aria-haspopup="menu" aria-expanded="false" data-state="closed"><span class="text-base">👍</span><span class="font-medium text-sm">Like</span></button></div></div></div></div><div class="ml-10"><div class="bg-white rounded-md border border-gray-200 p-3"><div class="flex items-start justify-between mb-2"><div class="flex items-center gap-2"><div class="w-8 h-8 bg-gradient-to-br from-gray-700 to-gray-900 rounded-full flex items-center justify-center text-white font-semibold text-sm flex-shrink-0 cursor-pointer hover:ring-2 hover:ring-gray-900 hover:ring-offset-1 transition-all">S</div><div><div class="flex items-center gap-1.5"><span class="text-sm font-semibold text-gray-900 cursor-pointer hover:underline">Sofia Anderson</span></div><span class="text-xs text-gray-500">Nov 30, 2025, 06:17 PM</span></div></div><button class="p-1 hover:bg-gray-100 rounded-full transition-colors" type="button" id="radix-_r_d0_" aria-haspopup="menu" aria-expanded="false" data-state="closed"><svg xmlns="http://www.w3.org/2000/svg" width="24" height="24" viewBox="0 0 24 24" fill="none" stroke="currentColor" stroke-width="2" stroke-linecap="round" stroke-linejoin="round" class="lucide lucide-ellipsis-vertical w-4 h-4 text-gray-600" aria-hidden="true"><circle cx="12" cy="12" r="1"></circle><circle cx="12" cy="5" r="1"></circle><circle cx="12" cy="19" r="1"></circle></svg></button></div><p class="text-sm text-gray-800 whitespace-pre-wrap mb-2">Thanks for your comment!</p><div class="flex items-center gap-3"><div class="flex items-center gap-3"><button data-testid="reaction-button-like" class="
                            group inline-flex items-center gap-1.5 px-3 py-1.5 rounded-md font-medium text-sm transition-all duration-200
                            bg-white text-gray-700 hover:bg-gray-50 border border-gray-300
                            cursor-pointer hover:scale-105
                        " type="button" id="radix-_r_d2_" aria-haspopup="menu" aria-expanded="false" data-state="closed"><span class="text-base">👍</span><span class="font-medium text-sm">Like</span></button></div></div></div></div></div></div><div class=""><div class="bg-white rounded-md border border-gray-200 p-3"><div class="flex items-start justify-between mb-2"><div class="flex items-center gap-2"><div class="w-8 h-8 bg-gradient-to-br from-gray-700 to-gray-900 rounded-full flex items-center justify-center text-white font-semibold text-sm flex-shrink-0 cursor-pointer hover:ring-2 hover:ring-gray-900 hover:ring-offset-1 transition-all">L</div><div><div class="flex items-center gap-1.5"><span class="text-sm font-semibold text-gray-900 cursor-pointer hover:underline">Lily Martinez</span></div><span class="text-xs text-gray-500">Nov 30, 2025, 06:17 PM</span></div></div><button class="p-1 hover:bg-gray-100 rounded-full transition-colors" type="button" id="radix-_r_da_" aria-haspopup="menu" aria-expanded="false" data-state="closed"><svg xmlns="http://www.w3.org/2000/svg" width="24" height="24" viewBox="0 0 24 24" fill="none" stroke="currentColor" stroke-width="2" stroke-linecap="round" stroke-linejoin="round" class="lucide lucide-ellipsis-vertical w-4 h-4 text-gray-600" aria-hidden="true"><circle cx="12" cy="12" r="1"></circle><circle cx="12" cy="5" r="1"></circle><circle cx="12" cy="19" r="1"></circle></svg></button></div><p class="text-sm text-gray-800 whitespace-pre-wrap mb-2">Could you elaborate more on this?</p><div class="flex items-center gap-3"><div class="flex items-center gap-3"><button data-testid="reaction-button-like" class="
                            group inline-flex items-center gap-1.5 px-3 py-1.5 rounded-md font-medium text-sm transition-all duration-200
                            bg-white text-gray-700 hover:bg-gray-50 border border-gray-300
                            cursor-pointer hover:scale-105
                        " type="button" id="radix-_r_dc_" aria-haspopup="menu" aria-expanded="false" data-state="closed"><span class="text-base">👍</span><span class="font-medium text-sm">Like</span></button></div><button data-testid="reply-button" class="flex items-center gap-1 text-sm text-gray-600 hover:text-gray-900 transition-colors"><svg xmlns="http://www.w3.org/2000/svg" width="24" height="24" viewBox="0 0 24 24" fill="none" stroke="currentColor" stroke-width="2" stroke-linecap="round" stroke-linejoin="round" class="lucide lucide-reply w-4 h-4" aria-hidden="true"><path d="M20 18v-2a4 4 0 0 0-4-4H4"></path><path d="m9 17-5-5 5-5"></path></svg>Reply</button></div></div><div class="mt-2 space-y-2"><div class="ml-10"><div class="bg-white rounded-md border border-gray-200 p-3"><div class="flex items-start justify-between mb-2"><div class="flex items-center gap-2"><div class="w-8 h-8 bg-gradient-to-br from-gray-700 to-gray-900 rounded-full flex items-center justify-center text-white font-semibold text-sm flex-shrink-0 cursor-pointer hover:ring-2 hover:ring-gray-900 hover:ring-offset-1 transition-all">O</div><div><div class="flex items-center gap-1.5"><span class="text-sm font-semibold text-gray-900 cursor-pointer hover:underline">Owen Anderson</span></div><span class="text-xs text-gray-500">Nov 30, 2025, 06:17 PM</span></div></div><button class="p-1 hover:bg-gray-100 rounded-full transition-colors" type="button" id="radix-_r_de_" aria-haspopup="menu" aria-expanded="false" data-state="closed"><svg xmlns="http://www.w3.org/2000/svg" width="24" height="24" viewBox="0 0 24 24" fill="none" stroke="currentColor" stroke-width="2" stroke-linecap="round" stroke-linejoin="round" class="lucide lucide-ellipsis-vertical w-4 h-4 text-gray-600" aria-hidden="true"><circle cx="12" cy="12" r="1"></circle><circle cx="12" cy="5" r="1"></circle><circle cx="12" cy="19" r="1"></circle></svg></button></div><p class="text-sm text-gray-800 whitespace-pre-wrap mb-2">Thanks for clarifying.</p><div class="flex items-center gap-3"><div class="flex items-center gap-3"><button data-testid="reaction-button-like" class="
                            group inline-flex items-center gap-1.5 px-3 py-1.5 rounded-md font-medium text-sm transition-all duration-200
                            bg-white text-gray-700 hover:bg-gray-50 border border-gray-300
                            cursor-pointer hover:scale-105
                        " type="button" id="radix-_r_dg_" aria-haspopup="menu" aria-expanded="false" data-state="closed"><span class="text-base">👍</span><span class="font-medium text-sm">Like</span></button></div></div></div></div></div></div><div class=""><div class="bg-white rounded-md border border-gray-200 p-3"><div class="flex items-start justify-between mb-2"><div class="flex items-center gap-2"><div class="w-8 h-8 bg-gradient-to-br from-gray-700 to-gray-900 rounded-full flex items-center justify-center text-white font-semibold text-sm flex-shrink-0 cursor-pointer hover:ring-2 hover:ring-gray-900 hover:ring-offset-1 transition-all">C</div><div><div class="flex items-center gap-1.5"><span class="text-sm font-semibold text-gray-900 cursor-pointer hover:underline">Charlotte Johnson</span></div><span class="text-xs text-gray-500">Nov 30, 2025, 06:17 PM</span></div></div><button class="p-1 hover:bg-gray-100 rounded-full transition-colors" type="button" id="radix-_r_do_" aria-haspopup="menu" aria-expanded="false" data-state="closed"><svg xmlns="http://www.w3.org/2000/svg" width="24" height="24" viewBox="0 0 24 24" fill="none" stroke="currentColor" stroke-width="2" stroke-linecap="round" stroke-linejoin="round" class="lucide lucide-ellipsis-vertical w-4 h-4 text-gray-600" aria-hidden="true"><circle cx="12" cy="12" r="1"></circle><circle cx="12" cy="5" r="1"></circle><circle cx="12" cy="19" r="1"></circle></svg></button></div><p class="text-sm text-gray-800 whitespace-pre-wrap mb-2">I have some thoughts on this...</p><div class="flex items-center gap-3"><div class="flex items-center gap-3"><button data-testid="reaction-button-like" class="
                            group inline-flex items-center gap-1.5 px-3 py-1.5 rounded-md font-medium text-sm transition-all duration-200
                            bg-white text-gray-700 hover:bg-gray-50 border border-gray-300
                            cursor-pointer hover:scale-105
                        " type="button" id="radix-_r_dq_" aria-haspopup="menu" aria-expanded="false" data-state="closed"><span class="text-base">👍</span><span class="font-medium text-sm">Like</span></button></div><button data-testid="reply-button" class="flex items-center gap-1 text-sm text-gray-600 hover:text-gray-900 transition-colors"><svg xmlns="http://www.w3.org/2000/svg" width="24" height="24" viewBox="0 0 24 24" fill="none" stroke="currentColor" stroke-width="2" stroke-linecap="round" stroke-linejoin="round" class="lucide lucide-reply w-4 h-4" aria-hidden="true"><path d="M20 18v-2a4 4 0 0 0-4-4H4"></path><path d="m9 17-5-5 5-5"></path></svg>Reply</button></div></div></div><div class=""><div class="bg-white rounded-md border border-gray-200 p-3"><div class="flex items-start justify-between mb-2"><div class="flex items-center gap-2"><div class="w-8 h-8 bg-gradient-to-br from-gray-700 to-gray-900 rounded-full flex items-center justify-center text-white font-semibold text-sm flex-shrink-0 cursor-pointer hover:ring-2 hover:ring-gray-900 hover:ring-offset-1 transition-all">L</div><div><div class="flex items-center gap-1.5"><span class="text-sm font-semibold text-gray-900 cursor-pointer hover:underline">Luke Wilson</span></div><span class="text-xs text-gray-500">Nov 30, 2025, 06:17 PM</span></div></div><button class="p-1 hover:bg-gray-100 rounded-full transition-colors" type="button" id="radix-_r_dv_" aria-haspopup="menu" aria-expanded="false" data-state="closed"><svg xmlns="http://www.w3.org/2000/svg" width="24" height="24" viewBox="0 0 24 24" fill="none" stroke="currentColor" stroke-width="2" stroke-linecap="round" stroke-linejoin="round" class="lucide lucide-ellipsis-vertical w-4 h-4 text-gray-600" aria-hidden="true"><circle cx="12" cy="12" r="1"></circle><circle cx="12" cy="5" r="1"></circle><circle cx="12" cy="19" r="1"></circle></svg></button></div><p class="text-sm text-gray-800 whitespace-pre-wrap mb-2">This is exactly what I needed to hear.</p><div class="flex items-center gap-3"><div class="flex items-center gap-3"><button data-testid="reaction-button-like" class="
                            group inline-flex items-center gap-1.5 px-3 py-1.5 rounded-md font-medium text-sm transition-all duration-200
                            bg-white text-gray-700 hover:bg-gray-50 border border-gray-300
                            cursor-pointer hover:scale-105
                        " type="button" id="radix-_r_e1_" aria-haspopup="menu" aria-expanded="false" data-state="closed"><span class="text-base">👍</span><span class="font-medium text-sm">Like</span></button></div><button data-testid="reply-button" class="flex items-center gap-1 text-sm text-gray-600 hover:text-gray-900 transition-colors"><svg xmlns="http://www.w3.org/2000/svg" width="24" height="24" viewBox="0 0 24 24" fill="none" stroke="currentColor" stroke-width="2" stroke-linecap="round" stroke-linejoin="round" class="lucide lucide-reply w-4 h-4" aria-hidden="true"><path d="M20 18v-2a4 4 0 0 0-4-4H4"></path><path d="m9 17-5-5 5-5"></path></svg>Reply</button></div></div><div class="mt-2 space-y-2"><div class="ml-10"><div class="bg-white rounded-md border border-gray-200 p-3"><div class="flex items-start justify-between mb-2"><div class="flex items-center gap-2"><div class="w-8 h-8 bg-gradient-to-br from-gray-700 to-gray-900 rounded-full flex items-center justify-center text-white font-semibold text-sm flex-shrink-0 cursor-pointer hover:ring-2 hover:ring-gray-900 hover:ring-offset-1 transition-all">L</div><div><div class="flex items-center gap-1.5"><span class="text-sm font-semibold text-gray-900 cursor-pointer hover:underline">Liam Garcia</span></div><span class="text-xs text-gray-500">Nov 30, 2025, 06:17 PM</span></div></div><button class="p-1 hover:bg-gray-100 rounded-full transition-colors" type="button" id="radix-_r_e3_" aria-haspopup="menu" aria-expanded="false" data-state="closed"><svg xmlns="http://www.w3.org/2000/svg" width="24" height="24" viewBox="0 0 24 24" fill="none" stroke="currentColor" stroke-width="2" stroke-linecap="round" stroke-linejoin="round" class="lucide lucide-ellipsis-vertical w-4 h-4 text-gray-600" aria-hidden="true"><circle cx="12" cy="12" r="1"></circle><circle cx="12" cy="5" r="1"></circle><circle cx="12" cy="19" r="1"></circle></svg></button></div><p class="text-sm text-gray-800 whitespace-pre-wrap mb-2">Great addition to the discussion!</p><div class="flex items-center gap-3"><div class="flex items-center gap-3"><button data-testid="reaction-button-like" class="
                            group inline-flex items-center gap-1.5 px-3 py-1.5 rounded-md font-medium text-sm transition-all duration-200
                            bg-white text-gray-700 hover:bg-gray-50 border border-gray-300
                            cursor-pointer hover:scale-105
                        " type="button" id="radix-_r_e5_" aria-haspopup="menu" aria-expanded="false" data-state="closed"><span class="text-base">👍</span><span class="font-medium text-sm">Like</span></button></div></div></div></div><div class="ml-10"><div class="bg-white rounded-md border border-gray-200 p-3"><div class="flex items-start justify-between mb-2"><div class="flex items-center gap-2"><div class="w-8 h-8 bg-gradient-to-br from-gray-700 to-gray-900 rounded-full flex items-center justify-center text-white font-semibold text-sm flex-shrink-0 cursor-pointer hover:ring-2 hover:ring-gray-900 hover:ring-offset-1 transition-all">A</div><div><div class="flex items-center gap-1.5"><span class="text-sm font-semibold text-gray-900 cursor-pointer hover:underline">Addison Garcia</span></div><span class="text-xs text-gray-500">Nov 30, 2025, 06:17 PM</span></div></div><button class="p-1 hover:bg-gray-100 rounded-full transition-colors" type="button" id="radix-_r_ea_" aria-haspopup="menu" aria-expanded="false" data-state="closed"><svg xmlns="http://www.w3.org/2000/svg" width="24" height="24" viewBox="0 0 24 24" fill="none" stroke="currentColor" stroke-width="2" stroke-linecap="round" stroke-linejoin="round" class="lucide lucide-ellipsis-vertical w-4 h-4 text-gray-600" aria-hidden="true"><circle cx="12" cy="12" r="1"></circle><circle cx="12" cy="5" r="1"></circle><circle cx="12" cy="19" r="1"></circle></svg></button></div><p class="text-sm text-gray-800 whitespace-pre-wrap mb-2">I see what you mean.</p><div class="flex items-center gap-3"><div class="flex items-center gap-3"><button data-testid="reaction-button-like" class="
                            group inline-flex items-center gap-1.5 px-3 py-1.5 rounded-md font-medium text-sm transition-all duration-200
                            bg-white text-gray-700 hover:bg-gray-50 border border-gray-300
                            cursor-pointer hover:scale-105
                        " type="button" id="radix-_r_ec_" aria-haspopup="menu" aria-expanded="false" data-state="closed"><span class="text-base">👍</span><span class="font-medium text-sm">Like</span></button></div></div></div></div></div></div></div></div></div></div></article></div></main><footer class="mt-16 py-8 border-t border-gray-200 bg-white"><div class="max-w-5xl mx-auto px-4 text-center text-sm text-gray-500"><p>Built with Laravel, Inertia.js, React &amp; shadcn/ui</p></div></footer></div><div role="region" aria-label="Notifications (F8)" tabindex="-1" style="pointer-events: none;"><ol tabindex="-1" class="fixed top-0 z-[100] flex max-h-screen w-full flex-col-reverse p-4 sm:bottom-0 sm:right-0 sm:top-auto sm:flex-col md:max-w-[420px]"></ol></div></div><script type="text/javascript">
var phpdebugbar = new PhpDebugBar.DebugBar({"theme":"auto","hideEmptyTabs":true});
phpdebugbar.addTab("request", new PhpDebugBar.DebugBar.Tab({"icon":"tags","order":-100,"title":"Request", "widget": new PhpDebugBar.Widgets.HtmlVariableListWidget()}));
phpdebugbar.addTab("messages", new PhpDebugBar.DebugBar.Tab({"icon":"list-alt","title":"Messages", "widget": new PhpDebugBar.Widgets.MessagesWidget()}));
phpdebugbar.addIndicator("time", new PhpDebugBar.DebugBar.Indicator({"icon":"clock-o","tooltip":"Request Duration","link":"timeline"}), "right");
phpdebugbar.addTab("timeline", new PhpDebugBar.DebugBar.Tab({"icon":"tasks","title":"Timeline", "widget": new PhpDebugBar.Widgets.TimelineWidget()}));
phpdebugbar.addIndicator("memory", new PhpDebugBar.DebugBar.Indicator({"icon":"cogs","tooltip":"Memory Usage"}), "right");
phpdebugbar.addTab("exceptions", new PhpDebugBar.DebugBar.Tab({"icon":"bug","title":"Exceptions", "widget": new PhpDebugBar.Widgets.ExceptionsWidget()}));
phpdebugbar.addIndicator("version", new PhpDebugBar.DebugBar.Indicator({"icon":"laravel phpdebugbar-fab"}), "right");
phpdebugbar.addTab("views", new PhpDebugBar.DebugBar.Tab({"icon":"leaf","title":"Views", "widget": new PhpDebugBar.Widgets.TemplatesWidget()}));
phpdebugbar.addTab("queries", new PhpDebugBar.DebugBar.Tab({"icon":"database","title":"Queries", "widget": new PhpDebugBar.Widgets.LaravelQueriesWidget()}));
phpdebugbar.addTab("models", new PhpDebugBar.DebugBar.Tab({"icon":"cubes","title":"Models", "widget": new PhpDebugBar.Widgets.TableVariableListWidget()}));
phpdebugbar.addTab("emails", new PhpDebugBar.DebugBar.Tab({"icon":"inbox","title":"Mails", "widget": new PhpDebugBar.Widgets.MailsWidget()}));
phpdebugbar.addTab("gate", new PhpDebugBar.DebugBar.Tab({"icon":"list-alt","title":"Gate", "widget": new PhpDebugBar.Widgets.MessagesWidget()}));
phpdebugbar.addIndicator("currentrequest", new PhpDebugBar.DebugBar.Indicator({"icon":"share","link":"request"}), "right");
phpdebugbar.setDataMap({
"request": ["request.data", {}],
"messages": ["messages.messages", []],
"messages:badge": ["messages.count", null],
"time": ["time.duration_str", '0ms'],
"timeline": ["time", {}],
"memory": ["memory.peak_usage_str", '0B'],
"exceptions": ["exceptions.exceptions", []],
"exceptions:badge": ["exceptions.count", null],
"version": ["laravel.version", ],
"version:tooltip": ["laravel.tooltip", {}],
"views": ["views", []],
"views:badge": ["views.nb_templates", 0],
"queries": ["queries", []],
"queries:badge": ["queries.nb_statements", 0],
"models": ["models", {}],
"models:badge": ["models.count", 0],
"emails": ["symfonymailer_mails.mails", []],
"emails:badge": ["symfonymailer_mails.count", null],
"gate": ["gate.messages", []],
"gate:badge": ["gate.count", null],
"request:badge": ["request.badge", null],
"currentrequest": ["request.data.uri", ],
"currentrequest:tooltip": ["request.tooltip", {}]
});
phpdebugbar.restoreState();
phpdebugbar.enableAjaxHandlerTab();
phpdebugbar.ajaxHandler = new PhpDebugBar.AjaxHandler(phpdebugbar, undefined, true);
phpdebugbar.ajaxHandler.bindToFetch();
phpdebugbar.ajaxHandler.bindToXHR();
phpdebugbar.setOpenHandler(new PhpDebugBar.OpenHandler({"url":"http:\/\/127.0.0.1:8000\/_debugbar\/open"}));
phpdebugbar.addDataSet({"__meta":{"id":"01KBAQRDVCJVTFM09HFG8FQMY2","datetime":"2025-11-30 15:57:59","utime":1764518279.020395,"method":"GET","uri":"\/login","ip":"127.0.0.1"},"messages":{"count":0,"messages":[]},"time":{"count":5,"start":1764518278.981284,"end":1764518279.020403,"duration":0.03911900520324707,"duration_str":"39.12ms","measures":[{"label":"Booting","start":1764518278.981284,"relative_start":0,"end":1764518279.010103,"relative_end":1764518279.010103,"duration":0.02881908416748047,"duration_str":"28.82ms","memory":0,"memory_str":"0B","params":[],"collector":"time","group":null},{"label":"Application","start":1764518279.010116,"relative_start":0.028832197189331055,"end":1764518279.020404,"relative_end":1.1920928955078125e-6,"duration":0.010288000106811523,"duration_str":"10.29ms","memory":0,"memory_str":"0B","params":[],"collector":"time","group":null},{"label":"Routing","start":1764518279.011949,"relative_start":0.030665159225463867,"end":1764518279.013186,"relative_end":1764518279.013186,"duration":0.0012369155883789062,"duration_str":"1.24ms","memory":0,"memory_str":"0B","params":[],"collector":null,"group":null},{"label":"Preparing Response","start":1764518279.015593,"relative_start":0.03430914878845215,"end":1764518279.020217,"relative_end":1764518279.020217,"duration":0.004623889923095703,"duration_str":"4.62ms","memory":0,"memory_str":"0B","params":[],"collector":null,"group":null},{"label":"View: Auth\/Login","start":1764518279.016895,"relative_start":0.03561115264892578,"end":1764518279.016895,"relative_end":1764518279.016895,"duration":0,"duration_str":"0\u03bcs","memory":0,"memory_str":"0B","params":[],"collector":"views","group":"View"}]},"memory":{"peak_usage":1761000,"peak_usage_str":"2MB"},"exceptions":{"count":0,"exceptions":[]},"laravel":{"version":"12.x","tooltip":{"Laravel Version":"12.40.2","PHP Version":"8.4.15","Environment":"local","Debug Mode":"Enabled","URL":"localhost","Timezone":"UTC","Locale":"en"}},"views":{"count":1,"nb_templates":1,"templates":[{"name":"Auth\/Login","param_count":null,"params":[],"start":1764518279.016884,"type":"blade","hash":"blade\/Users\/vahan\/Herd\/laravel-react-reactions\/packages\/truefans\/laravel-react-reactions\/workbench\/resources\/views\/app.blade.phpAuth\/Login","xdebug_link":{"url":"phpstorm:\/\/open?file=%2FUsers%2Fvahan%2FHerd%2Flaravel-react-reactions%2Fpackages%2Ftruefans%2Flaravel-react-reactions%2Fworkbench%2Fresources%2Fviews%2Fapp.blade.php\u0026line=1","ajax":false,"filename":"app.blade.php","line":"?"}}]},"queries":{"count":0,"nb_statements":0,"nb_visible_statements":0,"nb_excluded_statements":0,"nb_failed_statements":0,"accumulated_duration":0,"accumulated_duration_str":"0\u03bcs","memory_usage":0,"memory_usage_str":null,"statements":[]},"models":{"data":[],"count":0,"key_map":{"retrieved":"Retrieved","created":"Created","updated":"Updated","deleted":"Deleted"},"is_counter":true,"badges":[]},"symfonymailer_mails":{"count":0,"mails":[]},"gate":{"count":0,"messages":[]},"request":{"data":{"status":"200 OK","full_url":"http:\/\/127.0.0.1:8000\/login","action_name":"login","controller_action":"Workbench\\App\\Http\\Controllers\\AuthController@showLogin","uri":"GET login","controller":"Workbench\\App\\Http\\Controllers\\AuthController@showLogin\u003Ca href=\u0022phpstorm:\/\/open?file=%2FUsers%2Fvahan%2FHerd%2Flaravel-react-reactions%2Fpackages%2Ftruefans%2Flaravel-react-reactions%2Fworkbench%2Fapp%2FHttp%2FControllers%2FAuthController.php\u0026line=14\u0022 class=\u0022phpdebugbar-widgets-editor-link\u0022\u003E\u003C\/a\u003E","file":"\u003Ca href=\u0022phpstorm:\/\/open?file=%2FUsers%2Fvahan%2FHerd%2Flaravel-react-reactions%2Fpackages%2Ftruefans%2Flaravel-react-reactions%2Fworkbench%2Fapp%2FHttp%2FControllers%2FAuthController.php\u0026line=14\u0022 onclick=\u0022\u0022 class=\u0022phpdebugbar-widgets-editor-link\u0022\u003EUsers\/vahan\/Herd\/laravel-react-reactions\/packages\/truefans\/laravel-react-reactions\/workbench\/app\/Http\/Controllers\/AuthController.php:14-17\u003C\/a\u003E","middleware":"web","duration":"38.66ms","peak_memory":"4MB","response":"text\/html; charset=utf-8","request_format":"html","request_query":"\u003Cpre class=sf-dump id=sf-dump-373773368 data-indent-pad=\u0022  \u0022\u003E[]\n\u003C\/pre\u003E\u003Cscript\u003ESfdump(\u0022sf-dump-373773368\u0022, {\u0022maxDepth\u0022:0})\u003C\/script\u003E\n","request_request":"\u003Cpre class=sf-dump id=sf-dump-1196394410 data-indent-pad=\u0022  \u0022\u003E[]\n\u003C\/pre\u003E\u003Cscript\u003ESfdump(\u0022sf-dump-1196394410\u0022, {\u0022maxDepth\u0022:0})\u003C\/script\u003E\n","request_headers":"\u003Cpre class=sf-dump id=sf-dump-166679069 data-indent-pad=\u0022  \u0022\u003E\u003Cspan class=sf-dump-note\u003Earray:14\u003C\/span\u003E [\u003Csamp data-depth=1 class=sf-dump-expanded\u003E\n  \u0022\u003Cspan class=sf-dump-key\u003Ehost\u003C\/span\u003E\u0022 =\u003E \u003Cspan class=sf-dump-note\u003Earray:1\u003C\/span\u003E [\u003Csamp data-depth=2 class=sf-dump-compact\u003E\n    \u003Cspan class=sf-dump-index\u003E0\u003C\/span\u003E =\u003E \u0022\u003Cspan class=sf-dump-str title=\u002214 characters\u0022\u003E127.0.0.1:8000\u003C\/span\u003E\u0022\n  \u003C\/samp\u003E]\n  \u0022\u003Cspan class=sf-dump-key\u003Econnection\u003C\/span\u003E\u0022 =\u003E \u003Cspan class=sf-dump-note\u003Earray:1\u003C\/span\u003E [\u003Csamp data-depth=2 class=sf-dump-compact\u003E\n    \u003Cspan class=sf-dump-index\u003E0\u003C\/span\u003E =\u003E \u0022\u003Cspan class=sf-dump-str title=\u002210 characters\u0022\u003Ekeep-alive\u003C\/span\u003E\u0022\n  \u003C\/samp\u003E]\n  \u0022\u003Cspan class=sf-dump-key\u003Esec-ch-ua\u003C\/span\u003E\u0022 =\u003E \u003Cspan class=sf-dump-note\u003Earray:1\u003C\/span\u003E [\u003Csamp data-depth=2 class=sf-dump-compact\u003E\n    \u003Cspan class=sf-dump-index\u003E0\u003C\/span\u003E =\u003E \u0022\u003Cspan class=sf-dump-str title=\u002266 characters\u0022\u003E\u0026quot;HeadlessChrome\u0026quot;;v=\u0026quot;143\u0026quot;, \u0026quot;Chromium\u0026quot;;v=\u0026quot;143\u0026quot;, \u0026quot;Not A(Brand\u0026quot;;v=\u0026quot;24\u0026quot;\u003C\/span\u003E\u0022\n  \u003C\/samp\u003E]\n  \u0022\u003Cspan class=sf-dump-key\u003Esec-ch-ua-mobile\u003C\/span\u003E\u0022 =\u003E \u003Cspan class=sf-dump-note\u003Earray:1\u003C\/span\u003E [\u003Csamp data-depth=2 class=sf-dump-compact\u003E\n    \u003Cspan class=sf-dump-index\u003E0\u003C\/span\u003E =\u003E \u0022\u003Cspan class=sf-dump-str title=\u00222 characters\u0022\u003E?0\u003C\/span\u003E\u0022\n  \u003C\/samp\u003E]\n  \u0022\u003Cspan class=sf-dump-key\u003Esec-ch-ua-platform\u003C\/span\u003E\u0022 =\u003E \u003Cspan class=sf-dump-note\u003Earray:1\u003C\/span\u003E [\u003Csamp data-depth=2 class=sf-dump-compact\u003E\n    \u003Cspan class=sf-dump-index\u003E0\u003C\/span\u003E =\u003E \u0022\u003Cspan class=sf-dump-str title=\u00229 characters\u0022\u003E\u0026quot;Windows\u0026quot;\u003C\/span\u003E\u0022\n  \u003C\/samp\u003E]\n  \u0022\u003Cspan class=sf-dump-key\u003Eupgrade-insecure-requests\u003C\/span\u003E\u0022 =\u003E \u003Cspan class=sf-dump-note\u003Earray:1\u003C\/span\u003E [\u003Csamp data-depth=2 class=sf-dump-compact\u003E\n    \u003Cspan class=sf-dump-index\u003E0\u003C\/span\u003E =\u003E \u0022\u003Cspan class=sf-dump-str\u003E1\u003C\/span\u003E\u0022\n  \u003C\/samp\u003E]\n  \u0022\u003Cspan class=sf-dump-key\u003Euser-agent\u003C\/span\u003E\u0022 =\u003E \u003Cspan class=sf-dump-note\u003Earray:1\u003C\/span\u003E [\u003Csamp data-depth=2 class=sf-dump-compact\u003E\n    \u003Cspan class=sf-dump-index\u003E0\u003C\/span\u003E =\u003E \u0022\u003Cspan class=sf-dump-str title=\u0022114 characters\u0022\u003EMozilla\/5.0 (Windows NT 10.0; Win64; x64) AppleWebKit\/537.36 (KHTML, like Gecko) Chrome\/143.0.7499.4 Safari\/537.36\u003C\/span\u003E\u0022\n  \u003C\/samp\u003E]\n  \u0022\u003Cspan class=sf-dump-key\u003Eaccept-language\u003C\/span\u003E\u0022 =\u003E \u003Cspan class=sf-dump-note\u003Earray:1\u003C\/span\u003E [\u003Csamp data-depth=2 class=sf-dump-compact\u003E\n    \u003Cspan class=sf-dump-index\u003E0\u003C\/span\u003E =\u003E \u0022\u003Cspan class=sf-dump-str title=\u00225 characters\u0022\u003Een-US\u003C\/span\u003E\u0022\n  \u003C\/samp\u003E]\n  \u0022\u003Cspan class=sf-dump-key\u003Eaccept\u003C\/span\u003E\u0022 =\u003E \u003Cspan class=sf-dump-note\u003Earray:1\u003C\/span\u003E [\u003Csamp data-depth=2 class=sf-dump-compact\u003E\n    \u003Cspan class=sf-dump-index\u003E0\u003C\/span\u003E =\u003E \u0022\u003Cspan class=sf-dump-str title=\u0022135 characters\u0022\u003Etext\/html,application\/xhtml+xml,application\/xml;q=0.9,image\/avif,image\/webp,image\/apng,*\/*;q=0.8,application\/signed-exchange;v=b3;q=0.7\u003C\/span\u003E\u0022\n  \u003C\/samp\u003E]\n  \u0022\u003Cspan class=sf-dump-key\u003Esec-fetch-site\u003C\/span\u003E\u0022 =\u003E \u003Cspan class=sf-dump-note\u003Earray:1\u003C\/span\u003E [\u003Csamp data-depth=2 class=sf-dump-compact\u003E\n    \u003Cspan class=sf-dump-index\u003E0\u003C\/span\u003E =\u003E \u0022\u003Cspan class=sf-dump-str title=\u00224 characters\u0022\u003Enone\u003C\/span\u003E\u0022\n  \u003C\/samp\u003E]\n  \u0022\u003Cspan class=sf-dump-key\u003Esec-fetch-mode\u003C\/span\u003E\u0022 =\u003E \u003Cspan class=sf-dump-note\u003Earray:1\u003C\/span\u003E [\u003Csamp data-depth=2 class=sf-dump-compact\u003E\n    \u003Cspan class=sf-dump-index\u003E0\u003C\/span\u003E =\u003E \u0022\u003Cspan class=sf-dump-str title=\u00228 characters\u0022\u003Enavigate\u003C\/span\u003E\u0022\n  \u003C\/samp\u003E]\n  \u0022\u003Cspan class=sf-dump-key\u003Esec-fetch-user\u003C\/span\u003E\u0022 =\u003E \u003Cspan class=sf-dump-note\u003Earray:1\u003C\/span\u003E [\u003Csamp data-depth=2 class=sf-dump-compact\u003E\n    \u003Cspan class=sf-dump-index\u003E0\u003C\/span\u003E =\u003E \u0022\u003Cspan class=sf-dump-str title=\u00222 characters\u0022\u003E?1\u003C\/span\u003E\u0022\n  \u003C\/samp\u003E]\n  \u0022\u003Cspan class=sf-dump-key\u003Esec-fetch-dest\u003C\/span\u003E\u0022 =\u003E \u003Cspan class=sf-dump-note\u003Earray:1\u003C\/span\u003E [\u003Csamp data-depth=2 class=sf-dump-compact\u003E\n    \u003Cspan class=sf-dump-index\u003E0\u003C\/span\u003E =\u003E \u0022\u003Cspan class=sf-dump-str title=\u00228 characters\u0022\u003Edocument\u003C\/span\u003E\u0022\n  \u003C\/samp\u003E]\n  \u0022\u003Cspan class=sf-dump-key\u003Eaccept-encoding\u003C\/span\u003E\u0022 =\u003E \u003Cspan class=sf-dump-note\u003Earray:1\u003C\/span\u003E [\u003Csamp data-depth=2 class=sf-dump-compact\u003E\n    \u003Cspan class=sf-dump-index\u003E0\u003C\/span\u003E =\u003E \u0022\u003Cspan class=sf-dump-str title=\u002223 characters\u0022\u003Egzip, deflate, br, zstd\u003C\/span\u003E\u0022\n  \u003C\/samp\u003E]\n\u003C\/samp\u003E]\n\u003C\/pre\u003E\u003Cscript\u003ESfdump(\u0022sf-dump-166679069\u0022, {\u0022maxDepth\u0022:0})\u003C\/script\u003E\n","request_cookies":"\u003Cpre class=sf-dump id=sf-dump-128158109 data-indent-pad=\u0022  \u0022\u003E[]\n\u003C\/pre\u003E\u003Cscript\u003ESfdump(\u0022sf-dump-128158109\u0022, {\u0022maxDepth\u0022:0})\u003C\/script\u003E\n","response_headers":"\u003Cpre class=sf-dump id=sf-dump-555425208 data-indent-pad=\u0022  \u0022\u003E\u003Cspan class=sf-dump-note\u003Earray:3\u003C\/span\u003E [\u003Csamp data-depth=1 class=sf-dump-expanded\u003E\n  \u0022\u003Cspan class=sf-dump-key\u003Ecache-control\u003C\/span\u003E\u0022 =\u003E \u003Cspan class=sf-dump-note\u003Earray:1\u003C\/span\u003E [\u003Csamp data-depth=2 class=sf-dump-compact\u003E\n    \u003Cspan class=sf-dump-index\u003E0\u003C\/span\u003E =\u003E \u0022\u003Cspan class=sf-dump-str title=\u002217 characters\u0022\u003Eno-cache, private\u003C\/span\u003E\u0022\n  \u003C\/samp\u003E]\n  \u0022\u003Cspan class=sf-dump-key\u003Edate\u003C\/span\u003E\u0022 =\u003E \u003Cspan class=sf-dump-note\u003Earray:1\u003C\/span\u003E [\u003Csamp data-depth=2 class=sf-dump-compact\u003E\n    \u003Cspan class=sf-dump-index\u003E0\u003C\/span\u003E =\u003E \u0022\u003Cspan class=sf-dump-str title=\u002229 characters\u0022\u003ESun, 30 Nov 2025 15:57:59 GMT\u003C\/span\u003E\u0022\n  \u003C\/samp\u003E]\n  \u0022\u003Cspan class=sf-dump-key\u003Econtent-type\u003C\/span\u003E\u0022 =\u003E \u003Cspan class=sf-dump-note\u003Earray:1\u003C\/span\u003E [\u003Csamp data-depth=2 class=sf-dump-compact\u003E\n    \u003Cspan class=sf-dump-index\u003E0\u003C\/span\u003E =\u003E \u0022\u003Cspan class=sf-dump-str title=\u002224 characters\u0022\u003Etext\/html; charset=utf-8\u003C\/span\u003E\u0022\n  \u003C\/samp\u003E]\n\u003C\/samp\u003E]\n\u003C\/pre\u003E\u003Cscript\u003ESfdump(\u0022sf-dump-555425208\u0022, {\u0022maxDepth\u0022:0})\u003C\/script\u003E\n","session_attributes":"\u003Cpre class=sf-dump id=sf-dump-188008539 data-indent-pad=\u0022  \u0022\u003E\u003Cspan class=sf-dump-note\u003Earray:1\u003C\/span\u003E [\u003Csamp data-depth=1 class=sf-dump-expanded\u003E\n  \u0022\u003Cspan class=sf-dump-key\u003E_token\u003C\/span\u003E\u0022 =\u003E \u0022\u003Cspan class=sf-dump-str title=\u002240 characters\u0022\u003E6GA2n5w2nuA4qsM2ykCMd4UuE5xwDsLUKczuV7mO\u003C\/span\u003E\u0022\n\u003C\/samp\u003E]\n\u003C\/pre\u003E\u003Cscript\u003ESfdump(\u0022sf-dump-188008539\u0022, {\u0022maxDepth\u0022:0})\u003C\/script\u003E\n"},"tooltip":{"status":"200 OK","full_url":"http:\/\/127.0.0.1:8000\/login","action_name":"login","controller_action":"Workbench\\App\\Http\\Controllers\\AuthController@showLogin"},"badge":null}}, "01KBAQRDVCJVTFM09HFG8FQMY2");

</script><div class="phpdebugbar phpdebugbar-minimized" data-bodymarginbottom="true" data-theme="light" data-openbtnposition="bottomLeft" data-hideemptytabs="true"><div class="phpdebugbar-drag-capture"></div><div class="phpdebugbar-resize-handle"></div><div class="phpdebugbar-header"><a class="phpdebugbar-restore-btn"></a><div class="phpdebugbar-header-left"><a class="phpdebugbar-tab" data-empty="false" data-collector="request"><i class="phpdebugbar-fa phpdebugbar-fa-tags"></i><span class="phpdebugbar-text">Request</span><span class="phpdebugbar-badge"></span></a><a class="phpdebugbar-tab" data-empty="true" data-collector="messages"><i class="phpdebugbar-fa phpdebugbar-fa-list-alt"></i><span class="phpdebugbar-text">Messages</span><span class="phpdebugbar-badge"></span></a><a class="phpdebugbar-tab" data-empty="false" data-collector="timeline"><i class="phpdebugbar-fa phpdebugbar-fa-tasks"></i><span class="phpdebugbar-text">Timeline</span><span class="phpdebugbar-badge"></span></a><a class="phpdebugbar-tab" data-empty="true" data-collector="exceptions"><i class="phpdebugbar-fa phpdebugbar-fa-bug"></i><span class="phpdebugbar-text">Exceptions</span><span class="phpdebugbar-badge"></span></a><a class="phpdebugbar-tab" data-empty="false" data-collector="views"><i class="phpdebugbar-fa phpdebugbar-fa-leaf"></i><span class="phpdebugbar-text">Views</span><span class="phpdebugbar-badge phpdebugbar-visible">1</span></a><a class="phpdebugbar-tab" data-empty="true" data-collector="queries"><i class="phpdebugbar-fa phpdebugbar-fa-database"></i><span class="phpdebugbar-text">Queries</span><span class="phpdebugbar-badge phpdebugbar-visible">0</span></a><a class="phpdebugbar-tab" data-empty="true" data-collector="models"><i class="phpdebugbar-fa phpdebugbar-fa-cubes"></i><span class="phpdebugbar-text">Models</span><span class="phpdebugbar-badge phpdebugbar-visible">0</span></a><a class="phpdebugbar-tab" data-empty="true" data-collector="emails"><i class="phpdebugbar-fa phpdebugbar-fa-inbox"></i><span class="phpdebugbar-text">Mails</span><span class="phpdebugbar-badge"></span></a><a class="phpdebugbar-tab" data-empty="true" data-collector="gate"><i class="phpdebugbar-fa phpdebugbar-fa-list-alt"></i><span class="phpdebugbar-text">Gate</span><span class="phpdebugbar-badge"></span></a></div><div class="phpdebugbar-header-right"><a class="phpdebugbar-close-btn"></a><a class="phpdebugbar-minimize-btn"></a><a class="phpdebugbar-tab phpdebugbar-tab-settings" data-collector="__settings"><i class="phpdebugbar-fa phpdebugbar-fa-sliders"></i><span class="phpdebugbar-text">Settings</span><span class="phpdebugbar-badge"></span></a><a class="phpdebugbar-maximize-btn"></a><a class="phpdebugbar-open-btn" style=""></a><a class="phpdebugbar-tab phpdebugbar-tab-history" data-collector="__datasets" style="" data-empty="false"><i class="phpdebugbar-fa phpdebugbar-fa-history"></i><span class="phpdebugbar-text">Request history</span><span class="phpdebugbar-badge"></span></a><select class="phpdebugbar-datasets-switcher" name="datasets-switcher"><option value="01KBAQRDVCJVTFM09HFG8FQMY2">#1 login (15:57:59)</option></select><span class="phpdebugbar-indicator" style="cursor: pointer;"><i class="phpdebugbar-fa phpdebugbar-fa-clock-o"></i><span class="phpdebugbar-text">39.12ms</span><span class="phpdebugbar-tooltip">Request Duration</span></span><span class="phpdebugbar-indicator"><i class="phpdebugbar-fa phpdebugbar-fa-cogs"></i><span class="phpdebugbar-text">2MB</span><span class="phpdebugbar-tooltip">Memory Usage</span></span><span class="phpdebugbar-indicator"><i class="phpdebugbar-fa phpdebugbar-fa-laravel phpdebugbar-fab"></i><span class="phpdebugbar-text">12.x</span><span class="phpdebugbar-tooltip"><dl><dt>Laravel Version</dt><dd>12.40.2</dd><dt>PHP Version</dt><dd>8.4.15</dd><dt>Environment</dt><dd>local</dd><dt>Debug Mode</dt><dd>Enabled</dd><dt>URL</dt><dd>localhost</dd><dt>Timezone</dt><dd>UTC</dd><dt>Locale</dt><dd>en</dd></dl></span></span><span class="phpdebugbar-indicator" style="cursor: pointer;"><i class="phpdebugbar-fa phpdebugbar-fa-share"></i><span class="phpdebugbar-text">GET login</span><span class="phpdebugbar-tooltip"><dl><dt>status</dt><dd>200 OK</dd><dt>full_url</dt><dd>http://127.0.0.1:8000/login</dd><dt>action_name</dt><dd>login</dd><dt>controller_action</dt><dd>Workbench\App\Http\Controllers\AuthController@showLogin</dd></dl></span></span></div></div><div class="phpdebugbar-body" style="height: 300px;"><div class="phpdebugbar-panel" data-collector="__settings"><form class="phpdebugbar-settings"><div class="phpdebugbar-form-row"><div class="phpdebugbar-form-label">Theme</div><div class="phpdebugbar-form-input"><select><option value="auto">Auto (System preference)</option><option value="light">Light</option><option value="dark">Dark</option></select></div></div><div class="phpdebugbar-form-row"><div class="phpdebugbar-form-label">Open Button Position</div><div class="phpdebugbar-form-input"><select><option value="bottomLeft">Bottom Left</option><option value="bottomRight">Bottom Right</option><option value="topLeft">Top Left</option><option value="topRight">Top Right</option></select></div></div><div class="phpdebugbar-form-row"><div class="phpdebugbar-form-label">Hide Empty Tabs</div><div class="phpdebugbar-form-input"><label><input type="checkbox">Hide empty tabs until they have data</label></div></div><div class="phpdebugbar-form-row"><div class="phpdebugbar-form-label">Autoshow</div><div class="phpdebugbar-form-input"><label><input type="checkbox">Automatically show new incoming Ajax requests</label></div></div><div class="phpdebugbar-form-row"><div class="phpdebugbar-form-label">Reset to defaults</div><div class="phpdebugbar-form-input"><button>Reset settings</button></div></div></form></div><div class="phpdebugbar-panel" data-collector="request"><dl class="phpdebugbar-widgets-kvlist phpdebugbar-widgets-htmlvarlist"><dt class="phpdebugbar-widgets-key"><span title="status">status</span></dt><dd class="phpdebugbar-widgets-value">200 OK</dd><dt class="phpdebugbar-widgets-key"><span title="full_url">full_url</span></dt><dd class="phpdebugbar-widgets-value">http://127.0.0.1:8000/login</dd><dt class="phpdebugbar-widgets-key"><span title="action_name">action_name</span></dt><dd class="phpdebugbar-widgets-value">login</dd><dt class="phpdebugbar-widgets-key"><span title="controller_action">controller_action</span></dt><dd class="phpdebugbar-widgets-value">Workbench\App\Http\Controllers\AuthController@showLogin</dd><dt class="phpdebugbar-widgets-key"><span title="uri">uri</span></dt><dd class="phpdebugbar-widgets-value">GET login</dd><dt class="phpdebugbar-widgets-key"><span title="controller">controller</span></dt><dd class="phpdebugbar-widgets-value">Workbench\App\Http\Controllers\AuthController@showLogin<a href="phpstorm://open?file=%2FUsers%2Fvahan%2FHerd%2Flaravel-react-reactions%2Fpackages%2Ftruefans%2Flaravel-react-reactions%2Fworkbench%2Fapp%2FHttp%2FControllers%2FAuthController.php&amp;line=14" class="phpdebugbar-widgets-editor-link"></a></dd><dt class="phpdebugbar-widgets-key"><span title="file">file</span></dt><dd class="phpdebugbar-widgets-value"><a href="phpstorm://open?file=%2FUsers%2Fvahan%2FHerd%2Flaravel-react-reactions%2Fpackages%2Ftruefans%2Flaravel-react-reactions%2Fworkbench%2Fapp%2FHttp%2FControllers%2FAuthController.php&amp;line=14" onclick="" class="phpdebugbar-widgets-editor-link">Users/vahan/Herd/laravel-react-reactions/packages/truefans/laravel-react-reactions/workbench/app/Http/Controllers/AuthController.php:14-17</a></dd><dt class="phpdebugbar-widgets-key"><span title="middleware">middleware</span></dt><dd class="phpdebugbar-widgets-value">web</dd><dt class="phpdebugbar-widgets-key"><span title="duration">duration</span></dt><dd class="phpdebugbar-widgets-value">38.66ms</dd><dt class="phpdebugbar-widgets-key"><span title="peak_memory">peak_memory</span></dt><dd class="phpdebugbar-widgets-value">4MB</dd><dt class="phpdebugbar-widgets-key"><span title="response">response</span></dt><dd class="phpdebugbar-widgets-value">text/html; charset=utf-8</dd><dt class="phpdebugbar-widgets-key"><span title="request_format">request_format</span></dt><dd class="phpdebugbar-widgets-value">html</dd><dt class="phpdebugbar-widgets-key"><span title="request_query">request_query</span></dt><dd class="phpdebugbar-widgets-value"><pre class="sf-dump" id="sf-dump-373773368" data-indent-pad="  ">[]
</pre><script>Sfdump("sf-dump-373773368", {"maxDepth":0})</script>
</dd><dt class="phpdebugbar-widgets-key"><span title="request_request">request_request</span></dt><dd class="phpdebugbar-widgets-value"><pre class="sf-dump" id="sf-dump-1196394410" data-indent-pad="  ">[]
</pre><script>Sfdump("sf-dump-1196394410", {"maxDepth":0})</script>
</dd><dt class="phpdebugbar-widgets-key"><span title="request_headers">request_headers</span></dt><dd class="phpdebugbar-widgets-value"><pre class="sf-dump" id="sf-dump-166679069" data-indent-pad="  " tabindex="0"><div class="sf-dump-search-wrapper sf-dump-search-hidden"> <input type="text" class="sf-dump-search-input"> <span class="sf-dump-search-count">0 of 0</span> <button type="button" class="sf-dump-search-input-previous" tabindex="-1"> <svg viewBox="0 0 1792 1792" xmlns="http://www.w3.org/2000/svg"><path d="M1683 1331l-166 165q-19 19-45 19t-45-19L896 965l-531 531q-19 19-45 19t-45-19l-166-165q-19-19-19-45.5t19-45.5l742-741q19-19 45-19t45 19l742 741q19 19 19 45.5t-19 45.5z"></path></svg> </button> <button type="button" class="sf-dump-search-input-next" tabindex="-1"> <svg viewBox="0 0 1792 1792" xmlns="http://www.w3.org/2000/svg"><path d="M1683 808l-742 741q-19 19-45 19t-45-19L109 808q-19-19-19-45.5t19-45.5l166-165q19-19 45-19t45 19l531 531 531-531q19-19 45-19t45 19l166 165q19 19 19 45.5t-19 45.5z"></path></svg> </button> </div><span class="sf-dump-note">array:14</span> [<a class="sf-dump-ref sf-dump-toggle" title="[Cmd+click] Expand all children"><span>▼</span></a><samp data-depth="1" class="sf-dump-expanded">
  "<span class="sf-dump-key">host</span>" =&gt; <span class="sf-dump-note">array:1</span> [<a class="sf-dump-ref sf-dump-toggle" title="[Cmd+click] Expand all children"><span>▶</span></a><samp data-depth="2" class="sf-dump-compact">
    <span class="sf-dump-index">0</span> =&gt; "<span class="sf-dump-str" title="14 characters">127.0.0.1:8000</span>"
  </samp>]
  "<span class="sf-dump-key">connection</span>" =&gt; <span class="sf-dump-note">array:1</span> [<a class="sf-dump-ref sf-dump-toggle" title="[Cmd+click] Expand all children"><span>▶</span></a><samp data-depth="2" class="sf-dump-compact">
    <span class="sf-dump-index">0</span> =&gt; "<span class="sf-dump-str" title="10 characters">keep-alive</span>"
  </samp>]
  "<span class="sf-dump-key">sec-ch-ua</span>" =&gt; <span class="sf-dump-note">array:1</span> [<a class="sf-dump-ref sf-dump-toggle" title="[Cmd+click] Expand all children"><span>▶</span></a><samp data-depth="2" class="sf-dump-compact">
    <span class="sf-dump-index">0</span> =&gt; "<span class="sf-dump-str" title="66 characters">"HeadlessChrome";v="143", "Chromium";v="143", "Not A(Brand";v="24"</span>"
  </samp>]
  "<span class="sf-dump-key">sec-ch-ua-mobile</span>" =&gt; <span class="sf-dump-note">array:1</span> [<a class="sf-dump-ref sf-dump-toggle" title="[Cmd+click] Expand all children"><span>▶</span></a><samp data-depth="2" class="sf-dump-compact">
    <span class="sf-dump-index">0</span> =&gt; "<span class="sf-dump-str" title="2 characters">?0</span>"
  </samp>]
  "<span class="sf-dump-key">sec-ch-ua-platform</span>" =&gt; <span class="sf-dump-note">array:1</span> [<a class="sf-dump-ref sf-dump-toggle" title="[Cmd+click] Expand all children"><span>▶</span></a><samp data-depth="2" class="sf-dump-compact">
    <span class="sf-dump-index">0</span> =&gt; "<span class="sf-dump-str" title="9 characters">"Windows"</span>"
  </samp>]
  "<span class="sf-dump-key">upgrade-insecure-requests</span>" =&gt; <span class="sf-dump-note">array:1</span> [<a class="sf-dump-ref sf-dump-toggle" title="[Cmd+click] Expand all children"><span>▶</span></a><samp data-depth="2" class="sf-dump-compact">
    <span class="sf-dump-index">0</span> =&gt; "<span class="sf-dump-str">1</span>"
  </samp>]
  "<span class="sf-dump-key">user-agent</span>" =&gt; <span class="sf-dump-note">array:1</span> [<a class="sf-dump-ref sf-dump-toggle" title="[Cmd+click] Expand all children"><span>▶</span></a><samp data-depth="2" class="sf-dump-compact">
    <span class="sf-dump-index">0</span> =&gt; "<span class="sf-dump-str" title="114 characters">Mozilla/5.0 (Windows NT 10.0; Win64; x64) AppleWebKit/537.36 (KHTML, like Gecko) Chrome/143.0.7499.4 Safari/537.36</span>"
  </samp>]
  "<span class="sf-dump-key">accept-language</span>" =&gt; <span class="sf-dump-note">array:1</span> [<a class="sf-dump-ref sf-dump-toggle" title="[Cmd+click] Expand all children"><span>▶</span></a><samp data-depth="2" class="sf-dump-compact">
    <span class="sf-dump-index">0</span> =&gt; "<span class="sf-dump-str" title="5 characters">en-US</span>"
  </samp>]
  "<span class="sf-dump-key">accept</span>" =&gt; <span class="sf-dump-note">array:1</span> [<a class="sf-dump-ref sf-dump-toggle" title="[Cmd+click] Expand all children"><span>▶</span></a><samp data-depth="2" class="sf-dump-compact">
    <span class="sf-dump-index">0</span> =&gt; "<span class="sf-dump-str" title="135 characters">text/html,application/xhtml+xml,application/xml;q=0.9,image/avif,image/webp,image/apng,*/*;q=0.8,application/signed-exchange;v=b3;q=0.7</span>"
  </samp>]
  "<span class="sf-dump-key">sec-fetch-site</span>" =&gt; <span class="sf-dump-note">array:1</span> [<a class="sf-dump-ref sf-dump-toggle" title="[Cmd+click] Expand all children"><span>▶</span></a><samp data-depth="2" class="sf-dump-compact">
    <span class="sf-dump-index">0</span> =&gt; "<span class="sf-dump-str" title="4 characters">none</span>"
  </samp>]
  "<span class="sf-dump-key">sec-fetch-mode</span>" =&gt; <span class="sf-dump-note">array:1</span> [<a class="sf-dump-ref sf-dump-toggle" title="[Cmd+click] Expand all children"><span>▶</span></a><samp data-depth="2" class="sf-dump-compact">
    <span class="sf-dump-index">0</span> =&gt; "<span class="sf-dump-str" title="8 characters">navigate</span>"
  </samp>]
  "<span class="sf-dump-key">sec-fetch-user</span>" =&gt; <span class="sf-dump-note">array:1</span> [<a class="sf-dump-ref sf-dump-toggle" title="[Cmd+click] Expand all children"><span>▶</span></a><samp data-depth="2" class="sf-dump-compact">
    <span class="sf-dump-index">0</span> =&gt; "<span class="sf-dump-str" title="2 characters">?1</span>"
  </samp>]
  "<span class="sf-dump-key">sec-fetch-dest</span>" =&gt; <span class="sf-dump-note">array:1</span> [<a class="sf-dump-ref sf-dump-toggle" title="[Cmd+click] Expand all children"><span>▶</span></a><samp data-depth="2" class="sf-dump-compact">
    <span class="sf-dump-index">0</span> =&gt; "<span class="sf-dump-str" title="8 characters">document</span>"
  </samp>]
  "<span class="sf-dump-key">accept-encoding</span>" =&gt; <span class="sf-dump-note">array:1</span> [<a class="sf-dump-ref sf-dump-toggle" title="[Cmd+click] Expand all children"><span>▶</span></a><samp data-depth="2" class="sf-dump-compact">
    <span class="sf-dump-index">0</span> =&gt; "<span class="sf-dump-str" title="23 characters">gzip, deflate, br, zstd</span>"
  </samp>]
</samp>]
</pre><script>Sfdump("sf-dump-166679069", {"maxDepth":0})</script>
</dd><dt class="phpdebugbar-widgets-key"><span title="request_cookies">request_cookies</span></dt><dd class="phpdebugbar-widgets-value"><pre class="sf-dump" id="sf-dump-128158109" data-indent-pad="  ">[]
</pre><script>Sfdump("sf-dump-128158109", {"maxDepth":0})</script>
</dd><dt class="phpdebugbar-widgets-key"><span title="response_headers">response_headers</span></dt><dd class="phpdebugbar-widgets-value"><pre class="sf-dump" id="sf-dump-555425208" data-indent-pad="  " tabindex="0"><div class="sf-dump-search-wrapper sf-dump-search-hidden"> <input type="text" class="sf-dump-search-input"> <span class="sf-dump-search-count">0 of 0</span> <button type="button" class="sf-dump-search-input-previous" tabindex="-1"> <svg viewBox="0 0 1792 1792" xmlns="http://www.w3.org/2000/svg"><path d="M1683 1331l-166 165q-19 19-45 19t-45-19L896 965l-531 531q-19 19-45 19t-45-19l-166-165q-19-19-19-45.5t19-45.5l742-741q19-19 45-19t45 19l742 741q19 19 19 45.5t-19 45.5z"></path></svg> </button> <button type="button" class="sf-dump-search-input-next" tabindex="-1"> <svg viewBox="0 0 1792 1792" xmlns="http://www.w3.org/2000/svg"><path d="M1683 808l-742 741q-19 19-45 19t-45-19L109 808q-19-19-19-45.5t19-45.5l166-165q19-19 45-19t45 19l531 531 531-531q19-19 45-19t45 19l166 165q19 19 19 45.5t-19 45.5z"></path></svg> </button> </div><span class="sf-dump-note">array:3</span> [<a class="sf-dump-ref sf-dump-toggle" title="[Cmd+click] Expand all children"><span>▼</span></a><samp data-depth="1" class="sf-dump-expanded">
  "<span class="sf-dump-key">cache-control</span>" =&gt; <span class="sf-dump-note">array:1</span> [<a class="sf-dump-ref sf-dump-toggle" title="[Cmd+click] Expand all children"><span>▶</span></a><samp data-depth="2" class="sf-dump-compact">
    <span class="sf-dump-index">0</span> =&gt; "<span class="sf-dump-str" title="17 characters">no-cache, private</span>"
  </samp>]
  "<span class="sf-dump-key">date</span>" =&gt; <span class="sf-dump-note">array:1</span> [<a class="sf-dump-ref sf-dump-toggle" title="[Cmd+click] Expand all children"><span>▶</span></a><samp data-depth="2" class="sf-dump-compact">
    <span class="sf-dump-index">0</span> =&gt; "<span class="sf-dump-str" title="29 characters">Sun, 30 Nov 2025 15:57:59 GMT</span>"
  </samp>]
  "<span class="sf-dump-key">content-type</span>" =&gt; <span class="sf-dump-note">array:1</span> [<a class="sf-dump-ref sf-dump-toggle" title="[Cmd+click] Expand all children"><span>▶</span></a><samp data-depth="2" class="sf-dump-compact">
    <span class="sf-dump-index">0</span> =&gt; "<span class="sf-dump-str" title="24 characters">text/html; charset=utf-8</span>"
  </samp>]
</samp>]
</pre><script>Sfdump("sf-dump-555425208", {"maxDepth":0})</script>
</dd><dt class="phpdebugbar-widgets-key"><span title="session_attributes">session_attributes</span></dt><dd class="phpdebugbar-widgets-value"><pre class="sf-dump" id="sf-dump-188008539" data-indent-pad="  " tabindex="0"><div class="sf-dump-search-wrapper sf-dump-search-hidden"> <input type="text" class="sf-dump-search-input"> <span class="sf-dump-search-count">0 of 0</span> <button type="button" class="sf-dump-search-input-previous" tabindex="-1"> <svg viewBox="0 0 1792 1792" xmlns="http://www.w3.org/2000/svg"><path d="M1683 1331l-166 165q-19 19-45 19t-45-19L896 965l-531 531q-19 19-45 19t-45-19l-166-165q-19-19-19-45.5t19-45.5l742-741q19-19 45-19t45 19l742 741q19 19 19 45.5t-19 45.5z"></path></svg> </button> <button type="button" class="sf-dump-search-input-next" tabindex="-1"> <svg viewBox="0 0 1792 1792" xmlns="http://www.w3.org/2000/svg"><path d="M1683 808l-742 741q-19 19-45 19t-45-19L109 808q-19-19-19-45.5t19-45.5l166-165q19-19 45-19t45 19l531 531 531-531q19-19 45-19t45 19l166 165q19 19 19 45.5t-19 45.5z"></path></svg> </button> </div><span class="sf-dump-note">array:1</span> [<a class="sf-dump-ref sf-dump-toggle" title="[Cmd+click] Expand all children"><span>▼</span></a><samp data-depth="1" class="sf-dump-expanded">
  "<span class="sf-dump-key">_token</span>" =&gt; "<span class="sf-dump-str" title="40 characters">6GA2n5w2nuA4qsM2ykCMd4UuE5xwDsLUKczuV7mO</span>"
</samp>]
</pre><script>Sfdump("sf-dump-188008539", {"maxDepth":0})</script>
</dd></dl></div><div class="phpdebugbar-panel" data-collector="messages"><div class="phpdebugbar-widgets-messages"><ul class="phpdebugbar-widgets-list"></ul><div class="phpdebugbar-widgets-toolbar"><i class="phpdebugbar-fa phpdebugbar-fa-search"></i><input type="text" name="search" aria-label="Search" placeholder="Search"><a class="phpdebugbar-widgets-filter" style="visibility: hidden;"></a></div></div></div><div class="phpdebugbar-panel" data-collector="timeline"><ul class="phpdebugbar-widgets-timeline"><li><div class="phpdebugbar-widgets-measure"><span class="phpdebugbar-widgets-value" style="left: 0%; width: 73.67%;"></span><span class="phpdebugbar-widgets-label">Booting (28.82ms)</span><span class="phpdebugbar-widgets-collector">time</span></div></li><li><div class="phpdebugbar-widgets-measure"><span class="phpdebugbar-widgets-value" style="left: 73.7%; width: 26.3%;"></span><span class="phpdebugbar-widgets-label">Application (10.29ms)</span><span class="phpdebugbar-widgets-collector">time</span></div></li><li><div class="phpdebugbar-widgets-measure"><span class="phpdebugbar-widgets-value" style="left: 78.39%; width: 3.16%;"></span><span class="phpdebugbar-widgets-label">Routing (1.24ms)</span></div></li><li><div class="phpdebugbar-widgets-measure"><span class="phpdebugbar-widgets-value" style="left: 87.7%; width: 11.82%;"></span><span class="phpdebugbar-widgets-label">Preparing Response (4.62ms)</span></div></li><li><div class="phpdebugbar-widgets-measure"><span class="phpdebugbar-widgets-value" style="left: 91.03%; width: 0%;"></span><span class="phpdebugbar-widgets-label">View: Auth/Login</span><span class="phpdebugbar-widgets-collector">views</span></div></li><li><table class="phpdebugbar-widgets-params"><tr><td class="phpdebugbar-widgets-name">1 x Booting (73.67%)</td><td class="phpdebugbar-widgets-value"><div class="phpdebugbar-widgets-measure"><span class="phpdebugbar-widgets-value" style="width: 73.67%;"></span><span class="phpdebugbar-widgets-label">28.82ms</span></div></td></tr><tr><td class="phpdebugbar-widgets-name">1 x Application (26.3%)</td><td class="phpdebugbar-widgets-value"><div class="phpdebugbar-widgets-measure"><span class="phpdebugbar-widgets-value" style="width: 26.3%;"></span><span class="phpdebugbar-widgets-label">10.29ms</span></div></td></tr><tr><td class="phpdebugbar-widgets-name">1 x Preparing Response (11.82%)</td><td class="phpdebugbar-widgets-value"><div class="phpdebugbar-widgets-measure"><span class="phpdebugbar-widgets-value" style="width: 11.82%;"></span><span class="phpdebugbar-widgets-label">4.62ms</span></div></td></tr><tr><td class="phpdebugbar-widgets-name">1 x Routing (3.16%)</td><td class="phpdebugbar-widgets-value"><div class="phpdebugbar-widgets-measure"><span class="phpdebugbar-widgets-value" style="width: 3.16%;"></span><span class="phpdebugbar-widgets-label">1.24ms</span></div></td></tr><tr><td class="phpdebugbar-widgets-name">1 x View (0%)</td><td class="phpdebugbar-widgets-value"><div class="phpdebugbar-widgets-measure"><span class="phpdebugbar-widgets-value" style="width: 0%;"></span><span class="phpdebugbar-widgets-label">0μs</span></div></td></tr></table></li></ul></div><div class="phpdebugbar-panel" data-collector="exceptions"><div class="phpdebugbar-widgets-exceptions"><ul class="phpdebugbar-widgets-list"></ul></div></div><div class="phpdebugbar-panel" data-collector="views"><div class="phpdebugbar-widgets-templates"><div class="phpdebugbar-widgets-status"><span>1 templates were rendered</span></div><ul class="phpdebugbar-widgets-list"><li class="phpdebugbar-widgets-list-item"><span class="phpdebugbar-widgets-name">Auth/Login</span><span class="phpdebugbar-widgets-filename">app.blade.php#?<a href="phpstorm://open?file=%2FUsers%2Fvahan%2FHerd%2Flaravel-react-reactions%2Fpackages%2Ftruefans%2Flaravel-react-reactions%2Fworkbench%2Fresources%2Fviews%2Fapp.blade.php&amp;line=1" class="phpdebugbar-widgets-editor-link"></a></span><span title="Parameter count" class="phpdebugbar-widgets-param-count"></span><span title="Type" class="phpdebugbar-widgets-type">blade</span></li></ul><div class="phpdebugbar-widgets-callgraph"></div></div></div><div class="phpdebugbar-panel" data-collector="queries"><div class="phpdebugbar-widgets-sqlqueries"><div class="phpdebugbar-widgets-status"><span>0 statements were executed</span><span title="Accumulated duration" class="phpdebugbar-widgets-duration">0μs</span></div><ul class="phpdebugbar-widgets-list"></ul></div></div><div class="phpdebugbar-panel" data-collector="models"><div class="phpdebugbar-widgets-tablevarlist"><table class="phpdebugbar-widgets-tablevar"><tr class="phpdebugbar-widgets-header"><td></td><td>Retrieved</td><td>Created</td><td>Updated</td><td>Deleted</td></tr></table></div></div><div class="phpdebugbar-panel" data-collector="emails"><div class="phpdebugbar-widgets-mails"><ul class="phpdebugbar-widgets-list"></ul></div></div><div class="phpdebugbar-panel" data-collector="gate"><div class="phpdebugbar-widgets-messages"><ul class="phpdebugbar-widgets-list"></ul><div class="phpdebugbar-widgets-toolbar"><i class="phpdebugbar-fa phpdebugbar-fa-search"></i><input type="text" name="search" aria-label="Search" placeholder="Search"><a class="phpdebugbar-widgets-filter" style="visibility: hidden;"></a></div></div></div><div class="phpdebugbar-panel" data-collector="__datasets"><div class="phpdebugbar-widgets-dataset-history"><div class="phpdebugbar-widgets-dataset-actions"><label>Autoshow<input type="checkbox"></label><a>Clear</a><a>Show all</a><select name="method" style="width:100px"><option>(method)</option><option>GET</option><option>POST</option><option>PUT</option><option>DELETE</option></select><input type="text" name="search" aria-label="Search" placeholder="Search"></div><table><thead><tr><th style="width: 30px;"></th><th style="width: 175px;">Date ↕</th><th style="width: 80px;">Method</th><th>URL</th><th width="40%">Data</th></tr></thead><tbody><tr data-id="01KBAQRDVCJVTFM09HFG8FQMY2" class="phpdebugbar-widgets-table-row phpdebugbar-widgets-active" style="cursor: pointer;"><td>#1</td><td>2025-11-30 15:57:59</td><td>GET</td><td>/login</td><td><a title="Views"><i class="phpdebugbar-fa phpdebugbar-fa-leaf"></i><span class="phpdebugbar-badge" style="display: inline-block;">1</span></a></td></tr></tbody></table></div></div></div><a class="phpdebugbar-restore-btn" style="display: none;"></a></div><div class="phpdebugbar-openhandler" data-theme="light" style="display: none;"><div class="phpdebugbar-openhandler-header">PHP DebugBar | Open<a><i class="phpdebugbar-fa phpdebugbar-fa-times"></i></a></div><table><thead><tr><th width="155">Date</th><th width="75">Method</th><th>URL</th><th width="125">IP</th><th width="100">Filter data</th></tr></thead><tbody></tbody></table><div class="phpdebugbar-openhandler-actions"><a>Load more</a><a>Show only current URL</a><a>Show all</a><a>Delete all</a><form><br><b>Filter results</b><br><select name="method"><option selected="">(Method)</option><option>GET</option><option>POST</option><option>PUT</option><option>DELETE</option></select><input type="text" name="uri" placeholder="URI"><input type="text" name="ip" placeholder="IP"><button type="submit">Search</button></form></div></div><div class="phpdebugbar-openhandler-overlay" style="display: none;"></div>


<div id="nprogress" style="transition: none; opacity: 1;"><div class="bar" role="bar" style="transform: translate3d(0%, 0px, 0px); transition: 200ms linear;"><div class="peg"></div></div></div></body></html>

[1A[2K[32/40] [chromium] › tests/Browser/toast-notifications.spec.js:24:5 › Toast Notifications › shows success toast when removing reaction
[1A[2K[chromium] › tests/Browser/reactions.spec.js:119:5 › Reactions Component › should persist reaction after page reload
BROWSER LOG: Comments initialized: {initialCount: 5, totalComments: 36, hasMore: true}

[1A[2KBROWSER LOG: Comments initialized: {initialCount: 3, totalComments: 3, hasMore: false}

[1A[2KBROWSER LOG: Comments initialized: {initialCount: 2, totalComments: 2, hasMore: false}

[1A[2KBROWSER LOG: Comments initialized: {initialCount: 5, totalComments: 5, hasMore: false}

[1A[2KBROWSER LOG: Comments initialized: {initialCount: 3, totalComments: 3, hasMore: false}

[1A[2KBROWSER LOG: Comments initialized: {initialCount: 4, totalComments: 4, hasMore: false}

[1A[2KBROWSER LOG: Comments initialized: {initialCount: 5, totalComments: 5, hasMore: false}

[1A[2KBROWSER LOG: Comments initialized: {initialCount: 2, totalComments: 2, hasMore: false}

[1A[2KBROWSER LOG: Comments initialized: {initialCount: 5, totalComments: 5, hasMore: false}

[1A[2KBROWSER LOG: Comments initialized: {initialCount: 5, totalComments: 5, hasMore: false}

[1A[2KBROWSER LOG: All props: {posts: Array(10), flash: Object, errors: Array(0)}

[1A[2KBROWSER LOG: Flash: {success: null} Errors: []

[1A[2K  20) [chromium] › tests/Browser/reactions.spec.js:86:5 › Reactions Component › should remove reaction when clicking same type 

    Error: locator.click: Error: strict mode violation: getByRole('button', { name: /like/i }) resolved to 74 elements:
        1) <button type="button" id="radix-_r_0_" data-state="closed" aria-haspopup="menu" aria-expanded="false" data-testid="reaction-button-like" class="↵                            group inline-flex items-center gap-1.5 px-3 py-1.5 rounded-md font-medium text-sm transition-all duration-200↵                            bg-gray-900 text-white hover:bg-gray-800 shadow-sm↵                            cursor-pointer hover:scale-105↵                        ">…</button> aka locator('#radix-_r_0_')
        2) <button type="button" id="radix-_r_4_" data-state="closed" aria-haspopup="menu" aria-expanded="false" data-testid="reaction-button-like" class="↵                            group inline-flex items-center gap-1.5 px-3 py-1.5 rounded-md font-medium text-sm transition-all duration-200↵                            bg-white text-gray-700 hover:bg-gray-50 border border-gray-300↵                            cursor-pointer hover:scale-105↵                        ">…</button> aka locator('#radix-_r_4_')
        3) <button type="button" id="radix-_r_b_" data-state="closed" aria-haspopup="menu" aria-expanded="false" data-testid="reaction-button-like" class="↵                            group inline-flex items-center gap-1.5 px-3 py-1.5 rounded-md font-medium text-sm transition-all duration-200↵                            bg-white text-gray-700 hover:bg-gray-50 border border-gray-300↵                            cursor-pointer hover:scale-105↵                        ">…</button> aka locator('#radix-_r_b_')
        4) <button type="button" id="radix-_r_f_" data-state="closed" aria-haspopup="menu" aria-expanded="false" data-testid="reaction-button-like" class="↵                            group inline-flex items-center gap-1.5 px-3 py-1.5 rounded-md font-medium text-sm transition-all duration-200↵                            bg-white text-gray-700 hover:bg-gray-50 border border-gray-300↵                            cursor-pointer hover:scale-105↵                        ">…</button> aka locator('#radix-_r_f_')
        5) <button type="button" id="radix-_r_p_" data-state="closed" aria-haspopup="menu" aria-expanded="false" data-testid="reaction-button-like" class="↵                            group inline-flex items-center gap-1.5 px-3 py-1.5 rounded-md font-medium text-sm transition-all duration-200↵                            bg-white text-gray-700 hover:bg-gray-50 border border-gray-300↵                            cursor-pointer hover:scale-105↵                        ">…</button> aka locator('#radix-_r_p_')
        6) <button type="button" id="radix-_r_t_" data-state="closed" aria-haspopup="menu" aria-expanded="false" data-testid="reaction-button-like" class="↵                            group inline-flex items-center gap-1.5 px-3 py-1.5 rounded-md font-medium text-sm transition-all duration-200↵                            bg-white text-gray-700 hover:bg-gray-50 border border-gray-300↵                            cursor-pointer hover:scale-105↵                        ">…</button> aka locator('#radix-_r_t_')
        7) <button type="button" id="radix-_r_17_" data-state="closed" aria-haspopup="menu" aria-expanded="false" data-testid="reaction-button-like" class="↵                            group inline-flex items-center gap-1.5 px-3 py-1.5 rounded-md font-medium text-sm transition-all duration-200↵                            bg-white text-gray-700 hover:bg-gray-50 border border-gray-300↵                            cursor-pointer hover:scale-105↵                        ">…</button> aka locator('#radix-_r_17_')
        8) <button type="button" id="radix-_r_1b_" data-state="closed" aria-haspopup="menu" aria-expanded="false" data-testid="reaction-button-like" class="↵                            group inline-flex items-center gap-1.5 px-3 py-1.5 rounded-md font-medium text-sm transition-all duration-200↵                            bg-white text-gray-700 hover:bg-gray-50 border border-gray-300↵                            cursor-pointer hover:scale-105↵                        ">…</button> aka locator('#radix-_r_1b_')
        9) <button type="button" id="radix-_r_1i_" data-state="closed" aria-haspopup="menu" aria-expanded="false" data-testid="reaction-button-like" class="↵                            group inline-flex items-center gap-1.5 px-3 py-1.5 rounded-md font-medium text-sm transition-all duration-200↵                            bg-white text-gray-700 hover:bg-gray-50 border border-gray-300↵                            cursor-pointer hover:scale-105↵                        ">…</button> aka locator('#radix-_r_1i_')
        10) <button type="button" id="radix-_r_1s_" data-state="closed" aria-haspopup="menu" aria-expanded="false" data-testid="reaction-button-like" class="↵                            group inline-flex items-center gap-1.5 px-3 py-1.5 rounded-md font-medium text-sm transition-all duration-200↵                            bg-white text-gray-700 hover:bg-gray-50 border border-gray-300↵                            cursor-pointer hover:scale-105↵                        ">…</button> aka locator('#radix-_r_1s_')
        ...

    Call log:
    [2m  - waiting for getByRole('button', { name: /like/i })[22m


      88 |         
      89 |         // Add a reaction
    > 90 |         await likeButton.click();
         |                          ^
      91 |         await page.waitForTimeout(500);
      92 |         
      93 |         // Click again to remove
        at /Users/vahan/Herd/laravel-react-reactions/packages/truefans/laravel-react-reactions/tests/Browser/reactions.spec.js:90:26

    attachment #1: screenshot (image/png) ──────────────────────────────────────────────────────────
    test-results/reactions-Reactions-Compon-11eb5-ion-when-clicking-same-type-chromium/test-failed-1.png
    ────────────────────────────────────────────────────────────────────────────────────────────────

    Error Context: test-results/reactions-Reactions-Compon-11eb5-ion-when-clicking-same-type-chromium/error-context.md


[1A[2K[chromium] › tests/Browser/reactions.spec.js:138:5 › Reactions Component › should handle multiple reaction types
BROWSER LOG: Comments initialized: {initialCount: 5, totalComments: 36, hasMore: true}

[1A[2KBROWSER LOG: Comments initialized: {initialCount: 3, totalComments: 3, hasMore: false}

[1A[2KBROWSER LOG: Comments initialized: {initialCount: 2, totalComments: 2, hasMore: false}

[1A[2KBROWSER LOG: Comments initialized: {initialCount: 5, totalComments: 5, hasMore: false}

[1A[2KBROWSER LOG: Comments initialized: {initialCount: 3, totalComments: 3, hasMore: false}

[1A[2KBROWSER LOG: Comments initialized: {initialCount: 4, totalComments: 4, hasMore: false}

[1A[2KBROWSER LOG: Comments initialized: {initialCount: 5, totalComments: 5, hasMore: false}

[1A[2KBROWSER LOG: Comments initialized: {initialCount: 2, totalComments: 2, hasMore: false}

[1A[2KBROWSER LOG: Comments initialized: {initialCount: 5, totalComments: 5, hasMore: false}

[1A[2KBROWSER LOG: Comments initialized: {initialCount: 5, totalComments: 5, hasMore: false}

[1A[2KBROWSER LOG: All props: {posts: Array(10), flash: Object, errors: Array(0)}

[1A[2KBROWSER LOG: Flash: {success: null} Errors: []

[1A[2K[chromium] › tests/Browser/reactions.spec.js:119:5 › Reactions Component › should persist reaction after page reload
PAGE CONTENT: <!DOCTYPE html><html lang="en" class="sf-js-enabled nprogress-busy"><head>
    <meta charset="utf-8">
    <meta name="viewport" content="width=device-width, initial-scale=1">
    <meta name="csrf-token" content="KGqLqYkPZEON2goxdDJZoYmcd7X96RGtWhz5NClr">

    <title inertia="">Login - Laravel</title>

    <script type="module">
    import RefreshRuntime from 'http://localhost:5174/@react-refresh'
    RefreshRuntime.injectIntoGlobalHook(window)
    window.$RefreshReg$ = () => {}
    window.$RefreshSig$ = () => (type) => type
    window.__vite_plugin_react_preamble_installed__ = true
</script>    <script type="module" src="http://localhost:5174/@vite/client"></script><link rel="stylesheet" href="http://localhost:5174/workbench/resources/css/app.css"><script type="module" src="http://localhost:5174/workbench/resources/js/app.jsx"></script>    <link rel="stylesheet" type="text/css" property="stylesheet" href="/_debugbar/assets/stylesheets?v=1763541085" data-turbolinks-eval="false" data-turbo-eval="false"><script src="/_debugbar/assets/javascript?v=1763541085" data-turbolinks-eval="false" data-turbo-eval="false"></script><script data-turbo-eval="false">jQuery.noConflict(true);</script>
<script> Sfdump = window.Sfdump || (function (doc) { doc.documentElement.classList.add('sf-js-enabled'); var rxEsc = /([.*+?^${}()|\[\]\/\\])/g, idRx = /\bsf-dump-\d+-ref[012]\w+\b/, keyHint = 0 <= navigator.platform.toUpperCase().indexOf('MAC') ? 'Cmd' : 'Ctrl', addEventListener = function (e, n, cb) { e.addEventListener(n, cb, false); }; if (!doc.addEventListener) { addEventListener = function (element, eventName, callback) { element.attachEvent('on' + eventName, function (e) { e.preventDefault = function () {e.returnValue = false;}; e.target = e.srcElement; callback(e); }); }; } function toggle(a, recursive) { var s = a.nextSibling || {}, oldClass = s.className, arrow, newClass; if (/\bsf-dump-compact\b/.test(oldClass)) { arrow = '▼'; newClass = 'sf-dump-expanded'; } else if (/\bsf-dump-expanded\b/.test(oldClass)) { arrow = '▶'; newClass = 'sf-dump-compact'; } else { return false; } if (doc.createEvent && s.dispatchEvent) { var event = doc.createEvent('Event'); event.initEvent('sf-dump-expanded' === newClass ? 'sfbeforedumpexpand' : 'sfbeforedumpcollapse', true, false); s.dispatchEvent(event); } a.lastChild.innerHTML = arrow; s.className = s.className.replace(/\bsf-dump-(compact|expanded)\b/, newClass); if (recursive) { try { a = s.querySelectorAll('.'+oldClass); for (s = 0; s < a.length; ++s) { if (-1 == a[s].className.indexOf(newClass)) { a[s].className = newClass; a[s].previousSibling.lastChild.innerHTML = arrow; } } } catch (e) { } } return true; }; function collapse(a, recursive) { var s = a.nextSibling || {}, oldClass = s.className; if (/\bsf-dump-expanded\b/.test(oldClass)) { toggle(a, recursive); return true; } return false; }; function expand(a, recursive) { var s = a.nextSibling || {}, oldClass = s.className; if (/\bsf-dump-compact\b/.test(oldClass)) { toggle(a, recursive); return true; } return false; }; function collapseAll(root) { var a = root.querySelector('a.sf-dump-toggle'); if (a) { collapse(a, true); expand(a); return true; } return false; } function reveal(node) { var previous, parents = []; while ((node = node.parentNode || {}) && (previous = node.previousSibling) && 'A' === previous.tagName) { parents.push(previous); } if (0 !== parents.length) { parents.forEach(function (parent) { expand(parent); }); return true; } return false; } function highlight(root, activeNode, nodes) { resetHighlightedNodes(root); Array.from(nodes||[]).forEach(function (node) { if (!/\bsf-dump-highlight\b/.test(node.className)) { node.className = node.className + ' sf-dump-highlight'; } }); if (!/\bsf-dump-highlight-active\b/.test(activeNode.className)) { activeNode.className = activeNode.className + ' sf-dump-highlight-active'; } } function resetHighlightedNodes(root) { Array.from(root.querySelectorAll('.sf-dump-str, .sf-dump-key, .sf-dump-public, .sf-dump-protected, .sf-dump-private')).forEach(function (strNode) { strNode.className = strNode.className.replace(/\bsf-dump-highlight\b/, ''); strNode.className = strNode.className.replace(/\bsf-dump-highlight-active\b/, ''); }); } return function (root, x) { root = doc.getElementById(root); var indentRx = new RegExp('^('+(root.getAttribute('data-indent-pad') || ' ').replace(rxEsc, '\\$1')+')+', 'm'), options = {"maxDepth":1,"maxStringLength":160,"fileLinkFormat":false}, elt = root.getElementsByTagName('A'), len = elt.length, i = 0, s, h, t = []; while (i < len) t.push(elt[i++]); for (i in x) { options[i] = x[i]; } function a(e, f) { addEventListener(root, e, function (e, n) { if ('A' == e.target.tagName) { f(e.target, e); } else if ('A' == e.target.parentNode.tagName) { f(e.target.parentNode, e); } else { n = /\bsf-dump-ellipsis\b/.test(e.target.className) ? e.target.parentNode : e.target; if ((n = n.nextElementSibling) && 'A' == n.tagName) { if (!/\bsf-dump-toggle\b/.test(n.className)) { n = n.nextElementSibling || n; } f(n, e, true); } } }); }; function isCtrlKey(e) { return e.ctrlKey || e.metaKey; } function xpathString(str) { var parts = str.match(/[^'"]+|['"]/g).map(function (part) { if ("'" == part) { return '"\'"'; } if ('"' == part) { return "'\"'"; } return "'" + part + "'"; }); return "concat(" + parts.join(",") + ", '')"; } function xpathHasClass(className) { return "contains(concat(' ', normalize-space(@class), ' '), ' " + className +" ')"; } a('mouseover', function (a, e, c) { if (c) { e.target.style.cursor = "pointer"; } }); a('click', function (a, e, c) { if (/\bsf-dump-toggle\b/.test(a.className)) { e.preventDefault(); if (!toggle(a, isCtrlKey(e))) { var r = doc.getElementById(a.getAttribute('href').slice(1)), s = r.previousSibling, f = r.parentNode, t = a.parentNode; t.replaceChild(r, a); f.replaceChild(a, s); t.insertBefore(s, r); f = f.firstChild.nodeValue.match(indentRx); t = t.firstChild.nodeValue.match(indentRx); if (f && t && f[0] !== t[0]) { r.innerHTML = r.innerHTML.replace(new RegExp('^'+f[0].replace(rxEsc, '\\$1'), 'mg'), t[0]); } if (/\bsf-dump-compact\b/.test(r.className)) { toggle(s, isCtrlKey(e)); } } if (c) { } else if (doc.getSelection) { try { doc.getSelection().removeAllRanges(); } catch (e) { doc.getSelection().empty(); } } else { doc.selection.empty(); } } else if (/\bsf-dump-str-toggle\b/.test(a.className)) { e.preventDefault(); e = a.parentNode.parentNode; e.className = e.className.replace(/\bsf-dump-str-(expand|collapse)\b/, a.parentNode.className); } }); elt = root.getElementsByTagName('SAMP'); len = elt.length; i = 0; while (i < len) t.push(elt[i++]); len = t.length; for (i = 0; i < len; ++i) { elt = t[i]; if ('SAMP' == elt.tagName) { a = elt.previousSibling || {}; if ('A' != a.tagName) { a = doc.createElement('A'); a.className = 'sf-dump-ref'; elt.parentNode.insertBefore(a, elt); } else { a.innerHTML += ' '; } a.title = (a.title ? a.title+'\n[' : '[')+keyHint+'+click] Expand all children'; a.innerHTML += elt.className == 'sf-dump-compact' ? '<span>▶</span>' : '<span>▼</span>'; a.className += ' sf-dump-toggle'; x = 1; if ('sf-dump' != elt.parentNode.className) { x += elt.parentNode.getAttribute('data-depth')/1; } } else if (/\bsf-dump-ref\b/.test(elt.className) && (a = elt.getAttribute('href'))) { a = a.slice(1); elt.className += ' sf-dump-hover'; elt.className += ' '+a; if (/[\[{]$/.test(elt.previousSibling.nodeValue)) { a = a != elt.nextSibling.id && doc.getElementById(a); try { s = a.nextSibling; elt.appendChild(a); s.parentNode.insertBefore(a, s); if (/^[@#]/.test(elt.innerHTML)) { elt.innerHTML += ' <span>▶</span>'; } else { elt.innerHTML = '<span>▶</span>'; elt.className = 'sf-dump-ref'; } elt.className += ' sf-dump-toggle'; } catch (e) { if ('&' == elt.innerHTML.charAt(0)) { elt.innerHTML = '…'; elt.className = 'sf-dump-ref'; } } } } } if (doc.evaluate && Array.from && root.children.length > 1) { root.setAttribute('tabindex', 0); SearchState = function () { this.nodes = []; this.idx = 0; }; SearchState.prototype = { next: function () { if (this.isEmpty()) { return this.current(); } this.idx = this.idx < (this.nodes.length - 1) ? this.idx + 1 : 0; return this.current(); }, previous: function () { if (this.isEmpty()) { return this.current(); } this.idx = this.idx > 0 ? this.idx - 1 : (this.nodes.length - 1); return this.current(); }, isEmpty: function () { return 0 === this.count(); }, current: function () { if (this.isEmpty()) { return null; } return this.nodes[this.idx]; }, reset: function () { this.nodes = []; this.idx = 0; }, count: function () { return this.nodes.length; }, }; function showCurrent(state) { var currentNode = state.current(), currentRect, searchRect; if (currentNode) { reveal(currentNode); highlight(root, currentNode, state.nodes); if ('scrollIntoView' in currentNode) { currentNode.scrollIntoView(true); currentRect = currentNode.getBoundingClientRect(); searchRect = search.getBoundingClientRect(); if (currentRect.top < (searchRect.top + searchRect.height)) { window.scrollBy(0, -(searchRect.top + searchRect.height + 5)); } } } counter.textContent = (state.isEmpty() ? 0 : state.idx + 1) + ' of ' + state.count(); } var search = doc.createElement('div'); search.className = 'sf-dump-search-wrapper sf-dump-search-hidden'; search.innerHTML = ' <input type="text" class="sf-dump-search-input"> <span class="sf-dump-search-count">0 of 0<\/span> <button type="button" class="sf-dump-search-input-previous" tabindex="-1"> <svg viewBox="0 0 1792 1792" xmlns="http://www.w3.org/2000/svg"><path d="M1683 1331l-166 165q-19 19-45 19t-45-19L896 965l-531 531q-19 19-45 19t-45-19l-166-165q-19-19-19-45.5t19-45.5l742-741q19-19 45-19t45 19l742 741q19 19 19 45.5t-19 45.5z"\/><\/svg> <\/button> <button type="button" class="sf-dump-search-input-next" tabindex="-1"> <svg viewBox="0 0 1792 1792" xmlns="http://www.w3.org/2000/svg"><path d="M1683 808l-742 741q-19 19-45 19t-45-19L109 808q-19-19-19-45.5t19-45.5l166-165q19-19 45-19t45 19l531 531 531-531q19-19 45-19t45 19l166 165q19 19 19 45.5t-19 45.5z"\/><\/svg> <\/button> '; root.insertBefore(search, root.firstChild); var state = new SearchState(); var searchInput = search.querySelector('.sf-dump-search-input'); var counter = search.querySelector('.sf-dump-search-count'); var searchInputTimer = 0; var previousSearchQuery = ''; addEventListener(searchInput, 'keyup', function (e) { var searchQuery = e.target.value; /* Don't perform anything if the pressed key didn't change the query */ if (searchQuery === previousSearchQuery) { return; } previousSearchQuery = searchQuery; clearTimeout(searchInputTimer); searchInputTimer = setTimeout(function () { state.reset(); collapseAll(root); resetHighlightedNodes(root); if ('' === searchQuery) { counter.textContent = '0 of 0'; return; } var classMatches = [ "sf-dump-str", "sf-dump-key", "sf-dump-public", "sf-dump-protected", "sf-dump-private", ].map(xpathHasClass).join(' or '); var xpathResult = doc.evaluate('.//span[' + classMatches + '][contains(translate(child::text(), ' + xpathString(searchQuery.toUpperCase()) + ', ' + xpathString(searchQuery.toLowerCase()) + '), ' + xpathString(searchQuery.toLowerCase()) + ')]', root, null, XPathResult.ORDERED_NODE_ITERATOR_TYPE, null); while (node = xpathResult.iterateNext()) state.nodes.push(node); showCurrent(state); }, 400); }); Array.from(search.querySelectorAll('.sf-dump-search-input-next, .sf-dump-search-input-previous')).forEach(function (btn) { addEventListener(btn, 'click', function (e) { e.preventDefault(); -1 !== e.target.className.indexOf('next') ? state.next() : state.previous(); searchInput.focus(); collapseAll(root); showCurrent(state); }) }); addEventListener(root, 'keydown', function (e) { var isSearchActive = !/\bsf-dump-search-hidden\b/.test(search.className); if ((114 === e.keyCode && !isSearchActive) || (isCtrlKey(e) && 70 === e.keyCode)) { /* F3 or CMD/CTRL + F */ if (70 === e.keyCode && document.activeElement === searchInput) { /* * If CMD/CTRL + F is hit while having focus on search input, * the user probably meant to trigger browser search instead. * Let the browser execute its behavior: */ return; } e.preventDefault(); search.className = search.className.replace(/\bsf-dump-search-hidden\b/, ''); searchInput.focus(); } else if (isSearchActive) { if (27 === e.keyCode) { /* ESC key */ search.className += ' sf-dump-search-hidden'; e.preventDefault(); resetHighlightedNodes(root); searchInput.value = ''; } else if ( (isCtrlKey(e) && 71 === e.keyCode) /* CMD/CTRL + G */ || 13 === e.keyCode /* Enter */ || 114 === e.keyCode /* F3 */ ) { e.preventDefault(); e.shiftKey ? state.previous() : state.next(); collapseAll(root); showCurrent(state); } } }); } if (0 >= options.maxStringLength) { return; } try { elt = root.querySelectorAll('.sf-dump-str'); len = elt.length; i = 0; t = []; while (i < len) t.push(elt[i++]); len = t.length; for (i = 0; i < len; ++i) { elt = t[i]; s = elt.innerText || elt.textContent; x = s.length - options.maxStringLength; if (0 < x) { h = elt.innerHTML; elt[elt.innerText ? 'innerText' : 'textContent'] = s.substring(0, options.maxStringLength); elt.className += ' sf-dump-str-collapse'; elt.innerHTML = '<span class=sf-dump-str-collapse>'+h+'<a class="sf-dump-ref sf-dump-str-toggle" title="Collapse"> ◀</a></span>'+ '<span class=sf-dump-str-expand>'+elt.innerHTML+'<a class="sf-dump-ref sf-dump-str-toggle" title="'+x+' remaining characters"> ▶</a></span>'; } } } catch (e) { } }; })(document); </script><style> .sf-js-enabled .phpdebugbar pre.sf-dump .sf-dump-compact, .sf-js-enabled .sf-dump-str-collapse .sf-dump-str-collapse, .sf-js-enabled .sf-dump-str-expand .sf-dump-str-expand { display: none; } .sf-dump-hover:hover { background-color: #B729D9; color: #FFF !important; border-radius: 2px; } .phpdebugbar pre.sf-dump { display: block; white-space: pre; padding: 5px; overflow: initial !important; } .phpdebugbar pre.sf-dump:after { content: ""; visibility: hidden; display: block; height: 0; clear: both; } .phpdebugbar pre.sf-dump .sf-dump-ellipsization { display: inline-flex; } .phpdebugbar pre.sf-dump a { text-decoration: none; cursor: pointer; border: 0; outline: none; color: inherit; } .phpdebugbar pre.sf-dump img { max-width: 50em; max-height: 50em; margin: .5em 0 0 0; padding: 0; background: url(data:image/png;base64,iVBORw0KGgoAAAANSUhEUgAAABAAAAAQCAAAAAA6mKC9AAAAHUlEQVQY02O8zAABilCaiQEN0EeA8QuUcX9g3QEAAjcC5piyhyEAAAAASUVORK5CYII=) #D3D3D3; } .phpdebugbar pre.sf-dump .sf-dump-ellipsis { text-overflow: ellipsis; white-space: nowrap; overflow: hidden; } .phpdebugbar pre.sf-dump .sf-dump-ellipsis-tail { flex-shrink: 0; } .phpdebugbar pre.sf-dump code { display:inline; padding:0; background:none; } .sf-dump-public.sf-dump-highlight, .sf-dump-protected.sf-dump-highlight, .sf-dump-private.sf-dump-highlight, .sf-dump-str.sf-dump-highlight, .sf-dump-key.sf-dump-highlight { background: rgba(111, 172, 204, 0.3); border: 1px solid #7DA0B1; border-radius: 3px; } .sf-dump-public.sf-dump-highlight-active, .sf-dump-protected.sf-dump-highlight-active, .sf-dump-private.sf-dump-highlight-active, .sf-dump-str.sf-dump-highlight-active, .sf-dump-key.sf-dump-highlight-active { background: rgba(253, 175, 0, 0.4); border: 1px solid #ffa500; border-radius: 3px; } .phpdebugbar pre.sf-dump .sf-dump-search-hidden { display: none !important; } .phpdebugbar pre.sf-dump .sf-dump-search-wrapper { font-size: 0; white-space: nowrap; margin-bottom: 5px; display: flex; position: -webkit-sticky; position: sticky; top: 5px; } .phpdebugbar pre.sf-dump .sf-dump-search-wrapper > * { vertical-align: top; box-sizing: border-box; height: 21px; font-weight: normal; border-radius: 0; background: #FFF; color: #757575; border: 1px solid #BBB; } .phpdebugbar pre.sf-dump .sf-dump-search-wrapper > input.sf-dump-search-input { padding: 3px; height: 21px; font-size: 12px; border-right: none; border-top-left-radius: 3px; border-bottom-left-radius: 3px; color: #000; min-width: 15px; width: 100%; } .phpdebugbar pre.sf-dump .sf-dump-search-wrapper > .sf-dump-search-input-next, .phpdebugbar pre.sf-dump .sf-dump-search-wrapper > .sf-dump-search-input-previous { background: #F2F2F2; outline: none; border-left: none; font-size: 0; line-height: 0; } .phpdebugbar pre.sf-dump .sf-dump-search-wrapper > .sf-dump-search-input-next { border-top-right-radius: 3px; border-bottom-right-radius: 3px; } .phpdebugbar pre.sf-dump .sf-dump-search-wrapper > .sf-dump-search-input-next > svg, .phpdebugbar pre.sf-dump .sf-dump-search-wrapper > .sf-dump-search-input-previous > svg { pointer-events: none; width: 12px; height: 12px; } .phpdebugbar pre.sf-dump .sf-dump-search-wrapper > .sf-dump-search-count { display: inline-block; padding: 0 5px; margin: 0; border-left: none; line-height: 21px; font-size: 12px; }.phpdebugbar pre.sf-dump, .phpdebugbar pre.sf-dump .sf-dump-default{word-wrap: break-word; white-space: pre-wrap; word-break: normal}.phpdebugbar pre.sf-dump .sf-dump-num{font-weight:bold; color:#1299DA}.phpdebugbar pre.sf-dump .sf-dump-const{font-weight:bold}.phpdebugbar pre.sf-dump .sf-dump-str{font-weight:bold; color:#3A9B26}.phpdebugbar pre.sf-dump .sf-dump-note{color:#1299DA}.phpdebugbar pre.sf-dump .sf-dump-ref{color:#7B7B7B}.phpdebugbar pre.sf-dump .sf-dump-public{color:#000000}.phpdebugbar pre.sf-dump .sf-dump-protected{color:#000000}.phpdebugbar pre.sf-dump .sf-dump-private{color:#000000}.phpdebugbar pre.sf-dump .sf-dump-meta{color:#B729D9}.phpdebugbar pre.sf-dump .sf-dump-key{color:#3A9B26}.phpdebugbar pre.sf-dump .sf-dump-index{color:#1299DA}.phpdebugbar pre.sf-dump .sf-dump-ellipsis{color:#A0A000}.phpdebugbar pre.sf-dump .sf-dump-virtual{font-style:italic}.phpdebugbar pre.sf-dump .sf-dump-ns{user-select:none;}.phpdebugbar pre.sf-dump .sf-dump-ellipsis-note{color:#1299DA}.phpdebugbar[data-theme='dark'] pre.sf-dump, pre.sf-dump .sf-dump-default{background-color:#18171B; color:#FF8400; line-height:1.2em; font:12px Menlo, Monaco, Consolas, monospace; word-wrap: break-word; white-space: pre-wrap; position:relative; z-index:99999; word-break: break-all}.phpdebugbar[data-theme='dark'] pre.sf-dump .sf-dump-num{font-weight:bold; color:#1299DA}.phpdebugbar[data-theme='dark'] pre.sf-dump .sf-dump-const{font-weight:bold}.phpdebugbar[data-theme='dark'] pre.sf-dump .sf-dump-virtual{font-style:italic}.phpdebugbar[data-theme='dark'] pre.sf-dump .sf-dump-str{font-weight:bold; color:#56DB3A}.phpdebugbar[data-theme='dark'] pre.sf-dump .sf-dump-note{color:#1299DA}.phpdebugbar[data-theme='dark'] pre.sf-dump .sf-dump-ref{color:#A0A0A0}.phpdebugbar[data-theme='dark'] pre.sf-dump .sf-dump-public{color:#FFFFFF}.phpdebugbar[data-theme='dark'] pre.sf-dump .sf-dump-protected{color:#FFFFFF}.phpdebugbar[data-theme='dark'] pre.sf-dump .sf-dump-private{color:#FFFFFF}.phpdebugbar[data-theme='dark'] pre.sf-dump .sf-dump-meta{color:#B729D9}.phpdebugbar[data-theme='dark'] pre.sf-dump .sf-dump-key{color:#56DB3A}.phpdebugbar[data-theme='dark'] pre.sf-dump .sf-dump-index{color:#1299DA}.phpdebugbar[data-theme='dark'] pre.sf-dump .sf-dump-ellipsis{color:#FF8400}.phpdebugbar[data-theme='dark'] pre.sf-dump .sf-dump-ns{user-select:none;}.phpdebugbar[data-theme='dark'] pre.sf-dump .sf-dump-ellipsis-note{color:#1299DA}</style>
<style type="text/css" data-vite-dev-id="/Users/vahan/Herd/laravel-react-reactions/packages/truefans/laravel-react-reactions/workbench/resources/css/app.css">/*! tailwindcss v4.1.17 | MIT License | https://tailwindcss.com */
@layer properties;
@layer theme, base, components, utilities;
@layer theme {
  :root, :host {
    --font-sans: ui-sans-serif, system-ui, sans-serif, "Apple Color Emoji",
      "Segoe UI Emoji", "Segoe UI Symbol", "Noto Color Emoji";
    --font-mono: ui-monospace, SFMono-Regular, Menlo, Monaco, Consolas, "Liberation Mono",
      "Courier New", monospace;
    --color-red-500: oklch(63.7% 0.237 25.331);
    --color-red-600: oklch(57.7% 0.245 27.325);
    --color-red-700: oklch(50.5% 0.213 27.518);
    --color-amber-50: oklch(98.7% 0.022 95.277);
    --color-amber-100: oklch(96.2% 0.059 95.617);
    --color-amber-200: oklch(92.4% 0.12 95.746);
    --color-amber-800: oklch(47.3% 0.137 46.201);
    --color-amber-900: oklch(41.4% 0.112 45.904);
    --color-yellow-50: oklch(98.7% 0.026 102.212);
    --color-green-500: oklch(72.3% 0.219 149.579);
    --color-blue-100: oklch(93.2% 0.032 255.585);
    --color-blue-600: oklch(54.6% 0.245 262.881);
    --color-indigo-500: oklch(58.5% 0.233 277.117);
    --color-indigo-600: oklch(51.1% 0.262 276.966);
    --color-indigo-700: oklch(45.7% 0.24 277.023);
    --color-gray-50: oklch(98.5% 0.002 247.839);
    --color-gray-100: oklch(96.7% 0.003 264.542);
    --color-gray-200: oklch(92.8% 0.006 264.531);
    --color-gray-300: oklch(87.2% 0.01 258.338);
    --color-gray-400: oklch(70.7% 0.022 261.325);
    --color-gray-500: oklch(55.1% 0.027 264.364);
    --color-gray-600: oklch(44.6% 0.03 256.802);
    --color-gray-700: oklch(37.3% 0.034 259.733);
    --color-gray-800: oklch(27.8% 0.033 256.848);
    --color-gray-900: oklch(21% 0.034 264.665);
    --color-black: #000;
    --color-white: #fff;
    --spacing: 0.25rem;
    --container-md: 28rem;
    --container-lg: 32rem;
    --container-4xl: 56rem;
    --container-5xl: 64rem;
    --text-xs: 0.75rem;
    --text-xs--line-height: calc(1 / 0.75);
    --text-sm: 0.875rem;
    --text-sm--line-height: calc(1.25 / 0.875);
    --text-base: 1rem;
    --text-base--line-height: calc(1.5 / 1);
    --text-lg: 1.125rem;
    --text-lg--line-height: calc(1.75 / 1.125);
    --text-xl: 1.25rem;
    --text-xl--line-height: calc(1.75 / 1.25);
    --text-2xl: 1.5rem;
    --text-2xl--line-height: calc(2 / 1.5);
    --text-3xl: 1.875rem;
    --text-3xl--line-height: calc(2.25 / 1.875);
    --text-4xl: 2.25rem;
    --text-4xl--line-height: calc(2.5 / 2.25);
    --text-6xl: 3.75rem;
    --text-6xl--line-height: 1;
    --font-weight-medium: 500;
    --font-weight-semibold: 600;
    --font-weight-bold: 700;
    --font-weight-extrabold: 800;
    --tracking-tight: -0.025em;
    --leading-relaxed: 1.625;
    --radius-sm: 0.25rem;
    --radius-md: 0.375rem;
    --radius-lg: 0.5rem;
    --radius-xl: 0.75rem;
    --ease-out: cubic-bezier(0, 0, 0.2, 1);
    --animate-spin: spin 1s linear infinite;
    --animate-pulse: pulse 2s cubic-bezier(0.4, 0, 0.6, 1) infinite;
    --default-transition-duration: 150ms;
    --default-transition-timing-function: cubic-bezier(0.4, 0, 0.2, 1);
    --default-font-family: var(--font-sans);
    --default-mono-font-family: var(--font-mono);
  }
}
@layer base {
  *, ::after, ::before, ::backdrop, ::file-selector-button {
    box-sizing: border-box;
    margin: 0;
    padding: 0;
    border: 0 solid;
  }
  html, :host {
    line-height: 1.5;
    -webkit-text-size-adjust: 100%;
    tab-size: 4;
    font-family: var(--default-font-family, ui-sans-serif, system-ui, sans-serif, "Apple Color Emoji", "Segoe UI Emoji", "Segoe UI Symbol", "Noto Color Emoji");
    font-feature-settings: var(--default-font-feature-settings, normal);
    font-variation-settings: var(--default-font-variation-settings, normal);
    -webkit-tap-highlight-color: transparent;
  }
  hr {
    height: 0;
    color: inherit;
    border-top-width: 1px;
  }
  abbr:where([title]) {
    -webkit-text-decoration: underline dotted;
    text-decoration: underline dotted;
  }
  h1, h2, h3, h4, h5, h6 {
    font-size: inherit;
    font-weight: inherit;
  }
  a {
    color: inherit;
    -webkit-text-decoration: inherit;
    text-decoration: inherit;
  }
  b, strong {
    font-weight: bolder;
  }
  code, kbd, samp, pre {
    font-family: var(--default-mono-font-family, ui-monospace, SFMono-Regular, Menlo, Monaco, Consolas, "Liberation Mono", "Courier New", monospace);
    font-feature-settings: var(--default-mono-font-feature-settings, normal);
    font-variation-settings: var(--default-mono-font-variation-settings, normal);
    font-size: 1em;
  }
  small {
    font-size: 80%;
  }
  sub, sup {
    font-size: 75%;
    line-height: 0;
    position: relative;
    vertical-align: baseline;
  }
  sub {
    bottom: -0.25em;
  }
  sup {
    top: -0.5em;
  }
  table {
    text-indent: 0;
    border-color: inherit;
    border-collapse: collapse;
  }
  :-moz-focusring {
    outline: auto;
  }
  progress {
    vertical-align: baseline;
  }
  summary {
    display: list-item;
  }
  ol, ul, menu {
    list-style: none;
  }
  img, svg, video, canvas, audio, iframe, embed, object {
    display: block;
    vertical-align: middle;
  }
  img, video {
    max-width: 100%;
    height: auto;
  }
  button, input, select, optgroup, textarea, ::file-selector-button {
    font: inherit;
    font-feature-settings: inherit;
    font-variation-settings: inherit;
    letter-spacing: inherit;
    color: inherit;
    border-radius: 0;
    background-color: transparent;
    opacity: 1;
  }
  :where(select:is([multiple], [size])) optgroup {
    font-weight: bolder;
  }
  :where(select:is([multiple], [size])) optgroup option {
    padding-inline-start: 20px;
  }
  ::file-selector-button {
    margin-inline-end: 4px;
  }
  ::placeholder {
    opacity: 1;
  }
  @supports (not (-webkit-appearance: -apple-pay-button))  or (contain-intrinsic-size: 1px) {
    ::placeholder {
      color: currentcolor;
      @supports (color: color-mix(in lab, red, red)) {
        color: color-mix(in oklab, currentcolor 50%, transparent);
      }
    }
  }
  textarea {
    resize: vertical;
  }
  ::-webkit-search-decoration {
    -webkit-appearance: none;
  }
  ::-webkit-date-and-time-value {
    min-height: 1lh;
    text-align: inherit;
  }
  ::-webkit-datetime-edit {
    display: inline-flex;
  }
  ::-webkit-datetime-edit-fields-wrapper {
    padding: 0;
  }
  ::-webkit-datetime-edit, ::-webkit-datetime-edit-year-field, ::-webkit-datetime-edit-month-field, ::-webkit-datetime-edit-day-field, ::-webkit-datetime-edit-hour-field, ::-webkit-datetime-edit-minute-field, ::-webkit-datetime-edit-second-field, ::-webkit-datetime-edit-millisecond-field, ::-webkit-datetime-edit-meridiem-field {
    padding-block: 0;
  }
  ::-webkit-calendar-picker-indicator {
    line-height: 1;
  }
  :-moz-ui-invalid {
    box-shadow: none;
  }
  button, input:where([type="button"], [type="reset"], [type="submit"]), ::file-selector-button {
    appearance: button;
  }
  ::-webkit-inner-spin-button, ::-webkit-outer-spin-button {
    height: auto;
  }
  [hidden]:where(:not([hidden="until-found"])) {
    display: none !important;
  }
}
@layer utilities {
  .pointer-events-auto {
    pointer-events: auto;
  }
  .collapse {
    visibility: collapse;
  }
  .visible {
    visibility: visible;
  }
  .absolute {
    position: absolute;
  }
  .fixed {
    position: fixed;
  }
  .relative {
    position: relative;
  }
  .static {
    position: static;
  }
  .sticky {
    position: sticky;
  }
  .inset-0 {
    inset: calc(var(--spacing) * 0);
  }
  .top-0 {
    top: calc(var(--spacing) * 0);
  }
  .top-2 {
    top: calc(var(--spacing) * 2);
  }
  .top-\[50\%\] {
    top: 50%;
  }
  .right-2 {
    right: calc(var(--spacing) * 2);
  }
  .right-3 {
    right: calc(var(--spacing) * 3);
  }
  .right-4 {
    right: calc(var(--spacing) * 4);
  }
  .bottom-3 {
    bottom: calc(var(--spacing) * 3);
  }
  .bottom-4 {
    bottom: calc(var(--spacing) * 4);
  }
  .bottom-full {
    bottom: 100%;
  }
  .left-0 {
    left: calc(var(--spacing) * 0);
  }
  .left-\[50\%\] {
    left: 50%;
  }
  .z-10 {
    z-index: 10;
  }
  .z-50 {
    z-index: 50;
  }
  .z-\[100\] {
    z-index: 100;
  }
  .col-1 {
    grid-column: 1;
  }
  .col-11 {
    grid-column: 11;
  }
  .container {
    width: 100%;
    @media (width >= 40rem) {
      max-width: 40rem;
    }
    @media (width >= 48rem) {
      max-width: 48rem;
    }
    @media (width >= 64rem) {
      max-width: 64rem;
    }
    @media (width >= 80rem) {
      max-width: 80rem;
    }
    @media (width >= 96rem) {
      max-width: 96rem;
    }
  }
  .m-5 {
    margin: calc(var(--spacing) * 5);
  }
  .mx-auto {
    margin-inline: auto;
  }
  .mt-1 {
    margin-top: calc(var(--spacing) * 1);
  }
  .mt-2 {
    margin-top: calc(var(--spacing) * 2);
  }
  .mt-3 {
    margin-top: calc(var(--spacing) * 3);
  }
  .mt-4 {
    margin-top: calc(var(--spacing) * 4);
  }
  .mt-6 {
    margin-top: calc(var(--spacing) * 6);
  }
  .mt-8 {
    margin-top: calc(var(--spacing) * 8);
  }
  .mt-16 {
    margin-top: calc(var(--spacing) * 16);
  }
  .mr-2 {
    margin-right: calc(var(--spacing) * 2);
  }
  .mb-1 {
    margin-bottom: calc(var(--spacing) * 1);
  }
  .mb-2 {
    margin-bottom: calc(var(--spacing) * 2);
  }
  .mb-3 {
    margin-bottom: calc(var(--spacing) * 3);
  }
  .mb-4 {
    margin-bottom: calc(var(--spacing) * 4);
  }
  .mb-6 {
    margin-bottom: calc(var(--spacing) * 6);
  }
  .mb-8 {
    margin-bottom: calc(var(--spacing) * 8);
  }
  .ml-2 {
    margin-left: calc(var(--spacing) * 2);
  }
  .ml-10 {
    margin-left: calc(var(--spacing) * 10);
  }
  .ml-12 {
    margin-left: calc(var(--spacing) * 12);
  }
  .block {
    display: block;
  }
  .contents {
    display: contents;
  }
  .flex {
    display: flex;
  }
  .grid {
    display: grid;
  }
  .hidden {
    display: none;
  }
  .inline {
    display: inline;
  }
  .inline-block {
    display: inline-block;
  }
  .inline-flex {
    display: inline-flex;
  }
  .table {
    display: table;
  }
  .h-2\.5 {
    height: calc(var(--spacing) * 2.5);
  }
  .h-3 {
    height: calc(var(--spacing) * 3);
  }
  .h-4 {
    height: calc(var(--spacing) * 4);
  }
  .h-5 {
    height: calc(var(--spacing) * 5);
  }
  .h-8 {
    height: calc(var(--spacing) * 8);
  }
  .h-9 {
    height: calc(var(--spacing) * 9);
  }
  .h-10 {
    height: calc(var(--spacing) * 10);
  }
  .h-12 {
    height: calc(var(--spacing) * 12);
  }
  .h-16 {
    height: calc(var(--spacing) * 16);
  }
  .h-\[600px\] {
    height: 600px;
  }
  .max-h-48 {
    max-height: calc(var(--spacing) * 48);
  }
  .max-h-96 {
    max-height: calc(var(--spacing) * 96);
  }
  .max-h-\[600px\] {
    max-height: 600px;
  }
  .max-h-screen {
    max-height: 100vh;
  }
  .min-h-screen {
    min-height: 100vh;
  }
  .w-2\.5 {
    width: calc(var(--spacing) * 2.5);
  }
  .w-3 {
    width: calc(var(--spacing) * 3);
  }
  .w-4 {
    width: calc(var(--spacing) * 4);
  }
  .w-5 {
    width: calc(var(--spacing) * 5);
  }
  .w-8 {
    width: calc(var(--spacing) * 8);
  }
  .w-9 {
    width: calc(var(--spacing) * 9);
  }
  .w-10 {
    width: calc(var(--spacing) * 10);
  }
  .w-12 {
    width: calc(var(--spacing) * 12);
  }
  .w-16 {
    width: calc(var(--spacing) * 16);
  }
  .w-32 {
    width: calc(var(--spacing) * 32);
  }
  .w-48 {
    width: calc(var(--spacing) * 48);
  }
  .w-96 {
    width: calc(var(--spacing) * 96);
  }
  .w-full {
    width: 100%;
  }
  .max-w-4xl {
    max-width: var(--container-4xl);
  }
  .max-w-5xl {
    max-width: var(--container-5xl);
  }
  .max-w-lg {
    max-width: var(--container-lg);
  }
  .max-w-md {
    max-width: var(--container-md);
  }
  .max-w-none {
    max-width: none;
  }
  .min-w-0 {
    min-width: calc(var(--spacing) * 0);
  }
  .min-w-\[8rem\] {
    min-width: 8rem;
  }
  .flex-1 {
    flex: 1;
  }
  .flex-shrink-0 {
    flex-shrink: 0;
  }
  .shrink-0 {
    flex-shrink: 0;
  }
  .translate-x-\[-50\%\] {
    --tw-translate-x: -50%;
    translate: var(--tw-translate-x) var(--tw-translate-y);
  }
  .translate-y-\[-50\%\] {
    --tw-translate-y: -50%;
    translate: var(--tw-translate-x) var(--tw-translate-y);
  }
  .scale-95 {
    --tw-scale-x: 95%;
    --tw-scale-y: 95%;
    --tw-scale-z: 95%;
    scale: var(--tw-scale-x) var(--tw-scale-y);
  }
  .scale-100 {
    --tw-scale-x: 100%;
    --tw-scale-y: 100%;
    --tw-scale-z: 100%;
    scale: var(--tw-scale-x) var(--tw-scale-y);
  }
  .scale-110 {
    --tw-scale-x: 110%;
    --tw-scale-y: 110%;
    --tw-scale-z: 110%;
    scale: var(--tw-scale-x) var(--tw-scale-y);
  }
  .transform {
    transform: var(--tw-rotate-x,) var(--tw-rotate-y,) var(--tw-rotate-z,) var(--tw-skew-x,) var(--tw-skew-y,);
  }
  .animate-pulse {
    animation: var(--animate-pulse);
  }
  .animate-spin {
    animation: var(--animate-spin);
  }
  .cursor-not-allowed {
    cursor: not-allowed;
  }
  .cursor-pointer {
    cursor: pointer;
  }
  .resize {
    resize: both;
  }
  .resize-none {
    resize: none;
  }
  .appearance-none {
    appearance: none;
  }
  .flex-col {
    flex-direction: column;
  }
  .flex-col-reverse {
    flex-direction: column-reverse;
  }
  .items-center {
    align-items: center;
  }
  .items-start {
    align-items: flex-start;
  }
  .justify-between {
    justify-content: space-between;
  }
  .justify-center {
    justify-content: center;
  }
  .gap-0\.5 {
    gap: calc(var(--spacing) * 0.5);
  }
  .gap-1 {
    gap: calc(var(--spacing) * 1);
  }
  .gap-1\.5 {
    gap: calc(var(--spacing) * 1.5);
  }
  .gap-2 {
    gap: calc(var(--spacing) * 2);
  }
  .gap-3 {
    gap: calc(var(--spacing) * 3);
  }
  .gap-4 {
    gap: calc(var(--spacing) * 4);
  }
  .-space-y-px {
    :where(& > :not(:last-child)) {
      --tw-space-y-reverse: 0;
      margin-block-start: calc(-1px * var(--tw-space-y-reverse));
      margin-block-end: calc(-1px * calc(1 - var(--tw-space-y-reverse)));
    }
  }
  .space-y-1 {
    :where(& > :not(:last-child)) {
      --tw-space-y-reverse: 0;
      margin-block-start: calc(calc(var(--spacing) * 1) * var(--tw-space-y-reverse));
      margin-block-end: calc(calc(var(--spacing) * 1) * calc(1 - var(--tw-space-y-reverse)));
    }
  }
  .space-y-1\.5 {
    :where(& > :not(:last-child)) {
      --tw-space-y-reverse: 0;
      margin-block-start: calc(calc(var(--spacing) * 1.5) * var(--tw-space-y-reverse));
      margin-block-end: calc(calc(var(--spacing) * 1.5) * calc(1 - var(--tw-space-y-reverse)));
    }
  }
  .space-y-2 {
    :where(& > :not(:last-child)) {
      --tw-space-y-reverse: 0;
      margin-block-start: calc(calc(var(--spacing) * 2) * var(--tw-space-y-reverse));
      margin-block-end: calc(calc(var(--spacing) * 2) * calc(1 - var(--tw-space-y-reverse)));
    }
  }
  .space-y-3 {
    :where(& > :not(:last-child)) {
      --tw-space-y-reverse: 0;
      margin-block-start: calc(calc(var(--spacing) * 3) * var(--tw-space-y-reverse));
      margin-block-end: calc(calc(var(--spacing) * 3) * calc(1 - var(--tw-space-y-reverse)));
    }
  }
  .space-y-4 {
    :where(& > :not(:last-child)) {
      --tw-space-y-reverse: 0;
      margin-block-start: calc(calc(var(--spacing) * 4) * var(--tw-space-y-reverse));
      margin-block-end: calc(calc(var(--spacing) * 4) * calc(1 - var(--tw-space-y-reverse)));
    }
  }
  .space-y-6 {
    :where(& > :not(:last-child)) {
      --tw-space-y-reverse: 0;
      margin-block-start: calc(calc(var(--spacing) * 6) * var(--tw-space-y-reverse));
      margin-block-end: calc(calc(var(--spacing) * 6) * calc(1 - var(--tw-space-y-reverse)));
    }
  }
  .space-y-8 {
    :where(& > :not(:last-child)) {
      --tw-space-y-reverse: 0;
      margin-block-start: calc(calc(var(--spacing) * 8) * var(--tw-space-y-reverse));
      margin-block-end: calc(calc(var(--spacing) * 8) * calc(1 - var(--tw-space-y-reverse)));
    }
  }
  .space-x-4 {
    :where(& > :not(:last-child)) {
      --tw-space-x-reverse: 0;
      margin-inline-start: calc(calc(var(--spacing) * 4) * var(--tw-space-x-reverse));
      margin-inline-end: calc(calc(var(--spacing) * 4) * calc(1 - var(--tw-space-x-reverse)));
    }
  }
  .truncate {
    overflow: hidden;
    text-overflow: ellipsis;
    white-space: nowrap;
  }
  .overflow-auto {
    overflow: auto;
  }
  .overflow-hidden {
    overflow: hidden;
  }
  .overflow-x-auto {
    overflow-x: auto;
  }
  .overflow-y-auto {
    overflow-y: auto;
  }
  .rounded {
    border-radius: 0.25rem;
  }
  .rounded-full {
    border-radius: calc(infinity * 1px);
  }
  .rounded-lg {
    border-radius: var(--radius-lg);
  }
  .rounded-md {
    border-radius: var(--radius-md);
  }
  .rounded-sm {
    border-radius: var(--radius-sm);
  }
  .rounded-xl {
    border-radius: var(--radius-xl);
  }
  .border {
    border-style: var(--tw-border-style);
    border-width: 1px;
  }
  .border-2 {
    border-style: var(--tw-border-style);
    border-width: 2px;
  }
  .border-t {
    border-top-style: var(--tw-border-style);
    border-top-width: 1px;
  }
  .border-b {
    border-bottom-style: var(--tw-border-style);
    border-bottom-width: 1px;
  }
  .border-amber-200 {
    border-color: var(--color-amber-200);
  }
  .border-gray-100 {
    border-color: var(--color-gray-100);
  }
  .border-gray-200 {
    border-color: var(--color-gray-200);
  }
  .border-gray-300 {
    border-color: var(--color-gray-300);
  }
  .border-green-500 {
    border-color: var(--color-green-500);
  }
  .border-red-500 {
    border-color: var(--color-red-500);
  }
  .border-transparent {
    border-color: transparent;
  }
  .border-white {
    border-color: var(--color-white);
  }
  .border-t-transparent {
    border-top-color: transparent;
  }
  .bg-amber-100 {
    background-color: var(--color-amber-100);
  }
  .bg-black\/0 {
    background-color: color-mix(in srgb, #000 0%, transparent);
    @supports (color: color-mix(in lab, red, red)) {
      background-color: color-mix(in oklab, var(--color-black) 0%, transparent);
    }
  }
  .bg-black\/50 {
    background-color: color-mix(in srgb, #000 50%, transparent);
    @supports (color: color-mix(in lab, red, red)) {
      background-color: color-mix(in oklab, var(--color-black) 50%, transparent);
    }
  }
  .bg-black\/80 {
    background-color: color-mix(in srgb, #000 80%, transparent);
    @supports (color: color-mix(in lab, red, red)) {
      background-color: color-mix(in oklab, var(--color-black) 80%, transparent);
    }
  }
  .bg-blue-100 {
    background-color: var(--color-blue-100);
  }
  .bg-gray-50 {
    background-color: var(--color-gray-50);
  }
  .bg-gray-100 {
    background-color: var(--color-gray-100);
  }
  .bg-gray-200 {
    background-color: var(--color-gray-200);
  }
  .bg-gray-900 {
    background-color: var(--color-gray-900);
  }
  .bg-green-500 {
    background-color: var(--color-green-500);
  }
  .bg-indigo-600 {
    background-color: var(--color-indigo-600);
  }
  .bg-red-500 {
    background-color: var(--color-red-500);
  }
  .bg-red-600 {
    background-color: var(--color-red-600);
  }
  .bg-transparent {
    background-color: transparent;
  }
  .bg-white {
    background-color: var(--color-white);
  }
  .bg-gradient-to-br {
    --tw-gradient-position: to bottom right in oklab;
    background-image: linear-gradient(var(--tw-gradient-stops));
  }
  .bg-gradient-to-r {
    --tw-gradient-position: to right in oklab;
    background-image: linear-gradient(var(--tw-gradient-stops));
  }
  .from-amber-50 {
    --tw-gradient-from: var(--color-amber-50);
    --tw-gradient-stops: var(--tw-gradient-via-stops, var(--tw-gradient-position), var(--tw-gradient-from) var(--tw-gradient-from-position), var(--tw-gradient-to) var(--tw-gradient-to-position));
  }
  .from-gray-50 {
    --tw-gradient-from: var(--color-gray-50);
    --tw-gradient-stops: var(--tw-gradient-via-stops, var(--tw-gradient-position), var(--tw-gradient-from) var(--tw-gradient-from-position), var(--tw-gradient-to) var(--tw-gradient-to-position));
  }
  .from-gray-700 {
    --tw-gradient-from: var(--color-gray-700);
    --tw-gradient-stops: var(--tw-gradient-via-stops, var(--tw-gradient-position), var(--tw-gradient-from) var(--tw-gradient-from-position), var(--tw-gradient-to) var(--tw-gradient-to-position));
  }
  .to-gray-100 {
    --tw-gradient-to: var(--color-gray-100);
    --tw-gradient-stops: var(--tw-gradient-via-stops, var(--tw-gradient-position), var(--tw-gradient-from) var(--tw-gradient-from-position), var(--tw-gradient-to) var(--tw-gradient-to-position));
  }
  .to-gray-900 {
    --tw-gradient-to: var(--color-gray-900);
    --tw-gradient-stops: var(--tw-gradient-via-stops, var(--tw-gradient-position), var(--tw-gradient-from) var(--tw-gradient-from-position), var(--tw-gradient-to) var(--tw-gradient-to-position));
  }
  .to-yellow-50 {
    --tw-gradient-to: var(--color-yellow-50);
    --tw-gradient-stops: var(--tw-gradient-via-stops, var(--tw-gradient-position), var(--tw-gradient-from) var(--tw-gradient-from-position), var(--tw-gradient-to) var(--tw-gradient-to-position));
  }
  .p-1 {
    padding: calc(var(--spacing) * 1);
  }
  .p-1\.5 {
    padding: calc(var(--spacing) * 1.5);
  }
  .p-2 {
    padding: calc(var(--spacing) * 2);
  }
  .p-2\.5 {
    padding: calc(var(--spacing) * 2.5);
  }
  .p-3 {
    padding: calc(var(--spacing) * 3);
  }
  .p-4 {
    padding: calc(var(--spacing) * 4);
  }
  .p-6 {
    padding: calc(var(--spacing) * 6);
  }
  .p-8 {
    padding: calc(var(--spacing) * 8);
  }
  .px-2 {
    padding-inline: calc(var(--spacing) * 2);
  }
  .px-3 {
    padding-inline: calc(var(--spacing) * 3);
  }
  .px-4 {
    padding-inline: calc(var(--spacing) * 4);
  }
  .px-6 {
    padding-inline: calc(var(--spacing) * 6);
  }
  .px-8 {
    padding-inline: calc(var(--spacing) * 8);
  }
  .py-1 {
    padding-block: calc(var(--spacing) * 1);
  }
  .py-1\.5 {
    padding-block: calc(var(--spacing) * 1.5);
  }
  .py-2 {
    padding-block: calc(var(--spacing) * 2);
  }
  .py-2\.5 {
    padding-block: calc(var(--spacing) * 2.5);
  }
  .py-3 {
    padding-block: calc(var(--spacing) * 3);
  }
  .py-4 {
    padding-block: calc(var(--spacing) * 4);
  }
  .py-8 {
    padding-block: calc(var(--spacing) * 8);
  }
  .py-12 {
    padding-block: calc(var(--spacing) * 12);
  }
  .py-16 {
    padding-block: calc(var(--spacing) * 16);
  }
  .pt-0 {
    padding-top: calc(var(--spacing) * 0);
  }
  .pt-4 {
    padding-top: calc(var(--spacing) * 4);
  }
  .pt-6 {
    padding-top: calc(var(--spacing) * 6);
  }
  .pr-8 {
    padding-right: calc(var(--spacing) * 8);
  }
  .pr-12 {
    padding-right: calc(var(--spacing) * 12);
  }
  .pl-8 {
    padding-left: calc(var(--spacing) * 8);
  }
  .text-center {
    text-align: center;
  }
  .text-end {
    text-align: end;
  }
  .text-left {
    text-align: left;
  }
  .text-right {
    text-align: right;
  }
  .font-mono {
    font-family: var(--font-mono);
  }
  .font-sans {
    font-family: var(--font-sans);
  }
  .text-2xl {
    font-size: var(--text-2xl);
    line-height: var(--tw-leading, var(--text-2xl--line-height));
  }
  .text-3xl {
    font-size: var(--text-3xl);
    line-height: var(--tw-leading, var(--text-3xl--line-height));
  }
  .text-4xl {
    font-size: var(--text-4xl);
    line-height: var(--tw-leading, var(--text-4xl--line-height));
  }
  .text-6xl {
    font-size: var(--text-6xl);
    line-height: var(--tw-leading, var(--text-6xl--line-height));
  }
  .text-base {
    font-size: var(--text-base);
    line-height: var(--tw-leading, var(--text-base--line-height));
  }
  .text-lg {
    font-size: var(--text-lg);
    line-height: var(--tw-leading, var(--text-lg--line-height));
  }
  .text-sm {
    font-size: var(--text-sm);
    line-height: var(--tw-leading, var(--text-sm--line-height));
  }
  .text-xl {
    font-size: var(--text-xl);
    line-height: var(--tw-leading, var(--text-xl--line-height));
  }
  .text-xs {
    font-size: var(--text-xs);
    line-height: var(--tw-leading, var(--text-xs--line-height));
  }
  .leading-none {
    --tw-leading: 1;
    line-height: 1;
  }
  .leading-relaxed {
    --tw-leading: var(--leading-relaxed);
    line-height: var(--leading-relaxed);
  }
  .font-bold {
    --tw-font-weight: var(--font-weight-bold);
    font-weight: var(--font-weight-bold);
  }
  .font-extrabold {
    --tw-font-weight: var(--font-weight-extrabold);
    font-weight: var(--font-weight-extrabold);
  }
  .font-medium {
    --tw-font-weight: var(--font-weight-medium);
    font-weight: var(--font-weight-medium);
  }
  .font-semibold {
    --tw-font-weight: var(--font-weight-semibold);
    font-weight: var(--font-weight-semibold);
  }
  .tracking-tight {
    --tw-tracking: var(--tracking-tight);
    letter-spacing: var(--tracking-tight);
  }
  .whitespace-nowrap {
    white-space: nowrap;
  }
  .whitespace-pre-wrap {
    white-space: pre-wrap;
  }
  .text-amber-800 {
    color: var(--color-amber-800);
  }
  .text-amber-900 {
    color: var(--color-amber-900);
  }
  .text-blue-600 {
    color: var(--color-blue-600);
  }
  .text-gray-300 {
    color: var(--color-gray-300);
  }
  .text-gray-400 {
    color: var(--color-gray-400);
  }
  .text-gray-500 {
    color: var(--color-gray-500);
  }
  .text-gray-600 {
    color: var(--color-gray-600);
  }
  .text-gray-700 {
    color: var(--color-gray-700);
  }
  .text-gray-800 {
    color: var(--color-gray-800);
  }
  .text-gray-900 {
    color: var(--color-gray-900);
  }
  .text-indigo-600 {
    color: var(--color-indigo-600);
  }
  .text-red-500 {
    color: var(--color-red-500);
  }
  .text-red-600 {
    color: var(--color-red-600);
  }
  .text-white {
    color: var(--color-white);
  }
  .text-white\/50 {
    color: color-mix(in srgb, #fff 50%, transparent);
    @supports (color: color-mix(in lab, red, red)) {
      color: color-mix(in oklab, var(--color-white) 50%, transparent);
    }
  }
  .underline {
    text-decoration-line: underline;
  }
  .underline-offset-4 {
    text-underline-offset: 4px;
  }
  .antialiased {
    -webkit-font-smoothing: antialiased;
    -moz-osx-font-smoothing: grayscale;
  }
  .placeholder-gray-500 {
    &::placeholder {
      color: var(--color-gray-500);
    }
  }
  .opacity-0 {
    opacity: 0%;
  }
  .opacity-50 {
    opacity: 50%;
  }
  .opacity-90 {
    opacity: 90%;
  }
  .opacity-100 {
    opacity: 100%;
  }
  .shadow {
    --tw-shadow: 0 1px 3px 0 var(--tw-shadow-color, rgb(0 0 0 / 0.1)), 0 1px 2px -1px var(--tw-shadow-color, rgb(0 0 0 / 0.1));
    box-shadow: var(--tw-inset-shadow), var(--tw-inset-ring-shadow), var(--tw-ring-offset-shadow), var(--tw-ring-shadow), var(--tw-shadow);
  }
  .shadow-lg {
    --tw-shadow: 0 10px 15px -3px var(--tw-shadow-color, rgb(0 0 0 / 0.1)), 0 4px 6px -4px var(--tw-shadow-color, rgb(0 0 0 / 0.1));
    box-shadow: var(--tw-inset-shadow), var(--tw-inset-ring-shadow), var(--tw-ring-offset-shadow), var(--tw-ring-shadow), var(--tw-shadow);
  }
  .shadow-md {
    --tw-shadow: 0 4px 6px -1px var(--tw-shadow-color, rgb(0 0 0 / 0.1)), 0 2px 4px -2px var(--tw-shadow-color, rgb(0 0 0 / 0.1));
    box-shadow: var(--tw-inset-shadow), var(--tw-inset-ring-shadow), var(--tw-ring-offset-shadow), var(--tw-ring-shadow), var(--tw-shadow);
  }
  .shadow-sm {
    --tw-shadow: 0 1px 3px 0 var(--tw-shadow-color, rgb(0 0 0 / 0.1)), 0 1px 2px -1px var(--tw-shadow-color, rgb(0 0 0 / 0.1));
    box-shadow: var(--tw-inset-shadow), var(--tw-inset-ring-shadow), var(--tw-ring-offset-shadow), var(--tw-ring-shadow), var(--tw-shadow);
  }
  .shadow-xl {
    --tw-shadow: 0 20px 25px -5px var(--tw-shadow-color, rgb(0 0 0 / 0.1)), 0 8px 10px -6px var(--tw-shadow-color, rgb(0 0 0 / 0.1));
    box-shadow: var(--tw-inset-shadow), var(--tw-inset-ring-shadow), var(--tw-ring-offset-shadow), var(--tw-ring-shadow), var(--tw-shadow);
  }
  .ring-offset-white {
    --tw-ring-offset-color: var(--color-white);
  }
  .outline {
    outline-style: var(--tw-outline-style);
    outline-width: 1px;
  }
  .blur {
    --tw-blur: blur(8px);
    filter: var(--tw-blur,) var(--tw-brightness,) var(--tw-contrast,) var(--tw-grayscale,) var(--tw-hue-rotate,) var(--tw-invert,) var(--tw-saturate,) var(--tw-sepia,) var(--tw-drop-shadow,);
  }
  .invert {
    --tw-invert: invert(100%);
    filter: var(--tw-blur,) var(--tw-brightness,) var(--tw-contrast,) var(--tw-grayscale,) var(--tw-hue-rotate,) var(--tw-invert,) var(--tw-saturate,) var(--tw-sepia,) var(--tw-drop-shadow,);
  }
  .filter {
    filter: var(--tw-blur,) var(--tw-brightness,) var(--tw-contrast,) var(--tw-grayscale,) var(--tw-hue-rotate,) var(--tw-invert,) var(--tw-saturate,) var(--tw-sepia,) var(--tw-drop-shadow,);
  }
  .transition {
    transition-property: color, background-color, border-color, outline-color, text-decoration-color, fill, stroke, --tw-gradient-from, --tw-gradient-via, --tw-gradient-to, opacity, box-shadow, transform, translate, scale, rotate, filter, -webkit-backdrop-filter, backdrop-filter, display, content-visibility, overlay, pointer-events;
    transition-timing-function: var(--tw-ease, var(--default-transition-timing-function));
    transition-duration: var(--tw-duration, var(--default-transition-duration));
  }
  .transition-all {
    transition-property: all;
    transition-timing-function: var(--tw-ease, var(--default-transition-timing-function));
    transition-duration: var(--tw-duration, var(--default-transition-duration));
  }
  .transition-colors {
    transition-property: color, background-color, border-color, outline-color, text-decoration-color, fill, stroke, --tw-gradient-from, --tw-gradient-via, --tw-gradient-to;
    transition-timing-function: var(--tw-ease, var(--default-transition-timing-function));
    transition-duration: var(--tw-duration, var(--default-transition-duration));
  }
  .transition-opacity {
    transition-property: opacity;
    transition-timing-function: var(--tw-ease, var(--default-transition-timing-function));
    transition-duration: var(--tw-duration, var(--default-transition-duration));
  }
  .transition-shadow {
    transition-property: box-shadow;
    transition-timing-function: var(--tw-ease, var(--default-transition-timing-function));
    transition-duration: var(--tw-duration, var(--default-transition-duration));
  }
  .duration-200 {
    --tw-duration: 200ms;
    transition-duration: 200ms;
  }
  .ease-out {
    --tw-ease: var(--ease-out);
    transition-timing-function: var(--ease-out);
  }
  .outline-none {
    --tw-outline-style: none;
    outline-style: none;
  }
  .select-none {
    -webkit-user-select: none;
    user-select: none;
  }
  .\[program\:laravel-worker\] {
    program: laravel-worker;
  }
  .group-hover\:opacity-100 {
    &:is(:where(.group):hover *) {
      @media (hover: hover) {
        opacity: 100%;
      }
    }
  }
  .hover\:scale-105 {
    &:hover {
      @media (hover: hover) {
        --tw-scale-x: 105%;
        --tw-scale-y: 105%;
        --tw-scale-z: 105%;
        scale: var(--tw-scale-x) var(--tw-scale-y);
      }
    }
  }
  .hover\:scale-125 {
    &:hover {
      @media (hover: hover) {
        --tw-scale-x: 125%;
        --tw-scale-y: 125%;
        --tw-scale-z: 125%;
        scale: var(--tw-scale-x) var(--tw-scale-y);
      }
    }
  }
  .hover\:bg-gray-50 {
    &:hover {
      @media (hover: hover) {
        background-color: var(--color-gray-50);
      }
    }
  }
  .hover\:bg-gray-100 {
    &:hover {
      @media (hover: hover) {
        background-color: var(--color-gray-100);
      }
    }
  }
  .hover\:bg-gray-200 {
    &:hover {
      @media (hover: hover) {
        background-color: var(--color-gray-200);
      }
    }
  }
  .hover\:bg-gray-800 {
    &:hover {
      @media (hover: hover) {
        background-color: var(--color-gray-800);
      }
    }
  }
  .hover\:bg-indigo-700 {
    &:hover {
      @media (hover: hover) {
        background-color: var(--color-indigo-700);
      }
    }
  }
  .hover\:bg-red-700 {
    &:hover {
      @media (hover: hover) {
        background-color: var(--color-red-700);
      }
    }
  }
  .hover\:text-amber-900 {
    &:hover {
      @media (hover: hover) {
        color: var(--color-amber-900);
      }
    }
  }
  .hover\:text-blue-600 {
    &:hover {
      @media (hover: hover) {
        color: var(--color-blue-600);
      }
    }
  }
  .hover\:text-gray-900 {
    &:hover {
      @media (hover: hover) {
        color: var(--color-gray-900);
      }
    }
  }
  .hover\:text-white {
    &:hover {
      @media (hover: hover) {
        color: var(--color-white);
      }
    }
  }
  .hover\:underline {
    &:hover {
      @media (hover: hover) {
        text-decoration-line: underline;
      }
    }
  }
  .hover\:shadow-md {
    &:hover {
      @media (hover: hover) {
        --tw-shadow: 0 4px 6px -1px var(--tw-shadow-color, rgb(0 0 0 / 0.1)), 0 2px 4px -2px var(--tw-shadow-color, rgb(0 0 0 / 0.1));
        box-shadow: var(--tw-inset-shadow), var(--tw-inset-ring-shadow), var(--tw-ring-offset-shadow), var(--tw-ring-shadow), var(--tw-shadow);
      }
    }
  }
  .hover\:ring-2 {
    &:hover {
      @media (hover: hover) {
        --tw-ring-shadow: var(--tw-ring-inset,) 0 0 0 calc(2px + var(--tw-ring-offset-width)) var(--tw-ring-color, currentcolor);
        box-shadow: var(--tw-inset-shadow), var(--tw-inset-ring-shadow), var(--tw-ring-offset-shadow), var(--tw-ring-shadow), var(--tw-shadow);
      }
    }
  }
  .hover\:ring-gray-900 {
    &:hover {
      @media (hover: hover) {
        --tw-ring-color: var(--color-gray-900);
      }
    }
  }
  .hover\:ring-offset-1 {
    &:hover {
      @media (hover: hover) {
        --tw-ring-offset-width: 1px;
        --tw-ring-offset-shadow: var(--tw-ring-inset,) 0 0 0 var(--tw-ring-offset-width) var(--tw-ring-offset-color);
      }
    }
  }
  .hover\:ring-offset-2 {
    &:hover {
      @media (hover: hover) {
        --tw-ring-offset-width: 2px;
        --tw-ring-offset-shadow: var(--tw-ring-inset,) 0 0 0 var(--tw-ring-offset-width) var(--tw-ring-offset-color);
      }
    }
  }
  .focus\:z-10 {
    &:focus {
      z-index: 10;
    }
  }
  .focus\:border-indigo-500 {
    &:focus {
      border-color: var(--color-indigo-500);
    }
  }
  .focus\:border-transparent {
    &:focus {
      border-color: transparent;
    }
  }
  .focus\:opacity-100 {
    &:focus {
      opacity: 100%;
    }
  }
  .focus\:ring-2 {
    &:focus {
      --tw-ring-shadow: var(--tw-ring-inset,) 0 0 0 calc(2px + var(--tw-ring-offset-width)) var(--tw-ring-color, currentcolor);
      box-shadow: var(--tw-inset-shadow), var(--tw-inset-ring-shadow), var(--tw-ring-offset-shadow), var(--tw-ring-shadow), var(--tw-shadow);
    }
  }
  .focus\:ring-gray-900 {
    &:focus {
      --tw-ring-color: var(--color-gray-900);
    }
  }
  .focus\:ring-indigo-500 {
    &:focus {
      --tw-ring-color: var(--color-indigo-500);
    }
  }
  .focus\:ring-offset-2 {
    &:focus {
      --tw-ring-offset-width: 2px;
      --tw-ring-offset-shadow: var(--tw-ring-inset,) 0 0 0 var(--tw-ring-offset-width) var(--tw-ring-offset-color);
    }
  }
  .focus\:outline-none {
    &:focus {
      --tw-outline-style: none;
      outline-style: none;
    }
  }
  .focus-visible\:ring-1 {
    &:focus-visible {
      --tw-ring-shadow: var(--tw-ring-inset,) 0 0 0 calc(1px + var(--tw-ring-offset-width)) var(--tw-ring-color, currentcolor);
      box-shadow: var(--tw-inset-shadow), var(--tw-inset-ring-shadow), var(--tw-ring-offset-shadow), var(--tw-ring-shadow), var(--tw-shadow);
    }
  }
  .focus-visible\:outline-none {
    &:focus-visible {
      --tw-outline-style: none;
      outline-style: none;
    }
  }
  .active\:bg-gray-200 {
    &:active {
      background-color: var(--color-gray-200);
    }
  }
  .disabled\:pointer-events-none {
    &:disabled {
      pointer-events: none;
    }
  }
  .disabled\:cursor-not-allowed {
    &:disabled {
      cursor: not-allowed;
    }
  }
  .disabled\:opacity-50 {
    &:disabled {
      opacity: 50%;
    }
  }
  .data-\[disabled\]\:pointer-events-none {
    &[data-disabled] {
      pointer-events: none;
    }
  }
  .data-\[disabled\]\:opacity-50 {
    &[data-disabled] {
      opacity: 50%;
    }
  }
  .data-\[swipe\=cancel\]\:translate-x-0 {
    &[data-swipe="cancel"] {
      --tw-translate-x: calc(var(--spacing) * 0);
      translate: var(--tw-translate-x) var(--tw-translate-y);
    }
  }
  .data-\[swipe\=end\]\:translate-x-\[var\(--radix-toast-swipe-end-x\)\] {
    &[data-swipe="end"] {
      --tw-translate-x: var(--radix-toast-swipe-end-x);
      translate: var(--tw-translate-x) var(--tw-translate-y);
    }
  }
  .data-\[swipe\=move\]\:translate-x-\[var\(--radix-toast-swipe-move-x\)\] {
    &[data-swipe="move"] {
      --tw-translate-x: var(--radix-toast-swipe-move-x);
      translate: var(--tw-translate-x) var(--tw-translate-y);
    }
  }
  .data-\[swipe\=move\]\:transition-none {
    &[data-swipe="move"] {
      transition-property: none;
    }
  }
  .sm\:top-auto {
    @media (width >= 40rem) {
      top: auto;
    }
  }
  .sm\:right-0 {
    @media (width >= 40rem) {
      right: calc(var(--spacing) * 0);
    }
  }
  .sm\:bottom-0 {
    @media (width >= 40rem) {
      bottom: calc(var(--spacing) * 0);
    }
  }
  .sm\:mt-0 {
    @media (width >= 40rem) {
      margin-top: calc(var(--spacing) * 0);
    }
  }
  .sm\:flex-col {
    @media (width >= 40rem) {
      flex-direction: column;
    }
  }
  .sm\:flex-row {
    @media (width >= 40rem) {
      flex-direction: row;
    }
  }
  .sm\:justify-end {
    @media (width >= 40rem) {
      justify-content: flex-end;
    }
  }
  .sm\:space-x-2 {
    @media (width >= 40rem) {
      :where(& > :not(:last-child)) {
        --tw-space-x-reverse: 0;
        margin-inline-start: calc(calc(var(--spacing) * 2) * var(--tw-space-x-reverse));
        margin-inline-end: calc(calc(var(--spacing) * 2) * calc(1 - var(--tw-space-x-reverse)));
      }
    }
  }
  .sm\:rounded-lg {
    @media (width >= 40rem) {
      border-radius: var(--radius-lg);
    }
  }
  .sm\:px-6 {
    @media (width >= 40rem) {
      padding-inline: calc(var(--spacing) * 6);
    }
  }
  .sm\:text-left {
    @media (width >= 40rem) {
      text-align: left;
    }
  }
  .sm\:text-sm {
    @media (width >= 40rem) {
      font-size: var(--text-sm);
      line-height: var(--tw-leading, var(--text-sm--line-height));
    }
  }
  .md\:max-w-\[420px\] {
    @media (width >= 48rem) {
      max-width: 420px;
    }
  }
  .lg\:px-8 {
    @media (width >= 64rem) {
      padding-inline: calc(var(--spacing) * 8);
    }
  }
  .\[\&_svg\]\:pointer-events-none {
    & svg {
      pointer-events: none;
    }
  }
  .\[\&_svg\]\:size-4 {
    & svg {
      width: calc(var(--spacing) * 4);
      height: calc(var(--spacing) * 4);
    }
  }
  .\[\&_svg\]\:shrink-0 {
    & svg {
      flex-shrink: 0;
    }
  }
}
@property --tw-translate-x {
  syntax: "*";
  inherits: false;
  initial-value: 0;
}
@property --tw-translate-y {
  syntax: "*";
  inherits: false;
  initial-value: 0;
}
@property --tw-translate-z {
  syntax: "*";
  inherits: false;
  initial-value: 0;
}
@property --tw-scale-x {
  syntax: "*";
  inherits: false;
  initial-value: 1;
}
@property --tw-scale-y {
  syntax: "*";
  inherits: false;
  initial-value: 1;
}
@property --tw-scale-z {
  syntax: "*";
  inherits: false;
  initial-value: 1;
}
@property --tw-rotate-x {
  syntax: "*";
  inherits: false;
}
@property --tw-rotate-y {
  syntax: "*";
  inherits: false;
}
@property --tw-rotate-z {
  syntax: "*";
  inherits: false;
}
@property --tw-skew-x {
  syntax: "*";
  inherits: false;
}
@property --tw-skew-y {
  syntax: "*";
  inherits: false;
}
@property --tw-space-y-reverse {
  syntax: "*";
  inherits: false;
  initial-value: 0;
}
@property --tw-space-x-reverse {
  syntax: "*";
  inherits: false;
  initial-value: 0;
}
@property --tw-border-style {
  syntax: "*";
  inherits: false;
  initial-value: solid;
}
@property --tw-gradient-position {
  syntax: "*";
  inherits: false;
}
@property --tw-gradient-from {
  syntax: "<color>";
  inherits: false;
  initial-value: #0000;
}
@property --tw-gradient-via {
  syntax: "<color>";
  inherits: false;
  initial-value: #0000;
}
@property --tw-gradient-to {
  syntax: "<color>";
  inherits: false;
  initial-value: #0000;
}
@property --tw-gradient-stops {
  syntax: "*";
  inherits: false;
}
@property --tw-gradient-via-stops {
  syntax: "*";
  inherits: false;
}
@property --tw-gradient-from-position {
  syntax: "<length-percentage>";
  inherits: false;
  initial-value: 0%;
}
@property --tw-gradient-via-position {
  syntax: "<length-percentage>";
  inherits: false;
  initial-value: 50%;
}
@property --tw-gradient-to-position {
  syntax: "<length-percentage>";
  inherits: false;
  initial-value: 100%;
}
@property --tw-leading {
  syntax: "*";
  inherits: false;
}
@property --tw-font-weight {
  syntax: "*";
  inherits: false;
}
@property --tw-tracking {
  syntax: "*";
  inherits: false;
}
@property --tw-shadow {
  syntax: "*";
  inherits: false;
  initial-value: 0 0 #0000;
}
@property --tw-shadow-color {
  syntax: "*";
  inherits: false;
}
@property --tw-shadow-alpha {
  syntax: "<percentage>";
  inherits: false;
  initial-value: 100%;
}
@property --tw-inset-shadow {
  syntax: "*";
  inherits: false;
  initial-value: 0 0 #0000;
}
@property --tw-inset-shadow-color {
  syntax: "*";
  inherits: false;
}
@property --tw-inset-shadow-alpha {
  syntax: "<percentage>";
  inherits: false;
  initial-value: 100%;
}
@property --tw-ring-color {
  syntax: "*";
  inherits: false;
}
@property --tw-ring-shadow {
  syntax: "*";
  inherits: false;
  initial-value: 0 0 #0000;
}
@property --tw-inset-ring-color {
  syntax: "*";
  inherits: false;
}
@property --tw-inset-ring-shadow {
  syntax: "*";
  inherits: false;
  initial-value: 0 0 #0000;
}
@property --tw-ring-inset {
  syntax: "*";
  inherits: false;
}
@property --tw-ring-offset-width {
  syntax: "<length>";
  inherits: false;
  initial-value: 0px;
}
@property --tw-ring-offset-color {
  syntax: "*";
  inherits: false;
  initial-value: #fff;
}
@property --tw-ring-offset-shadow {
  syntax: "*";
  inherits: false;
  initial-value: 0 0 #0000;
}
@property --tw-outline-style {
  syntax: "*";
  inherits: false;
  initial-value: solid;
}
@property --tw-blur {
  syntax: "*";
  inherits: false;
}
@property --tw-brightness {
  syntax: "*";
  inherits: false;
}
@property --tw-contrast {
  syntax: "*";
  inherits: false;
}
@property --tw-grayscale {
  syntax: "*";
  inherits: false;
}
@property --tw-hue-rotate {
  syntax: "*";
  inherits: false;
}
@property --tw-invert {
  syntax: "*";
  inherits: false;
}
@property --tw-opacity {
  syntax: "*";
  inherits: false;
}
@property --tw-saturate {
  syntax: "*";
  inherits: false;
}
@property --tw-sepia {
  syntax: "*";
  inherits: false;
}
@property --tw-drop-shadow {
  syntax: "*";
  inherits: false;
}
@property --tw-drop-shadow-color {
  syntax: "*";
  inherits: false;
}
@property --tw-drop-shadow-alpha {
  syntax: "<percentage>";
  inherits: false;
  initial-value: 100%;
}
@property --tw-drop-shadow-size {
  syntax: "*";
  inherits: false;
}
@property --tw-duration {
  syntax: "*";
  inherits: false;
}
@property --tw-ease {
  syntax: "*";
  inherits: false;
}
@keyframes spin {
  to {
    transform: rotate(360deg);
  }
}
@keyframes pulse {
  50% {
    opacity: 0.5;
  }
}
@layer properties {
  @supports ((-webkit-hyphens: none) and (not (margin-trim: inline))) or ((-moz-orient: inline) and (not (color:rgb(from red r g b)))) {
    *, ::before, ::after, ::backdrop {
      --tw-translate-x: 0;
      --tw-translate-y: 0;
      --tw-translate-z: 0;
      --tw-scale-x: 1;
      --tw-scale-y: 1;
      --tw-scale-z: 1;
      --tw-rotate-x: initial;
      --tw-rotate-y: initial;
      --tw-rotate-z: initial;
      --tw-skew-x: initial;
      --tw-skew-y: initial;
      --tw-space-y-reverse: 0;
      --tw-space-x-reverse: 0;
      --tw-border-style: solid;
      --tw-gradient-position: initial;
      --tw-gradient-from: #0000;
      --tw-gradient-via: #0000;
      --tw-gradient-to: #0000;
      --tw-gradient-stops: initial;
      --tw-gradient-via-stops: initial;
      --tw-gradient-from-position: 0%;
      --tw-gradient-via-position: 50%;
      --tw-gradient-to-position: 100%;
      --tw-leading: initial;
      --tw-font-weight: initial;
      --tw-tracking: initial;
      --tw-shadow: 0 0 #0000;
      --tw-shadow-color: initial;
      --tw-shadow-alpha: 100%;
      --tw-inset-shadow: 0 0 #0000;
      --tw-inset-shadow-color: initial;
      --tw-inset-shadow-alpha: 100%;
      --tw-ring-color: initial;
      --tw-ring-shadow: 0 0 #0000;
      --tw-inset-ring-color: initial;
      --tw-inset-ring-shadow: 0 0 #0000;
      --tw-ring-inset: initial;
      --tw-ring-offset-width: 0px;
      --tw-ring-offset-color: #fff;
      --tw-ring-offset-shadow: 0 0 #0000;
      --tw-outline-style: solid;
      --tw-blur: initial;
      --tw-brightness: initial;
      --tw-contrast: initial;
      --tw-grayscale: initial;
      --tw-hue-rotate: initial;
      --tw-invert: initial;
      --tw-opacity: initial;
      --tw-saturate: initial;
      --tw-sepia: initial;
      --tw-drop-shadow: initial;
      --tw-drop-shadow-color: initial;
      --tw-drop-shadow-alpha: 100%;
      --tw-drop-shadow-size: initial;
      --tw-duration: initial;
      --tw-ease: initial;
    }
  }
}
</style><style>
    #nprogress {
      pointer-events: none;
    }

    #nprogress .bar {
      background: #4B5563;

      position: fixed;
      z-index: 1031;
      top: 0;
      left: 0;

      width: 100%;
      height: 2px;
    }

    #nprogress .peg {
      display: block;
      position: absolute;
      right: 0px;
      width: 100px;
      height: 100%;
      box-shadow: 0 0 10px #4B5563, 0 0 5px #4B5563;
      opacity: 1.0;

      transform: rotate(3deg) translate(0px, -4px);
    }

    #nprogress .spinner {
      display: block;
      position: fixed;
      z-index: 1031;
      top: 15px;
      right: 15px;
    }

    #nprogress .spinner-icon {
      width: 18px;
      height: 18px;
      box-sizing: border-box;

      border: solid 2px transparent;
      border-top-color: #4B5563;
      border-left-color: #4B5563;
      border-radius: 50%;

      animation: nprogress-spinner 400ms linear infinite;
    }

    .nprogress-custom-parent {
      overflow: hidden;
      position: relative;
    }

    .nprogress-custom-parent #nprogress .spinner,
    .nprogress-custom-parent #nprogress .bar {
      position: absolute;
    }

    @keyframes nprogress-spinner {
      0%   { transform: rotate(0deg); }
      100% { transform: rotate(360deg); }
    }
  </style></head>

<body class="font-sans antialiased" style="margin-bottom: 32px;">
    <div id="app" data-page="{&quot;component&quot;:&quot;Auth\/Login&quot;,&quot;props&quot;:[],&quot;url&quot;:&quot;\/login&quot;,&quot;version&quot;:&quot;&quot;,&quot;clearHistory&quot;:false,&quot;encryptHistory&quot;:false}"><div class="min-h-screen bg-gradient-to-br from-gray-50 to-gray-100"><header class="bg-white border-b border-gray-200 sticky top-0 z-10 shadow-sm"><div class="max-w-5xl mx-auto px-4 py-4"><div class="flex items-center justify-between"><div><h1 class="text-2xl font-bold text-gray-900">Reactions Demo</h1><p class="text-sm text-gray-500 mt-1">Facebook-like reaction system</p></div><a class="inline-flex items-center gap-2 px-6 py-2.5 text-sm font-medium text-white bg-gray-900 hover:bg-gray-800 rounded-lg transition-colors shadow-sm" href="/login"><svg xmlns="http://www.w3.org/2000/svg" width="24" height="24" viewBox="0 0 24 24" fill="none" stroke="currentColor" stroke-width="2" stroke-linecap="round" stroke-linejoin="round" class="lucide lucide-user w-4 h-4" aria-hidden="true"><path d="M19 21v-2a4 4 0 0 0-4-4H9a4 4 0 0 0-4 4v2"></path><circle cx="12" cy="7" r="4"></circle></svg>Login to React</a></div></div></header><main class="max-w-5xl mx-auto px-4 py-8"><div class="mb-8 p-6 bg-gradient-to-r from-amber-50 to-yellow-50 border border-amber-200 rounded-xl shadow-sm"><div class="flex items-start gap-4"><div class="flex-shrink-0 w-10 h-10 bg-amber-100 rounded-full flex items-center justify-center"><span class="text-xl">💡</span></div><div><h3 class="text-sm font-semibold text-amber-900 mb-1">Login Required</h3><p class="text-sm text-amber-800">You need to be logged in to add reactions to posts. <a class="underline font-medium hover:text-amber-900" href="/login">Click here to login</a></p></div></div></div><div class="space-y-6"><article class="bg-white rounded-xl shadow-sm border border-gray-200 overflow-hidden hover:shadow-md transition-shadow"><div class="p-6"><h2 class="text-xl font-bold text-gray-900 mb-3">Welcome to Our Reaction System!</h2><p class="text-gray-600 leading-relaxed mb-6">This is a demonstration of our Facebook-like reaction system. Hover over the Like button to see all available reactions! You can express yourself with 👍 Like, ❤️ Love, 😂 Haha, 😮 Wow, 😢 Sad, or 😠 Angry.</p><div class="pt-4 border-t border-gray-100"><div class="flex items-center gap-3"><button data-testid="reaction-button-like" class="
                            group inline-flex items-center gap-1.5 px-3 py-1.5 rounded-md font-medium text-sm transition-all duration-200
                            bg-gray-900 text-white hover:bg-gray-800 shadow-sm
                            cursor-pointer hover:scale-105
                        " type="button" id="radix-_r_0_" aria-haspopup="menu" aria-expanded="false" data-state="closed"><span class="text-base">👍</span><span class="font-medium text-sm">Like</span></button><div class="flex items-center gap-1.5"><button data-testid="reaction-count-haha" class="
                                    inline-flex items-center gap-1 px-2 py-1 rounded-full text-xs font-medium transition-all
                                    bg-gray-100 text-gray-700 hover:bg-gray-200
                                    cursor-pointer hover:scale-105
                                "><span class="text-base">😂</span><span>13</span></button><button data-testid="reaction-count-love" class="
                                    inline-flex items-center gap-1 px-2 py-1 rounded-full text-xs font-medium transition-all
                                    bg-gray-100 text-gray-700 hover:bg-gray-200
                                    cursor-pointer hover:scale-105
                                "><span class="text-base">❤️</span><span>11</span></button><button data-testid="reaction-count-angry" class="
                                    inline-flex items-center gap-1 px-2 py-1 rounded-full text-xs font-medium transition-all
                                    bg-gray-100 text-gray-700 hover:bg-gray-200
                                    cursor-pointer hover:scale-105
                                "><span class="text-base">😠</span><span>8</span></button><button data-testid="reaction-count-like" class="
                                    inline-flex items-center gap-1 px-2 py-1 rounded-full text-xs font-medium transition-all
                                    bg-gray-900 text-white shadow-sm
                                    cursor-pointer hover:scale-105
                                "><span class="text-base">👍</span><span>7</span></button><button data-testid="reaction-count-sad" class="
                                    inline-flex items-center gap-1 px-2 py-1 rounded-full text-xs font-medium transition-all
                                    bg-gray-100 text-gray-700 hover:bg-gray-200
                                    cursor-pointer hover:scale-105
                                "><span class="text-base">😢</span><span>6</span></button><button data-testid="reaction-count-wow" class="
                                    inline-flex items-center gap-1 px-2 py-1 rounded-full text-xs font-medium transition-all
                                    bg-gray-100 text-gray-700 hover:bg-gray-200
                                    cursor-pointer hover:scale-105
                                "><span class="text-base">😮</span><span>5</span></button><button class="p-1.5 hover:bg-gray-100 rounded-full transition-colors" title="See who reacted"><svg xmlns="http://www.w3.org/2000/svg" width="24" height="24" viewBox="0 0 24 24" fill="none" stroke="currentColor" stroke-width="2" stroke-linecap="round" stroke-linejoin="round" class="lucide lucide-chevron-down w-4 h-4 text-gray-600" aria-hidden="true"><path d="m6 9 6 6 6-6"></path></svg></button></div></div></div><div class="pt-6 border-t border-gray-100 mt-6"><div class="space-y-3"><div class="flex items-center justify-between"><div class="flex items-center gap-2"><svg xmlns="http://www.w3.org/2000/svg" width="24" height="24" viewBox="0 0 24 24" fill="none" stroke="currentColor" stroke-width="2" stroke-linecap="round" stroke-linejoin="round" class="lucide lucide-message-square w-4 h-4 text-gray-600" aria-hidden="true"><path d="M22 17a2 2 0 0 1-2 2H6.828a2 2 0 0 0-1.414.586l-2.202 2.202A.71.71 0 0 1 2 21.286V5a2 2 0 0 1 2-2h16a2 2 0 0 1 2 2z"></path></svg><h3 class="text-base font-semibold text-gray-900">Comments (36)</h3></div><button data-testid="add-comment-button" class="px-3 py-1.5 text-sm font-medium text-white bg-gray-900 rounded-md hover:bg-gray-800 transition-colors">Add Comment</button></div><div class="space-y-2"><div class=""><div class="bg-white rounded-md border border-gray-200 p-3"><div class="flex items-start justify-between mb-2"><div class="flex items-center gap-2"><div class="w-8 h-8 bg-gradient-to-br from-gray-700 to-gray-900 rounded-full flex items-center justify-center text-white font-semibold text-sm flex-shrink-0 cursor-pointer hover:ring-2 hover:ring-gray-900 hover:ring-offset-1 transition-all">T</div><div><div class="flex items-center gap-1.5"><span class="text-sm font-semibold text-gray-900 cursor-pointer hover:underline">Test User</span></div><span class="text-xs text-gray-500">Nov 30, 2025, 07:57 PM</span></div></div><button class="p-1 hover:bg-gray-100 rounded-full transition-colors" type="button" id="radix-_r_2_" aria-haspopup="menu" aria-expanded="false" data-state="closed"><svg xmlns="http://www.w3.org/2000/svg" width="24" height="24" viewBox="0 0 24 24" fill="none" stroke="currentColor" stroke-width="2" stroke-linecap="round" stroke-linejoin="round" class="lucide lucide-ellipsis-vertical w-4 h-4 text-gray-600" aria-hidden="true"><circle cx="12" cy="12" r="1"></circle><circle cx="12" cy="5" r="1"></circle><circle cx="12" cy="19" r="1"></circle></svg></button></div><p class="text-sm text-gray-800 whitespace-pre-wrap mb-2">Test comment 1764518241645</p><div class="flex items-center gap-3"><div class="flex items-center gap-3"><button data-testid="reaction-button-like" class="
                            group inline-flex items-center gap-1.5 px-3 py-1.5 rounded-md font-medium text-sm transition-all duration-200
                            bg-white text-gray-700 hover:bg-gray-50 border border-gray-300
                            cursor-pointer hover:scale-105
                        " type="button" id="radix-_r_4_" aria-haspopup="menu" aria-expanded="false" data-state="closed"><span class="text-base">👍</span><span class="font-medium text-sm">Like</span></button></div><button data-testid="reply-button" class="flex items-center gap-1 text-sm text-gray-600 hover:text-gray-900 transition-colors"><svg xmlns="http://www.w3.org/2000/svg" width="24" height="24" viewBox="0 0 24 24" fill="none" stroke="currentColor" stroke-width="2" stroke-linecap="round" stroke-linejoin="round" class="lucide lucide-reply w-4 h-4" aria-hidden="true"><path d="M20 18v-2a4 4 0 0 0-4-4H4"></path><path d="m9 17-5-5 5-5"></path></svg>Reply</button></div></div></div><div class=""><div class="bg-white rounded-md border border-gray-200 p-3"><div class="flex items-start justify-between mb-2"><div class="flex items-center gap-2"><div class="w-8 h-8 bg-gradient-to-br from-gray-700 to-gray-900 rounded-full flex items-center justify-center text-white font-semibold text-sm flex-shrink-0 cursor-pointer hover:ring-2 hover:ring-gray-900 hover:ring-offset-1 transition-all">T</div><div><div class="flex items-center gap-1.5"><span class="text-sm font-semibold text-gray-900 cursor-pointer hover:underline">Test User</span></div><span class="text-xs text-gray-500">Nov 30, 2025, 07:54 PM</span></div></div><button class="p-1 hover:bg-gray-100 rounded-full transition-colors" type="button" id="radix-_r_9_" aria-haspopup="menu" aria-expanded="false" data-state="closed"><svg xmlns="http://www.w3.org/2000/svg" width="24" height="24" viewBox="0 0 24 24" fill="none" stroke="currentColor" stroke-width="2" stroke-linecap="round" stroke-linejoin="round" class="lucide lucide-ellipsis-vertical w-4 h-4 text-gray-600" aria-hidden="true"><circle cx="12" cy="12" r="1"></circle><circle cx="12" cy="5" r="1"></circle><circle cx="12" cy="19" r="1"></circle></svg></button></div><p class="text-sm text-gray-800 whitespace-pre-wrap mb-2">Test comment 1764518097186</p><div class="flex items-center gap-3"><div class="flex items-center gap-3"><button data-testid="reaction-button-like" class="
                            group inline-flex items-center gap-1.5 px-3 py-1.5 rounded-md font-medium text-sm transition-all duration-200
                            bg-white text-gray-700 hover:bg-gray-50 border border-gray-300
                            cursor-pointer hover:scale-105
                        " type="button" id="radix-_r_b_" aria-haspopup="menu" aria-expanded="false" data-state="closed"><span class="text-base">👍</span><span class="font-medium text-sm">Like</span></button></div><button data-testid="reply-button" class="flex items-center gap-1 text-sm text-gray-600 hover:text-gray-900 transition-colors"><svg xmlns="http://www.w3.org/2000/svg" width="24" height="24" viewBox="0 0 24 24" fill="none" stroke="currentColor" stroke-width="2" stroke-linecap="round" stroke-linejoin="round" class="lucide lucide-reply w-4 h-4" aria-hidden="true"><path d="M20 18v-2a4 4 0 0 0-4-4H4"></path><path d="m9 17-5-5 5-5"></path></svg>Reply</button></div></div><div class="mt-2 space-y-2"><div class="ml-10"><div class="bg-white rounded-md border border-gray-200 p-3"><div class="flex items-start justify-between mb-2"><div class="flex items-center gap-2"><div class="w-8 h-8 bg-gradient-to-br from-gray-700 to-gray-900 rounded-full flex items-center justify-center text-white font-semibold text-sm flex-shrink-0 cursor-pointer hover:ring-2 hover:ring-gray-900 hover:ring-offset-1 transition-all">T</div><div><div class="flex items-center gap-1.5"><span class="text-sm font-semibold text-gray-900 cursor-pointer hover:underline">Test User</span></div><span class="text-xs text-gray-500">Nov 30, 2025, 07:57 PM</span></div></div><button class="p-1 hover:bg-gray-100 rounded-full transition-colors" type="button" id="radix-_r_d_" aria-haspopup="menu" aria-expanded="false" data-state="closed"><svg xmlns="http://www.w3.org/2000/svg" width="24" height="24" viewBox="0 0 24 24" fill="none" stroke="currentColor" stroke-width="2" stroke-linecap="round" stroke-linejoin="round" class="lucide lucide-ellipsis-vertical w-4 h-4 text-gray-600" aria-hidden="true"><circle cx="12" cy="12" r="1"></circle><circle cx="12" cy="5" r="1"></circle><circle cx="12" cy="19" r="1"></circle></svg></button></div><p class="text-sm text-gray-800 whitespace-pre-wrap mb-2">Test reply 1764518242023</p><div class="flex items-center gap-3"><div class="flex items-center gap-3"><button data-testid="reaction-button-like" class="
                            group inline-flex items-center gap-1.5 px-3 py-1.5 rounded-md font-medium text-sm transition-all duration-200
                            bg-white text-gray-700 hover:bg-gray-50 border border-gray-300
                            cursor-pointer hover:scale-105
                        " type="button" id="radix-_r_f_" aria-haspopup="menu" aria-expanded="false" data-state="closed"><span class="text-base">👍</span><span class="font-medium text-sm">Like</span></button></div></div></div></div></div></div><div class=""><div class="bg-white rounded-md border border-gray-200 p-3"><div class="flex items-start justify-between mb-2"><div class="flex items-center gap-2"><div class="w-8 h-8 bg-gradient-to-br from-gray-700 to-gray-900 rounded-full flex items-center justify-center text-white font-semibold text-sm flex-shrink-0 cursor-pointer hover:ring-2 hover:ring-gray-900 hover:ring-offset-1 transition-all">T</div><div><div class="flex items-center gap-1.5"><span class="text-sm font-semibold text-gray-900 cursor-pointer hover:underline">Test User</span></div><span class="text-xs text-gray-500">Nov 30, 2025, 07:52 PM</span></div></div><button class="p-1 hover:bg-gray-100 rounded-full transition-colors" type="button" id="radix-_r_n_" aria-haspopup="menu" aria-expanded="false" data-state="closed"><svg xmlns="http://www.w3.org/2000/svg" width="24" height="24" viewBox="0 0 24 24" fill="none" stroke="currentColor" stroke-width="2" stroke-linecap="round" stroke-linejoin="round" class="lucide lucide-ellipsis-vertical w-4 h-4 text-gray-600" aria-hidden="true"><circle cx="12" cy="12" r="1"></circle><circle cx="12" cy="5" r="1"></circle><circle cx="12" cy="19" r="1"></circle></svg></button></div><p class="text-sm text-gray-800 whitespace-pre-wrap mb-2">Test comment 1764517923365</p><div class="flex items-center gap-3"><div class="flex items-center gap-3"><button data-testid="reaction-button-like" class="
                            group inline-flex items-center gap-1.5 px-3 py-1.5 rounded-md font-medium text-sm transition-all duration-200
                            bg-white text-gray-700 hover:bg-gray-50 border border-gray-300
                            cursor-pointer hover:scale-105
                        " type="button" id="radix-_r_p_" aria-haspopup="menu" aria-expanded="false" data-state="closed"><span class="text-base">👍</span><span class="font-medium text-sm">Like</span></button></div><button data-testid="reply-button" class="flex items-center gap-1 text-sm text-gray-600 hover:text-gray-900 transition-colors"><svg xmlns="http://www.w3.org/2000/svg" width="24" height="24" viewBox="0 0 24 24" fill="none" stroke="currentColor" stroke-width="2" stroke-linecap="round" stroke-linejoin="round" class="lucide lucide-reply w-4 h-4" aria-hidden="true"><path d="M20 18v-2a4 4 0 0 0-4-4H4"></path><path d="m9 17-5-5 5-5"></path></svg>Reply</button></div></div><div class="mt-2 space-y-2"><div class="ml-10"><div class="bg-white rounded-md border border-gray-200 p-3"><div class="flex items-start justify-between mb-2"><div class="flex items-center gap-2"><div class="w-8 h-8 bg-gradient-to-br from-gray-700 to-gray-900 rounded-full flex items-center justify-center text-white font-semibold text-sm flex-shrink-0 cursor-pointer hover:ring-2 hover:ring-gray-900 hover:ring-offset-1 transition-all">T</div><div><div class="flex items-center gap-1.5"><span class="text-sm font-semibold text-gray-900 cursor-pointer hover:underline">Test User</span></div><span class="text-xs text-gray-500">Nov 30, 2025, 07:54 PM</span></div></div><button class="p-1 hover:bg-gray-100 rounded-full transition-colors" type="button" id="radix-_r_r_" aria-haspopup="menu" aria-expanded="false" data-state="closed"><svg xmlns="http://www.w3.org/2000/svg" width="24" height="24" viewBox="0 0 24 24" fill="none" stroke="currentColor" stroke-width="2" stroke-linecap="round" stroke-linejoin="round" class="lucide lucide-ellipsis-vertical w-4 h-4 text-gray-600" aria-hidden="true"><circle cx="12" cy="12" r="1"></circle><circle cx="12" cy="5" r="1"></circle><circle cx="12" cy="19" r="1"></circle></svg></button></div><p class="text-sm text-gray-800 whitespace-pre-wrap mb-2">Test reply 1764518096026</p><div class="flex items-center gap-3"><div class="flex items-center gap-3"><button data-testid="reaction-button-like" class="
                            group inline-flex items-center gap-1.5 px-3 py-1.5 rounded-md font-medium text-sm transition-all duration-200
                            bg-white text-gray-700 hover:bg-gray-50 border border-gray-300
                            cursor-pointer hover:scale-105
                        " type="button" id="radix-_r_t_" aria-haspopup="menu" aria-expanded="false" data-state="closed"><span class="text-base">👍</span><span class="font-medium text-sm">Like</span></button></div></div></div></div></div></div><div class=""><div class="bg-white rounded-md border border-gray-200 p-3"><div class="flex items-start justify-between mb-2"><div class="flex items-center gap-2"><div class="w-8 h-8 bg-gradient-to-br from-gray-700 to-gray-900 rounded-full flex items-center justify-center text-white font-semibold text-sm flex-shrink-0 cursor-pointer hover:ring-2 hover:ring-gray-900 hover:ring-offset-1 transition-all">T</div><div><div class="flex items-center gap-1.5"><span class="text-sm font-semibold text-gray-900 cursor-pointer hover:underline">Test User</span></div><span class="text-xs text-gray-500">Nov 30, 2025, 07:28 PM</span></div></div><button class="p-1 hover:bg-gray-100 rounded-full transition-colors" type="button" id="radix-_r_15_" aria-haspopup="menu" aria-expanded="false" data-state="closed"><svg xmlns="http://www.w3.org/2000/svg" width="24" height="24" viewBox="0 0 24 24" fill="none" stroke="currentColor" stroke-width="2" stroke-linecap="round" stroke-linejoin="round" class="lucide lucide-ellipsis-vertical w-4 h-4 text-gray-600" aria-hidden="true"><circle cx="12" cy="12" r="1"></circle><circle cx="12" cy="5" r="1"></circle><circle cx="12" cy="19" r="1"></circle></svg></button></div><p class="text-sm text-gray-800 whitespace-pre-wrap mb-2">sgsgs</p><div class="flex items-center gap-3"><div class="flex items-center gap-3"><button data-testid="reaction-button-like" class="
                            group inline-flex items-center gap-1.5 px-3 py-1.5 rounded-md font-medium text-sm transition-all duration-200
                            bg-white text-gray-700 hover:bg-gray-50 border border-gray-300
                            cursor-pointer hover:scale-105
                        " type="button" id="radix-_r_17_" aria-haspopup="menu" aria-expanded="false" data-state="closed"><span class="text-base">👍</span><span class="font-medium text-sm">Like</span></button></div><button data-testid="reply-button" class="flex items-center gap-1 text-sm text-gray-600 hover:text-gray-900 transition-colors"><svg xmlns="http://www.w3.org/2000/svg" width="24" height="24" viewBox="0 0 24 24" fill="none" stroke="currentColor" stroke-width="2" stroke-linecap="round" stroke-linejoin="round" class="lucide lucide-reply w-4 h-4" aria-hidden="true"><path d="M20 18v-2a4 4 0 0 0-4-4H4"></path><path d="m9 17-5-5 5-5"></path></svg>Reply</button></div></div><div class="mt-2 space-y-2"><div class="ml-10"><div class="bg-white rounded-md border border-gray-200 p-3"><div class="flex items-start justify-between mb-2"><div class="flex items-center gap-2"><div class="w-8 h-8 bg-gradient-to-br from-gray-700 to-gray-900 rounded-full flex items-center justify-center text-white font-semibold text-sm flex-shrink-0 cursor-pointer hover:ring-2 hover:ring-gray-900 hover:ring-offset-1 transition-all">T</div><div><div class="flex items-center gap-1.5"><span class="text-sm font-semibold text-gray-900 cursor-pointer hover:underline">Test User</span></div><span class="text-xs text-gray-500">Nov 30, 2025, 07:52 PM</span></div></div><button class="p-1 hover:bg-gray-100 rounded-full transition-colors" type="button" id="radix-_r_19_" aria-haspopup="menu" aria-expanded="false" data-state="closed"><svg xmlns="http://www.w3.org/2000/svg" width="24" height="24" viewBox="0 0 24 24" fill="none" stroke="currentColor" stroke-width="2" stroke-linecap="round" stroke-linejoin="round" class="lucide lucide-ellipsis-vertical w-4 h-4 text-gray-600" aria-hidden="true"><circle cx="12" cy="12" r="1"></circle><circle cx="12" cy="5" r="1"></circle><circle cx="12" cy="19" r="1"></circle></svg></button></div><p class="text-sm text-gray-800 whitespace-pre-wrap mb-2">Test reply 1764517923381</p><div class="flex items-center gap-3"><div class="flex items-center gap-3"><button data-testid="reaction-button-like" class="
                            group inline-flex items-center gap-1.5 px-3 py-1.5 rounded-md font-medium text-sm transition-all duration-200
                            bg-white text-gray-700 hover:bg-gray-50 border border-gray-300
                            cursor-pointer hover:scale-105
                        " type="button" id="radix-_r_1b_" aria-haspopup="menu" aria-expanded="false" data-state="closed"><span class="text-base">👍</span><span class="font-medium text-sm">Like</span></button></div></div></div></div><div class="ml-10"><div class="bg-white rounded-md border border-gray-200 p-3"><div class="flex items-start justify-between mb-2"><div class="flex items-center gap-2"><div class="w-8 h-8 bg-gradient-to-br from-gray-700 to-gray-900 rounded-full flex items-center justify-center text-white font-semibold text-sm flex-shrink-0 cursor-pointer hover:ring-2 hover:ring-gray-900 hover:ring-offset-1 transition-all">T</div><div><div class="flex items-center gap-1.5"><span class="text-sm font-semibold text-gray-900 cursor-pointer hover:underline">Test User</span></div><span class="text-xs text-gray-500">Nov 30, 2025, 07:28 PM</span></div></div><button class="p-1 hover:bg-gray-100 rounded-full transition-colors" type="button" id="radix-_r_1g_" aria-haspopup="menu" aria-expanded="false" data-state="closed"><svg xmlns="http://www.w3.org/2000/svg" width="24" height="24" viewBox="0 0 24 24" fill="none" stroke="currentColor" stroke-width="2" stroke-linecap="round" stroke-linejoin="round" class="lucide lucide-ellipsis-vertical w-4 h-4 text-gray-600" aria-hidden="true"><circle cx="12" cy="12" r="1"></circle><circle cx="12" cy="5" r="1"></circle><circle cx="12" cy="19" r="1"></circle></svg></button></div><p class="text-sm text-gray-800 whitespace-pre-wrap mb-2">sfgsgfs</p><div class="flex items-center gap-3"><div class="flex items-center gap-3"><button data-testid="reaction-button-like" class="
                            group inline-flex items-center gap-1.5 px-3 py-1.5 rounded-md font-medium text-sm transition-all duration-200
                            bg-white text-gray-700 hover:bg-gray-50 border border-gray-300
                            cursor-pointer hover:scale-105
                        " type="button" id="radix-_r_1i_" aria-haspopup="menu" aria-expanded="false" data-state="closed"><span class="text-base">👍</span><span class="font-medium text-sm">Like</span></button></div></div></div></div></div></div><div class=""><div class="bg-white rounded-md border border-gray-200 p-3"><div class="flex items-start justify-between mb-2"><div class="flex items-center gap-2"><div class="w-8 h-8 bg-gradient-to-br from-gray-700 to-gray-900 rounded-full flex items-center justify-center text-white font-semibold text-sm flex-shrink-0 cursor-pointer hover:ring-2 hover:ring-gray-900 hover:ring-offset-1 transition-all">T</div><div><div class="flex items-center gap-1.5"><span class="text-sm font-semibold text-gray-900 cursor-pointer hover:underline">Test User</span></div><span class="text-xs text-gray-500">Nov 30, 2025, 07:24 PM</span></div></div><button class="p-1 hover:bg-gray-100 rounded-full transition-colors" type="button" id="radix-_r_1q_" aria-haspopup="menu" aria-expanded="false" data-state="closed"><svg xmlns="http://www.w3.org/2000/svg" width="24" height="24" viewBox="0 0 24 24" fill="none" stroke="currentColor" stroke-width="2" stroke-linecap="round" stroke-linejoin="round" class="lucide lucide-ellipsis-vertical w-4 h-4 text-gray-600" aria-hidden="true"><circle cx="12" cy="12" r="1"></circle><circle cx="12" cy="5" r="1"></circle><circle cx="12" cy="19" r="1"></circle></svg></button></div><p class="text-sm text-gray-800 whitespace-pre-wrap mb-2">Test comment 1764516258855</p><div class="flex items-center gap-3"><div class="flex items-center gap-3"><button data-testid="reaction-button-like" class="
                            group inline-flex items-center gap-1.5 px-3 py-1.5 rounded-md font-medium text-sm transition-all duration-200
                            bg-white text-gray-700 hover:bg-gray-50 border border-gray-300
                            cursor-pointer hover:scale-105
                        " type="button" id="radix-_r_1s_" aria-haspopup="menu" aria-expanded="false" data-state="closed"><span class="text-base">👍</span><span class="font-medium text-sm">Like</span></button></div><button data-testid="reply-button" class="flex items-center gap-1 text-sm text-gray-600 hover:text-gray-900 transition-colors"><svg xmlns="http://www.w3.org/2000/svg" width="24" height="24" viewBox="0 0 24 24" fill="none" stroke="currentColor" stroke-width="2" stroke-linecap="round" stroke-linejoin="round" class="lucide lucide-reply w-4 h-4" aria-hidden="true"><path d="M20 18v-2a4 4 0 0 0-4-4H4"></path><path d="m9 17-5-5 5-5"></path></svg>Reply</button></div></div></div><div class="pt-4 flex justify-center gap-3"><button class="px-4 py-2 text-sm font-medium text-gray-700 bg-white border border-gray-300 rounded-md hover:bg-gray-50 transition-colors disabled:opacity-50 disabled:cursor-not-allowed flex items-center gap-2">Show More Comments</button></div></div></div></div></div></article><article class="bg-white rounded-xl shadow-sm border border-gray-200 overflow-hidden hover:shadow-md transition-shadow"><div class="p-6"><h2 class="text-xl font-bold text-gray-900 mb-3">Amazing New Features Released</h2><p class="text-gray-600 leading-relaxed mb-6">We are excited to announce the release of our new features! The reaction system now supports real-time updates and beautiful animations. Try it out and let us know what you think!</p><div class="pt-4 border-t border-gray-100"><div class="flex items-center gap-3"><button data-testid="reaction-button-like" class="
                            group inline-flex items-center gap-1.5 px-3 py-1.5 rounded-md font-medium text-sm transition-all duration-200
                            bg-white text-gray-700 hover:bg-gray-50 border border-gray-300
                            cursor-pointer hover:scale-105
                        " type="button" id="radix-_r_21_" aria-haspopup="menu" aria-expanded="false" data-state="closed"><span class="text-base">👍</span><span class="font-medium text-sm">Like</span></button><div class="flex items-center gap-1.5"><button data-testid="reaction-count-angry" class="
                                    inline-flex items-center gap-1 px-2 py-1 rounded-full text-xs font-medium transition-all
                                    bg-gray-100 text-gray-700 hover:bg-gray-200
                                    cursor-pointer hover:scale-105
                                "><span class="text-base">😠</span><span>3</span></button><button data-testid="reaction-count-like" class="
                                    inline-flex items-center gap-1 px-2 py-1 rounded-full text-xs font-medium transition-all
                                    bg-gray-100 text-gray-700 hover:bg-gray-200
                                    cursor-pointer hover:scale-105
                                "><span class="text-base">👍</span><span>1</span></button><button data-testid="reaction-count-wow" class="
                                    inline-flex items-center gap-1 px-2 py-1 rounded-full text-xs font-medium transition-all
                                    bg-gray-100 text-gray-700 hover:bg-gray-200
                                    cursor-pointer hover:scale-105
                                "><span class="text-base">😮</span><span>1</span></button><button class="p-1.5 hover:bg-gray-100 rounded-full transition-colors" title="See who reacted"><svg xmlns="http://www.w3.org/2000/svg" width="24" height="24" viewBox="0 0 24 24" fill="none" stroke="currentColor" stroke-width="2" stroke-linecap="round" stroke-linejoin="round" class="lucide lucide-chevron-down w-4 h-4 text-gray-600" aria-hidden="true"><path d="m6 9 6 6 6-6"></path></svg></button></div></div></div><div class="pt-6 border-t border-gray-100 mt-6"><div class="space-y-3"><div class="flex items-center justify-between"><div class="flex items-center gap-2"><svg xmlns="http://www.w3.org/2000/svg" width="24" height="24" viewBox="0 0 24 24" fill="none" stroke="currentColor" stroke-width="2" stroke-linecap="round" stroke-linejoin="round" class="lucide lucide-message-square w-4 h-4 text-gray-600" aria-hidden="true"><path d="M22 17a2 2 0 0 1-2 2H6.828a2 2 0 0 0-1.414.586l-2.202 2.202A.71.71 0 0 1 2 21.286V5a2 2 0 0 1 2-2h16a2 2 0 0 1 2 2z"></path></svg><h3 class="text-base font-semibold text-gray-900">Comments (3)</h3></div><button data-testid="add-comment-button" class="px-3 py-1.5 text-sm font-medium text-white bg-gray-900 rounded-md hover:bg-gray-800 transition-colors">Add Comment</button></div><div class="space-y-2"><div class=""><div class="bg-white rounded-md border border-gray-200 p-3"><div class="flex items-start justify-between mb-2"><div class="flex items-center gap-2"><div class="w-8 h-8 bg-gradient-to-br from-gray-700 to-gray-900 rounded-full flex items-center justify-center text-white font-semibold text-sm flex-shrink-0 cursor-pointer hover:ring-2 hover:ring-gray-900 hover:ring-offset-1 transition-all">D</div><div><div class="flex items-center gap-1.5"><span class="text-sm font-semibold text-gray-900 cursor-pointer hover:underline">David Taylor</span></div><span class="text-xs text-gray-500">Nov 30, 2025, 06:17 PM</span></div></div><button class="p-1 hover:bg-gray-100 rounded-full transition-colors" type="button" id="radix-_r_23_" aria-haspopup="menu" aria-expanded="false" data-state="closed"><svg xmlns="http://www.w3.org/2000/svg" width="24" height="24" viewBox="0 0 24 24" fill="none" stroke="currentColor" stroke-width="2" stroke-linecap="round" stroke-linejoin="round" class="lucide lucide-ellipsis-vertical w-4 h-4 text-gray-600" aria-hidden="true"><circle cx="12" cy="12" r="1"></circle><circle cx="12" cy="5" r="1"></circle><circle cx="12" cy="19" r="1"></circle></svg></button></div><p class="text-sm text-gray-800 whitespace-pre-wrap mb-2">Fantastic post! Keep it up!</p><div class="flex items-center gap-3"><div class="flex items-center gap-3"><button data-testid="reaction-button-like" class="
                            group inline-flex items-center gap-1.5 px-3 py-1.5 rounded-md font-medium text-sm transition-all duration-200
                            bg-white text-gray-700 hover:bg-gray-50 border border-gray-300
                            cursor-pointer hover:scale-105
                        " type="button" id="radix-_r_25_" aria-haspopup="menu" aria-expanded="false" data-state="closed"><span class="text-base">👍</span><span class="font-medium text-sm">Like</span></button></div><button data-testid="reply-button" class="flex items-center gap-1 text-sm text-gray-600 hover:text-gray-900 transition-colors"><svg xmlns="http://www.w3.org/2000/svg" width="24" height="24" viewBox="0 0 24 24" fill="none" stroke="currentColor" stroke-width="2" stroke-linecap="round" stroke-linejoin="round" class="lucide lucide-reply w-4 h-4" aria-hidden="true"><path d="M20 18v-2a4 4 0 0 0-4-4H4"></path><path d="m9 17-5-5 5-5"></path></svg>Reply</button></div></div></div><div class=""><div class="bg-white rounded-md border border-gray-200 p-3"><div class="flex items-start justify-between mb-2"><div class="flex items-center gap-2"><div class="w-8 h-8 bg-gradient-to-br from-gray-700 to-gray-900 rounded-full flex items-center justify-center text-white font-semibold text-sm flex-shrink-0 cursor-pointer hover:ring-2 hover:ring-gray-900 hover:ring-offset-1 transition-all">I</div><div><div class="flex items-center gap-1.5"><span class="text-sm font-semibold text-gray-900 cursor-pointer hover:underline">Isabella Jones</span></div><span class="text-xs text-gray-500">Nov 30, 2025, 06:17 PM</span></div></div><button class="p-1 hover:bg-gray-100 rounded-full transition-colors" type="button" id="radix-_r_2a_" aria-haspopup="menu" aria-expanded="false" data-state="closed"><svg xmlns="http://www.w3.org/2000/svg" width="24" height="24" viewBox="0 0 24 24" fill="none" stroke="currentColor" stroke-width="2" stroke-linecap="round" stroke-linejoin="round" class="lucide lucide-ellipsis-vertical w-4 h-4 text-gray-600" aria-hidden="true"><circle cx="12" cy="12" r="1"></circle><circle cx="12" cy="5" r="1"></circle><circle cx="12" cy="19" r="1"></circle></svg></button></div><p class="text-sm text-gray-800 whitespace-pre-wrap mb-2">Very interesting perspective.</p><div class="flex items-center gap-3"><div class="flex items-center gap-3"><button data-testid="reaction-button-like" class="
                            group inline-flex items-center gap-1.5 px-3 py-1.5 rounded-md font-medium text-sm transition-all duration-200
                            bg-white text-gray-700 hover:bg-gray-50 border border-gray-300
                            cursor-pointer hover:scale-105
                        " type="button" id="radix-_r_2c_" aria-haspopup="menu" aria-expanded="false" data-state="closed"><span class="text-base">👍</span><span class="font-medium text-sm">Like</span></button></div><button data-testid="reply-button" class="flex items-center gap-1 text-sm text-gray-600 hover:text-gray-900 transition-colors"><svg xmlns="http://www.w3.org/2000/svg" width="24" height="24" viewBox="0 0 24 24" fill="none" stroke="currentColor" stroke-width="2" stroke-linecap="round" stroke-linejoin="round" class="lucide lucide-reply w-4 h-4" aria-hidden="true"><path d="M20 18v-2a4 4 0 0 0-4-4H4"></path><path d="m9 17-5-5 5-5"></path></svg>Reply</button></div></div></div><div class=""><div class="bg-white rounded-md border border-gray-200 p-3"><div class="flex items-start justify-between mb-2"><div class="flex items-center gap-2"><div class="w-8 h-8 bg-gradient-to-br from-gray-700 to-gray-900 rounded-full flex items-center justify-center text-white font-semibold text-sm flex-shrink-0 cursor-pointer hover:ring-2 hover:ring-gray-900 hover:ring-offset-1 transition-all">E</div><div><div class="flex items-center gap-1.5"><span class="text-sm font-semibold text-gray-900 cursor-pointer hover:underline">Ethan Lopez</span></div><span class="text-xs text-gray-500">Nov 30, 2025, 06:17 PM</span></div></div><button class="p-1 hover:bg-gray-100 rounded-full transition-colors" type="button" id="radix-_r_2h_" aria-haspopup="menu" aria-expanded="false" data-state="closed"><svg xmlns="http://www.w3.org/2000/svg" width="24" height="24" viewBox="0 0 24 24" fill="none" stroke="currentColor" stroke-width="2" stroke-linecap="round" stroke-linejoin="round" class="lucide lucide-ellipsis-vertical w-4 h-4 text-gray-600" aria-hidden="true"><circle cx="12" cy="12" r="1"></circle><circle cx="12" cy="5" r="1"></circle><circle cx="12" cy="19" r="1"></circle></svg></button></div><p class="text-sm text-gray-800 whitespace-pre-wrap mb-2">Well said! Couldn't agree more.</p><div class="flex items-center gap-3"><div class="flex items-center gap-3"><button data-testid="reaction-button-like" class="
                            group inline-flex items-center gap-1.5 px-3 py-1.5 rounded-md font-medium text-sm transition-all duration-200
                            bg-white text-gray-700 hover:bg-gray-50 border border-gray-300
                            cursor-pointer hover:scale-105
                        " type="button" id="radix-_r_2j_" aria-haspopup="menu" aria-expanded="false" data-state="closed"><span class="text-base">👍</span><span class="font-medium text-sm">Like</span></button></div><button data-testid="reply-button" class="flex items-center gap-1 text-sm text-gray-600 hover:text-gray-900 transition-colors"><svg xmlns="http://www.w3.org/2000/svg" width="24" height="24" viewBox="0 0 24 24" fill="none" stroke="currentColor" stroke-width="2" stroke-linecap="round" stroke-linejoin="round" class="lucide lucide-reply w-4 h-4" aria-hidden="true"><path d="M20 18v-2a4 4 0 0 0-4-4H4"></path><path d="m9 17-5-5 5-5"></path></svg>Reply</button></div></div></div></div></div></div></div></article><article class="bg-white rounded-xl shadow-sm border border-gray-200 overflow-hidden hover:shadow-md transition-shadow"><div class="p-6"><h2 class="text-xl font-bold text-gray-900 mb-3">Community Guidelines Update</h2><p class="text-gray-600 leading-relaxed mb-6">We have updated our community guidelines to ensure a safe and welcoming environment for everyone. Please take a moment to review the changes and react to show your acknowledgment.</p><div class="pt-4 border-t border-gray-100"><div class="flex items-center gap-3"><button data-testid="reaction-button-like" class="
                            group inline-flex items-center gap-1.5 px-3 py-1.5 rounded-md font-medium text-sm transition-all duration-200
                            bg-white text-gray-700 hover:bg-gray-50 border border-gray-300
                            cursor-pointer hover:scale-105
                        " type="button" id="radix-_r_2o_" aria-haspopup="menu" aria-expanded="false" data-state="closed"><span class="text-base">👍</span><span class="font-medium text-sm">Like</span></button><div class="flex items-center gap-1.5"><button data-testid="reaction-count-sad" class="
                                    inline-flex items-center gap-1 px-2 py-1 rounded-full text-xs font-medium transition-all
                                    bg-gray-100 text-gray-700 hover:bg-gray-200
                                    cursor-pointer hover:scale-105
                                "><span class="text-base">😢</span><span>2</span></button><button data-testid="reaction-count-angry" class="
                                    inline-flex items-center gap-1 px-2 py-1 rounded-full text-xs font-medium transition-all
                                    bg-gray-100 text-gray-700 hover:bg-gray-200
                                    cursor-pointer hover:scale-105
                                "><span class="text-base">😠</span><span>2</span></button><button data-testid="reaction-count-like" class="
                                    inline-flex items-center gap-1 px-2 py-1 rounded-full text-xs font-medium transition-all
                                    bg-gray-100 text-gray-700 hover:bg-gray-200
                                    cursor-pointer hover:scale-105
                                "><span class="text-base">👍</span><span>1</span></button><button data-testid="reaction-count-love" class="
                                    inline-flex items-center gap-1 px-2 py-1 rounded-full text-xs font-medium transition-all
                                    bg-gray-100 text-gray-700 hover:bg-gray-200
                                    cursor-pointer hover:scale-105
                                "><span class="text-base">❤️</span><span>1</span></button><button data-testid="reaction-count-haha" class="
                                    inline-flex items-center gap-1 px-2 py-1 rounded-full text-xs font-medium transition-all
                                    bg-gray-100 text-gray-700 hover:bg-gray-200
                                    cursor-pointer hover:scale-105
                                "><span class="text-base">😂</span><span>1</span></button><button class="p-1.5 hover:bg-gray-100 rounded-full transition-colors" title="See who reacted"><svg xmlns="http://www.w3.org/2000/svg" width="24" height="24" viewBox="0 0 24 24" fill="none" stroke="currentColor" stroke-width="2" stroke-linecap="round" stroke-linejoin="round" class="lucide lucide-chevron-down w-4 h-4 text-gray-600" aria-hidden="true"><path d="m6 9 6 6 6-6"></path></svg></button></div></div></div><div class="pt-6 border-t border-gray-100 mt-6"><div class="space-y-3"><div class="flex items-center justify-between"><div class="flex items-center gap-2"><svg xmlns="http://www.w3.org/2000/svg" width="24" height="24" viewBox="0 0 24 24" fill="none" stroke="currentColor" stroke-width="2" stroke-linecap="round" stroke-linejoin="round" class="lucide lucide-message-square w-4 h-4 text-gray-600" aria-hidden="true"><path d="M22 17a2 2 0 0 1-2 2H6.828a2 2 0 0 0-1.414.586l-2.202 2.202A.71.71 0 0 1 2 21.286V5a2 2 0 0 1 2-2h16a2 2 0 0 1 2 2z"></path></svg><h3 class="text-base font-semibold text-gray-900">Comments (2)</h3></div><button data-testid="add-comment-button" class="px-3 py-1.5 text-sm font-medium text-white bg-gray-900 rounded-md hover:bg-gray-800 transition-colors">Add Comment</button></div><div class="space-y-2"><div class=""><div class="bg-white rounded-md border border-gray-200 p-3"><div class="flex items-start justify-between mb-2"><div class="flex items-center gap-2"><div class="w-8 h-8 bg-gradient-to-br from-gray-700 to-gray-900 rounded-full flex items-center justify-center text-white font-semibold text-sm flex-shrink-0 cursor-pointer hover:ring-2 hover:ring-gray-900 hover:ring-offset-1 transition-all">L</div><div><div class="flex items-center gap-1.5"><span class="text-sm font-semibold text-gray-900 cursor-pointer hover:underline">Liam Garcia</span></div><span class="text-xs text-gray-500">Nov 30, 2025, 06:17 PM</span></div></div><button class="p-1 hover:bg-gray-100 rounded-full transition-colors" type="button" id="radix-_r_2q_" aria-haspopup="menu" aria-expanded="false" data-state="closed"><svg xmlns="http://www.w3.org/2000/svg" width="24" height="24" viewBox="0 0 24 24" fill="none" stroke="currentColor" stroke-width="2" stroke-linecap="round" stroke-linejoin="round" class="lucide lucide-ellipsis-vertical w-4 h-4 text-gray-600" aria-hidden="true"><circle cx="12" cy="12" r="1"></circle><circle cx="12" cy="5" r="1"></circle><circle cx="12" cy="19" r="1"></circle></svg></button></div><p class="text-sm text-gray-800 whitespace-pre-wrap mb-2">Thanks for sharing this information.</p><div class="flex items-center gap-3"><div class="flex items-center gap-3"><button data-testid="reaction-button-like" class="
                            group inline-flex items-center gap-1.5 px-3 py-1.5 rounded-md font-medium text-sm transition-all duration-200
                            bg-white text-gray-700 hover:bg-gray-50 border border-gray-300
                            cursor-pointer hover:scale-105
                        " type="button" id="radix-_r_2s_" aria-haspopup="menu" aria-expanded="false" data-state="closed"><span class="text-base">👍</span><span class="font-medium text-sm">Like</span></button></div><button data-testid="reply-button" class="flex items-center gap-1 text-sm text-gray-600 hover:text-gray-900 transition-colors"><svg xmlns="http://www.w3.org/2000/svg" width="24" height="24" viewBox="0 0 24 24" fill="none" stroke="currentColor" stroke-width="2" stroke-linecap="round" stroke-linejoin="round" class="lucide lucide-reply w-4 h-4" aria-hidden="true"><path d="M20 18v-2a4 4 0 0 0-4-4H4"></path><path d="m9 17-5-5 5-5"></path></svg>Reply</button></div></div></div><div class=""><div class="bg-white rounded-md border border-gray-200 p-3"><div class="flex items-start justify-between mb-2"><div class="flex items-center gap-2"><div class="w-8 h-8 bg-gradient-to-br from-gray-700 to-gray-900 rounded-full flex items-center justify-center text-white font-semibold text-sm flex-shrink-0 cursor-pointer hover:ring-2 hover:ring-gray-900 hover:ring-offset-1 transition-all">S</div><div><div class="flex items-center gap-1.5"><span class="text-sm font-semibold text-gray-900 cursor-pointer hover:underline">Sebastian Thomas</span></div><span class="text-xs text-gray-500">Nov 30, 2025, 06:17 PM</span></div></div><button class="p-1 hover:bg-gray-100 rounded-full transition-colors" type="button" id="radix-_r_31_" aria-haspopup="menu" aria-expanded="false" data-state="closed"><svg xmlns="http://www.w3.org/2000/svg" width="24" height="24" viewBox="0 0 24 24" fill="none" stroke="currentColor" stroke-width="2" stroke-linecap="round" stroke-linejoin="round" class="lucide lucide-ellipsis-vertical w-4 h-4 text-gray-600" aria-hidden="true"><circle cx="12" cy="12" r="1"></circle><circle cx="12" cy="5" r="1"></circle><circle cx="12" cy="19" r="1"></circle></svg></button></div><p class="text-sm text-gray-800 whitespace-pre-wrap mb-2">Could you elaborate more on this?</p><div class="flex items-center gap-3"><div class="flex items-center gap-3"><button data-testid="reaction-button-like" class="
                            group inline-flex items-center gap-1.5 px-3 py-1.5 rounded-md font-medium text-sm transition-all duration-200
                            bg-white text-gray-700 hover:bg-gray-50 border border-gray-300
                            cursor-pointer hover:scale-105
                        " type="button" id="radix-_r_33_" aria-haspopup="menu" aria-expanded="false" data-state="closed"><span class="text-base">👍</span><span class="font-medium text-sm">Like</span></button></div><button data-testid="reply-button" class="flex items-center gap-1 text-sm text-gray-600 hover:text-gray-900 transition-colors"><svg xmlns="http://www.w3.org/2000/svg" width="24" height="24" viewBox="0 0 24 24" fill="none" stroke="currentColor" stroke-width="2" stroke-linecap="round" stroke-linejoin="round" class="lucide lucide-reply w-4 h-4" aria-hidden="true"><path d="M20 18v-2a4 4 0 0 0-4-4H4"></path><path d="m9 17-5-5 5-5"></path></svg>Reply</button></div></div><div class="mt-2 space-y-2"><div class="ml-10"><div class="bg-white rounded-md border border-gray-200 p-3"><div class="flex items-start justify-between mb-2"><div class="flex items-center gap-2"><div class="w-8 h-8 bg-gradient-to-br from-gray-700 to-gray-900 rounded-full flex items-center justify-center text-white font-semibold text-sm flex-shrink-0 cursor-pointer hover:ring-2 hover:ring-gray-900 hover:ring-offset-1 transition-all">L</div><div><div class="flex items-center gap-1.5"><span class="text-sm font-semibold text-gray-900 cursor-pointer hover:underline">Liam Garcia</span></div><span class="text-xs text-gray-500">Nov 30, 2025, 06:17 PM</span></div></div><button class="p-1 hover:bg-gray-100 rounded-full transition-colors" type="button" id="radix-_r_35_" aria-haspopup="menu" aria-expanded="false" data-state="closed"><svg xmlns="http://www.w3.org/2000/svg" width="24" height="24" viewBox="0 0 24 24" fill="none" stroke="currentColor" stroke-width="2" stroke-linecap="round" stroke-linejoin="round" class="lucide lucide-ellipsis-vertical w-4 h-4 text-gray-600" aria-hidden="true"><circle cx="12" cy="12" r="1"></circle><circle cx="12" cy="5" r="1"></circle><circle cx="12" cy="19" r="1"></circle></svg></button></div><p class="text-sm text-gray-800 whitespace-pre-wrap mb-2">Interesting perspective!</p><div class="flex items-center gap-3"><div class="flex items-center gap-3"><button data-testid="reaction-button-like" class="
                            group inline-flex items-center gap-1.5 px-3 py-1.5 rounded-md font-medium text-sm transition-all duration-200
                            bg-white text-gray-700 hover:bg-gray-50 border border-gray-300
                            cursor-pointer hover:scale-105
                        " type="button" id="radix-_r_37_" aria-haspopup="menu" aria-expanded="false" data-state="closed"><span class="text-base">👍</span><span class="font-medium text-sm">Like</span></button></div></div></div></div><div class="ml-10"><div class="bg-white rounded-md border border-gray-200 p-3"><div class="flex items-start justify-between mb-2"><div class="flex items-center gap-2"><div class="w-8 h-8 bg-gradient-to-br from-gray-700 to-gray-900 rounded-full flex items-center justify-center text-white font-semibold text-sm flex-shrink-0 cursor-pointer hover:ring-2 hover:ring-gray-900 hover:ring-offset-1 transition-all">V</div><div><div class="flex items-center gap-1.5"><span class="text-sm font-semibold text-gray-900 cursor-pointer hover:underline">Victoria White</span></div><span class="text-xs text-gray-500">Nov 30, 2025, 06:17 PM</span></div></div><button class="p-1 hover:bg-gray-100 rounded-full transition-colors" type="button" id="radix-_r_3c_" aria-haspopup="menu" aria-expanded="false" data-state="closed"><svg xmlns="http://www.w3.org/2000/svg" width="24" height="24" viewBox="0 0 24 24" fill="none" stroke="currentColor" stroke-width="2" stroke-linecap="round" stroke-linejoin="round" class="lucide lucide-ellipsis-vertical w-4 h-4 text-gray-600" aria-hidden="true"><circle cx="12" cy="12" r="1"></circle><circle cx="12" cy="5" r="1"></circle><circle cx="12" cy="19" r="1"></circle></svg></button></div><p class="text-sm text-gray-800 whitespace-pre-wrap mb-2">I hadn't thought of it that way.</p><div class="flex items-center gap-3"><div class="flex items-center gap-3"><button data-testid="reaction-button-like" class="
                            group inline-flex items-center gap-1.5 px-3 py-1.5 rounded-md font-medium text-sm transition-all duration-200
                            bg-white text-gray-700 hover:bg-gray-50 border border-gray-300
                            cursor-pointer hover:scale-105
                        " type="button" id="radix-_r_3e_" aria-haspopup="menu" aria-expanded="false" data-state="closed"><span class="text-base">👍</span><span class="font-medium text-sm">Like</span></button></div></div></div></div></div></div></div></div></div></div></article><article class="bg-white rounded-xl shadow-sm border border-gray-200 overflow-hidden hover:shadow-md transition-shadow"><div class="p-6"><h2 class="text-xl font-bold text-gray-900 mb-3">Behind the Scenes: Development Journey</h2><p class="text-gray-600 leading-relaxed mb-6">Ever wondered how we built this reaction system? In this post, we share our development journey, the challenges we faced, and the solutions we implemented. It has been an amazing ride!</p><div class="pt-4 border-t border-gray-100"><div class="flex items-center gap-3"><button data-testid="reaction-button-like" class="
                            group inline-flex items-center gap-1.5 px-3 py-1.5 rounded-md font-medium text-sm transition-all duration-200
                            bg-white text-gray-700 hover:bg-gray-50 border border-gray-300
                            cursor-pointer hover:scale-105
                        " type="button" id="radix-_r_3m_" aria-haspopup="menu" aria-expanded="false" data-state="closed"><span class="text-base">👍</span><span class="font-medium text-sm">Like</span></button><div class="flex items-center gap-1.5"><button data-testid="reaction-count-haha" class="
                                    inline-flex items-center gap-1 px-2 py-1 rounded-full text-xs font-medium transition-all
                                    bg-gray-100 text-gray-700 hover:bg-gray-200
                                    cursor-pointer hover:scale-105
                                "><span class="text-base">😂</span><span>3</span></button><button data-testid="reaction-count-sad" class="
                                    inline-flex items-center gap-1 px-2 py-1 rounded-full text-xs font-medium transition-all
                                    bg-gray-100 text-gray-700 hover:bg-gray-200
                                    cursor-pointer hover:scale-105
                                "><span class="text-base">😢</span><span>2</span></button><button data-testid="reaction-count-like" class="
                                    inline-flex items-center gap-1 px-2 py-1 rounded-full text-xs font-medium transition-all
                                    bg-gray-100 text-gray-700 hover:bg-gray-200
                                    cursor-pointer hover:scale-105
                                "><span class="text-base">👍</span><span>1</span></button><button data-testid="reaction-count-love" class="
                                    inline-flex items-center gap-1 px-2 py-1 rounded-full text-xs font-medium transition-all
                                    bg-gray-100 text-gray-700 hover:bg-gray-200
                                    cursor-pointer hover:scale-105
                                "><span class="text-base">❤️</span><span>1</span></button><button data-testid="reaction-count-wow" class="
                                    inline-flex items-center gap-1 px-2 py-1 rounded-full text-xs font-medium transition-all
                                    bg-gray-100 text-gray-700 hover:bg-gray-200
                                    cursor-pointer hover:scale-105
                                "><span class="text-base">😮</span><span>1</span></button><button class="p-1.5 hover:bg-gray-100 rounded-full transition-colors" title="See who reacted"><svg xmlns="http://www.w3.org/2000/svg" width="24" height="24" viewBox="0 0 24 24" fill="none" stroke="currentColor" stroke-width="2" stroke-linecap="round" stroke-linejoin="round" class="lucide lucide-chevron-down w-4 h-4 text-gray-600" aria-hidden="true"><path d="m6 9 6 6 6-6"></path></svg></button></div></div></div><div class="pt-6 border-t border-gray-100 mt-6"><div class="space-y-3"><div class="flex items-center justify-between"><div class="flex items-center gap-2"><svg xmlns="http://www.w3.org/2000/svg" width="24" height="24" viewBox="0 0 24 24" fill="none" stroke="currentColor" stroke-width="2" stroke-linecap="round" stroke-linejoin="round" class="lucide lucide-message-square w-4 h-4 text-gray-600" aria-hidden="true"><path d="M22 17a2 2 0 0 1-2 2H6.828a2 2 0 0 0-1.414.586l-2.202 2.202A.71.71 0 0 1 2 21.286V5a2 2 0 0 1 2-2h16a2 2 0 0 1 2 2z"></path></svg><h3 class="text-base font-semibold text-gray-900">Comments (5)</h3></div><button data-testid="add-comment-button" class="px-3 py-1.5 text-sm font-medium text-white bg-gray-900 rounded-md hover:bg-gray-800 transition-colors">Add Comment</button></div><div class="space-y-2"><div class=""><div class="bg-white rounded-md border border-gray-200 p-3"><div class="flex items-start justify-between mb-2"><div class="flex items-center gap-2"><div class="w-8 h-8 bg-gradient-to-br from-gray-700 to-gray-900 rounded-full flex items-center justify-center text-white font-semibold text-sm flex-shrink-0 cursor-pointer hover:ring-2 hover:ring-gray-900 hover:ring-offset-1 transition-all">A</div><div><div class="flex items-center gap-1.5"><span class="text-sm font-semibold text-gray-900 cursor-pointer hover:underline">Amelia Anderson</span></div><span class="text-xs text-gray-500">Nov 30, 2025, 06:17 PM</span></div></div><button class="p-1 hover:bg-gray-100 rounded-full transition-colors" type="button" id="radix-_r_3o_" aria-haspopup="menu" aria-expanded="false" data-state="closed"><svg xmlns="http://www.w3.org/2000/svg" width="24" height="24" viewBox="0 0 24 24" fill="none" stroke="currentColor" stroke-width="2" stroke-linecap="round" stroke-linejoin="round" class="lucide lucide-ellipsis-vertical w-4 h-4 text-gray-600" aria-hidden="true"><circle cx="12" cy="12" r="1"></circle><circle cx="12" cy="5" r="1"></circle><circle cx="12" cy="19" r="1"></circle></svg></button></div><p class="text-sm text-gray-800 whitespace-pre-wrap mb-2">Interesting take on this topic.</p><div class="flex items-center gap-3"><div class="flex items-center gap-3"><button data-testid="reaction-button-like" class="
                            group inline-flex items-center gap-1.5 px-3 py-1.5 rounded-md font-medium text-sm transition-all duration-200
                            bg-white text-gray-700 hover:bg-gray-50 border border-gray-300
                            cursor-pointer hover:scale-105
                        " type="button" id="radix-_r_3q_" aria-haspopup="menu" aria-expanded="false" data-state="closed"><span class="text-base">👍</span><span class="font-medium text-sm">Like</span></button></div><button data-testid="reply-button" class="flex items-center gap-1 text-sm text-gray-600 hover:text-gray-900 transition-colors"><svg xmlns="http://www.w3.org/2000/svg" width="24" height="24" viewBox="0 0 24 24" fill="none" stroke="currentColor" stroke-width="2" stroke-linecap="round" stroke-linejoin="round" class="lucide lucide-reply w-4 h-4" aria-hidden="true"><path d="M20 18v-2a4 4 0 0 0-4-4H4"></path><path d="m9 17-5-5 5-5"></path></svg>Reply</button></div></div><div class="mt-2 space-y-2"><div class="ml-10"><div class="bg-white rounded-md border border-gray-200 p-3"><div class="flex items-start justify-between mb-2"><div class="flex items-center gap-2"><div class="w-8 h-8 bg-gradient-to-br from-gray-700 to-gray-900 rounded-full flex items-center justify-center text-white font-semibold text-sm flex-shrink-0 cursor-pointer hover:ring-2 hover:ring-gray-900 hover:ring-offset-1 transition-all">W</div><div><div class="flex items-center gap-1.5"><span class="text-sm font-semibold text-gray-900 cursor-pointer hover:underline">Wyatt Wilson</span></div><span class="text-xs text-gray-500">Nov 30, 2025, 06:17 PM</span></div></div><button class="p-1 hover:bg-gray-100 rounded-full transition-colors" type="button" id="radix-_r_3s_" aria-haspopup="menu" aria-expanded="false" data-state="closed"><svg xmlns="http://www.w3.org/2000/svg" width="24" height="24" viewBox="0 0 24 24" fill="none" stroke="currentColor" stroke-width="2" stroke-linecap="round" stroke-linejoin="round" class="lucide lucide-ellipsis-vertical w-4 h-4 text-gray-600" aria-hidden="true"><circle cx="12" cy="12" r="1"></circle><circle cx="12" cy="5" r="1"></circle><circle cx="12" cy="19" r="1"></circle></svg></button></div><p class="text-sm text-gray-800 whitespace-pre-wrap mb-2">That's a good point.</p><div class="flex items-center gap-3"><div class="flex items-center gap-3"><button data-testid="reaction-button-like" class="
                            group inline-flex items-center gap-1.5 px-3 py-1.5 rounded-md font-medium text-sm transition-all duration-200
                            bg-white text-gray-700 hover:bg-gray-50 border border-gray-300
                            cursor-pointer hover:scale-105
                        " type="button" id="radix-_r_3u_" aria-haspopup="menu" aria-expanded="false" data-state="closed"><span class="text-base">👍</span><span class="font-medium text-sm">Like</span></button></div></div></div></div></div></div><div class=""><div class="bg-white rounded-md border border-gray-200 p-3"><div class="flex items-start justify-between mb-2"><div class="flex items-center gap-2"><div class="w-8 h-8 bg-gradient-to-br from-gray-700 to-gray-900 rounded-full flex items-center justify-center text-white font-semibold text-sm flex-shrink-0 cursor-pointer hover:ring-2 hover:ring-gray-900 hover:ring-offset-1 transition-all">O</div><div><div class="flex items-center gap-1.5"><span class="text-sm font-semibold text-gray-900 cursor-pointer hover:underline">Owen Miller</span></div><span class="text-xs text-gray-500">Nov 30, 2025, 06:17 PM</span></div></div><button class="p-1 hover:bg-gray-100 rounded-full transition-colors" type="button" id="radix-_r_46_" aria-haspopup="menu" aria-expanded="false" data-state="closed"><svg xmlns="http://www.w3.org/2000/svg" width="24" height="24" viewBox="0 0 24 24" fill="none" stroke="currentColor" stroke-width="2" stroke-linecap="round" stroke-linejoin="round" class="lucide lucide-ellipsis-vertical w-4 h-4 text-gray-600" aria-hidden="true"><circle cx="12" cy="12" r="1"></circle><circle cx="12" cy="5" r="1"></circle><circle cx="12" cy="19" r="1"></circle></svg></button></div><p class="text-sm text-gray-800 whitespace-pre-wrap mb-2">This is really helpful, thank you!</p><div class="flex items-center gap-3"><div class="flex items-center gap-3"><button data-testid="reaction-button-like" class="
                            group inline-flex items-center gap-1.5 px-3 py-1.5 rounded-md font-medium text-sm transition-all duration-200
                            bg-white text-gray-700 hover:bg-gray-50 border border-gray-300
                            cursor-pointer hover:scale-105
                        " type="button" id="radix-_r_48_" aria-haspopup="menu" aria-expanded="false" data-state="closed"><span class="text-base">👍</span><span class="font-medium text-sm">Like</span></button></div><button data-testid="reply-button" class="flex items-center gap-1 text-sm text-gray-600 hover:text-gray-900 transition-colors"><svg xmlns="http://www.w3.org/2000/svg" width="24" height="24" viewBox="0 0 24 24" fill="none" stroke="currentColor" stroke-width="2" stroke-linecap="round" stroke-linejoin="round" class="lucide lucide-reply w-4 h-4" aria-hidden="true"><path d="M20 18v-2a4 4 0 0 0-4-4H4"></path><path d="m9 17-5-5 5-5"></path></svg>Reply</button></div></div></div><div class=""><div class="bg-white rounded-md border border-gray-200 p-3"><div class="flex items-start justify-between mb-2"><div class="flex items-center gap-2"><div class="w-8 h-8 bg-gradient-to-br from-gray-700 to-gray-900 rounded-full flex items-center justify-center text-white font-semibold text-sm flex-shrink-0 cursor-pointer hover:ring-2 hover:ring-gray-900 hover:ring-offset-1 transition-all">J</div><div><div class="flex items-center gap-1.5"><span class="text-sm font-semibold text-gray-900 cursor-pointer hover:underline">Jackson Taylor</span></div><span class="text-xs text-gray-500">Nov 30, 2025, 06:17 PM</span></div></div><button class="p-1 hover:bg-gray-100 rounded-full transition-colors" type="button" id="radix-_r_4d_" aria-haspopup="menu" aria-expanded="false" data-state="closed"><svg xmlns="http://www.w3.org/2000/svg" width="24" height="24" viewBox="0 0 24 24" fill="none" stroke="currentColor" stroke-width="2" stroke-linecap="round" stroke-linejoin="round" class="lucide lucide-ellipsis-vertical w-4 h-4 text-gray-600" aria-hidden="true"><circle cx="12" cy="12" r="1"></circle><circle cx="12" cy="5" r="1"></circle><circle cx="12" cy="19" r="1"></circle></svg></button></div><p class="text-sm text-gray-800 whitespace-pre-wrap mb-2">I learned something new today!</p><div class="flex items-center gap-3"><div class="flex items-center gap-3"><button data-testid="reaction-button-like" class="
                            group inline-flex items-center gap-1.5 px-3 py-1.5 rounded-md font-medium text-sm transition-all duration-200
                            bg-white text-gray-700 hover:bg-gray-50 border border-gray-300
                            cursor-pointer hover:scale-105
                        " type="button" id="radix-_r_4f_" aria-haspopup="menu" aria-expanded="false" data-state="closed"><span class="text-base">👍</span><span class="font-medium text-sm">Like</span></button></div><button data-testid="reply-button" class="flex items-center gap-1 text-sm text-gray-600 hover:text-gray-900 transition-colors"><svg xmlns="http://www.w3.org/2000/svg" width="24" height="24" viewBox="0 0 24 24" fill="none" stroke="currentColor" stroke-width="2" stroke-linecap="round" stroke-linejoin="round" class="lucide lucide-reply w-4 h-4" aria-hidden="true"><path d="M20 18v-2a4 4 0 0 0-4-4H4"></path><path d="m9 17-5-5 5-5"></path></svg>Reply</button></div></div><div class="mt-2 space-y-2"><div class="ml-10"><div class="bg-white rounded-md border border-gray-200 p-3"><div class="flex items-start justify-between mb-2"><div class="flex items-center gap-2"><div class="w-8 h-8 bg-gradient-to-br from-gray-700 to-gray-900 rounded-full flex items-center justify-center text-white font-semibold text-sm flex-shrink-0 cursor-pointer hover:ring-2 hover:ring-gray-900 hover:ring-offset-1 transition-all">L</div><div><div class="flex items-center gap-1.5"><span class="text-sm font-semibold text-gray-900 cursor-pointer hover:underline">Luke Wilson</span></div><span class="text-xs text-gray-500">Nov 30, 2025, 06:17 PM</span></div></div><button class="p-1 hover:bg-gray-100 rounded-full transition-colors" type="button" id="radix-_r_4h_" aria-haspopup="menu" aria-expanded="false" data-state="closed"><svg xmlns="http://www.w3.org/2000/svg" width="24" height="24" viewBox="0 0 24 24" fill="none" stroke="currentColor" stroke-width="2" stroke-linecap="round" stroke-linejoin="round" class="lucide lucide-ellipsis-vertical w-4 h-4 text-gray-600" aria-hidden="true"><circle cx="12" cy="12" r="1"></circle><circle cx="12" cy="5" r="1"></circle><circle cx="12" cy="19" r="1"></circle></svg></button></div><p class="text-sm text-gray-800 whitespace-pre-wrap mb-2">Great addition to the discussion!</p><div class="flex items-center gap-3"><div class="flex items-center gap-3"><button data-testid="reaction-button-like" class="
                            group inline-flex items-center gap-1.5 px-3 py-1.5 rounded-md font-medium text-sm transition-all duration-200
                            bg-white text-gray-700 hover:bg-gray-50 border border-gray-300
                            cursor-pointer hover:scale-105
                        " type="button" id="radix-_r_4j_" aria-haspopup="menu" aria-expanded="false" data-state="closed"><span class="text-base">👍</span><span class="font-medium text-sm">Like</span></button></div></div></div></div><div class="ml-10"><div class="bg-white rounded-md border border-gray-200 p-3"><div class="flex items-start justify-between mb-2"><div class="flex items-center gap-2"><div class="w-8 h-8 bg-gradient-to-br from-gray-700 to-gray-900 rounded-full flex items-center justify-center text-white font-semibold text-sm flex-shrink-0 cursor-pointer hover:ring-2 hover:ring-gray-900 hover:ring-offset-1 transition-all">R</div><div><div class="flex items-center gap-1.5"><span class="text-sm font-semibold text-gray-900 cursor-pointer hover:underline">Riley Williams</span></div><span class="text-xs text-gray-500">Nov 30, 2025, 06:17 PM</span></div></div><button class="p-1 hover:bg-gray-100 rounded-full transition-colors" type="button" id="radix-_r_4o_" aria-haspopup="menu" aria-expanded="false" data-state="closed"><svg xmlns="http://www.w3.org/2000/svg" width="24" height="24" viewBox="0 0 24 24" fill="none" stroke="currentColor" stroke-width="2" stroke-linecap="round" stroke-linejoin="round" class="lucide lucide-ellipsis-vertical w-4 h-4 text-gray-600" aria-hidden="true"><circle cx="12" cy="12" r="1"></circle><circle cx="12" cy="5" r="1"></circle><circle cx="12" cy="19" r="1"></circle></svg></button></div><p class="text-sm text-gray-800 whitespace-pre-wrap mb-2">Well put!</p><div class="flex items-center gap-3"><div class="flex items-center gap-3"><button data-testid="reaction-button-like" class="
                            group inline-flex items-center gap-1.5 px-3 py-1.5 rounded-md font-medium text-sm transition-all duration-200
                            bg-white text-gray-700 hover:bg-gray-50 border border-gray-300
                            cursor-pointer hover:scale-105
                        " type="button" id="radix-_r_4q_" aria-haspopup="menu" aria-expanded="false" data-state="closed"><span class="text-base">👍</span><span class="font-medium text-sm">Like</span></button></div></div></div></div></div></div><div class=""><div class="bg-white rounded-md border border-gray-200 p-3"><div class="flex items-start justify-between mb-2"><div class="flex items-center gap-2"><div class="w-8 h-8 bg-gradient-to-br from-gray-700 to-gray-900 rounded-full flex items-center justify-center text-white font-semibold text-sm flex-shrink-0 cursor-pointer hover:ring-2 hover:ring-gray-900 hover:ring-offset-1 transition-all">C</div><div><div class="flex items-center gap-1.5"><span class="text-sm font-semibold text-gray-900 cursor-pointer hover:underline">Charlotte Johnson</span></div><span class="text-xs text-gray-500">Nov 30, 2025, 06:17 PM</span></div></div><button class="p-1 hover:bg-gray-100 rounded-full transition-colors" type="button" id="radix-_r_52_" aria-haspopup="menu" aria-expanded="false" data-state="closed"><svg xmlns="http://www.w3.org/2000/svg" width="24" height="24" viewBox="0 0 24 24" fill="none" stroke="currentColor" stroke-width="2" stroke-linecap="round" stroke-linejoin="round" class="lucide lucide-ellipsis-vertical w-4 h-4 text-gray-600" aria-hidden="true"><circle cx="12" cy="12" r="1"></circle><circle cx="12" cy="5" r="1"></circle><circle cx="12" cy="19" r="1"></circle></svg></button></div><p class="text-sm text-gray-800 whitespace-pre-wrap mb-2">Could you elaborate more on this?</p><div class="flex items-center gap-3"><div class="flex items-center gap-3"><button data-testid="reaction-button-like" class="
                            group inline-flex items-center gap-1.5 px-3 py-1.5 rounded-md font-medium text-sm transition-all duration-200
                            bg-white text-gray-700 hover:bg-gray-50 border border-gray-300
                            cursor-pointer hover:scale-105
                        " type="button" id="radix-_r_54_" aria-haspopup="menu" aria-expanded="false" data-state="closed"><span class="text-base">👍</span><span class="font-medium text-sm">Like</span></button></div><button data-testid="reply-button" class="flex items-center gap-1 text-sm text-gray-600 hover:text-gray-900 transition-colors"><svg xmlns="http://www.w3.org/2000/svg" width="24" height="24" viewBox="0 0 24 24" fill="none" stroke="currentColor" stroke-width="2" stroke-linecap="round" stroke-linejoin="round" class="lucide lucide-reply w-4 h-4" aria-hidden="true"><path d="M20 18v-2a4 4 0 0 0-4-4H4"></path><path d="m9 17-5-5 5-5"></path></svg>Reply</button></div></div></div><div class=""><div class="bg-white rounded-md border border-gray-200 p-3"><div class="flex items-start justify-between mb-2"><div class="flex items-center gap-2"><div class="w-8 h-8 bg-gradient-to-br from-gray-700 to-gray-900 rounded-full flex items-center justify-center text-white font-semibold text-sm flex-shrink-0 cursor-pointer hover:ring-2 hover:ring-gray-900 hover:ring-offset-1 transition-all">S</div><div><div class="flex items-center gap-1.5"><span class="text-sm font-semibold text-gray-900 cursor-pointer hover:underline">Samuel Rodriguez</span></div><span class="text-xs text-gray-500">Nov 30, 2025, 06:17 PM</span></div></div><button class="p-1 hover:bg-gray-100 rounded-full transition-colors" type="button" id="radix-_r_59_" aria-haspopup="menu" aria-expanded="false" data-state="closed"><svg xmlns="http://www.w3.org/2000/svg" width="24" height="24" viewBox="0 0 24 24" fill="none" stroke="currentColor" stroke-width="2" stroke-linecap="round" stroke-linejoin="round" class="lucide lucide-ellipsis-vertical w-4 h-4 text-gray-600" aria-hidden="true"><circle cx="12" cy="12" r="1"></circle><circle cx="12" cy="5" r="1"></circle><circle cx="12" cy="19" r="1"></circle></svg></button></div><p class="text-sm text-gray-800 whitespace-pre-wrap mb-2">This resonates with me so much.</p><div class="flex items-center gap-3"><div class="flex items-center gap-3"><button data-testid="reaction-button-like" class="
                            group inline-flex items-center gap-1.5 px-3 py-1.5 rounded-md font-medium text-sm transition-all duration-200
                            bg-white text-gray-700 hover:bg-gray-50 border border-gray-300
                            cursor-pointer hover:scale-105
                        " type="button" id="radix-_r_5b_" aria-haspopup="menu" aria-expanded="false" data-state="closed"><span class="text-base">👍</span><span class="font-medium text-sm">Like</span></button></div><button data-testid="reply-button" class="flex items-center gap-1 text-sm text-gray-600 hover:text-gray-900 transition-colors"><svg xmlns="http://www.w3.org/2000/svg" width="24" height="24" viewBox="0 0 24 24" fill="none" stroke="currentColor" stroke-width="2" stroke-linecap="round" stroke-linejoin="round" class="lucide lucide-reply w-4 h-4" aria-hidden="true"><path d="M20 18v-2a4 4 0 0 0-4-4H4"></path><path d="m9 17-5-5 5-5"></path></svg>Reply</button></div></div></div></div></div></div></div></article><article class="bg-white rounded-xl shadow-sm border border-gray-200 overflow-hidden hover:shadow-md transition-shadow"><div class="p-6"><h2 class="text-xl font-bold text-gray-900 mb-3">User Success Stories</h2><p class="text-gray-600 leading-relaxed mb-6">We love hearing from our users! Today we are sharing some incredible success stories from our community. Your feedback and reactions mean the world to us. Keep them coming!</p><div class="pt-4 border-t border-gray-100"><div class="flex items-center gap-3"><button data-testid="reaction-button-like" class="
                            group inline-flex items-center gap-1.5 px-3 py-1.5 rounded-md font-medium text-sm transition-all duration-200
                            bg-white text-gray-700 hover:bg-gray-50 border border-gray-300
                            cursor-pointer hover:scale-105
                        " type="button" id="radix-_r_5g_" aria-haspopup="menu" aria-expanded="false" data-state="closed"><span class="text-base">👍</span><span class="font-medium text-sm">Like</span></button><div class="flex items-center gap-1.5"><button data-testid="reaction-count-love" class="
                                    inline-flex items-center gap-1 px-2 py-1 rounded-full text-xs font-medium transition-all
                                    bg-gray-100 text-gray-700 hover:bg-gray-200
                                    cursor-pointer hover:scale-105
                                "><span class="text-base">❤️</span><span>3</span></button><button data-testid="reaction-count-sad" class="
                                    inline-flex items-center gap-1 px-2 py-1 rounded-full text-xs font-medium transition-all
                                    bg-gray-100 text-gray-700 hover:bg-gray-200
                                    cursor-pointer hover:scale-105
                                "><span class="text-base">😢</span><span>2</span></button><button data-testid="reaction-count-like" class="
                                    inline-flex items-center gap-1 px-2 py-1 rounded-full text-xs font-medium transition-all
                                    bg-gray-100 text-gray-700 hover:bg-gray-200
                                    cursor-pointer hover:scale-105
                                "><span class="text-base">👍</span><span>1</span></button><button data-testid="reaction-count-wow" class="
                                    inline-flex items-center gap-1 px-2 py-1 rounded-full text-xs font-medium transition-all
                                    bg-gray-100 text-gray-700 hover:bg-gray-200
                                    cursor-pointer hover:scale-105
                                "><span class="text-base">😮</span><span>1</span></button><button data-testid="reaction-count-angry" class="
                                    inline-flex items-center gap-1 px-2 py-1 rounded-full text-xs font-medium transition-all
                                    bg-gray-100 text-gray-700 hover:bg-gray-200
                                    cursor-pointer hover:scale-105
                                "><span class="text-base">😠</span><span>1</span></button><button class="p-1.5 hover:bg-gray-100 rounded-full transition-colors" title="See who reacted"><svg xmlns="http://www.w3.org/2000/svg" width="24" height="24" viewBox="0 0 24 24" fill="none" stroke="currentColor" stroke-width="2" stroke-linecap="round" stroke-linejoin="round" class="lucide lucide-chevron-down w-4 h-4 text-gray-600" aria-hidden="true"><path d="m6 9 6 6 6-6"></path></svg></button></div></div></div><div class="pt-6 border-t border-gray-100 mt-6"><div class="space-y-3"><div class="flex items-center justify-between"><div class="flex items-center gap-2"><svg xmlns="http://www.w3.org/2000/svg" width="24" height="24" viewBox="0 0 24 24" fill="none" stroke="currentColor" stroke-width="2" stroke-linecap="round" stroke-linejoin="round" class="lucide lucide-message-square w-4 h-4 text-gray-600" aria-hidden="true"><path d="M22 17a2 2 0 0 1-2 2H6.828a2 2 0 0 0-1.414.586l-2.202 2.202A.71.71 0 0 1 2 21.286V5a2 2 0 0 1 2-2h16a2 2 0 0 1 2 2z"></path></svg><h3 class="text-base font-semibold text-gray-900">Comments (3)</h3></div><button data-testid="add-comment-button" class="px-3 py-1.5 text-sm font-medium text-white bg-gray-900 rounded-md hover:bg-gray-800 transition-colors">Add Comment</button></div><div class="space-y-2"><div class=""><div class="bg-white rounded-md border border-gray-200 p-3"><div class="flex items-start justify-between mb-2"><div class="flex items-center gap-2"><div class="w-8 h-8 bg-gradient-to-br from-gray-700 to-gray-900 rounded-full flex items-center justify-center text-white font-semibold text-sm flex-shrink-0 cursor-pointer hover:ring-2 hover:ring-gray-900 hover:ring-offset-1 transition-all">L</div><div><div class="flex items-center gap-1.5"><span class="text-sm font-semibold text-gray-900 cursor-pointer hover:underline">Lillian Gonzalez</span></div><span class="text-xs text-gray-500">Nov 30, 2025, 06:17 PM</span></div></div><button class="p-1 hover:bg-gray-100 rounded-full transition-colors" type="button" id="radix-_r_5i_" aria-haspopup="menu" aria-expanded="false" data-state="closed"><svg xmlns="http://www.w3.org/2000/svg" width="24" height="24" viewBox="0 0 24 24" fill="none" stroke="currentColor" stroke-width="2" stroke-linecap="round" stroke-linejoin="round" class="lucide lucide-ellipsis-vertical w-4 h-4 text-gray-600" aria-hidden="true"><circle cx="12" cy="12" r="1"></circle><circle cx="12" cy="5" r="1"></circle><circle cx="12" cy="19" r="1"></circle></svg></button></div><p class="text-sm text-gray-800 whitespace-pre-wrap mb-2">This is really helpful, thank you!</p><div class="flex items-center gap-3"><div class="flex items-center gap-3"><button data-testid="reaction-button-like" class="
                            group inline-flex items-center gap-1.5 px-3 py-1.5 rounded-md font-medium text-sm transition-all duration-200
                            bg-white text-gray-700 hover:bg-gray-50 border border-gray-300
                            cursor-pointer hover:scale-105
                        " type="button" id="radix-_r_5k_" aria-haspopup="menu" aria-expanded="false" data-state="closed"><span class="text-base">👍</span><span class="font-medium text-sm">Like</span></button></div><button data-testid="reply-button" class="flex items-center gap-1 text-sm text-gray-600 hover:text-gray-900 transition-colors"><svg xmlns="http://www.w3.org/2000/svg" width="24" height="24" viewBox="0 0 24 24" fill="none" stroke="currentColor" stroke-width="2" stroke-linecap="round" stroke-linejoin="round" class="lucide lucide-reply w-4 h-4" aria-hidden="true"><path d="M20 18v-2a4 4 0 0 0-4-4H4"></path><path d="m9 17-5-5 5-5"></path></svg>Reply</button></div></div></div><div class=""><div class="bg-white rounded-md border border-gray-200 p-3"><div class="flex items-start justify-between mb-2"><div class="flex items-center gap-2"><div class="w-8 h-8 bg-gradient-to-br from-gray-700 to-gray-900 rounded-full flex items-center justify-center text-white font-semibold text-sm flex-shrink-0 cursor-pointer hover:ring-2 hover:ring-gray-900 hover:ring-offset-1 transition-all">M</div><div><div class="flex items-center gap-1.5"><span class="text-sm font-semibold text-gray-900 cursor-pointer hover:underline">Mason Miller</span></div><span class="text-xs text-gray-500">Nov 30, 2025, 06:17 PM</span></div></div><button class="p-1 hover:bg-gray-100 rounded-full transition-colors" type="button" id="radix-_r_5p_" aria-haspopup="menu" aria-expanded="false" data-state="closed"><svg xmlns="http://www.w3.org/2000/svg" width="24" height="24" viewBox="0 0 24 24" fill="none" stroke="currentColor" stroke-width="2" stroke-linecap="round" stroke-linejoin="round" class="lucide lucide-ellipsis-vertical w-4 h-4 text-gray-600" aria-hidden="true"><circle cx="12" cy="12" r="1"></circle><circle cx="12" cy="5" r="1"></circle><circle cx="12" cy="19" r="1"></circle></svg></button></div><p class="text-sm text-gray-800 whitespace-pre-wrap mb-2">Thanks for sharing this information.</p><div class="flex items-center gap-3"><div class="flex items-center gap-3"><button data-testid="reaction-button-like" class="
                            group inline-flex items-center gap-1.5 px-3 py-1.5 rounded-md font-medium text-sm transition-all duration-200
                            bg-white text-gray-700 hover:bg-gray-50 border border-gray-300
                            cursor-pointer hover:scale-105
                        " type="button" id="radix-_r_5r_" aria-haspopup="menu" aria-expanded="false" data-state="closed"><span class="text-base">👍</span><span class="font-medium text-sm">Like</span></button></div><button data-testid="reply-button" class="flex items-center gap-1 text-sm text-gray-600 hover:text-gray-900 transition-colors"><svg xmlns="http://www.w3.org/2000/svg" width="24" height="24" viewBox="0 0 24 24" fill="none" stroke="currentColor" stroke-width="2" stroke-linecap="round" stroke-linejoin="round" class="lucide lucide-reply w-4 h-4" aria-hidden="true"><path d="M20 18v-2a4 4 0 0 0-4-4H4"></path><path d="m9 17-5-5 5-5"></path></svg>Reply</button></div></div></div><div class=""><div class="bg-white rounded-md border border-gray-200 p-3"><div class="flex items-start justify-between mb-2"><div class="flex items-center gap-2"><div class="w-8 h-8 bg-gradient-to-br from-gray-700 to-gray-900 rounded-full flex items-center justify-center text-white font-semibold text-sm flex-shrink-0 cursor-pointer hover:ring-2 hover:ring-gray-900 hover:ring-offset-1 transition-all">S</div><div><div class="flex items-center gap-1.5"><span class="text-sm font-semibold text-gray-900 cursor-pointer hover:underline">Sebastian Thomas</span></div><span class="text-xs text-gray-500">Nov 30, 2025, 06:17 PM</span></div></div><button class="p-1 hover:bg-gray-100 rounded-full transition-colors" type="button" id="radix-_r_60_" aria-haspopup="menu" aria-expanded="false" data-state="closed"><svg xmlns="http://www.w3.org/2000/svg" width="24" height="24" viewBox="0 0 24 24" fill="none" stroke="currentColor" stroke-width="2" stroke-linecap="round" stroke-linejoin="round" class="lucide lucide-ellipsis-vertical w-4 h-4 text-gray-600" aria-hidden="true"><circle cx="12" cy="12" r="1"></circle><circle cx="12" cy="5" r="1"></circle><circle cx="12" cy="19" r="1"></circle></svg></button></div><p class="text-sm text-gray-800 whitespace-pre-wrap mb-2">This is amazing! Great work!</p><div class="flex items-center gap-3"><div class="flex items-center gap-3"><button data-testid="reaction-button-like" class="
                            group inline-flex items-center gap-1.5 px-3 py-1.5 rounded-md font-medium text-sm transition-all duration-200
                            bg-white text-gray-700 hover:bg-gray-50 border border-gray-300
                            cursor-pointer hover:scale-105
                        " type="button" id="radix-_r_62_" aria-haspopup="menu" aria-expanded="false" data-state="closed"><span class="text-base">👍</span><span class="font-medium text-sm">Like</span></button></div><button data-testid="reply-button" class="flex items-center gap-1 text-sm text-gray-600 hover:text-gray-900 transition-colors"><svg xmlns="http://www.w3.org/2000/svg" width="24" height="24" viewBox="0 0 24 24" fill="none" stroke="currentColor" stroke-width="2" stroke-linecap="round" stroke-linejoin="round" class="lucide lucide-reply w-4 h-4" aria-hidden="true"><path d="M20 18v-2a4 4 0 0 0-4-4H4"></path><path d="m9 17-5-5 5-5"></path></svg>Reply</button></div></div><div class="mt-2 space-y-2"><div class="ml-10"><div class="bg-white rounded-md border border-gray-200 p-3"><div class="flex items-start justify-between mb-2"><div class="flex items-center gap-2"><div class="w-8 h-8 bg-gradient-to-br from-gray-700 to-gray-900 rounded-full flex items-center justify-center text-white font-semibold text-sm flex-shrink-0 cursor-pointer hover:ring-2 hover:ring-gray-900 hover:ring-offset-1 transition-all">L</div><div><div class="flex items-center gap-1.5"><span class="text-sm font-semibold text-gray-900 cursor-pointer hover:underline">Liam Brown</span></div><span class="text-xs text-gray-500">Nov 30, 2025, 06:17 PM</span></div></div><button class="p-1 hover:bg-gray-100 rounded-full transition-colors" type="button" id="radix-_r_64_" aria-haspopup="menu" aria-expanded="false" data-state="closed"><svg xmlns="http://www.w3.org/2000/svg" width="24" height="24" viewBox="0 0 24 24" fill="none" stroke="currentColor" stroke-width="2" stroke-linecap="round" stroke-linejoin="round" class="lucide lucide-ellipsis-vertical w-4 h-4 text-gray-600" aria-hidden="true"><circle cx="12" cy="12" r="1"></circle><circle cx="12" cy="5" r="1"></circle><circle cx="12" cy="19" r="1"></circle></svg></button></div><p class="text-sm text-gray-800 whitespace-pre-wrap mb-2">I agree with you!</p><div class="flex items-center gap-3"><div class="flex items-center gap-3"><button data-testid="reaction-button-like" class="
                            group inline-flex items-center gap-1.5 px-3 py-1.5 rounded-md font-medium text-sm transition-all duration-200
                            bg-white text-gray-700 hover:bg-gray-50 border border-gray-300
                            cursor-pointer hover:scale-105
                        " type="button" id="radix-_r_66_" aria-haspopup="menu" aria-expanded="false" data-state="closed"><span class="text-base">👍</span><span class="font-medium text-sm">Like</span></button></div></div></div></div><div class="ml-10"><div class="bg-white rounded-md border border-gray-200 p-3"><div class="flex items-start justify-between mb-2"><div class="flex items-center gap-2"><div class="w-8 h-8 bg-gradient-to-br from-gray-700 to-gray-900 rounded-full flex items-center justify-center text-white font-semibold text-sm flex-shrink-0 cursor-pointer hover:ring-2 hover:ring-gray-900 hover:ring-offset-1 transition-all">S</div><div><div class="flex items-center gap-1.5"><span class="text-sm font-semibold text-gray-900 cursor-pointer hover:underline">Sebastian Thomas</span></div><span class="text-xs text-gray-500">Nov 30, 2025, 06:17 PM</span></div></div><button class="p-1 hover:bg-gray-100 rounded-full transition-colors" type="button" id="radix-_r_6b_" aria-haspopup="menu" aria-expanded="false" data-state="closed"><svg xmlns="http://www.w3.org/2000/svg" width="24" height="24" viewBox="0 0 24 24" fill="none" stroke="currentColor" stroke-width="2" stroke-linecap="round" stroke-linejoin="round" class="lucide lucide-ellipsis-vertical w-4 h-4 text-gray-600" aria-hidden="true"><circle cx="12" cy="12" r="1"></circle><circle cx="12" cy="5" r="1"></circle><circle cx="12" cy="19" r="1"></circle></svg></button></div><p class="text-sm text-gray-800 whitespace-pre-wrap mb-2">Thanks for your comment!</p><div class="flex items-center gap-3"><div class="flex items-center gap-3"><button data-testid="reaction-button-like" class="
                            group inline-flex items-center gap-1.5 px-3 py-1.5 rounded-md font-medium text-sm transition-all duration-200
                            bg-white text-gray-700 hover:bg-gray-50 border border-gray-300
                            cursor-pointer hover:scale-105
                        " type="button" id="radix-_r_6d_" aria-haspopup="menu" aria-expanded="false" data-state="closed"><span class="text-base">👍</span><span class="font-medium text-sm">Like</span></button></div></div></div></div></div></div></div></div></div></div></article><article class="bg-white rounded-xl shadow-sm border border-gray-200 overflow-hidden hover:shadow-md transition-shadow"><div class="p-6"><h2 class="text-xl font-bold text-gray-900 mb-3">Tips and Tricks for Power Users</h2><p class="text-gray-600 leading-relaxed mb-6">Did you know you can quickly react by hovering over the button? Here are some tips and tricks to get the most out of our platform. Become a power user today!</p><div class="pt-4 border-t border-gray-100"><div class="flex items-center gap-3"><button data-testid="reaction-button-like" class="
                            group inline-flex items-center gap-1.5 px-3 py-1.5 rounded-md font-medium text-sm transition-all duration-200
                            bg-white text-gray-700 hover:bg-gray-50 border border-gray-300
                            cursor-pointer hover:scale-105
                        " type="button" id="radix-_r_6l_" aria-haspopup="menu" aria-expanded="false" data-state="closed"><span class="text-base">👍</span><span class="font-medium text-sm">Like</span></button><div class="flex items-center gap-1.5"><button data-testid="reaction-count-love" class="
                                    inline-flex items-center gap-1 px-2 py-1 rounded-full text-xs font-medium transition-all
                                    bg-gray-100 text-gray-700 hover:bg-gray-200
                                    cursor-pointer hover:scale-105
                                "><span class="text-base">❤️</span><span>2</span></button><button data-testid="reaction-count-like" class="
                                    inline-flex items-center gap-1 px-2 py-1 rounded-full text-xs font-medium transition-all
                                    bg-gray-100 text-gray-700 hover:bg-gray-200
                                    cursor-pointer hover:scale-105
                                "><span class="text-base">👍</span><span>1</span></button><button data-testid="reaction-count-wow" class="
                                    inline-flex items-center gap-1 px-2 py-1 rounded-full text-xs font-medium transition-all
                                    bg-gray-100 text-gray-700 hover:bg-gray-200
                                    cursor-pointer hover:scale-105
                                "><span class="text-base">😮</span><span>1</span></button><button class="p-1.5 hover:bg-gray-100 rounded-full transition-colors" title="See who reacted"><svg xmlns="http://www.w3.org/2000/svg" width="24" height="24" viewBox="0 0 24 24" fill="none" stroke="currentColor" stroke-width="2" stroke-linecap="round" stroke-linejoin="round" class="lucide lucide-chevron-down w-4 h-4 text-gray-600" aria-hidden="true"><path d="m6 9 6 6 6-6"></path></svg></button></div></div></div><div class="pt-6 border-t border-gray-100 mt-6"><div class="space-y-3"><div class="flex items-center justify-between"><div class="flex items-center gap-2"><svg xmlns="http://www.w3.org/2000/svg" width="24" height="24" viewBox="0 0 24 24" fill="none" stroke="currentColor" stroke-width="2" stroke-linecap="round" stroke-linejoin="round" class="lucide lucide-message-square w-4 h-4 text-gray-600" aria-hidden="true"><path d="M22 17a2 2 0 0 1-2 2H6.828a2 2 0 0 0-1.414.586l-2.202 2.202A.71.71 0 0 1 2 21.286V5a2 2 0 0 1 2-2h16a2 2 0 0 1 2 2z"></path></svg><h3 class="text-base font-semibold text-gray-900">Comments (4)</h3></div><button data-testid="add-comment-button" class="px-3 py-1.5 text-sm font-medium text-white bg-gray-900 rounded-md hover:bg-gray-800 transition-colors">Add Comment</button></div><div class="space-y-2"><div class=""><div class="bg-white rounded-md border border-gray-200 p-3"><div class="flex items-start justify-between mb-2"><div class="flex items-center gap-2"><div class="w-8 h-8 bg-gradient-to-br from-gray-700 to-gray-900 rounded-full flex items-center justify-center text-white font-semibold text-sm flex-shrink-0 cursor-pointer hover:ring-2 hover:ring-gray-900 hover:ring-offset-1 transition-all">V</div><div><div class="flex items-center gap-1.5"><span class="text-sm font-semibold text-gray-900 cursor-pointer hover:underline">Victoria Thomas</span></div><span class="text-xs text-gray-500">Nov 30, 2025, 06:17 PM</span></div></div><button class="p-1 hover:bg-gray-100 rounded-full transition-colors" type="button" id="radix-_r_6n_" aria-haspopup="menu" aria-expanded="false" data-state="closed"><svg xmlns="http://www.w3.org/2000/svg" width="24" height="24" viewBox="0 0 24 24" fill="none" stroke="currentColor" stroke-width="2" stroke-linecap="round" stroke-linejoin="round" class="lucide lucide-ellipsis-vertical w-4 h-4 text-gray-600" aria-hidden="true"><circle cx="12" cy="12" r="1"></circle><circle cx="12" cy="5" r="1"></circle><circle cx="12" cy="19" r="1"></circle></svg></button></div><p class="text-sm text-gray-800 whitespace-pre-wrap mb-2">Fantastic post! Keep it up!</p><div class="flex items-center gap-3"><div class="flex items-center gap-3"><button data-testid="reaction-button-like" class="
                            group inline-flex items-center gap-1.5 px-3 py-1.5 rounded-md font-medium text-sm transition-all duration-200
                            bg-white text-gray-700 hover:bg-gray-50 border border-gray-300
                            cursor-pointer hover:scale-105
                        " type="button" id="radix-_r_6p_" aria-haspopup="menu" aria-expanded="false" data-state="closed"><span class="text-base">👍</span><span class="font-medium text-sm">Like</span></button></div><button data-testid="reply-button" class="flex items-center gap-1 text-sm text-gray-600 hover:text-gray-900 transition-colors"><svg xmlns="http://www.w3.org/2000/svg" width="24" height="24" viewBox="0 0 24 24" fill="none" stroke="currentColor" stroke-width="2" stroke-linecap="round" stroke-linejoin="round" class="lucide lucide-reply w-4 h-4" aria-hidden="true"><path d="M20 18v-2a4 4 0 0 0-4-4H4"></path><path d="m9 17-5-5 5-5"></path></svg>Reply</button></div></div><div class="mt-2 space-y-2"><div class="ml-10"><div class="bg-white rounded-md border border-gray-200 p-3"><div class="flex items-start justify-between mb-2"><div class="flex items-center gap-2"><div class="w-8 h-8 bg-gradient-to-br from-gray-700 to-gray-900 rounded-full flex items-center justify-center text-white font-semibold text-sm flex-shrink-0 cursor-pointer hover:ring-2 hover:ring-gray-900 hover:ring-offset-1 transition-all">M</div><div><div class="flex items-center gap-1.5"><span class="text-sm font-semibold text-gray-900 cursor-pointer hover:underline">Mason Jones</span></div><span class="text-xs text-gray-500">Nov 30, 2025, 06:17 PM</span></div></div><button class="p-1 hover:bg-gray-100 rounded-full transition-colors" type="button" id="radix-_r_6r_" aria-haspopup="menu" aria-expanded="false" data-state="closed"><svg xmlns="http://www.w3.org/2000/svg" width="24" height="24" viewBox="0 0 24 24" fill="none" stroke="currentColor" stroke-width="2" stroke-linecap="round" stroke-linejoin="round" class="lucide lucide-ellipsis-vertical w-4 h-4 text-gray-600" aria-hidden="true"><circle cx="12" cy="12" r="1"></circle><circle cx="12" cy="5" r="1"></circle><circle cx="12" cy="19" r="1"></circle></svg></button></div><p class="text-sm text-gray-800 whitespace-pre-wrap mb-2">Interesting perspective!</p><div class="flex items-center gap-3"><div class="flex items-center gap-3"><button data-testid="reaction-button-like" class="
                            group inline-flex items-center gap-1.5 px-3 py-1.5 rounded-md font-medium text-sm transition-all duration-200
                            bg-white text-gray-700 hover:bg-gray-50 border border-gray-300
                            cursor-pointer hover:scale-105
                        " type="button" id="radix-_r_6t_" aria-haspopup="menu" aria-expanded="false" data-state="closed"><span class="text-base">👍</span><span class="font-medium text-sm">Like</span></button></div></div></div></div></div></div><div class=""><div class="bg-white rounded-md border border-gray-200 p-3"><div class="flex items-start justify-between mb-2"><div class="flex items-center gap-2"><div class="w-8 h-8 bg-gradient-to-br from-gray-700 to-gray-900 rounded-full flex items-center justify-center text-white font-semibold text-sm flex-shrink-0 cursor-pointer hover:ring-2 hover:ring-gray-900 hover:ring-offset-1 transition-all">B</div><div><div class="flex items-center gap-1.5"><span class="text-sm font-semibold text-gray-900 cursor-pointer hover:underline">Benjamin Moore</span></div><span class="text-xs text-gray-500">Nov 30, 2025, 06:17 PM</span></div></div><button class="p-1 hover:bg-gray-100 rounded-full transition-colors" type="button" id="radix-_r_75_" aria-haspopup="menu" aria-expanded="false" data-state="closed"><svg xmlns="http://www.w3.org/2000/svg" width="24" height="24" viewBox="0 0 24 24" fill="none" stroke="currentColor" stroke-width="2" stroke-linecap="round" stroke-linejoin="round" class="lucide lucide-ellipsis-vertical w-4 h-4 text-gray-600" aria-hidden="true"><circle cx="12" cy="12" r="1"></circle><circle cx="12" cy="5" r="1"></circle><circle cx="12" cy="19" r="1"></circle></svg></button></div><p class="text-sm text-gray-800 whitespace-pre-wrap mb-2">This resonates with me so much.</p><div class="flex items-center gap-3"><div class="flex items-center gap-3"><button data-testid="reaction-button-like" class="
                            group inline-flex items-center gap-1.5 px-3 py-1.5 rounded-md font-medium text-sm transition-all duration-200
                            bg-white text-gray-700 hover:bg-gray-50 border border-gray-300
                            cursor-pointer hover:scale-105
                        " type="button" id="radix-_r_77_" aria-haspopup="menu" aria-expanded="false" data-state="closed"><span class="text-base">👍</span><span class="font-medium text-sm">Like</span></button></div><button data-testid="reply-button" class="flex items-center gap-1 text-sm text-gray-600 hover:text-gray-900 transition-colors"><svg xmlns="http://www.w3.org/2000/svg" width="24" height="24" viewBox="0 0 24 24" fill="none" stroke="currentColor" stroke-width="2" stroke-linecap="round" stroke-linejoin="round" class="lucide lucide-reply w-4 h-4" aria-hidden="true"><path d="M20 18v-2a4 4 0 0 0-4-4H4"></path><path d="m9 17-5-5 5-5"></path></svg>Reply</button></div></div><div class="mt-2 space-y-2"><div class="ml-10"><div class="bg-white rounded-md border border-gray-200 p-3"><div class="flex items-start justify-between mb-2"><div class="flex items-center gap-2"><div class="w-8 h-8 bg-gradient-to-br from-gray-700 to-gray-900 rounded-full flex items-center justify-center text-white font-semibold text-sm flex-shrink-0 cursor-pointer hover:ring-2 hover:ring-gray-900 hover:ring-offset-1 transition-all">L</div><div><div class="flex items-center gap-1.5"><span class="text-sm font-semibold text-gray-900 cursor-pointer hover:underline">Liam Brown</span></div><span class="text-xs text-gray-500">Nov 30, 2025, 06:17 PM</span></div></div><button class="p-1 hover:bg-gray-100 rounded-full transition-colors" type="button" id="radix-_r_79_" aria-haspopup="menu" aria-expanded="false" data-state="closed"><svg xmlns="http://www.w3.org/2000/svg" width="24" height="24" viewBox="0 0 24 24" fill="none" stroke="currentColor" stroke-width="2" stroke-linecap="round" stroke-linejoin="round" class="lucide lucide-ellipsis-vertical w-4 h-4 text-gray-600" aria-hidden="true"><circle cx="12" cy="12" r="1"></circle><circle cx="12" cy="5" r="1"></circle><circle cx="12" cy="19" r="1"></circle></svg></button></div><p class="text-sm text-gray-800 whitespace-pre-wrap mb-2">I agree with you!</p><div class="flex items-center gap-3"><div class="flex items-center gap-3"><button data-testid="reaction-button-like" class="
                            group inline-flex items-center gap-1.5 px-3 py-1.5 rounded-md font-medium text-sm transition-all duration-200
                            bg-white text-gray-700 hover:bg-gray-50 border border-gray-300
                            cursor-pointer hover:scale-105
                        " type="button" id="radix-_r_7b_" aria-haspopup="menu" aria-expanded="false" data-state="closed"><span class="text-base">👍</span><span class="font-medium text-sm">Like</span></button></div></div></div></div><div class="ml-10"><div class="bg-white rounded-md border border-gray-200 p-3"><div class="flex items-start justify-between mb-2"><div class="flex items-center gap-2"><div class="w-8 h-8 bg-gradient-to-br from-gray-700 to-gray-900 rounded-full flex items-center justify-center text-white font-semibold text-sm flex-shrink-0 cursor-pointer hover:ring-2 hover:ring-gray-900 hover:ring-offset-1 transition-all">O</div><div><div class="flex items-center gap-1.5"><span class="text-sm font-semibold text-gray-900 cursor-pointer hover:underline">Owen Anderson</span></div><span class="text-xs text-gray-500">Nov 30, 2025, 06:17 PM</span></div></div><button class="p-1 hover:bg-gray-100 rounded-full transition-colors" type="button" id="radix-_r_7g_" aria-haspopup="menu" aria-expanded="false" data-state="closed"><svg xmlns="http://www.w3.org/2000/svg" width="24" height="24" viewBox="0 0 24 24" fill="none" stroke="currentColor" stroke-width="2" stroke-linecap="round" stroke-linejoin="round" class="lucide lucide-ellipsis-vertical w-4 h-4 text-gray-600" aria-hidden="true"><circle cx="12" cy="12" r="1"></circle><circle cx="12" cy="5" r="1"></circle><circle cx="12" cy="19" r="1"></circle></svg></button></div><p class="text-sm text-gray-800 whitespace-pre-wrap mb-2">Thanks for your comment!</p><div class="flex items-center gap-3"><div class="flex items-center gap-3"><button data-testid="reaction-button-like" class="
                            group inline-flex items-center gap-1.5 px-3 py-1.5 rounded-md font-medium text-sm transition-all duration-200
                            bg-white text-gray-700 hover:bg-gray-50 border border-gray-300
                            cursor-pointer hover:scale-105
                        " type="button" id="radix-_r_7i_" aria-haspopup="menu" aria-expanded="false" data-state="closed"><span class="text-base">👍</span><span class="font-medium text-sm">Like</span></button></div></div></div></div></div></div><div class=""><div class="bg-white rounded-md border border-gray-200 p-3"><div class="flex items-start justify-between mb-2"><div class="flex items-center gap-2"><div class="w-8 h-8 bg-gradient-to-br from-gray-700 to-gray-900 rounded-full flex items-center justify-center text-white font-semibold text-sm flex-shrink-0 cursor-pointer hover:ring-2 hover:ring-gray-900 hover:ring-offset-1 transition-all">E</div><div><div class="flex items-center gap-1.5"><span class="text-sm font-semibold text-gray-900 cursor-pointer hover:underline">Ethan Clark</span></div><span class="text-xs text-gray-500">Nov 30, 2025, 06:17 PM</span></div></div><button class="p-1 hover:bg-gray-100 rounded-full transition-colors" type="button" id="radix-_r_7q_" aria-haspopup="menu" aria-expanded="false" data-state="closed"><svg xmlns="http://www.w3.org/2000/svg" width="24" height="24" viewBox="0 0 24 24" fill="none" stroke="currentColor" stroke-width="2" stroke-linecap="round" stroke-linejoin="round" class="lucide lucide-ellipsis-vertical w-4 h-4 text-gray-600" aria-hidden="true"><circle cx="12" cy="12" r="1"></circle><circle cx="12" cy="5" r="1"></circle><circle cx="12" cy="19" r="1"></circle></svg></button></div><p class="text-sm text-gray-800 whitespace-pre-wrap mb-2">Well said! Couldn't agree more.</p><div class="flex items-center gap-3"><div class="flex items-center gap-3"><button data-testid="reaction-button-like" class="
                            group inline-flex items-center gap-1.5 px-3 py-1.5 rounded-md font-medium text-sm transition-all duration-200
                            bg-white text-gray-700 hover:bg-gray-50 border border-gray-300
                            cursor-pointer hover:scale-105
                        " type="button" id="radix-_r_7s_" aria-haspopup="menu" aria-expanded="false" data-state="closed"><span class="text-base">👍</span><span class="font-medium text-sm">Like</span></button></div><button data-testid="reply-button" class="flex items-center gap-1 text-sm text-gray-600 hover:text-gray-900 transition-colors"><svg xmlns="http://www.w3.org/2000/svg" width="24" height="24" viewBox="0 0 24 24" fill="none" stroke="currentColor" stroke-width="2" stroke-linecap="round" stroke-linejoin="round" class="lucide lucide-reply w-4 h-4" aria-hidden="true"><path d="M20 18v-2a4 4 0 0 0-4-4H4"></path><path d="m9 17-5-5 5-5"></path></svg>Reply</button></div></div></div><div class=""><div class="bg-white rounded-md border border-gray-200 p-3"><div class="flex items-start justify-between mb-2"><div class="flex items-center gap-2"><div class="w-8 h-8 bg-gradient-to-br from-gray-700 to-gray-900 rounded-full flex items-center justify-center text-white font-semibold text-sm flex-shrink-0 cursor-pointer hover:ring-2 hover:ring-gray-900 hover:ring-offset-1 transition-all">L</div><div><div class="flex items-center gap-1.5"><span class="text-sm font-semibold text-gray-900 cursor-pointer hover:underline">Luke Wilson</span></div><span class="text-xs text-gray-500">Nov 30, 2025, 06:17 PM</span></div></div><button class="p-1 hover:bg-gray-100 rounded-full transition-colors" type="button" id="radix-_r_81_" aria-haspopup="menu" aria-expanded="false" data-state="closed"><svg xmlns="http://www.w3.org/2000/svg" width="24" height="24" viewBox="0 0 24 24" fill="none" stroke="currentColor" stroke-width="2" stroke-linecap="round" stroke-linejoin="round" class="lucide lucide-ellipsis-vertical w-4 h-4 text-gray-600" aria-hidden="true"><circle cx="12" cy="12" r="1"></circle><circle cx="12" cy="5" r="1"></circle><circle cx="12" cy="19" r="1"></circle></svg></button></div><p class="text-sm text-gray-800 whitespace-pre-wrap mb-2">Fantastic post! Keep it up!</p><div class="flex items-center gap-3"><div class="flex items-center gap-3"><button data-testid="reaction-button-like" class="
                            group inline-flex items-center gap-1.5 px-3 py-1.5 rounded-md font-medium text-sm transition-all duration-200
                            bg-white text-gray-700 hover:bg-gray-50 border border-gray-300
                            cursor-pointer hover:scale-105
                        " type="button" id="radix-_r_83_" aria-haspopup="menu" aria-expanded="false" data-state="closed"><span class="text-base">👍</span><span class="font-medium text-sm">Like</span></button></div><button data-testid="reply-button" class="flex items-center gap-1 text-sm text-gray-600 hover:text-gray-900 transition-colors"><svg xmlns="http://www.w3.org/2000/svg" width="24" height="24" viewBox="0 0 24 24" fill="none" stroke="currentColor" stroke-width="2" stroke-linecap="round" stroke-linejoin="round" class="lucide lucide-reply w-4 h-4" aria-hidden="true"><path d="M20 18v-2a4 4 0 0 0-4-4H4"></path><path d="m9 17-5-5 5-5"></path></svg>Reply</button></div></div></div></div></div></div></div></article><article class="bg-white rounded-xl shadow-sm border border-gray-200 overflow-hidden hover:shadow-md transition-shadow"><div class="p-6"><h2 class="text-xl font-bold text-gray-900 mb-3">Upcoming Events and Webinars</h2><p class="text-gray-600 leading-relaxed mb-6">Join us for our upcoming webinar series where we will dive deep into advanced features and best practices. React to this post if you are interested in attending!</p><div class="pt-4 border-t border-gray-100"><div class="flex items-center gap-3"><button data-testid="reaction-button-like" class="
                            group inline-flex items-center gap-1.5 px-3 py-1.5 rounded-md font-medium text-sm transition-all duration-200
                            bg-white text-gray-700 hover:bg-gray-50 border border-gray-300
                            cursor-pointer hover:scale-105
                        " type="button" id="radix-_r_88_" aria-haspopup="menu" aria-expanded="false" data-state="closed"><span class="text-base">👍</span><span class="font-medium text-sm">Like</span></button><div class="flex items-center gap-1.5"><button data-testid="reaction-count-like" class="
                                    inline-flex items-center gap-1 px-2 py-1 rounded-full text-xs font-medium transition-all
                                    bg-gray-100 text-gray-700 hover:bg-gray-200
                                    cursor-pointer hover:scale-105
                                "><span class="text-base">👍</span><span>1</span></button><button data-testid="reaction-count-haha" class="
                                    inline-flex items-center gap-1 px-2 py-1 rounded-full text-xs font-medium transition-all
                                    bg-gray-100 text-gray-700 hover:bg-gray-200
                                    cursor-pointer hover:scale-105
                                "><span class="text-base">😂</span><span>1</span></button><button data-testid="reaction-count-angry" class="
                                    inline-flex items-center gap-1 px-2 py-1 rounded-full text-xs font-medium transition-all
                                    bg-gray-100 text-gray-700 hover:bg-gray-200
                                    cursor-pointer hover:scale-105
                                "><span class="text-base">😠</span><span>1</span></button><button class="p-1.5 hover:bg-gray-100 rounded-full transition-colors" title="See who reacted"><svg xmlns="http://www.w3.org/2000/svg" width="24" height="24" viewBox="0 0 24 24" fill="none" stroke="currentColor" stroke-width="2" stroke-linecap="round" stroke-linejoin="round" class="lucide lucide-chevron-down w-4 h-4 text-gray-600" aria-hidden="true"><path d="m6 9 6 6 6-6"></path></svg></button></div></div></div><div class="pt-6 border-t border-gray-100 mt-6"><div class="space-y-3"><div class="flex items-center justify-between"><div class="flex items-center gap-2"><svg xmlns="http://www.w3.org/2000/svg" width="24" height="24" viewBox="0 0 24 24" fill="none" stroke="currentColor" stroke-width="2" stroke-linecap="round" stroke-linejoin="round" class="lucide lucide-message-square w-4 h-4 text-gray-600" aria-hidden="true"><path d="M22 17a2 2 0 0 1-2 2H6.828a2 2 0 0 0-1.414.586l-2.202 2.202A.71.71 0 0 1 2 21.286V5a2 2 0 0 1 2-2h16a2 2 0 0 1 2 2z"></path></svg><h3 class="text-base font-semibold text-gray-900">Comments (5)</h3></div><button data-testid="add-comment-button" class="px-3 py-1.5 text-sm font-medium text-white bg-gray-900 rounded-md hover:bg-gray-800 transition-colors">Add Comment</button></div><div class="space-y-2"><div class=""><div class="bg-white rounded-md border border-gray-200 p-3"><div class="flex items-start justify-between mb-2"><div class="flex items-center gap-2"><div class="w-8 h-8 bg-gradient-to-br from-gray-700 to-gray-900 rounded-full flex items-center justify-center text-white font-semibold text-sm flex-shrink-0 cursor-pointer hover:ring-2 hover:ring-gray-900 hover:ring-offset-1 transition-all">N</div><div><div class="flex items-center gap-1.5"><span class="text-sm font-semibold text-gray-900 cursor-pointer hover:underline">Noah Moore</span></div><span class="text-xs text-gray-500">Nov 30, 2025, 06:17 PM</span></div></div><button class="p-1 hover:bg-gray-100 rounded-full transition-colors" type="button" id="radix-_r_8a_" aria-haspopup="menu" aria-expanded="false" data-state="closed"><svg xmlns="http://www.w3.org/2000/svg" width="24" height="24" viewBox="0 0 24 24" fill="none" stroke="currentColor" stroke-width="2" stroke-linecap="round" stroke-linejoin="round" class="lucide lucide-ellipsis-vertical w-4 h-4 text-gray-600" aria-hidden="true"><circle cx="12" cy="12" r="1"></circle><circle cx="12" cy="5" r="1"></circle><circle cx="12" cy="19" r="1"></circle></svg></button></div><p class="text-sm text-gray-800 whitespace-pre-wrap mb-2">This deserves more attention.</p><div class="flex items-center gap-3"><div class="flex items-center gap-3"><button data-testid="reaction-button-like" class="
                            group inline-flex items-center gap-1.5 px-3 py-1.5 rounded-md font-medium text-sm transition-all duration-200
                            bg-white text-gray-700 hover:bg-gray-50 border border-gray-300
                            cursor-pointer hover:scale-105
                        " type="button" id="radix-_r_8c_" aria-haspopup="menu" aria-expanded="false" data-state="closed"><span class="text-base">👍</span><span class="font-medium text-sm">Like</span></button></div><button data-testid="reply-button" class="flex items-center gap-1 text-sm text-gray-600 hover:text-gray-900 transition-colors"><svg xmlns="http://www.w3.org/2000/svg" width="24" height="24" viewBox="0 0 24 24" fill="none" stroke="currentColor" stroke-width="2" stroke-linecap="round" stroke-linejoin="round" class="lucide lucide-reply w-4 h-4" aria-hidden="true"><path d="M20 18v-2a4 4 0 0 0-4-4H4"></path><path d="m9 17-5-5 5-5"></path></svg>Reply</button></div></div></div><div class=""><div class="bg-white rounded-md border border-gray-200 p-3"><div class="flex items-start justify-between mb-2"><div class="flex items-center gap-2"><div class="w-8 h-8 bg-gradient-to-br from-gray-700 to-gray-900 rounded-full flex items-center justify-center text-white font-semibold text-sm flex-shrink-0 cursor-pointer hover:ring-2 hover:ring-gray-900 hover:ring-offset-1 transition-all">E</div><div><div class="flex items-center gap-1.5"><span class="text-sm font-semibold text-gray-900 cursor-pointer hover:underline">Emily Thomas</span></div><span class="text-xs text-gray-500">Nov 30, 2025, 06:17 PM</span></div></div><button class="p-1 hover:bg-gray-100 rounded-full transition-colors" type="button" id="radix-_r_8h_" aria-haspopup="menu" aria-expanded="false" data-state="closed"><svg xmlns="http://www.w3.org/2000/svg" width="24" height="24" viewBox="0 0 24 24" fill="none" stroke="currentColor" stroke-width="2" stroke-linecap="round" stroke-linejoin="round" class="lucide lucide-ellipsis-vertical w-4 h-4 text-gray-600" aria-hidden="true"><circle cx="12" cy="12" r="1"></circle><circle cx="12" cy="5" r="1"></circle><circle cx="12" cy="19" r="1"></circle></svg></button></div><p class="text-sm text-gray-800 whitespace-pre-wrap mb-2">Well said! Couldn't agree more.</p><div class="flex items-center gap-3"><div class="flex items-center gap-3"><button data-testid="reaction-button-like" class="
                            group inline-flex items-center gap-1.5 px-3 py-1.5 rounded-md font-medium text-sm transition-all duration-200
                            bg-white text-gray-700 hover:bg-gray-50 border border-gray-300
                            cursor-pointer hover:scale-105
                        " type="button" id="radix-_r_8j_" aria-haspopup="menu" aria-expanded="false" data-state="closed"><span class="text-base">👍</span><span class="font-medium text-sm">Like</span></button></div><button data-testid="reply-button" class="flex items-center gap-1 text-sm text-gray-600 hover:text-gray-900 transition-colors"><svg xmlns="http://www.w3.org/2000/svg" width="24" height="24" viewBox="0 0 24 24" fill="none" stroke="currentColor" stroke-width="2" stroke-linecap="round" stroke-linejoin="round" class="lucide lucide-reply w-4 h-4" aria-hidden="true"><path d="M20 18v-2a4 4 0 0 0-4-4H4"></path><path d="m9 17-5-5 5-5"></path></svg>Reply</button></div></div></div><div class=""><div class="bg-white rounded-md border border-gray-200 p-3"><div class="flex items-start justify-between mb-2"><div class="flex items-center gap-2"><div class="w-8 h-8 bg-gradient-to-br from-gray-700 to-gray-900 rounded-full flex items-center justify-center text-white font-semibold text-sm flex-shrink-0 cursor-pointer hover:ring-2 hover:ring-gray-900 hover:ring-offset-1 transition-all">J</div><div><div class="flex items-center gap-1.5"><span class="text-sm font-semibold text-gray-900 cursor-pointer hover:underline">Jackson Jackson</span></div><span class="text-xs text-gray-500">Nov 30, 2025, 06:17 PM</span></div></div><button class="p-1 hover:bg-gray-100 rounded-full transition-colors" type="button" id="radix-_r_8o_" aria-haspopup="menu" aria-expanded="false" data-state="closed"><svg xmlns="http://www.w3.org/2000/svg" width="24" height="24" viewBox="0 0 24 24" fill="none" stroke="currentColor" stroke-width="2" stroke-linecap="round" stroke-linejoin="round" class="lucide lucide-ellipsis-vertical w-4 h-4 text-gray-600" aria-hidden="true"><circle cx="12" cy="12" r="1"></circle><circle cx="12" cy="5" r="1"></circle><circle cx="12" cy="19" r="1"></circle></svg></button></div><p class="text-sm text-gray-800 whitespace-pre-wrap mb-2">Fantastic post! Keep it up!</p><div class="flex items-center gap-3"><div class="flex items-center gap-3"><button data-testid="reaction-button-like" class="
                            group inline-flex items-center gap-1.5 px-3 py-1.5 rounded-md font-medium text-sm transition-all duration-200
                            bg-white text-gray-700 hover:bg-gray-50 border border-gray-300
                            cursor-pointer hover:scale-105
                        " type="button" id="radix-_r_8q_" aria-haspopup="menu" aria-expanded="false" data-state="closed"><span class="text-base">👍</span><span class="font-medium text-sm">Like</span></button></div><button data-testid="reply-button" class="flex items-center gap-1 text-sm text-gray-600 hover:text-gray-900 transition-colors"><svg xmlns="http://www.w3.org/2000/svg" width="24" height="24" viewBox="0 0 24 24" fill="none" stroke="currentColor" stroke-width="2" stroke-linecap="round" stroke-linejoin="round" class="lucide lucide-reply w-4 h-4" aria-hidden="true"><path d="M20 18v-2a4 4 0 0 0-4-4H4"></path><path d="m9 17-5-5 5-5"></path></svg>Reply</button></div></div><div class="mt-2 space-y-2"><div class="ml-10"><div class="bg-white rounded-md border border-gray-200 p-3"><div class="flex items-start justify-between mb-2"><div class="flex items-center gap-2"><div class="w-8 h-8 bg-gradient-to-br from-gray-700 to-gray-900 rounded-full flex items-center justify-center text-white font-semibold text-sm flex-shrink-0 cursor-pointer hover:ring-2 hover:ring-gray-900 hover:ring-offset-1 transition-all">J</div><div><div class="flex items-center gap-1.5"><span class="text-sm font-semibold text-gray-900 cursor-pointer hover:underline">Jackson Jackson</span></div><span class="text-xs text-gray-500">Nov 30, 2025, 06:17 PM</span></div></div><button class="p-1 hover:bg-gray-100 rounded-full transition-colors" type="button" id="radix-_r_8s_" aria-haspopup="menu" aria-expanded="false" data-state="closed"><svg xmlns="http://www.w3.org/2000/svg" width="24" height="24" viewBox="0 0 24 24" fill="none" stroke="currentColor" stroke-width="2" stroke-linecap="round" stroke-linejoin="round" class="lucide lucide-ellipsis-vertical w-4 h-4 text-gray-600" aria-hidden="true"><circle cx="12" cy="12" r="1"></circle><circle cx="12" cy="5" r="1"></circle><circle cx="12" cy="19" r="1"></circle></svg></button></div><p class="text-sm text-gray-800 whitespace-pre-wrap mb-2">I agree with you!</p><div class="flex items-center gap-3"><div class="flex items-center gap-3"><button data-testid="reaction-button-like" class="
                            group inline-flex items-center gap-1.5 px-3 py-1.5 rounded-md font-medium text-sm transition-all duration-200
                            bg-white text-gray-700 hover:bg-gray-50 border border-gray-300
                            cursor-pointer hover:scale-105
                        " type="button" id="radix-_r_8u_" aria-haspopup="menu" aria-expanded="false" data-state="closed"><span class="text-base">👍</span><span class="font-medium text-sm">Like</span></button></div></div></div></div><div class="ml-10"><div class="bg-white rounded-md border border-gray-200 p-3"><div class="flex items-start justify-between mb-2"><div class="flex items-center gap-2"><div class="w-8 h-8 bg-gradient-to-br from-gray-700 to-gray-900 rounded-full flex items-center justify-center text-white font-semibold text-sm flex-shrink-0 cursor-pointer hover:ring-2 hover:ring-gray-900 hover:ring-offset-1 transition-all">S</div><div><div class="flex items-center gap-1.5"><span class="text-sm font-semibold text-gray-900 cursor-pointer hover:underline">Sebastian Thomas</span></div><span class="text-xs text-gray-500">Nov 30, 2025, 06:17 PM</span></div></div><button class="p-1 hover:bg-gray-100 rounded-full transition-colors" type="button" id="radix-_r_93_" aria-haspopup="menu" aria-expanded="false" data-state="closed"><svg xmlns="http://www.w3.org/2000/svg" width="24" height="24" viewBox="0 0 24 24" fill="none" stroke="currentColor" stroke-width="2" stroke-linecap="round" stroke-linejoin="round" class="lucide lucide-ellipsis-vertical w-4 h-4 text-gray-600" aria-hidden="true"><circle cx="12" cy="12" r="1"></circle><circle cx="12" cy="5" r="1"></circle><circle cx="12" cy="19" r="1"></circle></svg></button></div><p class="text-sm text-gray-800 whitespace-pre-wrap mb-2">Interesting perspective!</p><div class="flex items-center gap-3"><div class="flex items-center gap-3"><button data-testid="reaction-button-like" class="
                            group inline-flex items-center gap-1.5 px-3 py-1.5 rounded-md font-medium text-sm transition-all duration-200
                            bg-white text-gray-700 hover:bg-gray-50 border border-gray-300
                            cursor-pointer hover:scale-105
                        " type="button" id="radix-_r_95_" aria-haspopup="menu" aria-expanded="false" data-state="closed"><span class="text-base">👍</span><span class="font-medium text-sm">Like</span></button></div></div></div></div></div></div><div class=""><div class="bg-white rounded-md border border-gray-200 p-3"><div class="flex items-start justify-between mb-2"><div class="flex items-center gap-2"><div class="w-8 h-8 bg-gradient-to-br from-gray-700 to-gray-900 rounded-full flex items-center justify-center text-white font-semibold text-sm flex-shrink-0 cursor-pointer hover:ring-2 hover:ring-gray-900 hover:ring-offset-1 transition-all">M</div><div><div class="flex items-center gap-1.5"><span class="text-sm font-semibold text-gray-900 cursor-pointer hover:underline">Mason Jones</span></div><span class="text-xs text-gray-500">Nov 30, 2025, 06:17 PM</span></div></div><button class="p-1 hover:bg-gray-100 rounded-full transition-colors" type="button" id="radix-_r_9d_" aria-haspopup="menu" aria-expanded="false" data-state="closed"><svg xmlns="http://www.w3.org/2000/svg" width="24" height="24" viewBox="0 0 24 24" fill="none" stroke="currentColor" stroke-width="2" stroke-linecap="round" stroke-linejoin="round" class="lucide lucide-ellipsis-vertical w-4 h-4 text-gray-600" aria-hidden="true"><circle cx="12" cy="12" r="1"></circle><circle cx="12" cy="5" r="1"></circle><circle cx="12" cy="19" r="1"></circle></svg></button></div><p class="text-sm text-gray-800 whitespace-pre-wrap mb-2">Could you elaborate more on this?</p><div class="flex items-center gap-3"><div class="flex items-center gap-3"><button data-testid="reaction-button-like" class="
                            group inline-flex items-center gap-1.5 px-3 py-1.5 rounded-md font-medium text-sm transition-all duration-200
                            bg-white text-gray-700 hover:bg-gray-50 border border-gray-300
                            cursor-pointer hover:scale-105
                        " type="button" id="radix-_r_9f_" aria-haspopup="menu" aria-expanded="false" data-state="closed"><span class="text-base">👍</span><span class="font-medium text-sm">Like</span></button></div><button data-testid="reply-button" class="flex items-center gap-1 text-sm text-gray-600 hover:text-gray-900 transition-colors"><svg xmlns="http://www.w3.org/2000/svg" width="24" height="24" viewBox="0 0 24 24" fill="none" stroke="currentColor" stroke-width="2" stroke-linecap="round" stroke-linejoin="round" class="lucide lucide-reply w-4 h-4" aria-hidden="true"><path d="M20 18v-2a4 4 0 0 0-4-4H4"></path><path d="m9 17-5-5 5-5"></path></svg>Reply</button></div></div><div class="mt-2 space-y-2"><div class="ml-10"><div class="bg-white rounded-md border border-gray-200 p-3"><div class="flex items-start justify-between mb-2"><div class="flex items-center gap-2"><div class="w-8 h-8 bg-gradient-to-br from-gray-700 to-gray-900 rounded-full flex items-center justify-center text-white font-semibold text-sm flex-shrink-0 cursor-pointer hover:ring-2 hover:ring-gray-900 hover:ring-offset-1 transition-all">M</div><div><div class="flex items-center gap-1.5"><span class="text-sm font-semibold text-gray-900 cursor-pointer hover:underline">Mia Davis</span></div><span class="text-xs text-gray-500">Nov 30, 2025, 06:17 PM</span></div></div><button class="p-1 hover:bg-gray-100 rounded-full transition-colors" type="button" id="radix-_r_9h_" aria-haspopup="menu" aria-expanded="false" data-state="closed"><svg xmlns="http://www.w3.org/2000/svg" width="24" height="24" viewBox="0 0 24 24" fill="none" stroke="currentColor" stroke-width="2" stroke-linecap="round" stroke-linejoin="round" class="lucide lucide-ellipsis-vertical w-4 h-4 text-gray-600" aria-hidden="true"><circle cx="12" cy="12" r="1"></circle><circle cx="12" cy="5" r="1"></circle><circle cx="12" cy="19" r="1"></circle></svg></button></div><p class="text-sm text-gray-800 whitespace-pre-wrap mb-2">Interesting perspective!</p><div class="flex items-center gap-3"><div class="flex items-center gap-3"><button data-testid="reaction-button-like" class="
                            group inline-flex items-center gap-1.5 px-3 py-1.5 rounded-md font-medium text-sm transition-all duration-200
                            bg-white text-gray-700 hover:bg-gray-50 border border-gray-300
                            cursor-pointer hover:scale-105
                        " type="button" id="radix-_r_9j_" aria-haspopup="menu" aria-expanded="false" data-state="closed"><span class="text-base">👍</span><span class="font-medium text-sm">Like</span></button></div></div></div></div><div class="ml-10"><div class="bg-white rounded-md border border-gray-200 p-3"><div class="flex items-start justify-between mb-2"><div class="flex items-center gap-2"><div class="w-8 h-8 bg-gradient-to-br from-gray-700 to-gray-900 rounded-full flex items-center justify-center text-white font-semibold text-sm flex-shrink-0 cursor-pointer hover:ring-2 hover:ring-gray-900 hover:ring-offset-1 transition-all">L</div><div><div class="flex items-center gap-1.5"><span class="text-sm font-semibold text-gray-900 cursor-pointer hover:underline">Lily Martinez</span></div><span class="text-xs text-gray-500">Nov 30, 2025, 06:17 PM</span></div></div><button class="p-1 hover:bg-gray-100 rounded-full transition-colors" type="button" id="radix-_r_9o_" aria-haspopup="menu" aria-expanded="false" data-state="closed"><svg xmlns="http://www.w3.org/2000/svg" width="24" height="24" viewBox="0 0 24 24" fill="none" stroke="currentColor" stroke-width="2" stroke-linecap="round" stroke-linejoin="round" class="lucide lucide-ellipsis-vertical w-4 h-4 text-gray-600" aria-hidden="true"><circle cx="12" cy="12" r="1"></circle><circle cx="12" cy="5" r="1"></circle><circle cx="12" cy="19" r="1"></circle></svg></button></div><p class="text-sm text-gray-800 whitespace-pre-wrap mb-2">Thanks for your comment!</p><div class="flex items-center gap-3"><div class="flex items-center gap-3"><button data-testid="reaction-button-like" class="
                            group inline-flex items-center gap-1.5 px-3 py-1.5 rounded-md font-medium text-sm transition-all duration-200
                            bg-white text-gray-700 hover:bg-gray-50 border border-gray-300
                            cursor-pointer hover:scale-105
                        " type="button" id="radix-_r_9q_" aria-haspopup="menu" aria-expanded="false" data-state="closed"><span class="text-base">👍</span><span class="font-medium text-sm">Like</span></button></div></div></div></div></div></div><div class=""><div class="bg-white rounded-md border border-gray-200 p-3"><div class="flex items-start justify-between mb-2"><div class="flex items-center gap-2"><div class="w-8 h-8 bg-gradient-to-br from-gray-700 to-gray-900 rounded-full flex items-center justify-center text-white font-semibold text-sm flex-shrink-0 cursor-pointer hover:ring-2 hover:ring-gray-900 hover:ring-offset-1 transition-all">A</div><div><div class="flex items-center gap-1.5"><span class="text-sm font-semibold text-gray-900 cursor-pointer hover:underline">Amelia Anderson</span></div><span class="text-xs text-gray-500">Nov 30, 2025, 06:17 PM</span></div></div><button class="p-1 hover:bg-gray-100 rounded-full transition-colors" type="button" id="radix-_r_a2_" aria-haspopup="menu" aria-expanded="false" data-state="closed"><svg xmlns="http://www.w3.org/2000/svg" width="24" height="24" viewBox="0 0 24 24" fill="none" stroke="currentColor" stroke-width="2" stroke-linecap="round" stroke-linejoin="round" class="lucide lucide-ellipsis-vertical w-4 h-4 text-gray-600" aria-hidden="true"><circle cx="12" cy="12" r="1"></circle><circle cx="12" cy="5" r="1"></circle><circle cx="12" cy="19" r="1"></circle></svg></button></div><p class="text-sm text-gray-800 whitespace-pre-wrap mb-2">I totally agree with this.</p><div class="flex items-center gap-3"><div class="flex items-center gap-3"><button data-testid="reaction-button-like" class="
                            group inline-flex items-center gap-1.5 px-3 py-1.5 rounded-md font-medium text-sm transition-all duration-200
                            bg-white text-gray-700 hover:bg-gray-50 border border-gray-300
                            cursor-pointer hover:scale-105
                        " type="button" id="radix-_r_a4_" aria-haspopup="menu" aria-expanded="false" data-state="closed"><span class="text-base">👍</span><span class="font-medium text-sm">Like</span></button></div><button data-testid="reply-button" class="flex items-center gap-1 text-sm text-gray-600 hover:text-gray-900 transition-colors"><svg xmlns="http://www.w3.org/2000/svg" width="24" height="24" viewBox="0 0 24 24" fill="none" stroke="currentColor" stroke-width="2" stroke-linecap="round" stroke-linejoin="round" class="lucide lucide-reply w-4 h-4" aria-hidden="true"><path d="M20 18v-2a4 4 0 0 0-4-4H4"></path><path d="m9 17-5-5 5-5"></path></svg>Reply</button></div></div></div></div></div></div></div></article><article class="bg-white rounded-xl shadow-sm border border-gray-200 overflow-hidden hover:shadow-md transition-shadow"><div class="p-6"><h2 class="text-xl font-bold text-gray-900 mb-3">Thank You for 10K Users!</h2><p class="text-gray-600 leading-relaxed mb-6">We have reached an incredible milestone - 10,000 users! Thank you all for your support and engagement. We could not have done it without you. React with a ❤️ to celebrate with us!</p><div class="pt-4 border-t border-gray-100"><div class="flex items-center gap-3"><button data-testid="reaction-button-like" class="
                            group inline-flex items-center gap-1.5 px-3 py-1.5 rounded-md font-medium text-sm transition-all duration-200
                            bg-white text-gray-700 hover:bg-gray-50 border border-gray-300
                            cursor-pointer hover:scale-105
                        " type="button" id="radix-_r_a9_" aria-haspopup="menu" aria-expanded="false" data-state="closed"><span class="text-base">👍</span><span class="font-medium text-sm">Like</span></button><div class="flex items-center gap-1.5"><button data-testid="reaction-count-like" class="
                                    inline-flex items-center gap-1 px-2 py-1 rounded-full text-xs font-medium transition-all
                                    bg-gray-100 text-gray-700 hover:bg-gray-200
                                    cursor-pointer hover:scale-105
                                "><span class="text-base">👍</span><span>2</span></button><button data-testid="reaction-count-haha" class="
                                    inline-flex items-center gap-1 px-2 py-1 rounded-full text-xs font-medium transition-all
                                    bg-gray-100 text-gray-700 hover:bg-gray-200
                                    cursor-pointer hover:scale-105
                                "><span class="text-base">😂</span><span>1</span></button><button data-testid="reaction-count-wow" class="
                                    inline-flex items-center gap-1 px-2 py-1 rounded-full text-xs font-medium transition-all
                                    bg-gray-100 text-gray-700 hover:bg-gray-200
                                    cursor-pointer hover:scale-105
                                "><span class="text-base">😮</span><span>1</span></button><button data-testid="reaction-count-angry" class="
                                    inline-flex items-center gap-1 px-2 py-1 rounded-full text-xs font-medium transition-all
                                    bg-gray-100 text-gray-700 hover:bg-gray-200
                                    cursor-pointer hover:scale-105
                                "><span class="text-base">😠</span><span>1</span></button><button class="p-1.5 hover:bg-gray-100 rounded-full transition-colors" title="See who reacted"><svg xmlns="http://www.w3.org/2000/svg" width="24" height="24" viewBox="0 0 24 24" fill="none" stroke="currentColor" stroke-width="2" stroke-linecap="round" stroke-linejoin="round" class="lucide lucide-chevron-down w-4 h-4 text-gray-600" aria-hidden="true"><path d="m6 9 6 6 6-6"></path></svg></button></div></div></div><div class="pt-6 border-t border-gray-100 mt-6"><div class="space-y-3"><div class="flex items-center justify-between"><div class="flex items-center gap-2"><svg xmlns="http://www.w3.org/2000/svg" width="24" height="24" viewBox="0 0 24 24" fill="none" stroke="currentColor" stroke-width="2" stroke-linecap="round" stroke-linejoin="round" class="lucide lucide-message-square w-4 h-4 text-gray-600" aria-hidden="true"><path d="M22 17a2 2 0 0 1-2 2H6.828a2 2 0 0 0-1.414.586l-2.202 2.202A.71.71 0 0 1 2 21.286V5a2 2 0 0 1 2-2h16a2 2 0 0 1 2 2z"></path></svg><h3 class="text-base font-semibold text-gray-900">Comments (2)</h3></div><button data-testid="add-comment-button" class="px-3 py-1.5 text-sm font-medium text-white bg-gray-900 rounded-md hover:bg-gray-800 transition-colors">Add Comment</button></div><div class="space-y-2"><div class=""><div class="bg-white rounded-md border border-gray-200 p-3"><div class="flex items-start justify-between mb-2"><div class="flex items-center gap-2"><div class="w-8 h-8 bg-gradient-to-br from-gray-700 to-gray-900 rounded-full flex items-center justify-center text-white font-semibold text-sm flex-shrink-0 cursor-pointer hover:ring-2 hover:ring-gray-900 hover:ring-offset-1 transition-all">B</div><div><div class="flex items-center gap-1.5"><span class="text-sm font-semibold text-gray-900 cursor-pointer hover:underline">Benjamin Moore</span></div><span class="text-xs text-gray-500">Nov 30, 2025, 06:17 PM</span></div></div><button class="p-1 hover:bg-gray-100 rounded-full transition-colors" type="button" id="radix-_r_ab_" aria-haspopup="menu" aria-expanded="false" data-state="closed"><svg xmlns="http://www.w3.org/2000/svg" width="24" height="24" viewBox="0 0 24 24" fill="none" stroke="currentColor" stroke-width="2" stroke-linecap="round" stroke-linejoin="round" class="lucide lucide-ellipsis-vertical w-4 h-4 text-gray-600" aria-hidden="true"><circle cx="12" cy="12" r="1"></circle><circle cx="12" cy="5" r="1"></circle><circle cx="12" cy="19" r="1"></circle></svg></button></div><p class="text-sm text-gray-800 whitespace-pre-wrap mb-2">Brilliant insights here.</p><div class="flex items-center gap-3"><div class="flex items-center gap-3"><button data-testid="reaction-button-like" class="
                            group inline-flex items-center gap-1.5 px-3 py-1.5 rounded-md font-medium text-sm transition-all duration-200
                            bg-white text-gray-700 hover:bg-gray-50 border border-gray-300
                            cursor-pointer hover:scale-105
                        " type="button" id="radix-_r_ad_" aria-haspopup="menu" aria-expanded="false" data-state="closed"><span class="text-base">👍</span><span class="font-medium text-sm">Like</span></button></div><button data-testid="reply-button" class="flex items-center gap-1 text-sm text-gray-600 hover:text-gray-900 transition-colors"><svg xmlns="http://www.w3.org/2000/svg" width="24" height="24" viewBox="0 0 24 24" fill="none" stroke="currentColor" stroke-width="2" stroke-linecap="round" stroke-linejoin="round" class="lucide lucide-reply w-4 h-4" aria-hidden="true"><path d="M20 18v-2a4 4 0 0 0-4-4H4"></path><path d="m9 17-5-5 5-5"></path></svg>Reply</button></div></div></div><div class=""><div class="bg-white rounded-md border border-gray-200 p-3"><div class="flex items-start justify-between mb-2"><div class="flex items-center gap-2"><div class="w-8 h-8 bg-gradient-to-br from-gray-700 to-gray-900 rounded-full flex items-center justify-center text-white font-semibold text-sm flex-shrink-0 cursor-pointer hover:ring-2 hover:ring-gray-900 hover:ring-offset-1 transition-all">O</div><div><div class="flex items-center gap-1.5"><span class="text-sm font-semibold text-gray-900 cursor-pointer hover:underline">Olivia Lopez</span></div><span class="text-xs text-gray-500">Nov 30, 2025, 06:17 PM</span></div></div><button class="p-1 hover:bg-gray-100 rounded-full transition-colors" type="button" id="radix-_r_ai_" aria-haspopup="menu" aria-expanded="false" data-state="closed"><svg xmlns="http://www.w3.org/2000/svg" width="24" height="24" viewBox="0 0 24 24" fill="none" stroke="currentColor" stroke-width="2" stroke-linecap="round" stroke-linejoin="round" class="lucide lucide-ellipsis-vertical w-4 h-4 text-gray-600" aria-hidden="true"><circle cx="12" cy="12" r="1"></circle><circle cx="12" cy="5" r="1"></circle><circle cx="12" cy="19" r="1"></circle></svg></button></div><p class="text-sm text-gray-800 whitespace-pre-wrap mb-2">This is exactly what I needed to hear.</p><div class="flex items-center gap-3"><div class="flex items-center gap-3"><button data-testid="reaction-button-like" class="
                            group inline-flex items-center gap-1.5 px-3 py-1.5 rounded-md font-medium text-sm transition-all duration-200
                            bg-white text-gray-700 hover:bg-gray-50 border border-gray-300
                            cursor-pointer hover:scale-105
                        " type="button" id="radix-_r_ak_" aria-haspopup="menu" aria-expanded="false" data-state="closed"><span class="text-base">👍</span><span class="font-medium text-sm">Like</span></button></div><button data-testid="reply-button" class="flex items-center gap-1 text-sm text-gray-600 hover:text-gray-900 transition-colors"><svg xmlns="http://www.w3.org/2000/svg" width="24" height="24" viewBox="0 0 24 24" fill="none" stroke="currentColor" stroke-width="2" stroke-linecap="round" stroke-linejoin="round" class="lucide lucide-reply w-4 h-4" aria-hidden="true"><path d="M20 18v-2a4 4 0 0 0-4-4H4"></path><path d="m9 17-5-5 5-5"></path></svg>Reply</button></div></div></div></div></div></div></div></article><article class="bg-white rounded-xl shadow-sm border border-gray-200 overflow-hidden hover:shadow-md transition-shadow"><div class="p-6"><h2 class="text-xl font-bold text-gray-900 mb-3">Feature Request: What Do You Want Next?</h2><p class="text-gray-600 leading-relaxed mb-6">We are planning our next sprint and want to hear from you! What features would you like to see next? React and comment below with your ideas. Your input shapes our roadmap!</p><div class="pt-4 border-t border-gray-100"><div class="flex items-center gap-3"><button data-testid="reaction-button-like" class="
                            group inline-flex items-center gap-1.5 px-3 py-1.5 rounded-md font-medium text-sm transition-all duration-200
                            bg-white text-gray-700 hover:bg-gray-50 border border-gray-300
                            cursor-pointer hover:scale-105
                        " type="button" id="radix-_r_ap_" aria-haspopup="menu" aria-expanded="false" data-state="closed"><span class="text-base">👍</span><span class="font-medium text-sm">Like</span></button><div class="flex items-center gap-1.5"><button data-testid="reaction-count-love" class="
                                    inline-flex items-center gap-1 px-2 py-1 rounded-full text-xs font-medium transition-all
                                    bg-gray-100 text-gray-700 hover:bg-gray-200
                                    cursor-pointer hover:scale-105
                                "><span class="text-base">❤️</span><span>2</span></button><button data-testid="reaction-count-angry" class="
                                    inline-flex items-center gap-1 px-2 py-1 rounded-full text-xs font-medium transition-all
                                    bg-gray-100 text-gray-700 hover:bg-gray-200
                                    cursor-pointer hover:scale-105
                                "><span class="text-base">😠</span><span>2</span></button><button data-testid="reaction-count-like" class="
                                    inline-flex items-center gap-1 px-2 py-1 rounded-full text-xs font-medium transition-all
                                    bg-gray-100 text-gray-700 hover:bg-gray-200
                                    cursor-pointer hover:scale-105
                                "><span class="text-base">👍</span><span>1</span></button><button data-testid="reaction-count-haha" class="
                                    inline-flex items-center gap-1 px-2 py-1 rounded-full text-xs font-medium transition-all
                                    bg-gray-100 text-gray-700 hover:bg-gray-200
                                    cursor-pointer hover:scale-105
                                "><span class="text-base">😂</span><span>1</span></button><button data-testid="reaction-count-sad" class="
                                    inline-flex items-center gap-1 px-2 py-1 rounded-full text-xs font-medium transition-all
                                    bg-gray-100 text-gray-700 hover:bg-gray-200
                                    cursor-pointer hover:scale-105
                                "><span class="text-base">😢</span><span>1</span></button><button class="p-1.5 hover:bg-gray-100 rounded-full transition-colors" title="See who reacted"><svg xmlns="http://www.w3.org/2000/svg" width="24" height="24" viewBox="0 0 24 24" fill="none" stroke="currentColor" stroke-width="2" stroke-linecap="round" stroke-linejoin="round" class="lucide lucide-chevron-down w-4 h-4 text-gray-600" aria-hidden="true"><path d="m6 9 6 6 6-6"></path></svg></button></div></div></div><div class="pt-6 border-t border-gray-100 mt-6"><div class="space-y-3"><div class="flex items-center justify-between"><div class="flex items-center gap-2"><svg xmlns="http://www.w3.org/2000/svg" width="24" height="24" viewBox="0 0 24 24" fill="none" stroke="currentColor" stroke-width="2" stroke-linecap="round" stroke-linejoin="round" class="lucide lucide-message-square w-4 h-4 text-gray-600" aria-hidden="true"><path d="M22 17a2 2 0 0 1-2 2H6.828a2 2 0 0 0-1.414.586l-2.202 2.202A.71.71 0 0 1 2 21.286V5a2 2 0 0 1 2-2h16a2 2 0 0 1 2 2z"></path></svg><h3 class="text-base font-semibold text-gray-900">Comments (5)</h3></div><button data-testid="add-comment-button" class="px-3 py-1.5 text-sm font-medium text-white bg-gray-900 rounded-md hover:bg-gray-800 transition-colors">Add Comment</button></div><div class="space-y-2"><div class=""><div class="bg-white rounded-md border border-gray-200 p-3"><div class="flex items-start justify-between mb-2"><div class="flex items-center gap-2"><div class="w-8 h-8 bg-gradient-to-br from-gray-700 to-gray-900 rounded-full flex items-center justify-center text-white font-semibold text-sm flex-shrink-0 cursor-pointer hover:ring-2 hover:ring-gray-900 hover:ring-offset-1 transition-all">B</div><div><div class="flex items-center gap-1.5"><span class="text-sm font-semibold text-gray-900 cursor-pointer hover:underline">Bob Wilson</span></div><span class="text-xs text-gray-500">Nov 30, 2025, 06:17 PM</span></div></div><button class="p-1 hover:bg-gray-100 rounded-full transition-colors" type="button" id="radix-_r_ar_" aria-haspopup="menu" aria-expanded="false" data-state="closed"><svg xmlns="http://www.w3.org/2000/svg" width="24" height="24" viewBox="0 0 24 24" fill="none" stroke="currentColor" stroke-width="2" stroke-linecap="round" stroke-linejoin="round" class="lucide lucide-ellipsis-vertical w-4 h-4 text-gray-600" aria-hidden="true"><circle cx="12" cy="12" r="1"></circle><circle cx="12" cy="5" r="1"></circle><circle cx="12" cy="19" r="1"></circle></svg></button></div><p class="text-sm text-gray-800 whitespace-pre-wrap mb-2">Fantastic post! Keep it up!</p><div class="flex items-center gap-3"><div class="flex items-center gap-3"><button data-testid="reaction-button-like" class="
                            group inline-flex items-center gap-1.5 px-3 py-1.5 rounded-md font-medium text-sm transition-all duration-200
                            bg-white text-gray-700 hover:bg-gray-50 border border-gray-300
                            cursor-pointer hover:scale-105
                        " type="button" id="radix-_r_at_" aria-haspopup="menu" aria-expanded="false" data-state="closed"><span class="text-base">👍</span><span class="font-medium text-sm">Like</span></button></div><button data-testid="reply-button" class="flex items-center gap-1 text-sm text-gray-600 hover:text-gray-900 transition-colors"><svg xmlns="http://www.w3.org/2000/svg" width="24" height="24" viewBox="0 0 24 24" fill="none" stroke="currentColor" stroke-width="2" stroke-linecap="round" stroke-linejoin="round" class="lucide lucide-reply w-4 h-4" aria-hidden="true"><path d="M20 18v-2a4 4 0 0 0-4-4H4"></path><path d="m9 17-5-5 5-5"></path></svg>Reply</button></div></div></div><div class=""><div class="bg-white rounded-md border border-gray-200 p-3"><div class="flex items-start justify-between mb-2"><div class="flex items-center gap-2"><div class="w-8 h-8 bg-gradient-to-br from-gray-700 to-gray-900 rounded-full flex items-center justify-center text-white font-semibold text-sm flex-shrink-0 cursor-pointer hover:ring-2 hover:ring-gray-900 hover:ring-offset-1 transition-all">L</div><div><div class="flex items-center gap-1.5"><span class="text-sm font-semibold text-gray-900 cursor-pointer hover:underline">Luke Garcia</span></div><span class="text-xs text-gray-500">Nov 30, 2025, 06:17 PM</span></div></div><button class="p-1 hover:bg-gray-100 rounded-full transition-colors" type="button" id="radix-_r_b2_" aria-haspopup="menu" aria-expanded="false" data-state="closed"><svg xmlns="http://www.w3.org/2000/svg" width="24" height="24" viewBox="0 0 24 24" fill="none" stroke="currentColor" stroke-width="2" stroke-linecap="round" stroke-linejoin="round" class="lucide lucide-ellipsis-vertical w-4 h-4 text-gray-600" aria-hidden="true"><circle cx="12" cy="12" r="1"></circle><circle cx="12" cy="5" r="1"></circle><circle cx="12" cy="19" r="1"></circle></svg></button></div><p class="text-sm text-gray-800 whitespace-pre-wrap mb-2">Could you elaborate more on this?</p><div class="flex items-center gap-3"><div class="flex items-center gap-3"><button data-testid="reaction-button-like" class="
                            group inline-flex items-center gap-1.5 px-3 py-1.5 rounded-md font-medium text-sm transition-all duration-200
                            bg-white text-gray-700 hover:bg-gray-50 border border-gray-300
                            cursor-pointer hover:scale-105
                        " type="button" id="radix-_r_b4_" aria-haspopup="menu" aria-expanded="false" data-state="closed"><span class="text-base">👍</span><span class="font-medium text-sm">Like</span></button></div><button data-testid="reply-button" class="flex items-center gap-1 text-sm text-gray-600 hover:text-gray-900 transition-colors"><svg xmlns="http://www.w3.org/2000/svg" width="24" height="24" viewBox="0 0 24 24" fill="none" stroke="currentColor" stroke-width="2" stroke-linecap="round" stroke-linejoin="round" class="lucide lucide-reply w-4 h-4" aria-hidden="true"><path d="M20 18v-2a4 4 0 0 0-4-4H4"></path><path d="m9 17-5-5 5-5"></path></svg>Reply</button></div></div><div class="mt-2 space-y-2"><div class="ml-10"><div class="bg-white rounded-md border border-gray-200 p-3"><div class="flex items-start justify-between mb-2"><div class="flex items-center gap-2"><div class="w-8 h-8 bg-gradient-to-br from-gray-700 to-gray-900 rounded-full flex items-center justify-center text-white font-semibold text-sm flex-shrink-0 cursor-pointer hover:ring-2 hover:ring-gray-900 hover:ring-offset-1 transition-all">J</div><div><div class="flex items-center gap-1.5"><span class="text-sm font-semibold text-gray-900 cursor-pointer hover:underline">Jackson Wilson</span></div><span class="text-xs text-gray-500">Nov 30, 2025, 06:17 PM</span></div></div><button class="p-1 hover:bg-gray-100 rounded-full transition-colors" type="button" id="radix-_r_b6_" aria-haspopup="menu" aria-expanded="false" data-state="closed"><svg xmlns="http://www.w3.org/2000/svg" width="24" height="24" viewBox="0 0 24 24" fill="none" stroke="currentColor" stroke-width="2" stroke-linecap="round" stroke-linejoin="round" class="lucide lucide-ellipsis-vertical w-4 h-4 text-gray-600" aria-hidden="true"><circle cx="12" cy="12" r="1"></circle><circle cx="12" cy="5" r="1"></circle><circle cx="12" cy="19" r="1"></circle></svg></button></div><p class="text-sm text-gray-800 whitespace-pre-wrap mb-2">Great addition to the discussion!</p><div class="flex items-center gap-3"><div class="flex items-center gap-3"><button data-testid="reaction-button-like" class="
                            group inline-flex items-center gap-1.5 px-3 py-1.5 rounded-md font-medium text-sm transition-all duration-200
                            bg-white text-gray-700 hover:bg-gray-50 border border-gray-300
                            cursor-pointer hover:scale-105
                        " type="button" id="radix-_r_b8_" aria-haspopup="menu" aria-expanded="false" data-state="closed"><span class="text-base">👍</span><span class="font-medium text-sm">Like</span></button></div></div></div></div></div></div><div class=""><div class="bg-white rounded-md border border-gray-200 p-3"><div class="flex items-start justify-between mb-2"><div class="flex items-center gap-2"><div class="w-8 h-8 bg-gradient-to-br from-gray-700 to-gray-900 rounded-full flex items-center justify-center text-white font-semibold text-sm flex-shrink-0 cursor-pointer hover:ring-2 hover:ring-gray-900 hover:ring-offset-1 transition-all">L</div><div><div class="flex items-center gap-1.5"><span class="text-sm font-semibold text-gray-900 cursor-pointer hover:underline">Lily Martinez</span></div><span class="text-xs text-gray-500">Nov 30, 2025, 06:17 PM</span></div></div><button class="p-1 hover:bg-gray-100 rounded-full transition-colors" type="button" id="radix-_r_bg_" aria-haspopup="menu" aria-expanded="false" data-state="closed"><svg xmlns="http://www.w3.org/2000/svg" width="24" height="24" viewBox="0 0 24 24" fill="none" stroke="currentColor" stroke-width="2" stroke-linecap="round" stroke-linejoin="round" class="lucide lucide-ellipsis-vertical w-4 h-4 text-gray-600" aria-hidden="true"><circle cx="12" cy="12" r="1"></circle><circle cx="12" cy="5" r="1"></circle><circle cx="12" cy="19" r="1"></circle></svg></button></div><p class="text-sm text-gray-800 whitespace-pre-wrap mb-2">This is really helpful, thank you!</p><div class="flex items-center gap-3"><div class="flex items-center gap-3"><button data-testid="reaction-button-like" class="
                            group inline-flex items-center gap-1.5 px-3 py-1.5 rounded-md font-medium text-sm transition-all duration-200
                            bg-white text-gray-700 hover:bg-gray-50 border border-gray-300
                            cursor-pointer hover:scale-105
                        " type="button" id="radix-_r_bi_" aria-haspopup="menu" aria-expanded="false" data-state="closed"><span class="text-base">👍</span><span class="font-medium text-sm">Like</span></button></div><button data-testid="reply-button" class="flex items-center gap-1 text-sm text-gray-600 hover:text-gray-900 transition-colors"><svg xmlns="http://www.w3.org/2000/svg" width="24" height="24" viewBox="0 0 24 24" fill="none" stroke="currentColor" stroke-width="2" stroke-linecap="round" stroke-linejoin="round" class="lucide lucide-reply w-4 h-4" aria-hidden="true"><path d="M20 18v-2a4 4 0 0 0-4-4H4"></path><path d="m9 17-5-5 5-5"></path></svg>Reply</button></div></div></div><div class=""><div class="bg-white rounded-md border border-gray-200 p-3"><div class="flex items-start justify-between mb-2"><div class="flex items-center gap-2"><div class="w-8 h-8 bg-gradient-to-br from-gray-700 to-gray-900 rounded-full flex items-center justify-center text-white font-semibold text-sm flex-shrink-0 cursor-pointer hover:ring-2 hover:ring-gray-900 hover:ring-offset-1 transition-all">J</div><div><div class="flex items-center gap-1.5"><span class="text-sm font-semibold text-gray-900 cursor-pointer hover:underline">Jackson Jackson</span></div><span class="text-xs text-gray-500">Nov 30, 2025, 06:17 PM</span></div></div><button class="p-1 hover:bg-gray-100 rounded-full transition-colors" type="button" id="radix-_r_bn_" aria-haspopup="menu" aria-expanded="false" data-state="closed"><svg xmlns="http://www.w3.org/2000/svg" width="24" height="24" viewBox="0 0 24 24" fill="none" stroke="currentColor" stroke-width="2" stroke-linecap="round" stroke-linejoin="round" class="lucide lucide-ellipsis-vertical w-4 h-4 text-gray-600" aria-hidden="true"><circle cx="12" cy="12" r="1"></circle><circle cx="12" cy="5" r="1"></circle><circle cx="12" cy="19" r="1"></circle></svg></button></div><p class="text-sm text-gray-800 whitespace-pre-wrap mb-2">Very interesting perspective.</p><div class="flex items-center gap-3"><div class="flex items-center gap-3"><button data-testid="reaction-button-like" class="
                            group inline-flex items-center gap-1.5 px-3 py-1.5 rounded-md font-medium text-sm transition-all duration-200
                            bg-white text-gray-700 hover:bg-gray-50 border border-gray-300
                            cursor-pointer hover:scale-105
                        " type="button" id="radix-_r_bp_" aria-haspopup="menu" aria-expanded="false" data-state="closed"><span class="text-base">👍</span><span class="font-medium text-sm">Like</span></button></div><button data-testid="reply-button" class="flex items-center gap-1 text-sm text-gray-600 hover:text-gray-900 transition-colors"><svg xmlns="http://www.w3.org/2000/svg" width="24" height="24" viewBox="0 0 24 24" fill="none" stroke="currentColor" stroke-width="2" stroke-linecap="round" stroke-linejoin="round" class="lucide lucide-reply w-4 h-4" aria-hidden="true"><path d="M20 18v-2a4 4 0 0 0-4-4H4"></path><path d="m9 17-5-5 5-5"></path></svg>Reply</button></div></div></div><div class=""><div class="bg-white rounded-md border border-gray-200 p-3"><div class="flex items-start justify-between mb-2"><div class="flex items-center gap-2"><div class="w-8 h-8 bg-gradient-to-br from-gray-700 to-gray-900 rounded-full flex items-center justify-center text-white font-semibold text-sm flex-shrink-0 cursor-pointer hover:ring-2 hover:ring-gray-900 hover:ring-offset-1 transition-all">V</div><div><div class="flex items-center gap-1.5"><span class="text-sm font-semibold text-gray-900 cursor-pointer hover:underline">Victoria Thomas</span></div><span class="text-xs text-gray-500">Nov 30, 2025, 06:17 PM</span></div></div><button class="p-1 hover:bg-gray-100 rounded-full transition-colors" type="button" id="radix-_r_bu_" aria-haspopup="menu" aria-expanded="false" data-state="closed"><svg xmlns="http://www.w3.org/2000/svg" width="24" height="24" viewBox="0 0 24 24" fill="none" stroke="currentColor" stroke-width="2" stroke-linecap="round" stroke-linejoin="round" class="lucide lucide-ellipsis-vertical w-4 h-4 text-gray-600" aria-hidden="true"><circle cx="12" cy="12" r="1"></circle><circle cx="12" cy="5" r="1"></circle><circle cx="12" cy="19" r="1"></circle></svg></button></div><p class="text-sm text-gray-800 whitespace-pre-wrap mb-2">I totally agree with this.</p><div class="flex items-center gap-3"><div class="flex items-center gap-3"><button data-testid="reaction-button-like" class="
                            group inline-flex items-center gap-1.5 px-3 py-1.5 rounded-md font-medium text-sm transition-all duration-200
                            bg-white text-gray-700 hover:bg-gray-50 border border-gray-300
                            cursor-pointer hover:scale-105
                        " type="button" id="radix-_r_c0_" aria-haspopup="menu" aria-expanded="false" data-state="closed"><span class="text-base">👍</span><span class="font-medium text-sm">Like</span></button></div><button data-testid="reply-button" class="flex items-center gap-1 text-sm text-gray-600 hover:text-gray-900 transition-colors"><svg xmlns="http://www.w3.org/2000/svg" width="24" height="24" viewBox="0 0 24 24" fill="none" stroke="currentColor" stroke-width="2" stroke-linecap="round" stroke-linejoin="round" class="lucide lucide-reply w-4 h-4" aria-hidden="true"><path d="M20 18v-2a4 4 0 0 0-4-4H4"></path><path d="m9 17-5-5 5-5"></path></svg>Reply</button></div></div></div></div></div></div></div></article><article class="bg-white rounded-xl shadow-sm border border-gray-200 overflow-hidden hover:shadow-md transition-shadow"><div class="p-6"><h2 class="text-xl font-bold text-gray-900 mb-3">Weekend Vibes and Relaxation</h2><p class="text-gray-600 leading-relaxed mb-6">It is the weekend! Time to relax and unwind. What are your plans? Share your weekend vibes by reacting to this post. We hope you all have a wonderful time!</p><div class="pt-4 border-t border-gray-100"><div class="flex items-center gap-3"><button data-testid="reaction-button-like" class="
                            group inline-flex items-center gap-1.5 px-3 py-1.5 rounded-md font-medium text-sm transition-all duration-200
                            bg-white text-gray-700 hover:bg-gray-50 border border-gray-300
                            cursor-pointer hover:scale-105
                        " type="button" id="radix-_r_c5_" aria-haspopup="menu" aria-expanded="false" data-state="closed"><span class="text-base">👍</span><span class="font-medium text-sm">Like</span></button><div class="flex items-center gap-1.5"><button data-testid="reaction-count-sad" class="
                                    inline-flex items-center gap-1 px-2 py-1 rounded-full text-xs font-medium transition-all
                                    bg-gray-100 text-gray-700 hover:bg-gray-200
                                    cursor-pointer hover:scale-105
                                "><span class="text-base">😢</span><span>3</span></button><button data-testid="reaction-count-like" class="
                                    inline-flex items-center gap-1 px-2 py-1 rounded-full text-xs font-medium transition-all
                                    bg-gray-100 text-gray-700 hover:bg-gray-200
                                    cursor-pointer hover:scale-105
                                "><span class="text-base">👍</span><span>2</span></button><button data-testid="reaction-count-haha" class="
                                    inline-flex items-center gap-1 px-2 py-1 rounded-full text-xs font-medium transition-all
                                    bg-gray-100 text-gray-700 hover:bg-gray-200
                                    cursor-pointer hover:scale-105
                                "><span class="text-base">😂</span><span>2</span></button><button data-testid="reaction-count-wow" class="
                                    inline-flex items-center gap-1 px-2 py-1 rounded-full text-xs font-medium transition-all
                                    bg-gray-100 text-gray-700 hover:bg-gray-200
                                    cursor-pointer hover:scale-105
                                "><span class="text-base">😮</span><span>1</span></button><button class="p-1.5 hover:bg-gray-100 rounded-full transition-colors" title="See who reacted"><svg xmlns="http://www.w3.org/2000/svg" width="24" height="24" viewBox="0 0 24 24" fill="none" stroke="currentColor" stroke-width="2" stroke-linecap="round" stroke-linejoin="round" class="lucide lucide-chevron-down w-4 h-4 text-gray-600" aria-hidden="true"><path d="m6 9 6 6 6-6"></path></svg></button></div></div></div><div class="pt-6 border-t border-gray-100 mt-6"><div class="space-y-3"><div class="flex items-center justify-between"><div class="flex items-center gap-2"><svg xmlns="http://www.w3.org/2000/svg" width="24" height="24" viewBox="0 0 24 24" fill="none" stroke="currentColor" stroke-width="2" stroke-linecap="round" stroke-linejoin="round" class="lucide lucide-message-square w-4 h-4 text-gray-600" aria-hidden="true"><path d="M22 17a2 2 0 0 1-2 2H6.828a2 2 0 0 0-1.414.586l-2.202 2.202A.71.71 0 0 1 2 21.286V5a2 2 0 0 1 2-2h16a2 2 0 0 1 2 2z"></path></svg><h3 class="text-base font-semibold text-gray-900">Comments (5)</h3></div><button data-testid="add-comment-button" class="px-3 py-1.5 text-sm font-medium text-white bg-gray-900 rounded-md hover:bg-gray-800 transition-colors">Add Comment</button></div><div class="space-y-2"><div class=""><div class="bg-white rounded-md border border-gray-200 p-3"><div class="flex items-start justify-between mb-2"><div class="flex items-center gap-2"><div class="w-8 h-8 bg-gradient-to-br from-gray-700 to-gray-900 rounded-full flex items-center justify-center text-white font-semibold text-sm flex-shrink-0 cursor-pointer hover:ring-2 hover:ring-gray-900 hover:ring-offset-1 transition-all">J</div><div><div class="flex items-center gap-1.5"><span class="text-sm font-semibold text-gray-900 cursor-pointer hover:underline">John Doe</span></div><span class="text-xs text-gray-500">Nov 30, 2025, 06:17 PM</span></div></div><button class="p-1 hover:bg-gray-100 rounded-full transition-colors" type="button" id="radix-_r_c7_" aria-haspopup="menu" aria-expanded="false" data-state="closed"><svg xmlns="http://www.w3.org/2000/svg" width="24" height="24" viewBox="0 0 24 24" fill="none" stroke="currentColor" stroke-width="2" stroke-linecap="round" stroke-linejoin="round" class="lucide lucide-ellipsis-vertical w-4 h-4 text-gray-600" aria-hidden="true"><circle cx="12" cy="12" r="1"></circle><circle cx="12" cy="5" r="1"></circle><circle cx="12" cy="19" r="1"></circle></svg></button></div><p class="text-sm text-gray-800 whitespace-pre-wrap mb-2">This deserves more attention.</p><div class="flex items-center gap-3"><div class="flex items-center gap-3"><button data-testid="reaction-button-like" class="
                            group inline-flex items-center gap-1.5 px-3 py-1.5 rounded-md font-medium text-sm transition-all duration-200
                            bg-white text-gray-700 hover:bg-gray-50 border border-gray-300
                            cursor-pointer hover:scale-105
                        " type="button" id="radix-_r_c9_" aria-haspopup="menu" aria-expanded="false" data-state="closed"><span class="text-base">👍</span><span class="font-medium text-sm">Like</span></button></div><button data-testid="reply-button" class="flex items-center gap-1 text-sm text-gray-600 hover:text-gray-900 transition-colors"><svg xmlns="http://www.w3.org/2000/svg" width="24" height="24" viewBox="0 0 24 24" fill="none" stroke="currentColor" stroke-width="2" stroke-linecap="round" stroke-linejoin="round" class="lucide lucide-reply w-4 h-4" aria-hidden="true"><path d="M20 18v-2a4 4 0 0 0-4-4H4"></path><path d="m9 17-5-5 5-5"></path></svg>Reply</button></div></div><div class="mt-2 space-y-2"><div class="ml-10"><div class="bg-white rounded-md border border-gray-200 p-3"><div class="flex items-start justify-between mb-2"><div class="flex items-center gap-2"><div class="w-8 h-8 bg-gradient-to-br from-gray-700 to-gray-900 rounded-full flex items-center justify-center text-white font-semibold text-sm flex-shrink-0 cursor-pointer hover:ring-2 hover:ring-gray-900 hover:ring-offset-1 transition-all">L</div><div><div class="flex items-center gap-1.5"><span class="text-sm font-semibold text-gray-900 cursor-pointer hover:underline">Luke Garcia</span></div><span class="text-xs text-gray-500">Nov 30, 2025, 06:17 PM</span></div></div><button class="p-1 hover:bg-gray-100 rounded-full transition-colors" type="button" id="radix-_r_cb_" aria-haspopup="menu" aria-expanded="false" data-state="closed"><svg xmlns="http://www.w3.org/2000/svg" width="24" height="24" viewBox="0 0 24 24" fill="none" stroke="currentColor" stroke-width="2" stroke-linecap="round" stroke-linejoin="round" class="lucide lucide-ellipsis-vertical w-4 h-4 text-gray-600" aria-hidden="true"><circle cx="12" cy="12" r="1"></circle><circle cx="12" cy="5" r="1"></circle><circle cx="12" cy="19" r="1"></circle></svg></button></div><p class="text-sm text-gray-800 whitespace-pre-wrap mb-2">I agree with you!</p><div class="flex items-center gap-3"><div class="flex items-center gap-3"><button data-testid="reaction-button-like" class="
                            group inline-flex items-center gap-1.5 px-3 py-1.5 rounded-md font-medium text-sm transition-all duration-200
                            bg-white text-gray-700 hover:bg-gray-50 border border-gray-300
                            cursor-pointer hover:scale-105
                        " type="button" id="radix-_r_cd_" aria-haspopup="menu" aria-expanded="false" data-state="closed"><span class="text-base">👍</span><span class="font-medium text-sm">Like</span></button></div></div></div></div></div></div><div class=""><div class="bg-white rounded-md border border-gray-200 p-3"><div class="flex items-start justify-between mb-2"><div class="flex items-center gap-2"><div class="w-8 h-8 bg-gradient-to-br from-gray-700 to-gray-900 rounded-full flex items-center justify-center text-white font-semibold text-sm flex-shrink-0 cursor-pointer hover:ring-2 hover:ring-gray-900 hover:ring-offset-1 transition-all">A</div><div><div class="flex items-center gap-1.5"><span class="text-sm font-semibold text-gray-900 cursor-pointer hover:underline">Addison Martinez</span></div><span class="text-xs text-gray-500">Nov 30, 2025, 06:17 PM</span></div></div><button class="p-1 hover:bg-gray-100 rounded-full transition-colors" type="button" id="radix-_r_cl_" aria-haspopup="menu" aria-expanded="false" data-state="closed"><svg xmlns="http://www.w3.org/2000/svg" width="24" height="24" viewBox="0 0 24 24" fill="none" stroke="currentColor" stroke-width="2" stroke-linecap="round" stroke-linejoin="round" class="lucide lucide-ellipsis-vertical w-4 h-4 text-gray-600" aria-hidden="true"><circle cx="12" cy="12" r="1"></circle><circle cx="12" cy="5" r="1"></circle><circle cx="12" cy="19" r="1"></circle></svg></button></div><p class="text-sm text-gray-800 whitespace-pre-wrap mb-2">Brilliant insights here.</p><div class="flex items-center gap-3"><div class="flex items-center gap-3"><button data-testid="reaction-button-like" class="
                            group inline-flex items-center gap-1.5 px-3 py-1.5 rounded-md font-medium text-sm transition-all duration-200
                            bg-white text-gray-700 hover:bg-gray-50 border border-gray-300
                            cursor-pointer hover:scale-105
                        " type="button" id="radix-_r_cn_" aria-haspopup="menu" aria-expanded="false" data-state="closed"><span class="text-base">👍</span><span class="font-medium text-sm">Like</span></button></div><button data-testid="reply-button" class="flex items-center gap-1 text-sm text-gray-600 hover:text-gray-900 transition-colors"><svg xmlns="http://www.w3.org/2000/svg" width="24" height="24" viewBox="0 0 24 24" fill="none" stroke="currentColor" stroke-width="2" stroke-linecap="round" stroke-linejoin="round" class="lucide lucide-reply w-4 h-4" aria-hidden="true"><path d="M20 18v-2a4 4 0 0 0-4-4H4"></path><path d="m9 17-5-5 5-5"></path></svg>Reply</button></div></div><div class="mt-2 space-y-2"><div class="ml-10"><div class="bg-white rounded-md border border-gray-200 p-3"><div class="flex items-start justify-between mb-2"><div class="flex items-center gap-2"><div class="w-8 h-8 bg-gradient-to-br from-gray-700 to-gray-900 rounded-full flex items-center justify-center text-white font-semibold text-sm flex-shrink-0 cursor-pointer hover:ring-2 hover:ring-gray-900 hover:ring-offset-1 transition-all">M</div><div><div class="flex items-center gap-1.5"><span class="text-sm font-semibold text-gray-900 cursor-pointer hover:underline">Mia Davis</span></div><span class="text-xs text-gray-500">Nov 30, 2025, 06:17 PM</span></div></div><button class="p-1 hover:bg-gray-100 rounded-full transition-colors" type="button" id="radix-_r_cp_" aria-haspopup="menu" aria-expanded="false" data-state="closed"><svg xmlns="http://www.w3.org/2000/svg" width="24" height="24" viewBox="0 0 24 24" fill="none" stroke="currentColor" stroke-width="2" stroke-linecap="round" stroke-linejoin="round" class="lucide lucide-ellipsis-vertical w-4 h-4 text-gray-600" aria-hidden="true"><circle cx="12" cy="12" r="1"></circle><circle cx="12" cy="5" r="1"></circle><circle cx="12" cy="19" r="1"></circle></svg></button></div><p class="text-sm text-gray-800 whitespace-pre-wrap mb-2">Interesting perspective!</p><div class="flex items-center gap-3"><div class="flex items-center gap-3"><button data-testid="reaction-button-like" class="
                            group inline-flex items-center gap-1.5 px-3 py-1.5 rounded-md font-medium text-sm transition-all duration-200
                            bg-white text-gray-700 hover:bg-gray-50 border border-gray-300
                            cursor-pointer hover:scale-105
                        " type="button" id="radix-_r_cr_" aria-haspopup="menu" aria-expanded="false" data-state="closed"><span class="text-base">👍</span><span class="font-medium text-sm">Like</span></button></div></div></div></div><div class="ml-10"><div class="bg-white rounded-md border border-gray-200 p-3"><div class="flex items-start justify-between mb-2"><div class="flex items-center gap-2"><div class="w-8 h-8 bg-gradient-to-br from-gray-700 to-gray-900 rounded-full flex items-center justify-center text-white font-semibold text-sm flex-shrink-0 cursor-pointer hover:ring-2 hover:ring-gray-900 hover:ring-offset-1 transition-all">S</div><div><div class="flex items-center gap-1.5"><span class="text-sm font-semibold text-gray-900 cursor-pointer hover:underline">Sofia Anderson</span></div><span class="text-xs text-gray-500">Nov 30, 2025, 06:17 PM</span></div></div><button class="p-1 hover:bg-gray-100 rounded-full transition-colors" type="button" id="radix-_r_d0_" aria-haspopup="menu" aria-expanded="false" data-state="closed"><svg xmlns="http://www.w3.org/2000/svg" width="24" height="24" viewBox="0 0 24 24" fill="none" stroke="currentColor" stroke-width="2" stroke-linecap="round" stroke-linejoin="round" class="lucide lucide-ellipsis-vertical w-4 h-4 text-gray-600" aria-hidden="true"><circle cx="12" cy="12" r="1"></circle><circle cx="12" cy="5" r="1"></circle><circle cx="12" cy="19" r="1"></circle></svg></button></div><p class="text-sm text-gray-800 whitespace-pre-wrap mb-2">Thanks for your comment!</p><div class="flex items-center gap-3"><div class="flex items-center gap-3"><button data-testid="reaction-button-like" class="
                            group inline-flex items-center gap-1.5 px-3 py-1.5 rounded-md font-medium text-sm transition-all duration-200
                            bg-white text-gray-700 hover:bg-gray-50 border border-gray-300
                            cursor-pointer hover:scale-105
                        " type="button" id="radix-_r_d2_" aria-haspopup="menu" aria-expanded="false" data-state="closed"><span class="text-base">👍</span><span class="font-medium text-sm">Like</span></button></div></div></div></div></div></div><div class=""><div class="bg-white rounded-md border border-gray-200 p-3"><div class="flex items-start justify-between mb-2"><div class="flex items-center gap-2"><div class="w-8 h-8 bg-gradient-to-br from-gray-700 to-gray-900 rounded-full flex items-center justify-center text-white font-semibold text-sm flex-shrink-0 cursor-pointer hover:ring-2 hover:ring-gray-900 hover:ring-offset-1 transition-all">L</div><div><div class="flex items-center gap-1.5"><span class="text-sm font-semibold text-gray-900 cursor-pointer hover:underline">Lily Martinez</span></div><span class="text-xs text-gray-500">Nov 30, 2025, 06:17 PM</span></div></div><button class="p-1 hover:bg-gray-100 rounded-full transition-colors" type="button" id="radix-_r_da_" aria-haspopup="menu" aria-expanded="false" data-state="closed"><svg xmlns="http://www.w3.org/2000/svg" width="24" height="24" viewBox="0 0 24 24" fill="none" stroke="currentColor" stroke-width="2" stroke-linecap="round" stroke-linejoin="round" class="lucide lucide-ellipsis-vertical w-4 h-4 text-gray-600" aria-hidden="true"><circle cx="12" cy="12" r="1"></circle><circle cx="12" cy="5" r="1"></circle><circle cx="12" cy="19" r="1"></circle></svg></button></div><p class="text-sm text-gray-800 whitespace-pre-wrap mb-2">Could you elaborate more on this?</p><div class="flex items-center gap-3"><div class="flex items-center gap-3"><button data-testid="reaction-button-like" class="
                            group inline-flex items-center gap-1.5 px-3 py-1.5 rounded-md font-medium text-sm transition-all duration-200
                            bg-white text-gray-700 hover:bg-gray-50 border border-gray-300
                            cursor-pointer hover:scale-105
                        " type="button" id="radix-_r_dc_" aria-haspopup="menu" aria-expanded="false" data-state="closed"><span class="text-base">👍</span><span class="font-medium text-sm">Like</span></button></div><button data-testid="reply-button" class="flex items-center gap-1 text-sm text-gray-600 hover:text-gray-900 transition-colors"><svg xmlns="http://www.w3.org/2000/svg" width="24" height="24" viewBox="0 0 24 24" fill="none" stroke="currentColor" stroke-width="2" stroke-linecap="round" stroke-linejoin="round" class="lucide lucide-reply w-4 h-4" aria-hidden="true"><path d="M20 18v-2a4 4 0 0 0-4-4H4"></path><path d="m9 17-5-5 5-5"></path></svg>Reply</button></div></div><div class="mt-2 space-y-2"><div class="ml-10"><div class="bg-white rounded-md border border-gray-200 p-3"><div class="flex items-start justify-between mb-2"><div class="flex items-center gap-2"><div class="w-8 h-8 bg-gradient-to-br from-gray-700 to-gray-900 rounded-full flex items-center justify-center text-white font-semibold text-sm flex-shrink-0 cursor-pointer hover:ring-2 hover:ring-gray-900 hover:ring-offset-1 transition-all">O</div><div><div class="flex items-center gap-1.5"><span class="text-sm font-semibold text-gray-900 cursor-pointer hover:underline">Owen Anderson</span></div><span class="text-xs text-gray-500">Nov 30, 2025, 06:17 PM</span></div></div><button class="p-1 hover:bg-gray-100 rounded-full transition-colors" type="button" id="radix-_r_de_" aria-haspopup="menu" aria-expanded="false" data-state="closed"><svg xmlns="http://www.w3.org/2000/svg" width="24" height="24" viewBox="0 0 24 24" fill="none" stroke="currentColor" stroke-width="2" stroke-linecap="round" stroke-linejoin="round" class="lucide lucide-ellipsis-vertical w-4 h-4 text-gray-600" aria-hidden="true"><circle cx="12" cy="12" r="1"></circle><circle cx="12" cy="5" r="1"></circle><circle cx="12" cy="19" r="1"></circle></svg></button></div><p class="text-sm text-gray-800 whitespace-pre-wrap mb-2">Thanks for clarifying.</p><div class="flex items-center gap-3"><div class="flex items-center gap-3"><button data-testid="reaction-button-like" class="
                            group inline-flex items-center gap-1.5 px-3 py-1.5 rounded-md font-medium text-sm transition-all duration-200
                            bg-white text-gray-700 hover:bg-gray-50 border border-gray-300
                            cursor-pointer hover:scale-105
                        " type="button" id="radix-_r_dg_" aria-haspopup="menu" aria-expanded="false" data-state="closed"><span class="text-base">👍</span><span class="font-medium text-sm">Like</span></button></div></div></div></div></div></div><div class=""><div class="bg-white rounded-md border border-gray-200 p-3"><div class="flex items-start justify-between mb-2"><div class="flex items-center gap-2"><div class="w-8 h-8 bg-gradient-to-br from-gray-700 to-gray-900 rounded-full flex items-center justify-center text-white font-semibold text-sm flex-shrink-0 cursor-pointer hover:ring-2 hover:ring-gray-900 hover:ring-offset-1 transition-all">C</div><div><div class="flex items-center gap-1.5"><span class="text-sm font-semibold text-gray-900 cursor-pointer hover:underline">Charlotte Johnson</span></div><span class="text-xs text-gray-500">Nov 30, 2025, 06:17 PM</span></div></div><button class="p-1 hover:bg-gray-100 rounded-full transition-colors" type="button" id="radix-_r_do_" aria-haspopup="menu" aria-expanded="false" data-state="closed"><svg xmlns="http://www.w3.org/2000/svg" width="24" height="24" viewBox="0 0 24 24" fill="none" stroke="currentColor" stroke-width="2" stroke-linecap="round" stroke-linejoin="round" class="lucide lucide-ellipsis-vertical w-4 h-4 text-gray-600" aria-hidden="true"><circle cx="12" cy="12" r="1"></circle><circle cx="12" cy="5" r="1"></circle><circle cx="12" cy="19" r="1"></circle></svg></button></div><p class="text-sm text-gray-800 whitespace-pre-wrap mb-2">I have some thoughts on this...</p><div class="flex items-center gap-3"><div class="flex items-center gap-3"><button data-testid="reaction-button-like" class="
                            group inline-flex items-center gap-1.5 px-3 py-1.5 rounded-md font-medium text-sm transition-all duration-200
                            bg-white text-gray-700 hover:bg-gray-50 border border-gray-300
                            cursor-pointer hover:scale-105
                        " type="button" id="radix-_r_dq_" aria-haspopup="menu" aria-expanded="false" data-state="closed"><span class="text-base">👍</span><span class="font-medium text-sm">Like</span></button></div><button data-testid="reply-button" class="flex items-center gap-1 text-sm text-gray-600 hover:text-gray-900 transition-colors"><svg xmlns="http://www.w3.org/2000/svg" width="24" height="24" viewBox="0 0 24 24" fill="none" stroke="currentColor" stroke-width="2" stroke-linecap="round" stroke-linejoin="round" class="lucide lucide-reply w-4 h-4" aria-hidden="true"><path d="M20 18v-2a4 4 0 0 0-4-4H4"></path><path d="m9 17-5-5 5-5"></path></svg>Reply</button></div></div></div><div class=""><div class="bg-white rounded-md border border-gray-200 p-3"><div class="flex items-start justify-between mb-2"><div class="flex items-center gap-2"><div class="w-8 h-8 bg-gradient-to-br from-gray-700 to-gray-900 rounded-full flex items-center justify-center text-white font-semibold text-sm flex-shrink-0 cursor-pointer hover:ring-2 hover:ring-gray-900 hover:ring-offset-1 transition-all">L</div><div><div class="flex items-center gap-1.5"><span class="text-sm font-semibold text-gray-900 cursor-pointer hover:underline">Luke Wilson</span></div><span class="text-xs text-gray-500">Nov 30, 2025, 06:17 PM</span></div></div><button class="p-1 hover:bg-gray-100 rounded-full transition-colors" type="button" id="radix-_r_dv_" aria-haspopup="menu" aria-expanded="false" data-state="closed"><svg xmlns="http://www.w3.org/2000/svg" width="24" height="24" viewBox="0 0 24 24" fill="none" stroke="currentColor" stroke-width="2" stroke-linecap="round" stroke-linejoin="round" class="lucide lucide-ellipsis-vertical w-4 h-4 text-gray-600" aria-hidden="true"><circle cx="12" cy="12" r="1"></circle><circle cx="12" cy="5" r="1"></circle><circle cx="12" cy="19" r="1"></circle></svg></button></div><p class="text-sm text-gray-800 whitespace-pre-wrap mb-2">This is exactly what I needed to hear.</p><div class="flex items-center gap-3"><div class="flex items-center gap-3"><button data-testid="reaction-button-like" class="
                            group inline-flex items-center gap-1.5 px-3 py-1.5 rounded-md font-medium text-sm transition-all duration-200
                            bg-white text-gray-700 hover:bg-gray-50 border border-gray-300
                            cursor-pointer hover:scale-105
                        " type="button" id="radix-_r_e1_" aria-haspopup="menu" aria-expanded="false" data-state="closed"><span class="text-base">👍</span><span class="font-medium text-sm">Like</span></button></div><button data-testid="reply-button" class="flex items-center gap-1 text-sm text-gray-600 hover:text-gray-900 transition-colors"><svg xmlns="http://www.w3.org/2000/svg" width="24" height="24" viewBox="0 0 24 24" fill="none" stroke="currentColor" stroke-width="2" stroke-linecap="round" stroke-linejoin="round" class="lucide lucide-reply w-4 h-4" aria-hidden="true"><path d="M20 18v-2a4 4 0 0 0-4-4H4"></path><path d="m9 17-5-5 5-5"></path></svg>Reply</button></div></div><div class="mt-2 space-y-2"><div class="ml-10"><div class="bg-white rounded-md border border-gray-200 p-3"><div class="flex items-start justify-between mb-2"><div class="flex items-center gap-2"><div class="w-8 h-8 bg-gradient-to-br from-gray-700 to-gray-900 rounded-full flex items-center justify-center text-white font-semibold text-sm flex-shrink-0 cursor-pointer hover:ring-2 hover:ring-gray-900 hover:ring-offset-1 transition-all">L</div><div><div class="flex items-center gap-1.5"><span class="text-sm font-semibold text-gray-900 cursor-pointer hover:underline">Liam Garcia</span></div><span class="text-xs text-gray-500">Nov 30, 2025, 06:17 PM</span></div></div><button class="p-1 hover:bg-gray-100 rounded-full transition-colors" type="button" id="radix-_r_e3_" aria-haspopup="menu" aria-expanded="false" data-state="closed"><svg xmlns="http://www.w3.org/2000/svg" width="24" height="24" viewBox="0 0 24 24" fill="none" stroke="currentColor" stroke-width="2" stroke-linecap="round" stroke-linejoin="round" class="lucide lucide-ellipsis-vertical w-4 h-4 text-gray-600" aria-hidden="true"><circle cx="12" cy="12" r="1"></circle><circle cx="12" cy="5" r="1"></circle><circle cx="12" cy="19" r="1"></circle></svg></button></div><p class="text-sm text-gray-800 whitespace-pre-wrap mb-2">Great addition to the discussion!</p><div class="flex items-center gap-3"><div class="flex items-center gap-3"><button data-testid="reaction-button-like" class="
                            group inline-flex items-center gap-1.5 px-3 py-1.5 rounded-md font-medium text-sm transition-all duration-200
                            bg-white text-gray-700 hover:bg-gray-50 border border-gray-300
                            cursor-pointer hover:scale-105
                        " type="button" id="radix-_r_e5_" aria-haspopup="menu" aria-expanded="false" data-state="closed"><span class="text-base">👍</span><span class="font-medium text-sm">Like</span></button></div></div></div></div><div class="ml-10"><div class="bg-white rounded-md border border-gray-200 p-3"><div class="flex items-start justify-between mb-2"><div class="flex items-center gap-2"><div class="w-8 h-8 bg-gradient-to-br from-gray-700 to-gray-900 rounded-full flex items-center justify-center text-white font-semibold text-sm flex-shrink-0 cursor-pointer hover:ring-2 hover:ring-gray-900 hover:ring-offset-1 transition-all">A</div><div><div class="flex items-center gap-1.5"><span class="text-sm font-semibold text-gray-900 cursor-pointer hover:underline">Addison Garcia</span></div><span class="text-xs text-gray-500">Nov 30, 2025, 06:17 PM</span></div></div><button class="p-1 hover:bg-gray-100 rounded-full transition-colors" type="button" id="radix-_r_ea_" aria-haspopup="menu" aria-expanded="false" data-state="closed"><svg xmlns="http://www.w3.org/2000/svg" width="24" height="24" viewBox="0 0 24 24" fill="none" stroke="currentColor" stroke-width="2" stroke-linecap="round" stroke-linejoin="round" class="lucide lucide-ellipsis-vertical w-4 h-4 text-gray-600" aria-hidden="true"><circle cx="12" cy="12" r="1"></circle><circle cx="12" cy="5" r="1"></circle><circle cx="12" cy="19" r="1"></circle></svg></button></div><p class="text-sm text-gray-800 whitespace-pre-wrap mb-2">I see what you mean.</p><div class="flex items-center gap-3"><div class="flex items-center gap-3"><button data-testid="reaction-button-like" class="
                            group inline-flex items-center gap-1.5 px-3 py-1.5 rounded-md font-medium text-sm transition-all duration-200
                            bg-white text-gray-700 hover:bg-gray-50 border border-gray-300
                            cursor-pointer hover:scale-105
                        " type="button" id="radix-_r_ec_" aria-haspopup="menu" aria-expanded="false" data-state="closed"><span class="text-base">👍</span><span class="font-medium text-sm">Like</span></button></div></div></div></div></div></div></div></div></div></div></article></div></main><footer class="mt-16 py-8 border-t border-gray-200 bg-white"><div class="max-w-5xl mx-auto px-4 text-center text-sm text-gray-500"><p>Built with Laravel, Inertia.js, React &amp; shadcn/ui</p></div></footer></div><div role="region" aria-label="Notifications (F8)" tabindex="-1" style="pointer-events: none;"><ol tabindex="-1" class="fixed top-0 z-[100] flex max-h-screen w-full flex-col-reverse p-4 sm:bottom-0 sm:right-0 sm:top-auto sm:flex-col md:max-w-[420px]"></ol></div></div><script type="text/javascript">
var phpdebugbar = new PhpDebugBar.DebugBar({"theme":"auto","hideEmptyTabs":true});
phpdebugbar.addTab("request", new PhpDebugBar.DebugBar.Tab({"icon":"tags","order":-100,"title":"Request", "widget": new PhpDebugBar.Widgets.HtmlVariableListWidget()}));
phpdebugbar.addTab("messages", new PhpDebugBar.DebugBar.Tab({"icon":"list-alt","title":"Messages", "widget": new PhpDebugBar.Widgets.MessagesWidget()}));
phpdebugbar.addIndicator("time", new PhpDebugBar.DebugBar.Indicator({"icon":"clock-o","tooltip":"Request Duration","link":"timeline"}), "right");
phpdebugbar.addTab("timeline", new PhpDebugBar.DebugBar.Tab({"icon":"tasks","title":"Timeline", "widget": new PhpDebugBar.Widgets.TimelineWidget()}));
phpdebugbar.addIndicator("memory", new PhpDebugBar.DebugBar.Indicator({"icon":"cogs","tooltip":"Memory Usage"}), "right");
phpdebugbar.addTab("exceptions", new PhpDebugBar.DebugBar.Tab({"icon":"bug","title":"Exceptions", "widget": new PhpDebugBar.Widgets.ExceptionsWidget()}));
phpdebugbar.addIndicator("version", new PhpDebugBar.DebugBar.Indicator({"icon":"laravel phpdebugbar-fab"}), "right");
phpdebugbar.addTab("views", new PhpDebugBar.DebugBar.Tab({"icon":"leaf","title":"Views", "widget": new PhpDebugBar.Widgets.TemplatesWidget()}));
phpdebugbar.addTab("queries", new PhpDebugBar.DebugBar.Tab({"icon":"database","title":"Queries", "widget": new PhpDebugBar.Widgets.LaravelQueriesWidget()}));
phpdebugbar.addTab("models", new PhpDebugBar.DebugBar.Tab({"icon":"cubes","title":"Models", "widget": new PhpDebugBar.Widgets.TableVariableListWidget()}));
phpdebugbar.addTab("emails", new PhpDebugBar.DebugBar.Tab({"icon":"inbox","title":"Mails", "widget": new PhpDebugBar.Widgets.MailsWidget()}));
phpdebugbar.addTab("gate", new PhpDebugBar.DebugBar.Tab({"icon":"list-alt","title":"Gate", "widget": new PhpDebugBar.Widgets.MessagesWidget()}));
phpdebugbar.addIndicator("currentrequest", new PhpDebugBar.DebugBar.Indicator({"icon":"share","link":"request"}), "right");
phpdebugbar.setDataMap({
"request": ["request.data", {}],
"messages": ["messages.messages", []],
"messages:badge": ["messages.count", null],
"time": ["time.duration_str", '0ms'],
"timeline": ["time", {}],
"memory": ["memory.peak_usage_str", '0B'],
"exceptions": ["exceptions.exceptions", []],
"exceptions:badge": ["exceptions.count", null],
"version": ["laravel.version", ],
"version:tooltip": ["laravel.tooltip", {}],
"views": ["views", []],
"views:badge": ["views.nb_templates", 0],
"queries": ["queries", []],
"queries:badge": ["queries.nb_statements", 0],
"models": ["models", {}],
"models:badge": ["models.count", 0],
"emails": ["symfonymailer_mails.mails", []],
"emails:badge": ["symfonymailer_mails.count", null],
"gate": ["gate.messages", []],
"gate:badge": ["gate.count", null],
"request:badge": ["request.badge", null],
"currentrequest": ["request.data.uri", ],
"currentrequest:tooltip": ["request.tooltip", {}]
});
phpdebugbar.restoreState();
phpdebugbar.enableAjaxHandlerTab();
phpdebugbar.ajaxHandler = new PhpDebugBar.AjaxHandler(phpdebugbar, undefined, true);
phpdebugbar.ajaxHandler.bindToFetch();
phpdebugbar.ajaxHandler.bindToXHR();
phpdebugbar.setOpenHandler(new PhpDebugBar.OpenHandler({"url":"http:\/\/127.0.0.1:8000\/_debugbar\/open"}));
phpdebugbar.addDataSet({"__meta":{"id":"01KBAQREX706W6SCWVQ0S4NH9B","datetime":"2025-11-30 15:58:00","utime":1764518280.103961,"method":"GET","uri":"\/login","ip":"127.0.0.1"},"messages":{"count":0,"messages":[]},"time":{"count":5,"start":1764518280.088195,"end":1764518280.103971,"duration":0.01577591896057129,"duration_str":"15.78ms","measures":[{"label":"Booting","start":1764518280.088195,"relative_start":0,"end":1764518280.099035,"relative_end":1764518280.099035,"duration":0.01083993911743164,"duration_str":"10.84ms","memory":0,"memory_str":"0B","params":[],"collector":"time","group":null},{"label":"Application","start":1764518280.099045,"relative_start":0.010849952697753906,"end":1764518280.103972,"relative_end":9.5367431640625e-7,"duration":0.004926919937133789,"duration_str":"4.93ms","memory":0,"memory_str":"0B","params":[],"collector":"time","group":null},{"label":"Routing","start":1764518280.100179,"relative_start":0.011983871459960938,"end":1764518280.100443,"relative_end":1764518280.100443,"duration":0.0002639293670654297,"duration_str":"264\u03bcs","memory":0,"memory_str":"0B","params":[],"collector":null,"group":null},{"label":"Preparing Response","start":1764518280.101033,"relative_start":0.012837886810302734,"end":1764518280.103797,"relative_end":1764518280.103797,"duration":0.002763986587524414,"duration_str":"2.76ms","memory":0,"memory_str":"0B","params":[],"collector":null,"group":null},{"label":"View: Auth\/Login","start":1764518280.101883,"relative_start":0.013687849044799805,"end":1764518280.101883,"relative_end":1764518280.101883,"duration":0,"duration_str":"0\u03bcs","memory":0,"memory_str":"0B","params":[],"collector":"views","group":"View"}]},"memory":{"peak_usage":1761000,"peak_usage_str":"2MB"},"exceptions":{"count":0,"exceptions":[]},"laravel":{"version":"12.x","tooltip":{"Laravel Version":"12.40.2","PHP Version":"8.4.15","Environment":"local","Debug Mode":"Enabled","URL":"localhost","Timezone":"UTC","Locale":"en"}},"views":{"count":1,"nb_templates":1,"templates":[{"name":"Auth\/Login","param_count":null,"params":[],"start":1764518280.101875,"type":"blade","hash":"blade\/Users\/vahan\/Herd\/laravel-react-reactions\/packages\/truefans\/laravel-react-reactions\/workbench\/resources\/views\/app.blade.phpAuth\/Login","xdebug_link":{"url":"phpstorm:\/\/open?file=%2FUsers%2Fvahan%2FHerd%2Flaravel-react-reactions%2Fpackages%2Ftruefans%2Flaravel-react-reactions%2Fworkbench%2Fresources%2Fviews%2Fapp.blade.php\u0026line=1","ajax":false,"filename":"app.blade.php","line":"?"}}]},"queries":{"count":0,"nb_statements":0,"nb_visible_statements":0,"nb_excluded_statements":0,"nb_failed_statements":0,"accumulated_duration":0,"accumulated_duration_str":"0\u03bcs","memory_usage":0,"memory_usage_str":null,"statements":[]},"models":{"data":[],"count":0,"key_map":{"retrieved":"Retrieved","created":"Created","updated":"Updated","deleted":"Deleted"},"is_counter":true,"badges":[]},"symfonymailer_mails":{"count":0,"mails":[]},"gate":{"count":0,"messages":[]},"request":{"data":{"status":"200 OK","full_url":"http:\/\/127.0.0.1:8000\/login","action_name":"login","controller_action":"Workbench\\App\\Http\\Controllers\\AuthController@showLogin","uri":"GET login","controller":"Workbench\\App\\Http\\Controllers\\AuthController@showLogin\u003Ca href=\u0022phpstorm:\/\/open?file=%2FUsers%2Fvahan%2FHerd%2Flaravel-react-reactions%2Fpackages%2Ftruefans%2Flaravel-react-reactions%2Fworkbench%2Fapp%2FHttp%2FControllers%2FAuthController.php\u0026line=14\u0022 class=\u0022phpdebugbar-widgets-editor-link\u0022\u003E\u003C\/a\u003E","file":"\u003Ca href=\u0022phpstorm:\/\/open?file=%2FUsers%2Fvahan%2FHerd%2Flaravel-react-reactions%2Fpackages%2Ftruefans%2Flaravel-react-reactions%2Fworkbench%2Fapp%2FHttp%2FControllers%2FAuthController.php\u0026line=14\u0022 onclick=\u0022\u0022 class=\u0022phpdebugbar-widgets-editor-link\u0022\u003EUsers\/vahan\/Herd\/laravel-react-reactions\/packages\/truefans\/laravel-react-reactions\/workbench\/app\/Http\/Controllers\/AuthController.php:14-17\u003C\/a\u003E","middleware":"web","duration":"15.65ms","peak_memory":"2MB","response":"text\/html; charset=utf-8","request_format":"html","request_query":"\u003Cpre class=sf-dump id=sf-dump-842488614 data-indent-pad=\u0022  \u0022\u003E[]\n\u003C\/pre\u003E\u003Cscript\u003ESfdump(\u0022sf-dump-842488614\u0022, {\u0022maxDepth\u0022:0})\u003C\/script\u003E\n","request_request":"\u003Cpre class=sf-dump id=sf-dump-440741587 data-indent-pad=\u0022  \u0022\u003E[]\n\u003C\/pre\u003E\u003Cscript\u003ESfdump(\u0022sf-dump-440741587\u0022, {\u0022maxDepth\u0022:0})\u003C\/script\u003E\n","request_headers":"\u003Cpre class=sf-dump id=sf-dump-1490498467 data-indent-pad=\u0022  \u0022\u003E\u003Cspan class=sf-dump-note\u003Earray:14\u003C\/span\u003E [\u003Csamp data-depth=1 class=sf-dump-expanded\u003E\n  \u0022\u003Cspan class=sf-dump-key\u003Ehost\u003C\/span\u003E\u0022 =\u003E \u003Cspan class=sf-dump-note\u003Earray:1\u003C\/span\u003E [\u003Csamp data-depth=2 class=sf-dump-compact\u003E\n    \u003Cspan class=sf-dump-index\u003E0\u003C\/span\u003E =\u003E \u0022\u003Cspan class=sf-dump-str title=\u002214 characters\u0022\u003E127.0.0.1:8000\u003C\/span\u003E\u0022\n  \u003C\/samp\u003E]\n  \u0022\u003Cspan class=sf-dump-key\u003Econnection\u003C\/span\u003E\u0022 =\u003E \u003Cspan class=sf-dump-note\u003Earray:1\u003C\/span\u003E [\u003Csamp data-depth=2 class=sf-dump-compact\u003E\n    \u003Cspan class=sf-dump-index\u003E0\u003C\/span\u003E =\u003E \u0022\u003Cspan class=sf-dump-str title=\u002210 characters\u0022\u003Ekeep-alive\u003C\/span\u003E\u0022\n  \u003C\/samp\u003E]\n  \u0022\u003Cspan class=sf-dump-key\u003Esec-ch-ua\u003C\/span\u003E\u0022 =\u003E \u003Cspan class=sf-dump-note\u003Earray:1\u003C\/span\u003E [\u003Csamp data-depth=2 class=sf-dump-compact\u003E\n    \u003Cspan class=sf-dump-index\u003E0\u003C\/span\u003E =\u003E \u0022\u003Cspan class=sf-dump-str title=\u002266 characters\u0022\u003E\u0026quot;HeadlessChrome\u0026quot;;v=\u0026quot;143\u0026quot;, \u0026quot;Chromium\u0026quot;;v=\u0026quot;143\u0026quot;, \u0026quot;Not A(Brand\u0026quot;;v=\u0026quot;24\u0026quot;\u003C\/span\u003E\u0022\n  \u003C\/samp\u003E]\n  \u0022\u003Cspan class=sf-dump-key\u003Esec-ch-ua-mobile\u003C\/span\u003E\u0022 =\u003E \u003Cspan class=sf-dump-note\u003Earray:1\u003C\/span\u003E [\u003Csamp data-depth=2 class=sf-dump-compact\u003E\n    \u003Cspan class=sf-dump-index\u003E0\u003C\/span\u003E =\u003E \u0022\u003Cspan class=sf-dump-str title=\u00222 characters\u0022\u003E?0\u003C\/span\u003E\u0022\n  \u003C\/samp\u003E]\n  \u0022\u003Cspan class=sf-dump-key\u003Esec-ch-ua-platform\u003C\/span\u003E\u0022 =\u003E \u003Cspan class=sf-dump-note\u003Earray:1\u003C\/span\u003E [\u003Csamp data-depth=2 class=sf-dump-compact\u003E\n    \u003Cspan class=sf-dump-index\u003E0\u003C\/span\u003E =\u003E \u0022\u003Cspan class=sf-dump-str title=\u00229 characters\u0022\u003E\u0026quot;Windows\u0026quot;\u003C\/span\u003E\u0022\n  \u003C\/samp\u003E]\n  \u0022\u003Cspan class=sf-dump-key\u003Eupgrade-insecure-requests\u003C\/span\u003E\u0022 =\u003E \u003Cspan class=sf-dump-note\u003Earray:1\u003C\/span\u003E [\u003Csamp data-depth=2 class=sf-dump-compact\u003E\n    \u003Cspan class=sf-dump-index\u003E0\u003C\/span\u003E =\u003E \u0022\u003Cspan class=sf-dump-str\u003E1\u003C\/span\u003E\u0022\n  \u003C\/samp\u003E]\n  \u0022\u003Cspan class=sf-dump-key\u003Euser-agent\u003C\/span\u003E\u0022 =\u003E \u003Cspan class=sf-dump-note\u003Earray:1\u003C\/span\u003E [\u003Csamp data-depth=2 class=sf-dump-compact\u003E\n    \u003Cspan class=sf-dump-index\u003E0\u003C\/span\u003E =\u003E \u0022\u003Cspan class=sf-dump-str title=\u0022114 characters\u0022\u003EMozilla\/5.0 (Windows NT 10.0; Win64; x64) AppleWebKit\/537.36 (KHTML, like Gecko) Chrome\/143.0.7499.4 Safari\/537.36\u003C\/span\u003E\u0022\n  \u003C\/samp\u003E]\n  \u0022\u003Cspan class=sf-dump-key\u003Eaccept-language\u003C\/span\u003E\u0022 =\u003E \u003Cspan class=sf-dump-note\u003Earray:1\u003C\/span\u003E [\u003Csamp data-depth=2 class=sf-dump-compact\u003E\n    \u003Cspan class=sf-dump-index\u003E0\u003C\/span\u003E =\u003E \u0022\u003Cspan class=sf-dump-str title=\u00225 characters\u0022\u003Een-US\u003C\/span\u003E\u0022\n  \u003C\/samp\u003E]\n  \u0022\u003Cspan class=sf-dump-key\u003Eaccept\u003C\/span\u003E\u0022 =\u003E \u003Cspan class=sf-dump-note\u003Earray:1\u003C\/span\u003E [\u003Csamp data-depth=2 class=sf-dump-compact\u003E\n    \u003Cspan class=sf-dump-index\u003E0\u003C\/span\u003E =\u003E \u0022\u003Cspan class=sf-dump-str title=\u0022135 characters\u0022\u003Etext\/html,application\/xhtml+xml,application\/xml;q=0.9,image\/avif,image\/webp,image\/apng,*\/*;q=0.8,application\/signed-exchange;v=b3;q=0.7\u003C\/span\u003E\u0022\n  \u003C\/samp\u003E]\n  \u0022\u003Cspan class=sf-dump-key\u003Esec-fetch-site\u003C\/span\u003E\u0022 =\u003E \u003Cspan class=sf-dump-note\u003Earray:1\u003C\/span\u003E [\u003Csamp data-depth=2 class=sf-dump-compact\u003E\n    \u003Cspan class=sf-dump-index\u003E0\u003C\/span\u003E =\u003E \u0022\u003Cspan class=sf-dump-str title=\u00224 characters\u0022\u003Enone\u003C\/span\u003E\u0022\n  \u003C\/samp\u003E]\n  \u0022\u003Cspan class=sf-dump-key\u003Esec-fetch-mode\u003C\/span\u003E\u0022 =\u003E \u003Cspan class=sf-dump-note\u003Earray:1\u003C\/span\u003E [\u003Csamp data-depth=2 class=sf-dump-compact\u003E\n    \u003Cspan class=sf-dump-index\u003E0\u003C\/span\u003E =\u003E \u0022\u003Cspan class=sf-dump-str title=\u00228 characters\u0022\u003Enavigate\u003C\/span\u003E\u0022\n  \u003C\/samp\u003E]\n  \u0022\u003Cspan class=sf-dump-key\u003Esec-fetch-user\u003C\/span\u003E\u0022 =\u003E \u003Cspan class=sf-dump-note\u003Earray:1\u003C\/span\u003E [\u003Csamp data-depth=2 class=sf-dump-compact\u003E\n    \u003Cspan class=sf-dump-index\u003E0\u003C\/span\u003E =\u003E \u0022\u003Cspan class=sf-dump-str title=\u00222 characters\u0022\u003E?1\u003C\/span\u003E\u0022\n  \u003C\/samp\u003E]\n  \u0022\u003Cspan class=sf-dump-key\u003Esec-fetch-dest\u003C\/span\u003E\u0022 =\u003E \u003Cspan class=sf-dump-note\u003Earray:1\u003C\/span\u003E [\u003Csamp data-depth=2 class=sf-dump-compact\u003E\n    \u003Cspan class=sf-dump-index\u003E0\u003C\/span\u003E =\u003E \u0022\u003Cspan class=sf-dump-str title=\u00228 characters\u0022\u003Edocument\u003C\/span\u003E\u0022\n  \u003C\/samp\u003E]\n  \u0022\u003Cspan class=sf-dump-key\u003Eaccept-encoding\u003C\/span\u003E\u0022 =\u003E \u003Cspan class=sf-dump-note\u003Earray:1\u003C\/span\u003E [\u003Csamp data-depth=2 class=sf-dump-compact\u003E\n    \u003Cspan class=sf-dump-index\u003E0\u003C\/span\u003E =\u003E \u0022\u003Cspan class=sf-dump-str title=\u002223 characters\u0022\u003Egzip, deflate, br, zstd\u003C\/span\u003E\u0022\n  \u003C\/samp\u003E]\n\u003C\/samp\u003E]\n\u003C\/pre\u003E\u003Cscript\u003ESfdump(\u0022sf-dump-1490498467\u0022, {\u0022maxDepth\u0022:0})\u003C\/script\u003E\n","request_cookies":"\u003Cpre class=sf-dump id=sf-dump-896165022 data-indent-pad=\u0022  \u0022\u003E[]\n\u003C\/pre\u003E\u003Cscript\u003ESfdump(\u0022sf-dump-896165022\u0022, {\u0022maxDepth\u0022:0})\u003C\/script\u003E\n","response_headers":"\u003Cpre class=sf-dump id=sf-dump-1937879787 data-indent-pad=\u0022  \u0022\u003E\u003Cspan class=sf-dump-note\u003Earray:3\u003C\/span\u003E [\u003Csamp data-depth=1 class=sf-dump-expanded\u003E\n  \u0022\u003Cspan class=sf-dump-key\u003Ecache-control\u003C\/span\u003E\u0022 =\u003E \u003Cspan class=sf-dump-note\u003Earray:1\u003C\/span\u003E [\u003Csamp data-depth=2 class=sf-dump-compact\u003E\n    \u003Cspan class=sf-dump-index\u003E0\u003C\/span\u003E =\u003E \u0022\u003Cspan class=sf-dump-str title=\u002217 characters\u0022\u003Eno-cache, private\u003C\/span\u003E\u0022\n  \u003C\/samp\u003E]\n  \u0022\u003Cspan class=sf-dump-key\u003Edate\u003C\/span\u003E\u0022 =\u003E \u003Cspan class=sf-dump-note\u003Earray:1\u003C\/span\u003E [\u003Csamp data-depth=2 class=sf-dump-compact\u003E\n    \u003Cspan class=sf-dump-index\u003E0\u003C\/span\u003E =\u003E \u0022\u003Cspan class=sf-dump-str title=\u002229 characters\u0022\u003ESun, 30 Nov 2025 15:58:00 GMT\u003C\/span\u003E\u0022\n  \u003C\/samp\u003E]\n  \u0022\u003Cspan class=sf-dump-key\u003Econtent-type\u003C\/span\u003E\u0022 =\u003E \u003Cspan class=sf-dump-note\u003Earray:1\u003C\/span\u003E [\u003Csamp data-depth=2 class=sf-dump-compact\u003E\n    \u003Cspan class=sf-dump-index\u003E0\u003C\/span\u003E =\u003E \u0022\u003Cspan class=sf-dump-str title=\u002224 characters\u0022\u003Etext\/html; charset=utf-8\u003C\/span\u003E\u0022\n  \u003C\/samp\u003E]\n\u003C\/samp\u003E]\n\u003C\/pre\u003E\u003Cscript\u003ESfdump(\u0022sf-dump-1937879787\u0022, {\u0022maxDepth\u0022:0})\u003C\/script\u003E\n","session_attributes":"\u003Cpre class=sf-dump id=sf-dump-1754737823 data-indent-pad=\u0022  \u0022\u003E\u003Cspan class=sf-dump-note\u003Earray:1\u003C\/span\u003E [\u003Csamp data-depth=1 class=sf-dump-expanded\u003E\n  \u0022\u003Cspan class=sf-dump-key\u003E_token\u003C\/span\u003E\u0022 =\u003E \u0022\u003Cspan class=sf-dump-str title=\u002240 characters\u0022\u003EKGqLqYkPZEON2goxdDJZoYmcd7X96RGtWhz5NClr\u003C\/span\u003E\u0022\n\u003C\/samp\u003E]\n\u003C\/pre\u003E\u003Cscript\u003ESfdump(\u0022sf-dump-1754737823\u0022, {\u0022maxDepth\u0022:0})\u003C\/script\u003E\n"},"tooltip":{"status":"200 OK","full_url":"http:\/\/127.0.0.1:8000\/login","action_name":"login","controller_action":"Workbench\\App\\Http\\Controllers\\AuthController@showLogin"},"badge":null}}, "01KBAQREX706W6SCWVQ0S4NH9B");

</script><div class="phpdebugbar phpdebugbar-minimized" data-bodymarginbottom="true" data-theme="light" data-openbtnposition="bottomLeft" data-hideemptytabs="true"><div class="phpdebugbar-drag-capture"></div><div class="phpdebugbar-resize-handle"></div><div class="phpdebugbar-header"><a class="phpdebugbar-restore-btn"></a><div class="phpdebugbar-header-left"><a class="phpdebugbar-tab" data-empty="false" data-collector="request"><i class="phpdebugbar-fa phpdebugbar-fa-tags"></i><span class="phpdebugbar-text">Request</span><span class="phpdebugbar-badge"></span></a><a class="phpdebugbar-tab" data-empty="true" data-collector="messages"><i class="phpdebugbar-fa phpdebugbar-fa-list-alt"></i><span class="phpdebugbar-text">Messages</span><span class="phpdebugbar-badge"></span></a><a class="phpdebugbar-tab" data-empty="false" data-collector="timeline"><i class="phpdebugbar-fa phpdebugbar-fa-tasks"></i><span class="phpdebugbar-text">Timeline</span><span class="phpdebugbar-badge"></span></a><a class="phpdebugbar-tab" data-empty="true" data-collector="exceptions"><i class="phpdebugbar-fa phpdebugbar-fa-bug"></i><span class="phpdebugbar-text">Exceptions</span><span class="phpdebugbar-badge"></span></a><a class="phpdebugbar-tab" data-empty="false" data-collector="views"><i class="phpdebugbar-fa phpdebugbar-fa-leaf"></i><span class="phpdebugbar-text">Views</span><span class="phpdebugbar-badge phpdebugbar-visible">1</span></a><a class="phpdebugbar-tab" data-empty="true" data-collector="queries"><i class="phpdebugbar-fa phpdebugbar-fa-database"></i><span class="phpdebugbar-text">Queries</span><span class="phpdebugbar-badge phpdebugbar-visible">0</span></a><a class="phpdebugbar-tab" data-empty="true" data-collector="models"><i class="phpdebugbar-fa phpdebugbar-fa-cubes"></i><span class="phpdebugbar-text">Models</span><span class="phpdebugbar-badge phpdebugbar-visible">0</span></a><a class="phpdebugbar-tab" data-empty="true" data-collector="emails"><i class="phpdebugbar-fa phpdebugbar-fa-inbox"></i><span class="phpdebugbar-text">Mails</span><span class="phpdebugbar-badge"></span></a><a class="phpdebugbar-tab" data-empty="true" data-collector="gate"><i class="phpdebugbar-fa phpdebugbar-fa-list-alt"></i><span class="phpdebugbar-text">Gate</span><span class="phpdebugbar-badge"></span></a></div><div class="phpdebugbar-header-right"><a class="phpdebugbar-close-btn"></a><a class="phpdebugbar-minimize-btn"></a><a class="phpdebugbar-tab phpdebugbar-tab-settings" data-collector="__settings"><i class="phpdebugbar-fa phpdebugbar-fa-sliders"></i><span class="phpdebugbar-text">Settings</span><span class="phpdebugbar-badge"></span></a><a class="phpdebugbar-maximize-btn"></a><a class="phpdebugbar-open-btn" style=""></a><a class="phpdebugbar-tab phpdebugbar-tab-history" data-collector="__datasets" style="" data-empty="false"><i class="phpdebugbar-fa phpdebugbar-fa-history"></i><span class="phpdebugbar-text">Request history</span><span class="phpdebugbar-badge"></span></a><select class="phpdebugbar-datasets-switcher" name="datasets-switcher"><option value="01KBAQREX706W6SCWVQ0S4NH9B">#1 login (15:58:00)</option></select><span class="phpdebugbar-indicator" style="cursor: pointer;"><i class="phpdebugbar-fa phpdebugbar-fa-clock-o"></i><span class="phpdebugbar-text">15.78ms</span><span class="phpdebugbar-tooltip">Request Duration</span></span><span class="phpdebugbar-indicator"><i class="phpdebugbar-fa phpdebugbar-fa-cogs"></i><span class="phpdebugbar-text">2MB</span><span class="phpdebugbar-tooltip">Memory Usage</span></span><span class="phpdebugbar-indicator"><i class="phpdebugbar-fa phpdebugbar-fa-laravel phpdebugbar-fab"></i><span class="phpdebugbar-text">12.x</span><span class="phpdebugbar-tooltip"><dl><dt>Laravel Version</dt><dd>12.40.2</dd><dt>PHP Version</dt><dd>8.4.15</dd><dt>Environment</dt><dd>local</dd><dt>Debug Mode</dt><dd>Enabled</dd><dt>URL</dt><dd>localhost</dd><dt>Timezone</dt><dd>UTC</dd><dt>Locale</dt><dd>en</dd></dl></span></span><span class="phpdebugbar-indicator" style="cursor: pointer;"><i class="phpdebugbar-fa phpdebugbar-fa-share"></i><span class="phpdebugbar-text">GET login</span><span class="phpdebugbar-tooltip"><dl><dt>status</dt><dd>200 OK</dd><dt>full_url</dt><dd>http://127.0.0.1:8000/login</dd><dt>action_name</dt><dd>login</dd><dt>controller_action</dt><dd>Workbench\App\Http\Controllers\AuthController@showLogin</dd></dl></span></span></div></div><div class="phpdebugbar-body" style="height: 300px;"><div class="phpdebugbar-panel" data-collector="__settings"><form class="phpdebugbar-settings"><div class="phpdebugbar-form-row"><div class="phpdebugbar-form-label">Theme</div><div class="phpdebugbar-form-input"><select><option value="auto">Auto (System preference)</option><option value="light">Light</option><option value="dark">Dark</option></select></div></div><div class="phpdebugbar-form-row"><div class="phpdebugbar-form-label">Open Button Position</div><div class="phpdebugbar-form-input"><select><option value="bottomLeft">Bottom Left</option><option value="bottomRight">Bottom Right</option><option value="topLeft">Top Left</option><option value="topRight">Top Right</option></select></div></div><div class="phpdebugbar-form-row"><div class="phpdebugbar-form-label">Hide Empty Tabs</div><div class="phpdebugbar-form-input"><label><input type="checkbox">Hide empty tabs until they have data</label></div></div><div class="phpdebugbar-form-row"><div class="phpdebugbar-form-label">Autoshow</div><div class="phpdebugbar-form-input"><label><input type="checkbox">Automatically show new incoming Ajax requests</label></div></div><div class="phpdebugbar-form-row"><div class="phpdebugbar-form-label">Reset to defaults</div><div class="phpdebugbar-form-input"><button>Reset settings</button></div></div></form></div><div class="phpdebugbar-panel" data-collector="request"><dl class="phpdebugbar-widgets-kvlist phpdebugbar-widgets-htmlvarlist"><dt class="phpdebugbar-widgets-key"><span title="status">status</span></dt><dd class="phpdebugbar-widgets-value">200 OK</dd><dt class="phpdebugbar-widgets-key"><span title="full_url">full_url</span></dt><dd class="phpdebugbar-widgets-value">http://127.0.0.1:8000/login</dd><dt class="phpdebugbar-widgets-key"><span title="action_name">action_name</span></dt><dd class="phpdebugbar-widgets-value">login</dd><dt class="phpdebugbar-widgets-key"><span title="controller_action">controller_action</span></dt><dd class="phpdebugbar-widgets-value">Workbench\App\Http\Controllers\AuthController@showLogin</dd><dt class="phpdebugbar-widgets-key"><span title="uri">uri</span></dt><dd class="phpdebugbar-widgets-value">GET login</dd><dt class="phpdebugbar-widgets-key"><span title="controller">controller</span></dt><dd class="phpdebugbar-widgets-value">Workbench\App\Http\Controllers\AuthController@showLogin<a href="phpstorm://open?file=%2FUsers%2Fvahan%2FHerd%2Flaravel-react-reactions%2Fpackages%2Ftruefans%2Flaravel-react-reactions%2Fworkbench%2Fapp%2FHttp%2FControllers%2FAuthController.php&amp;line=14" class="phpdebugbar-widgets-editor-link"></a></dd><dt class="phpdebugbar-widgets-key"><span title="file">file</span></dt><dd class="phpdebugbar-widgets-value"><a href="phpstorm://open?file=%2FUsers%2Fvahan%2FHerd%2Flaravel-react-reactions%2Fpackages%2Ftruefans%2Flaravel-react-reactions%2Fworkbench%2Fapp%2FHttp%2FControllers%2FAuthController.php&amp;line=14" onclick="" class="phpdebugbar-widgets-editor-link">Users/vahan/Herd/laravel-react-reactions/packages/truefans/laravel-react-reactions/workbench/app/Http/Controllers/AuthController.php:14-17</a></dd><dt class="phpdebugbar-widgets-key"><span title="middleware">middleware</span></dt><dd class="phpdebugbar-widgets-value">web</dd><dt class="phpdebugbar-widgets-key"><span title="duration">duration</span></dt><dd class="phpdebugbar-widgets-value">15.65ms</dd><dt class="phpdebugbar-widgets-key"><span title="peak_memory">peak_memory</span></dt><dd class="phpdebugbar-widgets-value">2MB</dd><dt class="phpdebugbar-widgets-key"><span title="response">response</span></dt><dd class="phpdebugbar-widgets-value">text/html; charset=utf-8</dd><dt class="phpdebugbar-widgets-key"><span title="request_format">request_format</span></dt><dd class="phpdebugbar-widgets-value">html</dd><dt class="phpdebugbar-widgets-key"><span title="request_query">request_query</span></dt><dd class="phpdebugbar-widgets-value"><pre class="sf-dump" id="sf-dump-842488614" data-indent-pad="  ">[]
</pre><script>Sfdump("sf-dump-842488614", {"maxDepth":0})</script>
</dd><dt class="phpdebugbar-widgets-key"><span title="request_request">request_request</span></dt><dd class="phpdebugbar-widgets-value"><pre class="sf-dump" id="sf-dump-440741587" data-indent-pad="  ">[]
</pre><script>Sfdump("sf-dump-440741587", {"maxDepth":0})</script>
</dd><dt class="phpdebugbar-widgets-key"><span title="request_headers">request_headers</span></dt><dd class="phpdebugbar-widgets-value"><pre class="sf-dump" id="sf-dump-1490498467" data-indent-pad="  " tabindex="0"><div class="sf-dump-search-wrapper sf-dump-search-hidden"> <input type="text" class="sf-dump-search-input"> <span class="sf-dump-search-count">0 of 0</span> <button type="button" class="sf-dump-search-input-previous" tabindex="-1"> <svg viewBox="0 0 1792 1792" xmlns="http://www.w3.org/2000/svg"><path d="M1683 1331l-166 165q-19 19-45 19t-45-19L896 965l-531 531q-19 19-45 19t-45-19l-166-165q-19-19-19-45.5t19-45.5l742-741q19-19 45-19t45 19l742 741q19 19 19 45.5t-19 45.5z"></path></svg> </button> <button type="button" class="sf-dump-search-input-next" tabindex="-1"> <svg viewBox="0 0 1792 1792" xmlns="http://www.w3.org/2000/svg"><path d="M1683 808l-742 741q-19 19-45 19t-45-19L109 808q-19-19-19-45.5t19-45.5l166-165q19-19 45-19t45 19l531 531 531-531q19-19 45-19t45 19l166 165q19 19 19 45.5t-19 45.5z"></path></svg> </button> </div><span class="sf-dump-note">array:14</span> [<a class="sf-dump-ref sf-dump-toggle" title="[Cmd+click] Expand all children"><span>▼</span></a><samp data-depth="1" class="sf-dump-expanded">
  "<span class="sf-dump-key">host</span>" =&gt; <span class="sf-dump-note">array:1</span> [<a class="sf-dump-ref sf-dump-toggle" title="[Cmd+click] Expand all children"><span>▶</span></a><samp data-depth="2" class="sf-dump-compact">
    <span class="sf-dump-index">0</span> =&gt; "<span class="sf-dump-str" title="14 characters">127.0.0.1:8000</span>"
  </samp>]
  "<span class="sf-dump-key">connection</span>" =&gt; <span class="sf-dump-note">array:1</span> [<a class="sf-dump-ref sf-dump-toggle" title="[Cmd+click] Expand all children"><span>▶</span></a><samp data-depth="2" class="sf-dump-compact">
    <span class="sf-dump-index">0</span> =&gt; "<span class="sf-dump-str" title="10 characters">keep-alive</span>"
  </samp>]
  "<span class="sf-dump-key">sec-ch-ua</span>" =&gt; <span class="sf-dump-note">array:1</span> [<a class="sf-dump-ref sf-dump-toggle" title="[Cmd+click] Expand all children"><span>▶</span></a><samp data-depth="2" class="sf-dump-compact">
    <span class="sf-dump-index">0</span> =&gt; "<span class="sf-dump-str" title="66 characters">"HeadlessChrome";v="143", "Chromium";v="143", "Not A(Brand";v="24"</span>"
  </samp>]
  "<span class="sf-dump-key">sec-ch-ua-mobile</span>" =&gt; <span class="sf-dump-note">array:1</span> [<a class="sf-dump-ref sf-dump-toggle" title="[Cmd+click] Expand all children"><span>▶</span></a><samp data-depth="2" class="sf-dump-compact">
    <span class="sf-dump-index">0</span> =&gt; "<span class="sf-dump-str" title="2 characters">?0</span>"
  </samp>]
  "<span class="sf-dump-key">sec-ch-ua-platform</span>" =&gt; <span class="sf-dump-note">array:1</span> [<a class="sf-dump-ref sf-dump-toggle" title="[Cmd+click] Expand all children"><span>▶</span></a><samp data-depth="2" class="sf-dump-compact">
    <span class="sf-dump-index">0</span> =&gt; "<span class="sf-dump-str" title="9 characters">"Windows"</span>"
  </samp>]
  "<span class="sf-dump-key">upgrade-insecure-requests</span>" =&gt; <span class="sf-dump-note">array:1</span> [<a class="sf-dump-ref sf-dump-toggle" title="[Cmd+click] Expand all children"><span>▶</span></a><samp data-depth="2" class="sf-dump-compact">
    <span class="sf-dump-index">0</span> =&gt; "<span class="sf-dump-str">1</span>"
  </samp>]
  "<span class="sf-dump-key">user-agent</span>" =&gt; <span class="sf-dump-note">array:1</span> [<a class="sf-dump-ref sf-dump-toggle" title="[Cmd+click] Expand all children"><span>▶</span></a><samp data-depth="2" class="sf-dump-compact">
    <span class="sf-dump-index">0</span> =&gt; "<span class="sf-dump-str" title="114 characters">Mozilla/5.0 (Windows NT 10.0; Win64; x64) AppleWebKit/537.36 (KHTML, like Gecko) Chrome/143.0.7499.4 Safari/537.36</span>"
  </samp>]
  "<span class="sf-dump-key">accept-language</span>" =&gt; <span class="sf-dump-note">array:1</span> [<a class="sf-dump-ref sf-dump-toggle" title="[Cmd+click] Expand all children"><span>▶</span></a><samp data-depth="2" class="sf-dump-compact">
    <span class="sf-dump-index">0</span> =&gt; "<span class="sf-dump-str" title="5 characters">en-US</span>"
  </samp>]
  "<span class="sf-dump-key">accept</span>" =&gt; <span class="sf-dump-note">array:1</span> [<a class="sf-dump-ref sf-dump-toggle" title="[Cmd+click] Expand all children"><span>▶</span></a><samp data-depth="2" class="sf-dump-compact">
    <span class="sf-dump-index">0</span> =&gt; "<span class="sf-dump-str" title="135 characters">text/html,application/xhtml+xml,application/xml;q=0.9,image/avif,image/webp,image/apng,*/*;q=0.8,application/signed-exchange;v=b3;q=0.7</span>"
  </samp>]
  "<span class="sf-dump-key">sec-fetch-site</span>" =&gt; <span class="sf-dump-note">array:1</span> [<a class="sf-dump-ref sf-dump-toggle" title="[Cmd+click] Expand all children"><span>▶</span></a><samp data-depth="2" class="sf-dump-compact">
    <span class="sf-dump-index">0</span> =&gt; "<span class="sf-dump-str" title="4 characters">none</span>"
  </samp>]
  "<span class="sf-dump-key">sec-fetch-mode</span>" =&gt; <span class="sf-dump-note">array:1</span> [<a class="sf-dump-ref sf-dump-toggle" title="[Cmd+click] Expand all children"><span>▶</span></a><samp data-depth="2" class="sf-dump-compact">
    <span class="sf-dump-index">0</span> =&gt; "<span class="sf-dump-str" title="8 characters">navigate</span>"
  </samp>]
  "<span class="sf-dump-key">sec-fetch-user</span>" =&gt; <span class="sf-dump-note">array:1</span> [<a class="sf-dump-ref sf-dump-toggle" title="[Cmd+click] Expand all children"><span>▶</span></a><samp data-depth="2" class="sf-dump-compact">
    <span class="sf-dump-index">0</span> =&gt; "<span class="sf-dump-str" title="2 characters">?1</span>"
  </samp>]
  "<span class="sf-dump-key">sec-fetch-dest</span>" =&gt; <span class="sf-dump-note">array:1</span> [<a class="sf-dump-ref sf-dump-toggle" title="[Cmd+click] Expand all children"><span>▶</span></a><samp data-depth="2" class="sf-dump-compact">
    <span class="sf-dump-index">0</span> =&gt; "<span class="sf-dump-str" title="8 characters">document</span>"
  </samp>]
  "<span class="sf-dump-key">accept-encoding</span>" =&gt; <span class="sf-dump-note">array:1</span> [<a class="sf-dump-ref sf-dump-toggle" title="[Cmd+click] Expand all children"><span>▶</span></a><samp data-depth="2" class="sf-dump-compact">
    <span class="sf-dump-index">0</span> =&gt; "<span class="sf-dump-str" title="23 characters">gzip, deflate, br, zstd</span>"
  </samp>]
</samp>]
</pre><script>Sfdump("sf-dump-1490498467", {"maxDepth":0})</script>
</dd><dt class="phpdebugbar-widgets-key"><span title="request_cookies">request_cookies</span></dt><dd class="phpdebugbar-widgets-value"><pre class="sf-dump" id="sf-dump-896165022" data-indent-pad="  ">[]
</pre><script>Sfdump("sf-dump-896165022", {"maxDepth":0})</script>
</dd><dt class="phpdebugbar-widgets-key"><span title="response_headers">response_headers</span></dt><dd class="phpdebugbar-widgets-value"><pre class="sf-dump" id="sf-dump-1937879787" data-indent-pad="  " tabindex="0"><div class="sf-dump-search-wrapper sf-dump-search-hidden"> <input type="text" class="sf-dump-search-input"> <span class="sf-dump-search-count">0 of 0</span> <button type="button" class="sf-dump-search-input-previous" tabindex="-1"> <svg viewBox="0 0 1792 1792" xmlns="http://www.w3.org/2000/svg"><path d="M1683 1331l-166 165q-19 19-45 19t-45-19L896 965l-531 531q-19 19-45 19t-45-19l-166-165q-19-19-19-45.5t19-45.5l742-741q19-19 45-19t45 19l742 741q19 19 19 45.5t-19 45.5z"></path></svg> </button> <button type="button" class="sf-dump-search-input-next" tabindex="-1"> <svg viewBox="0 0 1792 1792" xmlns="http://www.w3.org/2000/svg"><path d="M1683 808l-742 741q-19 19-45 19t-45-19L109 808q-19-19-19-45.5t19-45.5l166-165q19-19 45-19t45 19l531 531 531-531q19-19 45-19t45 19l166 165q19 19 19 45.5t-19 45.5z"></path></svg> </button> </div><span class="sf-dump-note">array:3</span> [<a class="sf-dump-ref sf-dump-toggle" title="[Cmd+click] Expand all children"><span>▼</span></a><samp data-depth="1" class="sf-dump-expanded">
  "<span class="sf-dump-key">cache-control</span>" =&gt; <span class="sf-dump-note">array:1</span> [<a class="sf-dump-ref sf-dump-toggle" title="[Cmd+click] Expand all children"><span>▶</span></a><samp data-depth="2" class="sf-dump-compact">
    <span class="sf-dump-index">0</span> =&gt; "<span class="sf-dump-str" title="17 characters">no-cache, private</span>"
  </samp>]
  "<span class="sf-dump-key">date</span>" =&gt; <span class="sf-dump-note">array:1</span> [<a class="sf-dump-ref sf-dump-toggle" title="[Cmd+click] Expand all children"><span>▶</span></a><samp data-depth="2" class="sf-dump-compact">
    <span class="sf-dump-index">0</span> =&gt; "<span class="sf-dump-str" title="29 characters">Sun, 30 Nov 2025 15:58:00 GMT</span>"
  </samp>]
  "<span class="sf-dump-key">content-type</span>" =&gt; <span class="sf-dump-note">array:1</span> [<a class="sf-dump-ref sf-dump-toggle" title="[Cmd+click] Expand all children"><span>▶</span></a><samp data-depth="2" class="sf-dump-compact">
    <span class="sf-dump-index">0</span> =&gt; "<span class="sf-dump-str" title="24 characters">text/html; charset=utf-8</span>"
  </samp>]
</samp>]
</pre><script>Sfdump("sf-dump-1937879787", {"maxDepth":0})</script>
</dd><dt class="phpdebugbar-widgets-key"><span title="session_attributes">session_attributes</span></dt><dd class="phpdebugbar-widgets-value"><pre class="sf-dump" id="sf-dump-1754737823" data-indent-pad="  " tabindex="0"><div class="sf-dump-search-wrapper sf-dump-search-hidden"> <input type="text" class="sf-dump-search-input"> <span class="sf-dump-search-count">0 of 0</span> <button type="button" class="sf-dump-search-input-previous" tabindex="-1"> <svg viewBox="0 0 1792 1792" xmlns="http://www.w3.org/2000/svg"><path d="M1683 1331l-166 165q-19 19-45 19t-45-19L896 965l-531 531q-19 19-45 19t-45-19l-166-165q-19-19-19-45.5t19-45.5l742-741q19-19 45-19t45 19l742 741q19 19 19 45.5t-19 45.5z"></path></svg> </button> <button type="button" class="sf-dump-search-input-next" tabindex="-1"> <svg viewBox="0 0 1792 1792" xmlns="http://www.w3.org/2000/svg"><path d="M1683 808l-742 741q-19 19-45 19t-45-19L109 808q-19-19-19-45.5t19-45.5l166-165q19-19 45-19t45 19l531 531 531-531q19-19 45-19t45 19l166 165q19 19 19 45.5t-19 45.5z"></path></svg> </button> </div><span class="sf-dump-note">array:1</span> [<a class="sf-dump-ref sf-dump-toggle" title="[Cmd+click] Expand all children"><span>▼</span></a><samp data-depth="1" class="sf-dump-expanded">
  "<span class="sf-dump-key">_token</span>" =&gt; "<span class="sf-dump-str" title="40 characters">KGqLqYkPZEON2goxdDJZoYmcd7X96RGtWhz5NClr</span>"
</samp>]
</pre><script>Sfdump("sf-dump-1754737823", {"maxDepth":0})</script>
</dd></dl></div><div class="phpdebugbar-panel" data-collector="messages"><div class="phpdebugbar-widgets-messages"><ul class="phpdebugbar-widgets-list"></ul><div class="phpdebugbar-widgets-toolbar"><i class="phpdebugbar-fa phpdebugbar-fa-search"></i><input type="text" name="search" aria-label="Search" placeholder="Search"><a class="phpdebugbar-widgets-filter" style="visibility: hidden;"></a></div></div></div><div class="phpdebugbar-panel" data-collector="timeline"><ul class="phpdebugbar-widgets-timeline"><li><div class="phpdebugbar-widgets-measure"><span class="phpdebugbar-widgets-value" style="left: 0%; width: 68.71%;"></span><span class="phpdebugbar-widgets-label">Booting (10.84ms)</span><span class="phpdebugbar-widgets-collector">time</span></div></li><li><div class="phpdebugbar-widgets-measure"><span class="phpdebugbar-widgets-value" style="left: 68.78%; width: 31.22%;"></span><span class="phpdebugbar-widgets-label">Application (4.93ms)</span><span class="phpdebugbar-widgets-collector">time</span></div></li><li><div class="phpdebugbar-widgets-measure"><span class="phpdebugbar-widgets-value" style="left: 75.96%; width: 1.67%;"></span><span class="phpdebugbar-widgets-label">Routing (264μs)</span></div></li><li><div class="phpdebugbar-widgets-measure"><span class="phpdebugbar-widgets-value" style="left: 81.38%; width: 17.52%;"></span><span class="phpdebugbar-widgets-label">Preparing Response (2.76ms)</span></div></li><li><div class="phpdebugbar-widgets-measure"><span class="phpdebugbar-widgets-value" style="left: 86.76%; width: 0%;"></span><span class="phpdebugbar-widgets-label">View: Auth/Login</span><span class="phpdebugbar-widgets-collector">views</span></div></li><li><table class="phpdebugbar-widgets-params"><tr><td class="phpdebugbar-widgets-name">1 x Booting (68.71%)</td><td class="phpdebugbar-widgets-value"><div class="phpdebugbar-widgets-measure"><span class="phpdebugbar-widgets-value" style="width: 68.71%;"></span><span class="phpdebugbar-widgets-label">10.84ms</span></div></td></tr><tr><td class="phpdebugbar-widgets-name">1 x Application (31.23%)</td><td class="phpdebugbar-widgets-value"><div class="phpdebugbar-widgets-measure"><span class="phpdebugbar-widgets-value" style="width: 31.23%;"></span><span class="phpdebugbar-widgets-label">4.93ms</span></div></td></tr><tr><td class="phpdebugbar-widgets-name">1 x Preparing Response (17.52%)</td><td class="phpdebugbar-widgets-value"><div class="phpdebugbar-widgets-measure"><span class="phpdebugbar-widgets-value" style="width: 17.52%;"></span><span class="phpdebugbar-widgets-label">2.76ms</span></div></td></tr><tr><td class="phpdebugbar-widgets-name">1 x Routing (1.67%)</td><td class="phpdebugbar-widgets-value"><div class="phpdebugbar-widgets-measure"><span class="phpdebugbar-widgets-value" style="width: 1.67%;"></span><span class="phpdebugbar-widgets-label">264μs</span></div></td></tr><tr><td class="phpdebugbar-widgets-name">1 x View (0%)</td><td class="phpdebugbar-widgets-value"><div class="phpdebugbar-widgets-measure"><span class="phpdebugbar-widgets-value" style="width: 0%;"></span><span class="phpdebugbar-widgets-label">0μs</span></div></td></tr></table></li></ul></div><div class="phpdebugbar-panel" data-collector="exceptions"><div class="phpdebugbar-widgets-exceptions"><ul class="phpdebugbar-widgets-list"></ul></div></div><div class="phpdebugbar-panel" data-collector="views"><div class="phpdebugbar-widgets-templates"><div class="phpdebugbar-widgets-status"><span>1 templates were rendered</span></div><ul class="phpdebugbar-widgets-list"><li class="phpdebugbar-widgets-list-item"><span class="phpdebugbar-widgets-name">Auth/Login</span><span class="phpdebugbar-widgets-filename">app.blade.php#?<a href="phpstorm://open?file=%2FUsers%2Fvahan%2FHerd%2Flaravel-react-reactions%2Fpackages%2Ftruefans%2Flaravel-react-reactions%2Fworkbench%2Fresources%2Fviews%2Fapp.blade.php&amp;line=1" class="phpdebugbar-widgets-editor-link"></a></span><span title="Parameter count" class="phpdebugbar-widgets-param-count"></span><span title="Type" class="phpdebugbar-widgets-type">blade</span></li></ul><div class="phpdebugbar-widgets-callgraph"></div></div></div><div class="phpdebugbar-panel" data-collector="queries"><div class="phpdebugbar-widgets-sqlqueries"><div class="phpdebugbar-widgets-status"><span>0 statements were executed</span><span title="Accumulated duration" class="phpdebugbar-widgets-duration">0μs</span></div><ul class="phpdebugbar-widgets-list"></ul></div></div><div class="phpdebugbar-panel" data-collector="models"><div class="phpdebugbar-widgets-tablevarlist"><table class="phpdebugbar-widgets-tablevar"><tr class="phpdebugbar-widgets-header"><td></td><td>Retrieved</td><td>Created</td><td>Updated</td><td>Deleted</td></tr></table></div></div><div class="phpdebugbar-panel" data-collector="emails"><div class="phpdebugbar-widgets-mails"><ul class="phpdebugbar-widgets-list"></ul></div></div><div class="phpdebugbar-panel" data-collector="gate"><div class="phpdebugbar-widgets-messages"><ul class="phpdebugbar-widgets-list"></ul><div class="phpdebugbar-widgets-toolbar"><i class="phpdebugbar-fa phpdebugbar-fa-search"></i><input type="text" name="search" aria-label="Search" placeholder="Search"><a class="phpdebugbar-widgets-filter" style="visibility: hidden;"></a></div></div></div><div class="phpdebugbar-panel" data-collector="__datasets"><div class="phpdebugbar-widgets-dataset-history"><div class="phpdebugbar-widgets-dataset-actions"><label>Autoshow<input type="checkbox"></label><a>Clear</a><a>Show all</a><select name="method" style="width:100px"><option>(method)</option><option>GET</option><option>POST</option><option>PUT</option><option>DELETE</option></select><input type="text" name="search" aria-label="Search" placeholder="Search"></div><table><thead><tr><th style="width: 30px;"></th><th style="width: 175px;">Date ↕</th><th style="width: 80px;">Method</th><th>URL</th><th width="40%">Data</th></tr></thead><tbody><tr data-id="01KBAQREX706W6SCWVQ0S4NH9B" class="phpdebugbar-widgets-table-row phpdebugbar-widgets-active" style="cursor: pointer;"><td>#1</td><td>2025-11-30 15:58:00</td><td>GET</td><td>/login</td><td><a title="Views"><i class="phpdebugbar-fa phpdebugbar-fa-leaf"></i><span class="phpdebugbar-badge" style="display: inline-block;">1</span></a></td></tr></tbody></table></div></div></div><a class="phpdebugbar-restore-btn" style="display: none;"></a></div><div class="phpdebugbar-openhandler" data-theme="light" style="display: none;"><div class="phpdebugbar-openhandler-header">PHP DebugBar | Open<a><i class="phpdebugbar-fa phpdebugbar-fa-times"></i></a></div><table><thead><tr><th width="155">Date</th><th width="75">Method</th><th>URL</th><th width="125">IP</th><th width="100">Filter data</th></tr></thead><tbody></tbody></table><div class="phpdebugbar-openhandler-actions"><a>Load more</a><a>Show only current URL</a><a>Show all</a><a>Delete all</a><form><br><b>Filter results</b><br><select name="method"><option selected="">(Method)</option><option>GET</option><option>POST</option><option>PUT</option><option>DELETE</option></select><input type="text" name="uri" placeholder="URI"><input type="text" name="ip" placeholder="IP"><button type="submit">Search</button></form></div></div><div class="phpdebugbar-openhandler-overlay" style="display: none;"></div>


<div id="nprogress" style="transition: none; opacity: 1;"><div class="bar" role="bar" style="transform: translate3d(0%, 0px, 0px); transition: 200ms linear;"><div class="peg"></div></div></div></body></html>

[1A[2K[chromium] › tests/Browser/reactions.spec.js:138:5 › Reactions Component › should handle multiple reaction types
PAGE CONTENT: <!DOCTYPE html><html lang="en" class="sf-js-enabled nprogress-busy"><head>
    <meta charset="utf-8">
    <meta name="viewport" content="width=device-width, initial-scale=1">
    <meta name="csrf-token" content="Uoo7ioKcQUxmlHe60GqFVJ9tDH32AQqjExDWjY7K">

    <title inertia="">Login - Laravel</title>

    <script type="module">
    import RefreshRuntime from 'http://localhost:5174/@react-refresh'
    RefreshRuntime.injectIntoGlobalHook(window)
    window.$RefreshReg$ = () => {}
    window.$RefreshSig$ = () => (type) => type
    window.__vite_plugin_react_preamble_installed__ = true
</script>    <script type="module" src="http://localhost:5174/@vite/client"></script><link rel="stylesheet" href="http://localhost:5174/workbench/resources/css/app.css"><script type="module" src="http://localhost:5174/workbench/resources/js/app.jsx"></script>    <link rel="stylesheet" type="text/css" property="stylesheet" href="/_debugbar/assets/stylesheets?v=1763541085" data-turbolinks-eval="false" data-turbo-eval="false"><script src="/_debugbar/assets/javascript?v=1763541085" data-turbolinks-eval="false" data-turbo-eval="false"></script><script data-turbo-eval="false">jQuery.noConflict(true);</script>
<script> Sfdump = window.Sfdump || (function (doc) { doc.documentElement.classList.add('sf-js-enabled'); var rxEsc = /([.*+?^${}()|\[\]\/\\])/g, idRx = /\bsf-dump-\d+-ref[012]\w+\b/, keyHint = 0 <= navigator.platform.toUpperCase().indexOf('MAC') ? 'Cmd' : 'Ctrl', addEventListener = function (e, n, cb) { e.addEventListener(n, cb, false); }; if (!doc.addEventListener) { addEventListener = function (element, eventName, callback) { element.attachEvent('on' + eventName, function (e) { e.preventDefault = function () {e.returnValue = false;}; e.target = e.srcElement; callback(e); }); }; } function toggle(a, recursive) { var s = a.nextSibling || {}, oldClass = s.className, arrow, newClass; if (/\bsf-dump-compact\b/.test(oldClass)) { arrow = '▼'; newClass = 'sf-dump-expanded'; } else if (/\bsf-dump-expanded\b/.test(oldClass)) { arrow = '▶'; newClass = 'sf-dump-compact'; } else { return false; } if (doc.createEvent && s.dispatchEvent) { var event = doc.createEvent('Event'); event.initEvent('sf-dump-expanded' === newClass ? 'sfbeforedumpexpand' : 'sfbeforedumpcollapse', true, false); s.dispatchEvent(event); } a.lastChild.innerHTML = arrow; s.className = s.className.replace(/\bsf-dump-(compact|expanded)\b/, newClass); if (recursive) { try { a = s.querySelectorAll('.'+oldClass); for (s = 0; s < a.length; ++s) { if (-1 == a[s].className.indexOf(newClass)) { a[s].className = newClass; a[s].previousSibling.lastChild.innerHTML = arrow; } } } catch (e) { } } return true; }; function collapse(a, recursive) { var s = a.nextSibling || {}, oldClass = s.className; if (/\bsf-dump-expanded\b/.test(oldClass)) { toggle(a, recursive); return true; } return false; }; function expand(a, recursive) { var s = a.nextSibling || {}, oldClass = s.className; if (/\bsf-dump-compact\b/.test(oldClass)) { toggle(a, recursive); return true; } return false; }; function collapseAll(root) { var a = root.querySelector('a.sf-dump-toggle'); if (a) { collapse(a, true); expand(a); return true; } return false; } function reveal(node) { var previous, parents = []; while ((node = node.parentNode || {}) && (previous = node.previousSibling) && 'A' === previous.tagName) { parents.push(previous); } if (0 !== parents.length) { parents.forEach(function (parent) { expand(parent); }); return true; } return false; } function highlight(root, activeNode, nodes) { resetHighlightedNodes(root); Array.from(nodes||[]).forEach(function (node) { if (!/\bsf-dump-highlight\b/.test(node.className)) { node.className = node.className + ' sf-dump-highlight'; } }); if (!/\bsf-dump-highlight-active\b/.test(activeNode.className)) { activeNode.className = activeNode.className + ' sf-dump-highlight-active'; } } function resetHighlightedNodes(root) { Array.from(root.querySelectorAll('.sf-dump-str, .sf-dump-key, .sf-dump-public, .sf-dump-protected, .sf-dump-private')).forEach(function (strNode) { strNode.className = strNode.className.replace(/\bsf-dump-highlight\b/, ''); strNode.className = strNode.className.replace(/\bsf-dump-highlight-active\b/, ''); }); } return function (root, x) { root = doc.getElementById(root); var indentRx = new RegExp('^('+(root.getAttribute('data-indent-pad') || ' ').replace(rxEsc, '\\$1')+')+', 'm'), options = {"maxDepth":1,"maxStringLength":160,"fileLinkFormat":false}, elt = root.getElementsByTagName('A'), len = elt.length, i = 0, s, h, t = []; while (i < len) t.push(elt[i++]); for (i in x) { options[i] = x[i]; } function a(e, f) { addEventListener(root, e, function (e, n) { if ('A' == e.target.tagName) { f(e.target, e); } else if ('A' == e.target.parentNode.tagName) { f(e.target.parentNode, e); } else { n = /\bsf-dump-ellipsis\b/.test(e.target.className) ? e.target.parentNode : e.target; if ((n = n.nextElementSibling) && 'A' == n.tagName) { if (!/\bsf-dump-toggle\b/.test(n.className)) { n = n.nextElementSibling || n; } f(n, e, true); } } }); }; function isCtrlKey(e) { return e.ctrlKey || e.metaKey; } function xpathString(str) { var parts = str.match(/[^'"]+|['"]/g).map(function (part) { if ("'" == part) { return '"\'"'; } if ('"' == part) { return "'\"'"; } return "'" + part + "'"; }); return "concat(" + parts.join(",") + ", '')"; } function xpathHasClass(className) { return "contains(concat(' ', normalize-space(@class), ' '), ' " + className +" ')"; } a('mouseover', function (a, e, c) { if (c) { e.target.style.cursor = "pointer"; } }); a('click', function (a, e, c) { if (/\bsf-dump-toggle\b/.test(a.className)) { e.preventDefault(); if (!toggle(a, isCtrlKey(e))) { var r = doc.getElementById(a.getAttribute('href').slice(1)), s = r.previousSibling, f = r.parentNode, t = a.parentNode; t.replaceChild(r, a); f.replaceChild(a, s); t.insertBefore(s, r); f = f.firstChild.nodeValue.match(indentRx); t = t.firstChild.nodeValue.match(indentRx); if (f && t && f[0] !== t[0]) { r.innerHTML = r.innerHTML.replace(new RegExp('^'+f[0].replace(rxEsc, '\\$1'), 'mg'), t[0]); } if (/\bsf-dump-compact\b/.test(r.className)) { toggle(s, isCtrlKey(e)); } } if (c) { } else if (doc.getSelection) { try { doc.getSelection().removeAllRanges(); } catch (e) { doc.getSelection().empty(); } } else { doc.selection.empty(); } } else if (/\bsf-dump-str-toggle\b/.test(a.className)) { e.preventDefault(); e = a.parentNode.parentNode; e.className = e.className.replace(/\bsf-dump-str-(expand|collapse)\b/, a.parentNode.className); } }); elt = root.getElementsByTagName('SAMP'); len = elt.length; i = 0; while (i < len) t.push(elt[i++]); len = t.length; for (i = 0; i < len; ++i) { elt = t[i]; if ('SAMP' == elt.tagName) { a = elt.previousSibling || {}; if ('A' != a.tagName) { a = doc.createElement('A'); a.className = 'sf-dump-ref'; elt.parentNode.insertBefore(a, elt); } else { a.innerHTML += ' '; } a.title = (a.title ? a.title+'\n[' : '[')+keyHint+'+click] Expand all children'; a.innerHTML += elt.className == 'sf-dump-compact' ? '<span>▶</span>' : '<span>▼</span>'; a.className += ' sf-dump-toggle'; x = 1; if ('sf-dump' != elt.parentNode.className) { x += elt.parentNode.getAttribute('data-depth')/1; } } else if (/\bsf-dump-ref\b/.test(elt.className) && (a = elt.getAttribute('href'))) { a = a.slice(1); elt.className += ' sf-dump-hover'; elt.className += ' '+a; if (/[\[{]$/.test(elt.previousSibling.nodeValue)) { a = a != elt.nextSibling.id && doc.getElementById(a); try { s = a.nextSibling; elt.appendChild(a); s.parentNode.insertBefore(a, s); if (/^[@#]/.test(elt.innerHTML)) { elt.innerHTML += ' <span>▶</span>'; } else { elt.innerHTML = '<span>▶</span>'; elt.className = 'sf-dump-ref'; } elt.className += ' sf-dump-toggle'; } catch (e) { if ('&' == elt.innerHTML.charAt(0)) { elt.innerHTML = '…'; elt.className = 'sf-dump-ref'; } } } } } if (doc.evaluate && Array.from && root.children.length > 1) { root.setAttribute('tabindex', 0); SearchState = function () { this.nodes = []; this.idx = 0; }; SearchState.prototype = { next: function () { if (this.isEmpty()) { return this.current(); } this.idx = this.idx < (this.nodes.length - 1) ? this.idx + 1 : 0; return this.current(); }, previous: function () { if (this.isEmpty()) { return this.current(); } this.idx = this.idx > 0 ? this.idx - 1 : (this.nodes.length - 1); return this.current(); }, isEmpty: function () { return 0 === this.count(); }, current: function () { if (this.isEmpty()) { return null; } return this.nodes[this.idx]; }, reset: function () { this.nodes = []; this.idx = 0; }, count: function () { return this.nodes.length; }, }; function showCurrent(state) { var currentNode = state.current(), currentRect, searchRect; if (currentNode) { reveal(currentNode); highlight(root, currentNode, state.nodes); if ('scrollIntoView' in currentNode) { currentNode.scrollIntoView(true); currentRect = currentNode.getBoundingClientRect(); searchRect = search.getBoundingClientRect(); if (currentRect.top < (searchRect.top + searchRect.height)) { window.scrollBy(0, -(searchRect.top + searchRect.height + 5)); } } } counter.textContent = (state.isEmpty() ? 0 : state.idx + 1) + ' of ' + state.count(); } var search = doc.createElement('div'); search.className = 'sf-dump-search-wrapper sf-dump-search-hidden'; search.innerHTML = ' <input type="text" class="sf-dump-search-input"> <span class="sf-dump-search-count">0 of 0<\/span> <button type="button" class="sf-dump-search-input-previous" tabindex="-1"> <svg viewBox="0 0 1792 1792" xmlns="http://www.w3.org/2000/svg"><path d="M1683 1331l-166 165q-19 19-45 19t-45-19L896 965l-531 531q-19 19-45 19t-45-19l-166-165q-19-19-19-45.5t19-45.5l742-741q19-19 45-19t45 19l742 741q19 19 19 45.5t-19 45.5z"\/><\/svg> <\/button> <button type="button" class="sf-dump-search-input-next" tabindex="-1"> <svg viewBox="0 0 1792 1792" xmlns="http://www.w3.org/2000/svg"><path d="M1683 808l-742 741q-19 19-45 19t-45-19L109 808q-19-19-19-45.5t19-45.5l166-165q19-19 45-19t45 19l531 531 531-531q19-19 45-19t45 19l166 165q19 19 19 45.5t-19 45.5z"\/><\/svg> <\/button> '; root.insertBefore(search, root.firstChild); var state = new SearchState(); var searchInput = search.querySelector('.sf-dump-search-input'); var counter = search.querySelector('.sf-dump-search-count'); var searchInputTimer = 0; var previousSearchQuery = ''; addEventListener(searchInput, 'keyup', function (e) { var searchQuery = e.target.value; /* Don't perform anything if the pressed key didn't change the query */ if (searchQuery === previousSearchQuery) { return; } previousSearchQuery = searchQuery; clearTimeout(searchInputTimer); searchInputTimer = setTimeout(function () { state.reset(); collapseAll(root); resetHighlightedNodes(root); if ('' === searchQuery) { counter.textContent = '0 of 0'; return; } var classMatches = [ "sf-dump-str", "sf-dump-key", "sf-dump-public", "sf-dump-protected", "sf-dump-private", ].map(xpathHasClass).join(' or '); var xpathResult = doc.evaluate('.//span[' + classMatches + '][contains(translate(child::text(), ' + xpathString(searchQuery.toUpperCase()) + ', ' + xpathString(searchQuery.toLowerCase()) + '), ' + xpathString(searchQuery.toLowerCase()) + ')]', root, null, XPathResult.ORDERED_NODE_ITERATOR_TYPE, null); while (node = xpathResult.iterateNext()) state.nodes.push(node); showCurrent(state); }, 400); }); Array.from(search.querySelectorAll('.sf-dump-search-input-next, .sf-dump-search-input-previous')).forEach(function (btn) { addEventListener(btn, 'click', function (e) { e.preventDefault(); -1 !== e.target.className.indexOf('next') ? state.next() : state.previous(); searchInput.focus(); collapseAll(root); showCurrent(state); }) }); addEventListener(root, 'keydown', function (e) { var isSearchActive = !/\bsf-dump-search-hidden\b/.test(search.className); if ((114 === e.keyCode && !isSearchActive) || (isCtrlKey(e) && 70 === e.keyCode)) { /* F3 or CMD/CTRL + F */ if (70 === e.keyCode && document.activeElement === searchInput) { /* * If CMD/CTRL + F is hit while having focus on search input, * the user probably meant to trigger browser search instead. * Let the browser execute its behavior: */ return; } e.preventDefault(); search.className = search.className.replace(/\bsf-dump-search-hidden\b/, ''); searchInput.focus(); } else if (isSearchActive) { if (27 === e.keyCode) { /* ESC key */ search.className += ' sf-dump-search-hidden'; e.preventDefault(); resetHighlightedNodes(root); searchInput.value = ''; } else if ( (isCtrlKey(e) && 71 === e.keyCode) /* CMD/CTRL + G */ || 13 === e.keyCode /* Enter */ || 114 === e.keyCode /* F3 */ ) { e.preventDefault(); e.shiftKey ? state.previous() : state.next(); collapseAll(root); showCurrent(state); } } }); } if (0 >= options.maxStringLength) { return; } try { elt = root.querySelectorAll('.sf-dump-str'); len = elt.length; i = 0; t = []; while (i < len) t.push(elt[i++]); len = t.length; for (i = 0; i < len; ++i) { elt = t[i]; s = elt.innerText || elt.textContent; x = s.length - options.maxStringLength; if (0 < x) { h = elt.innerHTML; elt[elt.innerText ? 'innerText' : 'textContent'] = s.substring(0, options.maxStringLength); elt.className += ' sf-dump-str-collapse'; elt.innerHTML = '<span class=sf-dump-str-collapse>'+h+'<a class="sf-dump-ref sf-dump-str-toggle" title="Collapse"> ◀</a></span>'+ '<span class=sf-dump-str-expand>'+elt.innerHTML+'<a class="sf-dump-ref sf-dump-str-toggle" title="'+x+' remaining characters"> ▶</a></span>'; } } } catch (e) { } }; })(document); </script><style> .sf-js-enabled .phpdebugbar pre.sf-dump .sf-dump-compact, .sf-js-enabled .sf-dump-str-collapse .sf-dump-str-collapse, .sf-js-enabled .sf-dump-str-expand .sf-dump-str-expand { display: none; } .sf-dump-hover:hover { background-color: #B729D9; color: #FFF !important; border-radius: 2px; } .phpdebugbar pre.sf-dump { display: block; white-space: pre; padding: 5px; overflow: initial !important; } .phpdebugbar pre.sf-dump:after { content: ""; visibility: hidden; display: block; height: 0; clear: both; } .phpdebugbar pre.sf-dump .sf-dump-ellipsization { display: inline-flex; } .phpdebugbar pre.sf-dump a { text-decoration: none; cursor: pointer; border: 0; outline: none; color: inherit; } .phpdebugbar pre.sf-dump img { max-width: 50em; max-height: 50em; margin: .5em 0 0 0; padding: 0; background: url(data:image/png;base64,iVBORw0KGgoAAAANSUhEUgAAABAAAAAQCAAAAAA6mKC9AAAAHUlEQVQY02O8zAABilCaiQEN0EeA8QuUcX9g3QEAAjcC5piyhyEAAAAASUVORK5CYII=) #D3D3D3; } .phpdebugbar pre.sf-dump .sf-dump-ellipsis { text-overflow: ellipsis; white-space: nowrap; overflow: hidden; } .phpdebugbar pre.sf-dump .sf-dump-ellipsis-tail { flex-shrink: 0; } .phpdebugbar pre.sf-dump code { display:inline; padding:0; background:none; } .sf-dump-public.sf-dump-highlight, .sf-dump-protected.sf-dump-highlight, .sf-dump-private.sf-dump-highlight, .sf-dump-str.sf-dump-highlight, .sf-dump-key.sf-dump-highlight { background: rgba(111, 172, 204, 0.3); border: 1px solid #7DA0B1; border-radius: 3px; } .sf-dump-public.sf-dump-highlight-active, .sf-dump-protected.sf-dump-highlight-active, .sf-dump-private.sf-dump-highlight-active, .sf-dump-str.sf-dump-highlight-active, .sf-dump-key.sf-dump-highlight-active { background: rgba(253, 175, 0, 0.4); border: 1px solid #ffa500; border-radius: 3px; } .phpdebugbar pre.sf-dump .sf-dump-search-hidden { display: none !important; } .phpdebugbar pre.sf-dump .sf-dump-search-wrapper { font-size: 0; white-space: nowrap; margin-bottom: 5px; display: flex; position: -webkit-sticky; position: sticky; top: 5px; } .phpdebugbar pre.sf-dump .sf-dump-search-wrapper > * { vertical-align: top; box-sizing: border-box; height: 21px; font-weight: normal; border-radius: 0; background: #FFF; color: #757575; border: 1px solid #BBB; } .phpdebugbar pre.sf-dump .sf-dump-search-wrapper > input.sf-dump-search-input { padding: 3px; height: 21px; font-size: 12px; border-right: none; border-top-left-radius: 3px; border-bottom-left-radius: 3px; color: #000; min-width: 15px; width: 100%; } .phpdebugbar pre.sf-dump .sf-dump-search-wrapper > .sf-dump-search-input-next, .phpdebugbar pre.sf-dump .sf-dump-search-wrapper > .sf-dump-search-input-previous { background: #F2F2F2; outline: none; border-left: none; font-size: 0; line-height: 0; } .phpdebugbar pre.sf-dump .sf-dump-search-wrapper > .sf-dump-search-input-next { border-top-right-radius: 3px; border-bottom-right-radius: 3px; } .phpdebugbar pre.sf-dump .sf-dump-search-wrapper > .sf-dump-search-input-next > svg, .phpdebugbar pre.sf-dump .sf-dump-search-wrapper > .sf-dump-search-input-previous > svg { pointer-events: none; width: 12px; height: 12px; } .phpdebugbar pre.sf-dump .sf-dump-search-wrapper > .sf-dump-search-count { display: inline-block; padding: 0 5px; margin: 0; border-left: none; line-height: 21px; font-size: 12px; }.phpdebugbar pre.sf-dump, .phpdebugbar pre.sf-dump .sf-dump-default{word-wrap: break-word; white-space: pre-wrap; word-break: normal}.phpdebugbar pre.sf-dump .sf-dump-num{font-weight:bold; color:#1299DA}.phpdebugbar pre.sf-dump .sf-dump-const{font-weight:bold}.phpdebugbar pre.sf-dump .sf-dump-str{font-weight:bold; color:#3A9B26}.phpdebugbar pre.sf-dump .sf-dump-note{color:#1299DA}.phpdebugbar pre.sf-dump .sf-dump-ref{color:#7B7B7B}.phpdebugbar pre.sf-dump .sf-dump-public{color:#000000}.phpdebugbar pre.sf-dump .sf-dump-protected{color:#000000}.phpdebugbar pre.sf-dump .sf-dump-private{color:#000000}.phpdebugbar pre.sf-dump .sf-dump-meta{color:#B729D9}.phpdebugbar pre.sf-dump .sf-dump-key{color:#3A9B26}.phpdebugbar pre.sf-dump .sf-dump-index{color:#1299DA}.phpdebugbar pre.sf-dump .sf-dump-ellipsis{color:#A0A000}.phpdebugbar pre.sf-dump .sf-dump-virtual{font-style:italic}.phpdebugbar pre.sf-dump .sf-dump-ns{user-select:none;}.phpdebugbar pre.sf-dump .sf-dump-ellipsis-note{color:#1299DA}.phpdebugbar[data-theme='dark'] pre.sf-dump, pre.sf-dump .sf-dump-default{background-color:#18171B; color:#FF8400; line-height:1.2em; font:12px Menlo, Monaco, Consolas, monospace; word-wrap: break-word; white-space: pre-wrap; position:relative; z-index:99999; word-break: break-all}.phpdebugbar[data-theme='dark'] pre.sf-dump .sf-dump-num{font-weight:bold; color:#1299DA}.phpdebugbar[data-theme='dark'] pre.sf-dump .sf-dump-const{font-weight:bold}.phpdebugbar[data-theme='dark'] pre.sf-dump .sf-dump-virtual{font-style:italic}.phpdebugbar[data-theme='dark'] pre.sf-dump .sf-dump-str{font-weight:bold; color:#56DB3A}.phpdebugbar[data-theme='dark'] pre.sf-dump .sf-dump-note{color:#1299DA}.phpdebugbar[data-theme='dark'] pre.sf-dump .sf-dump-ref{color:#A0A0A0}.phpdebugbar[data-theme='dark'] pre.sf-dump .sf-dump-public{color:#FFFFFF}.phpdebugbar[data-theme='dark'] pre.sf-dump .sf-dump-protected{color:#FFFFFF}.phpdebugbar[data-theme='dark'] pre.sf-dump .sf-dump-private{color:#FFFFFF}.phpdebugbar[data-theme='dark'] pre.sf-dump .sf-dump-meta{color:#B729D9}.phpdebugbar[data-theme='dark'] pre.sf-dump .sf-dump-key{color:#56DB3A}.phpdebugbar[data-theme='dark'] pre.sf-dump .sf-dump-index{color:#1299DA}.phpdebugbar[data-theme='dark'] pre.sf-dump .sf-dump-ellipsis{color:#FF8400}.phpdebugbar[data-theme='dark'] pre.sf-dump .sf-dump-ns{user-select:none;}.phpdebugbar[data-theme='dark'] pre.sf-dump .sf-dump-ellipsis-note{color:#1299DA}</style>
<style type="text/css" data-vite-dev-id="/Users/vahan/Herd/laravel-react-reactions/packages/truefans/laravel-react-reactions/workbench/resources/css/app.css">/*! tailwindcss v4.1.17 | MIT License | https://tailwindcss.com */
@layer properties;
@layer theme, base, components, utilities;
@layer theme {
  :root, :host {
    --font-sans: ui-sans-serif, system-ui, sans-serif, "Apple Color Emoji",
      "Segoe UI Emoji", "Segoe UI Symbol", "Noto Color Emoji";
    --font-mono: ui-monospace, SFMono-Regular, Menlo, Monaco, Consolas, "Liberation Mono",
      "Courier New", monospace;
    --color-red-500: oklch(63.7% 0.237 25.331);
    --color-red-600: oklch(57.7% 0.245 27.325);
    --color-red-700: oklch(50.5% 0.213 27.518);
    --color-amber-50: oklch(98.7% 0.022 95.277);
    --color-amber-100: oklch(96.2% 0.059 95.617);
    --color-amber-200: oklch(92.4% 0.12 95.746);
    --color-amber-800: oklch(47.3% 0.137 46.201);
    --color-amber-900: oklch(41.4% 0.112 45.904);
    --color-yellow-50: oklch(98.7% 0.026 102.212);
    --color-green-500: oklch(72.3% 0.219 149.579);
    --color-blue-100: oklch(93.2% 0.032 255.585);
    --color-blue-600: oklch(54.6% 0.245 262.881);
    --color-indigo-500: oklch(58.5% 0.233 277.117);
    --color-indigo-600: oklch(51.1% 0.262 276.966);
    --color-indigo-700: oklch(45.7% 0.24 277.023);
    --color-gray-50: oklch(98.5% 0.002 247.839);
    --color-gray-100: oklch(96.7% 0.003 264.542);
    --color-gray-200: oklch(92.8% 0.006 264.531);
    --color-gray-300: oklch(87.2% 0.01 258.338);
    --color-gray-400: oklch(70.7% 0.022 261.325);
    --color-gray-500: oklch(55.1% 0.027 264.364);
    --color-gray-600: oklch(44.6% 0.03 256.802);
    --color-gray-700: oklch(37.3% 0.034 259.733);
    --color-gray-800: oklch(27.8% 0.033 256.848);
    --color-gray-900: oklch(21% 0.034 264.665);
    --color-black: #000;
    --color-white: #fff;
    --spacing: 0.25rem;
    --container-md: 28rem;
    --container-lg: 32rem;
    --container-4xl: 56rem;
    --container-5xl: 64rem;
    --text-xs: 0.75rem;
    --text-xs--line-height: calc(1 / 0.75);
    --text-sm: 0.875rem;
    --text-sm--line-height: calc(1.25 / 0.875);
    --text-base: 1rem;
    --text-base--line-height: calc(1.5 / 1);
    --text-lg: 1.125rem;
    --text-lg--line-height: calc(1.75 / 1.125);
    --text-xl: 1.25rem;
    --text-xl--line-height: calc(1.75 / 1.25);
    --text-2xl: 1.5rem;
    --text-2xl--line-height: calc(2 / 1.5);
    --text-3xl: 1.875rem;
    --text-3xl--line-height: calc(2.25 / 1.875);
    --text-4xl: 2.25rem;
    --text-4xl--line-height: calc(2.5 / 2.25);
    --text-6xl: 3.75rem;
    --text-6xl--line-height: 1;
    --font-weight-medium: 500;
    --font-weight-semibold: 600;
    --font-weight-bold: 700;
    --font-weight-extrabold: 800;
    --tracking-tight: -0.025em;
    --leading-relaxed: 1.625;
    --radius-sm: 0.25rem;
    --radius-md: 0.375rem;
    --radius-lg: 0.5rem;
    --radius-xl: 0.75rem;
    --ease-out: cubic-bezier(0, 0, 0.2, 1);
    --animate-spin: spin 1s linear infinite;
    --animate-pulse: pulse 2s cubic-bezier(0.4, 0, 0.6, 1) infinite;
    --default-transition-duration: 150ms;
    --default-transition-timing-function: cubic-bezier(0.4, 0, 0.2, 1);
    --default-font-family: var(--font-sans);
    --default-mono-font-family: var(--font-mono);
  }
}
@layer base {
  *, ::after, ::before, ::backdrop, ::file-selector-button {
    box-sizing: border-box;
    margin: 0;
    padding: 0;
    border: 0 solid;
  }
  html, :host {
    line-height: 1.5;
    -webkit-text-size-adjust: 100%;
    tab-size: 4;
    font-family: var(--default-font-family, ui-sans-serif, system-ui, sans-serif, "Apple Color Emoji", "Segoe UI Emoji", "Segoe UI Symbol", "Noto Color Emoji");
    font-feature-settings: var(--default-font-feature-settings, normal);
    font-variation-settings: var(--default-font-variation-settings, normal);
    -webkit-tap-highlight-color: transparent;
  }
  hr {
    height: 0;
    color: inherit;
    border-top-width: 1px;
  }
  abbr:where([title]) {
    -webkit-text-decoration: underline dotted;
    text-decoration: underline dotted;
  }
  h1, h2, h3, h4, h5, h6 {
    font-size: inherit;
    font-weight: inherit;
  }
  a {
    color: inherit;
    -webkit-text-decoration: inherit;
    text-decoration: inherit;
  }
  b, strong {
    font-weight: bolder;
  }
  code, kbd, samp, pre {
    font-family: var(--default-mono-font-family, ui-monospace, SFMono-Regular, Menlo, Monaco, Consolas, "Liberation Mono", "Courier New", monospace);
    font-feature-settings: var(--default-mono-font-feature-settings, normal);
    font-variation-settings: var(--default-mono-font-variation-settings, normal);
    font-size: 1em;
  }
  small {
    font-size: 80%;
  }
  sub, sup {
    font-size: 75%;
    line-height: 0;
    position: relative;
    vertical-align: baseline;
  }
  sub {
    bottom: -0.25em;
  }
  sup {
    top: -0.5em;
  }
  table {
    text-indent: 0;
    border-color: inherit;
    border-collapse: collapse;
  }
  :-moz-focusring {
    outline: auto;
  }
  progress {
    vertical-align: baseline;
  }
  summary {
    display: list-item;
  }
  ol, ul, menu {
    list-style: none;
  }
  img, svg, video, canvas, audio, iframe, embed, object {
    display: block;
    vertical-align: middle;
  }
  img, video {
    max-width: 100%;
    height: auto;
  }
  button, input, select, optgroup, textarea, ::file-selector-button {
    font: inherit;
    font-feature-settings: inherit;
    font-variation-settings: inherit;
    letter-spacing: inherit;
    color: inherit;
    border-radius: 0;
    background-color: transparent;
    opacity: 1;
  }
  :where(select:is([multiple], [size])) optgroup {
    font-weight: bolder;
  }
  :where(select:is([multiple], [size])) optgroup option {
    padding-inline-start: 20px;
  }
  ::file-selector-button {
    margin-inline-end: 4px;
  }
  ::placeholder {
    opacity: 1;
  }
  @supports (not (-webkit-appearance: -apple-pay-button))  or (contain-intrinsic-size: 1px) {
    ::placeholder {
      color: currentcolor;
      @supports (color: color-mix(in lab, red, red)) {
        color: color-mix(in oklab, currentcolor 50%, transparent);
      }
    }
  }
  textarea {
    resize: vertical;
  }
  ::-webkit-search-decoration {
    -webkit-appearance: none;
  }
  ::-webkit-date-and-time-value {
    min-height: 1lh;
    text-align: inherit;
  }
  ::-webkit-datetime-edit {
    display: inline-flex;
  }
  ::-webkit-datetime-edit-fields-wrapper {
    padding: 0;
  }
  ::-webkit-datetime-edit, ::-webkit-datetime-edit-year-field, ::-webkit-datetime-edit-month-field, ::-webkit-datetime-edit-day-field, ::-webkit-datetime-edit-hour-field, ::-webkit-datetime-edit-minute-field, ::-webkit-datetime-edit-second-field, ::-webkit-datetime-edit-millisecond-field, ::-webkit-datetime-edit-meridiem-field {
    padding-block: 0;
  }
  ::-webkit-calendar-picker-indicator {
    line-height: 1;
  }
  :-moz-ui-invalid {
    box-shadow: none;
  }
  button, input:where([type="button"], [type="reset"], [type="submit"]), ::file-selector-button {
    appearance: button;
  }
  ::-webkit-inner-spin-button, ::-webkit-outer-spin-button {
    height: auto;
  }
  [hidden]:where(:not([hidden="until-found"])) {
    display: none !important;
  }
}
@layer utilities {
  .pointer-events-auto {
    pointer-events: auto;
  }
  .collapse {
    visibility: collapse;
  }
  .visible {
    visibility: visible;
  }
  .absolute {
    position: absolute;
  }
  .fixed {
    position: fixed;
  }
  .relative {
    position: relative;
  }
  .static {
    position: static;
  }
  .sticky {
    position: sticky;
  }
  .inset-0 {
    inset: calc(var(--spacing) * 0);
  }
  .top-0 {
    top: calc(var(--spacing) * 0);
  }
  .top-2 {
    top: calc(var(--spacing) * 2);
  }
  .top-\[50\%\] {
    top: 50%;
  }
  .right-2 {
    right: calc(var(--spacing) * 2);
  }
  .right-3 {
    right: calc(var(--spacing) * 3);
  }
  .right-4 {
    right: calc(var(--spacing) * 4);
  }
  .bottom-3 {
    bottom: calc(var(--spacing) * 3);
  }
  .bottom-4 {
    bottom: calc(var(--spacing) * 4);
  }
  .bottom-full {
    bottom: 100%;
  }
  .left-0 {
    left: calc(var(--spacing) * 0);
  }
  .left-\[50\%\] {
    left: 50%;
  }
  .z-10 {
    z-index: 10;
  }
  .z-50 {
    z-index: 50;
  }
  .z-\[100\] {
    z-index: 100;
  }
  .col-1 {
    grid-column: 1;
  }
  .col-11 {
    grid-column: 11;
  }
  .container {
    width: 100%;
    @media (width >= 40rem) {
      max-width: 40rem;
    }
    @media (width >= 48rem) {
      max-width: 48rem;
    }
    @media (width >= 64rem) {
      max-width: 64rem;
    }
    @media (width >= 80rem) {
      max-width: 80rem;
    }
    @media (width >= 96rem) {
      max-width: 96rem;
    }
  }
  .m-5 {
    margin: calc(var(--spacing) * 5);
  }
  .mx-auto {
    margin-inline: auto;
  }
  .mt-1 {
    margin-top: calc(var(--spacing) * 1);
  }
  .mt-2 {
    margin-top: calc(var(--spacing) * 2);
  }
  .mt-3 {
    margin-top: calc(var(--spacing) * 3);
  }
  .mt-4 {
    margin-top: calc(var(--spacing) * 4);
  }
  .mt-6 {
    margin-top: calc(var(--spacing) * 6);
  }
  .mt-8 {
    margin-top: calc(var(--spacing) * 8);
  }
  .mt-16 {
    margin-top: calc(var(--spacing) * 16);
  }
  .mr-2 {
    margin-right: calc(var(--spacing) * 2);
  }
  .mb-1 {
    margin-bottom: calc(var(--spacing) * 1);
  }
  .mb-2 {
    margin-bottom: calc(var(--spacing) * 2);
  }
  .mb-3 {
    margin-bottom: calc(var(--spacing) * 3);
  }
  .mb-4 {
    margin-bottom: calc(var(--spacing) * 4);
  }
  .mb-6 {
    margin-bottom: calc(var(--spacing) * 6);
  }
  .mb-8 {
    margin-bottom: calc(var(--spacing) * 8);
  }
  .ml-2 {
    margin-left: calc(var(--spacing) * 2);
  }
  .ml-10 {
    margin-left: calc(var(--spacing) * 10);
  }
  .ml-12 {
    margin-left: calc(var(--spacing) * 12);
  }
  .block {
    display: block;
  }
  .contents {
    display: contents;
  }
  .flex {
    display: flex;
  }
  .grid {
    display: grid;
  }
  .hidden {
    display: none;
  }
  .inline {
    display: inline;
  }
  .inline-block {
    display: inline-block;
  }
  .inline-flex {
    display: inline-flex;
  }
  .table {
    display: table;
  }
  .h-2\.5 {
    height: calc(var(--spacing) * 2.5);
  }
  .h-3 {
    height: calc(var(--spacing) * 3);
  }
  .h-4 {
    height: calc(var(--spacing) * 4);
  }
  .h-5 {
    height: calc(var(--spacing) * 5);
  }
  .h-8 {
    height: calc(var(--spacing) * 8);
  }
  .h-9 {
    height: calc(var(--spacing) * 9);
  }
  .h-10 {
    height: calc(var(--spacing) * 10);
  }
  .h-12 {
    height: calc(var(--spacing) * 12);
  }
  .h-16 {
    height: calc(var(--spacing) * 16);
  }
  .h-\[600px\] {
    height: 600px;
  }
  .max-h-48 {
    max-height: calc(var(--spacing) * 48);
  }
  .max-h-96 {
    max-height: calc(var(--spacing) * 96);
  }
  .max-h-\[600px\] {
    max-height: 600px;
  }
  .max-h-screen {
    max-height: 100vh;
  }
  .min-h-screen {
    min-height: 100vh;
  }
  .w-2\.5 {
    width: calc(var(--spacing) * 2.5);
  }
  .w-3 {
    width: calc(var(--spacing) * 3);
  }
  .w-4 {
    width: calc(var(--spacing) * 4);
  }
  .w-5 {
    width: calc(var(--spacing) * 5);
  }
  .w-8 {
    width: calc(var(--spacing) * 8);
  }
  .w-9 {
    width: calc(var(--spacing) * 9);
  }
  .w-10 {
    width: calc(var(--spacing) * 10);
  }
  .w-12 {
    width: calc(var(--spacing) * 12);
  }
  .w-16 {
    width: calc(var(--spacing) * 16);
  }
  .w-32 {
    width: calc(var(--spacing) * 32);
  }
  .w-48 {
    width: calc(var(--spacing) * 48);
  }
  .w-96 {
    width: calc(var(--spacing) * 96);
  }
  .w-full {
    width: 100%;
  }
  .max-w-4xl {
    max-width: var(--container-4xl);
  }
  .max-w-5xl {
    max-width: var(--container-5xl);
  }
  .max-w-lg {
    max-width: var(--container-lg);
  }
  .max-w-md {
    max-width: var(--container-md);
  }
  .max-w-none {
    max-width: none;
  }
  .min-w-0 {
    min-width: calc(var(--spacing) * 0);
  }
  .min-w-\[8rem\] {
    min-width: 8rem;
  }
  .flex-1 {
    flex: 1;
  }
  .flex-shrink-0 {
    flex-shrink: 0;
  }
  .shrink-0 {
    flex-shrink: 0;
  }
  .translate-x-\[-50\%\] {
    --tw-translate-x: -50%;
    translate: var(--tw-translate-x) var(--tw-translate-y);
  }
  .translate-y-\[-50\%\] {
    --tw-translate-y: -50%;
    translate: var(--tw-translate-x) var(--tw-translate-y);
  }
  .scale-95 {
    --tw-scale-x: 95%;
    --tw-scale-y: 95%;
    --tw-scale-z: 95%;
    scale: var(--tw-scale-x) var(--tw-scale-y);
  }
  .scale-100 {
    --tw-scale-x: 100%;
    --tw-scale-y: 100%;
    --tw-scale-z: 100%;
    scale: var(--tw-scale-x) var(--tw-scale-y);
  }
  .scale-110 {
    --tw-scale-x: 110%;
    --tw-scale-y: 110%;
    --tw-scale-z: 110%;
    scale: var(--tw-scale-x) var(--tw-scale-y);
  }
  .transform {
    transform: var(--tw-rotate-x,) var(--tw-rotate-y,) var(--tw-rotate-z,) var(--tw-skew-x,) var(--tw-skew-y,);
  }
  .animate-pulse {
    animation: var(--animate-pulse);
  }
  .animate-spin {
    animation: var(--animate-spin);
  }
  .cursor-not-allowed {
    cursor: not-allowed;
  }
  .cursor-pointer {
    cursor: pointer;
  }
  .resize {
    resize: both;
  }
  .resize-none {
    resize: none;
  }
  .appearance-none {
    appearance: none;
  }
  .flex-col {
    flex-direction: column;
  }
  .flex-col-reverse {
    flex-direction: column-reverse;
  }
  .items-center {
    align-items: center;
  }
  .items-start {
    align-items: flex-start;
  }
  .justify-between {
    justify-content: space-between;
  }
  .justify-center {
    justify-content: center;
  }
  .gap-0\.5 {
    gap: calc(var(--spacing) * 0.5);
  }
  .gap-1 {
    gap: calc(var(--spacing) * 1);
  }
  .gap-1\.5 {
    gap: calc(var(--spacing) * 1.5);
  }
  .gap-2 {
    gap: calc(var(--spacing) * 2);
  }
  .gap-3 {
    gap: calc(var(--spacing) * 3);
  }
  .gap-4 {
    gap: calc(var(--spacing) * 4);
  }
  .-space-y-px {
    :where(& > :not(:last-child)) {
      --tw-space-y-reverse: 0;
      margin-block-start: calc(-1px * var(--tw-space-y-reverse));
      margin-block-end: calc(-1px * calc(1 - var(--tw-space-y-reverse)));
    }
  }
  .space-y-1 {
    :where(& > :not(:last-child)) {
      --tw-space-y-reverse: 0;
      margin-block-start: calc(calc(var(--spacing) * 1) * var(--tw-space-y-reverse));
      margin-block-end: calc(calc(var(--spacing) * 1) * calc(1 - var(--tw-space-y-reverse)));
    }
  }
  .space-y-1\.5 {
    :where(& > :not(:last-child)) {
      --tw-space-y-reverse: 0;
      margin-block-start: calc(calc(var(--spacing) * 1.5) * var(--tw-space-y-reverse));
      margin-block-end: calc(calc(var(--spacing) * 1.5) * calc(1 - var(--tw-space-y-reverse)));
    }
  }
  .space-y-2 {
    :where(& > :not(:last-child)) {
      --tw-space-y-reverse: 0;
      margin-block-start: calc(calc(var(--spacing) * 2) * var(--tw-space-y-reverse));
      margin-block-end: calc(calc(var(--spacing) * 2) * calc(1 - var(--tw-space-y-reverse)));
    }
  }
  .space-y-3 {
    :where(& > :not(:last-child)) {
      --tw-space-y-reverse: 0;
      margin-block-start: calc(calc(var(--spacing) * 3) * var(--tw-space-y-reverse));
      margin-block-end: calc(calc(var(--spacing) * 3) * calc(1 - var(--tw-space-y-reverse)));
    }
  }
  .space-y-4 {
    :where(& > :not(:last-child)) {
      --tw-space-y-reverse: 0;
      margin-block-start: calc(calc(var(--spacing) * 4) * var(--tw-space-y-reverse));
      margin-block-end: calc(calc(var(--spacing) * 4) * calc(1 - var(--tw-space-y-reverse)));
    }
  }
  .space-y-6 {
    :where(& > :not(:last-child)) {
      --tw-space-y-reverse: 0;
      margin-block-start: calc(calc(var(--spacing) * 6) * var(--tw-space-y-reverse));
      margin-block-end: calc(calc(var(--spacing) * 6) * calc(1 - var(--tw-space-y-reverse)));
    }
  }
  .space-y-8 {
    :where(& > :not(:last-child)) {
      --tw-space-y-reverse: 0;
      margin-block-start: calc(calc(var(--spacing) * 8) * var(--tw-space-y-reverse));
      margin-block-end: calc(calc(var(--spacing) * 8) * calc(1 - var(--tw-space-y-reverse)));
    }
  }
  .space-x-4 {
    :where(& > :not(:last-child)) {
      --tw-space-x-reverse: 0;
      margin-inline-start: calc(calc(var(--spacing) * 4) * var(--tw-space-x-reverse));
      margin-inline-end: calc(calc(var(--spacing) * 4) * calc(1 - var(--tw-space-x-reverse)));
    }
  }
  .truncate {
    overflow: hidden;
    text-overflow: ellipsis;
    white-space: nowrap;
  }
  .overflow-auto {
    overflow: auto;
  }
  .overflow-hidden {
    overflow: hidden;
  }
  .overflow-x-auto {
    overflow-x: auto;
  }
  .overflow-y-auto {
    overflow-y: auto;
  }
  .rounded {
    border-radius: 0.25rem;
  }
  .rounded-full {
    border-radius: calc(infinity * 1px);
  }
  .rounded-lg {
    border-radius: var(--radius-lg);
  }
  .rounded-md {
    border-radius: var(--radius-md);
  }
  .rounded-sm {
    border-radius: var(--radius-sm);
  }
  .rounded-xl {
    border-radius: var(--radius-xl);
  }
  .border {
    border-style: var(--tw-border-style);
    border-width: 1px;
  }
  .border-2 {
    border-style: var(--tw-border-style);
    border-width: 2px;
  }
  .border-t {
    border-top-style: var(--tw-border-style);
    border-top-width: 1px;
  }
  .border-b {
    border-bottom-style: var(--tw-border-style);
    border-bottom-width: 1px;
  }
  .border-amber-200 {
    border-color: var(--color-amber-200);
  }
  .border-gray-100 {
    border-color: var(--color-gray-100);
  }
  .border-gray-200 {
    border-color: var(--color-gray-200);
  }
  .border-gray-300 {
    border-color: var(--color-gray-300);
  }
  .border-green-500 {
    border-color: var(--color-green-500);
  }
  .border-red-500 {
    border-color: var(--color-red-500);
  }
  .border-transparent {
    border-color: transparent;
  }
  .border-white {
    border-color: var(--color-white);
  }
  .border-t-transparent {
    border-top-color: transparent;
  }
  .bg-amber-100 {
    background-color: var(--color-amber-100);
  }
  .bg-black\/0 {
    background-color: color-mix(in srgb, #000 0%, transparent);
    @supports (color: color-mix(in lab, red, red)) {
      background-color: color-mix(in oklab, var(--color-black) 0%, transparent);
    }
  }
  .bg-black\/50 {
    background-color: color-mix(in srgb, #000 50%, transparent);
    @supports (color: color-mix(in lab, red, red)) {
      background-color: color-mix(in oklab, var(--color-black) 50%, transparent);
    }
  }
  .bg-black\/80 {
    background-color: color-mix(in srgb, #000 80%, transparent);
    @supports (color: color-mix(in lab, red, red)) {
      background-color: color-mix(in oklab, var(--color-black) 80%, transparent);
    }
  }
  .bg-blue-100 {
    background-color: var(--color-blue-100);
  }
  .bg-gray-50 {
    background-color: var(--color-gray-50);
  }
  .bg-gray-100 {
    background-color: var(--color-gray-100);
  }
  .bg-gray-200 {
    background-color: var(--color-gray-200);
  }
  .bg-gray-900 {
    background-color: var(--color-gray-900);
  }
  .bg-green-500 {
    background-color: var(--color-green-500);
  }
  .bg-indigo-600 {
    background-color: var(--color-indigo-600);
  }
  .bg-red-500 {
    background-color: var(--color-red-500);
  }
  .bg-red-600 {
    background-color: var(--color-red-600);
  }
  .bg-transparent {
    background-color: transparent;
  }
  .bg-white {
    background-color: var(--color-white);
  }
  .bg-gradient-to-br {
    --tw-gradient-position: to bottom right in oklab;
    background-image: linear-gradient(var(--tw-gradient-stops));
  }
  .bg-gradient-to-r {
    --tw-gradient-position: to right in oklab;
    background-image: linear-gradient(var(--tw-gradient-stops));
  }
  .from-amber-50 {
    --tw-gradient-from: var(--color-amber-50);
    --tw-gradient-stops: var(--tw-gradient-via-stops, var(--tw-gradient-position), var(--tw-gradient-from) var(--tw-gradient-from-position), var(--tw-gradient-to) var(--tw-gradient-to-position));
  }
  .from-gray-50 {
    --tw-gradient-from: var(--color-gray-50);
    --tw-gradient-stops: var(--tw-gradient-via-stops, var(--tw-gradient-position), var(--tw-gradient-from) var(--tw-gradient-from-position), var(--tw-gradient-to) var(--tw-gradient-to-position));
  }
  .from-gray-700 {
    --tw-gradient-from: var(--color-gray-700);
    --tw-gradient-stops: var(--tw-gradient-via-stops, var(--tw-gradient-position), var(--tw-gradient-from) var(--tw-gradient-from-position), var(--tw-gradient-to) var(--tw-gradient-to-position));
  }
  .to-gray-100 {
    --tw-gradient-to: var(--color-gray-100);
    --tw-gradient-stops: var(--tw-gradient-via-stops, var(--tw-gradient-position), var(--tw-gradient-from) var(--tw-gradient-from-position), var(--tw-gradient-to) var(--tw-gradient-to-position));
  }
  .to-gray-900 {
    --tw-gradient-to: var(--color-gray-900);
    --tw-gradient-stops: var(--tw-gradient-via-stops, var(--tw-gradient-position), var(--tw-gradient-from) var(--tw-gradient-from-position), var(--tw-gradient-to) var(--tw-gradient-to-position));
  }
  .to-yellow-50 {
    --tw-gradient-to: var(--color-yellow-50);
    --tw-gradient-stops: var(--tw-gradient-via-stops, var(--tw-gradient-position), var(--tw-gradient-from) var(--tw-gradient-from-position), var(--tw-gradient-to) var(--tw-gradient-to-position));
  }
  .p-1 {
    padding: calc(var(--spacing) * 1);
  }
  .p-1\.5 {
    padding: calc(var(--spacing) * 1.5);
  }
  .p-2 {
    padding: calc(var(--spacing) * 2);
  }
  .p-2\.5 {
    padding: calc(var(--spacing) * 2.5);
  }
  .p-3 {
    padding: calc(var(--spacing) * 3);
  }
  .p-4 {
    padding: calc(var(--spacing) * 4);
  }
  .p-6 {
    padding: calc(var(--spacing) * 6);
  }
  .p-8 {
    padding: calc(var(--spacing) * 8);
  }
  .px-2 {
    padding-inline: calc(var(--spacing) * 2);
  }
  .px-3 {
    padding-inline: calc(var(--spacing) * 3);
  }
  .px-4 {
    padding-inline: calc(var(--spacing) * 4);
  }
  .px-6 {
    padding-inline: calc(var(--spacing) * 6);
  }
  .px-8 {
    padding-inline: calc(var(--spacing) * 8);
  }
  .py-1 {
    padding-block: calc(var(--spacing) * 1);
  }
  .py-1\.5 {
    padding-block: calc(var(--spacing) * 1.5);
  }
  .py-2 {
    padding-block: calc(var(--spacing) * 2);
  }
  .py-2\.5 {
    padding-block: calc(var(--spacing) * 2.5);
  }
  .py-3 {
    padding-block: calc(var(--spacing) * 3);
  }
  .py-4 {
    padding-block: calc(var(--spacing) * 4);
  }
  .py-8 {
    padding-block: calc(var(--spacing) * 8);
  }
  .py-12 {
    padding-block: calc(var(--spacing) * 12);
  }
  .py-16 {
    padding-block: calc(var(--spacing) * 16);
  }
  .pt-0 {
    padding-top: calc(var(--spacing) * 0);
  }
  .pt-4 {
    padding-top: calc(var(--spacing) * 4);
  }
  .pt-6 {
    padding-top: calc(var(--spacing) * 6);
  }
  .pr-8 {
    padding-right: calc(var(--spacing) * 8);
  }
  .pr-12 {
    padding-right: calc(var(--spacing) * 12);
  }
  .pl-8 {
    padding-left: calc(var(--spacing) * 8);
  }
  .text-center {
    text-align: center;
  }
  .text-end {
    text-align: end;
  }
  .text-left {
    text-align: left;
  }
  .text-right {
    text-align: right;
  }
  .font-mono {
    font-family: var(--font-mono);
  }
  .font-sans {
    font-family: var(--font-sans);
  }
  .text-2xl {
    font-size: var(--text-2xl);
    line-height: var(--tw-leading, var(--text-2xl--line-height));
  }
  .text-3xl {
    font-size: var(--text-3xl);
    line-height: var(--tw-leading, var(--text-3xl--line-height));
  }
  .text-4xl {
    font-size: var(--text-4xl);
    line-height: var(--tw-leading, var(--text-4xl--line-height));
  }
  .text-6xl {
    font-size: var(--text-6xl);
    line-height: var(--tw-leading, var(--text-6xl--line-height));
  }
  .text-base {
    font-size: var(--text-base);
    line-height: var(--tw-leading, var(--text-base--line-height));
  }
  .text-lg {
    font-size: var(--text-lg);
    line-height: var(--tw-leading, var(--text-lg--line-height));
  }
  .text-sm {
    font-size: var(--text-sm);
    line-height: var(--tw-leading, var(--text-sm--line-height));
  }
  .text-xl {
    font-size: var(--text-xl);
    line-height: var(--tw-leading, var(--text-xl--line-height));
  }
  .text-xs {
    font-size: var(--text-xs);
    line-height: var(--tw-leading, var(--text-xs--line-height));
  }
  .leading-none {
    --tw-leading: 1;
    line-height: 1;
  }
  .leading-relaxed {
    --tw-leading: var(--leading-relaxed);
    line-height: var(--leading-relaxed);
  }
  .font-bold {
    --tw-font-weight: var(--font-weight-bold);
    font-weight: var(--font-weight-bold);
  }
  .font-extrabold {
    --tw-font-weight: var(--font-weight-extrabold);
    font-weight: var(--font-weight-extrabold);
  }
  .font-medium {
    --tw-font-weight: var(--font-weight-medium);
    font-weight: var(--font-weight-medium);
  }
  .font-semibold {
    --tw-font-weight: var(--font-weight-semibold);
    font-weight: var(--font-weight-semibold);
  }
  .tracking-tight {
    --tw-tracking: var(--tracking-tight);
    letter-spacing: var(--tracking-tight);
  }
  .whitespace-nowrap {
    white-space: nowrap;
  }
  .whitespace-pre-wrap {
    white-space: pre-wrap;
  }
  .text-amber-800 {
    color: var(--color-amber-800);
  }
  .text-amber-900 {
    color: var(--color-amber-900);
  }
  .text-blue-600 {
    color: var(--color-blue-600);
  }
  .text-gray-300 {
    color: var(--color-gray-300);
  }
  .text-gray-400 {
    color: var(--color-gray-400);
  }
  .text-gray-500 {
    color: var(--color-gray-500);
  }
  .text-gray-600 {
    color: var(--color-gray-600);
  }
  .text-gray-700 {
    color: var(--color-gray-700);
  }
  .text-gray-800 {
    color: var(--color-gray-800);
  }
  .text-gray-900 {
    color: var(--color-gray-900);
  }
  .text-indigo-600 {
    color: var(--color-indigo-600);
  }
  .text-red-500 {
    color: var(--color-red-500);
  }
  .text-red-600 {
    color: var(--color-red-600);
  }
  .text-white {
    color: var(--color-white);
  }
  .text-white\/50 {
    color: color-mix(in srgb, #fff 50%, transparent);
    @supports (color: color-mix(in lab, red, red)) {
      color: color-mix(in oklab, var(--color-white) 50%, transparent);
    }
  }
  .underline {
    text-decoration-line: underline;
  }
  .underline-offset-4 {
    text-underline-offset: 4px;
  }
  .antialiased {
    -webkit-font-smoothing: antialiased;
    -moz-osx-font-smoothing: grayscale;
  }
  .placeholder-gray-500 {
    &::placeholder {
      color: var(--color-gray-500);
    }
  }
  .opacity-0 {
    opacity: 0%;
  }
  .opacity-50 {
    opacity: 50%;
  }
  .opacity-90 {
    opacity: 90%;
  }
  .opacity-100 {
    opacity: 100%;
  }
  .shadow {
    --tw-shadow: 0 1px 3px 0 var(--tw-shadow-color, rgb(0 0 0 / 0.1)), 0 1px 2px -1px var(--tw-shadow-color, rgb(0 0 0 / 0.1));
    box-shadow: var(--tw-inset-shadow), var(--tw-inset-ring-shadow), var(--tw-ring-offset-shadow), var(--tw-ring-shadow), var(--tw-shadow);
  }
  .shadow-lg {
    --tw-shadow: 0 10px 15px -3px var(--tw-shadow-color, rgb(0 0 0 / 0.1)), 0 4px 6px -4px var(--tw-shadow-color, rgb(0 0 0 / 0.1));
    box-shadow: var(--tw-inset-shadow), var(--tw-inset-ring-shadow), var(--tw-ring-offset-shadow), var(--tw-ring-shadow), var(--tw-shadow);
  }
  .shadow-md {
    --tw-shadow: 0 4px 6px -1px var(--tw-shadow-color, rgb(0 0 0 / 0.1)), 0 2px 4px -2px var(--tw-shadow-color, rgb(0 0 0 / 0.1));
    box-shadow: var(--tw-inset-shadow), var(--tw-inset-ring-shadow), var(--tw-ring-offset-shadow), var(--tw-ring-shadow), var(--tw-shadow);
  }
  .shadow-sm {
    --tw-shadow: 0 1px 3px 0 var(--tw-shadow-color, rgb(0 0 0 / 0.1)), 0 1px 2px -1px var(--tw-shadow-color, rgb(0 0 0 / 0.1));
    box-shadow: var(--tw-inset-shadow), var(--tw-inset-ring-shadow), var(--tw-ring-offset-shadow), var(--tw-ring-shadow), var(--tw-shadow);
  }
  .shadow-xl {
    --tw-shadow: 0 20px 25px -5px var(--tw-shadow-color, rgb(0 0 0 / 0.1)), 0 8px 10px -6px var(--tw-shadow-color, rgb(0 0 0 / 0.1));
    box-shadow: var(--tw-inset-shadow), var(--tw-inset-ring-shadow), var(--tw-ring-offset-shadow), var(--tw-ring-shadow), var(--tw-shadow);
  }
  .ring-offset-white {
    --tw-ring-offset-color: var(--color-white);
  }
  .outline {
    outline-style: var(--tw-outline-style);
    outline-width: 1px;
  }
  .blur {
    --tw-blur: blur(8px);
    filter: var(--tw-blur,) var(--tw-brightness,) var(--tw-contrast,) var(--tw-grayscale,) var(--tw-hue-rotate,) var(--tw-invert,) var(--tw-saturate,) var(--tw-sepia,) var(--tw-drop-shadow,);
  }
  .invert {
    --tw-invert: invert(100%);
    filter: var(--tw-blur,) var(--tw-brightness,) var(--tw-contrast,) var(--tw-grayscale,) var(--tw-hue-rotate,) var(--tw-invert,) var(--tw-saturate,) var(--tw-sepia,) var(--tw-drop-shadow,);
  }
  .filter {
    filter: var(--tw-blur,) var(--tw-brightness,) var(--tw-contrast,) var(--tw-grayscale,) var(--tw-hue-rotate,) var(--tw-invert,) var(--tw-saturate,) var(--tw-sepia,) var(--tw-drop-shadow,);
  }
  .transition {
    transition-property: color, background-color, border-color, outline-color, text-decoration-color, fill, stroke, --tw-gradient-from, --tw-gradient-via, --tw-gradient-to, opacity, box-shadow, transform, translate, scale, rotate, filter, -webkit-backdrop-filter, backdrop-filter, display, content-visibility, overlay, pointer-events;
    transition-timing-function: var(--tw-ease, var(--default-transition-timing-function));
    transition-duration: var(--tw-duration, var(--default-transition-duration));
  }
  .transition-all {
    transition-property: all;
    transition-timing-function: var(--tw-ease, var(--default-transition-timing-function));
    transition-duration: var(--tw-duration, var(--default-transition-duration));
  }
  .transition-colors {
    transition-property: color, background-color, border-color, outline-color, text-decoration-color, fill, stroke, --tw-gradient-from, --tw-gradient-via, --tw-gradient-to;
    transition-timing-function: var(--tw-ease, var(--default-transition-timing-function));
    transition-duration: var(--tw-duration, var(--default-transition-duration));
  }
  .transition-opacity {
    transition-property: opacity;
    transition-timing-function: var(--tw-ease, var(--default-transition-timing-function));
    transition-duration: var(--tw-duration, var(--default-transition-duration));
  }
  .transition-shadow {
    transition-property: box-shadow;
    transition-timing-function: var(--tw-ease, var(--default-transition-timing-function));
    transition-duration: var(--tw-duration, var(--default-transition-duration));
  }
  .duration-200 {
    --tw-duration: 200ms;
    transition-duration: 200ms;
  }
  .ease-out {
    --tw-ease: var(--ease-out);
    transition-timing-function: var(--ease-out);
  }
  .outline-none {
    --tw-outline-style: none;
    outline-style: none;
  }
  .select-none {
    -webkit-user-select: none;
    user-select: none;
  }
  .\[program\:laravel-worker\] {
    program: laravel-worker;
  }
  .group-hover\:opacity-100 {
    &:is(:where(.group):hover *) {
      @media (hover: hover) {
        opacity: 100%;
      }
    }
  }
  .hover\:scale-105 {
    &:hover {
      @media (hover: hover) {
        --tw-scale-x: 105%;
        --tw-scale-y: 105%;
        --tw-scale-z: 105%;
        scale: var(--tw-scale-x) var(--tw-scale-y);
      }
    }
  }
  .hover\:scale-125 {
    &:hover {
      @media (hover: hover) {
        --tw-scale-x: 125%;
        --tw-scale-y: 125%;
        --tw-scale-z: 125%;
        scale: var(--tw-scale-x) var(--tw-scale-y);
      }
    }
  }
  .hover\:bg-gray-50 {
    &:hover {
      @media (hover: hover) {
        background-color: var(--color-gray-50);
      }
    }
  }
  .hover\:bg-gray-100 {
    &:hover {
      @media (hover: hover) {
        background-color: var(--color-gray-100);
      }
    }
  }
  .hover\:bg-gray-200 {
    &:hover {
      @media (hover: hover) {
        background-color: var(--color-gray-200);
      }
    }
  }
  .hover\:bg-gray-800 {
    &:hover {
      @media (hover: hover) {
        background-color: var(--color-gray-800);
      }
    }
  }
  .hover\:bg-indigo-700 {
    &:hover {
      @media (hover: hover) {
        background-color: var(--color-indigo-700);
      }
    }
  }
  .hover\:bg-red-700 {
    &:hover {
      @media (hover: hover) {
        background-color: var(--color-red-700);
      }
    }
  }
  .hover\:text-amber-900 {
    &:hover {
      @media (hover: hover) {
        color: var(--color-amber-900);
      }
    }
  }
  .hover\:text-blue-600 {
    &:hover {
      @media (hover: hover) {
        color: var(--color-blue-600);
      }
    }
  }
  .hover\:text-gray-900 {
    &:hover {
      @media (hover: hover) {
        color: var(--color-gray-900);
      }
    }
  }
  .hover\:text-white {
    &:hover {
      @media (hover: hover) {
        color: var(--color-white);
      }
    }
  }
  .hover\:underline {
    &:hover {
      @media (hover: hover) {
        text-decoration-line: underline;
      }
    }
  }
  .hover\:shadow-md {
    &:hover {
      @media (hover: hover) {
        --tw-shadow: 0 4px 6px -1px var(--tw-shadow-color, rgb(0 0 0 / 0.1)), 0 2px 4px -2px var(--tw-shadow-color, rgb(0 0 0 / 0.1));
        box-shadow: var(--tw-inset-shadow), var(--tw-inset-ring-shadow), var(--tw-ring-offset-shadow), var(--tw-ring-shadow), var(--tw-shadow);
      }
    }
  }
  .hover\:ring-2 {
    &:hover {
      @media (hover: hover) {
        --tw-ring-shadow: var(--tw-ring-inset,) 0 0 0 calc(2px + var(--tw-ring-offset-width)) var(--tw-ring-color, currentcolor);
        box-shadow: var(--tw-inset-shadow), var(--tw-inset-ring-shadow), var(--tw-ring-offset-shadow), var(--tw-ring-shadow), var(--tw-shadow);
      }
    }
  }
  .hover\:ring-gray-900 {
    &:hover {
      @media (hover: hover) {
        --tw-ring-color: var(--color-gray-900);
      }
    }
  }
  .hover\:ring-offset-1 {
    &:hover {
      @media (hover: hover) {
        --tw-ring-offset-width: 1px;
        --tw-ring-offset-shadow: var(--tw-ring-inset,) 0 0 0 var(--tw-ring-offset-width) var(--tw-ring-offset-color);
      }
    }
  }
  .hover\:ring-offset-2 {
    &:hover {
      @media (hover: hover) {
        --tw-ring-offset-width: 2px;
        --tw-ring-offset-shadow: var(--tw-ring-inset,) 0 0 0 var(--tw-ring-offset-width) var(--tw-ring-offset-color);
      }
    }
  }
  .focus\:z-10 {
    &:focus {
      z-index: 10;
    }
  }
  .focus\:border-indigo-500 {
    &:focus {
      border-color: var(--color-indigo-500);
    }
  }
  .focus\:border-transparent {
    &:focus {
      border-color: transparent;
    }
  }
  .focus\:opacity-100 {
    &:focus {
      opacity: 100%;
    }
  }
  .focus\:ring-2 {
    &:focus {
      --tw-ring-shadow: var(--tw-ring-inset,) 0 0 0 calc(2px + var(--tw-ring-offset-width)) var(--tw-ring-color, currentcolor);
      box-shadow: var(--tw-inset-shadow), var(--tw-inset-ring-shadow), var(--tw-ring-offset-shadow), var(--tw-ring-shadow), var(--tw-shadow);
    }
  }
  .focus\:ring-gray-900 {
    &:focus {
      --tw-ring-color: var(--color-gray-900);
    }
  }
  .focus\:ring-indigo-500 {
    &:focus {
      --tw-ring-color: var(--color-indigo-500);
    }
  }
  .focus\:ring-offset-2 {
    &:focus {
      --tw-ring-offset-width: 2px;
      --tw-ring-offset-shadow: var(--tw-ring-inset,) 0 0 0 var(--tw-ring-offset-width) var(--tw-ring-offset-color);
    }
  }
  .focus\:outline-none {
    &:focus {
      --tw-outline-style: none;
      outline-style: none;
    }
  }
  .focus-visible\:ring-1 {
    &:focus-visible {
      --tw-ring-shadow: var(--tw-ring-inset,) 0 0 0 calc(1px + var(--tw-ring-offset-width)) var(--tw-ring-color, currentcolor);
      box-shadow: var(--tw-inset-shadow), var(--tw-inset-ring-shadow), var(--tw-ring-offset-shadow), var(--tw-ring-shadow), var(--tw-shadow);
    }
  }
  .focus-visible\:outline-none {
    &:focus-visible {
      --tw-outline-style: none;
      outline-style: none;
    }
  }
  .active\:bg-gray-200 {
    &:active {
      background-color: var(--color-gray-200);
    }
  }
  .disabled\:pointer-events-none {
    &:disabled {
      pointer-events: none;
    }
  }
  .disabled\:cursor-not-allowed {
    &:disabled {
      cursor: not-allowed;
    }
  }
  .disabled\:opacity-50 {
    &:disabled {
      opacity: 50%;
    }
  }
  .data-\[disabled\]\:pointer-events-none {
    &[data-disabled] {
      pointer-events: none;
    }
  }
  .data-\[disabled\]\:opacity-50 {
    &[data-disabled] {
      opacity: 50%;
    }
  }
  .data-\[swipe\=cancel\]\:translate-x-0 {
    &[data-swipe="cancel"] {
      --tw-translate-x: calc(var(--spacing) * 0);
      translate: var(--tw-translate-x) var(--tw-translate-y);
    }
  }
  .data-\[swipe\=end\]\:translate-x-\[var\(--radix-toast-swipe-end-x\)\] {
    &[data-swipe="end"] {
      --tw-translate-x: var(--radix-toast-swipe-end-x);
      translate: var(--tw-translate-x) var(--tw-translate-y);
    }
  }
  .data-\[swipe\=move\]\:translate-x-\[var\(--radix-toast-swipe-move-x\)\] {
    &[data-swipe="move"] {
      --tw-translate-x: var(--radix-toast-swipe-move-x);
      translate: var(--tw-translate-x) var(--tw-translate-y);
    }
  }
  .data-\[swipe\=move\]\:transition-none {
    &[data-swipe="move"] {
      transition-property: none;
    }
  }
  .sm\:top-auto {
    @media (width >= 40rem) {
      top: auto;
    }
  }
  .sm\:right-0 {
    @media (width >= 40rem) {
      right: calc(var(--spacing) * 0);
    }
  }
  .sm\:bottom-0 {
    @media (width >= 40rem) {
      bottom: calc(var(--spacing) * 0);
    }
  }
  .sm\:mt-0 {
    @media (width >= 40rem) {
      margin-top: calc(var(--spacing) * 0);
    }
  }
  .sm\:flex-col {
    @media (width >= 40rem) {
      flex-direction: column;
    }
  }
  .sm\:flex-row {
    @media (width >= 40rem) {
      flex-direction: row;
    }
  }
  .sm\:justify-end {
    @media (width >= 40rem) {
      justify-content: flex-end;
    }
  }
  .sm\:space-x-2 {
    @media (width >= 40rem) {
      :where(& > :not(:last-child)) {
        --tw-space-x-reverse: 0;
        margin-inline-start: calc(calc(var(--spacing) * 2) * var(--tw-space-x-reverse));
        margin-inline-end: calc(calc(var(--spacing) * 2) * calc(1 - var(--tw-space-x-reverse)));
      }
    }
  }
  .sm\:rounded-lg {
    @media (width >= 40rem) {
      border-radius: var(--radius-lg);
    }
  }
  .sm\:px-6 {
    @media (width >= 40rem) {
      padding-inline: calc(var(--spacing) * 6);
    }
  }
  .sm\:text-left {
    @media (width >= 40rem) {
      text-align: left;
    }
  }
  .sm\:text-sm {
    @media (width >= 40rem) {
      font-size: var(--text-sm);
      line-height: var(--tw-leading, var(--text-sm--line-height));
    }
  }
  .md\:max-w-\[420px\] {
    @media (width >= 48rem) {
      max-width: 420px;
    }
  }
  .lg\:px-8 {
    @media (width >= 64rem) {
      padding-inline: calc(var(--spacing) * 8);
    }
  }
  .\[\&_svg\]\:pointer-events-none {
    & svg {
      pointer-events: none;
    }
  }
  .\[\&_svg\]\:size-4 {
    & svg {
      width: calc(var(--spacing) * 4);
      height: calc(var(--spacing) * 4);
    }
  }
  .\[\&_svg\]\:shrink-0 {
    & svg {
      flex-shrink: 0;
    }
  }
}
@property --tw-translate-x {
  syntax: "*";
  inherits: false;
  initial-value: 0;
}
@property --tw-translate-y {
  syntax: "*";
  inherits: false;
  initial-value: 0;
}
@property --tw-translate-z {
  syntax: "*";
  inherits: false;
  initial-value: 0;
}
@property --tw-scale-x {
  syntax: "*";
  inherits: false;
  initial-value: 1;
}
@property --tw-scale-y {
  syntax: "*";
  inherits: false;
  initial-value: 1;
}
@property --tw-scale-z {
  syntax: "*";
  inherits: false;
  initial-value: 1;
}
@property --tw-rotate-x {
  syntax: "*";
  inherits: false;
}
@property --tw-rotate-y {
  syntax: "*";
  inherits: false;
}
@property --tw-rotate-z {
  syntax: "*";
  inherits: false;
}
@property --tw-skew-x {
  syntax: "*";
  inherits: false;
}
@property --tw-skew-y {
  syntax: "*";
  inherits: false;
}
@property --tw-space-y-reverse {
  syntax: "*";
  inherits: false;
  initial-value: 0;
}
@property --tw-space-x-reverse {
  syntax: "*";
  inherits: false;
  initial-value: 0;
}
@property --tw-border-style {
  syntax: "*";
  inherits: false;
  initial-value: solid;
}
@property --tw-gradient-position {
  syntax: "*";
  inherits: false;
}
@property --tw-gradient-from {
  syntax: "<color>";
  inherits: false;
  initial-value: #0000;
}
@property --tw-gradient-via {
  syntax: "<color>";
  inherits: false;
  initial-value: #0000;
}
@property --tw-gradient-to {
  syntax: "<color>";
  inherits: false;
  initial-value: #0000;
}
@property --tw-gradient-stops {
  syntax: "*";
  inherits: false;
}
@property --tw-gradient-via-stops {
  syntax: "*";
  inherits: false;
}
@property --tw-gradient-from-position {
  syntax: "<length-percentage>";
  inherits: false;
  initial-value: 0%;
}
@property --tw-gradient-via-position {
  syntax: "<length-percentage>";
  inherits: false;
  initial-value: 50%;
}
@property --tw-gradient-to-position {
  syntax: "<length-percentage>";
  inherits: false;
  initial-value: 100%;
}
@property --tw-leading {
  syntax: "*";
  inherits: false;
}
@property --tw-font-weight {
  syntax: "*";
  inherits: false;
}
@property --tw-tracking {
  syntax: "*";
  inherits: false;
}
@property --tw-shadow {
  syntax: "*";
  inherits: false;
  initial-value: 0 0 #0000;
}
@property --tw-shadow-color {
  syntax: "*";
  inherits: false;
}
@property --tw-shadow-alpha {
  syntax: "<percentage>";
  inherits: false;
  initial-value: 100%;
}
@property --tw-inset-shadow {
  syntax: "*";
  inherits: false;
  initial-value: 0 0 #0000;
}
@property --tw-inset-shadow-color {
  syntax: "*";
  inherits: false;
}
@property --tw-inset-shadow-alpha {
  syntax: "<percentage>";
  inherits: false;
  initial-value: 100%;
}
@property --tw-ring-color {
  syntax: "*";
  inherits: false;
}
@property --tw-ring-shadow {
  syntax: "*";
  inherits: false;
  initial-value: 0 0 #0000;
}
@property --tw-inset-ring-color {
  syntax: "*";
  inherits: false;
}
@property --tw-inset-ring-shadow {
  syntax: "*";
  inherits: false;
  initial-value: 0 0 #0000;
}
@property --tw-ring-inset {
  syntax: "*";
  inherits: false;
}
@property --tw-ring-offset-width {
  syntax: "<length>";
  inherits: false;
  initial-value: 0px;
}
@property --tw-ring-offset-color {
  syntax: "*";
  inherits: false;
  initial-value: #fff;
}
@property --tw-ring-offset-shadow {
  syntax: "*";
  inherits: false;
  initial-value: 0 0 #0000;
}
@property --tw-outline-style {
  syntax: "*";
  inherits: false;
  initial-value: solid;
}
@property --tw-blur {
  syntax: "*";
  inherits: false;
}
@property --tw-brightness {
  syntax: "*";
  inherits: false;
}
@property --tw-contrast {
  syntax: "*";
  inherits: false;
}
@property --tw-grayscale {
  syntax: "*";
  inherits: false;
}
@property --tw-hue-rotate {
  syntax: "*";
  inherits: false;
}
@property --tw-invert {
  syntax: "*";
  inherits: false;
}
@property --tw-opacity {
  syntax: "*";
  inherits: false;
}
@property --tw-saturate {
  syntax: "*";
  inherits: false;
}
@property --tw-sepia {
  syntax: "*";
  inherits: false;
}
@property --tw-drop-shadow {
  syntax: "*";
  inherits: false;
}
@property --tw-drop-shadow-color {
  syntax: "*";
  inherits: false;
}
@property --tw-drop-shadow-alpha {
  syntax: "<percentage>";
  inherits: false;
  initial-value: 100%;
}
@property --tw-drop-shadow-size {
  syntax: "*";
  inherits: false;
}
@property --tw-duration {
  syntax: "*";
  inherits: false;
}
@property --tw-ease {
  syntax: "*";
  inherits: false;
}
@keyframes spin {
  to {
    transform: rotate(360deg);
  }
}
@keyframes pulse {
  50% {
    opacity: 0.5;
  }
}
@layer properties {
  @supports ((-webkit-hyphens: none) and (not (margin-trim: inline))) or ((-moz-orient: inline) and (not (color:rgb(from red r g b)))) {
    *, ::before, ::after, ::backdrop {
      --tw-translate-x: 0;
      --tw-translate-y: 0;
      --tw-translate-z: 0;
      --tw-scale-x: 1;
      --tw-scale-y: 1;
      --tw-scale-z: 1;
      --tw-rotate-x: initial;
      --tw-rotate-y: initial;
      --tw-rotate-z: initial;
      --tw-skew-x: initial;
      --tw-skew-y: initial;
      --tw-space-y-reverse: 0;
      --tw-space-x-reverse: 0;
      --tw-border-style: solid;
      --tw-gradient-position: initial;
      --tw-gradient-from: #0000;
      --tw-gradient-via: #0000;
      --tw-gradient-to: #0000;
      --tw-gradient-stops: initial;
      --tw-gradient-via-stops: initial;
      --tw-gradient-from-position: 0%;
      --tw-gradient-via-position: 50%;
      --tw-gradient-to-position: 100%;
      --tw-leading: initial;
      --tw-font-weight: initial;
      --tw-tracking: initial;
      --tw-shadow: 0 0 #0000;
      --tw-shadow-color: initial;
      --tw-shadow-alpha: 100%;
      --tw-inset-shadow: 0 0 #0000;
      --tw-inset-shadow-color: initial;
      --tw-inset-shadow-alpha: 100%;
      --tw-ring-color: initial;
      --tw-ring-shadow: 0 0 #0000;
      --tw-inset-ring-color: initial;
      --tw-inset-ring-shadow: 0 0 #0000;
      --tw-ring-inset: initial;
      --tw-ring-offset-width: 0px;
      --tw-ring-offset-color: #fff;
      --tw-ring-offset-shadow: 0 0 #0000;
      --tw-outline-style: solid;
      --tw-blur: initial;
      --tw-brightness: initial;
      --tw-contrast: initial;
      --tw-grayscale: initial;
      --tw-hue-rotate: initial;
      --tw-invert: initial;
      --tw-opacity: initial;
      --tw-saturate: initial;
      --tw-sepia: initial;
      --tw-drop-shadow: initial;
      --tw-drop-shadow-color: initial;
      --tw-drop-shadow-alpha: 100%;
      --tw-drop-shadow-size: initial;
      --tw-duration: initial;
      --tw-ease: initial;
    }
  }
}
</style><style>
    #nprogress {
      pointer-events: none;
    }

    #nprogress .bar {
      background: #4B5563;

      position: fixed;
      z-index: 1031;
      top: 0;
      left: 0;

      width: 100%;
      height: 2px;
    }

    #nprogress .peg {
      display: block;
      position: absolute;
      right: 0px;
      width: 100px;
      height: 100%;
      box-shadow: 0 0 10px #4B5563, 0 0 5px #4B5563;
      opacity: 1.0;

      transform: rotate(3deg) translate(0px, -4px);
    }

    #nprogress .spinner {
      display: block;
      position: fixed;
      z-index: 1031;
      top: 15px;
      right: 15px;
    }

    #nprogress .spinner-icon {
      width: 18px;
      height: 18px;
      box-sizing: border-box;

      border: solid 2px transparent;
      border-top-color: #4B5563;
      border-left-color: #4B5563;
      border-radius: 50%;

      animation: nprogress-spinner 400ms linear infinite;
    }

    .nprogress-custom-parent {
      overflow: hidden;
      position: relative;
    }

    .nprogress-custom-parent #nprogress .spinner,
    .nprogress-custom-parent #nprogress .bar {
      position: absolute;
    }

    @keyframes nprogress-spinner {
      0%   { transform: rotate(0deg); }
      100% { transform: rotate(360deg); }
    }
  </style></head>

<body class="font-sans antialiased" style="margin-bottom: 32px;">
    <div id="app" data-page="{&quot;component&quot;:&quot;Auth\/Login&quot;,&quot;props&quot;:[],&quot;url&quot;:&quot;\/login&quot;,&quot;version&quot;:&quot;&quot;,&quot;clearHistory&quot;:false,&quot;encryptHistory&quot;:false}"><div class="min-h-screen bg-gradient-to-br from-gray-50 to-gray-100"><header class="bg-white border-b border-gray-200 sticky top-0 z-10 shadow-sm"><div class="max-w-5xl mx-auto px-4 py-4"><div class="flex items-center justify-between"><div><h1 class="text-2xl font-bold text-gray-900">Reactions Demo</h1><p class="text-sm text-gray-500 mt-1">Facebook-like reaction system</p></div><a class="inline-flex items-center gap-2 px-6 py-2.5 text-sm font-medium text-white bg-gray-900 hover:bg-gray-800 rounded-lg transition-colors shadow-sm" href="/login"><svg xmlns="http://www.w3.org/2000/svg" width="24" height="24" viewBox="0 0 24 24" fill="none" stroke="currentColor" stroke-width="2" stroke-linecap="round" stroke-linejoin="round" class="lucide lucide-user w-4 h-4" aria-hidden="true"><path d="M19 21v-2a4 4 0 0 0-4-4H9a4 4 0 0 0-4 4v2"></path><circle cx="12" cy="7" r="4"></circle></svg>Login to React</a></div></div></header><main class="max-w-5xl mx-auto px-4 py-8"><div class="mb-8 p-6 bg-gradient-to-r from-amber-50 to-yellow-50 border border-amber-200 rounded-xl shadow-sm"><div class="flex items-start gap-4"><div class="flex-shrink-0 w-10 h-10 bg-amber-100 rounded-full flex items-center justify-center"><span class="text-xl">💡</span></div><div><h3 class="text-sm font-semibold text-amber-900 mb-1">Login Required</h3><p class="text-sm text-amber-800">You need to be logged in to add reactions to posts. <a class="underline font-medium hover:text-amber-900" href="/login">Click here to login</a></p></div></div></div><div class="space-y-6"><article class="bg-white rounded-xl shadow-sm border border-gray-200 overflow-hidden hover:shadow-md transition-shadow"><div class="p-6"><h2 class="text-xl font-bold text-gray-900 mb-3">Welcome to Our Reaction System!</h2><p class="text-gray-600 leading-relaxed mb-6">This is a demonstration of our Facebook-like reaction system. Hover over the Like button to see all available reactions! You can express yourself with 👍 Like, ❤️ Love, 😂 Haha, 😮 Wow, 😢 Sad, or 😠 Angry.</p><div class="pt-4 border-t border-gray-100"><div class="flex items-center gap-3"><button data-testid="reaction-button-like" class="
                            group inline-flex items-center gap-1.5 px-3 py-1.5 rounded-md font-medium text-sm transition-all duration-200
                            bg-gray-900 text-white hover:bg-gray-800 shadow-sm
                            cursor-pointer hover:scale-105
                        " type="button" id="radix-_r_0_" aria-haspopup="menu" aria-expanded="false" data-state="closed"><span class="text-base">👍</span><span class="font-medium text-sm">Like</span></button><div class="flex items-center gap-1.5"><button data-testid="reaction-count-haha" class="
                                    inline-flex items-center gap-1 px-2 py-1 rounded-full text-xs font-medium transition-all
                                    bg-gray-100 text-gray-700 hover:bg-gray-200
                                    cursor-pointer hover:scale-105
                                "><span class="text-base">😂</span><span>13</span></button><button data-testid="reaction-count-love" class="
                                    inline-flex items-center gap-1 px-2 py-1 rounded-full text-xs font-medium transition-all
                                    bg-gray-100 text-gray-700 hover:bg-gray-200
                                    cursor-pointer hover:scale-105
                                "><span class="text-base">❤️</span><span>11</span></button><button data-testid="reaction-count-angry" class="
                                    inline-flex items-center gap-1 px-2 py-1 rounded-full text-xs font-medium transition-all
                                    bg-gray-100 text-gray-700 hover:bg-gray-200
                                    cursor-pointer hover:scale-105
                                "><span class="text-base">😠</span><span>8</span></button><button data-testid="reaction-count-like" class="
                                    inline-flex items-center gap-1 px-2 py-1 rounded-full text-xs font-medium transition-all
                                    bg-gray-900 text-white shadow-sm
                                    cursor-pointer hover:scale-105
                                "><span class="text-base">👍</span><span>7</span></button><button data-testid="reaction-count-sad" class="
                                    inline-flex items-center gap-1 px-2 py-1 rounded-full text-xs font-medium transition-all
                                    bg-gray-100 text-gray-700 hover:bg-gray-200
                                    cursor-pointer hover:scale-105
                                "><span class="text-base">😢</span><span>6</span></button><button data-testid="reaction-count-wow" class="
                                    inline-flex items-center gap-1 px-2 py-1 rounded-full text-xs font-medium transition-all
                                    bg-gray-100 text-gray-700 hover:bg-gray-200
                                    cursor-pointer hover:scale-105
                                "><span class="text-base">😮</span><span>5</span></button><button class="p-1.5 hover:bg-gray-100 rounded-full transition-colors" title="See who reacted"><svg xmlns="http://www.w3.org/2000/svg" width="24" height="24" viewBox="0 0 24 24" fill="none" stroke="currentColor" stroke-width="2" stroke-linecap="round" stroke-linejoin="round" class="lucide lucide-chevron-down w-4 h-4 text-gray-600" aria-hidden="true"><path d="m6 9 6 6 6-6"></path></svg></button></div></div></div><div class="pt-6 border-t border-gray-100 mt-6"><div class="space-y-3"><div class="flex items-center justify-between"><div class="flex items-center gap-2"><svg xmlns="http://www.w3.org/2000/svg" width="24" height="24" viewBox="0 0 24 24" fill="none" stroke="currentColor" stroke-width="2" stroke-linecap="round" stroke-linejoin="round" class="lucide lucide-message-square w-4 h-4 text-gray-600" aria-hidden="true"><path d="M22 17a2 2 0 0 1-2 2H6.828a2 2 0 0 0-1.414.586l-2.202 2.202A.71.71 0 0 1 2 21.286V5a2 2 0 0 1 2-2h16a2 2 0 0 1 2 2z"></path></svg><h3 class="text-base font-semibold text-gray-900">Comments (36)</h3></div><button data-testid="add-comment-button" class="px-3 py-1.5 text-sm font-medium text-white bg-gray-900 rounded-md hover:bg-gray-800 transition-colors">Add Comment</button></div><div class="space-y-2"><div class=""><div class="bg-white rounded-md border border-gray-200 p-3"><div class="flex items-start justify-between mb-2"><div class="flex items-center gap-2"><div class="w-8 h-8 bg-gradient-to-br from-gray-700 to-gray-900 rounded-full flex items-center justify-center text-white font-semibold text-sm flex-shrink-0 cursor-pointer hover:ring-2 hover:ring-gray-900 hover:ring-offset-1 transition-all">T</div><div><div class="flex items-center gap-1.5"><span class="text-sm font-semibold text-gray-900 cursor-pointer hover:underline">Test User</span></div><span class="text-xs text-gray-500">Nov 30, 2025, 07:57 PM</span></div></div><button class="p-1 hover:bg-gray-100 rounded-full transition-colors" type="button" id="radix-_r_2_" aria-haspopup="menu" aria-expanded="false" data-state="closed"><svg xmlns="http://www.w3.org/2000/svg" width="24" height="24" viewBox="0 0 24 24" fill="none" stroke="currentColor" stroke-width="2" stroke-linecap="round" stroke-linejoin="round" class="lucide lucide-ellipsis-vertical w-4 h-4 text-gray-600" aria-hidden="true"><circle cx="12" cy="12" r="1"></circle><circle cx="12" cy="5" r="1"></circle><circle cx="12" cy="19" r="1"></circle></svg></button></div><p class="text-sm text-gray-800 whitespace-pre-wrap mb-2">Test comment 1764518241645</p><div class="flex items-center gap-3"><div class="flex items-center gap-3"><button data-testid="reaction-button-like" class="
                            group inline-flex items-center gap-1.5 px-3 py-1.5 rounded-md font-medium text-sm transition-all duration-200
                            bg-white text-gray-700 hover:bg-gray-50 border border-gray-300
                            cursor-pointer hover:scale-105
                        " type="button" id="radix-_r_4_" aria-haspopup="menu" aria-expanded="false" data-state="closed"><span class="text-base">👍</span><span class="font-medium text-sm">Like</span></button></div><button data-testid="reply-button" class="flex items-center gap-1 text-sm text-gray-600 hover:text-gray-900 transition-colors"><svg xmlns="http://www.w3.org/2000/svg" width="24" height="24" viewBox="0 0 24 24" fill="none" stroke="currentColor" stroke-width="2" stroke-linecap="round" stroke-linejoin="round" class="lucide lucide-reply w-4 h-4" aria-hidden="true"><path d="M20 18v-2a4 4 0 0 0-4-4H4"></path><path d="m9 17-5-5 5-5"></path></svg>Reply</button></div></div></div><div class=""><div class="bg-white rounded-md border border-gray-200 p-3"><div class="flex items-start justify-between mb-2"><div class="flex items-center gap-2"><div class="w-8 h-8 bg-gradient-to-br from-gray-700 to-gray-900 rounded-full flex items-center justify-center text-white font-semibold text-sm flex-shrink-0 cursor-pointer hover:ring-2 hover:ring-gray-900 hover:ring-offset-1 transition-all">T</div><div><div class="flex items-center gap-1.5"><span class="text-sm font-semibold text-gray-900 cursor-pointer hover:underline">Test User</span></div><span class="text-xs text-gray-500">Nov 30, 2025, 07:54 PM</span></div></div><button class="p-1 hover:bg-gray-100 rounded-full transition-colors" type="button" id="radix-_r_9_" aria-haspopup="menu" aria-expanded="false" data-state="closed"><svg xmlns="http://www.w3.org/2000/svg" width="24" height="24" viewBox="0 0 24 24" fill="none" stroke="currentColor" stroke-width="2" stroke-linecap="round" stroke-linejoin="round" class="lucide lucide-ellipsis-vertical w-4 h-4 text-gray-600" aria-hidden="true"><circle cx="12" cy="12" r="1"></circle><circle cx="12" cy="5" r="1"></circle><circle cx="12" cy="19" r="1"></circle></svg></button></div><p class="text-sm text-gray-800 whitespace-pre-wrap mb-2">Test comment 1764518097186</p><div class="flex items-center gap-3"><div class="flex items-center gap-3"><button data-testid="reaction-button-like" class="
                            group inline-flex items-center gap-1.5 px-3 py-1.5 rounded-md font-medium text-sm transition-all duration-200
                            bg-white text-gray-700 hover:bg-gray-50 border border-gray-300
                            cursor-pointer hover:scale-105
                        " type="button" id="radix-_r_b_" aria-haspopup="menu" aria-expanded="false" data-state="closed"><span class="text-base">👍</span><span class="font-medium text-sm">Like</span></button></div><button data-testid="reply-button" class="flex items-center gap-1 text-sm text-gray-600 hover:text-gray-900 transition-colors"><svg xmlns="http://www.w3.org/2000/svg" width="24" height="24" viewBox="0 0 24 24" fill="none" stroke="currentColor" stroke-width="2" stroke-linecap="round" stroke-linejoin="round" class="lucide lucide-reply w-4 h-4" aria-hidden="true"><path d="M20 18v-2a4 4 0 0 0-4-4H4"></path><path d="m9 17-5-5 5-5"></path></svg>Reply</button></div></div><div class="mt-2 space-y-2"><div class="ml-10"><div class="bg-white rounded-md border border-gray-200 p-3"><div class="flex items-start justify-between mb-2"><div class="flex items-center gap-2"><div class="w-8 h-8 bg-gradient-to-br from-gray-700 to-gray-900 rounded-full flex items-center justify-center text-white font-semibold text-sm flex-shrink-0 cursor-pointer hover:ring-2 hover:ring-gray-900 hover:ring-offset-1 transition-all">T</div><div><div class="flex items-center gap-1.5"><span class="text-sm font-semibold text-gray-900 cursor-pointer hover:underline">Test User</span></div><span class="text-xs text-gray-500">Nov 30, 2025, 07:57 PM</span></div></div><button class="p-1 hover:bg-gray-100 rounded-full transition-colors" type="button" id="radix-_r_d_" aria-haspopup="menu" aria-expanded="false" data-state="closed"><svg xmlns="http://www.w3.org/2000/svg" width="24" height="24" viewBox="0 0 24 24" fill="none" stroke="currentColor" stroke-width="2" stroke-linecap="round" stroke-linejoin="round" class="lucide lucide-ellipsis-vertical w-4 h-4 text-gray-600" aria-hidden="true"><circle cx="12" cy="12" r="1"></circle><circle cx="12" cy="5" r="1"></circle><circle cx="12" cy="19" r="1"></circle></svg></button></div><p class="text-sm text-gray-800 whitespace-pre-wrap mb-2">Test reply 1764518242023</p><div class="flex items-center gap-3"><div class="flex items-center gap-3"><button data-testid="reaction-button-like" class="
                            group inline-flex items-center gap-1.5 px-3 py-1.5 rounded-md font-medium text-sm transition-all duration-200
                            bg-white text-gray-700 hover:bg-gray-50 border border-gray-300
                            cursor-pointer hover:scale-105
                        " type="button" id="radix-_r_f_" aria-haspopup="menu" aria-expanded="false" data-state="closed"><span class="text-base">👍</span><span class="font-medium text-sm">Like</span></button></div></div></div></div></div></div><div class=""><div class="bg-white rounded-md border border-gray-200 p-3"><div class="flex items-start justify-between mb-2"><div class="flex items-center gap-2"><div class="w-8 h-8 bg-gradient-to-br from-gray-700 to-gray-900 rounded-full flex items-center justify-center text-white font-semibold text-sm flex-shrink-0 cursor-pointer hover:ring-2 hover:ring-gray-900 hover:ring-offset-1 transition-all">T</div><div><div class="flex items-center gap-1.5"><span class="text-sm font-semibold text-gray-900 cursor-pointer hover:underline">Test User</span></div><span class="text-xs text-gray-500">Nov 30, 2025, 07:52 PM</span></div></div><button class="p-1 hover:bg-gray-100 rounded-full transition-colors" type="button" id="radix-_r_n_" aria-haspopup="menu" aria-expanded="false" data-state="closed"><svg xmlns="http://www.w3.org/2000/svg" width="24" height="24" viewBox="0 0 24 24" fill="none" stroke="currentColor" stroke-width="2" stroke-linecap="round" stroke-linejoin="round" class="lucide lucide-ellipsis-vertical w-4 h-4 text-gray-600" aria-hidden="true"><circle cx="12" cy="12" r="1"></circle><circle cx="12" cy="5" r="1"></circle><circle cx="12" cy="19" r="1"></circle></svg></button></div><p class="text-sm text-gray-800 whitespace-pre-wrap mb-2">Test comment 1764517923365</p><div class="flex items-center gap-3"><div class="flex items-center gap-3"><button data-testid="reaction-button-like" class="
                            group inline-flex items-center gap-1.5 px-3 py-1.5 rounded-md font-medium text-sm transition-all duration-200
                            bg-white text-gray-700 hover:bg-gray-50 border border-gray-300
                            cursor-pointer hover:scale-105
                        " type="button" id="radix-_r_p_" aria-haspopup="menu" aria-expanded="false" data-state="closed"><span class="text-base">👍</span><span class="font-medium text-sm">Like</span></button></div><button data-testid="reply-button" class="flex items-center gap-1 text-sm text-gray-600 hover:text-gray-900 transition-colors"><svg xmlns="http://www.w3.org/2000/svg" width="24" height="24" viewBox="0 0 24 24" fill="none" stroke="currentColor" stroke-width="2" stroke-linecap="round" stroke-linejoin="round" class="lucide lucide-reply w-4 h-4" aria-hidden="true"><path d="M20 18v-2a4 4 0 0 0-4-4H4"></path><path d="m9 17-5-5 5-5"></path></svg>Reply</button></div></div><div class="mt-2 space-y-2"><div class="ml-10"><div class="bg-white rounded-md border border-gray-200 p-3"><div class="flex items-start justify-between mb-2"><div class="flex items-center gap-2"><div class="w-8 h-8 bg-gradient-to-br from-gray-700 to-gray-900 rounded-full flex items-center justify-center text-white font-semibold text-sm flex-shrink-0 cursor-pointer hover:ring-2 hover:ring-gray-900 hover:ring-offset-1 transition-all">T</div><div><div class="flex items-center gap-1.5"><span class="text-sm font-semibold text-gray-900 cursor-pointer hover:underline">Test User</span></div><span class="text-xs text-gray-500">Nov 30, 2025, 07:54 PM</span></div></div><button class="p-1 hover:bg-gray-100 rounded-full transition-colors" type="button" id="radix-_r_r_" aria-haspopup="menu" aria-expanded="false" data-state="closed"><svg xmlns="http://www.w3.org/2000/svg" width="24" height="24" viewBox="0 0 24 24" fill="none" stroke="currentColor" stroke-width="2" stroke-linecap="round" stroke-linejoin="round" class="lucide lucide-ellipsis-vertical w-4 h-4 text-gray-600" aria-hidden="true"><circle cx="12" cy="12" r="1"></circle><circle cx="12" cy="5" r="1"></circle><circle cx="12" cy="19" r="1"></circle></svg></button></div><p class="text-sm text-gray-800 whitespace-pre-wrap mb-2">Test reply 1764518096026</p><div class="flex items-center gap-3"><div class="flex items-center gap-3"><button data-testid="reaction-button-like" class="
                            group inline-flex items-center gap-1.5 px-3 py-1.5 rounded-md font-medium text-sm transition-all duration-200
                            bg-white text-gray-700 hover:bg-gray-50 border border-gray-300
                            cursor-pointer hover:scale-105
                        " type="button" id="radix-_r_t_" aria-haspopup="menu" aria-expanded="false" data-state="closed"><span class="text-base">👍</span><span class="font-medium text-sm">Like</span></button></div></div></div></div></div></div><div class=""><div class="bg-white rounded-md border border-gray-200 p-3"><div class="flex items-start justify-between mb-2"><div class="flex items-center gap-2"><div class="w-8 h-8 bg-gradient-to-br from-gray-700 to-gray-900 rounded-full flex items-center justify-center text-white font-semibold text-sm flex-shrink-0 cursor-pointer hover:ring-2 hover:ring-gray-900 hover:ring-offset-1 transition-all">T</div><div><div class="flex items-center gap-1.5"><span class="text-sm font-semibold text-gray-900 cursor-pointer hover:underline">Test User</span></div><span class="text-xs text-gray-500">Nov 30, 2025, 07:28 PM</span></div></div><button class="p-1 hover:bg-gray-100 rounded-full transition-colors" type="button" id="radix-_r_15_" aria-haspopup="menu" aria-expanded="false" data-state="closed"><svg xmlns="http://www.w3.org/2000/svg" width="24" height="24" viewBox="0 0 24 24" fill="none" stroke="currentColor" stroke-width="2" stroke-linecap="round" stroke-linejoin="round" class="lucide lucide-ellipsis-vertical w-4 h-4 text-gray-600" aria-hidden="true"><circle cx="12" cy="12" r="1"></circle><circle cx="12" cy="5" r="1"></circle><circle cx="12" cy="19" r="1"></circle></svg></button></div><p class="text-sm text-gray-800 whitespace-pre-wrap mb-2">sgsgs</p><div class="flex items-center gap-3"><div class="flex items-center gap-3"><button data-testid="reaction-button-like" class="
                            group inline-flex items-center gap-1.5 px-3 py-1.5 rounded-md font-medium text-sm transition-all duration-200
                            bg-white text-gray-700 hover:bg-gray-50 border border-gray-300
                            cursor-pointer hover:scale-105
                        " type="button" id="radix-_r_17_" aria-haspopup="menu" aria-expanded="false" data-state="closed"><span class="text-base">👍</span><span class="font-medium text-sm">Like</span></button></div><button data-testid="reply-button" class="flex items-center gap-1 text-sm text-gray-600 hover:text-gray-900 transition-colors"><svg xmlns="http://www.w3.org/2000/svg" width="24" height="24" viewBox="0 0 24 24" fill="none" stroke="currentColor" stroke-width="2" stroke-linecap="round" stroke-linejoin="round" class="lucide lucide-reply w-4 h-4" aria-hidden="true"><path d="M20 18v-2a4 4 0 0 0-4-4H4"></path><path d="m9 17-5-5 5-5"></path></svg>Reply</button></div></div><div class="mt-2 space-y-2"><div class="ml-10"><div class="bg-white rounded-md border border-gray-200 p-3"><div class="flex items-start justify-between mb-2"><div class="flex items-center gap-2"><div class="w-8 h-8 bg-gradient-to-br from-gray-700 to-gray-900 rounded-full flex items-center justify-center text-white font-semibold text-sm flex-shrink-0 cursor-pointer hover:ring-2 hover:ring-gray-900 hover:ring-offset-1 transition-all">T</div><div><div class="flex items-center gap-1.5"><span class="text-sm font-semibold text-gray-900 cursor-pointer hover:underline">Test User</span></div><span class="text-xs text-gray-500">Nov 30, 2025, 07:52 PM</span></div></div><button class="p-1 hover:bg-gray-100 rounded-full transition-colors" type="button" id="radix-_r_19_" aria-haspopup="menu" aria-expanded="false" data-state="closed"><svg xmlns="http://www.w3.org/2000/svg" width="24" height="24" viewBox="0 0 24 24" fill="none" stroke="currentColor" stroke-width="2" stroke-linecap="round" stroke-linejoin="round" class="lucide lucide-ellipsis-vertical w-4 h-4 text-gray-600" aria-hidden="true"><circle cx="12" cy="12" r="1"></circle><circle cx="12" cy="5" r="1"></circle><circle cx="12" cy="19" r="1"></circle></svg></button></div><p class="text-sm text-gray-800 whitespace-pre-wrap mb-2">Test reply 1764517923381</p><div class="flex items-center gap-3"><div class="flex items-center gap-3"><button data-testid="reaction-button-like" class="
                            group inline-flex items-center gap-1.5 px-3 py-1.5 rounded-md font-medium text-sm transition-all duration-200
                            bg-white text-gray-700 hover:bg-gray-50 border border-gray-300
                            cursor-pointer hover:scale-105
                        " type="button" id="radix-_r_1b_" aria-haspopup="menu" aria-expanded="false" data-state="closed"><span class="text-base">👍</span><span class="font-medium text-sm">Like</span></button></div></div></div></div><div class="ml-10"><div class="bg-white rounded-md border border-gray-200 p-3"><div class="flex items-start justify-between mb-2"><div class="flex items-center gap-2"><div class="w-8 h-8 bg-gradient-to-br from-gray-700 to-gray-900 rounded-full flex items-center justify-center text-white font-semibold text-sm flex-shrink-0 cursor-pointer hover:ring-2 hover:ring-gray-900 hover:ring-offset-1 transition-all">T</div><div><div class="flex items-center gap-1.5"><span class="text-sm font-semibold text-gray-900 cursor-pointer hover:underline">Test User</span></div><span class="text-xs text-gray-500">Nov 30, 2025, 07:28 PM</span></div></div><button class="p-1 hover:bg-gray-100 rounded-full transition-colors" type="button" id="radix-_r_1g_" aria-haspopup="menu" aria-expanded="false" data-state="closed"><svg xmlns="http://www.w3.org/2000/svg" width="24" height="24" viewBox="0 0 24 24" fill="none" stroke="currentColor" stroke-width="2" stroke-linecap="round" stroke-linejoin="round" class="lucide lucide-ellipsis-vertical w-4 h-4 text-gray-600" aria-hidden="true"><circle cx="12" cy="12" r="1"></circle><circle cx="12" cy="5" r="1"></circle><circle cx="12" cy="19" r="1"></circle></svg></button></div><p class="text-sm text-gray-800 whitespace-pre-wrap mb-2">sfgsgfs</p><div class="flex items-center gap-3"><div class="flex items-center gap-3"><button data-testid="reaction-button-like" class="
                            group inline-flex items-center gap-1.5 px-3 py-1.5 rounded-md font-medium text-sm transition-all duration-200
                            bg-white text-gray-700 hover:bg-gray-50 border border-gray-300
                            cursor-pointer hover:scale-105
                        " type="button" id="radix-_r_1i_" aria-haspopup="menu" aria-expanded="false" data-state="closed"><span class="text-base">👍</span><span class="font-medium text-sm">Like</span></button></div></div></div></div></div></div><div class=""><div class="bg-white rounded-md border border-gray-200 p-3"><div class="flex items-start justify-between mb-2"><div class="flex items-center gap-2"><div class="w-8 h-8 bg-gradient-to-br from-gray-700 to-gray-900 rounded-full flex items-center justify-center text-white font-semibold text-sm flex-shrink-0 cursor-pointer hover:ring-2 hover:ring-gray-900 hover:ring-offset-1 transition-all">T</div><div><div class="flex items-center gap-1.5"><span class="text-sm font-semibold text-gray-900 cursor-pointer hover:underline">Test User</span></div><span class="text-xs text-gray-500">Nov 30, 2025, 07:24 PM</span></div></div><button class="p-1 hover:bg-gray-100 rounded-full transition-colors" type="button" id="radix-_r_1q_" aria-haspopup="menu" aria-expanded="false" data-state="closed"><svg xmlns="http://www.w3.org/2000/svg" width="24" height="24" viewBox="0 0 24 24" fill="none" stroke="currentColor" stroke-width="2" stroke-linecap="round" stroke-linejoin="round" class="lucide lucide-ellipsis-vertical w-4 h-4 text-gray-600" aria-hidden="true"><circle cx="12" cy="12" r="1"></circle><circle cx="12" cy="5" r="1"></circle><circle cx="12" cy="19" r="1"></circle></svg></button></div><p class="text-sm text-gray-800 whitespace-pre-wrap mb-2">Test comment 1764516258855</p><div class="flex items-center gap-3"><div class="flex items-center gap-3"><button data-testid="reaction-button-like" class="
                            group inline-flex items-center gap-1.5 px-3 py-1.5 rounded-md font-medium text-sm transition-all duration-200
                            bg-white text-gray-700 hover:bg-gray-50 border border-gray-300
                            cursor-pointer hover:scale-105
                        " type="button" id="radix-_r_1s_" aria-haspopup="menu" aria-expanded="false" data-state="closed"><span class="text-base">👍</span><span class="font-medium text-sm">Like</span></button></div><button data-testid="reply-button" class="flex items-center gap-1 text-sm text-gray-600 hover:text-gray-900 transition-colors"><svg xmlns="http://www.w3.org/2000/svg" width="24" height="24" viewBox="0 0 24 24" fill="none" stroke="currentColor" stroke-width="2" stroke-linecap="round" stroke-linejoin="round" class="lucide lucide-reply w-4 h-4" aria-hidden="true"><path d="M20 18v-2a4 4 0 0 0-4-4H4"></path><path d="m9 17-5-5 5-5"></path></svg>Reply</button></div></div></div><div class="pt-4 flex justify-center gap-3"><button class="px-4 py-2 text-sm font-medium text-gray-700 bg-white border border-gray-300 rounded-md hover:bg-gray-50 transition-colors disabled:opacity-50 disabled:cursor-not-allowed flex items-center gap-2">Show More Comments</button></div></div></div></div></div></article><article class="bg-white rounded-xl shadow-sm border border-gray-200 overflow-hidden hover:shadow-md transition-shadow"><div class="p-6"><h2 class="text-xl font-bold text-gray-900 mb-3">Amazing New Features Released</h2><p class="text-gray-600 leading-relaxed mb-6">We are excited to announce the release of our new features! The reaction system now supports real-time updates and beautiful animations. Try it out and let us know what you think!</p><div class="pt-4 border-t border-gray-100"><div class="flex items-center gap-3"><button data-testid="reaction-button-like" class="
                            group inline-flex items-center gap-1.5 px-3 py-1.5 rounded-md font-medium text-sm transition-all duration-200
                            bg-white text-gray-700 hover:bg-gray-50 border border-gray-300
                            cursor-pointer hover:scale-105
                        " type="button" id="radix-_r_21_" aria-haspopup="menu" aria-expanded="false" data-state="closed"><span class="text-base">👍</span><span class="font-medium text-sm">Like</span></button><div class="flex items-center gap-1.5"><button data-testid="reaction-count-angry" class="
                                    inline-flex items-center gap-1 px-2 py-1 rounded-full text-xs font-medium transition-all
                                    bg-gray-100 text-gray-700 hover:bg-gray-200
                                    cursor-pointer hover:scale-105
                                "><span class="text-base">😠</span><span>3</span></button><button data-testid="reaction-count-like" class="
                                    inline-flex items-center gap-1 px-2 py-1 rounded-full text-xs font-medium transition-all
                                    bg-gray-100 text-gray-700 hover:bg-gray-200
                                    cursor-pointer hover:scale-105
                                "><span class="text-base">👍</span><span>1</span></button><button data-testid="reaction-count-wow" class="
                                    inline-flex items-center gap-1 px-2 py-1 rounded-full text-xs font-medium transition-all
                                    bg-gray-100 text-gray-700 hover:bg-gray-200
                                    cursor-pointer hover:scale-105
                                "><span class="text-base">😮</span><span>1</span></button><button class="p-1.5 hover:bg-gray-100 rounded-full transition-colors" title="See who reacted"><svg xmlns="http://www.w3.org/2000/svg" width="24" height="24" viewBox="0 0 24 24" fill="none" stroke="currentColor" stroke-width="2" stroke-linecap="round" stroke-linejoin="round" class="lucide lucide-chevron-down w-4 h-4 text-gray-600" aria-hidden="true"><path d="m6 9 6 6 6-6"></path></svg></button></div></div></div><div class="pt-6 border-t border-gray-100 mt-6"><div class="space-y-3"><div class="flex items-center justify-between"><div class="flex items-center gap-2"><svg xmlns="http://www.w3.org/2000/svg" width="24" height="24" viewBox="0 0 24 24" fill="none" stroke="currentColor" stroke-width="2" stroke-linecap="round" stroke-linejoin="round" class="lucide lucide-message-square w-4 h-4 text-gray-600" aria-hidden="true"><path d="M22 17a2 2 0 0 1-2 2H6.828a2 2 0 0 0-1.414.586l-2.202 2.202A.71.71 0 0 1 2 21.286V5a2 2 0 0 1 2-2h16a2 2 0 0 1 2 2z"></path></svg><h3 class="text-base font-semibold text-gray-900">Comments (3)</h3></div><button data-testid="add-comment-button" class="px-3 py-1.5 text-sm font-medium text-white bg-gray-900 rounded-md hover:bg-gray-800 transition-colors">Add Comment</button></div><div class="space-y-2"><div class=""><div class="bg-white rounded-md border border-gray-200 p-3"><div class="flex items-start justify-between mb-2"><div class="flex items-center gap-2"><div class="w-8 h-8 bg-gradient-to-br from-gray-700 to-gray-900 rounded-full flex items-center justify-center text-white font-semibold text-sm flex-shrink-0 cursor-pointer hover:ring-2 hover:ring-gray-900 hover:ring-offset-1 transition-all">D</div><div><div class="flex items-center gap-1.5"><span class="text-sm font-semibold text-gray-900 cursor-pointer hover:underline">David Taylor</span></div><span class="text-xs text-gray-500">Nov 30, 2025, 06:17 PM</span></div></div><button class="p-1 hover:bg-gray-100 rounded-full transition-colors" type="button" id="radix-_r_23_" aria-haspopup="menu" aria-expanded="false" data-state="closed"><svg xmlns="http://www.w3.org/2000/svg" width="24" height="24" viewBox="0 0 24 24" fill="none" stroke="currentColor" stroke-width="2" stroke-linecap="round" stroke-linejoin="round" class="lucide lucide-ellipsis-vertical w-4 h-4 text-gray-600" aria-hidden="true"><circle cx="12" cy="12" r="1"></circle><circle cx="12" cy="5" r="1"></circle><circle cx="12" cy="19" r="1"></circle></svg></button></div><p class="text-sm text-gray-800 whitespace-pre-wrap mb-2">Fantastic post! Keep it up!</p><div class="flex items-center gap-3"><div class="flex items-center gap-3"><button data-testid="reaction-button-like" class="
                            group inline-flex items-center gap-1.5 px-3 py-1.5 rounded-md font-medium text-sm transition-all duration-200
                            bg-white text-gray-700 hover:bg-gray-50 border border-gray-300
                            cursor-pointer hover:scale-105
                        " type="button" id="radix-_r_25_" aria-haspopup="menu" aria-expanded="false" data-state="closed"><span class="text-base">👍</span><span class="font-medium text-sm">Like</span></button></div><button data-testid="reply-button" class="flex items-center gap-1 text-sm text-gray-600 hover:text-gray-900 transition-colors"><svg xmlns="http://www.w3.org/2000/svg" width="24" height="24" viewBox="0 0 24 24" fill="none" stroke="currentColor" stroke-width="2" stroke-linecap="round" stroke-linejoin="round" class="lucide lucide-reply w-4 h-4" aria-hidden="true"><path d="M20 18v-2a4 4 0 0 0-4-4H4"></path><path d="m9 17-5-5 5-5"></path></svg>Reply</button></div></div></div><div class=""><div class="bg-white rounded-md border border-gray-200 p-3"><div class="flex items-start justify-between mb-2"><div class="flex items-center gap-2"><div class="w-8 h-8 bg-gradient-to-br from-gray-700 to-gray-900 rounded-full flex items-center justify-center text-white font-semibold text-sm flex-shrink-0 cursor-pointer hover:ring-2 hover:ring-gray-900 hover:ring-offset-1 transition-all">I</div><div><div class="flex items-center gap-1.5"><span class="text-sm font-semibold text-gray-900 cursor-pointer hover:underline">Isabella Jones</span></div><span class="text-xs text-gray-500">Nov 30, 2025, 06:17 PM</span></div></div><button class="p-1 hover:bg-gray-100 rounded-full transition-colors" type="button" id="radix-_r_2a_" aria-haspopup="menu" aria-expanded="false" data-state="closed"><svg xmlns="http://www.w3.org/2000/svg" width="24" height="24" viewBox="0 0 24 24" fill="none" stroke="currentColor" stroke-width="2" stroke-linecap="round" stroke-linejoin="round" class="lucide lucide-ellipsis-vertical w-4 h-4 text-gray-600" aria-hidden="true"><circle cx="12" cy="12" r="1"></circle><circle cx="12" cy="5" r="1"></circle><circle cx="12" cy="19" r="1"></circle></svg></button></div><p class="text-sm text-gray-800 whitespace-pre-wrap mb-2">Very interesting perspective.</p><div class="flex items-center gap-3"><div class="flex items-center gap-3"><button data-testid="reaction-button-like" class="
                            group inline-flex items-center gap-1.5 px-3 py-1.5 rounded-md font-medium text-sm transition-all duration-200
                            bg-white text-gray-700 hover:bg-gray-50 border border-gray-300
                            cursor-pointer hover:scale-105
                        " type="button" id="radix-_r_2c_" aria-haspopup="menu" aria-expanded="false" data-state="closed"><span class="text-base">👍</span><span class="font-medium text-sm">Like</span></button></div><button data-testid="reply-button" class="flex items-center gap-1 text-sm text-gray-600 hover:text-gray-900 transition-colors"><svg xmlns="http://www.w3.org/2000/svg" width="24" height="24" viewBox="0 0 24 24" fill="none" stroke="currentColor" stroke-width="2" stroke-linecap="round" stroke-linejoin="round" class="lucide lucide-reply w-4 h-4" aria-hidden="true"><path d="M20 18v-2a4 4 0 0 0-4-4H4"></path><path d="m9 17-5-5 5-5"></path></svg>Reply</button></div></div></div><div class=""><div class="bg-white rounded-md border border-gray-200 p-3"><div class="flex items-start justify-between mb-2"><div class="flex items-center gap-2"><div class="w-8 h-8 bg-gradient-to-br from-gray-700 to-gray-900 rounded-full flex items-center justify-center text-white font-semibold text-sm flex-shrink-0 cursor-pointer hover:ring-2 hover:ring-gray-900 hover:ring-offset-1 transition-all">E</div><div><div class="flex items-center gap-1.5"><span class="text-sm font-semibold text-gray-900 cursor-pointer hover:underline">Ethan Lopez</span></div><span class="text-xs text-gray-500">Nov 30, 2025, 06:17 PM</span></div></div><button class="p-1 hover:bg-gray-100 rounded-full transition-colors" type="button" id="radix-_r_2h_" aria-haspopup="menu" aria-expanded="false" data-state="closed"><svg xmlns="http://www.w3.org/2000/svg" width="24" height="24" viewBox="0 0 24 24" fill="none" stroke="currentColor" stroke-width="2" stroke-linecap="round" stroke-linejoin="round" class="lucide lucide-ellipsis-vertical w-4 h-4 text-gray-600" aria-hidden="true"><circle cx="12" cy="12" r="1"></circle><circle cx="12" cy="5" r="1"></circle><circle cx="12" cy="19" r="1"></circle></svg></button></div><p class="text-sm text-gray-800 whitespace-pre-wrap mb-2">Well said! Couldn't agree more.</p><div class="flex items-center gap-3"><div class="flex items-center gap-3"><button data-testid="reaction-button-like" class="
                            group inline-flex items-center gap-1.5 px-3 py-1.5 rounded-md font-medium text-sm transition-all duration-200
                            bg-white text-gray-700 hover:bg-gray-50 border border-gray-300
                            cursor-pointer hover:scale-105
                        " type="button" id="radix-_r_2j_" aria-haspopup="menu" aria-expanded="false" data-state="closed"><span class="text-base">👍</span><span class="font-medium text-sm">Like</span></button></div><button data-testid="reply-button" class="flex items-center gap-1 text-sm text-gray-600 hover:text-gray-900 transition-colors"><svg xmlns="http://www.w3.org/2000/svg" width="24" height="24" viewBox="0 0 24 24" fill="none" stroke="currentColor" stroke-width="2" stroke-linecap="round" stroke-linejoin="round" class="lucide lucide-reply w-4 h-4" aria-hidden="true"><path d="M20 18v-2a4 4 0 0 0-4-4H4"></path><path d="m9 17-5-5 5-5"></path></svg>Reply</button></div></div></div></div></div></div></div></article><article class="bg-white rounded-xl shadow-sm border border-gray-200 overflow-hidden hover:shadow-md transition-shadow"><div class="p-6"><h2 class="text-xl font-bold text-gray-900 mb-3">Community Guidelines Update</h2><p class="text-gray-600 leading-relaxed mb-6">We have updated our community guidelines to ensure a safe and welcoming environment for everyone. Please take a moment to review the changes and react to show your acknowledgment.</p><div class="pt-4 border-t border-gray-100"><div class="flex items-center gap-3"><button data-testid="reaction-button-like" class="
                            group inline-flex items-center gap-1.5 px-3 py-1.5 rounded-md font-medium text-sm transition-all duration-200
                            bg-white text-gray-700 hover:bg-gray-50 border border-gray-300
                            cursor-pointer hover:scale-105
                        " type="button" id="radix-_r_2o_" aria-haspopup="menu" aria-expanded="false" data-state="closed"><span class="text-base">👍</span><span class="font-medium text-sm">Like</span></button><div class="flex items-center gap-1.5"><button data-testid="reaction-count-sad" class="
                                    inline-flex items-center gap-1 px-2 py-1 rounded-full text-xs font-medium transition-all
                                    bg-gray-100 text-gray-700 hover:bg-gray-200
                                    cursor-pointer hover:scale-105
                                "><span class="text-base">😢</span><span>2</span></button><button data-testid="reaction-count-angry" class="
                                    inline-flex items-center gap-1 px-2 py-1 rounded-full text-xs font-medium transition-all
                                    bg-gray-100 text-gray-700 hover:bg-gray-200
                                    cursor-pointer hover:scale-105
                                "><span class="text-base">😠</span><span>2</span></button><button data-testid="reaction-count-like" class="
                                    inline-flex items-center gap-1 px-2 py-1 rounded-full text-xs font-medium transition-all
                                    bg-gray-100 text-gray-700 hover:bg-gray-200
                                    cursor-pointer hover:scale-105
                                "><span class="text-base">👍</span><span>1</span></button><button data-testid="reaction-count-love" class="
                                    inline-flex items-center gap-1 px-2 py-1 rounded-full text-xs font-medium transition-all
                                    bg-gray-100 text-gray-700 hover:bg-gray-200
                                    cursor-pointer hover:scale-105
                                "><span class="text-base">❤️</span><span>1</span></button><button data-testid="reaction-count-haha" class="
                                    inline-flex items-center gap-1 px-2 py-1 rounded-full text-xs font-medium transition-all
                                    bg-gray-100 text-gray-700 hover:bg-gray-200
                                    cursor-pointer hover:scale-105
                                "><span class="text-base">😂</span><span>1</span></button><button class="p-1.5 hover:bg-gray-100 rounded-full transition-colors" title="See who reacted"><svg xmlns="http://www.w3.org/2000/svg" width="24" height="24" viewBox="0 0 24 24" fill="none" stroke="currentColor" stroke-width="2" stroke-linecap="round" stroke-linejoin="round" class="lucide lucide-chevron-down w-4 h-4 text-gray-600" aria-hidden="true"><path d="m6 9 6 6 6-6"></path></svg></button></div></div></div><div class="pt-6 border-t border-gray-100 mt-6"><div class="space-y-3"><div class="flex items-center justify-between"><div class="flex items-center gap-2"><svg xmlns="http://www.w3.org/2000/svg" width="24" height="24" viewBox="0 0 24 24" fill="none" stroke="currentColor" stroke-width="2" stroke-linecap="round" stroke-linejoin="round" class="lucide lucide-message-square w-4 h-4 text-gray-600" aria-hidden="true"><path d="M22 17a2 2 0 0 1-2 2H6.828a2 2 0 0 0-1.414.586l-2.202 2.202A.71.71 0 0 1 2 21.286V5a2 2 0 0 1 2-2h16a2 2 0 0 1 2 2z"></path></svg><h3 class="text-base font-semibold text-gray-900">Comments (2)</h3></div><button data-testid="add-comment-button" class="px-3 py-1.5 text-sm font-medium text-white bg-gray-900 rounded-md hover:bg-gray-800 transition-colors">Add Comment</button></div><div class="space-y-2"><div class=""><div class="bg-white rounded-md border border-gray-200 p-3"><div class="flex items-start justify-between mb-2"><div class="flex items-center gap-2"><div class="w-8 h-8 bg-gradient-to-br from-gray-700 to-gray-900 rounded-full flex items-center justify-center text-white font-semibold text-sm flex-shrink-0 cursor-pointer hover:ring-2 hover:ring-gray-900 hover:ring-offset-1 transition-all">L</div><div><div class="flex items-center gap-1.5"><span class="text-sm font-semibold text-gray-900 cursor-pointer hover:underline">Liam Garcia</span></div><span class="text-xs text-gray-500">Nov 30, 2025, 06:17 PM</span></div></div><button class="p-1 hover:bg-gray-100 rounded-full transition-colors" type="button" id="radix-_r_2q_" aria-haspopup="menu" aria-expanded="false" data-state="closed"><svg xmlns="http://www.w3.org/2000/svg" width="24" height="24" viewBox="0 0 24 24" fill="none" stroke="currentColor" stroke-width="2" stroke-linecap="round" stroke-linejoin="round" class="lucide lucide-ellipsis-vertical w-4 h-4 text-gray-600" aria-hidden="true"><circle cx="12" cy="12" r="1"></circle><circle cx="12" cy="5" r="1"></circle><circle cx="12" cy="19" r="1"></circle></svg></button></div><p class="text-sm text-gray-800 whitespace-pre-wrap mb-2">Thanks for sharing this information.</p><div class="flex items-center gap-3"><div class="flex items-center gap-3"><button data-testid="reaction-button-like" class="
                            group inline-flex items-center gap-1.5 px-3 py-1.5 rounded-md font-medium text-sm transition-all duration-200
                            bg-white text-gray-700 hover:bg-gray-50 border border-gray-300
                            cursor-pointer hover:scale-105
                        " type="button" id="radix-_r_2s_" aria-haspopup="menu" aria-expanded="false" data-state="closed"><span class="text-base">👍</span><span class="font-medium text-sm">Like</span></button></div><button data-testid="reply-button" class="flex items-center gap-1 text-sm text-gray-600 hover:text-gray-900 transition-colors"><svg xmlns="http://www.w3.org/2000/svg" width="24" height="24" viewBox="0 0 24 24" fill="none" stroke="currentColor" stroke-width="2" stroke-linecap="round" stroke-linejoin="round" class="lucide lucide-reply w-4 h-4" aria-hidden="true"><path d="M20 18v-2a4 4 0 0 0-4-4H4"></path><path d="m9 17-5-5 5-5"></path></svg>Reply</button></div></div></div><div class=""><div class="bg-white rounded-md border border-gray-200 p-3"><div class="flex items-start justify-between mb-2"><div class="flex items-center gap-2"><div class="w-8 h-8 bg-gradient-to-br from-gray-700 to-gray-900 rounded-full flex items-center justify-center text-white font-semibold text-sm flex-shrink-0 cursor-pointer hover:ring-2 hover:ring-gray-900 hover:ring-offset-1 transition-all">S</div><div><div class="flex items-center gap-1.5"><span class="text-sm font-semibold text-gray-900 cursor-pointer hover:underline">Sebastian Thomas</span></div><span class="text-xs text-gray-500">Nov 30, 2025, 06:17 PM</span></div></div><button class="p-1 hover:bg-gray-100 rounded-full transition-colors" type="button" id="radix-_r_31_" aria-haspopup="menu" aria-expanded="false" data-state="closed"><svg xmlns="http://www.w3.org/2000/svg" width="24" height="24" viewBox="0 0 24 24" fill="none" stroke="currentColor" stroke-width="2" stroke-linecap="round" stroke-linejoin="round" class="lucide lucide-ellipsis-vertical w-4 h-4 text-gray-600" aria-hidden="true"><circle cx="12" cy="12" r="1"></circle><circle cx="12" cy="5" r="1"></circle><circle cx="12" cy="19" r="1"></circle></svg></button></div><p class="text-sm text-gray-800 whitespace-pre-wrap mb-2">Could you elaborate more on this?</p><div class="flex items-center gap-3"><div class="flex items-center gap-3"><button data-testid="reaction-button-like" class="
                            group inline-flex items-center gap-1.5 px-3 py-1.5 rounded-md font-medium text-sm transition-all duration-200
                            bg-white text-gray-700 hover:bg-gray-50 border border-gray-300
                            cursor-pointer hover:scale-105
                        " type="button" id="radix-_r_33_" aria-haspopup="menu" aria-expanded="false" data-state="closed"><span class="text-base">👍</span><span class="font-medium text-sm">Like</span></button></div><button data-testid="reply-button" class="flex items-center gap-1 text-sm text-gray-600 hover:text-gray-900 transition-colors"><svg xmlns="http://www.w3.org/2000/svg" width="24" height="24" viewBox="0 0 24 24" fill="none" stroke="currentColor" stroke-width="2" stroke-linecap="round" stroke-linejoin="round" class="lucide lucide-reply w-4 h-4" aria-hidden="true"><path d="M20 18v-2a4 4 0 0 0-4-4H4"></path><path d="m9 17-5-5 5-5"></path></svg>Reply</button></div></div><div class="mt-2 space-y-2"><div class="ml-10"><div class="bg-white rounded-md border border-gray-200 p-3"><div class="flex items-start justify-between mb-2"><div class="flex items-center gap-2"><div class="w-8 h-8 bg-gradient-to-br from-gray-700 to-gray-900 rounded-full flex items-center justify-center text-white font-semibold text-sm flex-shrink-0 cursor-pointer hover:ring-2 hover:ring-gray-900 hover:ring-offset-1 transition-all">L</div><div><div class="flex items-center gap-1.5"><span class="text-sm font-semibold text-gray-900 cursor-pointer hover:underline">Liam Garcia</span></div><span class="text-xs text-gray-500">Nov 30, 2025, 06:17 PM</span></div></div><button class="p-1 hover:bg-gray-100 rounded-full transition-colors" type="button" id="radix-_r_35_" aria-haspopup="menu" aria-expanded="false" data-state="closed"><svg xmlns="http://www.w3.org/2000/svg" width="24" height="24" viewBox="0 0 24 24" fill="none" stroke="currentColor" stroke-width="2" stroke-linecap="round" stroke-linejoin="round" class="lucide lucide-ellipsis-vertical w-4 h-4 text-gray-600" aria-hidden="true"><circle cx="12" cy="12" r="1"></circle><circle cx="12" cy="5" r="1"></circle><circle cx="12" cy="19" r="1"></circle></svg></button></div><p class="text-sm text-gray-800 whitespace-pre-wrap mb-2">Interesting perspective!</p><div class="flex items-center gap-3"><div class="flex items-center gap-3"><button data-testid="reaction-button-like" class="
                            group inline-flex items-center gap-1.5 px-3 py-1.5 rounded-md font-medium text-sm transition-all duration-200
                            bg-white text-gray-700 hover:bg-gray-50 border border-gray-300
                            cursor-pointer hover:scale-105
                        " type="button" id="radix-_r_37_" aria-haspopup="menu" aria-expanded="false" data-state="closed"><span class="text-base">👍</span><span class="font-medium text-sm">Like</span></button></div></div></div></div><div class="ml-10"><div class="bg-white rounded-md border border-gray-200 p-3"><div class="flex items-start justify-between mb-2"><div class="flex items-center gap-2"><div class="w-8 h-8 bg-gradient-to-br from-gray-700 to-gray-900 rounded-full flex items-center justify-center text-white font-semibold text-sm flex-shrink-0 cursor-pointer hover:ring-2 hover:ring-gray-900 hover:ring-offset-1 transition-all">V</div><div><div class="flex items-center gap-1.5"><span class="text-sm font-semibold text-gray-900 cursor-pointer hover:underline">Victoria White</span></div><span class="text-xs text-gray-500">Nov 30, 2025, 06:17 PM</span></div></div><button class="p-1 hover:bg-gray-100 rounded-full transition-colors" type="button" id="radix-_r_3c_" aria-haspopup="menu" aria-expanded="false" data-state="closed"><svg xmlns="http://www.w3.org/2000/svg" width="24" height="24" viewBox="0 0 24 24" fill="none" stroke="currentColor" stroke-width="2" stroke-linecap="round" stroke-linejoin="round" class="lucide lucide-ellipsis-vertical w-4 h-4 text-gray-600" aria-hidden="true"><circle cx="12" cy="12" r="1"></circle><circle cx="12" cy="5" r="1"></circle><circle cx="12" cy="19" r="1"></circle></svg></button></div><p class="text-sm text-gray-800 whitespace-pre-wrap mb-2">I hadn't thought of it that way.</p><div class="flex items-center gap-3"><div class="flex items-center gap-3"><button data-testid="reaction-button-like" class="
                            group inline-flex items-center gap-1.5 px-3 py-1.5 rounded-md font-medium text-sm transition-all duration-200
                            bg-white text-gray-700 hover:bg-gray-50 border border-gray-300
                            cursor-pointer hover:scale-105
                        " type="button" id="radix-_r_3e_" aria-haspopup="menu" aria-expanded="false" data-state="closed"><span class="text-base">👍</span><span class="font-medium text-sm">Like</span></button></div></div></div></div></div></div></div></div></div></div></article><article class="bg-white rounded-xl shadow-sm border border-gray-200 overflow-hidden hover:shadow-md transition-shadow"><div class="p-6"><h2 class="text-xl font-bold text-gray-900 mb-3">Behind the Scenes: Development Journey</h2><p class="text-gray-600 leading-relaxed mb-6">Ever wondered how we built this reaction system? In this post, we share our development journey, the challenges we faced, and the solutions we implemented. It has been an amazing ride!</p><div class="pt-4 border-t border-gray-100"><div class="flex items-center gap-3"><button data-testid="reaction-button-like" class="
                            group inline-flex items-center gap-1.5 px-3 py-1.5 rounded-md font-medium text-sm transition-all duration-200
                            bg-white text-gray-700 hover:bg-gray-50 border border-gray-300
                            cursor-pointer hover:scale-105
                        " type="button" id="radix-_r_3m_" aria-haspopup="menu" aria-expanded="false" data-state="closed"><span class="text-base">👍</span><span class="font-medium text-sm">Like</span></button><div class="flex items-center gap-1.5"><button data-testid="reaction-count-haha" class="
                                    inline-flex items-center gap-1 px-2 py-1 rounded-full text-xs font-medium transition-all
                                    bg-gray-100 text-gray-700 hover:bg-gray-200
                                    cursor-pointer hover:scale-105
                                "><span class="text-base">😂</span><span>3</span></button><button data-testid="reaction-count-sad" class="
                                    inline-flex items-center gap-1 px-2 py-1 rounded-full text-xs font-medium transition-all
                                    bg-gray-100 text-gray-700 hover:bg-gray-200
                                    cursor-pointer hover:scale-105
                                "><span class="text-base">😢</span><span>2</span></button><button data-testid="reaction-count-like" class="
                                    inline-flex items-center gap-1 px-2 py-1 rounded-full text-xs font-medium transition-all
                                    bg-gray-100 text-gray-700 hover:bg-gray-200
                                    cursor-pointer hover:scale-105
                                "><span class="text-base">👍</span><span>1</span></button><button data-testid="reaction-count-love" class="
                                    inline-flex items-center gap-1 px-2 py-1 rounded-full text-xs font-medium transition-all
                                    bg-gray-100 text-gray-700 hover:bg-gray-200
                                    cursor-pointer hover:scale-105
                                "><span class="text-base">❤️</span><span>1</span></button><button data-testid="reaction-count-wow" class="
                                    inline-flex items-center gap-1 px-2 py-1 rounded-full text-xs font-medium transition-all
                                    bg-gray-100 text-gray-700 hover:bg-gray-200
                                    cursor-pointer hover:scale-105
                                "><span class="text-base">😮</span><span>1</span></button><button class="p-1.5 hover:bg-gray-100 rounded-full transition-colors" title="See who reacted"><svg xmlns="http://www.w3.org/2000/svg" width="24" height="24" viewBox="0 0 24 24" fill="none" stroke="currentColor" stroke-width="2" stroke-linecap="round" stroke-linejoin="round" class="lucide lucide-chevron-down w-4 h-4 text-gray-600" aria-hidden="true"><path d="m6 9 6 6 6-6"></path></svg></button></div></div></div><div class="pt-6 border-t border-gray-100 mt-6"><div class="space-y-3"><div class="flex items-center justify-between"><div class="flex items-center gap-2"><svg xmlns="http://www.w3.org/2000/svg" width="24" height="24" viewBox="0 0 24 24" fill="none" stroke="currentColor" stroke-width="2" stroke-linecap="round" stroke-linejoin="round" class="lucide lucide-message-square w-4 h-4 text-gray-600" aria-hidden="true"><path d="M22 17a2 2 0 0 1-2 2H6.828a2 2 0 0 0-1.414.586l-2.202 2.202A.71.71 0 0 1 2 21.286V5a2 2 0 0 1 2-2h16a2 2 0 0 1 2 2z"></path></svg><h3 class="text-base font-semibold text-gray-900">Comments (5)</h3></div><button data-testid="add-comment-button" class="px-3 py-1.5 text-sm font-medium text-white bg-gray-900 rounded-md hover:bg-gray-800 transition-colors">Add Comment</button></div><div class="space-y-2"><div class=""><div class="bg-white rounded-md border border-gray-200 p-3"><div class="flex items-start justify-between mb-2"><div class="flex items-center gap-2"><div class="w-8 h-8 bg-gradient-to-br from-gray-700 to-gray-900 rounded-full flex items-center justify-center text-white font-semibold text-sm flex-shrink-0 cursor-pointer hover:ring-2 hover:ring-gray-900 hover:ring-offset-1 transition-all">A</div><div><div class="flex items-center gap-1.5"><span class="text-sm font-semibold text-gray-900 cursor-pointer hover:underline">Amelia Anderson</span></div><span class="text-xs text-gray-500">Nov 30, 2025, 06:17 PM</span></div></div><button class="p-1 hover:bg-gray-100 rounded-full transition-colors" type="button" id="radix-_r_3o_" aria-haspopup="menu" aria-expanded="false" data-state="closed"><svg xmlns="http://www.w3.org/2000/svg" width="24" height="24" viewBox="0 0 24 24" fill="none" stroke="currentColor" stroke-width="2" stroke-linecap="round" stroke-linejoin="round" class="lucide lucide-ellipsis-vertical w-4 h-4 text-gray-600" aria-hidden="true"><circle cx="12" cy="12" r="1"></circle><circle cx="12" cy="5" r="1"></circle><circle cx="12" cy="19" r="1"></circle></svg></button></div><p class="text-sm text-gray-800 whitespace-pre-wrap mb-2">Interesting take on this topic.</p><div class="flex items-center gap-3"><div class="flex items-center gap-3"><button data-testid="reaction-button-like" class="
                            group inline-flex items-center gap-1.5 px-3 py-1.5 rounded-md font-medium text-sm transition-all duration-200
                            bg-white text-gray-700 hover:bg-gray-50 border border-gray-300
                            cursor-pointer hover:scale-105
                        " type="button" id="radix-_r_3q_" aria-haspopup="menu" aria-expanded="false" data-state="closed"><span class="text-base">👍</span><span class="font-medium text-sm">Like</span></button></div><button data-testid="reply-button" class="flex items-center gap-1 text-sm text-gray-600 hover:text-gray-900 transition-colors"><svg xmlns="http://www.w3.org/2000/svg" width="24" height="24" viewBox="0 0 24 24" fill="none" stroke="currentColor" stroke-width="2" stroke-linecap="round" stroke-linejoin="round" class="lucide lucide-reply w-4 h-4" aria-hidden="true"><path d="M20 18v-2a4 4 0 0 0-4-4H4"></path><path d="m9 17-5-5 5-5"></path></svg>Reply</button></div></div><div class="mt-2 space-y-2"><div class="ml-10"><div class="bg-white rounded-md border border-gray-200 p-3"><div class="flex items-start justify-between mb-2"><div class="flex items-center gap-2"><div class="w-8 h-8 bg-gradient-to-br from-gray-700 to-gray-900 rounded-full flex items-center justify-center text-white font-semibold text-sm flex-shrink-0 cursor-pointer hover:ring-2 hover:ring-gray-900 hover:ring-offset-1 transition-all">W</div><div><div class="flex items-center gap-1.5"><span class="text-sm font-semibold text-gray-900 cursor-pointer hover:underline">Wyatt Wilson</span></div><span class="text-xs text-gray-500">Nov 30, 2025, 06:17 PM</span></div></div><button class="p-1 hover:bg-gray-100 rounded-full transition-colors" type="button" id="radix-_r_3s_" aria-haspopup="menu" aria-expanded="false" data-state="closed"><svg xmlns="http://www.w3.org/2000/svg" width="24" height="24" viewBox="0 0 24 24" fill="none" stroke="currentColor" stroke-width="2" stroke-linecap="round" stroke-linejoin="round" class="lucide lucide-ellipsis-vertical w-4 h-4 text-gray-600" aria-hidden="true"><circle cx="12" cy="12" r="1"></circle><circle cx="12" cy="5" r="1"></circle><circle cx="12" cy="19" r="1"></circle></svg></button></div><p class="text-sm text-gray-800 whitespace-pre-wrap mb-2">That's a good point.</p><div class="flex items-center gap-3"><div class="flex items-center gap-3"><button data-testid="reaction-button-like" class="
                            group inline-flex items-center gap-1.5 px-3 py-1.5 rounded-md font-medium text-sm transition-all duration-200
                            bg-white text-gray-700 hover:bg-gray-50 border border-gray-300
                            cursor-pointer hover:scale-105
                        " type="button" id="radix-_r_3u_" aria-haspopup="menu" aria-expanded="false" data-state="closed"><span class="text-base">👍</span><span class="font-medium text-sm">Like</span></button></div></div></div></div></div></div><div class=""><div class="bg-white rounded-md border border-gray-200 p-3"><div class="flex items-start justify-between mb-2"><div class="flex items-center gap-2"><div class="w-8 h-8 bg-gradient-to-br from-gray-700 to-gray-900 rounded-full flex items-center justify-center text-white font-semibold text-sm flex-shrink-0 cursor-pointer hover:ring-2 hover:ring-gray-900 hover:ring-offset-1 transition-all">O</div><div><div class="flex items-center gap-1.5"><span class="text-sm font-semibold text-gray-900 cursor-pointer hover:underline">Owen Miller</span></div><span class="text-xs text-gray-500">Nov 30, 2025, 06:17 PM</span></div></div><button class="p-1 hover:bg-gray-100 rounded-full transition-colors" type="button" id="radix-_r_46_" aria-haspopup="menu" aria-expanded="false" data-state="closed"><svg xmlns="http://www.w3.org/2000/svg" width="24" height="24" viewBox="0 0 24 24" fill="none" stroke="currentColor" stroke-width="2" stroke-linecap="round" stroke-linejoin="round" class="lucide lucide-ellipsis-vertical w-4 h-4 text-gray-600" aria-hidden="true"><circle cx="12" cy="12" r="1"></circle><circle cx="12" cy="5" r="1"></circle><circle cx="12" cy="19" r="1"></circle></svg></button></div><p class="text-sm text-gray-800 whitespace-pre-wrap mb-2">This is really helpful, thank you!</p><div class="flex items-center gap-3"><div class="flex items-center gap-3"><button data-testid="reaction-button-like" class="
                            group inline-flex items-center gap-1.5 px-3 py-1.5 rounded-md font-medium text-sm transition-all duration-200
                            bg-white text-gray-700 hover:bg-gray-50 border border-gray-300
                            cursor-pointer hover:scale-105
                        " type="button" id="radix-_r_48_" aria-haspopup="menu" aria-expanded="false" data-state="closed"><span class="text-base">👍</span><span class="font-medium text-sm">Like</span></button></div><button data-testid="reply-button" class="flex items-center gap-1 text-sm text-gray-600 hover:text-gray-900 transition-colors"><svg xmlns="http://www.w3.org/2000/svg" width="24" height="24" viewBox="0 0 24 24" fill="none" stroke="currentColor" stroke-width="2" stroke-linecap="round" stroke-linejoin="round" class="lucide lucide-reply w-4 h-4" aria-hidden="true"><path d="M20 18v-2a4 4 0 0 0-4-4H4"></path><path d="m9 17-5-5 5-5"></path></svg>Reply</button></div></div></div><div class=""><div class="bg-white rounded-md border border-gray-200 p-3"><div class="flex items-start justify-between mb-2"><div class="flex items-center gap-2"><div class="w-8 h-8 bg-gradient-to-br from-gray-700 to-gray-900 rounded-full flex items-center justify-center text-white font-semibold text-sm flex-shrink-0 cursor-pointer hover:ring-2 hover:ring-gray-900 hover:ring-offset-1 transition-all">J</div><div><div class="flex items-center gap-1.5"><span class="text-sm font-semibold text-gray-900 cursor-pointer hover:underline">Jackson Taylor</span></div><span class="text-xs text-gray-500">Nov 30, 2025, 06:17 PM</span></div></div><button class="p-1 hover:bg-gray-100 rounded-full transition-colors" type="button" id="radix-_r_4d_" aria-haspopup="menu" aria-expanded="false" data-state="closed"><svg xmlns="http://www.w3.org/2000/svg" width="24" height="24" viewBox="0 0 24 24" fill="none" stroke="currentColor" stroke-width="2" stroke-linecap="round" stroke-linejoin="round" class="lucide lucide-ellipsis-vertical w-4 h-4 text-gray-600" aria-hidden="true"><circle cx="12" cy="12" r="1"></circle><circle cx="12" cy="5" r="1"></circle><circle cx="12" cy="19" r="1"></circle></svg></button></div><p class="text-sm text-gray-800 whitespace-pre-wrap mb-2">I learned something new today!</p><div class="flex items-center gap-3"><div class="flex items-center gap-3"><button data-testid="reaction-button-like" class="
                            group inline-flex items-center gap-1.5 px-3 py-1.5 rounded-md font-medium text-sm transition-all duration-200
                            bg-white text-gray-700 hover:bg-gray-50 border border-gray-300
                            cursor-pointer hover:scale-105
                        " type="button" id="radix-_r_4f_" aria-haspopup="menu" aria-expanded="false" data-state="closed"><span class="text-base">👍</span><span class="font-medium text-sm">Like</span></button></div><button data-testid="reply-button" class="flex items-center gap-1 text-sm text-gray-600 hover:text-gray-900 transition-colors"><svg xmlns="http://www.w3.org/2000/svg" width="24" height="24" viewBox="0 0 24 24" fill="none" stroke="currentColor" stroke-width="2" stroke-linecap="round" stroke-linejoin="round" class="lucide lucide-reply w-4 h-4" aria-hidden="true"><path d="M20 18v-2a4 4 0 0 0-4-4H4"></path><path d="m9 17-5-5 5-5"></path></svg>Reply</button></div></div><div class="mt-2 space-y-2"><div class="ml-10"><div class="bg-white rounded-md border border-gray-200 p-3"><div class="flex items-start justify-between mb-2"><div class="flex items-center gap-2"><div class="w-8 h-8 bg-gradient-to-br from-gray-700 to-gray-900 rounded-full flex items-center justify-center text-white font-semibold text-sm flex-shrink-0 cursor-pointer hover:ring-2 hover:ring-gray-900 hover:ring-offset-1 transition-all">L</div><div><div class="flex items-center gap-1.5"><span class="text-sm font-semibold text-gray-900 cursor-pointer hover:underline">Luke Wilson</span></div><span class="text-xs text-gray-500">Nov 30, 2025, 06:17 PM</span></div></div><button class="p-1 hover:bg-gray-100 rounded-full transition-colors" type="button" id="radix-_r_4h_" aria-haspopup="menu" aria-expanded="false" data-state="closed"><svg xmlns="http://www.w3.org/2000/svg" width="24" height="24" viewBox="0 0 24 24" fill="none" stroke="currentColor" stroke-width="2" stroke-linecap="round" stroke-linejoin="round" class="lucide lucide-ellipsis-vertical w-4 h-4 text-gray-600" aria-hidden="true"><circle cx="12" cy="12" r="1"></circle><circle cx="12" cy="5" r="1"></circle><circle cx="12" cy="19" r="1"></circle></svg></button></div><p class="text-sm text-gray-800 whitespace-pre-wrap mb-2">Great addition to the discussion!</p><div class="flex items-center gap-3"><div class="flex items-center gap-3"><button data-testid="reaction-button-like" class="
                            group inline-flex items-center gap-1.5 px-3 py-1.5 rounded-md font-medium text-sm transition-all duration-200
                            bg-white text-gray-700 hover:bg-gray-50 border border-gray-300
                            cursor-pointer hover:scale-105
                        " type="button" id="radix-_r_4j_" aria-haspopup="menu" aria-expanded="false" data-state="closed"><span class="text-base">👍</span><span class="font-medium text-sm">Like</span></button></div></div></div></div><div class="ml-10"><div class="bg-white rounded-md border border-gray-200 p-3"><div class="flex items-start justify-between mb-2"><div class="flex items-center gap-2"><div class="w-8 h-8 bg-gradient-to-br from-gray-700 to-gray-900 rounded-full flex items-center justify-center text-white font-semibold text-sm flex-shrink-0 cursor-pointer hover:ring-2 hover:ring-gray-900 hover:ring-offset-1 transition-all">R</div><div><div class="flex items-center gap-1.5"><span class="text-sm font-semibold text-gray-900 cursor-pointer hover:underline">Riley Williams</span></div><span class="text-xs text-gray-500">Nov 30, 2025, 06:17 PM</span></div></div><button class="p-1 hover:bg-gray-100 rounded-full transition-colors" type="button" id="radix-_r_4o_" aria-haspopup="menu" aria-expanded="false" data-state="closed"><svg xmlns="http://www.w3.org/2000/svg" width="24" height="24" viewBox="0 0 24 24" fill="none" stroke="currentColor" stroke-width="2" stroke-linecap="round" stroke-linejoin="round" class="lucide lucide-ellipsis-vertical w-4 h-4 text-gray-600" aria-hidden="true"><circle cx="12" cy="12" r="1"></circle><circle cx="12" cy="5" r="1"></circle><circle cx="12" cy="19" r="1"></circle></svg></button></div><p class="text-sm text-gray-800 whitespace-pre-wrap mb-2">Well put!</p><div class="flex items-center gap-3"><div class="flex items-center gap-3"><button data-testid="reaction-button-like" class="
                            group inline-flex items-center gap-1.5 px-3 py-1.5 rounded-md font-medium text-sm transition-all duration-200
                            bg-white text-gray-700 hover:bg-gray-50 border border-gray-300
                            cursor-pointer hover:scale-105
                        " type="button" id="radix-_r_4q_" aria-haspopup="menu" aria-expanded="false" data-state="closed"><span class="text-base">👍</span><span class="font-medium text-sm">Like</span></button></div></div></div></div></div></div><div class=""><div class="bg-white rounded-md border border-gray-200 p-3"><div class="flex items-start justify-between mb-2"><div class="flex items-center gap-2"><div class="w-8 h-8 bg-gradient-to-br from-gray-700 to-gray-900 rounded-full flex items-center justify-center text-white font-semibold text-sm flex-shrink-0 cursor-pointer hover:ring-2 hover:ring-gray-900 hover:ring-offset-1 transition-all">C</div><div><div class="flex items-center gap-1.5"><span class="text-sm font-semibold text-gray-900 cursor-pointer hover:underline">Charlotte Johnson</span></div><span class="text-xs text-gray-500">Nov 30, 2025, 06:17 PM</span></div></div><button class="p-1 hover:bg-gray-100 rounded-full transition-colors" type="button" id="radix-_r_52_" aria-haspopup="menu" aria-expanded="false" data-state="closed"><svg xmlns="http://www.w3.org/2000/svg" width="24" height="24" viewBox="0 0 24 24" fill="none" stroke="currentColor" stroke-width="2" stroke-linecap="round" stroke-linejoin="round" class="lucide lucide-ellipsis-vertical w-4 h-4 text-gray-600" aria-hidden="true"><circle cx="12" cy="12" r="1"></circle><circle cx="12" cy="5" r="1"></circle><circle cx="12" cy="19" r="1"></circle></svg></button></div><p class="text-sm text-gray-800 whitespace-pre-wrap mb-2">Could you elaborate more on this?</p><div class="flex items-center gap-3"><div class="flex items-center gap-3"><button data-testid="reaction-button-like" class="
                            group inline-flex items-center gap-1.5 px-3 py-1.5 rounded-md font-medium text-sm transition-all duration-200
                            bg-white text-gray-700 hover:bg-gray-50 border border-gray-300
                            cursor-pointer hover:scale-105
                        " type="button" id="radix-_r_54_" aria-haspopup="menu" aria-expanded="false" data-state="closed"><span class="text-base">👍</span><span class="font-medium text-sm">Like</span></button></div><button data-testid="reply-button" class="flex items-center gap-1 text-sm text-gray-600 hover:text-gray-900 transition-colors"><svg xmlns="http://www.w3.org/2000/svg" width="24" height="24" viewBox="0 0 24 24" fill="none" stroke="currentColor" stroke-width="2" stroke-linecap="round" stroke-linejoin="round" class="lucide lucide-reply w-4 h-4" aria-hidden="true"><path d="M20 18v-2a4 4 0 0 0-4-4H4"></path><path d="m9 17-5-5 5-5"></path></svg>Reply</button></div></div></div><div class=""><div class="bg-white rounded-md border border-gray-200 p-3"><div class="flex items-start justify-between mb-2"><div class="flex items-center gap-2"><div class="w-8 h-8 bg-gradient-to-br from-gray-700 to-gray-900 rounded-full flex items-center justify-center text-white font-semibold text-sm flex-shrink-0 cursor-pointer hover:ring-2 hover:ring-gray-900 hover:ring-offset-1 transition-all">S</div><div><div class="flex items-center gap-1.5"><span class="text-sm font-semibold text-gray-900 cursor-pointer hover:underline">Samuel Rodriguez</span></div><span class="text-xs text-gray-500">Nov 30, 2025, 06:17 PM</span></div></div><button class="p-1 hover:bg-gray-100 rounded-full transition-colors" type="button" id="radix-_r_59_" aria-haspopup="menu" aria-expanded="false" data-state="closed"><svg xmlns="http://www.w3.org/2000/svg" width="24" height="24" viewBox="0 0 24 24" fill="none" stroke="currentColor" stroke-width="2" stroke-linecap="round" stroke-linejoin="round" class="lucide lucide-ellipsis-vertical w-4 h-4 text-gray-600" aria-hidden="true"><circle cx="12" cy="12" r="1"></circle><circle cx="12" cy="5" r="1"></circle><circle cx="12" cy="19" r="1"></circle></svg></button></div><p class="text-sm text-gray-800 whitespace-pre-wrap mb-2">This resonates with me so much.</p><div class="flex items-center gap-3"><div class="flex items-center gap-3"><button data-testid="reaction-button-like" class="
                            group inline-flex items-center gap-1.5 px-3 py-1.5 rounded-md font-medium text-sm transition-all duration-200
                            bg-white text-gray-700 hover:bg-gray-50 border border-gray-300
                            cursor-pointer hover:scale-105
                        " type="button" id="radix-_r_5b_" aria-haspopup="menu" aria-expanded="false" data-state="closed"><span class="text-base">👍</span><span class="font-medium text-sm">Like</span></button></div><button data-testid="reply-button" class="flex items-center gap-1 text-sm text-gray-600 hover:text-gray-900 transition-colors"><svg xmlns="http://www.w3.org/2000/svg" width="24" height="24" viewBox="0 0 24 24" fill="none" stroke="currentColor" stroke-width="2" stroke-linecap="round" stroke-linejoin="round" class="lucide lucide-reply w-4 h-4" aria-hidden="true"><path d="M20 18v-2a4 4 0 0 0-4-4H4"></path><path d="m9 17-5-5 5-5"></path></svg>Reply</button></div></div></div></div></div></div></div></article><article class="bg-white rounded-xl shadow-sm border border-gray-200 overflow-hidden hover:shadow-md transition-shadow"><div class="p-6"><h2 class="text-xl font-bold text-gray-900 mb-3">User Success Stories</h2><p class="text-gray-600 leading-relaxed mb-6">We love hearing from our users! Today we are sharing some incredible success stories from our community. Your feedback and reactions mean the world to us. Keep them coming!</p><div class="pt-4 border-t border-gray-100"><div class="flex items-center gap-3"><button data-testid="reaction-button-like" class="
                            group inline-flex items-center gap-1.5 px-3 py-1.5 rounded-md font-medium text-sm transition-all duration-200
                            bg-white text-gray-700 hover:bg-gray-50 border border-gray-300
                            cursor-pointer hover:scale-105
                        " type="button" id="radix-_r_5g_" aria-haspopup="menu" aria-expanded="false" data-state="closed"><span class="text-base">👍</span><span class="font-medium text-sm">Like</span></button><div class="flex items-center gap-1.5"><button data-testid="reaction-count-love" class="
                                    inline-flex items-center gap-1 px-2 py-1 rounded-full text-xs font-medium transition-all
                                    bg-gray-100 text-gray-700 hover:bg-gray-200
                                    cursor-pointer hover:scale-105
                                "><span class="text-base">❤️</span><span>3</span></button><button data-testid="reaction-count-sad" class="
                                    inline-flex items-center gap-1 px-2 py-1 rounded-full text-xs font-medium transition-all
                                    bg-gray-100 text-gray-700 hover:bg-gray-200
                                    cursor-pointer hover:scale-105
                                "><span class="text-base">😢</span><span>2</span></button><button data-testid="reaction-count-like" class="
                                    inline-flex items-center gap-1 px-2 py-1 rounded-full text-xs font-medium transition-all
                                    bg-gray-100 text-gray-700 hover:bg-gray-200
                                    cursor-pointer hover:scale-105
                                "><span class="text-base">👍</span><span>1</span></button><button data-testid="reaction-count-wow" class="
                                    inline-flex items-center gap-1 px-2 py-1 rounded-full text-xs font-medium transition-all
                                    bg-gray-100 text-gray-700 hover:bg-gray-200
                                    cursor-pointer hover:scale-105
                                "><span class="text-base">😮</span><span>1</span></button><button data-testid="reaction-count-angry" class="
                                    inline-flex items-center gap-1 px-2 py-1 rounded-full text-xs font-medium transition-all
                                    bg-gray-100 text-gray-700 hover:bg-gray-200
                                    cursor-pointer hover:scale-105
                                "><span class="text-base">😠</span><span>1</span></button><button class="p-1.5 hover:bg-gray-100 rounded-full transition-colors" title="See who reacted"><svg xmlns="http://www.w3.org/2000/svg" width="24" height="24" viewBox="0 0 24 24" fill="none" stroke="currentColor" stroke-width="2" stroke-linecap="round" stroke-linejoin="round" class="lucide lucide-chevron-down w-4 h-4 text-gray-600" aria-hidden="true"><path d="m6 9 6 6 6-6"></path></svg></button></div></div></div><div class="pt-6 border-t border-gray-100 mt-6"><div class="space-y-3"><div class="flex items-center justify-between"><div class="flex items-center gap-2"><svg xmlns="http://www.w3.org/2000/svg" width="24" height="24" viewBox="0 0 24 24" fill="none" stroke="currentColor" stroke-width="2" stroke-linecap="round" stroke-linejoin="round" class="lucide lucide-message-square w-4 h-4 text-gray-600" aria-hidden="true"><path d="M22 17a2 2 0 0 1-2 2H6.828a2 2 0 0 0-1.414.586l-2.202 2.202A.71.71 0 0 1 2 21.286V5a2 2 0 0 1 2-2h16a2 2 0 0 1 2 2z"></path></svg><h3 class="text-base font-semibold text-gray-900">Comments (3)</h3></div><button data-testid="add-comment-button" class="px-3 py-1.5 text-sm font-medium text-white bg-gray-900 rounded-md hover:bg-gray-800 transition-colors">Add Comment</button></div><div class="space-y-2"><div class=""><div class="bg-white rounded-md border border-gray-200 p-3"><div class="flex items-start justify-between mb-2"><div class="flex items-center gap-2"><div class="w-8 h-8 bg-gradient-to-br from-gray-700 to-gray-900 rounded-full flex items-center justify-center text-white font-semibold text-sm flex-shrink-0 cursor-pointer hover:ring-2 hover:ring-gray-900 hover:ring-offset-1 transition-all">L</div><div><div class="flex items-center gap-1.5"><span class="text-sm font-semibold text-gray-900 cursor-pointer hover:underline">Lillian Gonzalez</span></div><span class="text-xs text-gray-500">Nov 30, 2025, 06:17 PM</span></div></div><button class="p-1 hover:bg-gray-100 rounded-full transition-colors" type="button" id="radix-_r_5i_" aria-haspopup="menu" aria-expanded="false" data-state="closed"><svg xmlns="http://www.w3.org/2000/svg" width="24" height="24" viewBox="0 0 24 24" fill="none" stroke="currentColor" stroke-width="2" stroke-linecap="round" stroke-linejoin="round" class="lucide lucide-ellipsis-vertical w-4 h-4 text-gray-600" aria-hidden="true"><circle cx="12" cy="12" r="1"></circle><circle cx="12" cy="5" r="1"></circle><circle cx="12" cy="19" r="1"></circle></svg></button></div><p class="text-sm text-gray-800 whitespace-pre-wrap mb-2">This is really helpful, thank you!</p><div class="flex items-center gap-3"><div class="flex items-center gap-3"><button data-testid="reaction-button-like" class="
                            group inline-flex items-center gap-1.5 px-3 py-1.5 rounded-md font-medium text-sm transition-all duration-200
                            bg-white text-gray-700 hover:bg-gray-50 border border-gray-300
                            cursor-pointer hover:scale-105
                        " type="button" id="radix-_r_5k_" aria-haspopup="menu" aria-expanded="false" data-state="closed"><span class="text-base">👍</span><span class="font-medium text-sm">Like</span></button></div><button data-testid="reply-button" class="flex items-center gap-1 text-sm text-gray-600 hover:text-gray-900 transition-colors"><svg xmlns="http://www.w3.org/2000/svg" width="24" height="24" viewBox="0 0 24 24" fill="none" stroke="currentColor" stroke-width="2" stroke-linecap="round" stroke-linejoin="round" class="lucide lucide-reply w-4 h-4" aria-hidden="true"><path d="M20 18v-2a4 4 0 0 0-4-4H4"></path><path d="m9 17-5-5 5-5"></path></svg>Reply</button></div></div></div><div class=""><div class="bg-white rounded-md border border-gray-200 p-3"><div class="flex items-start justify-between mb-2"><div class="flex items-center gap-2"><div class="w-8 h-8 bg-gradient-to-br from-gray-700 to-gray-900 rounded-full flex items-center justify-center text-white font-semibold text-sm flex-shrink-0 cursor-pointer hover:ring-2 hover:ring-gray-900 hover:ring-offset-1 transition-all">M</div><div><div class="flex items-center gap-1.5"><span class="text-sm font-semibold text-gray-900 cursor-pointer hover:underline">Mason Miller</span></div><span class="text-xs text-gray-500">Nov 30, 2025, 06:17 PM</span></div></div><button class="p-1 hover:bg-gray-100 rounded-full transition-colors" type="button" id="radix-_r_5p_" aria-haspopup="menu" aria-expanded="false" data-state="closed"><svg xmlns="http://www.w3.org/2000/svg" width="24" height="24" viewBox="0 0 24 24" fill="none" stroke="currentColor" stroke-width="2" stroke-linecap="round" stroke-linejoin="round" class="lucide lucide-ellipsis-vertical w-4 h-4 text-gray-600" aria-hidden="true"><circle cx="12" cy="12" r="1"></circle><circle cx="12" cy="5" r="1"></circle><circle cx="12" cy="19" r="1"></circle></svg></button></div><p class="text-sm text-gray-800 whitespace-pre-wrap mb-2">Thanks for sharing this information.</p><div class="flex items-center gap-3"><div class="flex items-center gap-3"><button data-testid="reaction-button-like" class="
                            group inline-flex items-center gap-1.5 px-3 py-1.5 rounded-md font-medium text-sm transition-all duration-200
                            bg-white text-gray-700 hover:bg-gray-50 border border-gray-300
                            cursor-pointer hover:scale-105
                        " type="button" id="radix-_r_5r_" aria-haspopup="menu" aria-expanded="false" data-state="closed"><span class="text-base">👍</span><span class="font-medium text-sm">Like</span></button></div><button data-testid="reply-button" class="flex items-center gap-1 text-sm text-gray-600 hover:text-gray-900 transition-colors"><svg xmlns="http://www.w3.org/2000/svg" width="24" height="24" viewBox="0 0 24 24" fill="none" stroke="currentColor" stroke-width="2" stroke-linecap="round" stroke-linejoin="round" class="lucide lucide-reply w-4 h-4" aria-hidden="true"><path d="M20 18v-2a4 4 0 0 0-4-4H4"></path><path d="m9 17-5-5 5-5"></path></svg>Reply</button></div></div></div><div class=""><div class="bg-white rounded-md border border-gray-200 p-3"><div class="flex items-start justify-between mb-2"><div class="flex items-center gap-2"><div class="w-8 h-8 bg-gradient-to-br from-gray-700 to-gray-900 rounded-full flex items-center justify-center text-white font-semibold text-sm flex-shrink-0 cursor-pointer hover:ring-2 hover:ring-gray-900 hover:ring-offset-1 transition-all">S</div><div><div class="flex items-center gap-1.5"><span class="text-sm font-semibold text-gray-900 cursor-pointer hover:underline">Sebastian Thomas</span></div><span class="text-xs text-gray-500">Nov 30, 2025, 06:17 PM</span></div></div><button class="p-1 hover:bg-gray-100 rounded-full transition-colors" type="button" id="radix-_r_60_" aria-haspopup="menu" aria-expanded="false" data-state="closed"><svg xmlns="http://www.w3.org/2000/svg" width="24" height="24" viewBox="0 0 24 24" fill="none" stroke="currentColor" stroke-width="2" stroke-linecap="round" stroke-linejoin="round" class="lucide lucide-ellipsis-vertical w-4 h-4 text-gray-600" aria-hidden="true"><circle cx="12" cy="12" r="1"></circle><circle cx="12" cy="5" r="1"></circle><circle cx="12" cy="19" r="1"></circle></svg></button></div><p class="text-sm text-gray-800 whitespace-pre-wrap mb-2">This is amazing! Great work!</p><div class="flex items-center gap-3"><div class="flex items-center gap-3"><button data-testid="reaction-button-like" class="
                            group inline-flex items-center gap-1.5 px-3 py-1.5 rounded-md font-medium text-sm transition-all duration-200
                            bg-white text-gray-700 hover:bg-gray-50 border border-gray-300
                            cursor-pointer hover:scale-105
                        " type="button" id="radix-_r_62_" aria-haspopup="menu" aria-expanded="false" data-state="closed"><span class="text-base">👍</span><span class="font-medium text-sm">Like</span></button></div><button data-testid="reply-button" class="flex items-center gap-1 text-sm text-gray-600 hover:text-gray-900 transition-colors"><svg xmlns="http://www.w3.org/2000/svg" width="24" height="24" viewBox="0 0 24 24" fill="none" stroke="currentColor" stroke-width="2" stroke-linecap="round" stroke-linejoin="round" class="lucide lucide-reply w-4 h-4" aria-hidden="true"><path d="M20 18v-2a4 4 0 0 0-4-4H4"></path><path d="m9 17-5-5 5-5"></path></svg>Reply</button></div></div><div class="mt-2 space-y-2"><div class="ml-10"><div class="bg-white rounded-md border border-gray-200 p-3"><div class="flex items-start justify-between mb-2"><div class="flex items-center gap-2"><div class="w-8 h-8 bg-gradient-to-br from-gray-700 to-gray-900 rounded-full flex items-center justify-center text-white font-semibold text-sm flex-shrink-0 cursor-pointer hover:ring-2 hover:ring-gray-900 hover:ring-offset-1 transition-all">L</div><div><div class="flex items-center gap-1.5"><span class="text-sm font-semibold text-gray-900 cursor-pointer hover:underline">Liam Brown</span></div><span class="text-xs text-gray-500">Nov 30, 2025, 06:17 PM</span></div></div><button class="p-1 hover:bg-gray-100 rounded-full transition-colors" type="button" id="radix-_r_64_" aria-haspopup="menu" aria-expanded="false" data-state="closed"><svg xmlns="http://www.w3.org/2000/svg" width="24" height="24" viewBox="0 0 24 24" fill="none" stroke="currentColor" stroke-width="2" stroke-linecap="round" stroke-linejoin="round" class="lucide lucide-ellipsis-vertical w-4 h-4 text-gray-600" aria-hidden="true"><circle cx="12" cy="12" r="1"></circle><circle cx="12" cy="5" r="1"></circle><circle cx="12" cy="19" r="1"></circle></svg></button></div><p class="text-sm text-gray-800 whitespace-pre-wrap mb-2">I agree with you!</p><div class="flex items-center gap-3"><div class="flex items-center gap-3"><button data-testid="reaction-button-like" class="
                            group inline-flex items-center gap-1.5 px-3 py-1.5 rounded-md font-medium text-sm transition-all duration-200
                            bg-white text-gray-700 hover:bg-gray-50 border border-gray-300
                            cursor-pointer hover:scale-105
                        " type="button" id="radix-_r_66_" aria-haspopup="menu" aria-expanded="false" data-state="closed"><span class="text-base">👍</span><span class="font-medium text-sm">Like</span></button></div></div></div></div><div class="ml-10"><div class="bg-white rounded-md border border-gray-200 p-3"><div class="flex items-start justify-between mb-2"><div class="flex items-center gap-2"><div class="w-8 h-8 bg-gradient-to-br from-gray-700 to-gray-900 rounded-full flex items-center justify-center text-white font-semibold text-sm flex-shrink-0 cursor-pointer hover:ring-2 hover:ring-gray-900 hover:ring-offset-1 transition-all">S</div><div><div class="flex items-center gap-1.5"><span class="text-sm font-semibold text-gray-900 cursor-pointer hover:underline">Sebastian Thomas</span></div><span class="text-xs text-gray-500">Nov 30, 2025, 06:17 PM</span></div></div><button class="p-1 hover:bg-gray-100 rounded-full transition-colors" type="button" id="radix-_r_6b_" aria-haspopup="menu" aria-expanded="false" data-state="closed"><svg xmlns="http://www.w3.org/2000/svg" width="24" height="24" viewBox="0 0 24 24" fill="none" stroke="currentColor" stroke-width="2" stroke-linecap="round" stroke-linejoin="round" class="lucide lucide-ellipsis-vertical w-4 h-4 text-gray-600" aria-hidden="true"><circle cx="12" cy="12" r="1"></circle><circle cx="12" cy="5" r="1"></circle><circle cx="12" cy="19" r="1"></circle></svg></button></div><p class="text-sm text-gray-800 whitespace-pre-wrap mb-2">Thanks for your comment!</p><div class="flex items-center gap-3"><div class="flex items-center gap-3"><button data-testid="reaction-button-like" class="
                            group inline-flex items-center gap-1.5 px-3 py-1.5 rounded-md font-medium text-sm transition-all duration-200
                            bg-white text-gray-700 hover:bg-gray-50 border border-gray-300
                            cursor-pointer hover:scale-105
                        " type="button" id="radix-_r_6d_" aria-haspopup="menu" aria-expanded="false" data-state="closed"><span class="text-base">👍</span><span class="font-medium text-sm">Like</span></button></div></div></div></div></div></div></div></div></div></div></article><article class="bg-white rounded-xl shadow-sm border border-gray-200 overflow-hidden hover:shadow-md transition-shadow"><div class="p-6"><h2 class="text-xl font-bold text-gray-900 mb-3">Tips and Tricks for Power Users</h2><p class="text-gray-600 leading-relaxed mb-6">Did you know you can quickly react by hovering over the button? Here are some tips and tricks to get the most out of our platform. Become a power user today!</p><div class="pt-4 border-t border-gray-100"><div class="flex items-center gap-3"><button data-testid="reaction-button-like" class="
                            group inline-flex items-center gap-1.5 px-3 py-1.5 rounded-md font-medium text-sm transition-all duration-200
                            bg-white text-gray-700 hover:bg-gray-50 border border-gray-300
                            cursor-pointer hover:scale-105
                        " type="button" id="radix-_r_6l_" aria-haspopup="menu" aria-expanded="false" data-state="closed"><span class="text-base">👍</span><span class="font-medium text-sm">Like</span></button><div class="flex items-center gap-1.5"><button data-testid="reaction-count-love" class="
                                    inline-flex items-center gap-1 px-2 py-1 rounded-full text-xs font-medium transition-all
                                    bg-gray-100 text-gray-700 hover:bg-gray-200
                                    cursor-pointer hover:scale-105
                                "><span class="text-base">❤️</span><span>2</span></button><button data-testid="reaction-count-like" class="
                                    inline-flex items-center gap-1 px-2 py-1 rounded-full text-xs font-medium transition-all
                                    bg-gray-100 text-gray-700 hover:bg-gray-200
                                    cursor-pointer hover:scale-105
                                "><span class="text-base">👍</span><span>1</span></button><button data-testid="reaction-count-wow" class="
                                    inline-flex items-center gap-1 px-2 py-1 rounded-full text-xs font-medium transition-all
                                    bg-gray-100 text-gray-700 hover:bg-gray-200
                                    cursor-pointer hover:scale-105
                                "><span class="text-base">😮</span><span>1</span></button><button class="p-1.5 hover:bg-gray-100 rounded-full transition-colors" title="See who reacted"><svg xmlns="http://www.w3.org/2000/svg" width="24" height="24" viewBox="0 0 24 24" fill="none" stroke="currentColor" stroke-width="2" stroke-linecap="round" stroke-linejoin="round" class="lucide lucide-chevron-down w-4 h-4 text-gray-600" aria-hidden="true"><path d="m6 9 6 6 6-6"></path></svg></button></div></div></div><div class="pt-6 border-t border-gray-100 mt-6"><div class="space-y-3"><div class="flex items-center justify-between"><div class="flex items-center gap-2"><svg xmlns="http://www.w3.org/2000/svg" width="24" height="24" viewBox="0 0 24 24" fill="none" stroke="currentColor" stroke-width="2" stroke-linecap="round" stroke-linejoin="round" class="lucide lucide-message-square w-4 h-4 text-gray-600" aria-hidden="true"><path d="M22 17a2 2 0 0 1-2 2H6.828a2 2 0 0 0-1.414.586l-2.202 2.202A.71.71 0 0 1 2 21.286V5a2 2 0 0 1 2-2h16a2 2 0 0 1 2 2z"></path></svg><h3 class="text-base font-semibold text-gray-900">Comments (4)</h3></div><button data-testid="add-comment-button" class="px-3 py-1.5 text-sm font-medium text-white bg-gray-900 rounded-md hover:bg-gray-800 transition-colors">Add Comment</button></div><div class="space-y-2"><div class=""><div class="bg-white rounded-md border border-gray-200 p-3"><div class="flex items-start justify-between mb-2"><div class="flex items-center gap-2"><div class="w-8 h-8 bg-gradient-to-br from-gray-700 to-gray-900 rounded-full flex items-center justify-center text-white font-semibold text-sm flex-shrink-0 cursor-pointer hover:ring-2 hover:ring-gray-900 hover:ring-offset-1 transition-all">V</div><div><div class="flex items-center gap-1.5"><span class="text-sm font-semibold text-gray-900 cursor-pointer hover:underline">Victoria Thomas</span></div><span class="text-xs text-gray-500">Nov 30, 2025, 06:17 PM</span></div></div><button class="p-1 hover:bg-gray-100 rounded-full transition-colors" type="button" id="radix-_r_6n_" aria-haspopup="menu" aria-expanded="false" data-state="closed"><svg xmlns="http://www.w3.org/2000/svg" width="24" height="24" viewBox="0 0 24 24" fill="none" stroke="currentColor" stroke-width="2" stroke-linecap="round" stroke-linejoin="round" class="lucide lucide-ellipsis-vertical w-4 h-4 text-gray-600" aria-hidden="true"><circle cx="12" cy="12" r="1"></circle><circle cx="12" cy="5" r="1"></circle><circle cx="12" cy="19" r="1"></circle></svg></button></div><p class="text-sm text-gray-800 whitespace-pre-wrap mb-2">Fantastic post! Keep it up!</p><div class="flex items-center gap-3"><div class="flex items-center gap-3"><button data-testid="reaction-button-like" class="
                            group inline-flex items-center gap-1.5 px-3 py-1.5 rounded-md font-medium text-sm transition-all duration-200
                            bg-white text-gray-700 hover:bg-gray-50 border border-gray-300
                            cursor-pointer hover:scale-105
                        " type="button" id="radix-_r_6p_" aria-haspopup="menu" aria-expanded="false" data-state="closed"><span class="text-base">👍</span><span class="font-medium text-sm">Like</span></button></div><button data-testid="reply-button" class="flex items-center gap-1 text-sm text-gray-600 hover:text-gray-900 transition-colors"><svg xmlns="http://www.w3.org/2000/svg" width="24" height="24" viewBox="0 0 24 24" fill="none" stroke="currentColor" stroke-width="2" stroke-linecap="round" stroke-linejoin="round" class="lucide lucide-reply w-4 h-4" aria-hidden="true"><path d="M20 18v-2a4 4 0 0 0-4-4H4"></path><path d="m9 17-5-5 5-5"></path></svg>Reply</button></div></div><div class="mt-2 space-y-2"><div class="ml-10"><div class="bg-white rounded-md border border-gray-200 p-3"><div class="flex items-start justify-between mb-2"><div class="flex items-center gap-2"><div class="w-8 h-8 bg-gradient-to-br from-gray-700 to-gray-900 rounded-full flex items-center justify-center text-white font-semibold text-sm flex-shrink-0 cursor-pointer hover:ring-2 hover:ring-gray-900 hover:ring-offset-1 transition-all">M</div><div><div class="flex items-center gap-1.5"><span class="text-sm font-semibold text-gray-900 cursor-pointer hover:underline">Mason Jones</span></div><span class="text-xs text-gray-500">Nov 30, 2025, 06:17 PM</span></div></div><button class="p-1 hover:bg-gray-100 rounded-full transition-colors" type="button" id="radix-_r_6r_" aria-haspopup="menu" aria-expanded="false" data-state="closed"><svg xmlns="http://www.w3.org/2000/svg" width="24" height="24" viewBox="0 0 24 24" fill="none" stroke="currentColor" stroke-width="2" stroke-linecap="round" stroke-linejoin="round" class="lucide lucide-ellipsis-vertical w-4 h-4 text-gray-600" aria-hidden="true"><circle cx="12" cy="12" r="1"></circle><circle cx="12" cy="5" r="1"></circle><circle cx="12" cy="19" r="1"></circle></svg></button></div><p class="text-sm text-gray-800 whitespace-pre-wrap mb-2">Interesting perspective!</p><div class="flex items-center gap-3"><div class="flex items-center gap-3"><button data-testid="reaction-button-like" class="
                            group inline-flex items-center gap-1.5 px-3 py-1.5 rounded-md font-medium text-sm transition-all duration-200
                            bg-white text-gray-700 hover:bg-gray-50 border border-gray-300
                            cursor-pointer hover:scale-105
                        " type="button" id="radix-_r_6t_" aria-haspopup="menu" aria-expanded="false" data-state="closed"><span class="text-base">👍</span><span class="font-medium text-sm">Like</span></button></div></div></div></div></div></div><div class=""><div class="bg-white rounded-md border border-gray-200 p-3"><div class="flex items-start justify-between mb-2"><div class="flex items-center gap-2"><div class="w-8 h-8 bg-gradient-to-br from-gray-700 to-gray-900 rounded-full flex items-center justify-center text-white font-semibold text-sm flex-shrink-0 cursor-pointer hover:ring-2 hover:ring-gray-900 hover:ring-offset-1 transition-all">B</div><div><div class="flex items-center gap-1.5"><span class="text-sm font-semibold text-gray-900 cursor-pointer hover:underline">Benjamin Moore</span></div><span class="text-xs text-gray-500">Nov 30, 2025, 06:17 PM</span></div></div><button class="p-1 hover:bg-gray-100 rounded-full transition-colors" type="button" id="radix-_r_75_" aria-haspopup="menu" aria-expanded="false" data-state="closed"><svg xmlns="http://www.w3.org/2000/svg" width="24" height="24" viewBox="0 0 24 24" fill="none" stroke="currentColor" stroke-width="2" stroke-linecap="round" stroke-linejoin="round" class="lucide lucide-ellipsis-vertical w-4 h-4 text-gray-600" aria-hidden="true"><circle cx="12" cy="12" r="1"></circle><circle cx="12" cy="5" r="1"></circle><circle cx="12" cy="19" r="1"></circle></svg></button></div><p class="text-sm text-gray-800 whitespace-pre-wrap mb-2">This resonates with me so much.</p><div class="flex items-center gap-3"><div class="flex items-center gap-3"><button data-testid="reaction-button-like" class="
                            group inline-flex items-center gap-1.5 px-3 py-1.5 rounded-md font-medium text-sm transition-all duration-200
                            bg-white text-gray-700 hover:bg-gray-50 border border-gray-300
                            cursor-pointer hover:scale-105
                        " type="button" id="radix-_r_77_" aria-haspopup="menu" aria-expanded="false" data-state="closed"><span class="text-base">👍</span><span class="font-medium text-sm">Like</span></button></div><button data-testid="reply-button" class="flex items-center gap-1 text-sm text-gray-600 hover:text-gray-900 transition-colors"><svg xmlns="http://www.w3.org/2000/svg" width="24" height="24" viewBox="0 0 24 24" fill="none" stroke="currentColor" stroke-width="2" stroke-linecap="round" stroke-linejoin="round" class="lucide lucide-reply w-4 h-4" aria-hidden="true"><path d="M20 18v-2a4 4 0 0 0-4-4H4"></path><path d="m9 17-5-5 5-5"></path></svg>Reply</button></div></div><div class="mt-2 space-y-2"><div class="ml-10"><div class="bg-white rounded-md border border-gray-200 p-3"><div class="flex items-start justify-between mb-2"><div class="flex items-center gap-2"><div class="w-8 h-8 bg-gradient-to-br from-gray-700 to-gray-900 rounded-full flex items-center justify-center text-white font-semibold text-sm flex-shrink-0 cursor-pointer hover:ring-2 hover:ring-gray-900 hover:ring-offset-1 transition-all">L</div><div><div class="flex items-center gap-1.5"><span class="text-sm font-semibold text-gray-900 cursor-pointer hover:underline">Liam Brown</span></div><span class="text-xs text-gray-500">Nov 30, 2025, 06:17 PM</span></div></div><button class="p-1 hover:bg-gray-100 rounded-full transition-colors" type="button" id="radix-_r_79_" aria-haspopup="menu" aria-expanded="false" data-state="closed"><svg xmlns="http://www.w3.org/2000/svg" width="24" height="24" viewBox="0 0 24 24" fill="none" stroke="currentColor" stroke-width="2" stroke-linecap="round" stroke-linejoin="round" class="lucide lucide-ellipsis-vertical w-4 h-4 text-gray-600" aria-hidden="true"><circle cx="12" cy="12" r="1"></circle><circle cx="12" cy="5" r="1"></circle><circle cx="12" cy="19" r="1"></circle></svg></button></div><p class="text-sm text-gray-800 whitespace-pre-wrap mb-2">I agree with you!</p><div class="flex items-center gap-3"><div class="flex items-center gap-3"><button data-testid="reaction-button-like" class="
                            group inline-flex items-center gap-1.5 px-3 py-1.5 rounded-md font-medium text-sm transition-all duration-200
                            bg-white text-gray-700 hover:bg-gray-50 border border-gray-300
                            cursor-pointer hover:scale-105
                        " type="button" id="radix-_r_7b_" aria-haspopup="menu" aria-expanded="false" data-state="closed"><span class="text-base">👍</span><span class="font-medium text-sm">Like</span></button></div></div></div></div><div class="ml-10"><div class="bg-white rounded-md border border-gray-200 p-3"><div class="flex items-start justify-between mb-2"><div class="flex items-center gap-2"><div class="w-8 h-8 bg-gradient-to-br from-gray-700 to-gray-900 rounded-full flex items-center justify-center text-white font-semibold text-sm flex-shrink-0 cursor-pointer hover:ring-2 hover:ring-gray-900 hover:ring-offset-1 transition-all">O</div><div><div class="flex items-center gap-1.5"><span class="text-sm font-semibold text-gray-900 cursor-pointer hover:underline">Owen Anderson</span></div><span class="text-xs text-gray-500">Nov 30, 2025, 06:17 PM</span></div></div><button class="p-1 hover:bg-gray-100 rounded-full transition-colors" type="button" id="radix-_r_7g_" aria-haspopup="menu" aria-expanded="false" data-state="closed"><svg xmlns="http://www.w3.org/2000/svg" width="24" height="24" viewBox="0 0 24 24" fill="none" stroke="currentColor" stroke-width="2" stroke-linecap="round" stroke-linejoin="round" class="lucide lucide-ellipsis-vertical w-4 h-4 text-gray-600" aria-hidden="true"><circle cx="12" cy="12" r="1"></circle><circle cx="12" cy="5" r="1"></circle><circle cx="12" cy="19" r="1"></circle></svg></button></div><p class="text-sm text-gray-800 whitespace-pre-wrap mb-2">Thanks for your comment!</p><div class="flex items-center gap-3"><div class="flex items-center gap-3"><button data-testid="reaction-button-like" class="
                            group inline-flex items-center gap-1.5 px-3 py-1.5 rounded-md font-medium text-sm transition-all duration-200
                            bg-white text-gray-700 hover:bg-gray-50 border border-gray-300
                            cursor-pointer hover:scale-105
                        " type="button" id="radix-_r_7i_" aria-haspopup="menu" aria-expanded="false" data-state="closed"><span class="text-base">👍</span><span class="font-medium text-sm">Like</span></button></div></div></div></div></div></div><div class=""><div class="bg-white rounded-md border border-gray-200 p-3"><div class="flex items-start justify-between mb-2"><div class="flex items-center gap-2"><div class="w-8 h-8 bg-gradient-to-br from-gray-700 to-gray-900 rounded-full flex items-center justify-center text-white font-semibold text-sm flex-shrink-0 cursor-pointer hover:ring-2 hover:ring-gray-900 hover:ring-offset-1 transition-all">E</div><div><div class="flex items-center gap-1.5"><span class="text-sm font-semibold text-gray-900 cursor-pointer hover:underline">Ethan Clark</span></div><span class="text-xs text-gray-500">Nov 30, 2025, 06:17 PM</span></div></div><button class="p-1 hover:bg-gray-100 rounded-full transition-colors" type="button" id="radix-_r_7q_" aria-haspopup="menu" aria-expanded="false" data-state="closed"><svg xmlns="http://www.w3.org/2000/svg" width="24" height="24" viewBox="0 0 24 24" fill="none" stroke="currentColor" stroke-width="2" stroke-linecap="round" stroke-linejoin="round" class="lucide lucide-ellipsis-vertical w-4 h-4 text-gray-600" aria-hidden="true"><circle cx="12" cy="12" r="1"></circle><circle cx="12" cy="5" r="1"></circle><circle cx="12" cy="19" r="1"></circle></svg></button></div><p class="text-sm text-gray-800 whitespace-pre-wrap mb-2">Well said! Couldn't agree more.</p><div class="flex items-center gap-3"><div class="flex items-center gap-3"><button data-testid="reaction-button-like" class="
                            group inline-flex items-center gap-1.5 px-3 py-1.5 rounded-md font-medium text-sm transition-all duration-200
                            bg-white text-gray-700 hover:bg-gray-50 border border-gray-300
                            cursor-pointer hover:scale-105
                        " type="button" id="radix-_r_7s_" aria-haspopup="menu" aria-expanded="false" data-state="closed"><span class="text-base">👍</span><span class="font-medium text-sm">Like</span></button></div><button data-testid="reply-button" class="flex items-center gap-1 text-sm text-gray-600 hover:text-gray-900 transition-colors"><svg xmlns="http://www.w3.org/2000/svg" width="24" height="24" viewBox="0 0 24 24" fill="none" stroke="currentColor" stroke-width="2" stroke-linecap="round" stroke-linejoin="round" class="lucide lucide-reply w-4 h-4" aria-hidden="true"><path d="M20 18v-2a4 4 0 0 0-4-4H4"></path><path d="m9 17-5-5 5-5"></path></svg>Reply</button></div></div></div><div class=""><div class="bg-white rounded-md border border-gray-200 p-3"><div class="flex items-start justify-between mb-2"><div class="flex items-center gap-2"><div class="w-8 h-8 bg-gradient-to-br from-gray-700 to-gray-900 rounded-full flex items-center justify-center text-white font-semibold text-sm flex-shrink-0 cursor-pointer hover:ring-2 hover:ring-gray-900 hover:ring-offset-1 transition-all">L</div><div><div class="flex items-center gap-1.5"><span class="text-sm font-semibold text-gray-900 cursor-pointer hover:underline">Luke Wilson</span></div><span class="text-xs text-gray-500">Nov 30, 2025, 06:17 PM</span></div></div><button class="p-1 hover:bg-gray-100 rounded-full transition-colors" type="button" id="radix-_r_81_" aria-haspopup="menu" aria-expanded="false" data-state="closed"><svg xmlns="http://www.w3.org/2000/svg" width="24" height="24" viewBox="0 0 24 24" fill="none" stroke="currentColor" stroke-width="2" stroke-linecap="round" stroke-linejoin="round" class="lucide lucide-ellipsis-vertical w-4 h-4 text-gray-600" aria-hidden="true"><circle cx="12" cy="12" r="1"></circle><circle cx="12" cy="5" r="1"></circle><circle cx="12" cy="19" r="1"></circle></svg></button></div><p class="text-sm text-gray-800 whitespace-pre-wrap mb-2">Fantastic post! Keep it up!</p><div class="flex items-center gap-3"><div class="flex items-center gap-3"><button data-testid="reaction-button-like" class="
                            group inline-flex items-center gap-1.5 px-3 py-1.5 rounded-md font-medium text-sm transition-all duration-200
                            bg-white text-gray-700 hover:bg-gray-50 border border-gray-300
                            cursor-pointer hover:scale-105
                        " type="button" id="radix-_r_83_" aria-haspopup="menu" aria-expanded="false" data-state="closed"><span class="text-base">👍</span><span class="font-medium text-sm">Like</span></button></div><button data-testid="reply-button" class="flex items-center gap-1 text-sm text-gray-600 hover:text-gray-900 transition-colors"><svg xmlns="http://www.w3.org/2000/svg" width="24" height="24" viewBox="0 0 24 24" fill="none" stroke="currentColor" stroke-width="2" stroke-linecap="round" stroke-linejoin="round" class="lucide lucide-reply w-4 h-4" aria-hidden="true"><path d="M20 18v-2a4 4 0 0 0-4-4H4"></path><path d="m9 17-5-5 5-5"></path></svg>Reply</button></div></div></div></div></div></div></div></article><article class="bg-white rounded-xl shadow-sm border border-gray-200 overflow-hidden hover:shadow-md transition-shadow"><div class="p-6"><h2 class="text-xl font-bold text-gray-900 mb-3">Upcoming Events and Webinars</h2><p class="text-gray-600 leading-relaxed mb-6">Join us for our upcoming webinar series where we will dive deep into advanced features and best practices. React to this post if you are interested in attending!</p><div class="pt-4 border-t border-gray-100"><div class="flex items-center gap-3"><button data-testid="reaction-button-like" class="
                            group inline-flex items-center gap-1.5 px-3 py-1.5 rounded-md font-medium text-sm transition-all duration-200
                            bg-white text-gray-700 hover:bg-gray-50 border border-gray-300
                            cursor-pointer hover:scale-105
                        " type="button" id="radix-_r_88_" aria-haspopup="menu" aria-expanded="false" data-state="closed"><span class="text-base">👍</span><span class="font-medium text-sm">Like</span></button><div class="flex items-center gap-1.5"><button data-testid="reaction-count-like" class="
                                    inline-flex items-center gap-1 px-2 py-1 rounded-full text-xs font-medium transition-all
                                    bg-gray-100 text-gray-700 hover:bg-gray-200
                                    cursor-pointer hover:scale-105
                                "><span class="text-base">👍</span><span>1</span></button><button data-testid="reaction-count-haha" class="
                                    inline-flex items-center gap-1 px-2 py-1 rounded-full text-xs font-medium transition-all
                                    bg-gray-100 text-gray-700 hover:bg-gray-200
                                    cursor-pointer hover:scale-105
                                "><span class="text-base">😂</span><span>1</span></button><button data-testid="reaction-count-angry" class="
                                    inline-flex items-center gap-1 px-2 py-1 rounded-full text-xs font-medium transition-all
                                    bg-gray-100 text-gray-700 hover:bg-gray-200
                                    cursor-pointer hover:scale-105
                                "><span class="text-base">😠</span><span>1</span></button><button class="p-1.5 hover:bg-gray-100 rounded-full transition-colors" title="See who reacted"><svg xmlns="http://www.w3.org/2000/svg" width="24" height="24" viewBox="0 0 24 24" fill="none" stroke="currentColor" stroke-width="2" stroke-linecap="round" stroke-linejoin="round" class="lucide lucide-chevron-down w-4 h-4 text-gray-600" aria-hidden="true"><path d="m6 9 6 6 6-6"></path></svg></button></div></div></div><div class="pt-6 border-t border-gray-100 mt-6"><div class="space-y-3"><div class="flex items-center justify-between"><div class="flex items-center gap-2"><svg xmlns="http://www.w3.org/2000/svg" width="24" height="24" viewBox="0 0 24 24" fill="none" stroke="currentColor" stroke-width="2" stroke-linecap="round" stroke-linejoin="round" class="lucide lucide-message-square w-4 h-4 text-gray-600" aria-hidden="true"><path d="M22 17a2 2 0 0 1-2 2H6.828a2 2 0 0 0-1.414.586l-2.202 2.202A.71.71 0 0 1 2 21.286V5a2 2 0 0 1 2-2h16a2 2 0 0 1 2 2z"></path></svg><h3 class="text-base font-semibold text-gray-900">Comments (5)</h3></div><button data-testid="add-comment-button" class="px-3 py-1.5 text-sm font-medium text-white bg-gray-900 rounded-md hover:bg-gray-800 transition-colors">Add Comment</button></div><div class="space-y-2"><div class=""><div class="bg-white rounded-md border border-gray-200 p-3"><div class="flex items-start justify-between mb-2"><div class="flex items-center gap-2"><div class="w-8 h-8 bg-gradient-to-br from-gray-700 to-gray-900 rounded-full flex items-center justify-center text-white font-semibold text-sm flex-shrink-0 cursor-pointer hover:ring-2 hover:ring-gray-900 hover:ring-offset-1 transition-all">N</div><div><div class="flex items-center gap-1.5"><span class="text-sm font-semibold text-gray-900 cursor-pointer hover:underline">Noah Moore</span></div><span class="text-xs text-gray-500">Nov 30, 2025, 06:17 PM</span></div></div><button class="p-1 hover:bg-gray-100 rounded-full transition-colors" type="button" id="radix-_r_8a_" aria-haspopup="menu" aria-expanded="false" data-state="closed"><svg xmlns="http://www.w3.org/2000/svg" width="24" height="24" viewBox="0 0 24 24" fill="none" stroke="currentColor" stroke-width="2" stroke-linecap="round" stroke-linejoin="round" class="lucide lucide-ellipsis-vertical w-4 h-4 text-gray-600" aria-hidden="true"><circle cx="12" cy="12" r="1"></circle><circle cx="12" cy="5" r="1"></circle><circle cx="12" cy="19" r="1"></circle></svg></button></div><p class="text-sm text-gray-800 whitespace-pre-wrap mb-2">This deserves more attention.</p><div class="flex items-center gap-3"><div class="flex items-center gap-3"><button data-testid="reaction-button-like" class="
                            group inline-flex items-center gap-1.5 px-3 py-1.5 rounded-md font-medium text-sm transition-all duration-200
                            bg-white text-gray-700 hover:bg-gray-50 border border-gray-300
                            cursor-pointer hover:scale-105
                        " type="button" id="radix-_r_8c_" aria-haspopup="menu" aria-expanded="false" data-state="closed"><span class="text-base">👍</span><span class="font-medium text-sm">Like</span></button></div><button data-testid="reply-button" class="flex items-center gap-1 text-sm text-gray-600 hover:text-gray-900 transition-colors"><svg xmlns="http://www.w3.org/2000/svg" width="24" height="24" viewBox="0 0 24 24" fill="none" stroke="currentColor" stroke-width="2" stroke-linecap="round" stroke-linejoin="round" class="lucide lucide-reply w-4 h-4" aria-hidden="true"><path d="M20 18v-2a4 4 0 0 0-4-4H4"></path><path d="m9 17-5-5 5-5"></path></svg>Reply</button></div></div></div><div class=""><div class="bg-white rounded-md border border-gray-200 p-3"><div class="flex items-start justify-between mb-2"><div class="flex items-center gap-2"><div class="w-8 h-8 bg-gradient-to-br from-gray-700 to-gray-900 rounded-full flex items-center justify-center text-white font-semibold text-sm flex-shrink-0 cursor-pointer hover:ring-2 hover:ring-gray-900 hover:ring-offset-1 transition-all">E</div><div><div class="flex items-center gap-1.5"><span class="text-sm font-semibold text-gray-900 cursor-pointer hover:underline">Emily Thomas</span></div><span class="text-xs text-gray-500">Nov 30, 2025, 06:17 PM</span></div></div><button class="p-1 hover:bg-gray-100 rounded-full transition-colors" type="button" id="radix-_r_8h_" aria-haspopup="menu" aria-expanded="false" data-state="closed"><svg xmlns="http://www.w3.org/2000/svg" width="24" height="24" viewBox="0 0 24 24" fill="none" stroke="currentColor" stroke-width="2" stroke-linecap="round" stroke-linejoin="round" class="lucide lucide-ellipsis-vertical w-4 h-4 text-gray-600" aria-hidden="true"><circle cx="12" cy="12" r="1"></circle><circle cx="12" cy="5" r="1"></circle><circle cx="12" cy="19" r="1"></circle></svg></button></div><p class="text-sm text-gray-800 whitespace-pre-wrap mb-2">Well said! Couldn't agree more.</p><div class="flex items-center gap-3"><div class="flex items-center gap-3"><button data-testid="reaction-button-like" class="
                            group inline-flex items-center gap-1.5 px-3 py-1.5 rounded-md font-medium text-sm transition-all duration-200
                            bg-white text-gray-700 hover:bg-gray-50 border border-gray-300
                            cursor-pointer hover:scale-105
                        " type="button" id="radix-_r_8j_" aria-haspopup="menu" aria-expanded="false" data-state="closed"><span class="text-base">👍</span><span class="font-medium text-sm">Like</span></button></div><button data-testid="reply-button" class="flex items-center gap-1 text-sm text-gray-600 hover:text-gray-900 transition-colors"><svg xmlns="http://www.w3.org/2000/svg" width="24" height="24" viewBox="0 0 24 24" fill="none" stroke="currentColor" stroke-width="2" stroke-linecap="round" stroke-linejoin="round" class="lucide lucide-reply w-4 h-4" aria-hidden="true"><path d="M20 18v-2a4 4 0 0 0-4-4H4"></path><path d="m9 17-5-5 5-5"></path></svg>Reply</button></div></div></div><div class=""><div class="bg-white rounded-md border border-gray-200 p-3"><div class="flex items-start justify-between mb-2"><div class="flex items-center gap-2"><div class="w-8 h-8 bg-gradient-to-br from-gray-700 to-gray-900 rounded-full flex items-center justify-center text-white font-semibold text-sm flex-shrink-0 cursor-pointer hover:ring-2 hover:ring-gray-900 hover:ring-offset-1 transition-all">J</div><div><div class="flex items-center gap-1.5"><span class="text-sm font-semibold text-gray-900 cursor-pointer hover:underline">Jackson Jackson</span></div><span class="text-xs text-gray-500">Nov 30, 2025, 06:17 PM</span></div></div><button class="p-1 hover:bg-gray-100 rounded-full transition-colors" type="button" id="radix-_r_8o_" aria-haspopup="menu" aria-expanded="false" data-state="closed"><svg xmlns="http://www.w3.org/2000/svg" width="24" height="24" viewBox="0 0 24 24" fill="none" stroke="currentColor" stroke-width="2" stroke-linecap="round" stroke-linejoin="round" class="lucide lucide-ellipsis-vertical w-4 h-4 text-gray-600" aria-hidden="true"><circle cx="12" cy="12" r="1"></circle><circle cx="12" cy="5" r="1"></circle><circle cx="12" cy="19" r="1"></circle></svg></button></div><p class="text-sm text-gray-800 whitespace-pre-wrap mb-2">Fantastic post! Keep it up!</p><div class="flex items-center gap-3"><div class="flex items-center gap-3"><button data-testid="reaction-button-like" class="
                            group inline-flex items-center gap-1.5 px-3 py-1.5 rounded-md font-medium text-sm transition-all duration-200
                            bg-white text-gray-700 hover:bg-gray-50 border border-gray-300
                            cursor-pointer hover:scale-105
                        " type="button" id="radix-_r_8q_" aria-haspopup="menu" aria-expanded="false" data-state="closed"><span class="text-base">👍</span><span class="font-medium text-sm">Like</span></button></div><button data-testid="reply-button" class="flex items-center gap-1 text-sm text-gray-600 hover:text-gray-900 transition-colors"><svg xmlns="http://www.w3.org/2000/svg" width="24" height="24" viewBox="0 0 24 24" fill="none" stroke="currentColor" stroke-width="2" stroke-linecap="round" stroke-linejoin="round" class="lucide lucide-reply w-4 h-4" aria-hidden="true"><path d="M20 18v-2a4 4 0 0 0-4-4H4"></path><path d="m9 17-5-5 5-5"></path></svg>Reply</button></div></div><div class="mt-2 space-y-2"><div class="ml-10"><div class="bg-white rounded-md border border-gray-200 p-3"><div class="flex items-start justify-between mb-2"><div class="flex items-center gap-2"><div class="w-8 h-8 bg-gradient-to-br from-gray-700 to-gray-900 rounded-full flex items-center justify-center text-white font-semibold text-sm flex-shrink-0 cursor-pointer hover:ring-2 hover:ring-gray-900 hover:ring-offset-1 transition-all">J</div><div><div class="flex items-center gap-1.5"><span class="text-sm font-semibold text-gray-900 cursor-pointer hover:underline">Jackson Jackson</span></div><span class="text-xs text-gray-500">Nov 30, 2025, 06:17 PM</span></div></div><button class="p-1 hover:bg-gray-100 rounded-full transition-colors" type="button" id="radix-_r_8s_" aria-haspopup="menu" aria-expanded="false" data-state="closed"><svg xmlns="http://www.w3.org/2000/svg" width="24" height="24" viewBox="0 0 24 24" fill="none" stroke="currentColor" stroke-width="2" stroke-linecap="round" stroke-linejoin="round" class="lucide lucide-ellipsis-vertical w-4 h-4 text-gray-600" aria-hidden="true"><circle cx="12" cy="12" r="1"></circle><circle cx="12" cy="5" r="1"></circle><circle cx="12" cy="19" r="1"></circle></svg></button></div><p class="text-sm text-gray-800 whitespace-pre-wrap mb-2">I agree with you!</p><div class="flex items-center gap-3"><div class="flex items-center gap-3"><button data-testid="reaction-button-like" class="
                            group inline-flex items-center gap-1.5 px-3 py-1.5 rounded-md font-medium text-sm transition-all duration-200
                            bg-white text-gray-700 hover:bg-gray-50 border border-gray-300
                            cursor-pointer hover:scale-105
                        " type="button" id="radix-_r_8u_" aria-haspopup="menu" aria-expanded="false" data-state="closed"><span class="text-base">👍</span><span class="font-medium text-sm">Like</span></button></div></div></div></div><div class="ml-10"><div class="bg-white rounded-md border border-gray-200 p-3"><div class="flex items-start justify-between mb-2"><div class="flex items-center gap-2"><div class="w-8 h-8 bg-gradient-to-br from-gray-700 to-gray-900 rounded-full flex items-center justify-center text-white font-semibold text-sm flex-shrink-0 cursor-pointer hover:ring-2 hover:ring-gray-900 hover:ring-offset-1 transition-all">S</div><div><div class="flex items-center gap-1.5"><span class="text-sm font-semibold text-gray-900 cursor-pointer hover:underline">Sebastian Thomas</span></div><span class="text-xs text-gray-500">Nov 30, 2025, 06:17 PM</span></div></div><button class="p-1 hover:bg-gray-100 rounded-full transition-colors" type="button" id="radix-_r_93_" aria-haspopup="menu" aria-expanded="false" data-state="closed"><svg xmlns="http://www.w3.org/2000/svg" width="24" height="24" viewBox="0 0 24 24" fill="none" stroke="currentColor" stroke-width="2" stroke-linecap="round" stroke-linejoin="round" class="lucide lucide-ellipsis-vertical w-4 h-4 text-gray-600" aria-hidden="true"><circle cx="12" cy="12" r="1"></circle><circle cx="12" cy="5" r="1"></circle><circle cx="12" cy="19" r="1"></circle></svg></button></div><p class="text-sm text-gray-800 whitespace-pre-wrap mb-2">Interesting perspective!</p><div class="flex items-center gap-3"><div class="flex items-center gap-3"><button data-testid="reaction-button-like" class="
                            group inline-flex items-center gap-1.5 px-3 py-1.5 rounded-md font-medium text-sm transition-all duration-200
                            bg-white text-gray-700 hover:bg-gray-50 border border-gray-300
                            cursor-pointer hover:scale-105
                        " type="button" id="radix-_r_95_" aria-haspopup="menu" aria-expanded="false" data-state="closed"><span class="text-base">👍</span><span class="font-medium text-sm">Like</span></button></div></div></div></div></div></div><div class=""><div class="bg-white rounded-md border border-gray-200 p-3"><div class="flex items-start justify-between mb-2"><div class="flex items-center gap-2"><div class="w-8 h-8 bg-gradient-to-br from-gray-700 to-gray-900 rounded-full flex items-center justify-center text-white font-semibold text-sm flex-shrink-0 cursor-pointer hover:ring-2 hover:ring-gray-900 hover:ring-offset-1 transition-all">M</div><div><div class="flex items-center gap-1.5"><span class="text-sm font-semibold text-gray-900 cursor-pointer hover:underline">Mason Jones</span></div><span class="text-xs text-gray-500">Nov 30, 2025, 06:17 PM</span></div></div><button class="p-1 hover:bg-gray-100 rounded-full transition-colors" type="button" id="radix-_r_9d_" aria-haspopup="menu" aria-expanded="false" data-state="closed"><svg xmlns="http://www.w3.org/2000/svg" width="24" height="24" viewBox="0 0 24 24" fill="none" stroke="currentColor" stroke-width="2" stroke-linecap="round" stroke-linejoin="round" class="lucide lucide-ellipsis-vertical w-4 h-4 text-gray-600" aria-hidden="true"><circle cx="12" cy="12" r="1"></circle><circle cx="12" cy="5" r="1"></circle><circle cx="12" cy="19" r="1"></circle></svg></button></div><p class="text-sm text-gray-800 whitespace-pre-wrap mb-2">Could you elaborate more on this?</p><div class="flex items-center gap-3"><div class="flex items-center gap-3"><button data-testid="reaction-button-like" class="
                            group inline-flex items-center gap-1.5 px-3 py-1.5 rounded-md font-medium text-sm transition-all duration-200
                            bg-white text-gray-700 hover:bg-gray-50 border border-gray-300
                            cursor-pointer hover:scale-105
                        " type="button" id="radix-_r_9f_" aria-haspopup="menu" aria-expanded="false" data-state="closed"><span class="text-base">👍</span><span class="font-medium text-sm">Like</span></button></div><button data-testid="reply-button" class="flex items-center gap-1 text-sm text-gray-600 hover:text-gray-900 transition-colors"><svg xmlns="http://www.w3.org/2000/svg" width="24" height="24" viewBox="0 0 24 24" fill="none" stroke="currentColor" stroke-width="2" stroke-linecap="round" stroke-linejoin="round" class="lucide lucide-reply w-4 h-4" aria-hidden="true"><path d="M20 18v-2a4 4 0 0 0-4-4H4"></path><path d="m9 17-5-5 5-5"></path></svg>Reply</button></div></div><div class="mt-2 space-y-2"><div class="ml-10"><div class="bg-white rounded-md border border-gray-200 p-3"><div class="flex items-start justify-between mb-2"><div class="flex items-center gap-2"><div class="w-8 h-8 bg-gradient-to-br from-gray-700 to-gray-900 rounded-full flex items-center justify-center text-white font-semibold text-sm flex-shrink-0 cursor-pointer hover:ring-2 hover:ring-gray-900 hover:ring-offset-1 transition-all">M</div><div><div class="flex items-center gap-1.5"><span class="text-sm font-semibold text-gray-900 cursor-pointer hover:underline">Mia Davis</span></div><span class="text-xs text-gray-500">Nov 30, 2025, 06:17 PM</span></div></div><button class="p-1 hover:bg-gray-100 rounded-full transition-colors" type="button" id="radix-_r_9h_" aria-haspopup="menu" aria-expanded="false" data-state="closed"><svg xmlns="http://www.w3.org/2000/svg" width="24" height="24" viewBox="0 0 24 24" fill="none" stroke="currentColor" stroke-width="2" stroke-linecap="round" stroke-linejoin="round" class="lucide lucide-ellipsis-vertical w-4 h-4 text-gray-600" aria-hidden="true"><circle cx="12" cy="12" r="1"></circle><circle cx="12" cy="5" r="1"></circle><circle cx="12" cy="19" r="1"></circle></svg></button></div><p class="text-sm text-gray-800 whitespace-pre-wrap mb-2">Interesting perspective!</p><div class="flex items-center gap-3"><div class="flex items-center gap-3"><button data-testid="reaction-button-like" class="
                            group inline-flex items-center gap-1.5 px-3 py-1.5 rounded-md font-medium text-sm transition-all duration-200
                            bg-white text-gray-700 hover:bg-gray-50 border border-gray-300
                            cursor-pointer hover:scale-105
                        " type="button" id="radix-_r_9j_" aria-haspopup="menu" aria-expanded="false" data-state="closed"><span class="text-base">👍</span><span class="font-medium text-sm">Like</span></button></div></div></div></div><div class="ml-10"><div class="bg-white rounded-md border border-gray-200 p-3"><div class="flex items-start justify-between mb-2"><div class="flex items-center gap-2"><div class="w-8 h-8 bg-gradient-to-br from-gray-700 to-gray-900 rounded-full flex items-center justify-center text-white font-semibold text-sm flex-shrink-0 cursor-pointer hover:ring-2 hover:ring-gray-900 hover:ring-offset-1 transition-all">L</div><div><div class="flex items-center gap-1.5"><span class="text-sm font-semibold text-gray-900 cursor-pointer hover:underline">Lily Martinez</span></div><span class="text-xs text-gray-500">Nov 30, 2025, 06:17 PM</span></div></div><button class="p-1 hover:bg-gray-100 rounded-full transition-colors" type="button" id="radix-_r_9o_" aria-haspopup="menu" aria-expanded="false" data-state="closed"><svg xmlns="http://www.w3.org/2000/svg" width="24" height="24" viewBox="0 0 24 24" fill="none" stroke="currentColor" stroke-width="2" stroke-linecap="round" stroke-linejoin="round" class="lucide lucide-ellipsis-vertical w-4 h-4 text-gray-600" aria-hidden="true"><circle cx="12" cy="12" r="1"></circle><circle cx="12" cy="5" r="1"></circle><circle cx="12" cy="19" r="1"></circle></svg></button></div><p class="text-sm text-gray-800 whitespace-pre-wrap mb-2">Thanks for your comment!</p><div class="flex items-center gap-3"><div class="flex items-center gap-3"><button data-testid="reaction-button-like" class="
                            group inline-flex items-center gap-1.5 px-3 py-1.5 rounded-md font-medium text-sm transition-all duration-200
                            bg-white text-gray-700 hover:bg-gray-50 border border-gray-300
                            cursor-pointer hover:scale-105
                        " type="button" id="radix-_r_9q_" aria-haspopup="menu" aria-expanded="false" data-state="closed"><span class="text-base">👍</span><span class="font-medium text-sm">Like</span></button></div></div></div></div></div></div><div class=""><div class="bg-white rounded-md border border-gray-200 p-3"><div class="flex items-start justify-between mb-2"><div class="flex items-center gap-2"><div class="w-8 h-8 bg-gradient-to-br from-gray-700 to-gray-900 rounded-full flex items-center justify-center text-white font-semibold text-sm flex-shrink-0 cursor-pointer hover:ring-2 hover:ring-gray-900 hover:ring-offset-1 transition-all">A</div><div><div class="flex items-center gap-1.5"><span class="text-sm font-semibold text-gray-900 cursor-pointer hover:underline">Amelia Anderson</span></div><span class="text-xs text-gray-500">Nov 30, 2025, 06:17 PM</span></div></div><button class="p-1 hover:bg-gray-100 rounded-full transition-colors" type="button" id="radix-_r_a2_" aria-haspopup="menu" aria-expanded="false" data-state="closed"><svg xmlns="http://www.w3.org/2000/svg" width="24" height="24" viewBox="0 0 24 24" fill="none" stroke="currentColor" stroke-width="2" stroke-linecap="round" stroke-linejoin="round" class="lucide lucide-ellipsis-vertical w-4 h-4 text-gray-600" aria-hidden="true"><circle cx="12" cy="12" r="1"></circle><circle cx="12" cy="5" r="1"></circle><circle cx="12" cy="19" r="1"></circle></svg></button></div><p class="text-sm text-gray-800 whitespace-pre-wrap mb-2">I totally agree with this.</p><div class="flex items-center gap-3"><div class="flex items-center gap-3"><button data-testid="reaction-button-like" class="
                            group inline-flex items-center gap-1.5 px-3 py-1.5 rounded-md font-medium text-sm transition-all duration-200
                            bg-white text-gray-700 hover:bg-gray-50 border border-gray-300
                            cursor-pointer hover:scale-105
                        " type="button" id="radix-_r_a4_" aria-haspopup="menu" aria-expanded="false" data-state="closed"><span class="text-base">👍</span><span class="font-medium text-sm">Like</span></button></div><button data-testid="reply-button" class="flex items-center gap-1 text-sm text-gray-600 hover:text-gray-900 transition-colors"><svg xmlns="http://www.w3.org/2000/svg" width="24" height="24" viewBox="0 0 24 24" fill="none" stroke="currentColor" stroke-width="2" stroke-linecap="round" stroke-linejoin="round" class="lucide lucide-reply w-4 h-4" aria-hidden="true"><path d="M20 18v-2a4 4 0 0 0-4-4H4"></path><path d="m9 17-5-5 5-5"></path></svg>Reply</button></div></div></div></div></div></div></div></article><article class="bg-white rounded-xl shadow-sm border border-gray-200 overflow-hidden hover:shadow-md transition-shadow"><div class="p-6"><h2 class="text-xl font-bold text-gray-900 mb-3">Thank You for 10K Users!</h2><p class="text-gray-600 leading-relaxed mb-6">We have reached an incredible milestone - 10,000 users! Thank you all for your support and engagement. We could not have done it without you. React with a ❤️ to celebrate with us!</p><div class="pt-4 border-t border-gray-100"><div class="flex items-center gap-3"><button data-testid="reaction-button-like" class="
                            group inline-flex items-center gap-1.5 px-3 py-1.5 rounded-md font-medium text-sm transition-all duration-200
                            bg-white text-gray-700 hover:bg-gray-50 border border-gray-300
                            cursor-pointer hover:scale-105
                        " type="button" id="radix-_r_a9_" aria-haspopup="menu" aria-expanded="false" data-state="closed"><span class="text-base">👍</span><span class="font-medium text-sm">Like</span></button><div class="flex items-center gap-1.5"><button data-testid="reaction-count-like" class="
                                    inline-flex items-center gap-1 px-2 py-1 rounded-full text-xs font-medium transition-all
                                    bg-gray-100 text-gray-700 hover:bg-gray-200
                                    cursor-pointer hover:scale-105
                                "><span class="text-base">👍</span><span>2</span></button><button data-testid="reaction-count-haha" class="
                                    inline-flex items-center gap-1 px-2 py-1 rounded-full text-xs font-medium transition-all
                                    bg-gray-100 text-gray-700 hover:bg-gray-200
                                    cursor-pointer hover:scale-105
                                "><span class="text-base">😂</span><span>1</span></button><button data-testid="reaction-count-wow" class="
                                    inline-flex items-center gap-1 px-2 py-1 rounded-full text-xs font-medium transition-all
                                    bg-gray-100 text-gray-700 hover:bg-gray-200
                                    cursor-pointer hover:scale-105
                                "><span class="text-base">😮</span><span>1</span></button><button data-testid="reaction-count-angry" class="
                                    inline-flex items-center gap-1 px-2 py-1 rounded-full text-xs font-medium transition-all
                                    bg-gray-100 text-gray-700 hover:bg-gray-200
                                    cursor-pointer hover:scale-105
                                "><span class="text-base">😠</span><span>1</span></button><button class="p-1.5 hover:bg-gray-100 rounded-full transition-colors" title="See who reacted"><svg xmlns="http://www.w3.org/2000/svg" width="24" height="24" viewBox="0 0 24 24" fill="none" stroke="currentColor" stroke-width="2" stroke-linecap="round" stroke-linejoin="round" class="lucide lucide-chevron-down w-4 h-4 text-gray-600" aria-hidden="true"><path d="m6 9 6 6 6-6"></path></svg></button></div></div></div><div class="pt-6 border-t border-gray-100 mt-6"><div class="space-y-3"><div class="flex items-center justify-between"><div class="flex items-center gap-2"><svg xmlns="http://www.w3.org/2000/svg" width="24" height="24" viewBox="0 0 24 24" fill="none" stroke="currentColor" stroke-width="2" stroke-linecap="round" stroke-linejoin="round" class="lucide lucide-message-square w-4 h-4 text-gray-600" aria-hidden="true"><path d="M22 17a2 2 0 0 1-2 2H6.828a2 2 0 0 0-1.414.586l-2.202 2.202A.71.71 0 0 1 2 21.286V5a2 2 0 0 1 2-2h16a2 2 0 0 1 2 2z"></path></svg><h3 class="text-base font-semibold text-gray-900">Comments (2)</h3></div><button data-testid="add-comment-button" class="px-3 py-1.5 text-sm font-medium text-white bg-gray-900 rounded-md hover:bg-gray-800 transition-colors">Add Comment</button></div><div class="space-y-2"><div class=""><div class="bg-white rounded-md border border-gray-200 p-3"><div class="flex items-start justify-between mb-2"><div class="flex items-center gap-2"><div class="w-8 h-8 bg-gradient-to-br from-gray-700 to-gray-900 rounded-full flex items-center justify-center text-white font-semibold text-sm flex-shrink-0 cursor-pointer hover:ring-2 hover:ring-gray-900 hover:ring-offset-1 transition-all">B</div><div><div class="flex items-center gap-1.5"><span class="text-sm font-semibold text-gray-900 cursor-pointer hover:underline">Benjamin Moore</span></div><span class="text-xs text-gray-500">Nov 30, 2025, 06:17 PM</span></div></div><button class="p-1 hover:bg-gray-100 rounded-full transition-colors" type="button" id="radix-_r_ab_" aria-haspopup="menu" aria-expanded="false" data-state="closed"><svg xmlns="http://www.w3.org/2000/svg" width="24" height="24" viewBox="0 0 24 24" fill="none" stroke="currentColor" stroke-width="2" stroke-linecap="round" stroke-linejoin="round" class="lucide lucide-ellipsis-vertical w-4 h-4 text-gray-600" aria-hidden="true"><circle cx="12" cy="12" r="1"></circle><circle cx="12" cy="5" r="1"></circle><circle cx="12" cy="19" r="1"></circle></svg></button></div><p class="text-sm text-gray-800 whitespace-pre-wrap mb-2">Brilliant insights here.</p><div class="flex items-center gap-3"><div class="flex items-center gap-3"><button data-testid="reaction-button-like" class="
                            group inline-flex items-center gap-1.5 px-3 py-1.5 rounded-md font-medium text-sm transition-all duration-200
                            bg-white text-gray-700 hover:bg-gray-50 border border-gray-300
                            cursor-pointer hover:scale-105
                        " type="button" id="radix-_r_ad_" aria-haspopup="menu" aria-expanded="false" data-state="closed"><span class="text-base">👍</span><span class="font-medium text-sm">Like</span></button></div><button data-testid="reply-button" class="flex items-center gap-1 text-sm text-gray-600 hover:text-gray-900 transition-colors"><svg xmlns="http://www.w3.org/2000/svg" width="24" height="24" viewBox="0 0 24 24" fill="none" stroke="currentColor" stroke-width="2" stroke-linecap="round" stroke-linejoin="round" class="lucide lucide-reply w-4 h-4" aria-hidden="true"><path d="M20 18v-2a4 4 0 0 0-4-4H4"></path><path d="m9 17-5-5 5-5"></path></svg>Reply</button></div></div></div><div class=""><div class="bg-white rounded-md border border-gray-200 p-3"><div class="flex items-start justify-between mb-2"><div class="flex items-center gap-2"><div class="w-8 h-8 bg-gradient-to-br from-gray-700 to-gray-900 rounded-full flex items-center justify-center text-white font-semibold text-sm flex-shrink-0 cursor-pointer hover:ring-2 hover:ring-gray-900 hover:ring-offset-1 transition-all">O</div><div><div class="flex items-center gap-1.5"><span class="text-sm font-semibold text-gray-900 cursor-pointer hover:underline">Olivia Lopez</span></div><span class="text-xs text-gray-500">Nov 30, 2025, 06:17 PM</span></div></div><button class="p-1 hover:bg-gray-100 rounded-full transition-colors" type="button" id="radix-_r_ai_" aria-haspopup="menu" aria-expanded="false" data-state="closed"><svg xmlns="http://www.w3.org/2000/svg" width="24" height="24" viewBox="0 0 24 24" fill="none" stroke="currentColor" stroke-width="2" stroke-linecap="round" stroke-linejoin="round" class="lucide lucide-ellipsis-vertical w-4 h-4 text-gray-600" aria-hidden="true"><circle cx="12" cy="12" r="1"></circle><circle cx="12" cy="5" r="1"></circle><circle cx="12" cy="19" r="1"></circle></svg></button></div><p class="text-sm text-gray-800 whitespace-pre-wrap mb-2">This is exactly what I needed to hear.</p><div class="flex items-center gap-3"><div class="flex items-center gap-3"><button data-testid="reaction-button-like" class="
                            group inline-flex items-center gap-1.5 px-3 py-1.5 rounded-md font-medium text-sm transition-all duration-200
                            bg-white text-gray-700 hover:bg-gray-50 border border-gray-300
                            cursor-pointer hover:scale-105
                        " type="button" id="radix-_r_ak_" aria-haspopup="menu" aria-expanded="false" data-state="closed"><span class="text-base">👍</span><span class="font-medium text-sm">Like</span></button></div><button data-testid="reply-button" class="flex items-center gap-1 text-sm text-gray-600 hover:text-gray-900 transition-colors"><svg xmlns="http://www.w3.org/2000/svg" width="24" height="24" viewBox="0 0 24 24" fill="none" stroke="currentColor" stroke-width="2" stroke-linecap="round" stroke-linejoin="round" class="lucide lucide-reply w-4 h-4" aria-hidden="true"><path d="M20 18v-2a4 4 0 0 0-4-4H4"></path><path d="m9 17-5-5 5-5"></path></svg>Reply</button></div></div></div></div></div></div></div></article><article class="bg-white rounded-xl shadow-sm border border-gray-200 overflow-hidden hover:shadow-md transition-shadow"><div class="p-6"><h2 class="text-xl font-bold text-gray-900 mb-3">Feature Request: What Do You Want Next?</h2><p class="text-gray-600 leading-relaxed mb-6">We are planning our next sprint and want to hear from you! What features would you like to see next? React and comment below with your ideas. Your input shapes our roadmap!</p><div class="pt-4 border-t border-gray-100"><div class="flex items-center gap-3"><button data-testid="reaction-button-like" class="
                            group inline-flex items-center gap-1.5 px-3 py-1.5 rounded-md font-medium text-sm transition-all duration-200
                            bg-white text-gray-700 hover:bg-gray-50 border border-gray-300
                            cursor-pointer hover:scale-105
                        " type="button" id="radix-_r_ap_" aria-haspopup="menu" aria-expanded="false" data-state="closed"><span class="text-base">👍</span><span class="font-medium text-sm">Like</span></button><div class="flex items-center gap-1.5"><button data-testid="reaction-count-love" class="
                                    inline-flex items-center gap-1 px-2 py-1 rounded-full text-xs font-medium transition-all
                                    bg-gray-100 text-gray-700 hover:bg-gray-200
                                    cursor-pointer hover:scale-105
                                "><span class="text-base">❤️</span><span>2</span></button><button data-testid="reaction-count-angry" class="
                                    inline-flex items-center gap-1 px-2 py-1 rounded-full text-xs font-medium transition-all
                                    bg-gray-100 text-gray-700 hover:bg-gray-200
                                    cursor-pointer hover:scale-105
                                "><span class="text-base">😠</span><span>2</span></button><button data-testid="reaction-count-like" class="
                                    inline-flex items-center gap-1 px-2 py-1 rounded-full text-xs font-medium transition-all
                                    bg-gray-100 text-gray-700 hover:bg-gray-200
                                    cursor-pointer hover:scale-105
                                "><span class="text-base">👍</span><span>1</span></button><button data-testid="reaction-count-haha" class="
                                    inline-flex items-center gap-1 px-2 py-1 rounded-full text-xs font-medium transition-all
                                    bg-gray-100 text-gray-700 hover:bg-gray-200
                                    cursor-pointer hover:scale-105
                                "><span class="text-base">😂</span><span>1</span></button><button data-testid="reaction-count-sad" class="
                                    inline-flex items-center gap-1 px-2 py-1 rounded-full text-xs font-medium transition-all
                                    bg-gray-100 text-gray-700 hover:bg-gray-200
                                    cursor-pointer hover:scale-105
                                "><span class="text-base">😢</span><span>1</span></button><button class="p-1.5 hover:bg-gray-100 rounded-full transition-colors" title="See who reacted"><svg xmlns="http://www.w3.org/2000/svg" width="24" height="24" viewBox="0 0 24 24" fill="none" stroke="currentColor" stroke-width="2" stroke-linecap="round" stroke-linejoin="round" class="lucide lucide-chevron-down w-4 h-4 text-gray-600" aria-hidden="true"><path d="m6 9 6 6 6-6"></path></svg></button></div></div></div><div class="pt-6 border-t border-gray-100 mt-6"><div class="space-y-3"><div class="flex items-center justify-between"><div class="flex items-center gap-2"><svg xmlns="http://www.w3.org/2000/svg" width="24" height="24" viewBox="0 0 24 24" fill="none" stroke="currentColor" stroke-width="2" stroke-linecap="round" stroke-linejoin="round" class="lucide lucide-message-square w-4 h-4 text-gray-600" aria-hidden="true"><path d="M22 17a2 2 0 0 1-2 2H6.828a2 2 0 0 0-1.414.586l-2.202 2.202A.71.71 0 0 1 2 21.286V5a2 2 0 0 1 2-2h16a2 2 0 0 1 2 2z"></path></svg><h3 class="text-base font-semibold text-gray-900">Comments (5)</h3></div><button data-testid="add-comment-button" class="px-3 py-1.5 text-sm font-medium text-white bg-gray-900 rounded-md hover:bg-gray-800 transition-colors">Add Comment</button></div><div class="space-y-2"><div class=""><div class="bg-white rounded-md border border-gray-200 p-3"><div class="flex items-start justify-between mb-2"><div class="flex items-center gap-2"><div class="w-8 h-8 bg-gradient-to-br from-gray-700 to-gray-900 rounded-full flex items-center justify-center text-white font-semibold text-sm flex-shrink-0 cursor-pointer hover:ring-2 hover:ring-gray-900 hover:ring-offset-1 transition-all">B</div><div><div class="flex items-center gap-1.5"><span class="text-sm font-semibold text-gray-900 cursor-pointer hover:underline">Bob Wilson</span></div><span class="text-xs text-gray-500">Nov 30, 2025, 06:17 PM</span></div></div><button class="p-1 hover:bg-gray-100 rounded-full transition-colors" type="button" id="radix-_r_ar_" aria-haspopup="menu" aria-expanded="false" data-state="closed"><svg xmlns="http://www.w3.org/2000/svg" width="24" height="24" viewBox="0 0 24 24" fill="none" stroke="currentColor" stroke-width="2" stroke-linecap="round" stroke-linejoin="round" class="lucide lucide-ellipsis-vertical w-4 h-4 text-gray-600" aria-hidden="true"><circle cx="12" cy="12" r="1"></circle><circle cx="12" cy="5" r="1"></circle><circle cx="12" cy="19" r="1"></circle></svg></button></div><p class="text-sm text-gray-800 whitespace-pre-wrap mb-2">Fantastic post! Keep it up!</p><div class="flex items-center gap-3"><div class="flex items-center gap-3"><button data-testid="reaction-button-like" class="
                            group inline-flex items-center gap-1.5 px-3 py-1.5 rounded-md font-medium text-sm transition-all duration-200
                            bg-white text-gray-700 hover:bg-gray-50 border border-gray-300
                            cursor-pointer hover:scale-105
                        " type="button" id="radix-_r_at_" aria-haspopup="menu" aria-expanded="false" data-state="closed"><span class="text-base">👍</span><span class="font-medium text-sm">Like</span></button></div><button data-testid="reply-button" class="flex items-center gap-1 text-sm text-gray-600 hover:text-gray-900 transition-colors"><svg xmlns="http://www.w3.org/2000/svg" width="24" height="24" viewBox="0 0 24 24" fill="none" stroke="currentColor" stroke-width="2" stroke-linecap="round" stroke-linejoin="round" class="lucide lucide-reply w-4 h-4" aria-hidden="true"><path d="M20 18v-2a4 4 0 0 0-4-4H4"></path><path d="m9 17-5-5 5-5"></path></svg>Reply</button></div></div></div><div class=""><div class="bg-white rounded-md border border-gray-200 p-3"><div class="flex items-start justify-between mb-2"><div class="flex items-center gap-2"><div class="w-8 h-8 bg-gradient-to-br from-gray-700 to-gray-900 rounded-full flex items-center justify-center text-white font-semibold text-sm flex-shrink-0 cursor-pointer hover:ring-2 hover:ring-gray-900 hover:ring-offset-1 transition-all">L</div><div><div class="flex items-center gap-1.5"><span class="text-sm font-semibold text-gray-900 cursor-pointer hover:underline">Luke Garcia</span></div><span class="text-xs text-gray-500">Nov 30, 2025, 06:17 PM</span></div></div><button class="p-1 hover:bg-gray-100 rounded-full transition-colors" type="button" id="radix-_r_b2_" aria-haspopup="menu" aria-expanded="false" data-state="closed"><svg xmlns="http://www.w3.org/2000/svg" width="24" height="24" viewBox="0 0 24 24" fill="none" stroke="currentColor" stroke-width="2" stroke-linecap="round" stroke-linejoin="round" class="lucide lucide-ellipsis-vertical w-4 h-4 text-gray-600" aria-hidden="true"><circle cx="12" cy="12" r="1"></circle><circle cx="12" cy="5" r="1"></circle><circle cx="12" cy="19" r="1"></circle></svg></button></div><p class="text-sm text-gray-800 whitespace-pre-wrap mb-2">Could you elaborate more on this?</p><div class="flex items-center gap-3"><div class="flex items-center gap-3"><button data-testid="reaction-button-like" class="
                            group inline-flex items-center gap-1.5 px-3 py-1.5 rounded-md font-medium text-sm transition-all duration-200
                            bg-white text-gray-700 hover:bg-gray-50 border border-gray-300
                            cursor-pointer hover:scale-105
                        " type="button" id="radix-_r_b4_" aria-haspopup="menu" aria-expanded="false" data-state="closed"><span class="text-base">👍</span><span class="font-medium text-sm">Like</span></button></div><button data-testid="reply-button" class="flex items-center gap-1 text-sm text-gray-600 hover:text-gray-900 transition-colors"><svg xmlns="http://www.w3.org/2000/svg" width="24" height="24" viewBox="0 0 24 24" fill="none" stroke="currentColor" stroke-width="2" stroke-linecap="round" stroke-linejoin="round" class="lucide lucide-reply w-4 h-4" aria-hidden="true"><path d="M20 18v-2a4 4 0 0 0-4-4H4"></path><path d="m9 17-5-5 5-5"></path></svg>Reply</button></div></div><div class="mt-2 space-y-2"><div class="ml-10"><div class="bg-white rounded-md border border-gray-200 p-3"><div class="flex items-start justify-between mb-2"><div class="flex items-center gap-2"><div class="w-8 h-8 bg-gradient-to-br from-gray-700 to-gray-900 rounded-full flex items-center justify-center text-white font-semibold text-sm flex-shrink-0 cursor-pointer hover:ring-2 hover:ring-gray-900 hover:ring-offset-1 transition-all">J</div><div><div class="flex items-center gap-1.5"><span class="text-sm font-semibold text-gray-900 cursor-pointer hover:underline">Jackson Wilson</span></div><span class="text-xs text-gray-500">Nov 30, 2025, 06:17 PM</span></div></div><button class="p-1 hover:bg-gray-100 rounded-full transition-colors" type="button" id="radix-_r_b6_" aria-haspopup="menu" aria-expanded="false" data-state="closed"><svg xmlns="http://www.w3.org/2000/svg" width="24" height="24" viewBox="0 0 24 24" fill="none" stroke="currentColor" stroke-width="2" stroke-linecap="round" stroke-linejoin="round" class="lucide lucide-ellipsis-vertical w-4 h-4 text-gray-600" aria-hidden="true"><circle cx="12" cy="12" r="1"></circle><circle cx="12" cy="5" r="1"></circle><circle cx="12" cy="19" r="1"></circle></svg></button></div><p class="text-sm text-gray-800 whitespace-pre-wrap mb-2">Great addition to the discussion!</p><div class="flex items-center gap-3"><div class="flex items-center gap-3"><button data-testid="reaction-button-like" class="
                            group inline-flex items-center gap-1.5 px-3 py-1.5 rounded-md font-medium text-sm transition-all duration-200
                            bg-white text-gray-700 hover:bg-gray-50 border border-gray-300
                            cursor-pointer hover:scale-105
                        " type="button" id="radix-_r_b8_" aria-haspopup="menu" aria-expanded="false" data-state="closed"><span class="text-base">👍</span><span class="font-medium text-sm">Like</span></button></div></div></div></div></div></div><div class=""><div class="bg-white rounded-md border border-gray-200 p-3"><div class="flex items-start justify-between mb-2"><div class="flex items-center gap-2"><div class="w-8 h-8 bg-gradient-to-br from-gray-700 to-gray-900 rounded-full flex items-center justify-center text-white font-semibold text-sm flex-shrink-0 cursor-pointer hover:ring-2 hover:ring-gray-900 hover:ring-offset-1 transition-all">L</div><div><div class="flex items-center gap-1.5"><span class="text-sm font-semibold text-gray-900 cursor-pointer hover:underline">Lily Martinez</span></div><span class="text-xs text-gray-500">Nov 30, 2025, 06:17 PM</span></div></div><button class="p-1 hover:bg-gray-100 rounded-full transition-colors" type="button" id="radix-_r_bg_" aria-haspopup="menu" aria-expanded="false" data-state="closed"><svg xmlns="http://www.w3.org/2000/svg" width="24" height="24" viewBox="0 0 24 24" fill="none" stroke="currentColor" stroke-width="2" stroke-linecap="round" stroke-linejoin="round" class="lucide lucide-ellipsis-vertical w-4 h-4 text-gray-600" aria-hidden="true"><circle cx="12" cy="12" r="1"></circle><circle cx="12" cy="5" r="1"></circle><circle cx="12" cy="19" r="1"></circle></svg></button></div><p class="text-sm text-gray-800 whitespace-pre-wrap mb-2">This is really helpful, thank you!</p><div class="flex items-center gap-3"><div class="flex items-center gap-3"><button data-testid="reaction-button-like" class="
                            group inline-flex items-center gap-1.5 px-3 py-1.5 rounded-md font-medium text-sm transition-all duration-200
                            bg-white text-gray-700 hover:bg-gray-50 border border-gray-300
                            cursor-pointer hover:scale-105
                        " type="button" id="radix-_r_bi_" aria-haspopup="menu" aria-expanded="false" data-state="closed"><span class="text-base">👍</span><span class="font-medium text-sm">Like</span></button></div><button data-testid="reply-button" class="flex items-center gap-1 text-sm text-gray-600 hover:text-gray-900 transition-colors"><svg xmlns="http://www.w3.org/2000/svg" width="24" height="24" viewBox="0 0 24 24" fill="none" stroke="currentColor" stroke-width="2" stroke-linecap="round" stroke-linejoin="round" class="lucide lucide-reply w-4 h-4" aria-hidden="true"><path d="M20 18v-2a4 4 0 0 0-4-4H4"></path><path d="m9 17-5-5 5-5"></path></svg>Reply</button></div></div></div><div class=""><div class="bg-white rounded-md border border-gray-200 p-3"><div class="flex items-start justify-between mb-2"><div class="flex items-center gap-2"><div class="w-8 h-8 bg-gradient-to-br from-gray-700 to-gray-900 rounded-full flex items-center justify-center text-white font-semibold text-sm flex-shrink-0 cursor-pointer hover:ring-2 hover:ring-gray-900 hover:ring-offset-1 transition-all">J</div><div><div class="flex items-center gap-1.5"><span class="text-sm font-semibold text-gray-900 cursor-pointer hover:underline">Jackson Jackson</span></div><span class="text-xs text-gray-500">Nov 30, 2025, 06:17 PM</span></div></div><button class="p-1 hover:bg-gray-100 rounded-full transition-colors" type="button" id="radix-_r_bn_" aria-haspopup="menu" aria-expanded="false" data-state="closed"><svg xmlns="http://www.w3.org/2000/svg" width="24" height="24" viewBox="0 0 24 24" fill="none" stroke="currentColor" stroke-width="2" stroke-linecap="round" stroke-linejoin="round" class="lucide lucide-ellipsis-vertical w-4 h-4 text-gray-600" aria-hidden="true"><circle cx="12" cy="12" r="1"></circle><circle cx="12" cy="5" r="1"></circle><circle cx="12" cy="19" r="1"></circle></svg></button></div><p class="text-sm text-gray-800 whitespace-pre-wrap mb-2">Very interesting perspective.</p><div class="flex items-center gap-3"><div class="flex items-center gap-3"><button data-testid="reaction-button-like" class="
                            group inline-flex items-center gap-1.5 px-3 py-1.5 rounded-md font-medium text-sm transition-all duration-200
                            bg-white text-gray-700 hover:bg-gray-50 border border-gray-300
                            cursor-pointer hover:scale-105
                        " type="button" id="radix-_r_bp_" aria-haspopup="menu" aria-expanded="false" data-state="closed"><span class="text-base">👍</span><span class="font-medium text-sm">Like</span></button></div><button data-testid="reply-button" class="flex items-center gap-1 text-sm text-gray-600 hover:text-gray-900 transition-colors"><svg xmlns="http://www.w3.org/2000/svg" width="24" height="24" viewBox="0 0 24 24" fill="none" stroke="currentColor" stroke-width="2" stroke-linecap="round" stroke-linejoin="round" class="lucide lucide-reply w-4 h-4" aria-hidden="true"><path d="M20 18v-2a4 4 0 0 0-4-4H4"></path><path d="m9 17-5-5 5-5"></path></svg>Reply</button></div></div></div><div class=""><div class="bg-white rounded-md border border-gray-200 p-3"><div class="flex items-start justify-between mb-2"><div class="flex items-center gap-2"><div class="w-8 h-8 bg-gradient-to-br from-gray-700 to-gray-900 rounded-full flex items-center justify-center text-white font-semibold text-sm flex-shrink-0 cursor-pointer hover:ring-2 hover:ring-gray-900 hover:ring-offset-1 transition-all">V</div><div><div class="flex items-center gap-1.5"><span class="text-sm font-semibold text-gray-900 cursor-pointer hover:underline">Victoria Thomas</span></div><span class="text-xs text-gray-500">Nov 30, 2025, 06:17 PM</span></div></div><button class="p-1 hover:bg-gray-100 rounded-full transition-colors" type="button" id="radix-_r_bu_" aria-haspopup="menu" aria-expanded="false" data-state="closed"><svg xmlns="http://www.w3.org/2000/svg" width="24" height="24" viewBox="0 0 24 24" fill="none" stroke="currentColor" stroke-width="2" stroke-linecap="round" stroke-linejoin="round" class="lucide lucide-ellipsis-vertical w-4 h-4 text-gray-600" aria-hidden="true"><circle cx="12" cy="12" r="1"></circle><circle cx="12" cy="5" r="1"></circle><circle cx="12" cy="19" r="1"></circle></svg></button></div><p class="text-sm text-gray-800 whitespace-pre-wrap mb-2">I totally agree with this.</p><div class="flex items-center gap-3"><div class="flex items-center gap-3"><button data-testid="reaction-button-like" class="
                            group inline-flex items-center gap-1.5 px-3 py-1.5 rounded-md font-medium text-sm transition-all duration-200
                            bg-white text-gray-700 hover:bg-gray-50 border border-gray-300
                            cursor-pointer hover:scale-105
                        " type="button" id="radix-_r_c0_" aria-haspopup="menu" aria-expanded="false" data-state="closed"><span class="text-base">👍</span><span class="font-medium text-sm">Like</span></button></div><button data-testid="reply-button" class="flex items-center gap-1 text-sm text-gray-600 hover:text-gray-900 transition-colors"><svg xmlns="http://www.w3.org/2000/svg" width="24" height="24" viewBox="0 0 24 24" fill="none" stroke="currentColor" stroke-width="2" stroke-linecap="round" stroke-linejoin="round" class="lucide lucide-reply w-4 h-4" aria-hidden="true"><path d="M20 18v-2a4 4 0 0 0-4-4H4"></path><path d="m9 17-5-5 5-5"></path></svg>Reply</button></div></div></div></div></div></div></div></article><article class="bg-white rounded-xl shadow-sm border border-gray-200 overflow-hidden hover:shadow-md transition-shadow"><div class="p-6"><h2 class="text-xl font-bold text-gray-900 mb-3">Weekend Vibes and Relaxation</h2><p class="text-gray-600 leading-relaxed mb-6">It is the weekend! Time to relax and unwind. What are your plans? Share your weekend vibes by reacting to this post. We hope you all have a wonderful time!</p><div class="pt-4 border-t border-gray-100"><div class="flex items-center gap-3"><button data-testid="reaction-button-like" class="
                            group inline-flex items-center gap-1.5 px-3 py-1.5 rounded-md font-medium text-sm transition-all duration-200
                            bg-white text-gray-700 hover:bg-gray-50 border border-gray-300
                            cursor-pointer hover:scale-105
                        " type="button" id="radix-_r_c5_" aria-haspopup="menu" aria-expanded="false" data-state="closed"><span class="text-base">👍</span><span class="font-medium text-sm">Like</span></button><div class="flex items-center gap-1.5"><button data-testid="reaction-count-sad" class="
                                    inline-flex items-center gap-1 px-2 py-1 rounded-full text-xs font-medium transition-all
                                    bg-gray-100 text-gray-700 hover:bg-gray-200
                                    cursor-pointer hover:scale-105
                                "><span class="text-base">😢</span><span>3</span></button><button data-testid="reaction-count-like" class="
                                    inline-flex items-center gap-1 px-2 py-1 rounded-full text-xs font-medium transition-all
                                    bg-gray-100 text-gray-700 hover:bg-gray-200
                                    cursor-pointer hover:scale-105
                                "><span class="text-base">👍</span><span>2</span></button><button data-testid="reaction-count-haha" class="
                                    inline-flex items-center gap-1 px-2 py-1 rounded-full text-xs font-medium transition-all
                                    bg-gray-100 text-gray-700 hover:bg-gray-200
                                    cursor-pointer hover:scale-105
                                "><span class="text-base">😂</span><span>2</span></button><button data-testid="reaction-count-wow" class="
                                    inline-flex items-center gap-1 px-2 py-1 rounded-full text-xs font-medium transition-all
                                    bg-gray-100 text-gray-700 hover:bg-gray-200
                                    cursor-pointer hover:scale-105
                                "><span class="text-base">😮</span><span>1</span></button><button class="p-1.5 hover:bg-gray-100 rounded-full transition-colors" title="See who reacted"><svg xmlns="http://www.w3.org/2000/svg" width="24" height="24" viewBox="0 0 24 24" fill="none" stroke="currentColor" stroke-width="2" stroke-linecap="round" stroke-linejoin="round" class="lucide lucide-chevron-down w-4 h-4 text-gray-600" aria-hidden="true"><path d="m6 9 6 6 6-6"></path></svg></button></div></div></div><div class="pt-6 border-t border-gray-100 mt-6"><div class="space-y-3"><div class="flex items-center justify-between"><div class="flex items-center gap-2"><svg xmlns="http://www.w3.org/2000/svg" width="24" height="24" viewBox="0 0 24 24" fill="none" stroke="currentColor" stroke-width="2" stroke-linecap="round" stroke-linejoin="round" class="lucide lucide-message-square w-4 h-4 text-gray-600" aria-hidden="true"><path d="M22 17a2 2 0 0 1-2 2H6.828a2 2 0 0 0-1.414.586l-2.202 2.202A.71.71 0 0 1 2 21.286V5a2 2 0 0 1 2-2h16a2 2 0 0 1 2 2z"></path></svg><h3 class="text-base font-semibold text-gray-900">Comments (5)</h3></div><button data-testid="add-comment-button" class="px-3 py-1.5 text-sm font-medium text-white bg-gray-900 rounded-md hover:bg-gray-800 transition-colors">Add Comment</button></div><div class="space-y-2"><div class=""><div class="bg-white rounded-md border border-gray-200 p-3"><div class="flex items-start justify-between mb-2"><div class="flex items-center gap-2"><div class="w-8 h-8 bg-gradient-to-br from-gray-700 to-gray-900 rounded-full flex items-center justify-center text-white font-semibold text-sm flex-shrink-0 cursor-pointer hover:ring-2 hover:ring-gray-900 hover:ring-offset-1 transition-all">J</div><div><div class="flex items-center gap-1.5"><span class="text-sm font-semibold text-gray-900 cursor-pointer hover:underline">John Doe</span></div><span class="text-xs text-gray-500">Nov 30, 2025, 06:17 PM</span></div></div><button class="p-1 hover:bg-gray-100 rounded-full transition-colors" type="button" id="radix-_r_c7_" aria-haspopup="menu" aria-expanded="false" data-state="closed"><svg xmlns="http://www.w3.org/2000/svg" width="24" height="24" viewBox="0 0 24 24" fill="none" stroke="currentColor" stroke-width="2" stroke-linecap="round" stroke-linejoin="round" class="lucide lucide-ellipsis-vertical w-4 h-4 text-gray-600" aria-hidden="true"><circle cx="12" cy="12" r="1"></circle><circle cx="12" cy="5" r="1"></circle><circle cx="12" cy="19" r="1"></circle></svg></button></div><p class="text-sm text-gray-800 whitespace-pre-wrap mb-2">This deserves more attention.</p><div class="flex items-center gap-3"><div class="flex items-center gap-3"><button data-testid="reaction-button-like" class="
                            group inline-flex items-center gap-1.5 px-3 py-1.5 rounded-md font-medium text-sm transition-all duration-200
                            bg-white text-gray-700 hover:bg-gray-50 border border-gray-300
                            cursor-pointer hover:scale-105
                        " type="button" id="radix-_r_c9_" aria-haspopup="menu" aria-expanded="false" data-state="closed"><span class="text-base">👍</span><span class="font-medium text-sm">Like</span></button></div><button data-testid="reply-button" class="flex items-center gap-1 text-sm text-gray-600 hover:text-gray-900 transition-colors"><svg xmlns="http://www.w3.org/2000/svg" width="24" height="24" viewBox="0 0 24 24" fill="none" stroke="currentColor" stroke-width="2" stroke-linecap="round" stroke-linejoin="round" class="lucide lucide-reply w-4 h-4" aria-hidden="true"><path d="M20 18v-2a4 4 0 0 0-4-4H4"></path><path d="m9 17-5-5 5-5"></path></svg>Reply</button></div></div><div class="mt-2 space-y-2"><div class="ml-10"><div class="bg-white rounded-md border border-gray-200 p-3"><div class="flex items-start justify-between mb-2"><div class="flex items-center gap-2"><div class="w-8 h-8 bg-gradient-to-br from-gray-700 to-gray-900 rounded-full flex items-center justify-center text-white font-semibold text-sm flex-shrink-0 cursor-pointer hover:ring-2 hover:ring-gray-900 hover:ring-offset-1 transition-all">L</div><div><div class="flex items-center gap-1.5"><span class="text-sm font-semibold text-gray-900 cursor-pointer hover:underline">Luke Garcia</span></div><span class="text-xs text-gray-500">Nov 30, 2025, 06:17 PM</span></div></div><button class="p-1 hover:bg-gray-100 rounded-full transition-colors" type="button" id="radix-_r_cb_" aria-haspopup="menu" aria-expanded="false" data-state="closed"><svg xmlns="http://www.w3.org/2000/svg" width="24" height="24" viewBox="0 0 24 24" fill="none" stroke="currentColor" stroke-width="2" stroke-linecap="round" stroke-linejoin="round" class="lucide lucide-ellipsis-vertical w-4 h-4 text-gray-600" aria-hidden="true"><circle cx="12" cy="12" r="1"></circle><circle cx="12" cy="5" r="1"></circle><circle cx="12" cy="19" r="1"></circle></svg></button></div><p class="text-sm text-gray-800 whitespace-pre-wrap mb-2">I agree with you!</p><div class="flex items-center gap-3"><div class="flex items-center gap-3"><button data-testid="reaction-button-like" class="
                            group inline-flex items-center gap-1.5 px-3 py-1.5 rounded-md font-medium text-sm transition-all duration-200
                            bg-white text-gray-700 hover:bg-gray-50 border border-gray-300
                            cursor-pointer hover:scale-105
                        " type="button" id="radix-_r_cd_" aria-haspopup="menu" aria-expanded="false" data-state="closed"><span class="text-base">👍</span><span class="font-medium text-sm">Like</span></button></div></div></div></div></div></div><div class=""><div class="bg-white rounded-md border border-gray-200 p-3"><div class="flex items-start justify-between mb-2"><div class="flex items-center gap-2"><div class="w-8 h-8 bg-gradient-to-br from-gray-700 to-gray-900 rounded-full flex items-center justify-center text-white font-semibold text-sm flex-shrink-0 cursor-pointer hover:ring-2 hover:ring-gray-900 hover:ring-offset-1 transition-all">A</div><div><div class="flex items-center gap-1.5"><span class="text-sm font-semibold text-gray-900 cursor-pointer hover:underline">Addison Martinez</span></div><span class="text-xs text-gray-500">Nov 30, 2025, 06:17 PM</span></div></div><button class="p-1 hover:bg-gray-100 rounded-full transition-colors" type="button" id="radix-_r_cl_" aria-haspopup="menu" aria-expanded="false" data-state="closed"><svg xmlns="http://www.w3.org/2000/svg" width="24" height="24" viewBox="0 0 24 24" fill="none" stroke="currentColor" stroke-width="2" stroke-linecap="round" stroke-linejoin="round" class="lucide lucide-ellipsis-vertical w-4 h-4 text-gray-600" aria-hidden="true"><circle cx="12" cy="12" r="1"></circle><circle cx="12" cy="5" r="1"></circle><circle cx="12" cy="19" r="1"></circle></svg></button></div><p class="text-sm text-gray-800 whitespace-pre-wrap mb-2">Brilliant insights here.</p><div class="flex items-center gap-3"><div class="flex items-center gap-3"><button data-testid="reaction-button-like" class="
                            group inline-flex items-center gap-1.5 px-3 py-1.5 rounded-md font-medium text-sm transition-all duration-200
                            bg-white text-gray-700 hover:bg-gray-50 border border-gray-300
                            cursor-pointer hover:scale-105
                        " type="button" id="radix-_r_cn_" aria-haspopup="menu" aria-expanded="false" data-state="closed"><span class="text-base">👍</span><span class="font-medium text-sm">Like</span></button></div><button data-testid="reply-button" class="flex items-center gap-1 text-sm text-gray-600 hover:text-gray-900 transition-colors"><svg xmlns="http://www.w3.org/2000/svg" width="24" height="24" viewBox="0 0 24 24" fill="none" stroke="currentColor" stroke-width="2" stroke-linecap="round" stroke-linejoin="round" class="lucide lucide-reply w-4 h-4" aria-hidden="true"><path d="M20 18v-2a4 4 0 0 0-4-4H4"></path><path d="m9 17-5-5 5-5"></path></svg>Reply</button></div></div><div class="mt-2 space-y-2"><div class="ml-10"><div class="bg-white rounded-md border border-gray-200 p-3"><div class="flex items-start justify-between mb-2"><div class="flex items-center gap-2"><div class="w-8 h-8 bg-gradient-to-br from-gray-700 to-gray-900 rounded-full flex items-center justify-center text-white font-semibold text-sm flex-shrink-0 cursor-pointer hover:ring-2 hover:ring-gray-900 hover:ring-offset-1 transition-all">M</div><div><div class="flex items-center gap-1.5"><span class="text-sm font-semibold text-gray-900 cursor-pointer hover:underline">Mia Davis</span></div><span class="text-xs text-gray-500">Nov 30, 2025, 06:17 PM</span></div></div><button class="p-1 hover:bg-gray-100 rounded-full transition-colors" type="button" id="radix-_r_cp_" aria-haspopup="menu" aria-expanded="false" data-state="closed"><svg xmlns="http://www.w3.org/2000/svg" width="24" height="24" viewBox="0 0 24 24" fill="none" stroke="currentColor" stroke-width="2" stroke-linecap="round" stroke-linejoin="round" class="lucide lucide-ellipsis-vertical w-4 h-4 text-gray-600" aria-hidden="true"><circle cx="12" cy="12" r="1"></circle><circle cx="12" cy="5" r="1"></circle><circle cx="12" cy="19" r="1"></circle></svg></button></div><p class="text-sm text-gray-800 whitespace-pre-wrap mb-2">Interesting perspective!</p><div class="flex items-center gap-3"><div class="flex items-center gap-3"><button data-testid="reaction-button-like" class="
                            group inline-flex items-center gap-1.5 px-3 py-1.5 rounded-md font-medium text-sm transition-all duration-200
                            bg-white text-gray-700 hover:bg-gray-50 border border-gray-300
                            cursor-pointer hover:scale-105
                        " type="button" id="radix-_r_cr_" aria-haspopup="menu" aria-expanded="false" data-state="closed"><span class="text-base">👍</span><span class="font-medium text-sm">Like</span></button></div></div></div></div><div class="ml-10"><div class="bg-white rounded-md border border-gray-200 p-3"><div class="flex items-start justify-between mb-2"><div class="flex items-center gap-2"><div class="w-8 h-8 bg-gradient-to-br from-gray-700 to-gray-900 rounded-full flex items-center justify-center text-white font-semibold text-sm flex-shrink-0 cursor-pointer hover:ring-2 hover:ring-gray-900 hover:ring-offset-1 transition-all">S</div><div><div class="flex items-center gap-1.5"><span class="text-sm font-semibold text-gray-900 cursor-pointer hover:underline">Sofia Anderson</span></div><span class="text-xs text-gray-500">Nov 30, 2025, 06:17 PM</span></div></div><button class="p-1 hover:bg-gray-100 rounded-full transition-colors" type="button" id="radix-_r_d0_" aria-haspopup="menu" aria-expanded="false" data-state="closed"><svg xmlns="http://www.w3.org/2000/svg" width="24" height="24" viewBox="0 0 24 24" fill="none" stroke="currentColor" stroke-width="2" stroke-linecap="round" stroke-linejoin="round" class="lucide lucide-ellipsis-vertical w-4 h-4 text-gray-600" aria-hidden="true"><circle cx="12" cy="12" r="1"></circle><circle cx="12" cy="5" r="1"></circle><circle cx="12" cy="19" r="1"></circle></svg></button></div><p class="text-sm text-gray-800 whitespace-pre-wrap mb-2">Thanks for your comment!</p><div class="flex items-center gap-3"><div class="flex items-center gap-3"><button data-testid="reaction-button-like" class="
                            group inline-flex items-center gap-1.5 px-3 py-1.5 rounded-md font-medium text-sm transition-all duration-200
                            bg-white text-gray-700 hover:bg-gray-50 border border-gray-300
                            cursor-pointer hover:scale-105
                        " type="button" id="radix-_r_d2_" aria-haspopup="menu" aria-expanded="false" data-state="closed"><span class="text-base">👍</span><span class="font-medium text-sm">Like</span></button></div></div></div></div></div></div><div class=""><div class="bg-white rounded-md border border-gray-200 p-3"><div class="flex items-start justify-between mb-2"><div class="flex items-center gap-2"><div class="w-8 h-8 bg-gradient-to-br from-gray-700 to-gray-900 rounded-full flex items-center justify-center text-white font-semibold text-sm flex-shrink-0 cursor-pointer hover:ring-2 hover:ring-gray-900 hover:ring-offset-1 transition-all">L</div><div><div class="flex items-center gap-1.5"><span class="text-sm font-semibold text-gray-900 cursor-pointer hover:underline">Lily Martinez</span></div><span class="text-xs text-gray-500">Nov 30, 2025, 06:17 PM</span></div></div><button class="p-1 hover:bg-gray-100 rounded-full transition-colors" type="button" id="radix-_r_da_" aria-haspopup="menu" aria-expanded="false" data-state="closed"><svg xmlns="http://www.w3.org/2000/svg" width="24" height="24" viewBox="0 0 24 24" fill="none" stroke="currentColor" stroke-width="2" stroke-linecap="round" stroke-linejoin="round" class="lucide lucide-ellipsis-vertical w-4 h-4 text-gray-600" aria-hidden="true"><circle cx="12" cy="12" r="1"></circle><circle cx="12" cy="5" r="1"></circle><circle cx="12" cy="19" r="1"></circle></svg></button></div><p class="text-sm text-gray-800 whitespace-pre-wrap mb-2">Could you elaborate more on this?</p><div class="flex items-center gap-3"><div class="flex items-center gap-3"><button data-testid="reaction-button-like" class="
                            group inline-flex items-center gap-1.5 px-3 py-1.5 rounded-md font-medium text-sm transition-all duration-200
                            bg-white text-gray-700 hover:bg-gray-50 border border-gray-300
                            cursor-pointer hover:scale-105
                        " type="button" id="radix-_r_dc_" aria-haspopup="menu" aria-expanded="false" data-state="closed"><span class="text-base">👍</span><span class="font-medium text-sm">Like</span></button></div><button data-testid="reply-button" class="flex items-center gap-1 text-sm text-gray-600 hover:text-gray-900 transition-colors"><svg xmlns="http://www.w3.org/2000/svg" width="24" height="24" viewBox="0 0 24 24" fill="none" stroke="currentColor" stroke-width="2" stroke-linecap="round" stroke-linejoin="round" class="lucide lucide-reply w-4 h-4" aria-hidden="true"><path d="M20 18v-2a4 4 0 0 0-4-4H4"></path><path d="m9 17-5-5 5-5"></path></svg>Reply</button></div></div><div class="mt-2 space-y-2"><div class="ml-10"><div class="bg-white rounded-md border border-gray-200 p-3"><div class="flex items-start justify-between mb-2"><div class="flex items-center gap-2"><div class="w-8 h-8 bg-gradient-to-br from-gray-700 to-gray-900 rounded-full flex items-center justify-center text-white font-semibold text-sm flex-shrink-0 cursor-pointer hover:ring-2 hover:ring-gray-900 hover:ring-offset-1 transition-all">O</div><div><div class="flex items-center gap-1.5"><span class="text-sm font-semibold text-gray-900 cursor-pointer hover:underline">Owen Anderson</span></div><span class="text-xs text-gray-500">Nov 30, 2025, 06:17 PM</span></div></div><button class="p-1 hover:bg-gray-100 rounded-full transition-colors" type="button" id="radix-_r_de_" aria-haspopup="menu" aria-expanded="false" data-state="closed"><svg xmlns="http://www.w3.org/2000/svg" width="24" height="24" viewBox="0 0 24 24" fill="none" stroke="currentColor" stroke-width="2" stroke-linecap="round" stroke-linejoin="round" class="lucide lucide-ellipsis-vertical w-4 h-4 text-gray-600" aria-hidden="true"><circle cx="12" cy="12" r="1"></circle><circle cx="12" cy="5" r="1"></circle><circle cx="12" cy="19" r="1"></circle></svg></button></div><p class="text-sm text-gray-800 whitespace-pre-wrap mb-2">Thanks for clarifying.</p><div class="flex items-center gap-3"><div class="flex items-center gap-3"><button data-testid="reaction-button-like" class="
                            group inline-flex items-center gap-1.5 px-3 py-1.5 rounded-md font-medium text-sm transition-all duration-200
                            bg-white text-gray-700 hover:bg-gray-50 border border-gray-300
                            cursor-pointer hover:scale-105
                        " type="button" id="radix-_r_dg_" aria-haspopup="menu" aria-expanded="false" data-state="closed"><span class="text-base">👍</span><span class="font-medium text-sm">Like</span></button></div></div></div></div></div></div><div class=""><div class="bg-white rounded-md border border-gray-200 p-3"><div class="flex items-start justify-between mb-2"><div class="flex items-center gap-2"><div class="w-8 h-8 bg-gradient-to-br from-gray-700 to-gray-900 rounded-full flex items-center justify-center text-white font-semibold text-sm flex-shrink-0 cursor-pointer hover:ring-2 hover:ring-gray-900 hover:ring-offset-1 transition-all">C</div><div><div class="flex items-center gap-1.5"><span class="text-sm font-semibold text-gray-900 cursor-pointer hover:underline">Charlotte Johnson</span></div><span class="text-xs text-gray-500">Nov 30, 2025, 06:17 PM</span></div></div><button class="p-1 hover:bg-gray-100 rounded-full transition-colors" type="button" id="radix-_r_do_" aria-haspopup="menu" aria-expanded="false" data-state="closed"><svg xmlns="http://www.w3.org/2000/svg" width="24" height="24" viewBox="0 0 24 24" fill="none" stroke="currentColor" stroke-width="2" stroke-linecap="round" stroke-linejoin="round" class="lucide lucide-ellipsis-vertical w-4 h-4 text-gray-600" aria-hidden="true"><circle cx="12" cy="12" r="1"></circle><circle cx="12" cy="5" r="1"></circle><circle cx="12" cy="19" r="1"></circle></svg></button></div><p class="text-sm text-gray-800 whitespace-pre-wrap mb-2">I have some thoughts on this...</p><div class="flex items-center gap-3"><div class="flex items-center gap-3"><button data-testid="reaction-button-like" class="
                            group inline-flex items-center gap-1.5 px-3 py-1.5 rounded-md font-medium text-sm transition-all duration-200
                            bg-white text-gray-700 hover:bg-gray-50 border border-gray-300
                            cursor-pointer hover:scale-105
                        " type="button" id="radix-_r_dq_" aria-haspopup="menu" aria-expanded="false" data-state="closed"><span class="text-base">👍</span><span class="font-medium text-sm">Like</span></button></div><button data-testid="reply-button" class="flex items-center gap-1 text-sm text-gray-600 hover:text-gray-900 transition-colors"><svg xmlns="http://www.w3.org/2000/svg" width="24" height="24" viewBox="0 0 24 24" fill="none" stroke="currentColor" stroke-width="2" stroke-linecap="round" stroke-linejoin="round" class="lucide lucide-reply w-4 h-4" aria-hidden="true"><path d="M20 18v-2a4 4 0 0 0-4-4H4"></path><path d="m9 17-5-5 5-5"></path></svg>Reply</button></div></div></div><div class=""><div class="bg-white rounded-md border border-gray-200 p-3"><div class="flex items-start justify-between mb-2"><div class="flex items-center gap-2"><div class="w-8 h-8 bg-gradient-to-br from-gray-700 to-gray-900 rounded-full flex items-center justify-center text-white font-semibold text-sm flex-shrink-0 cursor-pointer hover:ring-2 hover:ring-gray-900 hover:ring-offset-1 transition-all">L</div><div><div class="flex items-center gap-1.5"><span class="text-sm font-semibold text-gray-900 cursor-pointer hover:underline">Luke Wilson</span></div><span class="text-xs text-gray-500">Nov 30, 2025, 06:17 PM</span></div></div><button class="p-1 hover:bg-gray-100 rounded-full transition-colors" type="button" id="radix-_r_dv_" aria-haspopup="menu" aria-expanded="false" data-state="closed"><svg xmlns="http://www.w3.org/2000/svg" width="24" height="24" viewBox="0 0 24 24" fill="none" stroke="currentColor" stroke-width="2" stroke-linecap="round" stroke-linejoin="round" class="lucide lucide-ellipsis-vertical w-4 h-4 text-gray-600" aria-hidden="true"><circle cx="12" cy="12" r="1"></circle><circle cx="12" cy="5" r="1"></circle><circle cx="12" cy="19" r="1"></circle></svg></button></div><p class="text-sm text-gray-800 whitespace-pre-wrap mb-2">This is exactly what I needed to hear.</p><div class="flex items-center gap-3"><div class="flex items-center gap-3"><button data-testid="reaction-button-like" class="
                            group inline-flex items-center gap-1.5 px-3 py-1.5 rounded-md font-medium text-sm transition-all duration-200
                            bg-white text-gray-700 hover:bg-gray-50 border border-gray-300
                            cursor-pointer hover:scale-105
                        " type="button" id="radix-_r_e1_" aria-haspopup="menu" aria-expanded="false" data-state="closed"><span class="text-base">👍</span><span class="font-medium text-sm">Like</span></button></div><button data-testid="reply-button" class="flex items-center gap-1 text-sm text-gray-600 hover:text-gray-900 transition-colors"><svg xmlns="http://www.w3.org/2000/svg" width="24" height="24" viewBox="0 0 24 24" fill="none" stroke="currentColor" stroke-width="2" stroke-linecap="round" stroke-linejoin="round" class="lucide lucide-reply w-4 h-4" aria-hidden="true"><path d="M20 18v-2a4 4 0 0 0-4-4H4"></path><path d="m9 17-5-5 5-5"></path></svg>Reply</button></div></div><div class="mt-2 space-y-2"><div class="ml-10"><div class="bg-white rounded-md border border-gray-200 p-3"><div class="flex items-start justify-between mb-2"><div class="flex items-center gap-2"><div class="w-8 h-8 bg-gradient-to-br from-gray-700 to-gray-900 rounded-full flex items-center justify-center text-white font-semibold text-sm flex-shrink-0 cursor-pointer hover:ring-2 hover:ring-gray-900 hover:ring-offset-1 transition-all">L</div><div><div class="flex items-center gap-1.5"><span class="text-sm font-semibold text-gray-900 cursor-pointer hover:underline">Liam Garcia</span></div><span class="text-xs text-gray-500">Nov 30, 2025, 06:17 PM</span></div></div><button class="p-1 hover:bg-gray-100 rounded-full transition-colors" type="button" id="radix-_r_e3_" aria-haspopup="menu" aria-expanded="false" data-state="closed"><svg xmlns="http://www.w3.org/2000/svg" width="24" height="24" viewBox="0 0 24 24" fill="none" stroke="currentColor" stroke-width="2" stroke-linecap="round" stroke-linejoin="round" class="lucide lucide-ellipsis-vertical w-4 h-4 text-gray-600" aria-hidden="true"><circle cx="12" cy="12" r="1"></circle><circle cx="12" cy="5" r="1"></circle><circle cx="12" cy="19" r="1"></circle></svg></button></div><p class="text-sm text-gray-800 whitespace-pre-wrap mb-2">Great addition to the discussion!</p><div class="flex items-center gap-3"><div class="flex items-center gap-3"><button data-testid="reaction-button-like" class="
                            group inline-flex items-center gap-1.5 px-3 py-1.5 rounded-md font-medium text-sm transition-all duration-200
                            bg-white text-gray-700 hover:bg-gray-50 border border-gray-300
                            cursor-pointer hover:scale-105
                        " type="button" id="radix-_r_e5_" aria-haspopup="menu" aria-expanded="false" data-state="closed"><span class="text-base">👍</span><span class="font-medium text-sm">Like</span></button></div></div></div></div><div class="ml-10"><div class="bg-white rounded-md border border-gray-200 p-3"><div class="flex items-start justify-between mb-2"><div class="flex items-center gap-2"><div class="w-8 h-8 bg-gradient-to-br from-gray-700 to-gray-900 rounded-full flex items-center justify-center text-white font-semibold text-sm flex-shrink-0 cursor-pointer hover:ring-2 hover:ring-gray-900 hover:ring-offset-1 transition-all">A</div><div><div class="flex items-center gap-1.5"><span class="text-sm font-semibold text-gray-900 cursor-pointer hover:underline">Addison Garcia</span></div><span class="text-xs text-gray-500">Nov 30, 2025, 06:17 PM</span></div></div><button class="p-1 hover:bg-gray-100 rounded-full transition-colors" type="button" id="radix-_r_ea_" aria-haspopup="menu" aria-expanded="false" data-state="closed"><svg xmlns="http://www.w3.org/2000/svg" width="24" height="24" viewBox="0 0 24 24" fill="none" stroke="currentColor" stroke-width="2" stroke-linecap="round" stroke-linejoin="round" class="lucide lucide-ellipsis-vertical w-4 h-4 text-gray-600" aria-hidden="true"><circle cx="12" cy="12" r="1"></circle><circle cx="12" cy="5" r="1"></circle><circle cx="12" cy="19" r="1"></circle></svg></button></div><p class="text-sm text-gray-800 whitespace-pre-wrap mb-2">I see what you mean.</p><div class="flex items-center gap-3"><div class="flex items-center gap-3"><button data-testid="reaction-button-like" class="
                            group inline-flex items-center gap-1.5 px-3 py-1.5 rounded-md font-medium text-sm transition-all duration-200
                            bg-white text-gray-700 hover:bg-gray-50 border border-gray-300
                            cursor-pointer hover:scale-105
                        " type="button" id="radix-_r_ec_" aria-haspopup="menu" aria-expanded="false" data-state="closed"><span class="text-base">👍</span><span class="font-medium text-sm">Like</span></button></div></div></div></div></div></div></div></div></div></div></article></div></main><footer class="mt-16 py-8 border-t border-gray-200 bg-white"><div class="max-w-5xl mx-auto px-4 text-center text-sm text-gray-500"><p>Built with Laravel, Inertia.js, React &amp; shadcn/ui</p></div></footer></div><div role="region" aria-label="Notifications (F8)" tabindex="-1" style="pointer-events: none;"><ol tabindex="-1" class="fixed top-0 z-[100] flex max-h-screen w-full flex-col-reverse p-4 sm:bottom-0 sm:right-0 sm:top-auto sm:flex-col md:max-w-[420px]"></ol></div></div><script type="text/javascript">
var phpdebugbar = new PhpDebugBar.DebugBar({"theme":"auto","hideEmptyTabs":true});
phpdebugbar.addTab("request", new PhpDebugBar.DebugBar.Tab({"icon":"tags","order":-100,"title":"Request", "widget": new PhpDebugBar.Widgets.HtmlVariableListWidget()}));
phpdebugbar.addTab("messages", new PhpDebugBar.DebugBar.Tab({"icon":"list-alt","title":"Messages", "widget": new PhpDebugBar.Widgets.MessagesWidget()}));
phpdebugbar.addIndicator("time", new PhpDebugBar.DebugBar.Indicator({"icon":"clock-o","tooltip":"Request Duration","link":"timeline"}), "right");
phpdebugbar.addTab("timeline", new PhpDebugBar.DebugBar.Tab({"icon":"tasks","title":"Timeline", "widget": new PhpDebugBar.Widgets.TimelineWidget()}));
phpdebugbar.addIndicator("memory", new PhpDebugBar.DebugBar.Indicator({"icon":"cogs","tooltip":"Memory Usage"}), "right");
phpdebugbar.addTab("exceptions", new PhpDebugBar.DebugBar.Tab({"icon":"bug","title":"Exceptions", "widget": new PhpDebugBar.Widgets.ExceptionsWidget()}));
phpdebugbar.addIndicator("version", new PhpDebugBar.DebugBar.Indicator({"icon":"laravel phpdebugbar-fab"}), "right");
phpdebugbar.addTab("views", new PhpDebugBar.DebugBar.Tab({"icon":"leaf","title":"Views", "widget": new PhpDebugBar.Widgets.TemplatesWidget()}));
phpdebugbar.addTab("queries", new PhpDebugBar.DebugBar.Tab({"icon":"database","title":"Queries", "widget": new PhpDebugBar.Widgets.LaravelQueriesWidget()}));
phpdebugbar.addTab("models", new PhpDebugBar.DebugBar.Tab({"icon":"cubes","title":"Models", "widget": new PhpDebugBar.Widgets.TableVariableListWidget()}));
phpdebugbar.addTab("emails", new PhpDebugBar.DebugBar.Tab({"icon":"inbox","title":"Mails", "widget": new PhpDebugBar.Widgets.MailsWidget()}));
phpdebugbar.addTab("gate", new PhpDebugBar.DebugBar.Tab({"icon":"list-alt","title":"Gate", "widget": new PhpDebugBar.Widgets.MessagesWidget()}));
phpdebugbar.addIndicator("currentrequest", new PhpDebugBar.DebugBar.Indicator({"icon":"share","link":"request"}), "right");
phpdebugbar.setDataMap({
"request": ["request.data", {}],
"messages": ["messages.messages", []],
"messages:badge": ["messages.count", null],
"time": ["time.duration_str", '0ms'],
"timeline": ["time", {}],
"memory": ["memory.peak_usage_str", '0B'],
"exceptions": ["exceptions.exceptions", []],
"exceptions:badge": ["exceptions.count", null],
"version": ["laravel.version", ],
"version:tooltip": ["laravel.tooltip", {}],
"views": ["views", []],
"views:badge": ["views.nb_templates", 0],
"queries": ["queries", []],
"queries:badge": ["queries.nb_statements", 0],
"models": ["models", {}],
"models:badge": ["models.count", 0],
"emails": ["symfonymailer_mails.mails", []],
"emails:badge": ["symfonymailer_mails.count", null],
"gate": ["gate.messages", []],
"gate:badge": ["gate.count", null],
"request:badge": ["request.badge", null],
"currentrequest": ["request.data.uri", ],
"currentrequest:tooltip": ["request.tooltip", {}]
});
phpdebugbar.restoreState();
phpdebugbar.enableAjaxHandlerTab();
phpdebugbar.ajaxHandler = new PhpDebugBar.AjaxHandler(phpdebugbar, undefined, true);
phpdebugbar.ajaxHandler.bindToFetch();
phpdebugbar.ajaxHandler.bindToXHR();
phpdebugbar.setOpenHandler(new PhpDebugBar.OpenHandler({"url":"http:\/\/127.0.0.1:8000\/_debugbar\/open"}));
phpdebugbar.addDataSet({"__meta":{"id":"01KBAQRFP1RY2DH7V6FK4YRA52","datetime":"2025-11-30 15:58:00","utime":1764518280.897191,"method":"GET","uri":"\/login","ip":"127.0.0.1"},"messages":{"count":0,"messages":[]},"time":{"count":5,"start":1764518280.87882,"end":1764518280.897201,"duration":0.018381118774414062,"duration_str":"18.38ms","measures":[{"label":"Booting","start":1764518280.87882,"relative_start":0,"end":1764518280.891929,"relative_end":1764518280.891929,"duration":0.013108968734741211,"duration_str":"13.11ms","memory":0,"memory_str":"0B","params":[],"collector":"time","group":null},{"label":"Application","start":1764518280.891939,"relative_start":0.013118982315063477,"end":1764518280.897203,"relative_end":1.9073486328125e-6,"duration":0.0052640438079833984,"duration_str":"5.26ms","memory":0,"memory_str":"0B","params":[],"collector":"time","group":null},{"label":"Routing","start":1764518280.893038,"relative_start":0.01421809196472168,"end":1764518280.89335,"relative_end":1764518280.89335,"duration":0.00031185150146484375,"duration_str":"312\u03bcs","memory":0,"memory_str":"0B","params":[],"collector":null,"group":null},{"label":"Preparing Response","start":1764518280.894089,"relative_start":0.015269041061401367,"end":1764518280.896994,"relative_end":1764518280.896994,"duration":0.002905130386352539,"duration_str":"2.91ms","memory":0,"memory_str":"0B","params":[],"collector":null,"group":null},{"label":"View: Auth\/Login","start":1764518280.894782,"relative_start":0.01596212387084961,"end":1764518280.894782,"relative_end":1764518280.894782,"duration":0,"duration_str":"0\u03bcs","memory":0,"memory_str":"0B","params":[],"collector":"views","group":"View"}]},"memory":{"peak_usage":1761000,"peak_usage_str":"2MB"},"exceptions":{"count":0,"exceptions":[]},"laravel":{"version":"12.x","tooltip":{"Laravel Version":"12.40.2","PHP Version":"8.4.15","Environment":"local","Debug Mode":"Enabled","URL":"localhost","Timezone":"UTC","Locale":"en"}},"views":{"count":1,"nb_templates":1,"templates":[{"name":"Auth\/Login","param_count":null,"params":[],"start":1764518280.894772,"type":"blade","hash":"blade\/Users\/vahan\/Herd\/laravel-react-reactions\/packages\/truefans\/laravel-react-reactions\/workbench\/resources\/views\/app.blade.phpAuth\/Login","xdebug_link":{"url":"phpstorm:\/\/open?file=%2FUsers%2Fvahan%2FHerd%2Flaravel-react-reactions%2Fpackages%2Ftruefans%2Flaravel-react-reactions%2Fworkbench%2Fresources%2Fviews%2Fapp.blade.php\u0026line=1","ajax":false,"filename":"app.blade.php","line":"?"}}]},"queries":{"count":0,"nb_statements":0,"nb_visible_statements":0,"nb_excluded_statements":0,"nb_failed_statements":0,"accumulated_duration":0,"accumulated_duration_str":"0\u03bcs","memory_usage":0,"memory_usage_str":null,"statements":[]},"models":{"data":[],"count":0,"key_map":{"retrieved":"Retrieved","created":"Created","updated":"Updated","deleted":"Deleted"},"is_counter":true,"badges":[]},"symfonymailer_mails":{"count":0,"mails":[]},"gate":{"count":0,"messages":[]},"request":{"data":{"status":"200 OK","full_url":"http:\/\/127.0.0.1:8000\/login","action_name":"login","controller_action":"Workbench\\App\\Http\\Controllers\\AuthController@showLogin","uri":"GET login","controller":"Workbench\\App\\Http\\Controllers\\AuthController@showLogin\u003Ca href=\u0022phpstorm:\/\/open?file=%2FUsers%2Fvahan%2FHerd%2Flaravel-react-reactions%2Fpackages%2Ftruefans%2Flaravel-react-reactions%2Fworkbench%2Fapp%2FHttp%2FControllers%2FAuthController.php\u0026line=14\u0022 class=\u0022phpdebugbar-widgets-editor-link\u0022\u003E\u003C\/a\u003E","file":"\u003Ca href=\u0022phpstorm:\/\/open?file=%2FUsers%2Fvahan%2FHerd%2Flaravel-react-reactions%2Fpackages%2Ftruefans%2Flaravel-react-reactions%2Fworkbench%2Fapp%2FHttp%2FControllers%2FAuthController.php\u0026line=14\u0022 onclick=\u0022\u0022 class=\u0022phpdebugbar-widgets-editor-link\u0022\u003EUsers\/vahan\/Herd\/laravel-react-reactions\/packages\/truefans\/laravel-react-reactions\/workbench\/app\/Http\/Controllers\/AuthController.php:14-17\u003C\/a\u003E","middleware":"web","duration":"18.04ms","peak_memory":"2MB","response":"text\/html; charset=utf-8","request_format":"html","request_query":"\u003Cpre class=sf-dump id=sf-dump-1413462031 data-indent-pad=\u0022  \u0022\u003E[]\n\u003C\/pre\u003E\u003Cscript\u003ESfdump(\u0022sf-dump-1413462031\u0022, {\u0022maxDepth\u0022:0})\u003C\/script\u003E\n","request_request":"\u003Cpre class=sf-dump id=sf-dump-761770130 data-indent-pad=\u0022  \u0022\u003E[]\n\u003C\/pre\u003E\u003Cscript\u003ESfdump(\u0022sf-dump-761770130\u0022, {\u0022maxDepth\u0022:0})\u003C\/script\u003E\n","request_headers":"\u003Cpre class=sf-dump id=sf-dump-1271662396 data-indent-pad=\u0022  \u0022\u003E\u003Cspan class=sf-dump-note\u003Earray:14\u003C\/span\u003E [\u003Csamp data-depth=1 class=sf-dump-expanded\u003E\n  \u0022\u003Cspan class=sf-dump-key\u003Ehost\u003C\/span\u003E\u0022 =\u003E \u003Cspan class=sf-dump-note\u003Earray:1\u003C\/span\u003E [\u003Csamp data-depth=2 class=sf-dump-compact\u003E\n    \u003Cspan class=sf-dump-index\u003E0\u003C\/span\u003E =\u003E \u0022\u003Cspan class=sf-dump-str title=\u002214 characters\u0022\u003E127.0.0.1:8000\u003C\/span\u003E\u0022\n  \u003C\/samp\u003E]\n  \u0022\u003Cspan class=sf-dump-key\u003Econnection\u003C\/span\u003E\u0022 =\u003E \u003Cspan class=sf-dump-note\u003Earray:1\u003C\/span\u003E [\u003Csamp data-depth=2 class=sf-dump-compact\u003E\n    \u003Cspan class=sf-dump-index\u003E0\u003C\/span\u003E =\u003E \u0022\u003Cspan class=sf-dump-str title=\u002210 characters\u0022\u003Ekeep-alive\u003C\/span\u003E\u0022\n  \u003C\/samp\u003E]\n  \u0022\u003Cspan class=sf-dump-key\u003Esec-ch-ua\u003C\/span\u003E\u0022 =\u003E \u003Cspan class=sf-dump-note\u003Earray:1\u003C\/span\u003E [\u003Csamp data-depth=2 class=sf-dump-compact\u003E\n    \u003Cspan class=sf-dump-index\u003E0\u003C\/span\u003E =\u003E \u0022\u003Cspan class=sf-dump-str title=\u002266 characters\u0022\u003E\u0026quot;HeadlessChrome\u0026quot;;v=\u0026quot;143\u0026quot;, \u0026quot;Chromium\u0026quot;;v=\u0026quot;143\u0026quot;, \u0026quot;Not A(Brand\u0026quot;;v=\u0026quot;24\u0026quot;\u003C\/span\u003E\u0022\n  \u003C\/samp\u003E]\n  \u0022\u003Cspan class=sf-dump-key\u003Esec-ch-ua-mobile\u003C\/span\u003E\u0022 =\u003E \u003Cspan class=sf-dump-note\u003Earray:1\u003C\/span\u003E [\u003Csamp data-depth=2 class=sf-dump-compact\u003E\n    \u003Cspan class=sf-dump-index\u003E0\u003C\/span\u003E =\u003E \u0022\u003Cspan class=sf-dump-str title=\u00222 characters\u0022\u003E?0\u003C\/span\u003E\u0022\n  \u003C\/samp\u003E]\n  \u0022\u003Cspan class=sf-dump-key\u003Esec-ch-ua-platform\u003C\/span\u003E\u0022 =\u003E \u003Cspan class=sf-dump-note\u003Earray:1\u003C\/span\u003E [\u003Csamp data-depth=2 class=sf-dump-compact\u003E\n    \u003Cspan class=sf-dump-index\u003E0\u003C\/span\u003E =\u003E \u0022\u003Cspan class=sf-dump-str title=\u00229 characters\u0022\u003E\u0026quot;Windows\u0026quot;\u003C\/span\u003E\u0022\n  \u003C\/samp\u003E]\n  \u0022\u003Cspan class=sf-dump-key\u003Eupgrade-insecure-requests\u003C\/span\u003E\u0022 =\u003E \u003Cspan class=sf-dump-note\u003Earray:1\u003C\/span\u003E [\u003Csamp data-depth=2 class=sf-dump-compact\u003E\n    \u003Cspan class=sf-dump-index\u003E0\u003C\/span\u003E =\u003E \u0022\u003Cspan class=sf-dump-str\u003E1\u003C\/span\u003E\u0022\n  \u003C\/samp\u003E]\n  \u0022\u003Cspan class=sf-dump-key\u003Euser-agent\u003C\/span\u003E\u0022 =\u003E \u003Cspan class=sf-dump-note\u003Earray:1\u003C\/span\u003E [\u003Csamp data-depth=2 class=sf-dump-compact\u003E\n    \u003Cspan class=sf-dump-index\u003E0\u003C\/span\u003E =\u003E \u0022\u003Cspan class=sf-dump-str title=\u0022114 characters\u0022\u003EMozilla\/5.0 (Windows NT 10.0; Win64; x64) AppleWebKit\/537.36 (KHTML, like Gecko) Chrome\/143.0.7499.4 Safari\/537.36\u003C\/span\u003E\u0022\n  \u003C\/samp\u003E]\n  \u0022\u003Cspan class=sf-dump-key\u003Eaccept-language\u003C\/span\u003E\u0022 =\u003E \u003Cspan class=sf-dump-note\u003Earray:1\u003C\/span\u003E [\u003Csamp data-depth=2 class=sf-dump-compact\u003E\n    \u003Cspan class=sf-dump-index\u003E0\u003C\/span\u003E =\u003E \u0022\u003Cspan class=sf-dump-str title=\u00225 characters\u0022\u003Een-US\u003C\/span\u003E\u0022\n  \u003C\/samp\u003E]\n  \u0022\u003Cspan class=sf-dump-key\u003Eaccept\u003C\/span\u003E\u0022 =\u003E \u003Cspan class=sf-dump-note\u003Earray:1\u003C\/span\u003E [\u003Csamp data-depth=2 class=sf-dump-compact\u003E\n    \u003Cspan class=sf-dump-index\u003E0\u003C\/span\u003E =\u003E \u0022\u003Cspan class=sf-dump-str title=\u0022135 characters\u0022\u003Etext\/html,application\/xhtml+xml,application\/xml;q=0.9,image\/avif,image\/webp,image\/apng,*\/*;q=0.8,application\/signed-exchange;v=b3;q=0.7\u003C\/span\u003E\u0022\n  \u003C\/samp\u003E]\n  \u0022\u003Cspan class=sf-dump-key\u003Esec-fetch-site\u003C\/span\u003E\u0022 =\u003E \u003Cspan class=sf-dump-note\u003Earray:1\u003C\/span\u003E [\u003Csamp data-depth=2 class=sf-dump-compact\u003E\n    \u003Cspan class=sf-dump-index\u003E0\u003C\/span\u003E =\u003E \u0022\u003Cspan class=sf-dump-str title=\u00224 characters\u0022\u003Enone\u003C\/span\u003E\u0022\n  \u003C\/samp\u003E]\n  \u0022\u003Cspan class=sf-dump-key\u003Esec-fetch-mode\u003C\/span\u003E\u0022 =\u003E \u003Cspan class=sf-dump-note\u003Earray:1\u003C\/span\u003E [\u003Csamp data-depth=2 class=sf-dump-compact\u003E\n    \u003Cspan class=sf-dump-index\u003E0\u003C\/span\u003E =\u003E \u0022\u003Cspan class=sf-dump-str title=\u00228 characters\u0022\u003Enavigate\u003C\/span\u003E\u0022\n  \u003C\/samp\u003E]\n  \u0022\u003Cspan class=sf-dump-key\u003Esec-fetch-user\u003C\/span\u003E\u0022 =\u003E \u003Cspan class=sf-dump-note\u003Earray:1\u003C\/span\u003E [\u003Csamp data-depth=2 class=sf-dump-compact\u003E\n    \u003Cspan class=sf-dump-index\u003E0\u003C\/span\u003E =\u003E \u0022\u003Cspan class=sf-dump-str title=\u00222 characters\u0022\u003E?1\u003C\/span\u003E\u0022\n  \u003C\/samp\u003E]\n  \u0022\u003Cspan class=sf-dump-key\u003Esec-fetch-dest\u003C\/span\u003E\u0022 =\u003E \u003Cspan class=sf-dump-note\u003Earray:1\u003C\/span\u003E [\u003Csamp data-depth=2 class=sf-dump-compact\u003E\n    \u003Cspan class=sf-dump-index\u003E0\u003C\/span\u003E =\u003E \u0022\u003Cspan class=sf-dump-str title=\u00228 characters\u0022\u003Edocument\u003C\/span\u003E\u0022\n  \u003C\/samp\u003E]\n  \u0022\u003Cspan class=sf-dump-key\u003Eaccept-encoding\u003C\/span\u003E\u0022 =\u003E \u003Cspan class=sf-dump-note\u003Earray:1\u003C\/span\u003E [\u003Csamp data-depth=2 class=sf-dump-compact\u003E\n    \u003Cspan class=sf-dump-index\u003E0\u003C\/span\u003E =\u003E \u0022\u003Cspan class=sf-dump-str title=\u002223 characters\u0022\u003Egzip, deflate, br, zstd\u003C\/span\u003E\u0022\n  \u003C\/samp\u003E]\n\u003C\/samp\u003E]\n\u003C\/pre\u003E\u003Cscript\u003ESfdump(\u0022sf-dump-1271662396\u0022, {\u0022maxDepth\u0022:0})\u003C\/script\u003E\n","request_cookies":"\u003Cpre class=sf-dump id=sf-dump-336870331 data-indent-pad=\u0022  \u0022\u003E[]\n\u003C\/pre\u003E\u003Cscript\u003ESfdump(\u0022sf-dump-336870331\u0022, {\u0022maxDepth\u0022:0})\u003C\/script\u003E\n","response_headers":"\u003Cpre class=sf-dump id=sf-dump-1488528836 data-indent-pad=\u0022  \u0022\u003E\u003Cspan class=sf-dump-note\u003Earray:3\u003C\/span\u003E [\u003Csamp data-depth=1 class=sf-dump-expanded\u003E\n  \u0022\u003Cspan class=sf-dump-key\u003Ecache-control\u003C\/span\u003E\u0022 =\u003E \u003Cspan class=sf-dump-note\u003Earray:1\u003C\/span\u003E [\u003Csamp data-depth=2 class=sf-dump-compact\u003E\n    \u003Cspan class=sf-dump-index\u003E0\u003C\/span\u003E =\u003E \u0022\u003Cspan class=sf-dump-str title=\u002217 characters\u0022\u003Eno-cache, private\u003C\/span\u003E\u0022\n  \u003C\/samp\u003E]\n  \u0022\u003Cspan class=sf-dump-key\u003Edate\u003C\/span\u003E\u0022 =\u003E \u003Cspan class=sf-dump-note\u003Earray:1\u003C\/span\u003E [\u003Csamp data-depth=2 class=sf-dump-compact\u003E\n    \u003Cspan class=sf-dump-index\u003E0\u003C\/span\u003E =\u003E \u0022\u003Cspan class=sf-dump-str title=\u002229 characters\u0022\u003ESun, 30 Nov 2025 15:58:00 GMT\u003C\/span\u003E\u0022\n  \u003C\/samp\u003E]\n  \u0022\u003Cspan class=sf-dump-key\u003Econtent-type\u003C\/span\u003E\u0022 =\u003E \u003Cspan class=sf-dump-note\u003Earray:1\u003C\/span\u003E [\u003Csamp data-depth=2 class=sf-dump-compact\u003E\n    \u003Cspan class=sf-dump-index\u003E0\u003C\/span\u003E =\u003E \u0022\u003Cspan class=sf-dump-str title=\u002224 characters\u0022\u003Etext\/html; charset=utf-8\u003C\/span\u003E\u0022\n  \u003C\/samp\u003E]\n\u003C\/samp\u003E]\n\u003C\/pre\u003E\u003Cscript\u003ESfdump(\u0022sf-dump-1488528836\u0022, {\u0022maxDepth\u0022:0})\u003C\/script\u003E\n","session_attributes":"\u003Cpre class=sf-dump id=sf-dump-989912181 data-indent-pad=\u0022  \u0022\u003E\u003Cspan class=sf-dump-note\u003Earray:1\u003C\/span\u003E [\u003Csamp data-depth=1 class=sf-dump-expanded\u003E\n  \u0022\u003Cspan class=sf-dump-key\u003E_token\u003C\/span\u003E\u0022 =\u003E \u0022\u003Cspan class=sf-dump-str title=\u002240 characters\u0022\u003EUoo7ioKcQUxmlHe60GqFVJ9tDH32AQqjExDWjY7K\u003C\/span\u003E\u0022\n\u003C\/samp\u003E]\n\u003C\/pre\u003E\u003Cscript\u003ESfdump(\u0022sf-dump-989912181\u0022, {\u0022maxDepth\u0022:0})\u003C\/script\u003E\n"},"tooltip":{"status":"200 OK","full_url":"http:\/\/127.0.0.1:8000\/login","action_name":"login","controller_action":"Workbench\\App\\Http\\Controllers\\AuthController@showLogin"},"badge":null}}, "01KBAQRFP1RY2DH7V6FK4YRA52");

</script><div class="phpdebugbar phpdebugbar-minimized" data-bodymarginbottom="true" data-theme="light" data-openbtnposition="bottomLeft" data-hideemptytabs="true"><div class="phpdebugbar-drag-capture"></div><div class="phpdebugbar-resize-handle"></div><div class="phpdebugbar-header"><a class="phpdebugbar-restore-btn"></a><div class="phpdebugbar-header-left"><a class="phpdebugbar-tab" data-empty="false" data-collector="request"><i class="phpdebugbar-fa phpdebugbar-fa-tags"></i><span class="phpdebugbar-text">Request</span><span class="phpdebugbar-badge"></span></a><a class="phpdebugbar-tab" data-empty="true" data-collector="messages"><i class="phpdebugbar-fa phpdebugbar-fa-list-alt"></i><span class="phpdebugbar-text">Messages</span><span class="phpdebugbar-badge"></span></a><a class="phpdebugbar-tab" data-empty="false" data-collector="timeline"><i class="phpdebugbar-fa phpdebugbar-fa-tasks"></i><span class="phpdebugbar-text">Timeline</span><span class="phpdebugbar-badge"></span></a><a class="phpdebugbar-tab" data-empty="true" data-collector="exceptions"><i class="phpdebugbar-fa phpdebugbar-fa-bug"></i><span class="phpdebugbar-text">Exceptions</span><span class="phpdebugbar-badge"></span></a><a class="phpdebugbar-tab" data-empty="false" data-collector="views"><i class="phpdebugbar-fa phpdebugbar-fa-leaf"></i><span class="phpdebugbar-text">Views</span><span class="phpdebugbar-badge phpdebugbar-visible">1</span></a><a class="phpdebugbar-tab" data-empty="true" data-collector="queries"><i class="phpdebugbar-fa phpdebugbar-fa-database"></i><span class="phpdebugbar-text">Queries</span><span class="phpdebugbar-badge phpdebugbar-visible">0</span></a><a class="phpdebugbar-tab" data-empty="true" data-collector="models"><i class="phpdebugbar-fa phpdebugbar-fa-cubes"></i><span class="phpdebugbar-text">Models</span><span class="phpdebugbar-badge phpdebugbar-visible">0</span></a><a class="phpdebugbar-tab" data-empty="true" data-collector="emails"><i class="phpdebugbar-fa phpdebugbar-fa-inbox"></i><span class="phpdebugbar-text">Mails</span><span class="phpdebugbar-badge"></span></a><a class="phpdebugbar-tab" data-empty="true" data-collector="gate"><i class="phpdebugbar-fa phpdebugbar-fa-list-alt"></i><span class="phpdebugbar-text">Gate</span><span class="phpdebugbar-badge"></span></a></div><div class="phpdebugbar-header-right"><a class="phpdebugbar-close-btn"></a><a class="phpdebugbar-minimize-btn"></a><a class="phpdebugbar-tab phpdebugbar-tab-settings" data-collector="__settings"><i class="phpdebugbar-fa phpdebugbar-fa-sliders"></i><span class="phpdebugbar-text">Settings</span><span class="phpdebugbar-badge"></span></a><a class="phpdebugbar-maximize-btn"></a><a class="phpdebugbar-open-btn" style=""></a><a class="phpdebugbar-tab phpdebugbar-tab-history" data-collector="__datasets" style="" data-empty="false"><i class="phpdebugbar-fa phpdebugbar-fa-history"></i><span class="phpdebugbar-text">Request history</span><span class="phpdebugbar-badge"></span></a><select class="phpdebugbar-datasets-switcher" name="datasets-switcher"><option value="01KBAQRFP1RY2DH7V6FK4YRA52">#1 login (15:58:00)</option></select><span class="phpdebugbar-indicator" style="cursor: pointer;"><i class="phpdebugbar-fa phpdebugbar-fa-clock-o"></i><span class="phpdebugbar-text">18.38ms</span><span class="phpdebugbar-tooltip">Request Duration</span></span><span class="phpdebugbar-indicator"><i class="phpdebugbar-fa phpdebugbar-fa-cogs"></i><span class="phpdebugbar-text">2MB</span><span class="phpdebugbar-tooltip">Memory Usage</span></span><span class="phpdebugbar-indicator"><i class="phpdebugbar-fa phpdebugbar-fa-laravel phpdebugbar-fab"></i><span class="phpdebugbar-text">12.x</span><span class="phpdebugbar-tooltip"><dl><dt>Laravel Version</dt><dd>12.40.2</dd><dt>PHP Version</dt><dd>8.4.15</dd><dt>Environment</dt><dd>local</dd><dt>Debug Mode</dt><dd>Enabled</dd><dt>URL</dt><dd>localhost</dd><dt>Timezone</dt><dd>UTC</dd><dt>Locale</dt><dd>en</dd></dl></span></span><span class="phpdebugbar-indicator" style="cursor: pointer;"><i class="phpdebugbar-fa phpdebugbar-fa-share"></i><span class="phpdebugbar-text">GET login</span><span class="phpdebugbar-tooltip"><dl><dt>status</dt><dd>200 OK</dd><dt>full_url</dt><dd>http://127.0.0.1:8000/login</dd><dt>action_name</dt><dd>login</dd><dt>controller_action</dt><dd>Workbench\App\Http\Controllers\AuthController@showLogin</dd></dl></span></span></div></div><div class="phpdebugbar-body" style="height: 300px;"><div class="phpdebugbar-panel" data-collector="__settings"><form class="phpdebugbar-settings"><div class="phpdebugbar-form-row"><div class="phpdebugbar-form-label">Theme</div><div class="phpdebugbar-form-input"><select><option value="auto">Auto (System preference)</option><option value="light">Light</option><option value="dark">Dark</option></select></div></div><div class="phpdebugbar-form-row"><div class="phpdebugbar-form-label">Open Button Position</div><div class="phpdebugbar-form-input"><select><option value="bottomLeft">Bottom Left</option><option value="bottomRight">Bottom Right</option><option value="topLeft">Top Left</option><option value="topRight">Top Right</option></select></div></div><div class="phpdebugbar-form-row"><div class="phpdebugbar-form-label">Hide Empty Tabs</div><div class="phpdebugbar-form-input"><label><input type="checkbox">Hide empty tabs until they have data</label></div></div><div class="phpdebugbar-form-row"><div class="phpdebugbar-form-label">Autoshow</div><div class="phpdebugbar-form-input"><label><input type="checkbox">Automatically show new incoming Ajax requests</label></div></div><div class="phpdebugbar-form-row"><div class="phpdebugbar-form-label">Reset to defaults</div><div class="phpdebugbar-form-input"><button>Reset settings</button></div></div></form></div><div class="phpdebugbar-panel" data-collector="request"><dl class="phpdebugbar-widgets-kvlist phpdebugbar-widgets-htmlvarlist"><dt class="phpdebugbar-widgets-key"><span title="status">status</span></dt><dd class="phpdebugbar-widgets-value">200 OK</dd><dt class="phpdebugbar-widgets-key"><span title="full_url">full_url</span></dt><dd class="phpdebugbar-widgets-value">http://127.0.0.1:8000/login</dd><dt class="phpdebugbar-widgets-key"><span title="action_name">action_name</span></dt><dd class="phpdebugbar-widgets-value">login</dd><dt class="phpdebugbar-widgets-key"><span title="controller_action">controller_action</span></dt><dd class="phpdebugbar-widgets-value">Workbench\App\Http\Controllers\AuthController@showLogin</dd><dt class="phpdebugbar-widgets-key"><span title="uri">uri</span></dt><dd class="phpdebugbar-widgets-value">GET login</dd><dt class="phpdebugbar-widgets-key"><span title="controller">controller</span></dt><dd class="phpdebugbar-widgets-value">Workbench\App\Http\Controllers\AuthController@showLogin<a href="phpstorm://open?file=%2FUsers%2Fvahan%2FHerd%2Flaravel-react-reactions%2Fpackages%2Ftruefans%2Flaravel-react-reactions%2Fworkbench%2Fapp%2FHttp%2FControllers%2FAuthController.php&amp;line=14" class="phpdebugbar-widgets-editor-link"></a></dd><dt class="phpdebugbar-widgets-key"><span title="file">file</span></dt><dd class="phpdebugbar-widgets-value"><a href="phpstorm://open?file=%2FUsers%2Fvahan%2FHerd%2Flaravel-react-reactions%2Fpackages%2Ftruefans%2Flaravel-react-reactions%2Fworkbench%2Fapp%2FHttp%2FControllers%2FAuthController.php&amp;line=14" onclick="" class="phpdebugbar-widgets-editor-link">Users/vahan/Herd/laravel-react-reactions/packages/truefans/laravel-react-reactions/workbench/app/Http/Controllers/AuthController.php:14-17</a></dd><dt class="phpdebugbar-widgets-key"><span title="middleware">middleware</span></dt><dd class="phpdebugbar-widgets-value">web</dd><dt class="phpdebugbar-widgets-key"><span title="duration">duration</span></dt><dd class="phpdebugbar-widgets-value">18.04ms</dd><dt class="phpdebugbar-widgets-key"><span title="peak_memory">peak_memory</span></dt><dd class="phpdebugbar-widgets-value">2MB</dd><dt class="phpdebugbar-widgets-key"><span title="response">response</span></dt><dd class="phpdebugbar-widgets-value">text/html; charset=utf-8</dd><dt class="phpdebugbar-widgets-key"><span title="request_format">request_format</span></dt><dd class="phpdebugbar-widgets-value">html</dd><dt class="phpdebugbar-widgets-key"><span title="request_query">request_query</span></dt><dd class="phpdebugbar-widgets-value"><pre class="sf-dump" id="sf-dump-1413462031" data-indent-pad="  ">[]
</pre><script>Sfdump("sf-dump-1413462031", {"maxDepth":0})</script>
</dd><dt class="phpdebugbar-widgets-key"><span title="request_request">request_request</span></dt><dd class="phpdebugbar-widgets-value"><pre class="sf-dump" id="sf-dump-761770130" data-indent-pad="  ">[]
</pre><script>Sfdump("sf-dump-761770130", {"maxDepth":0})</script>
</dd><dt class="phpdebugbar-widgets-key"><span title="request_headers">request_headers</span></dt><dd class="phpdebugbar-widgets-value"><pre class="sf-dump" id="sf-dump-1271662396" data-indent-pad="  " tabindex="0"><div class="sf-dump-search-wrapper sf-dump-search-hidden"> <input type="text" class="sf-dump-search-input"> <span class="sf-dump-search-count">0 of 0</span> <button type="button" class="sf-dump-search-input-previous" tabindex="-1"> <svg viewBox="0 0 1792 1792" xmlns="http://www.w3.org/2000/svg"><path d="M1683 1331l-166 165q-19 19-45 19t-45-19L896 965l-531 531q-19 19-45 19t-45-19l-166-165q-19-19-19-45.5t19-45.5l742-741q19-19 45-19t45 19l742 741q19 19 19 45.5t-19 45.5z"></path></svg> </button> <button type="button" class="sf-dump-search-input-next" tabindex="-1"> <svg viewBox="0 0 1792 1792" xmlns="http://www.w3.org/2000/svg"><path d="M1683 808l-742 741q-19 19-45 19t-45-19L109 808q-19-19-19-45.5t19-45.5l166-165q19-19 45-19t45 19l531 531 531-531q19-19 45-19t45 19l166 165q19 19 19 45.5t-19 45.5z"></path></svg> </button> </div><span class="sf-dump-note">array:14</span> [<a class="sf-dump-ref sf-dump-toggle" title="[Cmd+click] Expand all children"><span>▼</span></a><samp data-depth="1" class="sf-dump-expanded">
  "<span class="sf-dump-key">host</span>" =&gt; <span class="sf-dump-note">array:1</span> [<a class="sf-dump-ref sf-dump-toggle" title="[Cmd+click] Expand all children"><span>▶</span></a><samp data-depth="2" class="sf-dump-compact">
    <span class="sf-dump-index">0</span> =&gt; "<span class="sf-dump-str" title="14 characters">127.0.0.1:8000</span>"
  </samp>]
  "<span class="sf-dump-key">connection</span>" =&gt; <span class="sf-dump-note">array:1</span> [<a class="sf-dump-ref sf-dump-toggle" title="[Cmd+click] Expand all children"><span>▶</span></a><samp data-depth="2" class="sf-dump-compact">
    <span class="sf-dump-index">0</span> =&gt; "<span class="sf-dump-str" title="10 characters">keep-alive</span>"
  </samp>]
  "<span class="sf-dump-key">sec-ch-ua</span>" =&gt; <span class="sf-dump-note">array:1</span> [<a class="sf-dump-ref sf-dump-toggle" title="[Cmd+click] Expand all children"><span>▶</span></a><samp data-depth="2" class="sf-dump-compact">
    <span class="sf-dump-index">0</span> =&gt; "<span class="sf-dump-str" title="66 characters">"HeadlessChrome";v="143", "Chromium";v="143", "Not A(Brand";v="24"</span>"
  </samp>]
  "<span class="sf-dump-key">sec-ch-ua-mobile</span>" =&gt; <span class="sf-dump-note">array:1</span> [<a class="sf-dump-ref sf-dump-toggle" title="[Cmd+click] Expand all children"><span>▶</span></a><samp data-depth="2" class="sf-dump-compact">
    <span class="sf-dump-index">0</span> =&gt; "<span class="sf-dump-str" title="2 characters">?0</span>"
  </samp>]
  "<span class="sf-dump-key">sec-ch-ua-platform</span>" =&gt; <span class="sf-dump-note">array:1</span> [<a class="sf-dump-ref sf-dump-toggle" title="[Cmd+click] Expand all children"><span>▶</span></a><samp data-depth="2" class="sf-dump-compact">
    <span class="sf-dump-index">0</span> =&gt; "<span class="sf-dump-str" title="9 characters">"Windows"</span>"
  </samp>]
  "<span class="sf-dump-key">upgrade-insecure-requests</span>" =&gt; <span class="sf-dump-note">array:1</span> [<a class="sf-dump-ref sf-dump-toggle" title="[Cmd+click] Expand all children"><span>▶</span></a><samp data-depth="2" class="sf-dump-compact">
    <span class="sf-dump-index">0</span> =&gt; "<span class="sf-dump-str">1</span>"
  </samp>]
  "<span class="sf-dump-key">user-agent</span>" =&gt; <span class="sf-dump-note">array:1</span> [<a class="sf-dump-ref sf-dump-toggle" title="[Cmd+click] Expand all children"><span>▶</span></a><samp data-depth="2" class="sf-dump-compact">
    <span class="sf-dump-index">0</span> =&gt; "<span class="sf-dump-str" title="114 characters">Mozilla/5.0 (Windows NT 10.0; Win64; x64) AppleWebKit/537.36 (KHTML, like Gecko) Chrome/143.0.7499.4 Safari/537.36</span>"
  </samp>]
  "<span class="sf-dump-key">accept-language</span>" =&gt; <span class="sf-dump-note">array:1</span> [<a class="sf-dump-ref sf-dump-toggle" title="[Cmd+click] Expand all children"><span>▶</span></a><samp data-depth="2" class="sf-dump-compact">
    <span class="sf-dump-index">0</span> =&gt; "<span class="sf-dump-str" title="5 characters">en-US</span>"
  </samp>]
  "<span class="sf-dump-key">accept</span>" =&gt; <span class="sf-dump-note">array:1</span> [<a class="sf-dump-ref sf-dump-toggle" title="[Cmd+click] Expand all children"><span>▶</span></a><samp data-depth="2" class="sf-dump-compact">
    <span class="sf-dump-index">0</span> =&gt; "<span class="sf-dump-str" title="135 characters">text/html,application/xhtml+xml,application/xml;q=0.9,image/avif,image/webp,image/apng,*/*;q=0.8,application/signed-exchange;v=b3;q=0.7</span>"
  </samp>]
  "<span class="sf-dump-key">sec-fetch-site</span>" =&gt; <span class="sf-dump-note">array:1</span> [<a class="sf-dump-ref sf-dump-toggle" title="[Cmd+click] Expand all children"><span>▶</span></a><samp data-depth="2" class="sf-dump-compact">
    <span class="sf-dump-index">0</span> =&gt; "<span class="sf-dump-str" title="4 characters">none</span>"
  </samp>]
  "<span class="sf-dump-key">sec-fetch-mode</span>" =&gt; <span class="sf-dump-note">array:1</span> [<a class="sf-dump-ref sf-dump-toggle" title="[Cmd+click] Expand all children"><span>▶</span></a><samp data-depth="2" class="sf-dump-compact">
    <span class="sf-dump-index">0</span> =&gt; "<span class="sf-dump-str" title="8 characters">navigate</span>"
  </samp>]
  "<span class="sf-dump-key">sec-fetch-user</span>" =&gt; <span class="sf-dump-note">array:1</span> [<a class="sf-dump-ref sf-dump-toggle" title="[Cmd+click] Expand all children"><span>▶</span></a><samp data-depth="2" class="sf-dump-compact">
    <span class="sf-dump-index">0</span> =&gt; "<span class="sf-dump-str" title="2 characters">?1</span>"
  </samp>]
  "<span class="sf-dump-key">sec-fetch-dest</span>" =&gt; <span class="sf-dump-note">array:1</span> [<a class="sf-dump-ref sf-dump-toggle" title="[Cmd+click] Expand all children"><span>▶</span></a><samp data-depth="2" class="sf-dump-compact">
    <span class="sf-dump-index">0</span> =&gt; "<span class="sf-dump-str" title="8 characters">document</span>"
  </samp>]
  "<span class="sf-dump-key">accept-encoding</span>" =&gt; <span class="sf-dump-note">array:1</span> [<a class="sf-dump-ref sf-dump-toggle" title="[Cmd+click] Expand all children"><span>▶</span></a><samp data-depth="2" class="sf-dump-compact">
    <span class="sf-dump-index">0</span> =&gt; "<span class="sf-dump-str" title="23 characters">gzip, deflate, br, zstd</span>"
  </samp>]
</samp>]
</pre><script>Sfdump("sf-dump-1271662396", {"maxDepth":0})</script>
</dd><dt class="phpdebugbar-widgets-key"><span title="request_cookies">request_cookies</span></dt><dd class="phpdebugbar-widgets-value"><pre class="sf-dump" id="sf-dump-336870331" data-indent-pad="  ">[]
</pre><script>Sfdump("sf-dump-336870331", {"maxDepth":0})</script>
</dd><dt class="phpdebugbar-widgets-key"><span title="response_headers">response_headers</span></dt><dd class="phpdebugbar-widgets-value"><pre class="sf-dump" id="sf-dump-1488528836" data-indent-pad="  " tabindex="0"><div class="sf-dump-search-wrapper sf-dump-search-hidden"> <input type="text" class="sf-dump-search-input"> <span class="sf-dump-search-count">0 of 0</span> <button type="button" class="sf-dump-search-input-previous" tabindex="-1"> <svg viewBox="0 0 1792 1792" xmlns="http://www.w3.org/2000/svg"><path d="M1683 1331l-166 165q-19 19-45 19t-45-19L896 965l-531 531q-19 19-45 19t-45-19l-166-165q-19-19-19-45.5t19-45.5l742-741q19-19 45-19t45 19l742 741q19 19 19 45.5t-19 45.5z"></path></svg> </button> <button type="button" class="sf-dump-search-input-next" tabindex="-1"> <svg viewBox="0 0 1792 1792" xmlns="http://www.w3.org/2000/svg"><path d="M1683 808l-742 741q-19 19-45 19t-45-19L109 808q-19-19-19-45.5t19-45.5l166-165q19-19 45-19t45 19l531 531 531-531q19-19 45-19t45 19l166 165q19 19 19 45.5t-19 45.5z"></path></svg> </button> </div><span class="sf-dump-note">array:3</span> [<a class="sf-dump-ref sf-dump-toggle" title="[Cmd+click] Expand all children"><span>▼</span></a><samp data-depth="1" class="sf-dump-expanded">
  "<span class="sf-dump-key">cache-control</span>" =&gt; <span class="sf-dump-note">array:1</span> [<a class="sf-dump-ref sf-dump-toggle" title="[Cmd+click] Expand all children"><span>▶</span></a><samp data-depth="2" class="sf-dump-compact">
    <span class="sf-dump-index">0</span> =&gt; "<span class="sf-dump-str" title="17 characters">no-cache, private</span>"
  </samp>]
  "<span class="sf-dump-key">date</span>" =&gt; <span class="sf-dump-note">array:1</span> [<a class="sf-dump-ref sf-dump-toggle" title="[Cmd+click] Expand all children"><span>▶</span></a><samp data-depth="2" class="sf-dump-compact">
    <span class="sf-dump-index">0</span> =&gt; "<span class="sf-dump-str" title="29 characters">Sun, 30 Nov 2025 15:58:00 GMT</span>"
  </samp>]
  "<span class="sf-dump-key">content-type</span>" =&gt; <span class="sf-dump-note">array:1</span> [<a class="sf-dump-ref sf-dump-toggle" title="[Cmd+click] Expand all children"><span>▶</span></a><samp data-depth="2" class="sf-dump-compact">
    <span class="sf-dump-index">0</span> =&gt; "<span class="sf-dump-str" title="24 characters">text/html; charset=utf-8</span>"
  </samp>]
</samp>]
</pre><script>Sfdump("sf-dump-1488528836", {"maxDepth":0})</script>
</dd><dt class="phpdebugbar-widgets-key"><span title="session_attributes">session_attributes</span></dt><dd class="phpdebugbar-widgets-value"><pre class="sf-dump" id="sf-dump-989912181" data-indent-pad="  " tabindex="0"><div class="sf-dump-search-wrapper sf-dump-search-hidden"> <input type="text" class="sf-dump-search-input"> <span class="sf-dump-search-count">0 of 0</span> <button type="button" class="sf-dump-search-input-previous" tabindex="-1"> <svg viewBox="0 0 1792 1792" xmlns="http://www.w3.org/2000/svg"><path d="M1683 1331l-166 165q-19 19-45 19t-45-19L896 965l-531 531q-19 19-45 19t-45-19l-166-165q-19-19-19-45.5t19-45.5l742-741q19-19 45-19t45 19l742 741q19 19 19 45.5t-19 45.5z"></path></svg> </button> <button type="button" class="sf-dump-search-input-next" tabindex="-1"> <svg viewBox="0 0 1792 1792" xmlns="http://www.w3.org/2000/svg"><path d="M1683 808l-742 741q-19 19-45 19t-45-19L109 808q-19-19-19-45.5t19-45.5l166-165q19-19 45-19t45 19l531 531 531-531q19-19 45-19t45 19l166 165q19 19 19 45.5t-19 45.5z"></path></svg> </button> </div><span class="sf-dump-note">array:1</span> [<a class="sf-dump-ref sf-dump-toggle" title="[Cmd+click] Expand all children"><span>▼</span></a><samp data-depth="1" class="sf-dump-expanded">
  "<span class="sf-dump-key">_token</span>" =&gt; "<span class="sf-dump-str" title="40 characters">Uoo7ioKcQUxmlHe60GqFVJ9tDH32AQqjExDWjY7K</span>"
</samp>]
</pre><script>Sfdump("sf-dump-989912181", {"maxDepth":0})</script>
</dd></dl></div><div class="phpdebugbar-panel" data-collector="messages"><div class="phpdebugbar-widgets-messages"><ul class="phpdebugbar-widgets-list"></ul><div class="phpdebugbar-widgets-toolbar"><i class="phpdebugbar-fa phpdebugbar-fa-search"></i><input type="text" name="search" aria-label="Search" placeholder="Search"><a class="phpdebugbar-widgets-filter" style="visibility: hidden;"></a></div></div></div><div class="phpdebugbar-panel" data-collector="timeline"><ul class="phpdebugbar-widgets-timeline"><li><div class="phpdebugbar-widgets-measure"><span class="phpdebugbar-widgets-value" style="left: 0%; width: 71.32%;"></span><span class="phpdebugbar-widgets-label">Booting (13.11ms)</span><span class="phpdebugbar-widgets-collector">time</span></div></li><li><div class="phpdebugbar-widgets-measure"><span class="phpdebugbar-widgets-value" style="left: 71.37%; width: 28.63%;"></span><span class="phpdebugbar-widgets-label">Application (5.26ms)</span><span class="phpdebugbar-widgets-collector">time</span></div></li><li><div class="phpdebugbar-widgets-measure"><span class="phpdebugbar-widgets-value" style="left: 77.35%; width: 1.7%;"></span><span class="phpdebugbar-widgets-label">Routing (312μs)</span></div></li><li><div class="phpdebugbar-widgets-measure"><span class="phpdebugbar-widgets-value" style="left: 83.07%; width: 15.8%;"></span><span class="phpdebugbar-widgets-label">Preparing Response (2.91ms)</span></div></li><li><div class="phpdebugbar-widgets-measure"><span class="phpdebugbar-widgets-value" style="left: 86.84%; width: 0%;"></span><span class="phpdebugbar-widgets-label">View: Auth/Login</span><span class="phpdebugbar-widgets-collector">views</span></div></li><li><table class="phpdebugbar-widgets-params"><tr><td class="phpdebugbar-widgets-name">1 x Booting (71.32%)</td><td class="phpdebugbar-widgets-value"><div class="phpdebugbar-widgets-measure"><span class="phpdebugbar-widgets-value" style="width: 71.32%;"></span><span class="phpdebugbar-widgets-label">13.11ms</span></div></td></tr><tr><td class="phpdebugbar-widgets-name">1 x Application (28.64%)</td><td class="phpdebugbar-widgets-value"><div class="phpdebugbar-widgets-measure"><span class="phpdebugbar-widgets-value" style="width: 28.64%;"></span><span class="phpdebugbar-widgets-label">5.26ms</span></div></td></tr><tr><td class="phpdebugbar-widgets-name">1 x Preparing Response (15.8%)</td><td class="phpdebugbar-widgets-value"><div class="phpdebugbar-widgets-measure"><span class="phpdebugbar-widgets-value" style="width: 15.8%;"></span><span class="phpdebugbar-widgets-label">2.91ms</span></div></td></tr><tr><td class="phpdebugbar-widgets-name">1 x Routing (1.7%)</td><td class="phpdebugbar-widgets-value"><div class="phpdebugbar-widgets-measure"><span class="phpdebugbar-widgets-value" style="width: 1.7%;"></span><span class="phpdebugbar-widgets-label">312μs</span></div></td></tr><tr><td class="phpdebugbar-widgets-name">1 x View (0%)</td><td class="phpdebugbar-widgets-value"><div class="phpdebugbar-widgets-measure"><span class="phpdebugbar-widgets-value" style="width: 0%;"></span><span class="phpdebugbar-widgets-label">0μs</span></div></td></tr></table></li></ul></div><div class="phpdebugbar-panel" data-collector="exceptions"><div class="phpdebugbar-widgets-exceptions"><ul class="phpdebugbar-widgets-list"></ul></div></div><div class="phpdebugbar-panel" data-collector="views"><div class="phpdebugbar-widgets-templates"><div class="phpdebugbar-widgets-status"><span>1 templates were rendered</span></div><ul class="phpdebugbar-widgets-list"><li class="phpdebugbar-widgets-list-item"><span class="phpdebugbar-widgets-name">Auth/Login</span><span class="phpdebugbar-widgets-filename">app.blade.php#?<a href="phpstorm://open?file=%2FUsers%2Fvahan%2FHerd%2Flaravel-react-reactions%2Fpackages%2Ftruefans%2Flaravel-react-reactions%2Fworkbench%2Fresources%2Fviews%2Fapp.blade.php&amp;line=1" class="phpdebugbar-widgets-editor-link"></a></span><span title="Parameter count" class="phpdebugbar-widgets-param-count"></span><span title="Type" class="phpdebugbar-widgets-type">blade</span></li></ul><div class="phpdebugbar-widgets-callgraph"></div></div></div><div class="phpdebugbar-panel" data-collector="queries"><div class="phpdebugbar-widgets-sqlqueries"><div class="phpdebugbar-widgets-status"><span>0 statements were executed</span><span title="Accumulated duration" class="phpdebugbar-widgets-duration">0μs</span></div><ul class="phpdebugbar-widgets-list"></ul></div></div><div class="phpdebugbar-panel" data-collector="models"><div class="phpdebugbar-widgets-tablevarlist"><table class="phpdebugbar-widgets-tablevar"><tr class="phpdebugbar-widgets-header"><td></td><td>Retrieved</td><td>Created</td><td>Updated</td><td>Deleted</td></tr></table></div></div><div class="phpdebugbar-panel" data-collector="emails"><div class="phpdebugbar-widgets-mails"><ul class="phpdebugbar-widgets-list"></ul></div></div><div class="phpdebugbar-panel" data-collector="gate"><div class="phpdebugbar-widgets-messages"><ul class="phpdebugbar-widgets-list"></ul><div class="phpdebugbar-widgets-toolbar"><i class="phpdebugbar-fa phpdebugbar-fa-search"></i><input type="text" name="search" aria-label="Search" placeholder="Search"><a class="phpdebugbar-widgets-filter" style="visibility: hidden;"></a></div></div></div><div class="phpdebugbar-panel" data-collector="__datasets"><div class="phpdebugbar-widgets-dataset-history"><div class="phpdebugbar-widgets-dataset-actions"><label>Autoshow<input type="checkbox"></label><a>Clear</a><a>Show all</a><select name="method" style="width:100px"><option>(method)</option><option>GET</option><option>POST</option><option>PUT</option><option>DELETE</option></select><input type="text" name="search" aria-label="Search" placeholder="Search"></div><table><thead><tr><th style="width: 30px;"></th><th style="width: 175px;">Date ↕</th><th style="width: 80px;">Method</th><th>URL</th><th width="40%">Data</th></tr></thead><tbody><tr data-id="01KBAQRFP1RY2DH7V6FK4YRA52" class="phpdebugbar-widgets-table-row phpdebugbar-widgets-active" style="cursor: pointer;"><td>#1</td><td>2025-11-30 15:58:00</td><td>GET</td><td>/login</td><td><a title="Views"><i class="phpdebugbar-fa phpdebugbar-fa-leaf"></i><span class="phpdebugbar-badge" style="display: inline-block;">1</span></a></td></tr></tbody></table></div></div></div><a class="phpdebugbar-restore-btn" style="display: none;"></a></div><div class="phpdebugbar-openhandler" data-theme="light" style="display: none;"><div class="phpdebugbar-openhandler-header">PHP DebugBar | Open<a><i class="phpdebugbar-fa phpdebugbar-fa-times"></i></a></div><table><thead><tr><th width="155">Date</th><th width="75">Method</th><th>URL</th><th width="125">IP</th><th width="100">Filter data</th></tr></thead><tbody></tbody></table><div class="phpdebugbar-openhandler-actions"><a>Load more</a><a>Show only current URL</a><a>Show all</a><a>Delete all</a><form><br><b>Filter results</b><br><select name="method"><option selected="">(Method)</option><option>GET</option><option>POST</option><option>PUT</option><option>DELETE</option></select><input type="text" name="uri" placeholder="URI"><input type="text" name="ip" placeholder="IP"><button type="submit">Search</button></form></div></div><div class="phpdebugbar-openhandler-overlay" style="display: none;"></div>


<div id="nprogress" style="transition: none; opacity: 1;"><div class="bar" role="bar" style="transform: translate3d(0%, 0px, 0px); transition: 200ms linear;"><div class="peg"></div></div></div></body></html>

[1A[2K  21) [chromium] › tests/Browser/reactions.spec.js:66:5 › Reactions Component › should change reaction type 

    Error: locator.hover: Error: strict mode violation: getByRole('button', { name: /like/i }) resolved to 74 elements:
        1) <button type="button" id="radix-_r_0_" data-state="closed" aria-haspopup="menu" aria-expanded="false" data-testid="reaction-button-like" class="↵                            group inline-flex items-center gap-1.5 px-3 py-1.5 rounded-md font-medium text-sm transition-all duration-200↵                            bg-gray-900 text-white hover:bg-gray-800 shadow-sm↵                            cursor-pointer hover:scale-105↵                        ">…</button> aka locator('#radix-_r_0_')
        2) <button type="button" id="radix-_r_4_" data-state="closed" aria-haspopup="menu" aria-expanded="false" data-testid="reaction-button-like" class="↵                            group inline-flex items-center gap-1.5 px-3 py-1.5 rounded-md font-medium text-sm transition-all duration-200↵                            bg-white text-gray-700 hover:bg-gray-50 border border-gray-300↵                            cursor-pointer hover:scale-105↵                        ">…</button> aka locator('#radix-_r_4_')
        3) <button type="button" id="radix-_r_b_" data-state="closed" aria-haspopup="menu" aria-expanded="false" data-testid="reaction-button-like" class="↵                            group inline-flex items-center gap-1.5 px-3 py-1.5 rounded-md font-medium text-sm transition-all duration-200↵                            bg-white text-gray-700 hover:bg-gray-50 border border-gray-300↵                            cursor-pointer hover:scale-105↵                        ">…</button> aka locator('#radix-_r_b_')
        4) <button type="button" id="radix-_r_f_" data-state="closed" aria-haspopup="menu" aria-expanded="false" data-testid="reaction-button-like" class="↵                            group inline-flex items-center gap-1.5 px-3 py-1.5 rounded-md font-medium text-sm transition-all duration-200↵                            bg-white text-gray-700 hover:bg-gray-50 border border-gray-300↵                            cursor-pointer hover:scale-105↵                        ">…</button> aka locator('#radix-_r_f_')
        5) <button type="button" id="radix-_r_p_" data-state="closed" aria-haspopup="menu" aria-expanded="false" data-testid="reaction-button-like" class="↵                            group inline-flex items-center gap-1.5 px-3 py-1.5 rounded-md font-medium text-sm transition-all duration-200↵                            bg-white text-gray-700 hover:bg-gray-50 border border-gray-300↵                            cursor-pointer hover:scale-105↵                        ">…</button> aka locator('#radix-_r_p_')
        6) <button type="button" id="radix-_r_t_" data-state="closed" aria-haspopup="menu" aria-expanded="false" data-testid="reaction-button-like" class="↵                            group inline-flex items-center gap-1.5 px-3 py-1.5 rounded-md font-medium text-sm transition-all duration-200↵                            bg-white text-gray-700 hover:bg-gray-50 border border-gray-300↵                            cursor-pointer hover:scale-105↵                        ">…</button> aka locator('#radix-_r_t_')
        7) <button type="button" id="radix-_r_17_" data-state="closed" aria-haspopup="menu" aria-expanded="false" data-testid="reaction-button-like" class="↵                            group inline-flex items-center gap-1.5 px-3 py-1.5 rounded-md font-medium text-sm transition-all duration-200↵                            bg-white text-gray-700 hover:bg-gray-50 border border-gray-300↵                            cursor-pointer hover:scale-105↵                        ">…</button> aka locator('#radix-_r_17_')
        8) <button type="button" id="radix-_r_1b_" data-state="closed" aria-haspopup="menu" aria-expanded="false" data-testid="reaction-button-like" class="↵                            group inline-flex items-center gap-1.5 px-3 py-1.5 rounded-md font-medium text-sm transition-all duration-200↵                            bg-white text-gray-700 hover:bg-gray-50 border border-gray-300↵                            cursor-pointer hover:scale-105↵                        ">…</button> aka locator('#radix-_r_1b_')
        9) <button type="button" id="radix-_r_1i_" data-state="closed" aria-haspopup="menu" aria-expanded="false" data-testid="reaction-button-like" class="↵                            group inline-flex items-center gap-1.5 px-3 py-1.5 rounded-md font-medium text-sm transition-all duration-200↵                            bg-white text-gray-700 hover:bg-gray-50 border border-gray-300↵                            cursor-pointer hover:scale-105↵                        ">…</button> aka locator('#radix-_r_1i_')
        10) <button type="button" id="radix-_r_1s_" data-state="closed" aria-haspopup="menu" aria-expanded="false" data-testid="reaction-button-like" class="↵                            group inline-flex items-center gap-1.5 px-3 py-1.5 rounded-md font-medium text-sm transition-all duration-200↵                            bg-white text-gray-700 hover:bg-gray-50 border border-gray-300↵                            cursor-pointer hover:scale-105↵                        ">…</button> aka locator('#radix-_r_1s_')
        ...

    Call log:
    [2m  - waiting for getByRole('button', { name: /like/i })[22m


      68 |         
      69 |         // Hover to show picker
    > 70 |         await likeButton.hover();
         |                          ^
      71 |         await page.waitForTimeout(500);
      72 |         
      73 |         // Click on love reaction
        at /Users/vahan/Herd/laravel-react-reactions/packages/truefans/laravel-react-reactions/tests/Browser/reactions.spec.js:70:26

    attachment #1: screenshot (image/png) ──────────────────────────────────────────────────────────
    test-results/reactions-Reactions-Component-should-change-reaction-type-chromium/test-failed-1.png
    ────────────────────────────────────────────────────────────────────────────────────────────────

    Error Context: test-results/reactions-Reactions-Component-should-change-reaction-type-chromium/error-context.md


[1A[2K  22) [chromium] › tests/Browser/reactions.spec.js:104:5 › Reactions Component › should display reaction counts 

    Error: locator.click: Error: strict mode violation: getByRole('button', { name: /like/i }) resolved to 74 elements:
        1) <button type="button" id="radix-_r_0_" data-state="closed" aria-haspopup="menu" aria-expanded="false" data-testid="reaction-button-like" class="↵                            group inline-flex items-center gap-1.5 px-3 py-1.5 rounded-md font-medium text-sm transition-all duration-200↵                            bg-gray-900 text-white hover:bg-gray-800 shadow-sm↵                            cursor-pointer hover:scale-105↵                        ">…</button> aka locator('#radix-_r_0_')
        2) <button type="button" id="radix-_r_4_" data-state="closed" aria-haspopup="menu" aria-expanded="false" data-testid="reaction-button-like" class="↵                            group inline-flex items-center gap-1.5 px-3 py-1.5 rounded-md font-medium text-sm transition-all duration-200↵                            bg-white text-gray-700 hover:bg-gray-50 border border-gray-300↵                            cursor-pointer hover:scale-105↵                        ">…</button> aka locator('#radix-_r_4_')
        3) <button type="button" id="radix-_r_b_" data-state="closed" aria-haspopup="menu" aria-expanded="false" data-testid="reaction-button-like" class="↵                            group inline-flex items-center gap-1.5 px-3 py-1.5 rounded-md font-medium text-sm transition-all duration-200↵                            bg-white text-gray-700 hover:bg-gray-50 border border-gray-300↵                            cursor-pointer hover:scale-105↵                        ">…</button> aka locator('#radix-_r_b_')
        4) <button type="button" id="radix-_r_f_" data-state="closed" aria-haspopup="menu" aria-expanded="false" data-testid="reaction-button-like" class="↵                            group inline-flex items-center gap-1.5 px-3 py-1.5 rounded-md font-medium text-sm transition-all duration-200↵                            bg-white text-gray-700 hover:bg-gray-50 border border-gray-300↵                            cursor-pointer hover:scale-105↵                        ">…</button> aka locator('#radix-_r_f_')
        5) <button type="button" id="radix-_r_p_" data-state="closed" aria-haspopup="menu" aria-expanded="false" data-testid="reaction-button-like" class="↵                            group inline-flex items-center gap-1.5 px-3 py-1.5 rounded-md font-medium text-sm transition-all duration-200↵                            bg-white text-gray-700 hover:bg-gray-50 border border-gray-300↵                            cursor-pointer hover:scale-105↵                        ">…</button> aka locator('#radix-_r_p_')
        6) <button type="button" id="radix-_r_t_" data-state="closed" aria-haspopup="menu" aria-expanded="false" data-testid="reaction-button-like" class="↵                            group inline-flex items-center gap-1.5 px-3 py-1.5 rounded-md font-medium text-sm transition-all duration-200↵                            bg-white text-gray-700 hover:bg-gray-50 border border-gray-300↵                            cursor-pointer hover:scale-105↵                        ">…</button> aka locator('#radix-_r_t_')
        7) <button type="button" id="radix-_r_17_" data-state="closed" aria-haspopup="menu" aria-expanded="false" data-testid="reaction-button-like" class="↵                            group inline-flex items-center gap-1.5 px-3 py-1.5 rounded-md font-medium text-sm transition-all duration-200↵                            bg-white text-gray-700 hover:bg-gray-50 border border-gray-300↵                            cursor-pointer hover:scale-105↵                        ">…</button> aka locator('#radix-_r_17_')
        8) <button type="button" id="radix-_r_1b_" data-state="closed" aria-haspopup="menu" aria-expanded="false" data-testid="reaction-button-like" class="↵                            group inline-flex items-center gap-1.5 px-3 py-1.5 rounded-md font-medium text-sm transition-all duration-200↵                            bg-white text-gray-700 hover:bg-gray-50 border border-gray-300↵                            cursor-pointer hover:scale-105↵                        ">…</button> aka locator('#radix-_r_1b_')
        9) <button type="button" id="radix-_r_1i_" data-state="closed" aria-haspopup="menu" aria-expanded="false" data-testid="reaction-button-like" class="↵                            group inline-flex items-center gap-1.5 px-3 py-1.5 rounded-md font-medium text-sm transition-all duration-200↵                            bg-white text-gray-700 hover:bg-gray-50 border border-gray-300↵                            cursor-pointer hover:scale-105↵                        ">…</button> aka locator('#radix-_r_1i_')
        10) <button type="button" id="radix-_r_1s_" data-state="closed" aria-haspopup="menu" aria-expanded="false" data-testid="reaction-button-like" class="↵                            group inline-flex items-center gap-1.5 px-3 py-1.5 rounded-md font-medium text-sm transition-all duration-200↵                            bg-white text-gray-700 hover:bg-gray-50 border border-gray-300↵                            cursor-pointer hover:scale-105↵                        ">…</button> aka locator('#radix-_r_1s_')
        ...

    Call log:
    [2m  - waiting for getByRole('button', { name: /like/i })[22m


      106 |         
      107 |         // Add a reaction
    > 108 |         await likeButton.click();
          |                          ^
      109 |         await page.waitForTimeout(500);
      110 |         
      111 |         // Check if count badge appears
        at /Users/vahan/Herd/laravel-react-reactions/packages/truefans/laravel-react-reactions/tests/Browser/reactions.spec.js:108:26

    attachment #1: screenshot (image/png) ──────────────────────────────────────────────────────────
    test-results/reactions-Reactions-Component-should-display-reaction-counts-chromium/test-failed-1.png
    ────────────────────────────────────────────────────────────────────────────────────────────────

    Error Context: test-results/reactions-Reactions-Component-should-display-reaction-counts-chromium/error-context.md


[1A[2K[33/40] [chromium] › tests/Browser/toast-notifications.spec.js:36:5 › Toast Notifications › shows success toast when changing reaction
[1A[2K[34/40] [chromium] › tests/Browser/toast-notifications.spec.js:48:5 › Toast Notifications › shows success toast when adding comment
[1A[2K[35/40] [chromium] › tests/Browser/toast-notifications.spec.js:55:5 › Toast Notifications › shows success toast when editing comment
[1A[2K  23) [chromium] › tests/Browser/reactions.spec.js:119:5 › Reactions Component › should persist reaction after page reload 

    Error: locator.click: Error: strict mode violation: getByRole('button', { name: /like/i }) resolved to 74 elements:
        1) <button type="button" id="radix-_r_0_" data-state="closed" aria-haspopup="menu" aria-expanded="false" data-testid="reaction-button-like" class="↵                            group inline-flex items-center gap-1.5 px-3 py-1.5 rounded-md font-medium text-sm transition-all duration-200↵                            bg-gray-900 text-white hover:bg-gray-800 shadow-sm↵                            cursor-pointer hover:scale-105↵                        ">…</button> aka locator('#radix-_r_0_')
        2) <button type="button" id="radix-_r_4_" data-state="closed" aria-haspopup="menu" aria-expanded="false" data-testid="reaction-button-like" class="↵                            group inline-flex items-center gap-1.5 px-3 py-1.5 rounded-md font-medium text-sm transition-all duration-200↵                            bg-white text-gray-700 hover:bg-gray-50 border border-gray-300↵                            cursor-pointer hover:scale-105↵                        ">…</button> aka locator('#radix-_r_4_')
        3) <button type="button" id="radix-_r_b_" data-state="closed" aria-haspopup="menu" aria-expanded="false" data-testid="reaction-button-like" class="↵                            group inline-flex items-center gap-1.5 px-3 py-1.5 rounded-md font-medium text-sm transition-all duration-200↵                            bg-white text-gray-700 hover:bg-gray-50 border border-gray-300↵                            cursor-pointer hover:scale-105↵                        ">…</button> aka locator('#radix-_r_b_')
        4) <button type="button" id="radix-_r_f_" data-state="closed" aria-haspopup="menu" aria-expanded="false" data-testid="reaction-button-like" class="↵                            group inline-flex items-center gap-1.5 px-3 py-1.5 rounded-md font-medium text-sm transition-all duration-200↵                            bg-white text-gray-700 hover:bg-gray-50 border border-gray-300↵                            cursor-pointer hover:scale-105↵                        ">…</button> aka locator('#radix-_r_f_')
        5) <button type="button" id="radix-_r_p_" data-state="closed" aria-haspopup="menu" aria-expanded="false" data-testid="reaction-button-like" class="↵                            group inline-flex items-center gap-1.5 px-3 py-1.5 rounded-md font-medium text-sm transition-all duration-200↵                            bg-white text-gray-700 hover:bg-gray-50 border border-gray-300↵                            cursor-pointer hover:scale-105↵                        ">…</button> aka locator('#radix-_r_p_')
        6) <button type="button" id="radix-_r_t_" data-state="closed" aria-haspopup="menu" aria-expanded="false" data-testid="reaction-button-like" class="↵                            group inline-flex items-center gap-1.5 px-3 py-1.5 rounded-md font-medium text-sm transition-all duration-200↵                            bg-white text-gray-700 hover:bg-gray-50 border border-gray-300↵                            cursor-pointer hover:scale-105↵                        ">…</button> aka locator('#radix-_r_t_')
        7) <button type="button" id="radix-_r_17_" data-state="closed" aria-haspopup="menu" aria-expanded="false" data-testid="reaction-button-like" class="↵                            group inline-flex items-center gap-1.5 px-3 py-1.5 rounded-md font-medium text-sm transition-all duration-200↵                            bg-white text-gray-700 hover:bg-gray-50 border border-gray-300↵                            cursor-pointer hover:scale-105↵                        ">…</button> aka locator('#radix-_r_17_')
        8) <button type="button" id="radix-_r_1b_" data-state="closed" aria-haspopup="menu" aria-expanded="false" data-testid="reaction-button-like" class="↵                            group inline-flex items-center gap-1.5 px-3 py-1.5 rounded-md font-medium text-sm transition-all duration-200↵                            bg-white text-gray-700 hover:bg-gray-50 border border-gray-300↵                            cursor-pointer hover:scale-105↵                        ">…</button> aka locator('#radix-_r_1b_')
        9) <button type="button" id="radix-_r_1i_" data-state="closed" aria-haspopup="menu" aria-expanded="false" data-testid="reaction-button-like" class="↵                            group inline-flex items-center gap-1.5 px-3 py-1.5 rounded-md font-medium text-sm transition-all duration-200↵                            bg-white text-gray-700 hover:bg-gray-50 border border-gray-300↵                            cursor-pointer hover:scale-105↵                        ">…</button> aka locator('#radix-_r_1i_')
        10) <button type="button" id="radix-_r_1s_" data-state="closed" aria-haspopup="menu" aria-expanded="false" data-testid="reaction-button-like" class="↵                            group inline-flex items-center gap-1.5 px-3 py-1.5 rounded-md font-medium text-sm transition-all duration-200↵                            bg-white text-gray-700 hover:bg-gray-50 border border-gray-300↵                            cursor-pointer hover:scale-105↵                        ">…</button> aka locator('#radix-_r_1s_')
        ...

    Call log:
    [2m  - waiting for getByRole('button', { name: /like/i })[22m


      121 |         
      122 |         // Add a reaction
    > 123 |         await likeButton.click();
          |                          ^
      124 |         await page.waitForTimeout(500);
      125 |         
      126 |         // Reload the page
        at /Users/vahan/Herd/laravel-react-reactions/packages/truefans/laravel-react-reactions/tests/Browser/reactions.spec.js:123:26

    attachment #1: screenshot (image/png) ──────────────────────────────────────────────────────────
    test-results/reactions-Reactions-Compon-3e74b--reaction-after-page-reload-chromium/test-failed-1.png
    ────────────────────────────────────────────────────────────────────────────────────────────────

    Error Context: test-results/reactions-Reactions-Compon-3e74b--reaction-after-page-reload-chromium/error-context.md


[1A[2K  24) [chromium] › tests/Browser/reactions.spec.js:138:5 › Reactions Component › should handle multiple reaction types 

    Error: locator.hover: Error: strict mode violation: getByRole('button', { name: /like/i }) resolved to 74 elements:
        1) <button type="button" id="radix-_r_0_" data-state="closed" aria-haspopup="menu" aria-expanded="false" data-testid="reaction-button-like" class="↵                            group inline-flex items-center gap-1.5 px-3 py-1.5 rounded-md font-medium text-sm transition-all duration-200↵                            bg-gray-900 text-white hover:bg-gray-800 shadow-sm↵                            cursor-pointer hover:scale-105↵                        ">…</button> aka locator('#radix-_r_0_')
        2) <button type="button" id="radix-_r_4_" data-state="closed" aria-haspopup="menu" aria-expanded="false" data-testid="reaction-button-like" class="↵                            group inline-flex items-center gap-1.5 px-3 py-1.5 rounded-md font-medium text-sm transition-all duration-200↵                            bg-white text-gray-700 hover:bg-gray-50 border border-gray-300↵                            cursor-pointer hover:scale-105↵                        ">…</button> aka locator('#radix-_r_4_')
        3) <button type="button" id="radix-_r_b_" data-state="closed" aria-haspopup="menu" aria-expanded="false" data-testid="reaction-button-like" class="↵                            group inline-flex items-center gap-1.5 px-3 py-1.5 rounded-md font-medium text-sm transition-all duration-200↵                            bg-white text-gray-700 hover:bg-gray-50 border border-gray-300↵                            cursor-pointer hover:scale-105↵                        ">…</button> aka locator('#radix-_r_b_')
        4) <button type="button" id="radix-_r_f_" data-state="closed" aria-haspopup="menu" aria-expanded="false" data-testid="reaction-button-like" class="↵                            group inline-flex items-center gap-1.5 px-3 py-1.5 rounded-md font-medium text-sm transition-all duration-200↵                            bg-white text-gray-700 hover:bg-gray-50 border border-gray-300↵                            cursor-pointer hover:scale-105↵                        ">…</button> aka locator('#radix-_r_f_')
        5) <button type="button" id="radix-_r_p_" data-state="closed" aria-haspopup="menu" aria-expanded="false" data-testid="reaction-button-like" class="↵                            group inline-flex items-center gap-1.5 px-3 py-1.5 rounded-md font-medium text-sm transition-all duration-200↵                            bg-white text-gray-700 hover:bg-gray-50 border border-gray-300↵                            cursor-pointer hover:scale-105↵                        ">…</button> aka locator('#radix-_r_p_')
        6) <button type="button" id="radix-_r_t_" data-state="closed" aria-haspopup="menu" aria-expanded="false" data-testid="reaction-button-like" class="↵                            group inline-flex items-center gap-1.5 px-3 py-1.5 rounded-md font-medium text-sm transition-all duration-200↵                            bg-white text-gray-700 hover:bg-gray-50 border border-gray-300↵                            cursor-pointer hover:scale-105↵                        ">…</button> aka locator('#radix-_r_t_')
        7) <button type="button" id="radix-_r_17_" data-state="closed" aria-haspopup="menu" aria-expanded="false" data-testid="reaction-button-like" class="↵                            group inline-flex items-center gap-1.5 px-3 py-1.5 rounded-md font-medium text-sm transition-all duration-200↵                            bg-white text-gray-700 hover:bg-gray-50 border border-gray-300↵                            cursor-pointer hover:scale-105↵                        ">…</button> aka locator('#radix-_r_17_')
        8) <button type="button" id="radix-_r_1b_" data-state="closed" aria-haspopup="menu" aria-expanded="false" data-testid="reaction-button-like" class="↵                            group inline-flex items-center gap-1.5 px-3 py-1.5 rounded-md font-medium text-sm transition-all duration-200↵                            bg-white text-gray-700 hover:bg-gray-50 border border-gray-300↵                            cursor-pointer hover:scale-105↵                        ">…</button> aka locator('#radix-_r_1b_')
        9) <button type="button" id="radix-_r_1i_" data-state="closed" aria-haspopup="menu" aria-expanded="false" data-testid="reaction-button-like" class="↵                            group inline-flex items-center gap-1.5 px-3 py-1.5 rounded-md font-medium text-sm transition-all duration-200↵                            bg-white text-gray-700 hover:bg-gray-50 border border-gray-300↵                            cursor-pointer hover:scale-105↵                        ">…</button> aka locator('#radix-_r_1i_')
        10) <button type="button" id="radix-_r_1s_" data-state="closed" aria-haspopup="menu" aria-expanded="false" data-testid="reaction-button-like" class="↵                            group inline-flex items-center gap-1.5 px-3 py-1.5 rounded-md font-medium text-sm transition-all duration-200↵                            bg-white text-gray-700 hover:bg-gray-50 border border-gray-300↵                            cursor-pointer hover:scale-105↵                        ">…</button> aka locator('#radix-_r_1s_')
        ...

    Call log:
    [2m  - waiting for getByRole('button', { name: /like/i })[22m


      141 |         
      142 |         // Hover and select love
    > 143 |         await likeButton.hover();
          |                          ^
      144 |         await page.waitForTimeout(500);
      145 |         await page.locator('button:has-text("❤️")').click();
      146 |         await page.waitForTimeout(500);
        at /Users/vahan/Herd/laravel-react-reactions/packages/truefans/laravel-react-reactions/tests/Browser/reactions.spec.js:143:26

    attachment #1: screenshot (image/png) ──────────────────────────────────────────────────────────
    test-results/reactions-Reactions-Compon-1a408-dle-multiple-reaction-types-chromium/test-failed-1.png
    ────────────────────────────────────────────────────────────────────────────────────────────────

    Error Context: test-results/reactions-Reactions-Compon-1a408-dle-multiple-reaction-types-chromium/error-context.md


[1A[2K[36/40] [chromium] › tests/Browser/toast-notifications.spec.js:69:5 › Toast Notifications › shows success toast when deleting comment
[1A[2K[37/40] [chromium] › tests/Browser/toast-notifications.spec.js:82:5 › Toast Notifications › shows error toast on network failure
[1A[2K  25) [chromium] › tests/Browser/toast-notifications.spec.js:16:5 › Toast Notifications › shows success toast when adding reaction 

    Error: [2mexpect([22m[31mlocator[39m[2m).[22mtoBeVisible[2m([22m[2m)[22m failed

    Locator: locator('[data-testid="toast"]')
    Expected: visible
    Timeout: 5000ms
    Error: element(s) not found

    Call log:
    [2m  - Expect "toBeVisible" with timeout 5000ms[22m
    [2m  - waiting for locator('[data-testid="toast"]')[22m


      18 |         
      19 |         // Wait for toast to appear
    > 20 |         await expect(page.locator('[data-testid="toast"]')).toBeVisible();
         |                                                             ^
      21 |         await expect(page.locator('text=Reaction added')).toBeVisible();
      22 |     });
      23 |
        at /Users/vahan/Herd/laravel-react-reactions/packages/truefans/laravel-react-reactions/tests/Browser/toast-notifications.spec.js:20:61

    attachment #1: screenshot (image/png) ──────────────────────────────────────────────────────────
    test-results/toast-notifications-Toast--e3517--toast-when-adding-reaction-chromium/test-failed-1.png
    ────────────────────────────────────────────────────────────────────────────────────────────────

    Error Context: test-results/toast-notifications-Toast--e3517--toast-when-adding-reaction-chromium/error-context.md


[1A[2K[38/40] [chromium] › tests/Browser/toast-notifications.spec.js:91:5 › Toast Notifications › toast auto-dismisses after timeout
[1A[2K  26) [chromium] › tests/Browser/toast-notifications.spec.js:24:5 › Toast Notifications › shows success toast when removing reaction 

    Error: [2mexpect([22m[31mlocator[39m[2m).[22mtoBeVisible[2m([22m[2m)[22m failed

    Locator: locator('text=Reaction removed')
    Expected: visible
    Error: strict mode violation: locator('text=Reaction removed') resolved to 2 elements:
        1) <span class="sf-dump-str-collapse">…</span> aka getByText('{"data":"a:6:{s:6:\\"_token\\";').first()
        2) <span class="sf-dump-str" title="29 characters">Reaction removed successfully</span> aka getByText('Reaction removed successfully', { exact: true })

    Call log:
    [2m  - Expect "toBeVisible" with timeout 5000ms[22m
    [2m  - waiting for locator('text=Reaction removed')[22m


      31 |         
      32 |         // Check toast
    > 33 |         await expect(page.locator('text=Reaction removed')).toBeVisible();
         |                                                             ^
      34 |     });
      35 |
      36 |     test('shows success toast when changing reaction', async ({ page }) => {
        at /Users/vahan/Herd/laravel-react-reactions/packages/truefans/laravel-react-reactions/tests/Browser/toast-notifications.spec.js:33:61

    attachment #1: screenshot (image/png) ──────────────────────────────────────────────────────────
    test-results/toast-notifications-Toast--38c42-oast-when-removing-reaction-chromium/test-failed-1.png
    ────────────────────────────────────────────────────────────────────────────────────────────────

    Error Context: test-results/toast-notifications-Toast--38c42-oast-when-removing-reaction-chromium/error-context.md


[1A[2K[39/40] [chromium] › tests/Browser/toast-notifications.spec.js:104:5 › Toast Notifications › can manually dismiss toast
[1A[2K  27) [chromium] › tests/Browser/toast-notifications.spec.js:36:5 › Toast Notifications › shows success toast when changing reaction 

    Error: [2mexpect([22m[31mlocator[39m[2m).[22mtoBeVisible[2m([22m[2m)[22m failed

    Locator: locator('text=Reaction updated')
    Expected: visible
    Timeout: 5000ms
    Error: element(s) not found

    Call log:
    [2m  - Expect "toBeVisible" with timeout 5000ms[22m
    [2m  - waiting for locator('text=Reaction updated')[22m


      43 |         
      44 |         // Check toast
    > 45 |         await expect(page.locator('text=Reaction updated')).toBeVisible();
         |                                                             ^
      46 |     });
      47 |
      48 |     test('shows success toast when adding comment', async ({ page }) => {
        at /Users/vahan/Herd/laravel-react-reactions/packages/truefans/laravel-react-reactions/tests/Browser/toast-notifications.spec.js:45:61

    attachment #1: screenshot (image/png) ──────────────────────────────────────────────────────────
    test-results/toast-notifications-Toast--c289b-oast-when-changing-reaction-chromium/test-failed-1.png
    ────────────────────────────────────────────────────────────────────────────────────────────────

    Error Context: test-results/toast-notifications-Toast--c289b-oast-when-changing-reaction-chromium/error-context.md


[1A[2K[40/40] [chromium] › tests/Browser/toast-notifications.spec.js:115:5 › Toast Notifications › multiple toasts stack correctly
[1A[2K  28) [chromium] › tests/Browser/reactions-modal.spec.js:46:5 › ReactionsModal › filters users by reaction type when clicking tab 

    [31mTest timeout of 30000ms exceeded.[39m

    Error: page.click: Test timeout of 30000ms exceeded.
    Call log:
    [2m  - waiting for locator('[data-testid="reaction-tab-like"]')[22m


      53 |         
      54 |         // Click on specific reaction tab
    > 55 |         await page.click('[data-testid="reaction-tab-like"]');
         |                    ^
      56 |         
      57 |         // Should show filtered users
      58 |         await expect(page.locator('[data-testid="user-reaction-item"]')).toBeVisible();
        at /Users/vahan/Herd/laravel-react-reactions/packages/truefans/laravel-react-reactions/tests/Browser/reactions-modal.spec.js:55:20

    attachment #1: screenshot (image/png) ──────────────────────────────────────────────────────────
    test-results/reactions-modal-ReactionsM-04613-tion-type-when-clicking-tab-chromium/test-failed-1.png
    ────────────────────────────────────────────────────────────────────────────────────────────────

    Error Context: test-results/reactions-modal-ReactionsM-04613-tion-type-when-clicking-tab-chromium/error-context.md


[1A[2K  29) [chromium] › tests/Browser/toast-notifications.spec.js:82:5 › Toast Notifications › shows error toast on network failure 

    Error: [2mexpect([22m[31mlocator[39m[2m).[22mtoBeVisible[2m([22m[2m)[22m failed

    Locator: locator('[data-testid="toast-error"]')
    Expected: visible
    Timeout: 5000ms
    Error: element(s) not found

    Call log:
    [2m  - Expect "toBeVisible" with timeout 5000ms[22m
    [2m  - waiting for locator('[data-testid="toast-error"]')[22m


      86 |         await page.click('[data-testid="reaction-button-like"]');
      87 |         
    > 88 |         await expect(page.locator('[data-testid="toast-error"]')).toBeVisible();
         |                                                                   ^
      89 |     });
      90 |
      91 |     test('toast auto-dismisses after timeout', async ({ page }) => {
        at /Users/vahan/Herd/laravel-react-reactions/packages/truefans/laravel-react-reactions/tests/Browser/toast-notifications.spec.js:88:67

    attachment #1: screenshot (image/png) ──────────────────────────────────────────────────────────
    test-results/toast-notifications-Toast--120c9-or-toast-on-network-failure-chromium/test-failed-1.png
    ────────────────────────────────────────────────────────────────────────────────────────────────

    Error Context: test-results/toast-notifications-Toast--120c9-or-toast-on-network-failure-chromium/error-context.md


[1A[2K  30) [chromium] › tests/Browser/toast-notifications.spec.js:91:5 › Toast Notifications › toast auto-dismisses after timeout 

    Error: [2mexpect([22m[31mlocator[39m[2m).[22mtoBeVisible[2m([22m[2m)[22m failed

    Locator: locator('[data-testid="toast"]')
    Expected: visible
    Timeout: 5000ms
    Error: element(s) not found

    Call log:
    [2m  - Expect "toBeVisible" with timeout 5000ms[22m
    [2m  - waiting for locator('[data-testid="toast"]')[22m


      93 |         
      94 |         // Toast should be visible
    > 95 |         await expect(page.locator('[data-testid="toast"]')).toBeVisible();
         |                                                             ^
      96 |         
      97 |         // Wait for auto-dismiss (usually 3-5 seconds)
      98 |         await page.waitForTimeout(6000);
        at /Users/vahan/Herd/laravel-react-reactions/packages/truefans/laravel-react-reactions/tests/Browser/toast-notifications.spec.js:95:61

    attachment #1: screenshot (image/png) ──────────────────────────────────────────────────────────
    test-results/toast-notifications-Toast--c4764-uto-dismisses-after-timeout-chromium/test-failed-1.png
    ────────────────────────────────────────────────────────────────────────────────────────────────

    Error Context: test-results/toast-notifications-Toast--c4764-uto-dismisses-after-timeout-chromium/error-context.md


[1A[2K  31) [chromium] › tests/Browser/toast-notifications.spec.js:104:5 › Toast Notifications › can manually dismiss toast 

    Error: [2mexpect([22m[31mlocator[39m[2m).[22mtoBeVisible[2m([22m[2m)[22m failed

    Locator: locator('[data-testid="toast"]')
    Expected: visible
    Timeout: 5000ms
    Error: element(s) not found

    Call log:
    [2m  - Expect "toBeVisible" with timeout 5000ms[22m
    [2m  - waiting for locator('[data-testid="toast"]')[22m


      105 |         await page.click('[data-testid="reaction-button-like"]');
      106 |         
    > 107 |         await expect(page.locator('[data-testid="toast"]')).toBeVisible();
          |                                                             ^
      108 |         
      109 |         // Click dismiss button
      110 |         await page.click('[data-testid="toast-close"]');
        at /Users/vahan/Herd/laravel-react-reactions/packages/truefans/laravel-react-reactions/tests/Browser/toast-notifications.spec.js:107:61

    attachment #1: screenshot (image/png) ──────────────────────────────────────────────────────────
    test-results/toast-notifications-Toast--54efe--can-manually-dismiss-toast-chromium/test-failed-1.png
    ────────────────────────────────────────────────────────────────────────────────────────────────

    Error Context: test-results/toast-notifications-Toast--54efe--can-manually-dismiss-toast-chromium/error-context.md


[1A[2K  32) [chromium] › tests/Browser/toast-notifications.spec.js:115:5 › Toast Notifications › multiple toasts stack correctly 

    Error: [2mexpect([22m[31mlocator[39m[2m).[22mtoHaveCount[2m([22m[32mexpected[39m[2m)[22m failed

    Locator:  locator('[data-testid="toast"]')
    Expected: [32m2[39m
    Received: [31m0[39m
    Timeout:  5000ms

    Call log:
    [2m  - Expect "toHaveCount" with timeout 5000ms[22m
    [2m  - waiting for locator('[data-testid="toast"]')[22m
    [2m    8 × locator resolved to 0 elements[22m
    [2m      - unexpected value "0"[22m


      121 |         // Should show multiple toasts or queue them
      122 |         const toasts = page.locator('[data-testid="toast"]');
    > 123 |         await expect(toasts).toHaveCount(2);
          |                              ^
      124 |     });
      125 | });
      126 |
        at /Users/vahan/Herd/laravel-react-reactions/packages/truefans/laravel-react-reactions/tests/Browser/toast-notifications.spec.js:123:30

    attachment #1: screenshot (image/png) ──────────────────────────────────────────────────────────
    test-results/toast-notifications-Toast--6d67b-iple-toasts-stack-correctly-chromium/test-failed-1.png
    ────────────────────────────────────────────────────────────────────────────────────────────────

    Error Context: test-results/toast-notifications-Toast--6d67b-iple-toasts-stack-correctly-chromium/error-context.md


[1A[2K  33) [chromium] › tests/Browser/toast-notifications.spec.js:48:5 › Toast Notifications › shows success toast when adding comment 

    [31mTest timeout of 30000ms exceeded.[39m

    Error: page.fill: Test timeout of 30000ms exceeded.
    Call log:
    [2m  - waiting for locator('[data-testid="comment-input"]')[22m


      47 |
      48 |     test('shows success toast when adding comment', async ({ page }) => {
    > 49 |         await page.fill('[data-testid="comment-input"]', 'Test comment');
         |                    ^
      50 |         await page.click('[data-testid="submit-comment"]');
      51 |         
      52 |         await expect(page.locator('text=Comment added')).toBeVisible();
        at /Users/vahan/Herd/laravel-react-reactions/packages/truefans/laravel-react-reactions/tests/Browser/toast-notifications.spec.js:49:20

    attachment #1: screenshot (image/png) ──────────────────────────────────────────────────────────
    test-results/toast-notifications-Toast--5cdca-s-toast-when-adding-comment-chromium/test-failed-1.png
    ────────────────────────────────────────────────────────────────────────────────────────────────

    Error Context: test-results/toast-notifications-Toast--5cdca-s-toast-when-adding-comment-chromium/error-context.md


[1A[2K  34) [chromium] › tests/Browser/toast-notifications.spec.js:55:5 › Toast Notifications › shows success toast when editing comment 

    [31mTest timeout of 30000ms exceeded.[39m

    Error: page.fill: Test timeout of 30000ms exceeded.
    Call log:
    [2m  - waiting for locator('[data-testid="comment-input"]')[22m


      55 |     test('shows success toast when editing comment', async ({ page }) => {
      56 |         // Add comment first
    > 57 |         await page.fill('[data-testid="comment-input"]', 'Original comment');
         |                    ^
      58 |         await page.click('[data-testid="submit-comment"]');
      59 |         await page.waitForTimeout(500);
      60 |         
        at /Users/vahan/Herd/laravel-react-reactions/packages/truefans/laravel-react-reactions/tests/Browser/toast-notifications.spec.js:57:20

    attachment #1: screenshot (image/png) ──────────────────────────────────────────────────────────
    test-results/toast-notifications-Toast--064da--toast-when-editing-comment-chromium/test-failed-1.png
    ────────────────────────────────────────────────────────────────────────────────────────────────

    Error Context: test-results/toast-notifications-Toast--064da--toast-when-editing-comment-chromium/error-context.md


[1A[2K  35) [chromium] › tests/Browser/toast-notifications.spec.js:69:5 › Toast Notifications › shows success toast when deleting comment 

    [31mTest timeout of 30000ms exceeded.[39m

    Error: page.fill: Test timeout of 30000ms exceeded.
    Call log:
    [2m  - waiting for locator('[data-testid="comment-input"]')[22m


      69 |     test('shows success toast when deleting comment', async ({ page }) => {
      70 |         // Add comment first
    > 71 |         await page.fill('[data-testid="comment-input"]', 'Test comment');
         |                    ^
      72 |         await page.click('[data-testid="submit-comment"]');
      73 |         await page.waitForTimeout(500);
      74 |         
        at /Users/vahan/Herd/laravel-react-reactions/packages/truefans/laravel-react-reactions/tests/Browser/toast-notifications.spec.js:71:20

    attachment #1: screenshot (image/png) ──────────────────────────────────────────────────────────
    test-results/toast-notifications-Toast--f3ab9-toast-when-deleting-comment-chromium/test-failed-1.png
    ────────────────────────────────────────────────────────────────────────────────────────────────

    Error Context: test-results/toast-notifications-Toast--f3ab9-toast-when-deleting-comment-chromium/error-context.md


[1A[2K  35 failed
    [chromium] › tests/Browser/comments.spec.js:13:5 › Comments System › can view comments section ─
    [chromium] › tests/Browser/comments.spec.js:26:5 › Comments System › can add a new comment ─────
    [chromium] › tests/Browser/comments.spec.js:63:5 › Comments System › can edit a comment ────────
    [chromium] › tests/Browser/comments.spec.js:106:5 › Comments System › can reply to a comment ───
    [chromium] › tests/Browser/comments.spec.js:138:5 › Comments System › can delete a comment ─────
    [chromium] › tests/Browser/comments.spec.js:177:5 › Comments System › can react to a comment ───
    [chromium] › tests/Browser/comments.spec.js:214:5 › Comments System › shows validation error for empty comment 
    [chromium] › tests/Browser/comments.spec.js:232:5 › Comments System › can cancel comment editing 
    [chromium] › tests/Browser/comments.spec.js:254:5 › Comments System › displays user avatars and names 
    [chromium] › tests/Browser/integration.spec.js:16:5 › Reactions and Comments Integration › can react to comments 
    [chromium] › tests/Browser/integration.spec.js:29:5 › Reactions and Comments Integration › comment reactions update independently from post reactions 
    [chromium] › tests/Browser/reactions-modal.spec.js:16:5 › ReactionsModal › opens modal when clicking reaction count 
    [chromium] › tests/Browser/reactions-modal.spec.js:29:5 › ReactionsModal › displays tabs for different reaction types 
    [chromium] › tests/Browser/reactions-modal.spec.js:46:5 › ReactionsModal › filters users by reaction type when clicking tab 
    [chromium] › tests/Browser/reactions-modal.spec.js:61:5 › ReactionsModal › shows user name and reaction type in list 
    [chromium] › tests/Browser/reactions-modal.spec.js:74:5 › ReactionsModal › closes modal when clicking close button 
    [chromium] › tests/Browser/reactions-modal.spec.js:88:5 › ReactionsModal › closes modal when clicking outside 
    [chromium] › tests/Browser/reactions.spec.js:23:5 › Reactions Component › should display the Like button 
    [chromium] › tests/Browser/reactions.spec.js:31:5 › Reactions Component › should show reaction picker on hover 
    [chromium] › tests/Browser/reactions.spec.js:50:5 › Reactions Component › should add a reaction when clicked 
    [chromium] › tests/Browser/reactions.spec.js:66:5 › Reactions Component › should change reaction type 
    [chromium] › tests/Browser/reactions.spec.js:86:5 › Reactions Component › should remove reaction when clicking same type 
    [chromium] › tests/Browser/reactions.spec.js:104:5 › Reactions Component › should display reaction counts 
    [chromium] › tests/Browser/reactions.spec.js:119:5 › Reactions Component › should persist reaction after page reload 
    [chromium] › tests/Browser/reactions.spec.js:138:5 › Reactions Component › should handle multiple reaction types 
    [chromium] › tests/Browser/toast-notifications.spec.js:16:5 › Toast Notifications › shows success toast when adding reaction 
    [chromium] › tests/Browser/toast-notifications.spec.js:24:5 › Toast Notifications › shows success toast when removing reaction 
    [chromium] › tests/Browser/toast-notifications.spec.js:36:5 › Toast Notifications › shows success toast when changing reaction 
    [chromium] › tests/Browser/toast-notifications.spec.js:48:5 › Toast Notifications › shows success toast when adding comment 
    [chromium] › tests/Browser/toast-notifications.spec.js:55:5 › Toast Notifications › shows success toast when editing comment 
    [chromium] › tests/Browser/toast-notifications.spec.js:69:5 › Toast Notifications › shows success toast when deleting comment 
    [chromium] › tests/Browser/toast-notifications.spec.js:82:5 › Toast Notifications › shows error toast on network failure 
    [chromium] › tests/Browser/toast-notifications.spec.js:91:5 › Toast Notifications › toast auto-dismisses after timeout 
    [chromium] › tests/Browser/toast-notifications.spec.js:104:5 › Toast Notifications › can manually dismiss toast 
    [chromium] › tests/Browser/toast-notifications.spec.js:115:5 › Toast Notifications › multiple toasts stack correctly 
  2 skipped
  3 passed (1.4m)

[36m  Serving HTML report at http://localhost:53636. Press Ctrl+C to quit.[39m
